66.77390718460083
[(0, 3.5762786865234375e-06)]
[(0, 3.5762786865234375e-06), (5000, 1.5270254611968994)]
[(0, 3.5762786865234375e-06), (5000, 1.5270254611968994), (10000, 2.936424970626831)]
[(0, 3.5762786865234375e-06), (5000, 1.5270254611968994), (10000, 2.936424970626831), (15000, 4.582602262496948)]
[(0, 3.5762786865234375e-06), (5000, 1.5270254611968994), (10000, 2.936424970626831), (15000, 4.582602262496948), (20000, 6.24249005317688)]
[(0, 3.5762786865234375e-06), (5000, 1.5270254611968994), (10000, 2.936424970626831), (15000, 4.582602262496948), (20000, 6.24249005317688), (25000, 7.734432697296143)]
[(0, 3.5762786865234375e-06), (5000, 1.5270254611968994), (10000, 2.936424970626831), (15000, 4.582602262496948), (20000, 6.24249005317688), (25000, 7.734432697296143), (30000, 126.83992123603821)]
[(0, 3.5762786865234375e-06), (5000, 1.5270254611968994), (10000, 2.936424970626831), (15000, 4.582602262496948), (20000, 6.24249005317688), (25000, 7.734432697296143), (30000, 126.83992123603821), (35000, 241.0231854915619)]
[(0, 3.5762786865234375e-06), (5000, 1.5270254611968994), (10000, 2.936424970626831), (15000, 4.582602262496948), (20000, 6.24249005317688), (25000, 7.734432697296143), (30000, 126.83992123603821), (35000, 241.0231854915619), (40000, 358.5132772922516)]
[(0, 3.5762786865234375e-06), (5000, 1.5270254611968994), (10000, 2.936424970626831), (15000, 4.582602262496948), (20000, 6.24249005317688), (25000, 7.734432697296143), (30000, 126.83992123603821), (35000, 241.0231854915619), (40000, 358.5132772922516), (45000, 472.94425797462463)]
[(0, 3.5762786865234375e-06), (5000, 1.5270254611968994), (10000, 2.936424970626831), (15000, 4.582602262496948), (20000, 6.24249005317688), (25000, 7.734432697296143), (30000, 126.83992123603821), (35000, 241.0231854915619), (40000, 358.5132772922516), (45000, 472.94425797462463), (50000, 591.5286831855774)]
[(0, 3.5762786865234375e-06), (5000, 1.5270254611968994), (10000, 2.936424970626831), (15000, 4.582602262496948), (20000, 6.24249005317688), (25000, 7.734432697296143), (30000, 126.83992123603821), (35000, 241.0231854915619), (40000, 358.5132772922516), (45000, 472.94425797462463), (50000, 591.5286831855774), (55000, 705.1397230625153)]
[(0, 3.5762786865234375e-06), (5000, 1.5270254611968994), (10000, 2.936424970626831), (15000, 4.582602262496948), (20000, 6.24249005317688), (25000, 7.734432697296143), (30000, 126.83992123603821), (35000, 241.0231854915619), (40000, 358.5132772922516), (45000, 472.94425797462463), (50000, 591.5286831855774), (55000, 705.1397230625153), (60000, 823.4017539024353)]
[(0, 3.5762786865234375e-06), (5000, 1.5270254611968994), (10000, 2.936424970626831), (15000, 4.582602262496948), (20000, 6.24249005317688), (25000, 7.734432697296143), (30000, 126.83992123603821), (35000, 241.0231854915619), (40000, 358.5132772922516), (45000, 472.94425797462463), (50000, 591.5286831855774), (55000, 705.1397230625153), (60000, 823.4017539024353), (65000, 942.1887364387512)]
[(0, 3.5762786865234375e-06), (5000, 1.5270254611968994), (10000, 2.936424970626831), (15000, 4.582602262496948), (20000, 6.24249005317688), (25000, 7.734432697296143), (30000, 126.83992123603821), (35000, 241.0231854915619), (40000, 358.5132772922516), (45000, 472.94425797462463), (50000, 591.5286831855774), (55000, 705.1397230625153), (60000, 823.4017539024353), (65000, 942.1887364387512), (70000, 1061.0081646442413)]
[(0, 3.5762786865234375e-06), (5000, 1.5270254611968994), (10000, 2.936424970626831), (15000, 4.582602262496948), (20000, 6.24249005317688), (25000, 7.734432697296143), (30000, 126.83992123603821), (35000, 241.0231854915619), (40000, 358.5132772922516), (45000, 472.94425797462463), (50000, 591.5286831855774), (55000, 705.1397230625153), (60000, 823.4017539024353), (65000, 942.1887364387512), (70000, 1061.0081646442413), (75000, 1181.8595247268677)]
[(0, 3.5762786865234375e-06), (5000, 1.5270254611968994), (10000, 2.936424970626831), (15000, 4.582602262496948), (20000, 6.24249005317688), (25000, 7.734432697296143), (30000, 126.83992123603821), (35000, 241.0231854915619), (40000, 358.5132772922516), (45000, 472.94425797462463), (50000, 591.5286831855774), (55000, 705.1397230625153), (60000, 823.4017539024353), (65000, 942.1887364387512), (70000, 1061.0081646442413), (75000, 1181.8595247268677), (80000, 1300.7912876605988)]
[(0, 3.5762786865234375e-06), (5000, 1.5270254611968994), (10000, 2.936424970626831), (15000, 4.582602262496948), (20000, 6.24249005317688), (25000, 7.734432697296143), (30000, 126.83992123603821), (35000, 241.0231854915619), (40000, 358.5132772922516), (45000, 472.94425797462463), (50000, 591.5286831855774), (55000, 705.1397230625153), (60000, 823.4017539024353), (65000, 942.1887364387512), (70000, 1061.0081646442413), (75000, 1181.8595247268677), (80000, 1300.7912876605988), (85000, 1420.4075014591217)]
[(0, 3.5762786865234375e-06), (5000, 1.5270254611968994), (10000, 2.936424970626831), (15000, 4.582602262496948), (20000, 6.24249005317688), (25000, 7.734432697296143), (30000, 126.83992123603821), (35000, 241.0231854915619), (40000, 358.5132772922516), (45000, 472.94425797462463), (50000, 591.5286831855774), (55000, 705.1397230625153), (60000, 823.4017539024353), (65000, 942.1887364387512), (70000, 1061.0081646442413), (75000, 1181.8595247268677), (80000, 1300.7912876605988), (85000, 1420.4075014591217), (90000, 1539.5646374225616)]
[(0, 3.5762786865234375e-06), (5000, 1.5270254611968994), (10000, 2.936424970626831), (15000, 4.582602262496948), (20000, 6.24249005317688), (25000, 7.734432697296143), (30000, 126.83992123603821), (35000, 241.0231854915619), (40000, 358.5132772922516), (45000, 472.94425797462463), (50000, 591.5286831855774), (55000, 705.1397230625153), (60000, 823.4017539024353), (65000, 942.1887364387512), (70000, 1061.0081646442413), (75000, 1181.8595247268677), (80000, 1300.7912876605988), (85000, 1420.4075014591217), (90000, 1539.5646374225616), (95000, 1657.832869052887)]
[(0, 3.5762786865234375e-06), (5000, 1.5270254611968994), (10000, 2.936424970626831), (15000, 4.582602262496948), (20000, 6.24249005317688), (25000, 7.734432697296143), (30000, 126.83992123603821), (35000, 241.0231854915619), (40000, 358.5132772922516), (45000, 472.94425797462463), (50000, 591.5286831855774), (55000, 705.1397230625153), (60000, 823.4017539024353), (65000, 942.1887364387512), (70000, 1061.0081646442413), (75000, 1181.8595247268677), (80000, 1300.7912876605988), (85000, 1420.4075014591217), (90000, 1539.5646374225616), (95000, 1657.832869052887), (100000, 1772.0961928367615)]
[(0, 3.5762786865234375e-06), (5000, 1.5270254611968994), (10000, 2.936424970626831), (15000, 4.582602262496948), (20000, 6.24249005317688), (25000, 7.734432697296143), (30000, 126.83992123603821), (35000, 241.0231854915619), (40000, 358.5132772922516), (45000, 472.94425797462463), (50000, 591.5286831855774), (55000, 705.1397230625153), (60000, 823.4017539024353), (65000, 942.1887364387512), (70000, 1061.0081646442413), (75000, 1181.8595247268677), (80000, 1300.7912876605988), (85000, 1420.4075014591217), (90000, 1539.5646374225616), (95000, 1657.832869052887), (100000, 1772.0961928367615), (105000, 1885.434317111969)]
[0;31m---------------------------------------------------------------------------[0m
[0;31mTypeError[0m                                 Traceback (most recent call last)
[0;32m~/xhan/project/paper/streamHC/code/StreamHC/Code/test/testINode.py[0m in [0;36m<module>[0;34m[0m
[1;32m    206[0m     [0;32mfor[0m [0mi[0m [0;32min[0m [0mrange[0m[0;34m([0m[0mshuffle_times[0m[0;34m)[0m[0;34m:[0m[0;34m[0m[0;34m[0m[0m
[1;32m    207[0m         [0mnp[0m[0;34m.[0m[0mrandom[0m[0;34m.[0m[0mshuffle[0m[0;34m([0m[0mdataset[0m[0;34m)[0m[0;34m[0m[0;34m[0m[0m
[0;32m--> 208[0;31m         grid_search_inode(dataset=dataset, n=n, t=t, psi=psi, rates=rates,
[0m[1;32m    209[0m                           file_name=file_name, exp_dir_base=exp_dir_base_inode, shuffle_index=i)

[0;32m~/xhan/project/paper/streamHC/code/StreamHC/Code/test/testINode.py[0m in [0;36mgrid_search_inode[0;34m(dataset, psi, t, n, rates, file_name, exp_dir_base, shuffle_index)[0m
[1;32m    156[0m             [0;31m#pu_ets = time.time()[0m[0;34m[0m[0;34m[0m[0;34m[0m[0m
[1;32m    157[0m             [0;31m#print("time of calcute purity: %s" % (pu_ets-pu_sts))[0m[0;34m[0m[0;34m[0m[0;34m[0m[0m
[0;32m--> 158[0;31m             [0;32mif[0m [0mdendrogram_purity[0m [0;34m>[0m [0mpurity[0m[0;34m:[0m[0;34m[0m[0;34m[0m[0m
[0m[1;32m    159[0m                 [0mmax_ps[0m [0;34m=[0m [0mps[0m[0;34m[0m[0;34m[0m[0m
[1;32m    160[0m                 [0mmax_rt[0m [0;34m=[0m [0mrt[0m[0;34m[0m[0;34m[0m[0m

[0;31mTypeError[0m: '>' not supported between instances of 'function' and 'int'
[(0, 8.368492126464844e-05), (5000, 9.286324739456177), (10000, 20.21441125869751), (15000, 32.917845487594604), (20000, 46.05353116989136), (25000, 59.83848428726196), (30000, 74.72880792617798), (35000, 89.97867631912231), (40000, 106.00811958312988), (45000, 121.62940692901611), (50000, 137.8475730419159), (55000, 155.23618340492249), (60000, 172.33817529678345), (65000, 189.17530298233032), (70000, 207.08376216888428), (75000, 224.41408348083496), (80000, 241.9029459953308), (85000, 259.6289978027344), (90000, 278.16202187538147), (95000, 296.1488268375397), (100000, 314.37391996383667), (105000, 332.89074063301086)]
66.4912793636322
delete time:0.0004980564117431641
delete time:2.2172927856445312e-05
delete time:2.1219253540039062e-05
delete time:2.5510787963867188e-05
delete time:1.4781951904296875e-05
delete time:2.0503997802734375e-05
delete time:1.3828277587890625e-05
delete time:2.9802322387695312e-05
delete time:2.1219253540039062e-05
delete time:2.4080276489257812e-05
delete time:3.790855407714844e-05
delete time:1.8358230590820312e-05
delete time:2.6464462280273438e-05
delete time:2.574920654296875e-05
delete time:2.288818359375e-05
delete time:2.4080276489257812e-05
delete time:2.6226043701171875e-05
delete time:2.2172927856445312e-05
delete time:1.430511474609375e-05
delete time:2.0742416381835938e-05
delete time:3.5762786865234375e-05
delete time:1.6450881958007812e-05
delete time:1.5974044799804688e-05
delete time:2.574920654296875e-05
delete time:2.2411346435546875e-05
delete time:2.288818359375e-05
delete time:1.0967254638671875e-05
delete time:1.811981201171875e-05
delete time:1.8596649169921875e-05
delete time:1.9550323486328125e-05
delete time:2.5987625122070312e-05
delete time:2.1457672119140625e-05
delete time:2.4318695068359375e-05
delete time:2.0503997802734375e-05
delete time:1.5020370483398438e-05
delete time:2.2172927856445312e-05
delete time:1.6927719116210938e-05
delete time:1.9788742065429688e-05
delete time:2.7179718017578125e-05
delete time:1.33514404296875e-05
delete time:2.3126602172851562e-05
delete time:1.33514404296875e-05
delete time:2.288818359375e-05
delete time:1.8596649169921875e-05
delete time:2.09808349609375e-05
delete time:1.8358230590820312e-05
delete time:1.5735626220703125e-05
delete time:1.4781951904296875e-05
delete time:2.765655517578125e-05
delete time:1.239776611328125e-05
delete time:1.52587890625e-05
delete time:2.7894973754882812e-05
delete time:1.4543533325195312e-05
delete time:1.5974044799804688e-05
delete time:2.3603439331054688e-05
delete time:2.86102294921875e-05
delete time:1.5735626220703125e-05
delete time:2.1696090698242188e-05
delete time:1.5497207641601562e-05
delete time:2.1696090698242188e-05
delete time:2.0742416381835938e-05
delete time:2.956390380859375e-05
delete time:1.4543533325195312e-05
delete time:1.9311904907226562e-05
delete time:1.8358230590820312e-05
delete time:2.4557113647460938e-05
delete time:2.2172927856445312e-05
delete time:1.8358230590820312e-05
delete time:1.7642974853515625e-05
delete time:1.8358230590820312e-05
delete time:1.9550323486328125e-05
delete time:3.0994415283203125e-05
delete time:2.4557113647460938e-05
delete time:2.0503997802734375e-05
delete time:2.5272369384765625e-05
delete time:1.8835067749023438e-05
delete time:2.0503997802734375e-05
delete time:1.5974044799804688e-05
delete time:1.9311904907226562e-05
delete time:2.4318695068359375e-05
delete time:2.193450927734375e-05
delete time:1.8358230590820312e-05
delete time:2.384185791015625e-05
delete time:1.5497207641601562e-05
delete time:2.384185791015625e-05
delete time:1.5974044799804688e-05
delete time:2.5033950805664062e-05
delete time:2.1219253540039062e-05
delete time:1.8835067749023438e-05
delete time:2.0265579223632812e-05
delete time:1.9550323486328125e-05
delete time:1.7404556274414062e-05
delete time:2.09808349609375e-05
delete time:3.719329833984375e-05
delete time:2.0742416381835938e-05
delete time:1.9788742065429688e-05
delete time:1.8835067749023438e-05
delete time:2.2649765014648438e-05
delete time:2.6464462280273438e-05
delete time:2.0503997802734375e-05
delete time:2.6702880859375e-05
delete time:1.9550323486328125e-05
delete time:2.0742416381835938e-05
delete time:1.3828277587890625e-05
delete time:1.71661376953125e-05
delete time:1.71661376953125e-05
delete time:2.288818359375e-05
delete time:2.47955322265625e-05
delete time:1.7642974853515625e-05
delete time:1.4781951904296875e-05
delete time:1.8596649169921875e-05
delete time:1.71661376953125e-05
delete time:1.7881393432617188e-05
delete time:1.9788742065429688e-05
delete time:2.5510787963867188e-05
delete time:2.574920654296875e-05
delete time:2.193450927734375e-05
delete time:1.5974044799804688e-05
delete time:1.52587890625e-05
delete time:2.2649765014648438e-05
delete time:2.002716064453125e-05
delete time:1.5974044799804688e-05
delete time:1.7881393432617188e-05
delete time:1.8835067749023438e-05
delete time:2.4080276489257812e-05
delete time:1.7881393432617188e-05
delete time:1.7642974853515625e-05
delete time:1.52587890625e-05
delete time:1.9311904907226562e-05
delete time:1.8835067749023438e-05
delete time:1.8835067749023438e-05
delete time:1.9073486328125e-05
delete time:1.9788742065429688e-05
delete time:2.0742416381835938e-05
delete time:2.3365020751953125e-05
delete time:1.7404556274414062e-05
delete time:7.534027099609375e-05
delete time:1.1920928955078125e-05
delete time:2.193450927734375e-05
delete time:1.9550323486328125e-05
delete time:1.6927719116210938e-05
delete time:3.6716461181640625e-05
delete time:2.5510787963867188e-05
delete time:1.9073486328125e-05
delete time:1.9073486328125e-05
delete time:3.528594970703125e-05
delete time:2.384185791015625e-05
delete time:1.4781951904296875e-05
delete time:2.288818359375e-05
delete time:1.7881393432617188e-05
delete time:1.9550323486328125e-05
delete time:1.7881393432617188e-05
delete time:1.9788742065429688e-05
delete time:1.811981201171875e-05
delete time:2.2172927856445312e-05
delete time:1.4781951904296875e-05
delete time:1.430511474609375e-05
delete time:2.5033950805664062e-05
delete time:2.193450927734375e-05
delete time:1.6927719116210938e-05
delete time:2.7894973754882812e-05
delete time:2.193450927734375e-05
delete time:2.2411346435546875e-05
delete time:1.5735626220703125e-05
delete time:1.6927719116210938e-05
delete time:1.71661376953125e-05
delete time:2.2172927856445312e-05
delete time:2.4080276489257812e-05
delete time:1.7881393432617188e-05
delete time:2.09808349609375e-05
delete time:2.5510787963867188e-05
delete time:1.5497207641601562e-05
delete time:2.3603439331054688e-05
delete time:1.4781951904296875e-05
delete time:1.4781951904296875e-05
delete time:1.9788742065429688e-05
delete time:1.7642974853515625e-05
delete time:2.4557113647460938e-05
delete time:1.6450881958007812e-05
delete time:2.1457672119140625e-05
delete time:2.4318695068359375e-05
delete time:2.765655517578125e-05
delete time:1.6689300537109375e-05
delete time:1.7642974853515625e-05
delete time:1.9788742065429688e-05
delete time:2.384185791015625e-05
delete time:2.1219253540039062e-05
delete time:2.4557113647460938e-05
delete time:2.384185791015625e-05
delete time:2.1696090698242188e-05
delete time:2.86102294921875e-05
delete time:1.7642974853515625e-05
delete time:2.4557113647460938e-05
delete time:1.7642974853515625e-05
delete time:1.9788742065429688e-05
delete time:1.7404556274414062e-05
delete time:1.9311904907226562e-05
delete time:1.621246337890625e-05
delete time:2.5033950805664062e-05
delete time:2.2649765014648438e-05
delete time:2.7179718017578125e-05
delete time:1.7642974853515625e-05
delete time:2.3603439331054688e-05
delete time:2.2411346435546875e-05
delete time:1.7404556274414062e-05
delete time:2.193450927734375e-05
delete time:2.5272369384765625e-05
delete time:1.7881393432617188e-05
delete time:1.9550323486328125e-05
delete time:1.5497207641601562e-05
delete time:1.5974044799804688e-05
delete time:2.9802322387695312e-05
delete time:2.1457672119140625e-05
delete time:1.7642974853515625e-05
delete time:2.288818359375e-05
delete time:3.0517578125e-05
delete time:1.9073486328125e-05
delete time:2.193450927734375e-05
delete time:2.1457672119140625e-05
delete time:2.288818359375e-05
delete time:2.384185791015625e-05
delete time:1.6450881958007812e-05
delete time:2.5987625122070312e-05
delete time:2.2172927856445312e-05
delete time:1.6927719116210938e-05
delete time:2.6226043701171875e-05
delete time:2.574920654296875e-05
delete time:2.09808349609375e-05
delete time:1.5974044799804688e-05
delete time:2.4318695068359375e-05
delete time:2.4557113647460938e-05
delete time:2.2649765014648438e-05
delete time:2.5033950805664062e-05
delete time:2.2411346435546875e-05
delete time:2.193450927734375e-05
delete time:1.4781951904296875e-05
delete time:2.6941299438476562e-05
delete time:2.2649765014648438e-05
delete time:1.5497207641601562e-05
delete time:1.9788742065429688e-05
delete time:2.3126602172851562e-05
delete time:2.2172927856445312e-05
delete time:2.956390380859375e-05
delete time:2.9087066650390625e-05
delete time:2.2649765014648438e-05
delete time:2.288818359375e-05
delete time:2.193450927734375e-05
delete time:1.5735626220703125e-05
delete time:2.9325485229492188e-05
delete time:2.0742416381835938e-05
delete time:1.8835067749023438e-05
delete time:2.4080276489257812e-05
delete time:2.7418136596679688e-05
delete time:2.6226043701171875e-05
delete time:2.3126602172851562e-05
delete time:1.9788742065429688e-05
delete time:2.6702880859375e-05
delete time:2.2172927856445312e-05
delete time:2.002716064453125e-05
delete time:2.5033950805664062e-05
delete time:1.5497207641601562e-05
delete time:2.1219253540039062e-05
delete time:2.3126602172851562e-05
delete time:2.1457672119140625e-05
delete time:1.6450881958007812e-05
delete time:1.6927719116210938e-05
delete time:1.7642974853515625e-05
delete time:1.6450881958007812e-05
delete time:1.7404556274414062e-05
delete time:1.6927719116210938e-05
delete time:1.5497207641601562e-05
delete time:1.52587890625e-05
delete time:1.6927719116210938e-05
delete time:2.1696090698242188e-05
delete time:2.4318695068359375e-05
delete time:1.6927719116210938e-05
delete time:2.1457672119140625e-05
delete time:1.5020370483398438e-05
delete time:1.7642974853515625e-05
delete time:2.8848648071289062e-05
delete time:1.811981201171875e-05
delete time:2.2649765014648438e-05
delete time:2.5987625122070312e-05
delete time:1.5974044799804688e-05
delete time:1.8835067749023438e-05
delete time:2.0503997802734375e-05
delete time:2.6702880859375e-05
delete time:2.2172927856445312e-05
delete time:1.5735626220703125e-05
delete time:2.3126602172851562e-05
delete time:2.2172927856445312e-05
delete time:1.811981201171875e-05
delete time:2.2649765014648438e-05
delete time:1.9788742065429688e-05
delete time:1.8835067749023438e-05
delete time:2.0742416381835938e-05
delete time:2.3603439331054688e-05
delete time:2.0265579223632812e-05
delete time:1.9550323486328125e-05
delete time:1.8835067749023438e-05
delete time:3.123283386230469e-05
delete time:2.384185791015625e-05
delete time:2.288818359375e-05
delete time:2.1219253540039062e-05
delete time:1.9073486328125e-05
delete time:1.8596649169921875e-05
delete time:2.1696090698242188e-05
delete time:2.0503997802734375e-05
delete time:2.1219253540039062e-05
delete time:1.71661376953125e-05
delete time:1.9311904907226562e-05
delete time:2.002716064453125e-05
delete time:2.1696090698242188e-05
delete time:2.5987625122070312e-05
delete time:1.33514404296875e-05
delete time:1.6450881958007812e-05
delete time:2.1219253540039062e-05
delete time:2.6702880859375e-05
delete time:1.7404556274414062e-05
delete time:1.71661376953125e-05
delete time:2.0503997802734375e-05
delete time:2.3365020751953125e-05
delete time:1.9311904907226562e-05
delete time:2.1457672119140625e-05
delete time:1.9073486328125e-05
delete time:1.4066696166992188e-05
delete time:2.1219253540039062e-05
delete time:1.8835067749023438e-05
delete time:1.6450881958007812e-05
delete time:2.8371810913085938e-05
delete time:2.384185791015625e-05
delete time:1.7404556274414062e-05
delete time:2.3126602172851562e-05
delete time:1.9311904907226562e-05
delete time:1.7881393432617188e-05
delete time:3.528594970703125e-05
delete time:1.811981201171875e-05
delete time:2.0265579223632812e-05
delete time:2.765655517578125e-05
delete time:1.71661376953125e-05
delete time:1.8358230590820312e-05
delete time:2.47955322265625e-05
delete time:1.9788742065429688e-05
delete time:2.3126602172851562e-05
delete time:2.2411346435546875e-05
delete time:2.2649765014648438e-05
delete time:2.0503997802734375e-05
delete time:2.1457672119140625e-05
delete time:2.2172927856445312e-05
delete time:1.6927719116210938e-05
delete time:1.8596649169921875e-05
delete time:2.09808349609375e-05
delete time:2.0742416381835938e-05
delete time:1.8835067749023438e-05
delete time:2.0265579223632812e-05
delete time:2.0503997802734375e-05
delete time:2.1696090698242188e-05
delete time:1.621246337890625e-05
delete time:1.811981201171875e-05
delete time:2.9087066650390625e-05
delete time:2.3603439331054688e-05
delete time:1.7642974853515625e-05
delete time:2.574920654296875e-05
delete time:2.002716064453125e-05
delete time:2.1457672119140625e-05
delete time:2.4080276489257812e-05
delete time:2.1696090698242188e-05
delete time:1.5735626220703125e-05
delete time:2.2172927856445312e-05
delete time:2.0503997802734375e-05
delete time:1.4781951904296875e-05
delete time:2.3365020751953125e-05
delete time:2.4080276489257812e-05
delete time:2.384185791015625e-05
delete time:2.2411346435546875e-05
delete time:2.9325485229492188e-05
delete time:2.8848648071289062e-05
delete time:2.0265579223632812e-05
delete time:2.3603439331054688e-05
delete time:2.0265579223632812e-05
delete time:1.811981201171875e-05
delete time:2.1457672119140625e-05
delete time:2.8133392333984375e-05
delete time:1.6927719116210938e-05
delete time:2.8133392333984375e-05
delete time:1.5497207641601562e-05
delete time:1.3589859008789062e-05
delete time:2.7179718017578125e-05
delete time:2.2172927856445312e-05
delete time:1.5974044799804688e-05
delete time:1.9073486328125e-05
delete time:2.4080276489257812e-05
delete time:1.8596649169921875e-05
delete time:2.3126602172851562e-05
delete time:2.1219253540039062e-05
delete time:2.384185791015625e-05
delete time:2.288818359375e-05
delete time:2.5272369384765625e-05
delete time:2.1696090698242188e-05
delete time:3.2901763916015625e-05
delete time:2.3603439331054688e-05
delete time:2.9087066650390625e-05
delete time:1.9073486328125e-05
delete time:1.7404556274414062e-05
delete time:3.0279159545898438e-05
delete time:2.6702880859375e-05
delete time:2.3126602172851562e-05
delete time:2.1696090698242188e-05
delete time:2.3365020751953125e-05
delete time:2.4318695068359375e-05
delete time:1.6927719116210938e-05
delete time:1.621246337890625e-05
delete time:2.6702880859375e-05
delete time:2.3603439331054688e-05
delete time:2.47955322265625e-05
delete time:1.9550323486328125e-05
delete time:2.2172927856445312e-05
delete time:2.193450927734375e-05
delete time:2.3603439331054688e-05
delete time:2.2172927856445312e-05
delete time:2.1219253540039062e-05
delete time:2.002716064453125e-05
delete time:8.034706115722656e-05
delete time:2.3365020751953125e-05
delete time:2.7418136596679688e-05
delete time:2.8848648071289062e-05
delete time:2.1457672119140625e-05
delete time:2.1457672119140625e-05
delete time:2.288818359375e-05
delete time:2.3365020751953125e-05
delete time:2.3365020751953125e-05
delete time:2.0265579223632812e-05
delete time:2.7179718017578125e-05
delete time:2.4318695068359375e-05
delete time:2.5272369384765625e-05
delete time:2.1219253540039062e-05
delete time:1.9550323486328125e-05
delete time:1.9311904907226562e-05
delete time:2.4080276489257812e-05
delete time:2.002716064453125e-05
delete time:1.9311904907226562e-05
delete time:2.1219253540039062e-05
delete time:2.47955322265625e-05
delete time:1.8596649169921875e-05
delete time:2.2649765014648438e-05
delete time:2.0742416381835938e-05
delete time:1.5497207641601562e-05
delete time:2.765655517578125e-05
delete time:2.09808349609375e-05
delete time:2.9325485229492188e-05
delete time:2.3603439331054688e-05
delete time:2.3126602172851562e-05
delete time:1.9788742065429688e-05
delete time:2.193450927734375e-05
delete time:4.673004150390625e-05
delete time:2.4557113647460938e-05
delete time:3.314018249511719e-05
delete time:2.288818359375e-05
delete time:2.193450927734375e-05
delete time:2.5033950805664062e-05
delete time:1.71661376953125e-05
delete time:1.7881393432617188e-05
delete time:2.1696090698242188e-05
delete time:1.5497207641601562e-05
delete time:1.9550323486328125e-05
delete time:2.4080276489257812e-05
delete time:2.2172927856445312e-05
delete time:2.4318695068359375e-05
delete time:2.3365020751953125e-05
delete time:1.6927719116210938e-05
delete time:2.6941299438476562e-05
delete time:1.8596649169921875e-05
delete time:1.8596649169921875e-05
delete time:3.266334533691406e-05
delete time:2.2411346435546875e-05
delete time:1.9550323486328125e-05
delete time:2.09808349609375e-05
delete time:2.5033950805664062e-05
delete time:2.193450927734375e-05
delete time:1.7881393432617188e-05
delete time:3.123283386230469e-05
delete time:2.5987625122070312e-05
delete time:2.09808349609375e-05
delete time:2.1457672119140625e-05
delete time:1.7642974853515625e-05
delete time:3.075599670410156e-05
delete time:2.2172927856445312e-05
delete time:2.2649765014648438e-05
delete time:2.288818359375e-05
delete time:2.002716064453125e-05
delete time:1.811981201171875e-05
delete time:2.4318695068359375e-05
delete time:2.3365020751953125e-05
delete time:2.4318695068359375e-05
delete time:2.5033950805664062e-05
delete time:2.0265579223632812e-05
delete time:3.218650817871094e-05
delete time:1.5974044799804688e-05
delete time:2.288818359375e-05
delete time:1.8835067749023438e-05
delete time:2.0265579223632812e-05
delete time:1.6927719116210938e-05
delete time:1.8596649169921875e-05
delete time:2.86102294921875e-05
delete time:3.147125244140625e-05
delete time:2.86102294921875e-05
delete time:2.5510787963867188e-05
delete time:2.6226043701171875e-05
delete time:1.5020370483398438e-05
delete time:2.4557113647460938e-05
delete time:2.4080276489257812e-05
delete time:1.6689300537109375e-05
delete time:2.6941299438476562e-05
delete time:2.47955322265625e-05
delete time:2.2649765014648438e-05
delete time:2.6226043701171875e-05
delete time:2.2172927856445312e-05
delete time:2.4080276489257812e-05
delete time:2.47955322265625e-05
delete time:1.430511474609375e-05
delete time:1.6927719116210938e-05
delete time:1.7404556274414062e-05
delete time:2.0503997802734375e-05
delete time:1.9788742065429688e-05
delete time:2.6941299438476562e-05
delete time:1.6689300537109375e-05
delete time:1.9788742065429688e-05
delete time:1.8835067749023438e-05
delete time:2.3603439331054688e-05
delete time:2.956390380859375e-05
delete time:2.09808349609375e-05
delete time:1.52587890625e-05
delete time:2.2411346435546875e-05
delete time:2.2411346435546875e-05
delete time:2.2172927856445312e-05
delete time:1.7881393432617188e-05
delete time:2.0742416381835938e-05
delete time:2.0265579223632812e-05
delete time:2.574920654296875e-05
delete time:2.0742416381835938e-05
delete time:2.1457672119140625e-05
delete time:3.075599670410156e-05
delete time:2.5272369384765625e-05
delete time:2.5510787963867188e-05
delete time:2.574920654296875e-05
delete time:2.8133392333984375e-05
delete time:2.5510787963867188e-05
delete time:1.811981201171875e-05
delete time:2.2649765014648438e-05
delete time:2.5987625122070312e-05
delete time:2.7179718017578125e-05
delete time:1.5974044799804688e-05
delete time:2.288818359375e-05
delete time:2.6941299438476562e-05
delete time:2.3126602172851562e-05
delete time:2.7179718017578125e-05
delete time:2.1219253540039062e-05
delete time:1.9311904907226562e-05
delete time:1.621246337890625e-05
delete time:2.0503997802734375e-05
delete time:3.0040740966796875e-05
delete time:2.8133392333984375e-05
delete time:2.8371810913085938e-05
delete time:2.3126602172851562e-05
delete time:1.4781951904296875e-05
delete time:2.9087066650390625e-05
delete time:1.9311904907226562e-05
delete time:2.0503997802734375e-05
delete time:2.3126602172851562e-05
delete time:1.6927719116210938e-05
delete time:1.5020370483398438e-05
delete time:1.9311904907226562e-05
delete time:2.3126602172851562e-05
delete time:2.1696090698242188e-05
delete time:2.3603439331054688e-05
delete time:3.0040740966796875e-05
delete time:1.7404556274414062e-05
delete time:1.5020370483398438e-05
delete time:2.3365020751953125e-05
delete time:3.8623809814453125e-05
delete time:2.3603439331054688e-05
delete time:1.6450881958007812e-05
delete time:1.9550323486328125e-05
delete time:3.0994415283203125e-05
delete time:2.4080276489257812e-05
delete time:3.0517578125e-05
delete time:2.3365020751953125e-05
delete time:2.384185791015625e-05
delete time:1.8596649169921875e-05
delete time:3.266334533691406e-05
delete time:1.5974044799804688e-05
delete time:2.0742416381835938e-05
delete time:1.7642974853515625e-05
delete time:2.6702880859375e-05
delete time:2.9087066650390625e-05
delete time:2.1696090698242188e-05
delete time:1.3113021850585938e-05
delete time:1.8596649169921875e-05
delete time:2.09808349609375e-05
delete time:2.3365020751953125e-05
delete time:2.1219253540039062e-05
delete time:2.288818359375e-05
delete time:1.7881393432617188e-05
delete time:1.9788742065429688e-05
delete time:2.2411346435546875e-05
delete time:1.9311904907226562e-05
delete time:1.8835067749023438e-05
delete time:2.8848648071289062e-05
delete time:1.6450881958007812e-05
delete time:2.6702880859375e-05
delete time:2.3365020751953125e-05
delete time:2.5987625122070312e-05
delete time:2.4318695068359375e-05
delete time:2.384185791015625e-05
delete time:1.9311904907226562e-05
delete time:3.0994415283203125e-05
delete time:2.2172927856445312e-05
delete time:2.4080276489257812e-05
delete time:2.7418136596679688e-05
delete time:1.2636184692382812e-05
delete time:2.1219253540039062e-05
delete time:1.8358230590820312e-05
delete time:2.4557113647460938e-05
delete time:3.1948089599609375e-05
delete time:2.288818359375e-05
delete time:2.193450927734375e-05
delete time:1.811981201171875e-05
delete time:1.7642974853515625e-05
delete time:1.9311904907226562e-05
delete time:1.8358230590820312e-05
delete time:2.0265579223632812e-05
delete time:1.3589859008789062e-05
delete time:2.193450927734375e-05
delete time:2.765655517578125e-05
delete time:2.193450927734375e-05
delete time:2.3603439331054688e-05
delete time:1.8596649169921875e-05
delete time:2.193450927734375e-05
delete time:2.288818359375e-05
delete time:2.193450927734375e-05
delete time:2.9802322387695312e-05
delete time:2.1457672119140625e-05
delete time:2.0265579223632812e-05
delete time:2.1696090698242188e-05
delete time:2.5033950805664062e-05
delete time:2.288818359375e-05
delete time:1.4781951904296875e-05
delete time:2.7179718017578125e-05
delete time:2.1696090698242188e-05
delete time:2.47955322265625e-05
delete time:1.7642974853515625e-05
delete time:2.002716064453125e-05
delete time:1.6927719116210938e-05
delete time:2.5033950805664062e-05
delete time:2.3365020751953125e-05
delete time:2.2649765014648438e-05
delete time:2.288818359375e-05
delete time:2.574920654296875e-05
delete time:2.288818359375e-05
delete time:3.075599670410156e-05
delete time:1.7642974853515625e-05
delete time:2.2172927856445312e-05
delete time:2.8133392333984375e-05
delete time:2.1219253540039062e-05
delete time:2.2649765014648438e-05
delete time:2.1696090698242188e-05
delete time:1.8358230590820312e-05
delete time:2.9325485229492188e-05
delete time:2.2649765014648438e-05
delete time:1.6927719116210938e-05
delete time:2.2172927856445312e-05
delete time:2.8133392333984375e-05
delete time:2.2172927856445312e-05
delete time:2.1457672119140625e-05
delete time:1.621246337890625e-05
delete time:2.193450927734375e-05
delete time:2.09808349609375e-05
delete time:1.9788742065429688e-05
delete time:3.24249267578125e-05
delete time:1.9311904907226562e-05
delete time:3.314018249511719e-05
delete time:2.3126602172851562e-05
delete time:3.528594970703125e-05
delete time:2.193450927734375e-05
delete time:1.7881393432617188e-05
delete time:2.09808349609375e-05
delete time:3.409385681152344e-05
delete time:1.5735626220703125e-05
delete time:3.1948089599609375e-05
delete time:2.288818359375e-05
delete time:1.52587890625e-05
delete time:1.8358230590820312e-05
delete time:1.9550323486328125e-05
delete time:3.600120544433594e-05
delete time:2.09808349609375e-05
delete time:2.2411346435546875e-05
delete time:1.4781951904296875e-05
delete time:2.86102294921875e-05
delete time:2.7418136596679688e-05
delete time:2.193450927734375e-05
delete time:2.193450927734375e-05
delete time:2.3365020751953125e-05
delete time:2.0742416381835938e-05
delete time:1.8358230590820312e-05
delete time:2.1457672119140625e-05
delete time:2.2172927856445312e-05
delete time:2.6464462280273438e-05
delete time:2.2172927856445312e-05
delete time:2.2172927856445312e-05
delete time:2.0265579223632812e-05
delete time:1.6450881958007812e-05
delete time:2.5272369384765625e-05
delete time:2.1457672119140625e-05
delete time:2.4557113647460938e-05
delete time:2.2172927856445312e-05
delete time:1.811981201171875e-05
delete time:1.7642974853515625e-05
delete time:3.2901763916015625e-05
delete time:2.193450927734375e-05
delete time:1.5735626220703125e-05
delete time:2.0265579223632812e-05
delete time:2.5510787963867188e-05
delete time:2.002716064453125e-05
delete time:2.0265579223632812e-05
delete time:1.3828277587890625e-05
delete time:1.71661376953125e-05
delete time:2.2172927856445312e-05
delete time:2.6464462280273438e-05
delete time:2.09808349609375e-05
delete time:2.4080276489257812e-05
delete time:1.71661376953125e-05
delete time:2.2172927856445312e-05
delete time:1.8596649169921875e-05
delete time:1.8835067749023438e-05
delete time:2.2172927856445312e-05
delete time:2.956390380859375e-05
delete time:8.058547973632812e-05
delete time:1.8835067749023438e-05
delete time:2.2411346435546875e-05
delete time:1.9073486328125e-05
delete time:2.5033950805664062e-05
delete time:3.337860107421875e-05
delete time:2.3126602172851562e-05
delete time:2.2411346435546875e-05
delete time:2.4557113647460938e-05
delete time:1.5974044799804688e-05
delete time:2.3603439331054688e-05
delete time:1.9788742065429688e-05
delete time:1.8596649169921875e-05
delete time:2.765655517578125e-05
delete time:2.8848648071289062e-05
delete time:1.5497207641601562e-05
delete time:2.5510787963867188e-05
delete time:2.86102294921875e-05
delete time:2.3126602172851562e-05
delete time:2.956390380859375e-05
delete time:2.1219253540039062e-05
delete time:1.239776611328125e-05
delete time:1.9073486328125e-05
delete time:2.4080276489257812e-05
delete time:2.4318695068359375e-05
delete time:2.7179718017578125e-05
delete time:2.765655517578125e-05
delete time:2.002716064453125e-05
delete time:1.9311904907226562e-05
delete time:2.2172927856445312e-05
delete time:2.6226043701171875e-05
delete time:2.193450927734375e-05
delete time:1.8596649169921875e-05
delete time:1.5497207641601562e-05
delete time:2.0265579223632812e-05
delete time:1.71661376953125e-05
delete time:1.9311904907226562e-05
delete time:1.9311904907226562e-05
delete time:1.7642974853515625e-05
delete time:2.3365020751953125e-05
delete time:2.2172927856445312e-05
delete time:2.288818359375e-05
delete time:2.7179718017578125e-05
delete time:2.2172927856445312e-05
delete time:1.52587890625e-05
delete time:2.0742416381835938e-05
delete time:2.3603439331054688e-05
delete time:2.8371810913085938e-05
delete time:2.2649765014648438e-05
delete time:1.6689300537109375e-05
delete time:2.765655517578125e-05
delete time:2.47955322265625e-05
delete time:3.0279159545898438e-05
delete time:2.4557113647460938e-05
delete time:2.3603439331054688e-05
delete time:1.8358230590820312e-05
delete time:1.9550323486328125e-05
delete time:1.9311904907226562e-05
delete time:2.6226043701171875e-05
delete time:2.2649765014648438e-05
delete time:2.0742416381835938e-05
delete time:2.2172927856445312e-05
delete time:1.621246337890625e-05
delete time:3.409385681152344e-05
delete time:1.8358230590820312e-05
delete time:2.2172927856445312e-05
delete time:2.9325485229492188e-05
delete time:1.9550323486328125e-05
delete time:2.1457672119140625e-05
delete time:2.09808349609375e-05
delete time:2.5033950805664062e-05
delete time:2.6464462280273438e-05
delete time:1.9788742065429688e-05
delete time:1.9550323486328125e-05
delete time:1.9788742065429688e-05
delete time:1.7404556274414062e-05
delete time:1.71661376953125e-05
delete time:1.621246337890625e-05
delete time:2.288818359375e-05
delete time:2.9087066650390625e-05
delete time:1.7642974853515625e-05
delete time:2.1696090698242188e-05
delete time:2.1696090698242188e-05
delete time:3.0279159545898438e-05
delete time:2.002716064453125e-05
delete time:2.1219253540039062e-05
delete time:1.811981201171875e-05
delete time:2.5987625122070312e-05
delete time:4.315376281738281e-05
delete time:2.9802322387695312e-05
delete time:1.3113021850585938e-05
delete time:1.8596649169921875e-05
delete time:2.5033950805664062e-05
delete time:2.002716064453125e-05
delete time:2.6464462280273438e-05
delete time:2.574920654296875e-05
delete time:1.8358230590820312e-05
delete time:2.5510787963867188e-05
delete time:1.8358230590820312e-05
delete time:2.09808349609375e-05
delete time:1.5974044799804688e-05
delete time:2.5033950805664062e-05
delete time:2.0265579223632812e-05
delete time:1.7404556274414062e-05
delete time:3.0517578125e-05
delete time:1.8596649169921875e-05
delete time:1.7404556274414062e-05
delete time:1.8835067749023438e-05
delete time:2.384185791015625e-05
delete time:2.5510787963867188e-05
delete time:2.1219253540039062e-05
delete time:1.5735626220703125e-05
delete time:1.621246337890625e-05
delete time:2.9087066650390625e-05
delete time:1.8358230590820312e-05
delete time:3.075599670410156e-05
delete time:1.8596649169921875e-05
delete time:1.7404556274414062e-05
delete time:1.9550323486328125e-05
delete time:1.9073486328125e-05
delete time:2.288818359375e-05
delete time:2.2172927856445312e-05
delete time:2.9802322387695312e-05
delete time:1.8358230590820312e-05
delete time:1.9550323486328125e-05
delete time:2.1219253540039062e-05
delete time:1.4781951904296875e-05
delete time:2.193450927734375e-05
delete time:2.4318695068359375e-05
delete time:2.3126602172851562e-05
delete time:3.2901763916015625e-05
delete time:2.2411346435546875e-05
delete time:2.7894973754882812e-05
delete time:1.8835067749023438e-05
delete time:3.123283386230469e-05
delete time:3.1948089599609375e-05
delete time:2.3365020751953125e-05
delete time:2.8371810913085938e-05
delete time:2.3365020751953125e-05
delete time:1.8596649169921875e-05
delete time:3.0279159545898438e-05
delete time:3.147125244140625e-05
delete time:9.632110595703125e-05
delete time:2.384185791015625e-05
delete time:1.7881393432617188e-05
delete time:1.7404556274414062e-05
delete time:1.9073486328125e-05
delete time:2.002716064453125e-05
delete time:2.193450927734375e-05
delete time:2.9325485229492188e-05
delete time:2.2649765014648438e-05
delete time:1.6927719116210938e-05
delete time:2.2172927856445312e-05
delete time:2.4557113647460938e-05
delete time:1.9788742065429688e-05
delete time:3.743171691894531e-05
delete time:2.5033950805664062e-05
delete time:2.3603439331054688e-05
delete time:2.7894973754882812e-05
delete time:3.1948089599609375e-05
delete time:3.0994415283203125e-05
delete time:1.621246337890625e-05
delete time:2.3365020751953125e-05
delete time:2.3365020751953125e-05
delete time:1.5020370483398438e-05
delete time:1.9788742065429688e-05
delete time:1.3828277587890625e-05
delete time:2.1457672119140625e-05
delete time:2.3603439331054688e-05
delete time:3.600120544433594e-05
delete time:2.6226043701171875e-05
delete time:2.574920654296875e-05
delete time:1.7404556274414062e-05
delete time:2.9087066650390625e-05
delete time:2.4318695068359375e-05
delete time:1.9311904907226562e-05
delete time:1.9788742065429688e-05
delete time:1.8596649169921875e-05
delete time:4.363059997558594e-05
delete time:1.8358230590820312e-05
delete time:2.3603439331054688e-05
delete time:1.8835067749023438e-05
delete time:2.8133392333984375e-05
delete time:2.384185791015625e-05
delete time:3.075599670410156e-05
delete time:1.8358230590820312e-05
delete time:3.6716461181640625e-05
delete time:1.7881393432617188e-05
delete time:2.0503997802734375e-05
delete time:2.765655517578125e-05
delete time:3.361701965332031e-05
delete time:1.9311904907226562e-05
delete time:1.621246337890625e-05
delete time:3.0517578125e-05
delete time:1.6450881958007812e-05
delete time:2.765655517578125e-05
delete time:2.0265579223632812e-05
delete time:2.0265579223632812e-05
delete time:1.430511474609375e-05
delete time:2.193450927734375e-05
delete time:2.4318695068359375e-05
delete time:1.811981201171875e-05
delete time:1.5974044799804688e-05
delete time:2.1457672119140625e-05
delete time:4.267692565917969e-05
delete time:2.1696090698242188e-05
delete time:2.5272369384765625e-05
delete time:1.7881393432617188e-05
delete time:3.457069396972656e-05
delete time:2.6702880859375e-05
delete time:2.4080276489257812e-05
delete time:2.1457672119140625e-05
delete time:2.193450927734375e-05
delete time:2.09808349609375e-05
delete time:1.8835067749023438e-05
delete time:3.1948089599609375e-05
delete time:1.9311904907226562e-05
delete time:1.4543533325195312e-05
delete time:3.337860107421875e-05
delete time:2.4080276489257812e-05
delete time:1.7642974853515625e-05
delete time:3.2901763916015625e-05
delete time:1.7881393432617188e-05
delete time:3.0994415283203125e-05
delete time:2.288818359375e-05
delete time:2.4318695068359375e-05
delete time:2.9802322387695312e-05
delete time:3.123283386230469e-05
delete time:2.5987625122070312e-05
delete time:1.9073486328125e-05
delete time:2.5272369384765625e-05
delete time:2.3603439331054688e-05
delete time:2.3365020751953125e-05
delete time:1.621246337890625e-05
delete time:1.9550323486328125e-05
delete time:2.5272369384765625e-05
delete time:2.0742416381835938e-05
delete time:1.2874603271484375e-05
delete time:3.218650817871094e-05
delete time:2.193450927734375e-05
delete time:1.9550323486328125e-05
delete time:2.193450927734375e-05
delete time:2.5510787963867188e-05
delete time:1.621246337890625e-05
delete time:2.6702880859375e-05
delete time:2.0742416381835938e-05
delete time:2.4557113647460938e-05
delete time:2.5033950805664062e-05
delete time:2.3365020751953125e-05
delete time:2.3126602172851562e-05
delete time:1.811981201171875e-05
delete time:1.5497207641601562e-05
delete time:1.3828277587890625e-05
delete time:1.4781951904296875e-05
delete time:3.1948089599609375e-05
delete time:2.86102294921875e-05
delete time:1.9550323486328125e-05
delete time:3.361701965332031e-05
delete time:3.218650817871094e-05
delete time:1.7881393432617188e-05
delete time:2.1457672119140625e-05
delete time:3.2901763916015625e-05
delete time:2.2411346435546875e-05
delete time:2.0265579223632812e-05
delete time:2.1219253540039062e-05
delete time:1.8358230590820312e-05
delete time:2.6941299438476562e-05
delete time:2.0265579223632812e-05
delete time:2.3365020751953125e-05
delete time:1.7404556274414062e-05
delete time:2.09808349609375e-05
delete time:2.2411346435546875e-05
delete time:1.8596649169921875e-05
delete time:1.6450881958007812e-05
delete time:2.1696090698242188e-05
delete time:1.9788742065429688e-05
delete time:2.09808349609375e-05
delete time:2.1219253540039062e-05
delete time:3.0040740966796875e-05
delete time:3.2901763916015625e-05
delete time:1.7404556274414062e-05
delete time:1.6450881958007812e-05
delete time:1.811981201171875e-05
delete time:4.1961669921875e-05
delete time:2.8133392333984375e-05
delete time:2.5510787963867188e-05
delete time:3.0994415283203125e-05
delete time:2.09808349609375e-05
delete time:2.193450927734375e-05
delete time:3.62396240234375e-05
delete time:2.384185791015625e-05
delete time:1.5497207641601562e-05
delete time:2.1219253540039062e-05
delete time:2.2411346435546875e-05
delete time:1.5974044799804688e-05
delete time:2.0265579223632812e-05
delete time:1.7881393432617188e-05
delete time:1.2874603271484375e-05
delete time:2.288818359375e-05
delete time:3.266334533691406e-05
delete time:2.09808349609375e-05
delete time:3.266334533691406e-05
delete time:3.695487976074219e-05
delete time:2.2649765014648438e-05
delete time:1.8835067749023438e-05
delete time:2.1219253540039062e-05
delete time:1.9073486328125e-05
delete time:2.0742416381835938e-05
delete time:3.1948089599609375e-05
delete time:2.4080276489257812e-05
delete time:1.8358230590820312e-05
delete time:2.7418136596679688e-05
delete time:2.4557113647460938e-05
delete time:2.6464462280273438e-05
delete time:2.193450927734375e-05
delete time:2.6702880859375e-05
delete time:1.9788742065429688e-05
delete time:1.8358230590820312e-05
delete time:2.574920654296875e-05
delete time:3.0279159545898438e-05
delete time:9.274482727050781e-05
delete time:2.3126602172851562e-05
delete time:1.7642974853515625e-05
delete time:2.5510787963867188e-05
delete time:3.8623809814453125e-05
delete time:3.0517578125e-05
delete time:1.71661376953125e-05
delete time:1.6689300537109375e-05
delete time:1.9311904907226562e-05
delete time:2.1457672119140625e-05
delete time:2.09808349609375e-05
delete time:2.3365020751953125e-05
delete time:1.6689300537109375e-05
delete time:1.811981201171875e-05
delete time:2.1696090698242188e-05
delete time:1.811981201171875e-05
delete time:2.193450927734375e-05
delete time:1.9788742065429688e-05
delete time:2.0742416381835938e-05
delete time:2.384185791015625e-05
delete time:1.9311904907226562e-05
delete time:2.5510787963867188e-05
delete time:1.621246337890625e-05
delete time:1.7404556274414062e-05
delete time:1.811981201171875e-05
delete time:2.2649765014648438e-05
delete time:2.2172927856445312e-05
delete time:2.193450927734375e-05
delete time:2.3603439331054688e-05
delete time:2.8848648071289062e-05
delete time:2.4318695068359375e-05
delete time:1.6689300537109375e-05
delete time:1.8596649169921875e-05
delete time:1.4781951904296875e-05
delete time:2.0742416381835938e-05
delete time:1.8358230590820312e-05
delete time:1.9788742065429688e-05
delete time:2.193450927734375e-05
delete time:2.3365020751953125e-05
delete time:2.765655517578125e-05
delete time:2.4557113647460938e-05
delete time:1.5497207641601562e-05
delete time:1.7404556274414062e-05
delete time:2.1696090698242188e-05
delete time:2.765655517578125e-05
delete time:2.1219253540039062e-05
delete time:2.8371810913085938e-05
delete time:2.4080276489257812e-05
delete time:2.3603439331054688e-05
delete time:1.9550323486328125e-05
delete time:1.8835067749023438e-05
delete time:1.5974044799804688e-05
delete time:2.47955322265625e-05
delete time:2.1696090698242188e-05
delete time:2.3126602172851562e-05
delete time:3.814697265625e-05
delete time:1.9073486328125e-05
delete time:2.574920654296875e-05
delete time:1.2159347534179688e-05
delete time:2.09808349609375e-05
delete time:2.09808349609375e-05
delete time:2.5987625122070312e-05
delete time:2.4080276489257812e-05
delete time:1.5735626220703125e-05
delete time:2.2411346435546875e-05
delete time:2.193450927734375e-05
delete time:3.0517578125e-05
delete time:3.3855438232421875e-05
delete time:2.3365020751953125e-05
delete time:2.3603439331054688e-05
delete time:2.3603439331054688e-05
delete time:2.8848648071289062e-05
delete time:3.1948089599609375e-05
delete time:2.6941299438476562e-05
delete time:1.430511474609375e-05
delete time:1.7881393432617188e-05
delete time:2.2411346435546875e-05
delete time:1.811981201171875e-05
delete time:1.8358230590820312e-05
delete time:2.0503997802734375e-05
delete time:2.3365020751953125e-05
delete time:2.002716064453125e-05
delete time:2.574920654296875e-05
delete time:2.7894973754882812e-05
delete time:2.6464462280273438e-05
delete time:3.528594970703125e-05
delete time:2.5987625122070312e-05
delete time:2.9325485229492188e-05
delete time:2.09808349609375e-05
delete time:2.7894973754882812e-05
delete time:2.765655517578125e-05
delete time:1.5020370483398438e-05
delete time:2.6702880859375e-05
delete time:1.9550323486328125e-05
delete time:3.123283386230469e-05
delete time:1.8596649169921875e-05
delete time:1.6450881958007812e-05
delete time:1.71661376953125e-05
delete time:2.5510787963867188e-05
delete time:2.9325485229492188e-05
delete time:3.337860107421875e-05
delete time:2.47955322265625e-05
delete time:2.2411346435546875e-05
delete time:2.86102294921875e-05
delete time:1.9073486328125e-05
delete time:1.9788742065429688e-05
delete time:3.0517578125e-05
delete time:3.361701965332031e-05
delete time:1.9311904907226562e-05
delete time:4.0531158447265625e-05
delete time:1.9311904907226562e-05
delete time:2.002716064453125e-05
delete time:2.6226043701171875e-05
delete time:3.24249267578125e-05
delete time:2.2172927856445312e-05
delete time:2.8848648071289062e-05
delete time:2.2649765014648438e-05
delete time:1.5974044799804688e-05
delete time:2.2411346435546875e-05
delete time:1.9788742065429688e-05
delete time:2.2172927856445312e-05
delete time:3.075599670410156e-05
delete time:2.1457672119140625e-05
delete time:2.4557113647460938e-05
delete time:2.002716064453125e-05
delete time:2.2411346435546875e-05
delete time:2.0742416381835938e-05
delete time:1.3589859008789062e-05
delete time:2.1696090698242188e-05
delete time:1.621246337890625e-05
delete time:3.337860107421875e-05
delete time:1.8835067749023438e-05
delete time:1.9073486328125e-05
delete time:2.9087066650390625e-05
delete time:2.0265579223632812e-05
delete time:1.9311904907226562e-05
delete time:2.0265579223632812e-05
delete time:2.09808349609375e-05
delete time:2.6226043701171875e-05
delete time:1.9788742065429688e-05
delete time:4.100799560546875e-05
delete time:2.384185791015625e-05
delete time:1.9073486328125e-05
delete time:1.621246337890625e-05
delete time:2.002716064453125e-05
delete time:2.4557113647460938e-05
delete time:2.8371810913085938e-05
delete time:2.09808349609375e-05
delete time:1.3828277587890625e-05
delete time:2.6226043701171875e-05
delete time:2.0742416381835938e-05
delete time:2.6702880859375e-05
delete time:2.2649765014648438e-05
delete time:2.2649765014648438e-05
delete time:2.6941299438476562e-05
delete time:2.288818359375e-05
delete time:3.147125244140625e-05
delete time:2.7179718017578125e-05
delete time:1.5497207641601562e-05
delete time:3.075599670410156e-05
delete time:2.2649765014648438e-05
delete time:2.3365020751953125e-05
delete time:2.2649765014648438e-05
delete time:2.4557113647460938e-05
delete time:3.3855438232421875e-05
delete time:1.71661376953125e-05
delete time:1.6689300537109375e-05
delete time:2.9087066650390625e-05
delete time:2.3365020751953125e-05
delete time:3.981590270996094e-05
delete time:2.574920654296875e-05
delete time:1.6927719116210938e-05
delete time:2.2411346435546875e-05
delete time:2.6702880859375e-05
delete time:2.9087066650390625e-05
delete time:2.384185791015625e-05
delete time:2.0265579223632812e-05
delete time:2.4080276489257812e-05
delete time:1.8596649169921875e-05
delete time:2.2172927856445312e-05
delete time:1.7642974853515625e-05
delete time:2.7418136596679688e-05
delete time:1.8596649169921875e-05
delete time:2.5987625122070312e-05
delete time:2.5510787963867188e-05
delete time:2.6702880859375e-05
delete time:3.9577484130859375e-05
delete time:2.7179718017578125e-05
delete time:1.811981201171875e-05
delete time:2.765655517578125e-05
delete time:2.5987625122070312e-05
delete time:2.2649765014648438e-05
delete time:2.9802322387695312e-05
delete time:2.6941299438476562e-05
delete time:3.0279159545898438e-05
delete time:3.075599670410156e-05
delete time:2.2172927856445312e-05
delete time:1.33514404296875e-05
delete time:2.956390380859375e-05
delete time:2.574920654296875e-05
delete time:2.6941299438476562e-05
delete time:2.86102294921875e-05
delete time:2.574920654296875e-05
delete time:2.4080276489257812e-05
delete time:2.2172927856445312e-05
delete time:2.8133392333984375e-05
delete time:1.6689300537109375e-05
delete time:1.8835067749023438e-05
delete time:1.9788742065429688e-05
delete time:2.2411346435546875e-05
delete time:2.7418136596679688e-05
delete time:2.09808349609375e-05
delete time:2.0503997802734375e-05
delete time:2.8371810913085938e-05
delete time:1.5497207641601562e-05
delete time:2.5033950805664062e-05
delete time:3.147125244140625e-05
delete time:1.71661376953125e-05
delete time:2.3603439331054688e-05
delete time:2.0503997802734375e-05
delete time:1.8596649169921875e-05
delete time:2.002716064453125e-05
delete time:2.6226043701171875e-05
delete time:2.574920654296875e-05
delete time:2.1696090698242188e-05
delete time:2.3603439331054688e-05
delete time:1.5020370483398438e-05
delete time:1.7404556274414062e-05
delete time:3.2901763916015625e-05
delete time:2.3365020751953125e-05
delete time:2.1219253540039062e-05
delete time:1.71661376953125e-05
delete time:2.574920654296875e-05
delete time:2.0742416381835938e-05
delete time:2.3365020751953125e-05
delete time:1.621246337890625e-05
delete time:2.3365020751953125e-05
delete time:1.8358230590820312e-05
delete time:2.3126602172851562e-05
delete time:1.5974044799804688e-05
delete time:2.002716064453125e-05
delete time:1.71661376953125e-05
delete time:1.5497207641601562e-05
delete time:9.34600830078125e-05
delete time:2.193450927734375e-05
delete time:3.528594970703125e-05
delete time:3.600120544433594e-05
delete time:3.1948089599609375e-05
delete time:2.1457672119140625e-05
delete time:2.09808349609375e-05
delete time:2.0265579223632812e-05
delete time:2.7418136596679688e-05
delete time:2.1457672119140625e-05
delete time:1.7642974853515625e-05
delete time:2.86102294921875e-05
delete time:2.384185791015625e-05
delete time:2.2411346435546875e-05
delete time:2.0265579223632812e-05
delete time:2.7179718017578125e-05
delete time:1.7404556274414062e-05
delete time:1.5974044799804688e-05
delete time:1.71661376953125e-05
delete time:1.8835067749023438e-05
delete time:2.09808349609375e-05
delete time:1.6927719116210938e-05
delete time:1.5020370483398438e-05
delete time:2.3126602172851562e-05
delete time:2.5510787963867188e-05
delete time:1.4543533325195312e-05
delete time:2.193450927734375e-05
delete time:2.3365020751953125e-05
delete time:2.6226043701171875e-05
delete time:1.6450881958007812e-05
delete time:3.2901763916015625e-05
delete time:2.4080276489257812e-05
delete time:3.4332275390625e-05
delete time:2.193450927734375e-05
delete time:2.1457672119140625e-05
delete time:2.4318695068359375e-05
delete time:1.4781951904296875e-05
delete time:1.8596649169921875e-05
delete time:2.5272369384765625e-05
delete time:2.2411346435546875e-05
delete time:4.00543212890625e-05
delete time:2.2411346435546875e-05
delete time:2.9802322387695312e-05
delete time:1.8835067749023438e-05
delete time:2.384185791015625e-05
delete time:3.6716461181640625e-05
delete time:1.7881393432617188e-05
delete time:1.71661376953125e-05
delete time:2.1457672119140625e-05
delete time:2.47955322265625e-05
delete time:2.09808349609375e-05
delete time:2.4557113647460938e-05
delete time:2.9325485229492188e-05
delete time:1.6927719116210938e-05
delete time:3.1948089599609375e-05
delete time:1.7642974853515625e-05
delete time:1.8358230590820312e-05
delete time:1.3113021850585938e-05
delete time:2.6941299438476562e-05
delete time:2.1696090698242188e-05
delete time:1.6927719116210938e-05
delete time:1.7642974853515625e-05
delete time:2.6226043701171875e-05
delete time:2.5987625122070312e-05
delete time:1.6927719116210938e-05
delete time:5.269050598144531e-05
delete time:2.2649765014648438e-05
delete time:2.384185791015625e-05
delete time:3.981590270996094e-05
delete time:2.574920654296875e-05
delete time:2.1457672119140625e-05
delete time:2.5272369384765625e-05
delete time:2.5987625122070312e-05
delete time:2.4080276489257812e-05
delete time:2.0742416381835938e-05
delete time:3.0040740966796875e-05
delete time:2.2649765014648438e-05
delete time:2.3365020751953125e-05
delete time:1.9073486328125e-05
delete time:2.86102294921875e-05
delete time:1.9788742065429688e-05
delete time:3.62396240234375e-05
delete time:1.5735626220703125e-05
delete time:1.8596649169921875e-05
delete time:2.0503997802734375e-05
delete time:1.8835067749023438e-05
delete time:1.811981201171875e-05
delete time:2.1219253540039062e-05
delete time:2.0742416381835938e-05
delete time:2.288818359375e-05
delete time:2.4557113647460938e-05
delete time:2.0265579223632812e-05
delete time:2.3603439331054688e-05
delete time:1.621246337890625e-05
delete time:1.7404556274414062e-05
delete time:2.002716064453125e-05
delete time:1.2874603271484375e-05
delete time:2.193450927734375e-05
delete time:3.981590270996094e-05
delete time:2.5510787963867188e-05
delete time:2.1696090698242188e-05
delete time:3.647804260253906e-05
delete time:1.8358230590820312e-05
delete time:2.1219253540039062e-05
delete time:1.5735626220703125e-05
delete time:1.7404556274414062e-05
delete time:1.4066696166992188e-05
delete time:1.5735626220703125e-05
delete time:2.0265579223632812e-05
delete time:1.8358230590820312e-05
delete time:2.002716064453125e-05
delete time:1.5974044799804688e-05
delete time:2.765655517578125e-05
delete time:2.002716064453125e-05
delete time:2.5987625122070312e-05
delete time:2.09808349609375e-05
delete time:2.4318695068359375e-05
delete time:1.7642974853515625e-05
delete time:2.2649765014648438e-05
delete time:1.6927719116210938e-05
delete time:2.384185791015625e-05
delete time:2.1696090698242188e-05
delete time:1.8358230590820312e-05
delete time:2.384185791015625e-05
delete time:2.47955322265625e-05
delete time:2.2172927856445312e-05
delete time:1.5735626220703125e-05
delete time:2.5987625122070312e-05
delete time:1.9073486328125e-05
delete time:3.3855438232421875e-05
delete time:2.3126602172851562e-05
delete time:2.47955322265625e-05
delete time:1.9073486328125e-05
delete time:3.814697265625e-05
delete time:2.6464462280273438e-05
delete time:1.7881393432617188e-05
delete time:2.3365020751953125e-05
delete time:2.2649765014648438e-05
delete time:1.7642974853515625e-05
delete time:2.6702880859375e-05
delete time:2.3603439331054688e-05
delete time:2.384185791015625e-05
delete time:2.4318695068359375e-05
delete time:2.0265579223632812e-05
delete time:3.0279159545898438e-05
delete time:2.193450927734375e-05
delete time:2.2411346435546875e-05
delete time:1.8835067749023438e-05
delete time:3.24249267578125e-05
delete time:2.7894973754882812e-05
delete time:2.2411346435546875e-05
delete time:2.002716064453125e-05
delete time:2.2411346435546875e-05
delete time:2.4080276489257812e-05
delete time:2.6226043701171875e-05
delete time:2.47955322265625e-05
delete time:2.8848648071289062e-05
delete time:1.6450881958007812e-05
delete time:2.0503997802734375e-05
delete time:2.09808349609375e-05
delete time:1.621246337890625e-05
delete time:1.811981201171875e-05
delete time:2.3126602172851562e-05
delete time:4.124641418457031e-05
delete time:2.5272369384765625e-05
delete time:2.1696090698242188e-05
delete time:1.9073486328125e-05
delete time:2.7179718017578125e-05
delete time:1.9788742065429688e-05
delete time:2.0503997802734375e-05
delete time:2.956390380859375e-05
delete time:1.71661376953125e-05
delete time:3.0040740966796875e-05
delete time:2.0742416381835938e-05
delete time:2.7894973754882812e-05
delete time:2.4080276489257812e-05
delete time:2.0742416381835938e-05
delete time:2.2411346435546875e-05
delete time:2.5033950805664062e-05
delete time:2.7179718017578125e-05
delete time:2.3126602172851562e-05
delete time:1.9073486328125e-05
delete time:2.6226043701171875e-05
delete time:1.621246337890625e-05
delete time:2.8848648071289062e-05
delete time:2.6941299438476562e-05
delete time:2.1219253540039062e-05
delete time:2.2411346435546875e-05
delete time:1.7642974853515625e-05
delete time:2.4080276489257812e-05
delete time:2.0742416381835938e-05
delete time:2.193450927734375e-05
delete time:1.8835067749023438e-05
delete time:1.6689300537109375e-05
delete time:1.9311904907226562e-05
delete time:2.0742416381835938e-05
delete time:2.5272369384765625e-05
delete time:3.457069396972656e-05
delete time:2.4080276489257812e-05
delete time:1.8596649169921875e-05
delete time:2.4318695068359375e-05
delete time:2.5272369384765625e-05
delete time:2.2411346435546875e-05
delete time:1.8358230590820312e-05
delete time:2.3603439331054688e-05
delete time:2.4318695068359375e-05
delete time:2.1219253540039062e-05
delete time:1.7642974853515625e-05
delete time:3.0040740966796875e-05
delete time:2.3365020751953125e-05
delete time:2.956390380859375e-05
delete time:2.6702880859375e-05
delete time:2.47955322265625e-05
delete time:5.602836608886719e-05
delete time:2.0265579223632812e-05
delete time:3.1948089599609375e-05
delete time:2.2649765014648438e-05
delete time:1.9788742065429688e-05
delete time:2.86102294921875e-05
delete time:1.4781951904296875e-05
delete time:2.0742416381835938e-05
delete time:2.8848648071289062e-05
delete time:2.1219253540039062e-05
delete time:1.9550323486328125e-05
delete time:2.5987625122070312e-05
delete time:2.4318695068359375e-05
delete time:1.6927719116210938e-05
delete time:2.956390380859375e-05
delete time:2.4080276489257812e-05
delete time:2.09808349609375e-05
delete time:2.765655517578125e-05
delete time:2.8371810913085938e-05
delete time:2.1219253540039062e-05
delete time:2.7179718017578125e-05
delete time:3.933906555175781e-05
delete time:2.2172927856445312e-05
delete time:2.6941299438476562e-05
delete time:2.5987625122070312e-05
delete time:3.4332275390625e-05
delete time:3.552436828613281e-05
delete time:1.9311904907226562e-05
delete time:1.9073486328125e-05
delete time:3.838539123535156e-05
delete time:2.5987625122070312e-05
delete time:2.193450927734375e-05
delete time:1.71661376953125e-05
delete time:2.5510787963867188e-05
delete time:2.47955322265625e-05
delete time:2.6702880859375e-05
delete time:2.4080276489257812e-05
delete time:2.6941299438476562e-05
delete time:1.7404556274414062e-05
delete time:2.2411346435546875e-05
delete time:1.9788742065429688e-05
delete time:2.5033950805664062e-05
delete time:2.5987625122070312e-05
delete time:2.384185791015625e-05
delete time:1.7642974853515625e-05
delete time:2.0503997802734375e-05
delete time:2.7179718017578125e-05
delete time:2.193450927734375e-05
delete time:2.3126602172851562e-05
delete time:1.8835067749023438e-05
delete time:2.384185791015625e-05
delete time:1.811981201171875e-05
delete time:2.1696090698242188e-05
delete time:2.3603439331054688e-05
delete time:2.4557113647460938e-05
delete time:2.4318695068359375e-05
delete time:1.9550323486328125e-05
delete time:3.409385681152344e-05
delete time:2.1219253540039062e-05
delete time:2.3365020751953125e-05
delete time:1.8358230590820312e-05
delete time:2.5033950805664062e-05
delete time:1.7404556274414062e-05
delete time:2.6941299438476562e-05
delete time:1.9788742065429688e-05
delete time:2.1457672119140625e-05
delete time:2.47955322265625e-05
delete time:1.5974044799804688e-05
delete time:1.6689300537109375e-05
delete time:1.7881393432617188e-05
delete time:4.00543212890625e-05
delete time:1.4543533325195312e-05
delete time:2.2649765014648438e-05
delete time:2.3365020751953125e-05
delete time:3.4332275390625e-05
delete time:4.363059997558594e-05
delete time:1.3589859008789062e-05
delete time:2.3365020751953125e-05
delete time:2.0503997802734375e-05
delete time:3.4332275390625e-05
delete time:2.5272369384765625e-05
delete time:2.574920654296875e-05
delete time:2.7179718017578125e-05
delete time:1.52587890625e-05
delete time:4.100799560546875e-05
delete time:1.7404556274414062e-05
delete time:2.1219253540039062e-05
delete time:2.9325485229492188e-05
delete time:1.9550323486328125e-05
delete time:1.811981201171875e-05
delete time:2.0503997802734375e-05
delete time:2.193450927734375e-05
delete time:2.288818359375e-05
delete time:2.384185791015625e-05
delete time:2.1696090698242188e-05
delete time:1.7404556274414062e-05
delete time:1.7881393432617188e-05
delete time:3.0040740966796875e-05
delete time:2.9087066650390625e-05
delete time:2.574920654296875e-05
delete time:2.5510787963867188e-05
delete time:1.7881393432617188e-05
delete time:2.4557113647460938e-05
delete time:2.47955322265625e-05
delete time:2.9325485229492188e-05
delete time:3.0040740966796875e-05
delete time:2.6226043701171875e-05
delete time:2.002716064453125e-05
delete time:1.9550323486328125e-05
delete time:2.8371810913085938e-05
delete time:2.574920654296875e-05
delete time:1.9311904907226562e-05
delete time:1.9311904907226562e-05
delete time:2.956390380859375e-05
delete time:1.71661376953125e-05
delete time:1.9788742065429688e-05
delete time:2.9325485229492188e-05
delete time:2.7418136596679688e-05
delete time:2.1457672119140625e-05
delete time:2.1219253540039062e-05
delete time:2.6464462280273438e-05
delete time:2.193450927734375e-05
delete time:1.5020370483398438e-05
delete time:1.9788742065429688e-05
delete time:2.2411346435546875e-05
delete time:1.4781951904296875e-05
delete time:2.3126602172851562e-05
delete time:1.5735626220703125e-05
delete time:2.6226043701171875e-05
delete time:3.24249267578125e-05
delete time:1.9073486328125e-05
delete time:2.6941299438476562e-05
delete time:1.6689300537109375e-05
delete time:2.3126602172851562e-05
delete time:2.0265579223632812e-05
delete time:2.2649765014648438e-05
delete time:3.409385681152344e-05
delete time:2.5272369384765625e-05
delete time:2.384185791015625e-05
delete time:2.1696090698242188e-05
delete time:1.71661376953125e-05
delete time:2.09808349609375e-05
delete time:2.3365020751953125e-05
delete time:3.552436828613281e-05
delete time:3.0517578125e-05
delete time:1.9788742065429688e-05
delete time:2.09808349609375e-05
delete time:2.9802322387695312e-05
delete time:2.1696090698242188e-05
delete time:2.0265579223632812e-05
delete time:2.1219253540039062e-05
delete time:1.7881393432617188e-05
delete time:1.8358230590820312e-05
delete time:2.4557113647460938e-05
delete time:2.288818359375e-05
delete time:2.956390380859375e-05
delete time:2.3365020751953125e-05
delete time:2.2172927856445312e-05
delete time:2.956390380859375e-05
delete time:2.4318695068359375e-05
delete time:2.0503997802734375e-05
delete time:1.9788742065429688e-05
delete time:3.3855438232421875e-05
delete time:2.1219253540039062e-05
delete time:2.09808349609375e-05
delete time:2.574920654296875e-05
delete time:1.9550323486328125e-05
delete time:2.2172927856445312e-05
delete time:1.811981201171875e-05
delete time:3.2901763916015625e-05
delete time:1.8835067749023438e-05
delete time:2.2411346435546875e-05
delete time:3.0517578125e-05
delete time:2.9087066650390625e-05
delete time:2.5987625122070312e-05
delete time:2.0742416381835938e-05
delete time:2.09808349609375e-05
delete time:3.814697265625e-05
delete time:2.2172927856445312e-05
delete time:3.0994415283203125e-05
delete time:2.3603439331054688e-05
delete time:2.6226043701171875e-05
delete time:2.0742416381835938e-05
delete time:2.9325485229492188e-05
delete time:1.8835067749023438e-05
delete time:2.2649765014648438e-05
delete time:2.193450927734375e-05
delete time:2.2649765014648438e-05
delete time:2.6702880859375e-05
delete time:2.2411346435546875e-05
delete time:2.384185791015625e-05
delete time:1.8596649169921875e-05
delete time:2.3603439331054688e-05
delete time:2.4080276489257812e-05
delete time:2.6702880859375e-05
delete time:2.765655517578125e-05
delete time:3.266334533691406e-05
delete time:1.621246337890625e-05
delete time:1.9550323486328125e-05
delete time:1.8596649169921875e-05
delete time:3.0040740966796875e-05
delete time:3.147125244140625e-05
delete time:2.0742416381835938e-05
delete time:2.7418136596679688e-05
delete time:2.2172927856445312e-05
delete time:2.9087066650390625e-05
delete time:2.193450927734375e-05
delete time:2.09808349609375e-05
delete time:3.647804260253906e-05
delete time:2.3365020751953125e-05
delete time:2.86102294921875e-05
delete time:2.09808349609375e-05
delete time:1.8596649169921875e-05
delete time:1.9550323486328125e-05
delete time:3.600120544433594e-05
delete time:2.0265579223632812e-05
delete time:2.7418136596679688e-05
delete time:3.123283386230469e-05
delete time:2.2649765014648438e-05
delete time:1.9073486328125e-05
delete time:2.765655517578125e-05
delete time:2.5033950805664062e-05
delete time:1.6927719116210938e-05
delete time:2.5033950805664062e-05
delete time:3.2901763916015625e-05
delete time:3.361701965332031e-05
delete time:3.647804260253906e-05
delete time:4.172325134277344e-05
delete time:2.384185791015625e-05
delete time:3.24249267578125e-05
delete time:1.9788742065429688e-05
delete time:1.8596649169921875e-05
delete time:2.09808349609375e-05
delete time:2.4080276489257812e-05
delete time:1.9311904907226562e-05
delete time:2.8133392333984375e-05
delete time:2.9325485229492188e-05
delete time:3.647804260253906e-05
delete time:2.3603439331054688e-05
delete time:1.430511474609375e-05
delete time:2.8371810913085938e-05
delete time:2.288818359375e-05
delete time:2.5272369384765625e-05
delete time:2.384185791015625e-05
delete time:2.2649765014648438e-05
delete time:2.384185791015625e-05
delete time:1.7404556274414062e-05
delete time:2.2649765014648438e-05
delete time:2.7179718017578125e-05
delete time:2.5510787963867188e-05
delete time:2.2649765014648438e-05
delete time:2.3603439331054688e-05
delete time:2.8371810913085938e-05
delete time:2.0503997802734375e-05
delete time:2.9087066650390625e-05
delete time:3.0994415283203125e-05
delete time:3.0040740966796875e-05
delete time:2.1219253540039062e-05
delete time:2.3603439331054688e-05
delete time:2.09808349609375e-05
delete time:1.9311904907226562e-05
delete time:1.9073486328125e-05
delete time:2.2411346435546875e-05
delete time:2.5987625122070312e-05
delete time:2.47955322265625e-05
delete time:1.6689300537109375e-05
delete time:2.4080276489257812e-05
delete time:3.6716461181640625e-05
delete time:2.7418136596679688e-05
delete time:1.3589859008789062e-05
delete time:2.0265579223632812e-05
delete time:2.0742416381835938e-05
delete time:2.288818359375e-05
delete time:2.6464462280273438e-05
delete time:3.9577484130859375e-05
delete time:1.9073486328125e-05
delete time:2.193450927734375e-05
delete time:2.3365020751953125e-05
delete time:2.3365020751953125e-05
delete time:1.8358230590820312e-05
delete time:2.9802322387695312e-05
delete time:1.5735626220703125e-05
delete time:2.6226043701171875e-05
delete time:3.790855407714844e-05
delete time:2.3603439331054688e-05
delete time:2.09808349609375e-05
delete time:2.002716064453125e-05
delete time:1.3589859008789062e-05
delete time:2.6464462280273438e-05
delete time:2.47955322265625e-05
delete time:2.2172927856445312e-05
delete time:1.9550323486328125e-05
delete time:3.4332275390625e-05
delete time:1.7404556274414062e-05
delete time:2.0265579223632812e-05
delete time:3.0994415283203125e-05
delete time:2.5987625122070312e-05
delete time:3.24249267578125e-05
delete time:2.2172927856445312e-05
delete time:2.7894973754882812e-05
delete time:2.3603439331054688e-05
delete time:2.288818359375e-05
delete time:1.3589859008789062e-05
delete time:3.528594970703125e-05
delete time:2.6702880859375e-05
delete time:1.8596649169921875e-05
delete time:1.3589859008789062e-05
delete time:2.3126602172851562e-05
delete time:2.8133392333984375e-05
delete time:1.8596649169921875e-05
delete time:2.1696090698242188e-05
delete time:2.193450927734375e-05
delete time:1.9788742065429688e-05
delete time:3.504753112792969e-05
delete time:1.811981201171875e-05
delete time:2.193450927734375e-05
delete time:2.288818359375e-05
delete time:3.24249267578125e-05
delete time:2.0503997802734375e-05
delete time:1.811981201171875e-05
delete time:2.3365020751953125e-05
delete time:1.8835067749023438e-05
delete time:2.288818359375e-05
delete time:2.384185791015625e-05
delete time:2.5272369384765625e-05
delete time:1.7881393432617188e-05
delete time:2.1219253540039062e-05
delete time:2.002716064453125e-05
delete time:2.2411346435546875e-05
delete time:2.2172927856445312e-05
delete time:4.1961669921875e-05
delete time:1.811981201171875e-05
delete time:1.8596649169921875e-05
delete time:2.0742416381835938e-05
delete time:2.8371810913085938e-05
delete time:2.288818359375e-05
delete time:3.0279159545898438e-05
delete time:2.2411346435546875e-05
delete time:2.2172927856445312e-05
delete time:2.4318695068359375e-05
delete time:2.3365020751953125e-05
delete time:1.4543533325195312e-05
delete time:3.981590270996094e-05
delete time:3.719329833984375e-05
delete time:3.647804260253906e-05
delete time:4.291534423828125e-05
delete time:3.9577484130859375e-05
delete time:2.5987625122070312e-05
delete time:2.4318695068359375e-05
delete time:2.3603439331054688e-05
delete time:2.4318695068359375e-05
delete time:1.9788742065429688e-05
delete time:1.8596649169921875e-05
delete time:1.9550323486328125e-05
delete time:1.9550323486328125e-05
delete time:1.811981201171875e-05
delete time:1.9073486328125e-05
delete time:2.8848648071289062e-05
delete time:2.1696090698242188e-05
delete time:1.9073486328125e-05
delete time:2.193450927734375e-05
delete time:2.4318695068359375e-05
delete time:2.3365020751953125e-05
delete time:1.6689300537109375e-05
delete time:2.4557113647460938e-05
delete time:2.7894973754882812e-05
delete time:2.193450927734375e-05
delete time:1.9311904907226562e-05
delete time:2.3126602172851562e-05
delete time:1.7642974853515625e-05
delete time:2.0742416381835938e-05
delete time:2.1457672119140625e-05
delete time:1.9550323486328125e-05
delete time:2.1457672119140625e-05
delete time:2.4557113647460938e-05
delete time:1.6927719116210938e-05
delete time:1.9550323486328125e-05
delete time:2.6464462280273438e-05
delete time:2.8133392333984375e-05
delete time:3.337860107421875e-05
delete time:2.0503997802734375e-05
delete time:3.743171691894531e-05
delete time:1.9550323486328125e-05
delete time:2.0742416381835938e-05
delete time:3.123283386230469e-05
delete time:1.5974044799804688e-05
delete time:2.0742416381835938e-05
delete time:2.4557113647460938e-05
delete time:2.6464462280273438e-05
delete time:3.647804260253906e-05
delete time:1.7404556274414062e-05
delete time:2.0503997802734375e-05
delete time:2.0742416381835938e-05
delete time:2.8133392333984375e-05
delete time:2.193450927734375e-05
delete time:2.6464462280273438e-05
delete time:2.0265579223632812e-05
delete time:1.6927719116210938e-05
delete time:1.4543533325195312e-05
delete time:2.6226043701171875e-05
delete time:2.8848648071289062e-05
delete time:1.7881393432617188e-05
delete time:2.5510787963867188e-05
delete time:1.9311904907226562e-05
delete time:1.8835067749023438e-05
delete time:2.384185791015625e-05
delete time:2.86102294921875e-05
delete time:2.3126602172851562e-05
delete time:1.9073486328125e-05
delete time:3.0040740966796875e-05
delete time:2.2411346435546875e-05
delete time:3.552436828613281e-05
delete time:3.0994415283203125e-05
delete time:1.71661376953125e-05
delete time:2.4080276489257812e-05
delete time:1.3589859008789062e-05
delete time:2.2411346435546875e-05
delete time:1.5735626220703125e-05
delete time:1.9550323486328125e-05
delete time:2.384185791015625e-05
delete time:2.3365020751953125e-05
delete time:2.3603439331054688e-05
delete time:2.384185791015625e-05
delete time:1.6450881958007812e-05
delete time:1.7881393432617188e-05
delete time:3.0994415283203125e-05
delete time:2.956390380859375e-05
delete time:2.09808349609375e-05
delete time:2.4557113647460938e-05
delete time:2.2649765014648438e-05
delete time:2.86102294921875e-05
delete time:1.5974044799804688e-05
delete time:1.9550323486328125e-05
delete time:2.3603439331054688e-05
delete time:2.9325485229492188e-05
delete time:2.002716064453125e-05
delete time:1.621246337890625e-05
delete time:2.3603439331054688e-05
delete time:2.5987625122070312e-05
delete time:1.811981201171875e-05
delete time:2.2649765014648438e-05
delete time:2.3126602172851562e-05
delete time:3.457069396972656e-05
delete time:2.574920654296875e-05
delete time:2.4557113647460938e-05
delete time:2.86102294921875e-05
delete time:1.71661376953125e-05
delete time:2.9087066650390625e-05
delete time:2.5510787963867188e-05
delete time:2.6226043701171875e-05
delete time:1.71661376953125e-05
delete time:1.6689300537109375e-05
delete time:2.09808349609375e-05
delete time:2.4318695068359375e-05
delete time:4.5299530029296875e-05
delete time:2.1696090698242188e-05
delete time:1.8835067749023438e-05
delete time:2.9802322387695312e-05
delete time:2.3603439331054688e-05
delete time:1.621246337890625e-05
delete time:2.1696090698242188e-05
delete time:2.193450927734375e-05
delete time:2.6226043701171875e-05
delete time:2.1219253540039062e-05
delete time:3.5762786865234375e-05
delete time:3.4332275390625e-05
delete time:1.9788742065429688e-05
delete time:2.2411346435546875e-05
delete time:2.4318695068359375e-05
delete time:3.528594970703125e-05
delete time:2.7179718017578125e-05
delete time:1.71661376953125e-05
delete time:2.4318695068359375e-05
delete time:2.0503997802734375e-05
delete time:1.4781951904296875e-05
delete time:2.5033950805664062e-05
delete time:3.457069396972656e-05
delete time:2.3365020751953125e-05
delete time:2.09808349609375e-05
delete time:2.2411346435546875e-05
delete time:2.4080276489257812e-05
delete time:2.193450927734375e-05
delete time:2.0265579223632812e-05
delete time:1.4066696166992188e-05
delete time:3.170967102050781e-05
delete time:2.5033950805664062e-05
delete time:1.9073486328125e-05
delete time:4.100799560546875e-05
delete time:1.8358230590820312e-05
delete time:1.8596649169921875e-05
delete time:2.09808349609375e-05
delete time:1.9550323486328125e-05
delete time:2.765655517578125e-05
delete time:2.4080276489257812e-05
delete time:1.9311904907226562e-05
delete time:2.384185791015625e-05
delete time:2.2411346435546875e-05
delete time:2.8133392333984375e-05
delete time:2.4318695068359375e-05
delete time:2.4557113647460938e-05
delete time:2.2649765014648438e-05
delete time:2.8848648071289062e-05
delete time:1.621246337890625e-05
delete time:1.6689300537109375e-05
delete time:2.2172927856445312e-05
delete time:1.9550323486328125e-05
delete time:2.288818359375e-05
delete time:2.0742416381835938e-05
delete time:3.147125244140625e-05
delete time:2.9087066650390625e-05
delete time:3.170967102050781e-05
delete time:1.811981201171875e-05
delete time:1.621246337890625e-05
delete time:3.24249267578125e-05
delete time:3.695487976074219e-05
delete time:2.0265579223632812e-05
delete time:2.8133392333984375e-05
delete time:2.1457672119140625e-05
delete time:2.5272369384765625e-05
delete time:2.1457672119140625e-05
delete time:3.361701965332031e-05
delete time:2.4080276489257812e-05
delete time:2.7418136596679688e-05
delete time:1.811981201171875e-05
delete time:1.430511474609375e-05
delete time:1.9073486328125e-05
delete time:1.6689300537109375e-05
delete time:1.52587890625e-05
delete time:2.5987625122070312e-05
delete time:2.384185791015625e-05
delete time:2.1696090698242188e-05
delete time:2.3603439331054688e-05
delete time:2.6226043701171875e-05
delete time:1.8596649169921875e-05
delete time:2.002716064453125e-05
delete time:2.288818359375e-05
delete time:3.24249267578125e-05
delete time:2.384185791015625e-05
delete time:2.765655517578125e-05
delete time:3.504753112792969e-05
delete time:2.5987625122070312e-05
delete time:2.193450927734375e-05
delete time:3.0994415283203125e-05
delete time:2.1219253540039062e-05
delete time:3.218650817871094e-05
delete time:2.3365020751953125e-05
delete time:2.574920654296875e-05
delete time:2.193450927734375e-05
delete time:1.8596649169921875e-05
delete time:1.621246337890625e-05
delete time:2.0503997802734375e-05
delete time:1.6450881958007812e-05
delete time:1.52587890625e-05
delete time:2.6941299438476562e-05
delete time:1.8596649169921875e-05
delete time:1.811981201171875e-05
delete time:1.8596649169921875e-05
delete time:1.9311904907226562e-05
delete time:2.4080276489257812e-05
delete time:2.6226043701171875e-05
delete time:2.193450927734375e-05
delete time:1.9788742065429688e-05
delete time:2.002716064453125e-05
delete time:1.7404556274414062e-05
delete time:2.0742416381835938e-05
delete time:3.1948089599609375e-05
delete time:3.24249267578125e-05
delete time:2.002716064453125e-05
delete time:1.6689300537109375e-05
delete time:3.2901763916015625e-05
delete time:1.5974044799804688e-05
delete time:2.574920654296875e-05
delete time:2.6941299438476562e-05
delete time:2.7894973754882812e-05
delete time:1.9073486328125e-05
delete time:1.71661376953125e-05
delete time:2.2411346435546875e-05
delete time:2.6941299438476562e-05
delete time:1.7642974853515625e-05
delete time:3.814697265625e-05
delete time:2.002716064453125e-05
delete time:1.9550323486328125e-05
delete time:1.4781951904296875e-05
delete time:2.6702880859375e-05
delete time:2.2411346435546875e-05
delete time:2.3126602172851562e-05
delete time:2.0742416381835938e-05
delete time:1.5735626220703125e-05
delete time:2.2172927856445312e-05
delete time:1.4781951904296875e-05
delete time:2.7894973754882812e-05
delete time:2.8133392333984375e-05
delete time:1.7404556274414062e-05
delete time:2.3603439331054688e-05
delete time:2.47955322265625e-05
delete time:2.5272369384765625e-05
delete time:2.574920654296875e-05
delete time:2.7418136596679688e-05
delete time:3.170967102050781e-05
delete time:1.5735626220703125e-05
delete time:2.4557113647460938e-05
delete time:2.0265579223632812e-05
delete time:1.5735626220703125e-05
delete time:1.6450881958007812e-05
delete time:2.3126602172851562e-05
delete time:1.5735626220703125e-05
delete time:2.2649765014648438e-05
delete time:2.5272369384765625e-05
delete time:2.002716064453125e-05
delete time:1.7404556274414062e-05
delete time:2.8133392333984375e-05
delete time:2.1696090698242188e-05
delete time:2.2411346435546875e-05
delete time:3.0040740966796875e-05
delete time:1.9550323486328125e-05
delete time:3.6716461181640625e-05
delete time:2.7418136596679688e-05
delete time:1.3828277587890625e-05
delete time:2.288818359375e-05
delete time:2.7179718017578125e-05
delete time:2.5272369384765625e-05
delete time:1.9550323486328125e-05
delete time:2.1696090698242188e-05
delete time:2.3126602172851562e-05
delete time:2.0503997802734375e-05
delete time:2.2172927856445312e-05
delete time:2.5033950805664062e-05
delete time:2.765655517578125e-05
delete time:2.384185791015625e-05
delete time:2.2649765014648438e-05
delete time:1.71661376953125e-05
delete time:1.6450881958007812e-05
delete time:2.86102294921875e-05
delete time:2.3126602172851562e-05
delete time:2.193450927734375e-05
delete time:3.4332275390625e-05
delete time:1.9311904907226562e-05
delete time:2.2411346435546875e-05
delete time:2.2411346435546875e-05
delete time:1.7642974853515625e-05
delete time:2.2411346435546875e-05
delete time:2.2649765014648438e-05
delete time:2.288818359375e-05
delete time:2.1219253540039062e-05
delete time:2.288818359375e-05
delete time:1.6689300537109375e-05
delete time:2.2411346435546875e-05
delete time:2.8371810913085938e-05
delete time:1.71661376953125e-05
delete time:2.8848648071289062e-05
delete time:1.9550323486328125e-05
delete time:1.7881393432617188e-05
delete time:1.5497207641601562e-05
delete time:2.4318695068359375e-05
delete time:2.09808349609375e-05
delete time:1.9550323486328125e-05
delete time:2.86102294921875e-05
delete time:1.9550323486328125e-05
delete time:2.7418136596679688e-05
delete time:2.5510787963867188e-05
delete time:2.3603439331054688e-05
delete time:1.7642974853515625e-05
delete time:2.288818359375e-05
delete time:2.2411346435546875e-05
delete time:3.814697265625e-05
delete time:1.8596649169921875e-05
delete time:2.0742416381835938e-05
delete time:1.8835067749023438e-05
delete time:1.4543533325195312e-05
delete time:1.5735626220703125e-05
delete time:2.6226043701171875e-05
delete time:1.6689300537109375e-05
delete time:2.2411346435546875e-05
delete time:2.09808349609375e-05
delete time:2.765655517578125e-05
delete time:2.1696090698242188e-05
delete time:1.6927719116210938e-05
delete time:2.7418136596679688e-05
delete time:2.2172927856445312e-05
delete time:2.574920654296875e-05
delete time:2.288818359375e-05
delete time:3.4809112548828125e-05
delete time:2.3126602172851562e-05
delete time:1.9073486328125e-05
delete time:2.3126602172851562e-05
delete time:1.9550323486328125e-05
delete time:2.193450927734375e-05
delete time:2.5510787963867188e-05
delete time:2.2172927856445312e-05
delete time:2.5987625122070312e-05
delete time:2.4080276489257812e-05
delete time:1.9788742065429688e-05
delete time:2.8133392333984375e-05
delete time:2.384185791015625e-05
delete time:2.8133392333984375e-05
delete time:2.7179718017578125e-05
delete time:2.2172927856445312e-05
delete time:2.1696090698242188e-05
delete time:2.6464462280273438e-05
delete time:2.3126602172851562e-05
delete time:2.3126602172851562e-05
delete time:1.9788742065429688e-05
delete time:2.384185791015625e-05
delete time:2.3365020751953125e-05
delete time:3.62396240234375e-05
delete time:2.2172927856445312e-05
delete time:2.5987625122070312e-05
delete time:2.0503997802734375e-05
delete time:1.9788742065429688e-05
delete time:2.4080276489257812e-05
delete time:2.9802322387695312e-05
delete time:2.6941299438476562e-05
delete time:2.1219253540039062e-05
delete time:4.5299530029296875e-05
delete time:1.7881393432617188e-05
delete time:2.1457672119140625e-05
delete time:2.2649765014648438e-05
delete time:2.09808349609375e-05
delete time:2.5510787963867188e-05
delete time:2.4318695068359375e-05
delete time:2.0265579223632812e-05
delete time:2.3603439331054688e-05
delete time:1.430511474609375e-05
delete time:1.7404556274414062e-05
delete time:1.621246337890625e-05
delete time:2.1219253540039062e-05
delete time:2.2411346435546875e-05
delete time:2.5987625122070312e-05
delete time:2.574920654296875e-05
delete time:2.7894973754882812e-05
delete time:2.4318695068359375e-05
delete time:1.4781951904296875e-05
delete time:3.886222839355469e-05
delete time:2.1219253540039062e-05
delete time:2.7179718017578125e-05
delete time:2.1457672119140625e-05
delete time:1.4781951904296875e-05
delete time:1.811981201171875e-05
delete time:2.3603439331054688e-05
delete time:1.71661376953125e-05
delete time:2.6941299438476562e-05
delete time:1.7642974853515625e-05
delete time:1.9311904907226562e-05
delete time:2.1219253540039062e-05
delete time:2.3603439331054688e-05
delete time:3.361701965332031e-05
delete time:2.4080276489257812e-05
delete time:2.2649765014648438e-05
delete time:2.1457672119140625e-05
delete time:3.218650817871094e-05
delete time:2.3603439331054688e-05
delete time:1.5735626220703125e-05
delete time:1.9550323486328125e-05
delete time:2.3365020751953125e-05
delete time:2.7418136596679688e-05
delete time:2.3365020751953125e-05
delete time:2.4080276489257812e-05
delete time:1.71661376953125e-05
delete time:2.6464462280273438e-05
delete time:2.193450927734375e-05
delete time:1.811981201171875e-05
delete time:2.4557113647460938e-05
delete time:2.4318695068359375e-05
delete time:2.2411346435546875e-05
delete time:3.0040740966796875e-05
delete time:2.0742416381835938e-05
delete time:2.6226043701171875e-05
delete time:2.4318695068359375e-05
delete time:1.9073486328125e-05
delete time:2.2172927856445312e-05
delete time:2.2172927856445312e-05
delete time:2.7179718017578125e-05
delete time:3.1948089599609375e-05
delete time:1.9550323486328125e-05
delete time:2.6941299438476562e-05
delete time:2.384185791015625e-05
delete time:2.5510787963867188e-05
delete time:2.5987625122070312e-05
delete time:2.9325485229492188e-05
delete time:3.266334533691406e-05
delete time:2.3126602172851562e-05
delete time:1.4543533325195312e-05
delete time:2.0503997802734375e-05
delete time:2.4557113647460938e-05
delete time:4.124641418457031e-05
delete time:1.9550323486328125e-05
delete time:3.0040740966796875e-05
delete time:1.71661376953125e-05
delete time:2.4080276489257812e-05
delete time:2.4080276489257812e-05
delete time:1.9550323486328125e-05
delete time:2.2172927856445312e-05
delete time:1.4066696166992188e-05
delete time:1.4781951904296875e-05
delete time:2.5033950805664062e-05
delete time:1.71661376953125e-05
delete time:1.4543533325195312e-05
delete time:2.09808349609375e-05
delete time:3.314018249511719e-05
delete time:2.0742416381835938e-05
delete time:2.5987625122070312e-05
delete time:2.6702880859375e-05
delete time:2.5510787963867188e-05
delete time:1.52587890625e-05
delete time:2.47955322265625e-05
delete time:2.4557113647460938e-05
delete time:3.933906555175781e-05
delete time:2.765655517578125e-05
delete time:3.0994415283203125e-05
delete time:3.0994415283203125e-05
delete time:1.71661376953125e-05
delete time:2.4080276489257812e-05
delete time:3.8623809814453125e-05
delete time:2.2411346435546875e-05
delete time:1.8358230590820312e-05
delete time:1.7881393432617188e-05
delete time:1.33514404296875e-05
delete time:2.4557113647460938e-05
delete time:1.5974044799804688e-05
delete time:2.3365020751953125e-05
delete time:3.1948089599609375e-05
delete time:1.621246337890625e-05
delete time:2.6941299438476562e-05
delete time:2.5033950805664062e-05
delete time:2.193450927734375e-05
delete time:1.9550323486328125e-05
delete time:1.9550323486328125e-05
delete time:1.9311904907226562e-05
delete time:2.384185791015625e-05
delete time:2.09808349609375e-05
delete time:1.9073486328125e-05
delete time:1.7881393432617188e-05
delete time:2.2411346435546875e-05
delete time:3.075599670410156e-05
delete time:1.7881393432617188e-05
delete time:2.956390380859375e-05
delete time:1.9788742065429688e-05
delete time:1.8835067749023438e-05
delete time:2.0265579223632812e-05
delete time:2.5033950805664062e-05
delete time:1.6927719116210938e-05
delete time:2.2172927856445312e-05
delete time:2.1219253540039062e-05
delete time:1.2874603271484375e-05
delete time:1.71661376953125e-05
delete time:2.3365020751953125e-05
delete time:3.528594970703125e-05
delete time:2.5272369384765625e-05
delete time:1.5735626220703125e-05
delete time:2.0742416381835938e-05
delete time:2.2172927856445312e-05
delete time:1.5497207641601562e-05
delete time:2.0265579223632812e-05
delete time:2.2411346435546875e-05
delete time:3.266334533691406e-05
delete time:2.002716064453125e-05
delete time:3.504753112792969e-05
delete time:2.193450927734375e-05
delete time:2.9325485229492188e-05
delete time:2.7418136596679688e-05
delete time:2.3365020751953125e-05
delete time:1.9073486328125e-05
delete time:3.170967102050781e-05
delete time:2.0503997802734375e-05
delete time:1.6689300537109375e-05
delete time:2.2411346435546875e-05
delete time:3.1948089599609375e-05
delete time:2.5510787963867188e-05
delete time:1.4781951904296875e-05
delete time:3.6716461181640625e-05
delete time:1.9788742065429688e-05
delete time:1.8358230590820312e-05
delete time:1.3589859008789062e-05
delete time:2.4318695068359375e-05
delete time:2.4080276489257812e-05
delete time:2.956390380859375e-05
delete time:2.9802322387695312e-05
delete time:2.2172927856445312e-05
delete time:2.47955322265625e-05
delete time:1.9788742065429688e-05
delete time:2.0503997802734375e-05
delete time:1.4781951904296875e-05
delete time:2.574920654296875e-05
delete time:2.288818359375e-05
delete time:3.24249267578125e-05
delete time:2.2172927856445312e-05
delete time:2.6464462280273438e-05
delete time:1.430511474609375e-05
delete time:1.9788742065429688e-05
delete time:2.288818359375e-05
delete time:2.5987625122070312e-05
delete time:1.811981201171875e-05
delete time:1.621246337890625e-05
delete time:1.71661376953125e-05
delete time:2.6226043701171875e-05
delete time:2.4318695068359375e-05
delete time:1.7404556274414062e-05
delete time:1.621246337890625e-05
delete time:2.3365020751953125e-05
delete time:2.0742416381835938e-05
delete time:2.574920654296875e-05
delete time:2.1696090698242188e-05
delete time:2.1696090698242188e-05
delete time:1.7642974853515625e-05
delete time:1.9550323486328125e-05
delete time:1.6689300537109375e-05
delete time:2.288818359375e-05
delete time:3.075599670410156e-05
delete time:2.384185791015625e-05
delete time:1.5735626220703125e-05
delete time:2.5510787963867188e-05
delete time:2.1219253540039062e-05
delete time:2.2411346435546875e-05
delete time:1.811981201171875e-05
delete time:2.1696090698242188e-05
delete time:2.1696090698242188e-05
delete time:4.1961669921875e-05
delete time:2.2411346435546875e-05
delete time:1.9550323486328125e-05
delete time:1.4543533325195312e-05
delete time:2.574920654296875e-05
delete time:2.765655517578125e-05
delete time:2.7179718017578125e-05
delete time:2.002716064453125e-05
delete time:1.9550323486328125e-05
delete time:2.0742416381835938e-05
delete time:2.0742416381835938e-05
delete time:2.2649765014648438e-05
delete time:1.7642974853515625e-05
delete time:2.6941299438476562e-05
delete time:2.2411346435546875e-05
delete time:2.3365020751953125e-05
delete time:3.5762786865234375e-05
delete time:2.4080276489257812e-05
delete time:2.4318695068359375e-05
delete time:3.7670135498046875e-05
delete time:2.574920654296875e-05
delete time:2.6226043701171875e-05
delete time:1.811981201171875e-05
delete time:1.7881393432617188e-05
delete time:2.2649765014648438e-05
delete time:3.695487976074219e-05
delete time:2.002716064453125e-05
delete time:2.9325485229492188e-05
delete time:2.384185791015625e-05
delete time:1.811981201171875e-05
delete time:3.170967102050781e-05
delete time:2.288818359375e-05
delete time:3.600120544433594e-05
delete time:2.6464462280273438e-05
delete time:2.6941299438476562e-05
delete time:2.6226043701171875e-05
delete time:1.6689300537109375e-05
delete time:1.9550323486328125e-05
delete time:1.6689300537109375e-05
delete time:2.8371810913085938e-05
delete time:3.361701965332031e-05
delete time:1.811981201171875e-05
delete time:2.288818359375e-05
delete time:3.504753112792969e-05
delete time:2.4557113647460938e-05
delete time:2.3365020751953125e-05
delete time:2.1219253540039062e-05
delete time:2.002716064453125e-05
delete time:3.409385681152344e-05
delete time:2.9087066650390625e-05
delete time:4.0531158447265625e-05
delete time:2.47955322265625e-05
delete time:2.5510787963867188e-05
delete time:2.2649765014648438e-05
delete time:2.5510787963867188e-05
delete time:2.5272369384765625e-05
delete time:2.3603439331054688e-05
delete time:2.47955322265625e-05
delete time:1.4543533325195312e-05
delete time:2.0742416381835938e-05
delete time:2.2649765014648438e-05
delete time:1.9550323486328125e-05
delete time:2.956390380859375e-05
delete time:1.6450881958007812e-05
delete time:2.5987625122070312e-05
delete time:3.528594970703125e-05
delete time:2.384185791015625e-05
delete time:2.7418136596679688e-05
delete time:2.86102294921875e-05
delete time:1.7642974853515625e-05
delete time:2.288818359375e-05
delete time:1.8596649169921875e-05
delete time:2.6941299438476562e-05
delete time:3.457069396972656e-05
delete time:2.8133392333984375e-05
delete time:2.4318695068359375e-05
delete time:2.7418136596679688e-05
delete time:2.288818359375e-05
delete time:1.7881393432617188e-05
delete time:2.574920654296875e-05
delete time:2.3365020751953125e-05
delete time:2.4557113647460938e-05
delete time:2.3365020751953125e-05
delete time:2.0503997802734375e-05
delete time:2.4557113647460938e-05
delete time:2.1696090698242188e-05
delete time:3.504753112792969e-05
delete time:3.790855407714844e-05
delete time:3.743171691894531e-05
delete time:2.2411346435546875e-05
delete time:1.8835067749023438e-05
delete time:2.5033950805664062e-05
delete time:2.3126602172851562e-05
delete time:2.384185791015625e-05
delete time:1.9550323486328125e-05
delete time:2.1457672119140625e-05
delete time:3.24249267578125e-05
delete time:2.4557113647460938e-05
delete time:2.193450927734375e-05
delete time:1.7642974853515625e-05
delete time:3.0994415283203125e-05
delete time:2.0265579223632812e-05
delete time:3.3855438232421875e-05
delete time:3.1948089599609375e-05
delete time:2.4080276489257812e-05
delete time:1.8596649169921875e-05
delete time:3.504753112792969e-05
delete time:1.9788742065429688e-05
delete time:1.7404556274414062e-05
delete time:1.9311904907226562e-05
delete time:3.24249267578125e-05
delete time:2.384185791015625e-05
delete time:1.7642974853515625e-05
delete time:2.2649765014648438e-05
delete time:2.0742416381835938e-05
delete time:2.3365020751953125e-05
delete time:2.1457672119140625e-05
delete time:1.8835067749023438e-05
delete time:2.09808349609375e-05
delete time:2.0742416381835938e-05
delete time:2.8371810913085938e-05
delete time:1.5735626220703125e-05
delete time:2.574920654296875e-05
delete time:2.3365020751953125e-05
delete time:4.029273986816406e-05
delete time:2.3365020751953125e-05
delete time:1.9073486328125e-05
delete time:2.193450927734375e-05
delete time:2.002716064453125e-05
delete time:1.811981201171875e-05
delete time:2.4318695068359375e-05
delete time:1.9550323486328125e-05
delete time:2.384185791015625e-05
delete time:2.7418136596679688e-05
delete time:2.09808349609375e-05
delete time:3.1948089599609375e-05
delete time:3.218650817871094e-05
delete time:2.8848648071289062e-05
delete time:1.9311904907226562e-05
delete time:2.193450927734375e-05
delete time:2.0742416381835938e-05
delete time:2.86102294921875e-05
delete time:1.9073486328125e-05
delete time:2.2411346435546875e-05
delete time:1.8835067749023438e-05
delete time:2.6941299438476562e-05
delete time:3.8623809814453125e-05
delete time:2.3126602172851562e-05
delete time:1.9788742065429688e-05
delete time:2.0503997802734375e-05
delete time:1.811981201171875e-05
delete time:2.2411346435546875e-05
delete time:2.47955322265625e-05
delete time:2.288818359375e-05
delete time:1.9311904907226562e-05
delete time:3.123283386230469e-05
delete time:1.6927719116210938e-05
delete time:2.8133392333984375e-05
delete time:2.0503997802734375e-05
delete time:2.1457672119140625e-05
delete time:2.1696090698242188e-05
delete time:1.9311904907226562e-05
delete time:2.4557113647460938e-05
delete time:3.9577484130859375e-05
delete time:1.7881393432617188e-05
delete time:3.218650817871094e-05
delete time:1.7881393432617188e-05
delete time:1.9073486328125e-05
delete time:1.4781951904296875e-05
delete time:2.47955322265625e-05
delete time:2.0503997802734375e-05
delete time:2.288818359375e-05
delete time:1.8358230590820312e-05
delete time:2.1219253540039062e-05
delete time:3.2901763916015625e-05
delete time:2.0742416381835938e-05
delete time:2.6464462280273438e-05
delete time:2.4080276489257812e-05
delete time:1.9073486328125e-05
delete time:3.7670135498046875e-05
delete time:2.765655517578125e-05
delete time:3.0040740966796875e-05
delete time:2.574920654296875e-05
delete time:4.863739013671875e-05
delete time:3.2901763916015625e-05
delete time:2.1696090698242188e-05
delete time:2.0503997802734375e-05
delete time:3.6716461181640625e-05
delete time:4.363059997558594e-05
delete time:2.5987625122070312e-05
delete time:2.2649765014648438e-05
delete time:2.5510787963867188e-05
delete time:2.574920654296875e-05
delete time:2.2172927856445312e-05
delete time:2.7179718017578125e-05
delete time:2.5987625122070312e-05
delete time:1.5735626220703125e-05
delete time:2.9087066650390625e-05
delete time:1.9073486328125e-05
delete time:1.5974044799804688e-05
delete time:3.24249267578125e-05
delete time:2.384185791015625e-05
delete time:1.9311904907226562e-05
delete time:3.0279159545898438e-05
delete time:2.193450927734375e-05
delete time:1.8358230590820312e-05
delete time:2.1696090698242188e-05
delete time:2.2172927856445312e-05
delete time:3.600120544433594e-05
delete time:2.7179718017578125e-05
delete time:2.8133392333984375e-05
delete time:2.5033950805664062e-05
delete time:2.956390380859375e-05
delete time:2.2411346435546875e-05
delete time:2.3365020751953125e-05
delete time:2.9325485229492188e-05
delete time:1.8835067749023438e-05
delete time:1.9788742065429688e-05
delete time:2.3603439331054688e-05
delete time:2.3126602172851562e-05
delete time:4.696846008300781e-05
delete time:2.0742416381835938e-05
delete time:2.5033950805664062e-05
delete time:2.6941299438476562e-05
delete time:1.430511474609375e-05
delete time:3.170967102050781e-05
delete time:2.2649765014648438e-05
delete time:1.8835067749023438e-05
delete time:1.3589859008789062e-05
delete time:2.7894973754882812e-05
delete time:1.811981201171875e-05
delete time:2.1696090698242188e-05
delete time:2.8133392333984375e-05
delete time:2.3603439331054688e-05
delete time:2.1696090698242188e-05
delete time:2.3365020751953125e-05
delete time:2.6702880859375e-05
delete time:2.0742416381835938e-05
delete time:2.193450927734375e-05
delete time:2.4080276489257812e-05
delete time:2.2649765014648438e-05
delete time:2.1219253540039062e-05
delete time:2.193450927734375e-05
delete time:1.5735626220703125e-05
delete time:2.1457672119140625e-05
delete time:3.361701965332031e-05
delete time:2.5033950805664062e-05
delete time:1.9550323486328125e-05
delete time:2.8848648071289062e-05
delete time:2.002716064453125e-05
delete time:3.123283386230469e-05
delete time:1.2159347534179688e-05
delete time:1.6689300537109375e-05
delete time:2.5033950805664062e-05
delete time:3.1948089599609375e-05
delete time:2.7418136596679688e-05
delete time:2.2649765014648438e-05
delete time:2.5987625122070312e-05
delete time:2.9325485229492188e-05
delete time:2.2411346435546875e-05
delete time:1.811981201171875e-05
delete time:2.0503997802734375e-05
delete time:4.315376281738281e-05
delete time:2.3126602172851562e-05
delete time:2.9802322387695312e-05
delete time:2.2649765014648438e-05
delete time:4.57763671875e-05
delete time:1.5497207641601562e-05
delete time:2.765655517578125e-05
delete time:2.9802322387695312e-05
delete time:2.2172927856445312e-05
delete time:2.3365020751953125e-05
delete time:2.002716064453125e-05
delete time:4.0531158447265625e-05
delete time:2.5033950805664062e-05
delete time:2.2172927856445312e-05
delete time:1.71661376953125e-05
delete time:2.9087066650390625e-05
delete time:2.6702880859375e-05
delete time:1.9550323486328125e-05
delete time:2.5033950805664062e-05
delete time:2.6464462280273438e-05
delete time:4.2438507080078125e-05
delete time:2.6702880859375e-05
delete time:2.193450927734375e-05
delete time:1.5497207641601562e-05
delete time:2.2649765014648438e-05
delete time:1.5735626220703125e-05
delete time:4.100799560546875e-05
delete time:2.4557113647460938e-05
delete time:3.147125244140625e-05
delete time:1.7881393432617188e-05
delete time:1.9311904907226562e-05
delete time:2.7179718017578125e-05
delete time:2.4318695068359375e-05
delete time:2.1457672119140625e-05
delete time:2.47955322265625e-05
delete time:2.6464462280273438e-05
delete time:1.811981201171875e-05
delete time:2.193450927734375e-05
delete time:2.2649765014648438e-05
delete time:2.9325485229492188e-05
delete time:2.7179718017578125e-05
delete time:1.9311904907226562e-05
delete time:1.71661376953125e-05
delete time:2.09808349609375e-05
delete time:4.172325134277344e-05
delete time:2.574920654296875e-05
delete time:2.1457672119140625e-05
delete time:2.1219253540039062e-05
delete time:3.0279159545898438e-05
delete time:2.5033950805664062e-05
delete time:0.00010204315185546875
delete time:2.1696090698242188e-05
delete time:1.8835067749023438e-05
delete time:2.6226043701171875e-05
delete time:2.6702880859375e-05
delete time:3.24249267578125e-05
delete time:1.8835067749023438e-05
delete time:2.4318695068359375e-05
delete time:2.0265579223632812e-05
delete time:1.621246337890625e-05
delete time:2.86102294921875e-05
delete time:1.5497207641601562e-05
delete time:2.0265579223632812e-05
delete time:2.288818359375e-05
delete time:2.4557113647460938e-05
delete time:2.8133392333984375e-05
delete time:2.47955322265625e-05
delete time:1.5974044799804688e-05
delete time:2.288818359375e-05
delete time:1.7404556274414062e-05
delete time:1.9073486328125e-05
delete time:2.1457672119140625e-05
delete time:2.86102294921875e-05
delete time:2.0265579223632812e-05
delete time:2.6464462280273438e-05
delete time:2.0742416381835938e-05
delete time:2.0265579223632812e-05
delete time:2.2649765014648438e-05
delete time:2.4080276489257812e-05
delete time:2.1457672119140625e-05
delete time:2.193450927734375e-05
delete time:3.361701965332031e-05
delete time:2.4318695068359375e-05
delete time:2.9802322387695312e-05
delete time:3.9577484130859375e-05
delete time:2.4318695068359375e-05
delete time:2.9325485229492188e-05
delete time:2.288818359375e-05
delete time:2.3365020751953125e-05
delete time:2.47955322265625e-05
delete time:1.8596649169921875e-05
delete time:2.4080276489257812e-05
delete time:2.288818359375e-05
delete time:1.8358230590820312e-05
delete time:2.9325485229492188e-05
delete time:2.765655517578125e-05
delete time:3.2901763916015625e-05
delete time:2.0742416381835938e-05
delete time:2.1219253540039062e-05
delete time:3.528594970703125e-05
delete time:2.3365020751953125e-05
delete time:0.00010752677917480469
delete time:1.6689300537109375e-05
delete time:1.7881393432617188e-05
delete time:3.266334533691406e-05
delete time:2.5510787963867188e-05
delete time:2.09808349609375e-05
delete time:1.8596649169921875e-05
delete time:1.8358230590820312e-05
delete time:2.86102294921875e-05
delete time:1.6450881958007812e-05
delete time:2.1457672119140625e-05
delete time:4.00543212890625e-05
delete time:1.9788742065429688e-05
delete time:2.384185791015625e-05
delete time:2.2649765014648438e-05
delete time:2.574920654296875e-05
delete time:1.621246337890625e-05
delete time:2.1219253540039062e-05
delete time:2.2172927856445312e-05
delete time:1.1920928955078125e-05
delete time:2.5510787963867188e-05
delete time:4.363059997558594e-05
delete time:1.9073486328125e-05
delete time:1.3113021850585938e-05
delete time:2.8371810913085938e-05
delete time:2.4557113647460938e-05
delete time:2.1457672119140625e-05
delete time:2.7418136596679688e-05
delete time:1.8835067749023438e-05
delete time:3.8623809814453125e-05
delete time:2.2411346435546875e-05
delete time:2.574920654296875e-05
delete time:3.4809112548828125e-05
delete time:1.7404556274414062e-05
delete time:2.3365020751953125e-05
delete time:2.09808349609375e-05
delete time:2.5510787963867188e-05
delete time:3.886222839355469e-05
delete time:2.47955322265625e-05
delete time:1.9311904907226562e-05
delete time:2.193450927734375e-05
delete time:1.52587890625e-05
delete time:2.6464462280273438e-05
delete time:1.9073486328125e-05
delete time:2.6464462280273438e-05
delete time:4.076957702636719e-05
delete time:3.4809112548828125e-05
delete time:2.7418136596679688e-05
delete time:2.09808349609375e-05
delete time:1.9073486328125e-05
delete time:2.47955322265625e-05
delete time:2.86102294921875e-05
delete time:2.1219253540039062e-05
delete time:1.7642974853515625e-05
delete time:2.6941299438476562e-05
delete time:2.574920654296875e-05
delete time:2.8371810913085938e-05
delete time:2.1696090698242188e-05
delete time:2.0265579223632812e-05
delete time:2.384185791015625e-05
delete time:2.4080276489257812e-05
delete time:2.3603439331054688e-05
delete time:2.288818359375e-05
delete time:2.5033950805664062e-05
delete time:3.7670135498046875e-05
delete time:1.7404556274414062e-05
delete time:2.4318695068359375e-05
delete time:2.3603439331054688e-05
delete time:4.0531158447265625e-05
delete time:2.2411346435546875e-05
delete time:1.6450881958007812e-05
delete time:1.9550323486328125e-05
delete time:1.811981201171875e-05
delete time:2.1219253540039062e-05
delete time:3.6716461181640625e-05
delete time:1.7642974853515625e-05
delete time:2.1696090698242188e-05
delete time:3.62396240234375e-05
delete time:2.384185791015625e-05
delete time:2.0265579223632812e-05
delete time:2.7894973754882812e-05
delete time:2.8371810913085938e-05
delete time:3.0040740966796875e-05
delete time:1.9073486328125e-05
delete time:2.2649765014648438e-05
delete time:1.8835067749023438e-05
delete time:2.5272369384765625e-05
delete time:2.3603439331054688e-05
delete time:1.7642974853515625e-05
delete time:3.4332275390625e-05
delete time:2.1457672119140625e-05
delete time:1.9073486328125e-05
delete time:2.574920654296875e-05
delete time:2.288818359375e-05
delete time:2.193450927734375e-05
delete time:1.71661376953125e-05
delete time:1.9311904907226562e-05
delete time:3.910064697265625e-05
delete time:3.147125244140625e-05
delete time:2.8133392333984375e-05
delete time:2.0503997802734375e-05
delete time:2.5510787963867188e-05
delete time:3.886222839355469e-05
delete time:2.1219253540039062e-05
delete time:2.574920654296875e-05
delete time:1.8358230590820312e-05
delete time:1.6927719116210938e-05
delete time:2.2172927856445312e-05
delete time:1.8835067749023438e-05
delete time:2.574920654296875e-05
delete time:2.6464462280273438e-05
delete time:2.0742416381835938e-05
delete time:2.0265579223632812e-05
delete time:1.6689300537109375e-05
delete time:6.389617919921875e-05
delete time:2.3603439331054688e-05
delete time:2.3603439331054688e-05
delete time:2.5510787963867188e-05
delete time:2.47955322265625e-05
delete time:2.0265579223632812e-05
delete time:1.9550323486328125e-05
delete time:1.4066696166992188e-05
delete time:1.6927719116210938e-05
delete time:2.4080276489257812e-05
delete time:2.0265579223632812e-05
delete time:1.9550323486328125e-05
delete time:1.8358230590820312e-05
delete time:2.8133392333984375e-05
delete time:2.2649765014648438e-05
delete time:2.0503997802734375e-05
delete time:1.71661376953125e-05
delete time:3.7670135498046875e-05
delete time:2.0503997802734375e-05
delete time:4.482269287109375e-05
delete time:3.600120544433594e-05
delete time:2.6464462280273438e-05
delete time:3.123283386230469e-05
delete time:2.0265579223632812e-05
delete time:1.8835067749023438e-05
delete time:1.3828277587890625e-05
delete time:1.6689300537109375e-05
delete time:4.00543212890625e-05
delete time:1.8835067749023438e-05
delete time:2.6226043701171875e-05
delete time:2.5987625122070312e-05
delete time:4.172325134277344e-05
delete time:3.838539123535156e-05
delete time:2.0742416381835938e-05
delete time:1.9788742065429688e-05
delete time:2.1219253540039062e-05
delete time:2.0503997802734375e-05
delete time:1.7881393432617188e-05
delete time:1.9311904907226562e-05
delete time:2.6702880859375e-05
delete time:2.0742416381835938e-05
delete time:4.3392181396484375e-05
delete time:1.8835067749023438e-05
delete time:2.288818359375e-05
delete time:2.0503997802734375e-05
delete time:2.1457672119140625e-05
delete time:3.0279159545898438e-05
delete time:2.09808349609375e-05
delete time:2.1219253540039062e-05
delete time:2.193450927734375e-05
delete time:2.1696090698242188e-05
delete time:2.765655517578125e-05
delete time:2.9087066650390625e-05
delete time:2.09808349609375e-05
delete time:4.458427429199219e-05
delete time:2.193450927734375e-05
delete time:2.4318695068359375e-05
delete time:1.9073486328125e-05
delete time:4.076957702636719e-05
delete time:2.4318695068359375e-05
delete time:2.7418136596679688e-05
delete time:1.8358230590820312e-05
delete time:2.6941299438476562e-05
delete time:3.266334533691406e-05
delete time:1.6689300537109375e-05
delete time:2.09808349609375e-05
delete time:2.0503997802734375e-05
delete time:3.170967102050781e-05
delete time:1.621246337890625e-05
delete time:2.8133392333984375e-05
delete time:2.5272369384765625e-05
delete time:2.2649765014648438e-05
delete time:1.811981201171875e-05
delete time:1.7642974853515625e-05
delete time:1.8358230590820312e-05
delete time:2.8133392333984375e-05
delete time:2.0503997802734375e-05
delete time:2.8133392333984375e-05
delete time:2.5033950805664062e-05
delete time:2.86102294921875e-05
delete time:4.100799560546875e-05
delete time:2.956390380859375e-05
delete time:2.0503997802734375e-05
delete time:1.8358230590820312e-05
delete time:2.0265579223632812e-05
delete time:2.8371810913085938e-05
delete time:2.002716064453125e-05
delete time:3.0994415283203125e-05
delete time:2.2172927856445312e-05
delete time:1.9311904907226562e-05
delete time:2.5033950805664062e-05
delete time:1.8358230590820312e-05
delete time:2.193450927734375e-05
delete time:2.09808349609375e-05
delete time:1.6927719116210938e-05
delete time:3.0517578125e-05
delete time:2.4080276489257812e-05
delete time:3.62396240234375e-05
delete time:3.933906555175781e-05
delete time:2.3126602172851562e-05
delete time:2.2411346435546875e-05
delete time:1.6927719116210938e-05
delete time:3.1948089599609375e-05
delete time:2.3365020751953125e-05
delete time:4.1484832763671875e-05
delete time:2.1457672119140625e-05
delete time:2.0503997802734375e-05
delete time:2.765655517578125e-05
delete time:1.3589859008789062e-05
delete time:3.647804260253906e-05
delete time:2.5510787963867188e-05
delete time:4.5299530029296875e-05
delete time:1.9311904907226562e-05
delete time:3.075599670410156e-05
delete time:2.2172927856445312e-05
delete time:1.8358230590820312e-05
delete time:1.9073486328125e-05
delete time:1.9550323486328125e-05
delete time:1.9788742065429688e-05
delete time:2.7894973754882812e-05
delete time:3.147125244140625e-05
delete time:1.5020370483398438e-05
delete time:2.2172927856445312e-05
delete time:2.3365020751953125e-05
delete time:2.3365020751953125e-05
delete time:3.2901763916015625e-05
delete time:2.193450927734375e-05
delete time:4.3392181396484375e-05
delete time:2.3365020751953125e-05
delete time:2.3603439331054688e-05
delete time:2.4080276489257812e-05
delete time:3.695487976074219e-05
delete time:2.574920654296875e-05
delete time:2.002716064453125e-05
delete time:2.2649765014648438e-05
delete time:3.24249267578125e-05
delete time:1.8358230590820312e-05
delete time:2.0265579223632812e-05
delete time:1.8596649169921875e-05
delete time:3.0994415283203125e-05
delete time:2.2411346435546875e-05
delete time:3.528594970703125e-05
delete time:2.5272369384765625e-05
delete time:1.8596649169921875e-05
delete time:2.5510787963867188e-05
delete time:1.7404556274414062e-05
delete time:2.6464462280273438e-05
delete time:3.1948089599609375e-05
delete time:2.6226043701171875e-05
delete time:2.09808349609375e-05
delete time:1.9311904907226562e-05
delete time:1.6689300537109375e-05
delete time:2.2172927856445312e-05
delete time:3.910064697265625e-05
delete time:3.0279159545898438e-05
delete time:1.8596649169921875e-05
delete time:3.075599670410156e-05
delete time:2.7179718017578125e-05
delete time:2.0742416381835938e-05
delete time:3.743171691894531e-05
delete time:2.6226043701171875e-05
delete time:3.719329833984375e-05
delete time:3.719329833984375e-05
delete time:2.0742416381835938e-05
delete time:2.384185791015625e-05
delete time:2.0503997802734375e-05
delete time:1.5735626220703125e-05
delete time:3.0517578125e-05
delete time:1.6927719116210938e-05
delete time:2.7894973754882812e-05
delete time:4.172325134277344e-05
delete time:1.9311904907226562e-05
delete time:2.3365020751953125e-05
delete time:1.9550323486328125e-05
delete time:2.47955322265625e-05
delete time:2.0503997802734375e-05
delete time:1.7642974853515625e-05
delete time:2.4318695068359375e-05
delete time:3.7670135498046875e-05
delete time:1.9788742065429688e-05
delete time:2.5272369384765625e-05
delete time:2.7894973754882812e-05
delete time:2.574920654296875e-05
delete time:2.1457672119140625e-05
delete time:1.9311904907226562e-05
delete time:2.3365020751953125e-05
delete time:1.9550323486328125e-05
delete time:1.6450881958007812e-05
delete time:1.9311904907226562e-05
delete time:1.7881393432617188e-05
delete time:1.5497207641601562e-05
delete time:2.0503997802734375e-05
delete time:1.5974044799804688e-05
delete time:1.9073486328125e-05
delete time:2.0503997802734375e-05
delete time:2.8848648071289062e-05
delete time:1.71661376953125e-05
delete time:1.9311904907226562e-05
delete time:1.6927719116210938e-05
delete time:2.4557113647460938e-05
delete time:1.811981201171875e-05
delete time:2.002716064453125e-05
delete time:3.1948089599609375e-05
delete time:1.621246337890625e-05
delete time:2.6702880859375e-05
delete time:2.0742416381835938e-05
delete time:2.3365020751953125e-05
delete time:2.2649765014648438e-05
delete time:2.5033950805664062e-05
delete time:1.9550323486328125e-05
delete time:2.8371810913085938e-05
delete time:4.172325134277344e-05
delete time:1.7404556274414062e-05
delete time:2.8848648071289062e-05
delete time:1.7404556274414062e-05
delete time:3.123283386230469e-05
delete time:4.100799560546875e-05
delete time:2.288818359375e-05
delete time:2.3365020751953125e-05
delete time:2.9325485229492188e-05
delete time:2.5987625122070312e-05
delete time:3.9577484130859375e-05
delete time:2.193450927734375e-05
delete time:2.1457672119140625e-05
delete time:2.0742416381835938e-05
delete time:2.6941299438476562e-05
delete time:2.8133392333984375e-05
delete time:1.8596649169921875e-05
delete time:2.5987625122070312e-05
delete time:2.193450927734375e-05
delete time:2.002716064453125e-05
delete time:1.7642974853515625e-05
delete time:3.6716461181640625e-05
delete time:2.1457672119140625e-05
delete time:2.09808349609375e-05
delete time:2.8133392333984375e-05
delete time:1.8358230590820312e-05
delete time:2.193450927734375e-05
delete time:1.6450881958007812e-05
delete time:2.5987625122070312e-05
delete time:2.193450927734375e-05
delete time:4.4345855712890625e-05
delete time:2.5033950805664062e-05
delete time:4.124641418457031e-05
delete time:2.9325485229492188e-05
delete time:3.147125244140625e-05
delete time:1.811981201171875e-05
delete time:2.5033950805664062e-05
delete time:1.8596649169921875e-05
delete time:2.002716064453125e-05
delete time:2.4080276489257812e-05
delete time:2.7418136596679688e-05
delete time:2.3126602172851562e-05
delete time:1.9550323486328125e-05
delete time:1.5735626220703125e-05
delete time:4.9591064453125e-05
delete time:2.1219253540039062e-05
delete time:2.0265579223632812e-05
delete time:2.4080276489257812e-05
delete time:1.811981201171875e-05
delete time:4.2438507080078125e-05
delete time:2.47955322265625e-05
delete time:2.6941299438476562e-05
delete time:2.3365020751953125e-05
delete time:2.3365020751953125e-05
delete time:2.193450927734375e-05
delete time:1.5974044799804688e-05
delete time:2.6226043701171875e-05
delete time:1.621246337890625e-05
delete time:2.3365020751953125e-05
delete time:2.002716064453125e-05
delete time:2.9802322387695312e-05
delete time:0.00010371208190917969
delete time:1.8358230590820312e-05
delete time:1.7404556274414062e-05
delete time:1.5974044799804688e-05
delete time:2.384185791015625e-05
delete time:1.8596649169921875e-05
delete time:2.1696090698242188e-05
delete time:2.3126602172851562e-05
delete time:2.47955322265625e-05
delete time:2.6941299438476562e-05
delete time:2.002716064453125e-05
delete time:4.0531158447265625e-05
delete time:1.8835067749023438e-05
delete time:2.7179718017578125e-05
delete time:2.2649765014648438e-05
delete time:2.0265579223632812e-05
delete time:1.52587890625e-05
delete time:2.2172927856445312e-05
delete time:2.6464462280273438e-05
delete time:2.2172927856445312e-05
delete time:2.7179718017578125e-05
delete time:2.193450927734375e-05
delete time:2.0265579223632812e-05
delete time:2.193450927734375e-05
delete time:3.409385681152344e-05
delete time:2.8371810913085938e-05
delete time:1.71661376953125e-05
delete time:2.3126602172851562e-05
delete time:2.0503997802734375e-05
delete time:1.9788742065429688e-05
delete time:1.5020370483398438e-05
delete time:1.9550323486328125e-05
delete time:4.029273986816406e-05
delete time:1.7881393432617188e-05
delete time:2.1219253540039062e-05
delete time:2.47955322265625e-05
delete time:2.1219253540039062e-05
delete time:2.5987625122070312e-05
delete time:2.193450927734375e-05
delete time:2.6226043701171875e-05
delete time:2.4318695068359375e-05
delete time:3.170967102050781e-05
delete time:2.5033950805664062e-05
delete time:2.5033950805664062e-05
delete time:1.621246337890625e-05
delete time:2.2172927856445312e-05
delete time:2.2649765014648438e-05
delete time:1.9788742065429688e-05
delete time:1.5735626220703125e-05
delete time:1.7642974853515625e-05
delete time:2.384185791015625e-05
delete time:2.384185791015625e-05
delete time:1.3828277587890625e-05
delete time:2.6226043701171875e-05
delete time:2.9325485229492188e-05
delete time:2.574920654296875e-05
delete time:3.695487976074219e-05
delete time:3.170967102050781e-05
delete time:1.4543533325195312e-05
delete time:2.2411346435546875e-05
delete time:2.2411346435546875e-05
delete time:2.3126602172851562e-05
delete time:2.5510787963867188e-05
delete time:2.2172927856445312e-05
delete time:3.2901763916015625e-05
delete time:2.3126602172851562e-05
delete time:4.172325134277344e-05
delete time:2.4557113647460938e-05
delete time:3.814697265625e-05
delete time:2.288818359375e-05
delete time:2.6464462280273438e-05
delete time:2.1457672119140625e-05
delete time:2.9802322387695312e-05
delete time:2.1219253540039062e-05
delete time:1.621246337890625e-05
delete time:3.361701965332031e-05
delete time:1.9788742065429688e-05
delete time:4.124641418457031e-05
delete time:1.7404556274414062e-05
delete time:1.8596649169921875e-05
delete time:1.6450881958007812e-05
delete time:2.3603439331054688e-05
delete time:2.2172927856445312e-05
delete time:2.956390380859375e-05
delete time:2.1696090698242188e-05
delete time:2.4557113647460938e-05
delete time:2.0265579223632812e-05
delete time:1.8835067749023438e-05
delete time:1.621246337890625e-05
delete time:3.0994415283203125e-05
delete time:2.3126602172851562e-05
delete time:1.6450881958007812e-05
delete time:1.811981201171875e-05
delete time:3.886222839355469e-05
delete time:3.600120544433594e-05
delete time:3.24249267578125e-05
delete time:2.3126602172851562e-05
delete time:2.3126602172851562e-05
delete time:4.076957702636719e-05
delete time:2.0265579223632812e-05
delete time:4.315376281738281e-05
delete time:2.5510787963867188e-05
delete time:3.075599670410156e-05
delete time:2.3603439331054688e-05
delete time:3.7670135498046875e-05
delete time:2.6464462280273438e-05
delete time:2.5987625122070312e-05
delete time:3.0040740966796875e-05
delete time:2.002716064453125e-05
delete time:2.1696090698242188e-05
delete time:0.00011372566223144531
delete time:2.0742416381835938e-05
delete time:1.9788742065429688e-05
delete time:4.076957702636719e-05
delete time:2.6702880859375e-05
delete time:2.0265579223632812e-05
delete time:1.811981201171875e-05
delete time:4.029273986816406e-05
delete time:1.7881393432617188e-05
delete time:3.695487976074219e-05
delete time:2.7179718017578125e-05
delete time:2.002716064453125e-05
delete time:1.8358230590820312e-05
delete time:2.3365020751953125e-05
delete time:1.8358230590820312e-05
delete time:3.266334533691406e-05
delete time:1.7404556274414062e-05
delete time:4.100799560546875e-05
delete time:1.6927719116210938e-05
delete time:2.9087066650390625e-05
delete time:2.5272369384765625e-05
delete time:4.0531158447265625e-05
delete time:2.09808349609375e-05
delete time:2.193450927734375e-05
delete time:2.1457672119140625e-05
delete time:1.621246337890625e-05
delete time:4.029273986816406e-05
delete time:3.647804260253906e-05
delete time:1.6927719116210938e-05
delete time:2.5272369384765625e-05
delete time:3.0517578125e-05
delete time:1.8835067749023438e-05
delete time:2.3603439331054688e-05
delete time:1.8835067749023438e-05
delete time:1.6450881958007812e-05
delete time:2.3603439331054688e-05
delete time:3.933906555175781e-05
delete time:2.09808349609375e-05
delete time:2.3365020751953125e-05
delete time:2.5272369384765625e-05
delete time:2.1219253540039062e-05
delete time:2.6226043701171875e-05
delete time:1.621246337890625e-05
delete time:2.574920654296875e-05
delete time:3.3855438232421875e-05
delete time:3.504753112792969e-05
delete time:2.1696090698242188e-05
delete time:4.124641418457031e-05
delete time:1.5020370483398438e-05
delete time:2.5033950805664062e-05
delete time:1.71661376953125e-05
delete time:1.9311904907226562e-05
delete time:2.1219253540039062e-05
delete time:1.7881393432617188e-05
delete time:2.956390380859375e-05
delete time:3.910064697265625e-05
delete time:4.506111145019531e-05
delete time:2.8371810913085938e-05
delete time:3.1948089599609375e-05
delete time:2.1457672119140625e-05
delete time:4.00543212890625e-05
delete time:3.266334533691406e-05
delete time:3.123283386230469e-05
delete time:3.266334533691406e-05
delete time:1.71661376953125e-05
delete time:1.3828277587890625e-05
delete time:2.5272369384765625e-05
delete time:2.4318695068359375e-05
delete time:4.029273986816406e-05
delete time:2.09808349609375e-05
delete time:3.0994415283203125e-05
delete time:2.6226043701171875e-05
delete time:1.9550323486328125e-05
delete time:1.430511474609375e-05
delete time:1.5974044799804688e-05
delete time:1.8358230590820312e-05
delete time:2.574920654296875e-05
delete time:2.3603439331054688e-05
delete time:2.4080276489257812e-05
delete time:1.9311904907226562e-05
delete time:1.7404556274414062e-05
delete time:3.62396240234375e-05
delete time:2.2411346435546875e-05
delete time:1.7404556274414062e-05
delete time:2.2411346435546875e-05
delete time:2.4318695068359375e-05
delete time:2.3603439331054688e-05
delete time:2.0503997802734375e-05
delete time:1.9788742065429688e-05
delete time:2.5272369384765625e-05
delete time:1.6450881958007812e-05
delete time:3.838539123535156e-05
delete time:2.1696090698242188e-05
delete time:1.7881393432617188e-05
delete time:4.1484832763671875e-05
delete time:2.1696090698242188e-05
delete time:4.1961669921875e-05
delete time:3.2901763916015625e-05
delete time:1.7404556274414062e-05
delete time:2.6464462280273438e-05
delete time:1.6927719116210938e-05
delete time:3.0517578125e-05
delete time:3.9577484130859375e-05
delete time:2.09808349609375e-05
delete time:1.9311904907226562e-05
delete time:2.5987625122070312e-05
delete time:1.71661376953125e-05
delete time:2.7179718017578125e-05
delete time:2.4318695068359375e-05
delete time:1.9073486328125e-05
delete time:1.7642974853515625e-05
delete time:3.7670135498046875e-05
delete time:2.3126602172851562e-05
delete time:4.1484832763671875e-05
delete time:2.193450927734375e-05
delete time:3.838539123535156e-05
delete time:3.0994415283203125e-05
delete time:2.2411346435546875e-05
delete time:3.838539123535156e-05
delete time:1.5735626220703125e-05
delete time:1.6689300537109375e-05
delete time:3.695487976074219e-05
delete time:2.0265579223632812e-05
delete time:2.6464462280273438e-05
delete time:3.0994415283203125e-05
delete time:2.0265579223632812e-05
delete time:4.2438507080078125e-05
delete time:2.574920654296875e-05
delete time:2.2411346435546875e-05
delete time:1.9311904907226562e-05
delete time:2.2172927856445312e-05
delete time:3.9577484130859375e-05
delete time:2.3365020751953125e-05
delete time:3.981590270996094e-05
delete time:2.2649765014648438e-05
delete time:1.7881393432617188e-05
delete time:2.5987625122070312e-05
delete time:3.933906555175781e-05
delete time:1.811981201171875e-05
delete time:1.9073486328125e-05
delete time:4.267692565917969e-05
delete time:2.5272369384765625e-05
delete time:1.5735626220703125e-05
delete time:2.6941299438476562e-05
delete time:2.6226043701171875e-05
delete time:1.8835067749023438e-05
delete time:2.7179718017578125e-05
delete time:1.5497207641601562e-05
delete time:1.8358230590820312e-05
delete time:1.811981201171875e-05
delete time:1.9788742065429688e-05
delete time:2.1696090698242188e-05
delete time:3.814697265625e-05
delete time:2.7179718017578125e-05
delete time:1.7404556274414062e-05
delete time:1.52587890625e-05
delete time:2.3365020751953125e-05
delete time:1.9788742065429688e-05
delete time:2.09808349609375e-05
delete time:1.9073486328125e-05
delete time:1.621246337890625e-05
delete time:2.002716064453125e-05
delete time:2.1219253540039062e-05
delete time:1.8358230590820312e-05
delete time:1.8358230590820312e-05
delete time:2.8133392333984375e-05
delete time:2.3603439331054688e-05
delete time:1.9550323486328125e-05
delete time:2.956390380859375e-05
delete time:2.2649765014648438e-05
delete time:4.363059997558594e-05
delete time:3.743171691894531e-05
delete time:2.3603439331054688e-05
delete time:2.3603439331054688e-05
delete time:1.8358230590820312e-05
delete time:1.9788742065429688e-05
delete time:1.71661376953125e-05
delete time:4.649162292480469e-05
delete time:1.6689300537109375e-05
delete time:3.0279159545898438e-05
delete time:1.3589859008789062e-05
delete time:3.0279159545898438e-05
delete time:2.0265579223632812e-05
delete time:2.5033950805664062e-05
delete time:2.4557113647460938e-05
delete time:1.9073486328125e-05
delete time:1.811981201171875e-05
delete time:1.9311904907226562e-05
delete time:2.7418136596679688e-05
delete time:2.1457672119140625e-05
delete time:2.2172927856445312e-05
delete time:3.6716461181640625e-05
delete time:1.9550323486328125e-05
delete time:2.002716064453125e-05
delete time:2.6941299438476562e-05
delete time:2.1219253540039062e-05
delete time:2.193450927734375e-05
delete time:3.123283386230469e-05
delete time:2.002716064453125e-05
delete time:1.5497207641601562e-05
delete time:3.7670135498046875e-05
delete time:1.9788742065429688e-05
delete time:2.765655517578125e-05
delete time:2.5510787963867188e-05
delete time:2.384185791015625e-05
delete time:2.765655517578125e-05
delete time:2.0265579223632812e-05
delete time:1.9311904907226562e-05
delete time:2.5033950805664062e-05
delete time:3.695487976074219e-05
delete time:2.3603439331054688e-05
delete time:2.1219253540039062e-05
delete time:2.7894973754882812e-05
delete time:2.5510787963867188e-05
delete time:2.9802322387695312e-05
delete time:1.6450881958007812e-05
delete time:2.9325485229492188e-05
delete time:3.5762786865234375e-05
delete time:2.1457672119140625e-05
delete time:4.220008850097656e-05
delete time:1.52587890625e-05
delete time:3.4332275390625e-05
delete time:1.8596649169921875e-05
delete time:2.384185791015625e-05
delete time:2.1696090698242188e-05
delete time:3.0279159545898438e-05
delete time:2.574920654296875e-05
delete time:2.2172927856445312e-05
delete time:3.218650817871094e-05
delete time:3.981590270996094e-05
delete time:1.9550323486328125e-05
delete time:2.2411346435546875e-05
delete time:2.765655517578125e-05
delete time:2.6702880859375e-05
delete time:2.5272369384765625e-05
delete time:2.2649765014648438e-05
delete time:2.1219253540039062e-05
delete time:2.0265579223632812e-05
delete time:1.8596649169921875e-05
delete time:2.5987625122070312e-05
delete time:1.71661376953125e-05
delete time:2.574920654296875e-05
delete time:2.288818359375e-05
delete time:2.574920654296875e-05
delete time:2.5033950805664062e-05
delete time:4.172325134277344e-05
delete time:2.0742416381835938e-05
delete time:2.0742416381835938e-05
delete time:2.5987625122070312e-05
delete time:1.7404556274414062e-05
delete time:1.33514404296875e-05
delete time:1.811981201171875e-05
delete time:3.647804260253906e-05
delete time:1.9788742065429688e-05
delete time:2.2649765014648438e-05
delete time:2.9325485229492188e-05
delete time:2.0503997802734375e-05
delete time:1.71661376953125e-05
delete time:2.2172927856445312e-05
delete time:1.9073486328125e-05
delete time:4.0531158447265625e-05
delete time:2.765655517578125e-05
delete time:1.4066696166992188e-05
delete time:2.09808349609375e-05
delete time:2.4080276489257812e-05
delete time:2.4080276489257812e-05
delete time:2.86102294921875e-05
delete time:1.9788742065429688e-05
delete time:2.1696090698242188e-05
delete time:2.2172927856445312e-05
delete time:2.002716064453125e-05
delete time:3.266334533691406e-05
delete time:4.1484832763671875e-05
delete time:2.193450927734375e-05
delete time:2.2649765014648438e-05
delete time:2.765655517578125e-05
delete time:1.3589859008789062e-05
delete time:2.6702880859375e-05
delete time:1.8835067749023438e-05
delete time:2.4080276489257812e-05
delete time:1.239776611328125e-05
delete time:2.2172927856445312e-05
delete time:2.9087066650390625e-05
delete time:2.574920654296875e-05
delete time:3.528594970703125e-05
delete time:2.7894973754882812e-05
delete time:2.002716064453125e-05
delete time:2.6702880859375e-05
delete time:2.0742416381835938e-05
delete time:2.5033950805664062e-05
delete time:1.811981201171875e-05
delete time:2.0503997802734375e-05
delete time:1.71661376953125e-05
delete time:1.8358230590820312e-05
delete time:2.7179718017578125e-05
delete time:2.288818359375e-05
delete time:2.2411346435546875e-05
delete time:3.9577484130859375e-05
delete time:1.5974044799804688e-05
delete time:2.193450927734375e-05
delete time:2.4318695068359375e-05
delete time:2.765655517578125e-05
delete time:2.09808349609375e-05
delete time:3.695487976074219e-05
delete time:2.7894973754882812e-05
delete time:3.8623809814453125e-05
delete time:2.193450927734375e-05
delete time:3.8623809814453125e-05
delete time:3.266334533691406e-05
delete time:1.33514404296875e-05
delete time:2.2411346435546875e-05
delete time:2.47955322265625e-05
delete time:1.8835067749023438e-05
delete time:2.7894973754882812e-05
delete time:2.5510787963867188e-05
delete time:2.4557113647460938e-05
delete time:1.811981201171875e-05
delete time:2.956390380859375e-05
delete time:4.029273986816406e-05
delete time:1.9550323486328125e-05
delete time:2.4080276489257812e-05
delete time:1.4066696166992188e-05
delete time:2.9802322387695312e-05
delete time:2.8848648071289062e-05
delete time:3.266334533691406e-05
delete time:2.2649765014648438e-05
delete time:1.9073486328125e-05
delete time:2.9087066650390625e-05
delete time:1.6450881958007812e-05
delete time:1.6927719116210938e-05
delete time:1.7642974853515625e-05
delete time:2.002716064453125e-05
delete time:2.002716064453125e-05
delete time:1.9311904907226562e-05
delete time:1.8835067749023438e-05
delete time:3.0040740966796875e-05
delete time:1.52587890625e-05
delete time:2.8133392333984375e-05
delete time:2.3126602172851562e-05
delete time:2.4318695068359375e-05
delete time:2.09808349609375e-05
delete time:2.6464462280273438e-05
delete time:1.9311904907226562e-05
delete time:2.3126602172851562e-05
delete time:2.0742416381835938e-05
delete time:2.2172927856445312e-05
delete time:3.409385681152344e-05
delete time:4.1961669921875e-05
delete time:1.8835067749023438e-05
delete time:3.0040740966796875e-05
delete time:4.0531158447265625e-05
delete time:2.47955322265625e-05
delete time:2.5272369384765625e-05
delete time:2.4080276489257812e-05
delete time:2.0503997802734375e-05
delete time:2.5033950805664062e-05
delete time:1.4781951904296875e-05
delete time:2.3126602172851562e-05
delete time:3.910064697265625e-05
delete time:3.409385681152344e-05
delete time:1.8596649169921875e-05
delete time:2.2649765014648438e-05
delete time:1.6927719116210938e-05
delete time:1.9073486328125e-05
delete time:1.9073486328125e-05
delete time:2.2649765014648438e-05
delete time:2.09808349609375e-05
delete time:1.8596649169921875e-05
delete time:3.24249267578125e-05
delete time:3.075599670410156e-05
delete time:1.6450881958007812e-05
delete time:2.4557113647460938e-05
delete time:1.6689300537109375e-05
delete time:1.52587890625e-05
delete time:2.4318695068359375e-05
delete time:1.9311904907226562e-05
delete time:2.09808349609375e-05
delete time:3.910064697265625e-05
delete time:1.2159347534179688e-05
delete time:1.8835067749023438e-05
delete time:1.9311904907226562e-05
delete time:1.5497207641601562e-05
delete time:2.6226043701171875e-05
delete time:3.814697265625e-05
delete time:2.4080276489257812e-05
delete time:3.910064697265625e-05
delete time:2.193450927734375e-05
delete time:2.2649765014648438e-05
delete time:1.5735626220703125e-05
delete time:2.09808349609375e-05
delete time:3.0994415283203125e-05
delete time:2.9325485229492188e-05
delete time:2.384185791015625e-05
delete time:2.193450927734375e-05
delete time:2.09808349609375e-05
delete time:2.5033950805664062e-05
delete time:2.193450927734375e-05
delete time:1.7881393432617188e-05
delete time:1.6927719116210938e-05
delete time:1.6689300537109375e-05
delete time:1.71661376953125e-05
delete time:2.193450927734375e-05
delete time:1.3589859008789062e-05
delete time:3.933906555175781e-05
delete time:1.811981201171875e-05
delete time:1.52587890625e-05
delete time:1.6927719116210938e-05
delete time:1.6927719116210938e-05
delete time:1.6927719116210938e-05
delete time:3.170967102050781e-05
delete time:3.266334533691406e-05
delete time:3.409385681152344e-05
delete time:2.2172927856445312e-05
delete time:1.71661376953125e-05
delete time:4.0531158447265625e-05
delete time:1.1205673217773438e-05
delete time:1.8596649169921875e-05
delete time:2.3603439331054688e-05
delete time:2.1219253540039062e-05
delete time:1.5735626220703125e-05
delete time:2.7179718017578125e-05
delete time:1.7642974853515625e-05
delete time:2.6941299438476562e-05
delete time:2.2649765014648438e-05
delete time:2.1219253540039062e-05
delete time:4.291534423828125e-05
delete time:1.7404556274414062e-05
delete time:1.9550323486328125e-05
delete time:2.2172927856445312e-05
delete time:3.790855407714844e-05
delete time:1.8358230590820312e-05
delete time:3.147125244140625e-05
delete time:2.3126602172851562e-05
delete time:2.1457672119140625e-05
delete time:2.47955322265625e-05
delete time:1.7642974853515625e-05
delete time:1.4066696166992188e-05
delete time:2.1219253540039062e-05
delete time:2.193450927734375e-05
delete time:2.6226043701171875e-05
delete time:2.1696090698242188e-05
delete time:1.8358230590820312e-05
delete time:3.814697265625e-05
delete time:3.886222839355469e-05
delete time:1.6927719116210938e-05
delete time:2.002716064453125e-05
delete time:2.0265579223632812e-05
delete time:2.2649765014648438e-05
delete time:1.9073486328125e-05
delete time:2.8371810913085938e-05
delete time:1.9788742065429688e-05
delete time:2.1219253540039062e-05
delete time:1.4781951904296875e-05
delete time:2.7894973754882812e-05
delete time:2.2649765014648438e-05
delete time:1.6689300537109375e-05
delete time:3.1948089599609375e-05
delete time:2.4080276489257812e-05
delete time:2.0503997802734375e-05
delete time:2.09808349609375e-05
delete time:2.1219253540039062e-05
delete time:4.1484832763671875e-05
delete time:2.09808349609375e-05
delete time:2.5510787963867188e-05
delete time:1.5020370483398438e-05
delete time:3.0517578125e-05
delete time:1.7642974853515625e-05
delete time:2.47955322265625e-05
delete time:2.5272369384765625e-05
delete time:1.811981201171875e-05
delete time:1.7881393432617188e-05
delete time:1.9073486328125e-05
delete time:2.1219253540039062e-05
delete time:2.2411346435546875e-05
delete time:3.790855407714844e-05
delete time:3.24249267578125e-05
delete time:2.2172927856445312e-05
delete time:2.384185791015625e-05
delete time:1.7881393432617188e-05
delete time:4.00543212890625e-05
delete time:2.9325485229492188e-05
delete time:2.4080276489257812e-05
delete time:2.3126602172851562e-05
delete time:2.1219253540039062e-05
delete time:2.2411346435546875e-05
delete time:1.8835067749023438e-05
delete time:2.47955322265625e-05
delete time:2.0265579223632812e-05
delete time:1.811981201171875e-05
delete time:1.9788742065429688e-05
delete time:1.5974044799804688e-05
delete time:2.6941299438476562e-05
delete time:2.1219253540039062e-05
delete time:2.1457672119140625e-05
delete time:2.0742416381835938e-05
delete time:1.9311904907226562e-05
delete time:1.6927719116210938e-05
delete time:2.288818359375e-05
delete time:1.8358230590820312e-05
delete time:1.9550323486328125e-05
delete time:2.384185791015625e-05
delete time:1.8358230590820312e-05
delete time:4.267692565917969e-05
delete time:4.172325134277344e-05
delete time:1.5974044799804688e-05
delete time:1.5735626220703125e-05
delete time:4.100799560546875e-05
delete time:2.6702880859375e-05
delete time:2.3126602172851562e-05
delete time:2.193450927734375e-05
delete time:4.100799560546875e-05
delete time:2.3603439331054688e-05
delete time:2.002716064453125e-05
delete time:3.743171691894531e-05
delete time:2.2172927856445312e-05
delete time:2.1457672119140625e-05
delete time:2.1457672119140625e-05
delete time:2.0742416381835938e-05
delete time:4.506111145019531e-05
delete time:2.002716064453125e-05
delete time:1.7404556274414062e-05
delete time:1.71661376953125e-05
delete time:2.09808349609375e-05
delete time:4.410743713378906e-05
delete time:3.6716461181640625e-05
delete time:3.838539123535156e-05
delete time:3.695487976074219e-05
delete time:4.410743713378906e-05
delete time:3.147125244140625e-05
delete time:4.76837158203125e-05
delete time:1.6927719116210938e-05
delete time:2.0503997802734375e-05
delete time:4.0531158447265625e-05
delete time:3.0279159545898438e-05
delete time:1.71661376953125e-05
delete time:4.029273986816406e-05
delete time:3.790855407714844e-05
delete time:2.6464462280273438e-05
delete time:2.0265579223632812e-05
delete time:1.5735626220703125e-05
delete time:1.9073486328125e-05
delete time:3.123283386230469e-05
delete time:2.4557113647460938e-05
delete time:3.647804260253906e-05
delete time:1.52587890625e-05
delete time:1.7881393432617188e-05
delete time:2.765655517578125e-05
delete time:1.52587890625e-05
delete time:2.0503997802734375e-05
delete time:2.4080276489257812e-05
delete time:2.2411346435546875e-05
delete time:2.09808349609375e-05
delete time:2.3603439331054688e-05
delete time:2.09808349609375e-05
delete time:2.0265579223632812e-05
delete time:3.337860107421875e-05
delete time:2.3126602172851562e-05
delete time:2.2649765014648438e-05
delete time:1.9311904907226562e-05
delete time:2.2172927856445312e-05
delete time:2.0265579223632812e-05
delete time:3.814697265625e-05
delete time:1.7642974853515625e-05
delete time:2.6702880859375e-05
delete time:1.9073486328125e-05
delete time:1.7881393432617188e-05
delete time:1.5497207641601562e-05
delete time:4.6253204345703125e-05
delete time:2.0503997802734375e-05
delete time:1.9788742065429688e-05
delete time:2.6941299438476562e-05
delete time:1.6450881958007812e-05
delete time:1.6689300537109375e-05
delete time:1.8835067749023438e-05
delete time:4.2438507080078125e-05
delete time:2.288818359375e-05
delete time:3.147125244140625e-05
delete time:1.71661376953125e-05
delete time:1.5497207641601562e-05
delete time:2.47955322265625e-05
delete time:2.574920654296875e-05
delete time:2.47955322265625e-05
delete time:1.9073486328125e-05
delete time:3.0040740966796875e-05
delete time:2.4080276489257812e-05
delete time:1.8596649169921875e-05
delete time:2.765655517578125e-05
delete time:1.3113021850585938e-05
delete time:4.315376281738281e-05
delete time:1.8596649169921875e-05
delete time:2.0742416381835938e-05
delete time:1.4543533325195312e-05
delete time:1.6689300537109375e-05
delete time:2.574920654296875e-05
delete time:2.8848648071289062e-05
delete time:1.8596649169921875e-05
delete time:2.09808349609375e-05
delete time:4.172325134277344e-05
delete time:1.8596649169921875e-05
delete time:4.7206878662109375e-05
delete time:2.2411346435546875e-05
delete time:1.8835067749023438e-05
delete time:1.6450881958007812e-05
delete time:2.4080276489257812e-05
delete time:1.8358230590820312e-05
delete time:2.4557113647460938e-05
delete time:1.6689300537109375e-05
delete time:3.1948089599609375e-05
delete time:1.8596649169921875e-05
delete time:2.2411346435546875e-05
delete time:1.4781951904296875e-05
delete time:1.9788742065429688e-05
delete time:2.002716064453125e-05
delete time:1.6689300537109375e-05
delete time:1.7404556274414062e-05
delete time:2.6226043701171875e-05
delete time:2.1457672119140625e-05
delete time:2.8848648071289062e-05
delete time:1.5497207641601562e-05
delete time:2.3126602172851562e-05
delete time:2.8371810913085938e-05
delete time:4.0531158447265625e-05
delete time:2.0503997802734375e-05
delete time:1.5020370483398438e-05
delete time:1.9311904907226562e-05
delete time:2.7179718017578125e-05
delete time:2.002716064453125e-05
delete time:1.7881393432617188e-05
delete time:2.193450927734375e-05
delete time:1.7881393432617188e-05
delete time:2.7179718017578125e-05
delete time:1.6689300537109375e-05
delete time:2.6702880859375e-05
delete time:3.4809112548828125e-05
delete time:1.1682510375976562e-05
delete time:1.5497207641601562e-05
delete time:2.4080276489257812e-05
delete time:2.002716064453125e-05
delete time:1.9788742065429688e-05
delete time:1.9788742065429688e-05
delete time:2.1696090698242188e-05
delete time:1.9073486328125e-05
delete time:1.6689300537109375e-05
delete time:2.2172927856445312e-05
delete time:1.811981201171875e-05
delete time:1.9311904907226562e-05
delete time:4.291534423828125e-05
delete time:2.002716064453125e-05
delete time:2.574920654296875e-05
delete time:2.002716064453125e-05
delete time:2.1696090698242188e-05
delete time:1.5974044799804688e-05
delete time:3.7670135498046875e-05
delete time:2.6941299438476562e-05
delete time:2.3126602172851562e-05
delete time:1.5735626220703125e-05
delete time:1.71661376953125e-05
delete time:1.621246337890625e-05
delete time:2.2411346435546875e-05
delete time:1.4781951904296875e-05
delete time:3.0040740966796875e-05
delete time:2.0742416381835938e-05
delete time:3.0040740966796875e-05
delete time:1.9550323486328125e-05
delete time:2.09808349609375e-05
delete time:2.002716064453125e-05
delete time:1.6689300537109375e-05
delete time:2.6702880859375e-05
delete time:2.574920654296875e-05
delete time:2.47955322265625e-05
delete time:1.9788742065429688e-05
delete time:2.2172927856445312e-05
delete time:4.2438507080078125e-05
delete time:3.7670135498046875e-05
delete time:1.5735626220703125e-05
delete time:1.7642974853515625e-05
delete time:2.384185791015625e-05
delete time:2.0503997802734375e-05
delete time:2.002716064453125e-05
delete time:1.8835067749023438e-05
delete time:2.4318695068359375e-05
delete time:2.765655517578125e-05
delete time:3.2901763916015625e-05
delete time:1.9311904907226562e-05
delete time:3.981590270996094e-05
delete time:2.6702880859375e-05
delete time:4.363059997558594e-05
delete time:4.792213439941406e-05
delete time:3.337860107421875e-05
delete time:2.3365020751953125e-05
delete time:2.6226043701171875e-05
delete time:1.8835067749023438e-05
delete time:2.1696090698242188e-05
delete time:2.47955322265625e-05
delete time:1.621246337890625e-05
delete time:1.811981201171875e-05
delete time:2.4557113647460938e-05
delete time:1.6927719116210938e-05
delete time:1.9073486328125e-05
delete time:1.9788742065429688e-05
delete time:2.4080276489257812e-05
delete time:1.7404556274414062e-05
delete time:1.71661376953125e-05
delete time:1.4543533325195312e-05
delete time:2.5033950805664062e-05
delete time:1.6689300537109375e-05
delete time:3.838539123535156e-05
delete time:2.5987625122070312e-05
delete time:2.5510787963867188e-05
delete time:2.7179718017578125e-05
delete time:2.765655517578125e-05
delete time:3.600120544433594e-05
delete time:1.8596649169921875e-05
delete time:1.6689300537109375e-05
delete time:2.193450927734375e-05
delete time:2.1457672119140625e-05
delete time:1.71661376953125e-05
delete time:2.09808349609375e-05
delete time:1.7881393432617188e-05
delete time:2.0742416381835938e-05
delete time:1.3589859008789062e-05
delete time:2.6226043701171875e-05
delete time:2.0265579223632812e-05
delete time:1.6689300537109375e-05
delete time:2.384185791015625e-05
delete time:3.933906555175781e-05
delete time:2.002716064453125e-05
delete time:3.337860107421875e-05
delete time:2.574920654296875e-05
delete time:2.8133392333984375e-05
delete time:2.574920654296875e-05
delete time:1.9311904907226562e-05
delete time:2.6464462280273438e-05
delete time:1.9073486328125e-05
delete time:2.3365020751953125e-05
delete time:2.5033950805664062e-05
delete time:2.4318695068359375e-05
delete time:3.0517578125e-05
delete time:2.765655517578125e-05
delete time:1.811981201171875e-05
delete time:4.0531158447265625e-05
delete time:2.3126602172851562e-05
delete time:1.7881393432617188e-05
delete time:2.86102294921875e-05
delete time:2.193450927734375e-05
delete time:2.0742416381835938e-05
delete time:2.6464462280273438e-05
delete time:1.8835067749023438e-05
delete time:1.5974044799804688e-05
delete time:2.9087066650390625e-05
delete time:2.2172927856445312e-05
delete time:2.002716064453125e-05
delete time:1.2874603271484375e-05
delete time:1.811981201171875e-05
delete time:3.337860107421875e-05
delete time:1.9788742065429688e-05
delete time:2.0742416381835938e-05
delete time:1.8358230590820312e-05
delete time:1.430511474609375e-05
delete time:1.8358230590820312e-05
delete time:2.6226043701171875e-05
delete time:3.218650817871094e-05
delete time:2.1696090698242188e-05
delete time:1.4543533325195312e-05
delete time:2.47955322265625e-05
delete time:1.6689300537109375e-05
delete time:2.9087066650390625e-05
delete time:3.600120544433594e-05
delete time:2.5510787963867188e-05
delete time:1.6450881958007812e-05
delete time:2.8133392333984375e-05
delete time:2.574920654296875e-05
delete time:2.3126602172851562e-05
delete time:1.7881393432617188e-05
delete time:1.9311904907226562e-05
delete time:2.4080276489257812e-05
delete time:1.7404556274414062e-05
delete time:1.9073486328125e-05
delete time:1.811981201171875e-05
delete time:3.8623809814453125e-05
delete time:2.6464462280273438e-05
delete time:2.4557113647460938e-05
delete time:1.7642974853515625e-05
delete time:2.574920654296875e-05
delete time:2.3126602172851562e-05
delete time:1.71661376953125e-05
delete time:4.482269287109375e-05
delete time:2.2411346435546875e-05
delete time:2.1457672119140625e-05
delete time:1.8596649169921875e-05
delete time:1.9788742065429688e-05
delete time:2.4080276489257812e-05
delete time:3.5762786865234375e-05
delete time:4.2438507080078125e-05
delete time:2.0265579223632812e-05
delete time:2.2649765014648438e-05
delete time:2.7179718017578125e-05
delete time:1.52587890625e-05
delete time:2.0503997802734375e-05
delete time:3.457069396972656e-05
delete time:2.5510787963867188e-05
delete time:4.0531158447265625e-05
delete time:2.3365020751953125e-05
delete time:4.0531158447265625e-05
delete time:3.314018249511719e-05
delete time:1.7881393432617188e-05
delete time:2.4557113647460938e-05
delete time:3.886222839355469e-05
delete time:2.8371810913085938e-05
delete time:2.4080276489257812e-05
delete time:2.1457672119140625e-05
delete time:1.71661376953125e-05
delete time:2.1219253540039062e-05
delete time:2.0265579223632812e-05
delete time:2.2649765014648438e-05
delete time:1.9073486328125e-05
delete time:2.574920654296875e-05
delete time:2.3603439331054688e-05
delete time:2.1457672119140625e-05
delete time:1.4781951904296875e-05
delete time:4.267692565917969e-05
delete time:2.1696090698242188e-05
delete time:3.170967102050781e-05
delete time:2.574920654296875e-05
delete time:1.9550323486328125e-05
delete time:1.5497207641601562e-05
delete time:1.71661376953125e-05
delete time:2.4557113647460938e-05
delete time:2.0742416381835938e-05
delete time:4.315376281738281e-05
delete time:2.7179718017578125e-05
delete time:1.9073486328125e-05
delete time:2.0742416381835938e-05
delete time:2.3603439331054688e-05
delete time:2.2172927856445312e-05
delete time:4.1484832763671875e-05
delete time:2.4557113647460938e-05
delete time:2.574920654296875e-05
delete time:2.574920654296875e-05
delete time:0.00010371208190917969
delete time:1.7642974853515625e-05
delete time:1.9788742065429688e-05
delete time:2.002716064453125e-05
delete time:3.838539123535156e-05
delete time:1.5735626220703125e-05
delete time:2.5510787963867188e-05
delete time:1.9550323486328125e-05
delete time:2.47955322265625e-05
delete time:2.574920654296875e-05
delete time:1.6927719116210938e-05
delete time:3.4332275390625e-05
delete time:3.600120544433594e-05
delete time:2.3365020751953125e-05
delete time:1.7404556274414062e-05
delete time:2.574920654296875e-05
delete time:1.621246337890625e-05
delete time:3.0040740966796875e-05
delete time:3.0279159545898438e-05
delete time:2.2172927856445312e-05
delete time:2.2649765014648438e-05
delete time:1.52587890625e-05
delete time:2.4318695068359375e-05
delete time:4.0531158447265625e-05
delete time:3.933906555175781e-05
delete time:1.7404556274414062e-05
delete time:3.838539123535156e-05
delete time:1.6450881958007812e-05
delete time:1.7881393432617188e-05
delete time:1.7404556274414062e-05
delete time:1.811981201171875e-05
delete time:1.8835067749023438e-05
delete time:4.1961669921875e-05
delete time:2.3126602172851562e-05
delete time:1.9073486328125e-05
delete time:1.8596649169921875e-05
delete time:3.981590270996094e-05
delete time:2.574920654296875e-05
delete time:2.4557113647460938e-05
delete time:2.1696090698242188e-05
delete time:1.5735626220703125e-05
delete time:2.384185791015625e-05
delete time:1.4543533325195312e-05
delete time:3.0279159545898438e-05
delete time:2.5033950805664062e-05
delete time:1.7642974853515625e-05
delete time:3.933906555175781e-05
delete time:2.288818359375e-05
delete time:2.3365020751953125e-05
delete time:2.6226043701171875e-05
delete time:4.0531158447265625e-05
delete time:1.8358230590820312e-05
delete time:2.1696090698242188e-05
delete time:1.8358230590820312e-05
delete time:1.621246337890625e-05
delete time:2.6702880859375e-05
delete time:2.3603439331054688e-05
delete time:2.0742416381835938e-05
delete time:3.7670135498046875e-05
delete time:2.2649765014648438e-05
delete time:4.6253204345703125e-05
delete time:2.002716064453125e-05
delete time:3.647804260253906e-05
delete time:2.0742416381835938e-05
delete time:1.7404556274414062e-05
delete time:2.1696090698242188e-05
delete time:4.0531158447265625e-05
delete time:1.9073486328125e-05
delete time:1.7881393432617188e-05
delete time:2.3365020751953125e-05
delete time:1.9073486328125e-05
delete time:1.7881393432617188e-05
delete time:2.0503997802734375e-05
delete time:1.5974044799804688e-05
delete time:2.47955322265625e-05
delete time:4.172325134277344e-05
delete time:2.7179718017578125e-05
delete time:2.288818359375e-05
delete time:1.9550323486328125e-05
delete time:2.1696090698242188e-05
delete time:1.8835067749023438e-05
delete time:2.8133392333984375e-05
delete time:1.4781951904296875e-05
delete time:2.2172927856445312e-05
delete time:1.5974044799804688e-05
delete time:2.0742416381835938e-05
delete time:2.2172927856445312e-05
delete time:3.647804260253906e-05
delete time:3.4809112548828125e-05
delete time:3.647804260253906e-05
delete time:2.384185791015625e-05
delete time:1.7642974853515625e-05
delete time:2.288818359375e-05
delete time:2.288818359375e-05
delete time:2.384185791015625e-05
delete time:3.838539123535156e-05
delete time:2.1457672119140625e-05
delete time:2.384185791015625e-05
delete time:1.5020370483398438e-05
delete time:1.6450881958007812e-05
delete time:2.384185791015625e-05
delete time:2.384185791015625e-05
delete time:2.5272369384765625e-05
delete time:2.7894973754882812e-05
delete time:2.1457672119140625e-05
delete time:2.3365020751953125e-05
delete time:2.193450927734375e-05
delete time:2.765655517578125e-05
delete time:2.5033950805664062e-05
delete time:2.288818359375e-05
delete time:2.2649765014648438e-05
delete time:2.2411346435546875e-05
delete time:2.2411346435546875e-05
delete time:3.5762786865234375e-05
delete time:1.8358230590820312e-05
delete time:2.2649765014648438e-05
delete time:3.910064697265625e-05
delete time:2.4557113647460938e-05
delete time:2.0265579223632812e-05
delete time:1.7642974853515625e-05
delete time:1.7404556274414062e-05
delete time:1.6450881958007812e-05
delete time:4.076957702636719e-05
delete time:4.100799560546875e-05
delete time:2.5272369384765625e-05
delete time:2.1219253540039062e-05
delete time:1.6689300537109375e-05
delete time:3.552436828613281e-05
delete time:1.9788742065429688e-05
delete time:2.956390380859375e-05
delete time:3.814697265625e-05
delete time:3.147125244140625e-05
delete time:2.956390380859375e-05
delete time:2.4080276489257812e-05
delete time:2.288818359375e-05
delete time:2.3603439331054688e-05
delete time:2.288818359375e-05
delete time:2.1457672119140625e-05
delete time:1.8835067749023438e-05
delete time:1.621246337890625e-05
delete time:1.9073486328125e-05
delete time:2.288818359375e-05
delete time:1.71661376953125e-05
delete time:1.6450881958007812e-05
delete time:2.47955322265625e-05
delete time:2.2649765014648438e-05
delete time:2.2649765014648438e-05
delete time:4.100799560546875e-05
delete time:1.8358230590820312e-05
delete time:2.193450927734375e-05
delete time:2.3603439331054688e-05
delete time:3.0279159545898438e-05
delete time:2.2649765014648438e-05
delete time:1.4543533325195312e-05
delete time:2.1696090698242188e-05
delete time:2.3126602172851562e-05
delete time:3.147125244140625e-05
delete time:3.6716461181640625e-05
delete time:2.9802322387695312e-05
delete time:1.8596649169921875e-05
delete time:2.4557113647460938e-05
delete time:2.2411346435546875e-05
delete time:2.1219253540039062e-05
delete time:2.1219253540039062e-05
delete time:2.0265579223632812e-05
delete time:1.9073486328125e-05
delete time:3.719329833984375e-05
delete time:4.291534423828125e-05
delete time:2.8133392333984375e-05
delete time:2.193450927734375e-05
delete time:4.00543212890625e-05
delete time:2.7894973754882812e-05
delete time:2.193450927734375e-05
delete time:1.7404556274414062e-05
delete time:3.7670135498046875e-05
delete time:1.8358230590820312e-05
delete time:1.5735626220703125e-05
delete time:1.9073486328125e-05
delete time:2.574920654296875e-05
delete time:1.9550323486328125e-05
delete time:2.3126602172851562e-05
delete time:2.86102294921875e-05
delete time:2.0265579223632812e-05
delete time:1.6689300537109375e-05
delete time:2.193450927734375e-05
delete time:2.5987625122070312e-05
delete time:2.1696090698242188e-05
delete time:2.2411346435546875e-05
delete time:1.7642974853515625e-05
delete time:1.9073486328125e-05
delete time:1.7881393432617188e-05
delete time:1.7881393432617188e-05
delete time:2.47955322265625e-05
delete time:3.719329833984375e-05
delete time:1.6927719116210938e-05
delete time:2.2411346435546875e-05
delete time:1.5974044799804688e-05
delete time:1.621246337890625e-05
delete time:2.6941299438476562e-05
delete time:2.3126602172851562e-05
delete time:2.0265579223632812e-05
delete time:1.6927719116210938e-05
delete time:3.62396240234375e-05
delete time:2.4080276489257812e-05
delete time:2.8133392333984375e-05
delete time:1.71661376953125e-05
delete time:1.5735626220703125e-05
delete time:1.7881393432617188e-05
delete time:1.9073486328125e-05
delete time:2.002716064453125e-05
delete time:2.47955322265625e-05
delete time:3.62396240234375e-05
delete time:2.7894973754882812e-05
delete time:2.5510787963867188e-05
delete time:3.600120544433594e-05
delete time:3.0279159545898438e-05
delete time:1.7881393432617188e-05
delete time:1.5735626220703125e-05
delete time:2.6226043701171875e-05
delete time:2.288818359375e-05
delete time:2.9802322387695312e-05
delete time:1.7642974853515625e-05
delete time:2.5510787963867188e-05
delete time:1.4543533325195312e-05
delete time:1.3828277587890625e-05
delete time:2.1457672119140625e-05
delete time:2.574920654296875e-05
delete time:2.5987625122070312e-05
delete time:2.2649765014648438e-05
delete time:2.002716064453125e-05
delete time:1.621246337890625e-05
delete time:2.3603439331054688e-05
delete time:1.811981201171875e-05
delete time:2.6941299438476562e-05
delete time:4.553794860839844e-05
delete time:2.4318695068359375e-05
delete time:2.2649765014648438e-05
delete time:2.1696090698242188e-05
delete time:2.3126602172851562e-05
delete time:1.3589859008789062e-05
delete time:1.3589859008789062e-05
delete time:1.9550323486328125e-05
delete time:2.5987625122070312e-05
delete time:2.765655517578125e-05
delete time:3.9577484130859375e-05
delete time:2.86102294921875e-05
delete time:2.4318695068359375e-05
delete time:2.0265579223632812e-05
delete time:1.9550323486328125e-05
delete time:3.123283386230469e-05
delete time:2.1457672119140625e-05
delete time:1.5974044799804688e-05
delete time:2.5272369384765625e-05
delete time:2.1696090698242188e-05
delete time:2.002716064453125e-05
delete time:1.9550323486328125e-05
delete time:1.9311904907226562e-05
delete time:1.8358230590820312e-05
delete time:2.6226043701171875e-05
delete time:2.1219253540039062e-05
delete time:2.4318695068359375e-05
delete time:1.8358230590820312e-05
delete time:1.811981201171875e-05
delete time:2.4318695068359375e-05
delete time:2.6226043701171875e-05
delete time:4.267692565917969e-05
delete time:3.5762786865234375e-05
delete time:3.6716461181640625e-05
delete time:1.9311904907226562e-05
delete time:3.123283386230469e-05
delete time:3.838539123535156e-05
delete time:2.0265579223632812e-05
delete time:2.002716064453125e-05
delete time:2.9802322387695312e-05
delete time:2.384185791015625e-05
delete time:2.6702880859375e-05
delete time:2.2649765014648438e-05
delete time:1.7881393432617188e-05
delete time:2.1219253540039062e-05
delete time:2.7418136596679688e-05
delete time:2.0742416381835938e-05
delete time:2.4080276489257812e-05
delete time:3.910064697265625e-05
delete time:2.6941299438476562e-05
delete time:4.458427429199219e-05
delete time:2.5033950805664062e-05
delete time:2.09808349609375e-05
delete time:3.4809112548828125e-05
delete time:2.09808349609375e-05
delete time:1.621246337890625e-05
delete time:1.9550323486328125e-05
delete time:3.910064697265625e-05
delete time:4.4345855712890625e-05
delete time:2.002716064453125e-05
delete time:1.7881393432617188e-05
delete time:2.2172927856445312e-05
delete time:2.4080276489257812e-05
delete time:1.621246337890625e-05
delete time:1.5735626220703125e-05
delete time:1.8835067749023438e-05
delete time:2.2172927856445312e-05
delete time:3.7670135498046875e-05
delete time:4.1484832763671875e-05
delete time:2.4557113647460938e-05
delete time:1.5497207641601562e-05
delete time:1.9311904907226562e-05
delete time:1.4066696166992188e-05
delete time:2.3126602172851562e-05
delete time:1.9550323486328125e-05
delete time:2.6226043701171875e-05
delete time:3.552436828613281e-05
delete time:2.4557113647460938e-05
delete time:2.0503997802734375e-05
delete time:3.218650817871094e-05
delete time:2.5510787963867188e-05
delete time:3.528594970703125e-05
delete time:3.0517578125e-05
delete time:1.8835067749023438e-05
delete time:4.982948303222656e-05
delete time:2.288818359375e-05
delete time:1.8835067749023438e-05
delete time:2.5510787963867188e-05
delete time:1.9073486328125e-05
delete time:3.075599670410156e-05
delete time:2.288818359375e-05
delete time:2.1219253540039062e-05
delete time:1.5020370483398438e-05
delete time:2.1696090698242188e-05
delete time:3.552436828613281e-05
delete time:3.981590270996094e-05
delete time:2.09808349609375e-05
delete time:1.9311904907226562e-05
delete time:1.8358230590820312e-05
delete time:2.1457672119140625e-05
delete time:2.6464462280273438e-05
delete time:1.430511474609375e-05
delete time:2.002716064453125e-05
delete time:1.71661376953125e-05
delete time:2.8133392333984375e-05
delete time:3.9577484130859375e-05
delete time:2.765655517578125e-05
delete time:2.193450927734375e-05
delete time:2.5510787963867188e-05
delete time:1.4543533325195312e-05
delete time:2.3126602172851562e-05
delete time:2.1696090698242188e-05
delete time:3.814697265625e-05
delete time:4.029273986816406e-05
delete time:2.47955322265625e-05
delete time:1.5735626220703125e-05
delete time:4.124641418457031e-05
delete time:2.5510787963867188e-05
delete time:1.811981201171875e-05
delete time:2.8371810913085938e-05
delete time:2.5987625122070312e-05
delete time:2.09808349609375e-05
delete time:1.4543533325195312e-05
delete time:3.0994415283203125e-05
delete time:1.7881393432617188e-05
delete time:2.3603439331054688e-05
delete time:1.4066696166992188e-05
delete time:4.172325134277344e-05
delete time:2.1696090698242188e-05
delete time:2.193450927734375e-05
delete time:1.9788742065429688e-05
delete time:2.193450927734375e-05
delete time:1.811981201171875e-05
delete time:2.7894973754882812e-05
delete time:1.9311904907226562e-05
delete time:4.4345855712890625e-05
delete time:2.0742416381835938e-05
delete time:2.09808349609375e-05
delete time:3.1948089599609375e-05
delete time:2.002716064453125e-05
delete time:2.09808349609375e-05
delete time:2.288818359375e-05
delete time:1.8596649169921875e-05
delete time:3.910064697265625e-05
delete time:1.6927719116210938e-05
delete time:2.6226043701171875e-05
delete time:1.9788742065429688e-05
delete time:2.6226043701171875e-05
delete time:1.9073486328125e-05
delete time:1.9311904907226562e-05
delete time:1.9788742065429688e-05
delete time:2.8848648071289062e-05
delete time:2.4318695068359375e-05
delete time:2.288818359375e-05
delete time:2.1219253540039062e-05
delete time:2.09808349609375e-05
delete time:2.0265579223632812e-05
delete time:2.0265579223632812e-05
delete time:2.9325485229492188e-05
delete time:2.5272369384765625e-05
delete time:2.2649765014648438e-05
delete time:1.7881393432617188e-05
delete time:2.8371810913085938e-05
delete time:4.172325134277344e-05
delete time:2.5272369384765625e-05
delete time:2.2172927856445312e-05
delete time:2.6464462280273438e-05
delete time:2.3126602172851562e-05
delete time:2.9325485229492188e-05
delete time:3.647804260253906e-05
delete time:2.6702880859375e-05
delete time:2.8133392333984375e-05
delete time:2.09808349609375e-05
delete time:1.9788742065429688e-05
delete time:2.7179718017578125e-05
delete time:2.0742416381835938e-05
delete time:1.5497207641601562e-05
delete time:2.3126602172851562e-05
delete time:3.457069396972656e-05
delete time:1.4781951904296875e-05
delete time:3.266334533691406e-05
delete time:2.09808349609375e-05
delete time:2.4557113647460938e-05
delete time:1.71661376953125e-05
delete time:2.8133392333984375e-05
delete time:1.6689300537109375e-05
delete time:2.8848648071289062e-05
delete time:2.0503997802734375e-05
delete time:1.7881393432617188e-05
delete time:2.3126602172851562e-05
delete time:1.6450881958007812e-05
delete time:2.193450927734375e-05
delete time:2.8848648071289062e-05
delete time:3.528594970703125e-05
delete time:2.09808349609375e-05
delete time:2.5987625122070312e-05
delete time:2.1696090698242188e-05
delete time:1.9311904907226562e-05
delete time:2.5033950805664062e-05
delete time:1.811981201171875e-05
delete time:2.0742416381835938e-05
delete time:2.1457672119140625e-05
delete time:1.621246337890625e-05
delete time:2.193450927734375e-05
delete time:2.2411346435546875e-05
delete time:2.1696090698242188e-05
delete time:2.3126602172851562e-05
delete time:1.9073486328125e-05
delete time:2.6226043701171875e-05
delete time:1.6450881958007812e-05
delete time:2.3603439331054688e-05
delete time:2.0265579223632812e-05
delete time:1.9311904907226562e-05
delete time:2.574920654296875e-05
delete time:2.4080276489257812e-05
delete time:2.3126602172851562e-05
delete time:1.621246337890625e-05
delete time:1.5497207641601562e-05
delete time:1.7642974853515625e-05
delete time:2.6702880859375e-05
delete time:2.0742416381835938e-05
delete time:1.811981201171875e-05
delete time:1.7642974853515625e-05
delete time:2.86102294921875e-05
delete time:2.5033950805664062e-05
delete time:3.552436828613281e-05
delete time:4.029273986816406e-05
delete time:2.5272369384765625e-05
delete time:3.62396240234375e-05
delete time:2.5510787963867188e-05
delete time:2.0742416381835938e-05
delete time:2.9802322387695312e-05
delete time:2.2411346435546875e-05
delete time:2.3365020751953125e-05
delete time:2.4080276489257812e-05
delete time:2.002716064453125e-05
delete time:4.267692565917969e-05
delete time:1.8596649169921875e-05
delete time:2.0503997802734375e-05
delete time:1.4781951904296875e-05
delete time:1.9073486328125e-05
delete time:2.6464462280273438e-05
delete time:2.2172927856445312e-05
delete time:3.600120544433594e-05
delete time:2.956390380859375e-05
delete time:2.4318695068359375e-05
delete time:2.4318695068359375e-05
delete time:2.002716064453125e-05
delete time:2.2172927856445312e-05
delete time:3.337860107421875e-05
delete time:1.7881393432617188e-05
delete time:2.0265579223632812e-05
delete time:1.811981201171875e-05
delete time:2.4557113647460938e-05
delete time:1.8596649169921875e-05
delete time:3.9577484130859375e-05
delete time:2.6226043701171875e-05
delete time:2.765655517578125e-05
delete time:1.5974044799804688e-05
delete time:1.9311904907226562e-05
delete time:4.172325134277344e-05
delete time:2.5272369384765625e-05
delete time:2.2172927856445312e-05
delete time:4.1961669921875e-05
delete time:2.0742416381835938e-05
delete time:2.765655517578125e-05
delete time:4.839897155761719e-05
delete time:4.076957702636719e-05
delete time:1.9311904907226562e-05
delete time:1.811981201171875e-05
delete time:3.933906555175781e-05
delete time:2.956390380859375e-05
delete time:2.1696090698242188e-05
delete time:1.6450881958007812e-05
delete time:2.0742416381835938e-05
delete time:4.100799560546875e-05
delete time:2.002716064453125e-05
delete time:4.482269287109375e-05
delete time:2.384185791015625e-05
delete time:1.9311904907226562e-05
delete time:4.1961669921875e-05
delete time:2.1696090698242188e-05
delete time:1.5497207641601562e-05
delete time:1.8835067749023438e-05
delete time:2.1219253540039062e-05
delete time:4.5299530029296875e-05
delete time:1.4543533325195312e-05
delete time:2.4080276489257812e-05
delete time:2.5272369384765625e-05
delete time:2.2411346435546875e-05
delete time:4.00543212890625e-05
delete time:2.9087066650390625e-05
delete time:2.3603439331054688e-05
delete time:1.6689300537109375e-05
delete time:2.0503997802734375e-05
delete time:1.9311904907226562e-05
delete time:2.1696090698242188e-05
delete time:2.09808349609375e-05
delete time:3.7670135498046875e-05
delete time:2.09808349609375e-05
delete time:2.47955322265625e-05
delete time:2.8848648071289062e-05
delete time:3.266334533691406e-05
delete time:2.8133392333984375e-05
delete time:1.52587890625e-05
delete time:2.4080276489257812e-05
delete time:2.09808349609375e-05
delete time:2.1696090698242188e-05
delete time:2.5272369384765625e-05
delete time:1.8835067749023438e-05
delete time:2.002716064453125e-05
delete time:1.7881393432617188e-05
delete time:1.5735626220703125e-05
delete time:1.6689300537109375e-05
delete time:2.6941299438476562e-05
delete time:2.1457672119140625e-05
delete time:1.621246337890625e-05
delete time:3.838539123535156e-05
delete time:2.5987625122070312e-05
delete time:2.3365020751953125e-05
delete time:2.384185791015625e-05
delete time:1.71661376953125e-05
delete time:2.1219253540039062e-05
delete time:2.9325485229492188e-05
delete time:2.765655517578125e-05
delete time:2.0503997802734375e-05
delete time:2.0503997802734375e-05
delete time:2.0742416381835938e-05
delete time:1.7881393432617188e-05
delete time:2.3126602172851562e-05
delete time:1.52587890625e-05
delete time:4.172325134277344e-05
delete time:1.7642974853515625e-05
delete time:2.0265579223632812e-05
delete time:1.6927719116210938e-05
delete time:2.6941299438476562e-05
delete time:1.9550323486328125e-05
delete time:2.4318695068359375e-05
delete time:1.71661376953125e-05
delete time:3.409385681152344e-05
delete time:2.8133392333984375e-05
delete time:1.52587890625e-05
delete time:2.3126602172851562e-05
delete time:1.8835067749023438e-05
delete time:4.172325134277344e-05
delete time:2.2172927856445312e-05
delete time:1.6689300537109375e-05
delete time:2.3365020751953125e-05
delete time:1.9073486328125e-05
delete time:1.8358230590820312e-05
delete time:1.7404556274414062e-05
delete time:1.5974044799804688e-05
delete time:2.9802322387695312e-05
delete time:2.5033950805664062e-05
delete time:2.6941299438476562e-05
delete time:1.71661376953125e-05
delete time:1.7881393432617188e-05
delete time:1.6689300537109375e-05
delete time:2.2411346435546875e-05
delete time:2.4557113647460938e-05
delete time:2.5272369384765625e-05
delete time:2.6941299438476562e-05
delete time:2.4318695068359375e-05
delete time:1.5735626220703125e-05
delete time:1.8835067749023438e-05
delete time:1.8358230590820312e-05
delete time:2.1219253540039062e-05
delete time:1.7881393432617188e-05
delete time:3.910064697265625e-05
delete time:4.076957702636719e-05
delete time:1.5735626220703125e-05
delete time:3.814697265625e-05
delete time:2.002716064453125e-05
delete time:2.09808349609375e-05
delete time:1.9550323486328125e-05
delete time:2.002716064453125e-05
delete time:4.4345855712890625e-05
delete time:1.71661376953125e-05
delete time:2.3126602172851562e-05
delete time:2.193450927734375e-05
delete time:2.2172927856445312e-05
delete time:2.47955322265625e-05
delete time:1.7881393432617188e-05
delete time:2.4318695068359375e-05
delete time:1.8596649169921875e-05
delete time:1.6689300537109375e-05
delete time:1.9073486328125e-05
delete time:1.4066696166992188e-05
delete time:1.4066696166992188e-05
delete time:2.8371810913085938e-05
delete time:4.9114227294921875e-05
delete time:3.6716461181640625e-05
delete time:1.8358230590820312e-05
delete time:2.2649765014648438e-05
delete time:2.86102294921875e-05
delete time:2.47955322265625e-05
delete time:3.790855407714844e-05
delete time:2.5510787963867188e-05
delete time:2.0503997802734375e-05
delete time:3.24249267578125e-05
delete time:2.3603439331054688e-05
delete time:2.09808349609375e-05
delete time:2.0742416381835938e-05
delete time:1.9073486328125e-05
delete time:1.4781951904296875e-05
delete time:2.2649765014648438e-05
delete time:4.7206878662109375e-05
delete time:2.002716064453125e-05
delete time:3.504753112792969e-05
delete time:2.5033950805664062e-05
delete time:3.9577484130859375e-05
delete time:3.075599670410156e-05
delete time:3.814697265625e-05
delete time:2.5272369384765625e-05
delete time:2.0265579223632812e-05
delete time:3.981590270996094e-05
delete time:1.8596649169921875e-05
delete time:1.9311904907226562e-05
delete time:1.9788742065429688e-05
delete time:2.002716064453125e-05
delete time:2.1457672119140625e-05
delete time:4.315376281738281e-05
delete time:1.8596649169921875e-05
delete time:1.8835067749023438e-05
delete time:1.7642974853515625e-05
delete time:4.267692565917969e-05
delete time:3.337860107421875e-05
delete time:2.3126602172851562e-05
delete time:2.0265579223632812e-05
delete time:2.2649765014648438e-05
delete time:1.33514404296875e-05
delete time:4.291534423828125e-05
delete time:3.1948089599609375e-05
delete time:2.002716064453125e-05
delete time:1.6450881958007812e-05
delete time:2.5987625122070312e-05
delete time:2.8133392333984375e-05
delete time:3.0994415283203125e-05
delete time:2.3603439331054688e-05
delete time:2.0265579223632812e-05
delete time:2.384185791015625e-05
delete time:1.71661376953125e-05
delete time:4.1961669921875e-05
delete time:2.288818359375e-05
delete time:3.7670135498046875e-05
delete time:1.71661376953125e-05
delete time:2.47955322265625e-05
delete time:2.4557113647460938e-05
delete time:2.0503997802734375e-05
delete time:1.71661376953125e-05
delete time:3.886222839355469e-05
delete time:1.8835067749023438e-05
delete time:2.6464462280273438e-05
delete time:2.4080276489257812e-05
delete time:2.5033950805664062e-05
delete time:2.4080276489257812e-05
delete time:4.172325134277344e-05
delete time:2.09808349609375e-05
delete time:2.2649765014648438e-05
delete time:2.956390380859375e-05
delete time:2.3365020751953125e-05
delete time:1.5497207641601562e-05
delete time:1.6927719116210938e-05
delete time:3.0517578125e-05
delete time:4.220008850097656e-05
delete time:1.9788742065429688e-05
delete time:2.1219253540039062e-05
delete time:3.528594970703125e-05
delete time:2.2649765014648438e-05
delete time:2.09808349609375e-05
delete time:2.4318695068359375e-05
delete time:1.8358230590820312e-05
delete time:2.2172927856445312e-05
delete time:4.38690185546875e-05
delete time:2.6226043701171875e-05
delete time:2.1457672119140625e-05
delete time:2.0742416381835938e-05
delete time:2.2172927856445312e-05
delete time:1.6450881958007812e-05
delete time:1.5497207641601562e-05
delete time:2.1696090698242188e-05
delete time:1.6689300537109375e-05
delete time:1.6689300537109375e-05
delete time:2.2172927856445312e-05
delete time:2.9802322387695312e-05
delete time:1.6450881958007812e-05
delete time:2.0503997802734375e-05
delete time:4.029273986816406e-05
delete time:2.2172927856445312e-05
delete time:2.7179718017578125e-05
delete time:3.743171691894531e-05
delete time:2.09808349609375e-05
delete time:4.1961669921875e-05
delete time:1.8358230590820312e-05
delete time:2.5272369384765625e-05
delete time:3.457069396972656e-05
delete time:2.0742416381835938e-05
delete time:1.9073486328125e-05
delete time:2.4318695068359375e-05
delete time:2.1457672119140625e-05
delete time:1.9788742065429688e-05
delete time:1.5735626220703125e-05
delete time:1.8835067749023438e-05
delete time:2.2172927856445312e-05
delete time:2.0503997802734375e-05
delete time:1.621246337890625e-05
delete time:1.7404556274414062e-05
delete time:2.0742416381835938e-05
delete time:3.0517578125e-05
delete time:1.9311904907226562e-05
delete time:1.9550323486328125e-05
delete time:2.2172927856445312e-05
delete time:1.9311904907226562e-05
delete time:2.09808349609375e-05
delete time:1.9550323486328125e-05
delete time:2.3603439331054688e-05
delete time:1.5497207641601562e-05
delete time:4.172325134277344e-05
delete time:2.2172927856445312e-05
delete time:2.7894973754882812e-05
delete time:2.7418136596679688e-05
delete time:2.4557113647460938e-05
delete time:1.8835067749023438e-05
delete time:1.5020370483398438e-05
delete time:2.4318695068359375e-05
delete time:2.5033950805664062e-05
delete time:2.3603439331054688e-05
delete time:1.52587890625e-05
delete time:1.811981201171875e-05
delete time:1.9550323486328125e-05
delete time:2.6941299438476562e-05
delete time:3.504753112792969e-05
delete time:1.6450881958007812e-05
delete time:2.5272369384765625e-05
delete time:2.5510787963867188e-05
delete time:1.430511474609375e-05
delete time:2.09808349609375e-05
delete time:1.6689300537109375e-05
delete time:1.71661376953125e-05
delete time:2.002716064453125e-05
delete time:4.506111145019531e-05
delete time:2.8133392333984375e-05
delete time:1.6927719116210938e-05
delete time:2.0503997802734375e-05
delete time:2.384185791015625e-05
delete time:2.3365020751953125e-05
delete time:1.9073486328125e-05
delete time:2.384185791015625e-05
delete time:2.1457672119140625e-05
delete time:2.2411346435546875e-05
delete time:3.0994415283203125e-05
delete time:2.002716064453125e-05
delete time:2.002716064453125e-05
delete time:3.9577484130859375e-05
delete time:2.1219253540039062e-05
delete time:2.193450927734375e-05
delete time:2.288818359375e-05
delete time:2.1219253540039062e-05
delete time:2.3126602172851562e-05
delete time:1.71661376953125e-05
delete time:1.8835067749023438e-05
delete time:2.4318695068359375e-05
delete time:1.621246337890625e-05
delete time:1.621246337890625e-05
delete time:3.24249267578125e-05
delete time:2.7894973754882812e-05
delete time:1.9073486328125e-05
delete time:2.09808349609375e-05
delete time:1.5497207641601562e-05
delete time:3.7670135498046875e-05
delete time:2.3603439331054688e-05
delete time:4.3392181396484375e-05
delete time:1.9788742065429688e-05
delete time:1.7881393432617188e-05
delete time:2.1457672119140625e-05
delete time:1.8358230590820312e-05
delete time:2.1219253540039062e-05
delete time:1.8358230590820312e-05
delete time:1.6450881958007812e-05
delete time:3.647804260253906e-05
delete time:4.029273986816406e-05
delete time:2.4318695068359375e-05
delete time:4.792213439941406e-05
delete time:1.5974044799804688e-05
delete time:2.1219253540039062e-05
delete time:1.9311904907226562e-05
delete time:1.7642974853515625e-05
delete time:2.5272369384765625e-05
delete time:2.47955322265625e-05
delete time:3.123283386230469e-05
delete time:2.2411346435546875e-05
delete time:1.7881393432617188e-05
delete time:2.1219253540039062e-05
delete time:4.2438507080078125e-05
delete time:4.601478576660156e-05
delete time:1.9073486328125e-05
delete time:2.47955322265625e-05
delete time:2.6941299438476562e-05
delete time:2.0503997802734375e-05
delete time:2.3365020751953125e-05
delete time:2.2649765014648438e-05
delete time:2.2172927856445312e-05
delete time:3.933906555175781e-05
delete time:2.2172927856445312e-05
delete time:1.9788742065429688e-05
delete time:4.076957702636719e-05
delete time:1.7642974853515625e-05
delete time:1.811981201171875e-05
delete time:2.002716064453125e-05
delete time:2.9325485229492188e-05
delete time:4.649162292480469e-05
delete time:2.0742416381835938e-05
delete time:3.3855438232421875e-05
delete time:2.002716064453125e-05
delete time:2.6226043701171875e-05
delete time:2.6464462280273438e-05
delete time:4.458427429199219e-05
delete time:2.4557113647460938e-05
delete time:2.7179718017578125e-05
delete time:1.9311904907226562e-05
delete time:2.8371810913085938e-05
delete time:4.696846008300781e-05
delete time:2.0265579223632812e-05
delete time:2.2172927856445312e-05
delete time:3.5762786865234375e-05
delete time:4.458427429199219e-05
delete time:1.7642974853515625e-05
delete time:2.574920654296875e-05
delete time:2.5510787963867188e-05
delete time:2.8133392333984375e-05
delete time:1.9550323486328125e-05
delete time:1.9550323486328125e-05
delete time:3.0279159545898438e-05
delete time:2.1457672119140625e-05
delete time:2.002716064453125e-05
delete time:2.1219253540039062e-05
delete time:2.288818359375e-05
delete time:1.7881393432617188e-05
delete time:1.71661376953125e-05
delete time:1.621246337890625e-05
delete time:1.6689300537109375e-05
delete time:2.2411346435546875e-05
delete time:2.6941299438476562e-05
delete time:2.8848648071289062e-05
delete time:1.9073486328125e-05
delete time:4.5299530029296875e-05
delete time:2.6464462280273438e-05
delete time:2.193450927734375e-05
delete time:2.2649765014648438e-05
delete time:2.1696090698242188e-05
delete time:2.47955322265625e-05
delete time:1.9788742065429688e-05
delete time:2.5510787963867188e-05
delete time:1.7404556274414062e-05
delete time:1.52587890625e-05
delete time:3.790855407714844e-05
delete time:1.9311904907226562e-05
delete time:2.2649765014648438e-05
delete time:1.71661376953125e-05
delete time:2.09808349609375e-05
delete time:1.4781951904296875e-05
delete time:2.0742416381835938e-05
delete time:2.3126602172851562e-05
delete time:2.574920654296875e-05
delete time:2.6941299438476562e-05
delete time:1.9073486328125e-05
delete time:2.288818359375e-05
delete time:1.7881393432617188e-05
delete time:4.482269287109375e-05
delete time:2.86102294921875e-05
delete time:1.9073486328125e-05
delete time:3.0994415283203125e-05
delete time:2.0503997802734375e-05
delete time:4.2438507080078125e-05
delete time:4.3392181396484375e-05
delete time:1.8835067749023438e-05
delete time:2.8371810913085938e-05
delete time:4.1961669921875e-05
delete time:1.71661376953125e-05
delete time:1.5735626220703125e-05
delete time:4.124641418457031e-05
delete time:3.218650817871094e-05
delete time:5.030632019042969e-05
delete time:3.910064697265625e-05
delete time:1.7642974853515625e-05
delete time:1.6450881958007812e-05
delete time:2.0265579223632812e-05
delete time:2.002716064453125e-05
delete time:1.4781951904296875e-05
delete time:4.458427429199219e-05
delete time:4.2438507080078125e-05
delete time:2.574920654296875e-05
delete time:2.193450927734375e-05
delete time:2.8371810913085938e-05
delete time:1.9788742065429688e-05
delete time:3.743171691894531e-05
delete time:2.1457672119140625e-05
delete time:2.4318695068359375e-05
delete time:2.6464462280273438e-05
delete time:1.7404556274414062e-05
delete time:1.8358230590820312e-05
delete time:1.5497207641601562e-05
delete time:2.1457672119140625e-05
delete time:2.09808349609375e-05
delete time:1.811981201171875e-05
delete time:1.8358230590820312e-05
delete time:2.0503997802734375e-05
delete time:2.4318695068359375e-05
delete time:4.553794860839844e-05
delete time:2.384185791015625e-05
delete time:4.267692565917969e-05
delete time:1.9788742065429688e-05
delete time:2.765655517578125e-05
delete time:4.673004150390625e-05
delete time:2.1696090698242188e-05
delete time:2.3603439331054688e-05
delete time:3.552436828613281e-05
delete time:1.4543533325195312e-05
delete time:2.3603439331054688e-05
delete time:3.337860107421875e-05
delete time:1.9073486328125e-05
delete time:2.47955322265625e-05
delete time:2.1219253540039062e-05
delete time:3.123283386230469e-05
delete time:2.2172927856445312e-05
delete time:4.744529724121094e-05
delete time:1.4781951904296875e-05
delete time:2.09808349609375e-05
delete time:5.173683166503906e-05
delete time:2.193450927734375e-05
delete time:2.288818359375e-05
delete time:1.6689300537109375e-05
delete time:2.09808349609375e-05
delete time:4.57763671875e-05
delete time:1.9550323486328125e-05
delete time:2.3365020751953125e-05
delete time:2.3603439331054688e-05
delete time:2.384185791015625e-05
delete time:2.384185791015625e-05
delete time:1.9073486328125e-05
delete time:2.7179718017578125e-05
delete time:2.2172927856445312e-05
delete time:1.9788742065429688e-05
delete time:2.1457672119140625e-05
delete time:1.811981201171875e-05
delete time:2.9087066650390625e-05
delete time:2.4080276489257812e-05
delete time:1.71661376953125e-05
delete time:3.8623809814453125e-05
delete time:1.71661376953125e-05
delete time:2.8848648071289062e-05
delete time:1.9788742065429688e-05
delete time:2.193450927734375e-05
delete time:4.220008850097656e-05
delete time:2.6941299438476562e-05
delete time:3.981590270996094e-05
delete time:2.5987625122070312e-05
delete time:2.4080276489257812e-05
delete time:4.220008850097656e-05
delete time:2.8371810913085938e-05
delete time:1.9788742065429688e-05
delete time:4.0531158447265625e-05
delete time:2.1696090698242188e-05
delete time:1.9311904907226562e-05
delete time:2.5033950805664062e-05
delete time:2.193450927734375e-05
delete time:2.3603439331054688e-05
delete time:3.0517578125e-05
delete time:1.7642974853515625e-05
delete time:2.5272369384765625e-05
delete time:2.3126602172851562e-05
delete time:2.1219253540039062e-05
delete time:2.09808349609375e-05
delete time:2.09808349609375e-05
delete time:2.002716064453125e-05
delete time:2.8848648071289062e-05
delete time:1.8835067749023438e-05
delete time:2.2649765014648438e-05
delete time:2.0265579223632812e-05
delete time:1.7404556274414062e-05
delete time:4.0531158447265625e-05
delete time:2.0503997802734375e-05
delete time:2.1696090698242188e-05
delete time:4.267692565917969e-05
delete time:1.4781951904296875e-05
delete time:2.384185791015625e-05
delete time:1.7404556274414062e-05
delete time:1.7881393432617188e-05
delete time:2.0742416381835938e-05
delete time:2.5272369384765625e-05
delete time:2.4318695068359375e-05
delete time:2.1219253540039062e-05
delete time:4.601478576660156e-05
delete time:3.4809112548828125e-05
delete time:2.6226043701171875e-05
delete time:2.0265579223632812e-05
delete time:1.5497207641601562e-05
delete time:1.8358230590820312e-05
delete time:2.0265579223632812e-05
delete time:1.621246337890625e-05
delete time:2.1219253540039062e-05
delete time:1.9073486328125e-05
delete time:2.0742416381835938e-05
delete time:2.4318695068359375e-05
delete time:1.6927719116210938e-05
delete time:2.574920654296875e-05
delete time:2.4557113647460938e-05
delete time:4.291534423828125e-05
delete time:1.9311904907226562e-05
delete time:2.193450927734375e-05
delete time:2.4080276489257812e-05
delete time:4.410743713378906e-05
delete time:2.5033950805664062e-05
delete time:2.1219253540039062e-05
delete time:2.2649765014648438e-05
delete time:2.5033950805664062e-05
delete time:2.5033950805664062e-05
delete time:4.506111145019531e-05
delete time:3.1948089599609375e-05
delete time:2.384185791015625e-05
delete time:2.3126602172851562e-05
delete time:2.2411346435546875e-05
delete time:3.647804260253906e-05
delete time:2.0265579223632812e-05
delete time:3.814697265625e-05
delete time:1.9073486328125e-05
delete time:1.52587890625e-05
delete time:3.8623809814453125e-05
delete time:3.3855438232421875e-05
delete time:2.09808349609375e-05
delete time:2.2411346435546875e-05
delete time:1.621246337890625e-05
delete time:4.792213439941406e-05
delete time:1.8835067749023438e-05
delete time:2.47955322265625e-05
delete time:2.3365020751953125e-05
delete time:2.002716064453125e-05
delete time:3.1948089599609375e-05
delete time:1.9788742065429688e-05
delete time:4.029273986816406e-05
delete time:1.9788742065429688e-05
delete time:2.4318695068359375e-05
delete time:1.8835067749023438e-05
delete time:4.363059997558594e-05
delete time:3.2901763916015625e-05
delete time:3.337860107421875e-05
delete time:1.9073486328125e-05
delete time:2.8848648071289062e-05
delete time:2.09808349609375e-05
delete time:1.9550323486328125e-05
delete time:5.3882598876953125e-05
delete time:2.4318695068359375e-05
delete time:2.574920654296875e-05
delete time:2.2411346435546875e-05
delete time:3.933906555175781e-05
delete time:1.9550323486328125e-05
delete time:2.002716064453125e-05
delete time:2.0503997802734375e-05
delete time:2.574920654296875e-05
delete time:1.8358230590820312e-05
delete time:2.4557113647460938e-05
delete time:2.3126602172851562e-05
delete time:4.172325134277344e-05
delete time:2.002716064453125e-05
delete time:2.574920654296875e-05
delete time:3.886222839355469e-05
delete time:2.0742416381835938e-05
delete time:2.2411346435546875e-05
delete time:2.193450927734375e-05
delete time:1.9311904907226562e-05
delete time:1.4066696166992188e-05
delete time:4.863739013671875e-05
delete time:2.5272369384765625e-05
delete time:4.553794860839844e-05
delete time:2.574920654296875e-05
delete time:3.4332275390625e-05
delete time:1.2874603271484375e-05
delete time:2.4557113647460938e-05
delete time:2.5510787963867188e-05
delete time:2.5272369384765625e-05
delete time:3.147125244140625e-05
delete time:2.7894973754882812e-05
delete time:1.811981201171875e-05
delete time:2.193450927734375e-05
delete time:4.649162292480469e-05
delete time:2.0503997802734375e-05
delete time:2.4080276489257812e-05
delete time:2.002716064453125e-05
delete time:2.0265579223632812e-05
delete time:1.5735626220703125e-05
delete time:2.1457672119140625e-05
delete time:1.9788742065429688e-05
delete time:2.193450927734375e-05
delete time:3.695487976074219e-05
delete time:3.981590270996094e-05
delete time:2.2411346435546875e-05
delete time:2.0742416381835938e-05
delete time:2.002716064453125e-05
delete time:2.3126602172851562e-05
delete time:2.2172927856445312e-05
delete time:1.4066696166992188e-05
delete time:3.2901763916015625e-05
delete time:2.2172927856445312e-05
delete time:1.71661376953125e-05
delete time:1.4066696166992188e-05
delete time:2.8848648071289062e-05
delete time:3.2901763916015625e-05
delete time:2.5033950805664062e-05
delete time:2.3603439331054688e-05
delete time:2.3603439331054688e-05
delete time:1.5974044799804688e-05
delete time:1.9073486328125e-05
delete time:1.7404556274414062e-05
delete time:2.1696090698242188e-05
delete time:1.7881393432617188e-05
delete time:2.4080276489257812e-05
delete time:1.811981201171875e-05
delete time:4.100799560546875e-05
delete time:3.743171691894531e-05
delete time:1.6689300537109375e-05
delete time:1.9788742065429688e-05
delete time:1.9788742065429688e-05
delete time:2.0503997802734375e-05
delete time:4.076957702636719e-05
delete time:2.86102294921875e-05
delete time:2.3603439331054688e-05
delete time:1.4543533325195312e-05
delete time:1.7642974853515625e-05
delete time:4.076957702636719e-05
delete time:1.5497207641601562e-05
delete time:2.5272369384765625e-05
delete time:2.5987625122070312e-05
delete time:1.7404556274414062e-05
delete time:1.6689300537109375e-05
delete time:1.6450881958007812e-05
delete time:2.2649765014648438e-05
delete time:2.3365020751953125e-05
delete time:1.7881393432617188e-05
delete time:2.193450927734375e-05
delete time:4.4345855712890625e-05
delete time:1.6689300537109375e-05
delete time:2.3365020751953125e-05
delete time:3.170967102050781e-05
delete time:2.1457672119140625e-05
delete time:2.1219253540039062e-05
delete time:2.3365020751953125e-05
delete time:2.2172927856445312e-05
delete time:1.71661376953125e-05
delete time:1.71661376953125e-05
delete time:1.7881393432617188e-05
delete time:2.7418136596679688e-05
delete time:3.8623809814453125e-05
delete time:1.811981201171875e-05
delete time:1.5735626220703125e-05
delete time:1.7404556274414062e-05
delete time:4.291534423828125e-05
delete time:4.1961669921875e-05
delete time:2.3365020751953125e-05
delete time:2.09808349609375e-05
delete time:2.0742416381835938e-05
delete time:1.9550323486328125e-05
delete time:2.5033950805664062e-05
delete time:2.288818359375e-05
delete time:1.52587890625e-05
delete time:1.7404556274414062e-05
delete time:1.7881393432617188e-05
delete time:1.6689300537109375e-05
delete time:2.6702880859375e-05
delete time:2.0503997802734375e-05
delete time:2.0742416381835938e-05
delete time:1.6450881958007812e-05
delete time:2.8371810913085938e-05
delete time:4.553794860839844e-05
delete time:2.8133392333984375e-05
delete time:1.4781951904296875e-05
delete time:2.002716064453125e-05
delete time:3.600120544433594e-05
delete time:2.3603439331054688e-05
delete time:1.9788742065429688e-05
delete time:1.621246337890625e-05
delete time:2.3365020751953125e-05
delete time:1.9311904907226562e-05
delete time:1.9788742065429688e-05
delete time:3.1948089599609375e-05
delete time:4.9114227294921875e-05
delete time:2.0742416381835938e-05
delete time:1.7642974853515625e-05
delete time:2.2172927856445312e-05
delete time:2.4080276489257812e-05
delete time:1.9073486328125e-05
delete time:2.002716064453125e-05
delete time:1.9788742065429688e-05
delete time:1.9073486328125e-05
delete time:1.52587890625e-05
delete time:1.52587890625e-05
delete time:3.075599670410156e-05
delete time:1.8835067749023438e-05
delete time:2.0265579223632812e-05
delete time:4.410743713378906e-05
delete time:3.910064697265625e-05
delete time:1.9311904907226562e-05
delete time:1.621246337890625e-05
delete time:2.09808349609375e-05
delete time:2.6226043701171875e-05
delete time:2.002716064453125e-05
delete time:2.1219253540039062e-05
delete time:1.7881393432617188e-05
delete time:4.482269287109375e-05
delete time:2.09808349609375e-05
delete time:2.3126602172851562e-05
delete time:2.1457672119140625e-05
delete time:2.288818359375e-05
delete time:1.8358230590820312e-05
delete time:1.9788742065429688e-05
delete time:2.193450927734375e-05
delete time:4.172325134277344e-05
delete time:2.0503997802734375e-05
delete time:4.076957702636719e-05
delete time:2.002716064453125e-05
delete time:1.9073486328125e-05
delete time:1.7404556274414062e-05
delete time:2.1696090698242188e-05
delete time:1.5497207641601562e-05
delete time:1.71661376953125e-05
delete time:1.71661376953125e-05
delete time:1.9550323486328125e-05
delete time:1.8358230590820312e-05
delete time:2.09808349609375e-05
delete time:1.9788742065429688e-05
delete time:2.2649765014648438e-05
delete time:9.870529174804688e-05
delete time:1.9788742065429688e-05
delete time:1.6450881958007812e-05
delete time:2.47955322265625e-05
delete time:1.9073486328125e-05
delete time:2.47955322265625e-05
delete time:4.6253204345703125e-05
delete time:1.6450881958007812e-05
delete time:2.0503997802734375e-05
delete time:1.9788742065429688e-05
delete time:1.71661376953125e-05
delete time:1.71661376953125e-05
delete time:1.4781951904296875e-05
delete time:1.8835067749023438e-05
delete time:1.3828277587890625e-05
delete time:2.2172927856445312e-05
delete time:1.5735626220703125e-05
delete time:2.1219253540039062e-05
delete time:4.57763671875e-05
delete time:2.0503997802734375e-05
delete time:2.4080276489257812e-05
delete time:2.384185791015625e-05
delete time:1.7881393432617188e-05
delete time:1.7404556274414062e-05
delete time:4.4345855712890625e-05
delete time:2.288818359375e-05
delete time:2.956390380859375e-05
delete time:2.765655517578125e-05
delete time:2.0265579223632812e-05
delete time:2.5272369384765625e-05
delete time:1.9311904907226562e-05
delete time:1.9550323486328125e-05
delete time:3.7670135498046875e-05
delete time:2.1696090698242188e-05
delete time:1.9550323486328125e-05
delete time:2.2172927856445312e-05
delete time:1.9788742065429688e-05
delete time:2.2172927856445312e-05
delete time:1.9788742065429688e-05
delete time:1.811981201171875e-05
delete time:2.3126602172851562e-05
delete time:2.193450927734375e-05
delete time:4.935264587402344e-05
delete time:2.0742416381835938e-05
delete time:2.0742416381835938e-05
delete time:1.8358230590820312e-05
delete time:2.3126602172851562e-05
delete time:3.337860107421875e-05
delete time:3.0279159545898438e-05
delete time:2.5033950805664062e-05
delete time:2.2172927856445312e-05
delete time:2.2172927856445312e-05
delete time:1.7404556274414062e-05
delete time:1.6450881958007812e-05
delete time:2.193450927734375e-05
delete time:1.9550323486328125e-05
delete time:2.2411346435546875e-05
delete time:2.002716064453125e-05
delete time:2.7418136596679688e-05
delete time:2.193450927734375e-05
delete time:1.6927719116210938e-05
delete time:2.193450927734375e-05
delete time:3.6716461181640625e-05
delete time:2.1219253540039062e-05
delete time:2.1696090698242188e-05
delete time:1.9788742065429688e-05
delete time:1.9311904907226562e-05
delete time:2.3126602172851562e-05
delete time:1.9073486328125e-05
delete time:2.002716064453125e-05
delete time:1.8596649169921875e-05
delete time:5.078315734863281e-05
delete time:1.8596649169921875e-05
delete time:4.5299530029296875e-05
delete time:1.6927719116210938e-05
delete time:2.8371810913085938e-05
delete time:1.7881393432617188e-05
delete time:1.8835067749023438e-05
delete time:2.0265579223632812e-05
delete time:2.09808349609375e-05
delete time:2.4080276489257812e-05
delete time:2.5987625122070312e-05
delete time:4.57763671875e-05
delete time:3.0517578125e-05
delete time:3.409385681152344e-05
delete time:2.0503997802734375e-05
delete time:2.4318695068359375e-05
delete time:2.193450927734375e-05
delete time:2.0503997802734375e-05
delete time:4.792213439941406e-05
delete time:2.765655517578125e-05
delete time:4.5299530029296875e-05
delete time:1.8835067749023438e-05
delete time:2.6464462280273438e-05
delete time:2.2649765014648438e-05
delete time:4.792213439941406e-05
delete time:2.4557113647460938e-05
delete time:2.7418136596679688e-05
delete time:4.6253204345703125e-05
delete time:2.2411346435546875e-05
delete time:2.09808349609375e-05
delete time:2.193450927734375e-05
delete time:1.811981201171875e-05
delete time:1.9311904907226562e-05
delete time:2.1457672119140625e-05
delete time:1.71661376953125e-05
delete time:2.1696090698242188e-05
delete time:2.1696090698242188e-05
delete time:2.574920654296875e-05
delete time:2.4080276489257812e-05
delete time:1.8835067749023438e-05
delete time:1.8835067749023438e-05
delete time:1.6927719116210938e-05
delete time:2.0742416381835938e-05
delete time:1.7881393432617188e-05
delete time:3.886222839355469e-05
delete time:2.2649765014648438e-05
delete time:1.9550323486328125e-05
delete time:2.384185791015625e-05
delete time:2.002716064453125e-05
delete time:4.220008850097656e-05
delete time:3.337860107421875e-05
delete time:2.193450927734375e-05
delete time:3.0040740966796875e-05
delete time:1.5974044799804688e-05
delete time:2.0265579223632812e-05
delete time:4.1961669921875e-05
delete time:1.8835067749023438e-05
delete time:1.6450881958007812e-05
delete time:2.7418136596679688e-05
delete time:2.002716064453125e-05
delete time:2.7894973754882812e-05
delete time:4.76837158203125e-05
delete time:1.6927719116210938e-05
delete time:2.1219253540039062e-05
delete time:2.09808349609375e-05
delete time:2.3365020751953125e-05
delete time:4.3392181396484375e-05
delete time:1.621246337890625e-05
delete time:1.9073486328125e-05
delete time:4.00543212890625e-05
delete time:2.1219253540039062e-05
delete time:2.002716064453125e-05
delete time:1.6689300537109375e-05
delete time:2.09808349609375e-05
delete time:2.0503997802734375e-05
delete time:3.9577484130859375e-05
delete time:2.1696090698242188e-05
delete time:2.2172927856445312e-05
delete time:1.430511474609375e-05
delete time:1.7642974853515625e-05
delete time:1.6450881958007812e-05
delete time:3.5762786865234375e-05
delete time:1.7881393432617188e-05
delete time:2.2172927856445312e-05
delete time:2.4318695068359375e-05
delete time:2.4318695068359375e-05
delete time:2.0503997802734375e-05
delete time:1.6689300537109375e-05
delete time:2.002716064453125e-05
delete time:3.123283386230469e-05
delete time:2.002716064453125e-05
delete time:1.9550323486328125e-05
delete time:2.0265579223632812e-05
delete time:2.3126602172851562e-05
delete time:2.2172927856445312e-05
delete time:1.6450881958007812e-05
delete time:1.7881393432617188e-05
delete time:1.7642974853515625e-05
delete time:2.1457672119140625e-05
delete time:2.3603439331054688e-05
delete time:4.863739013671875e-05
delete time:3.6716461181640625e-05
delete time:2.1219253540039062e-05
delete time:2.1219253540039062e-05
delete time:2.1457672119140625e-05
delete time:2.6464462280273438e-05
delete time:2.002716064453125e-05
delete time:2.3126602172851562e-05
delete time:2.288818359375e-05
delete time:2.002716064453125e-05
delete time:2.2411346435546875e-05
delete time:1.811981201171875e-05
delete time:1.811981201171875e-05
delete time:4.4345855712890625e-05
delete time:2.4318695068359375e-05
delete time:1.9311904907226562e-05
delete time:1.3589859008789062e-05
delete time:2.288818359375e-05
delete time:2.4557113647460938e-05
delete time:1.9550323486328125e-05
delete time:2.193450927734375e-05
delete time:1.6450881958007812e-05
delete time:1.8596649169921875e-05
delete time:2.1219253540039062e-05
delete time:2.574920654296875e-05
delete time:2.6226043701171875e-05
delete time:1.811981201171875e-05
delete time:1.621246337890625e-05
delete time:2.5272369384765625e-05
delete time:2.1457672119140625e-05
delete time:2.0742416381835938e-05
delete time:2.9087066650390625e-05
delete time:4.220008850097656e-05
delete time:2.8848648071289062e-05
delete time:2.6464462280273438e-05
delete time:2.4318695068359375e-05
delete time:1.71661376953125e-05
delete time:2.574920654296875e-05
delete time:2.0503997802734375e-05
delete time:2.574920654296875e-05
delete time:2.2172927856445312e-05
delete time:1.7404556274414062e-05
delete time:1.9550323486328125e-05
delete time:3.147125244140625e-05
delete time:2.002716064453125e-05
delete time:1.9550323486328125e-05
delete time:2.288818359375e-05
delete time:1.71661376953125e-05
delete time:2.0265579223632812e-05
delete time:2.5033950805664062e-05
delete time:1.6927719116210938e-05
delete time:4.220008850097656e-05
delete time:1.9788742065429688e-05
delete time:2.6464462280273438e-05
delete time:3.4809112548828125e-05
delete time:1.9788742065429688e-05
delete time:2.2411346435546875e-05
delete time:2.4557113647460938e-05
delete time:2.5033950805664062e-05
delete time:2.3365020751953125e-05
delete time:2.574920654296875e-05
delete time:1.6450881958007812e-05
delete time:2.1219253540039062e-05
delete time:1.6450881958007812e-05
delete time:3.0040740966796875e-05
delete time:4.0531158447265625e-05
delete time:2.4318695068359375e-05
delete time:1.3828277587890625e-05
delete time:1.5497207641601562e-05
delete time:2.0503997802734375e-05
delete time:2.09808349609375e-05
delete time:2.3365020751953125e-05
delete time:1.7642974853515625e-05
delete time:1.8358230590820312e-05
delete time:1.811981201171875e-05
delete time:1.8596649169921875e-05
delete time:1.9073486328125e-05
delete time:2.1457672119140625e-05
delete time:1.52587890625e-05
delete time:2.5510787963867188e-05
delete time:1.621246337890625e-05
delete time:1.8596649169921875e-05
delete time:2.3126602172851562e-05
delete time:2.2649765014648438e-05
delete time:4.124641418457031e-05
delete time:2.4318695068359375e-05
delete time:1.5497207641601562e-05
delete time:2.5272369384765625e-05
delete time:4.2438507080078125e-05
delete time:3.695487976074219e-05
delete time:2.384185791015625e-05
delete time:1.4781951904296875e-05
delete time:2.0742416381835938e-05
delete time:1.9550323486328125e-05
delete time:2.0265579223632812e-05
delete time:2.6464462280273438e-05
delete time:1.9788742065429688e-05
delete time:2.7894973754882812e-05
delete time:1.9073486328125e-05
delete time:1.9073486328125e-05
delete time:4.5299530029296875e-05
delete time:2.0265579223632812e-05
delete time:1.9311904907226562e-05
delete time:1.7404556274414062e-05
delete time:1.8358230590820312e-05
delete time:4.363059997558594e-05
delete time:3.266334533691406e-05
delete time:2.765655517578125e-05
delete time:2.09808349609375e-05
delete time:3.743171691894531e-05
delete time:3.1948089599609375e-05
delete time:2.4318695068359375e-05
delete time:1.9550323486328125e-05
delete time:2.2411346435546875e-05
delete time:1.7642974853515625e-05
delete time:1.5020370483398438e-05
delete time:1.7642974853515625e-05
delete time:4.1484832763671875e-05
delete time:1.9073486328125e-05
delete time:2.0503997802734375e-05
delete time:2.193450927734375e-05
delete time:2.193450927734375e-05
delete time:2.1219253540039062e-05
delete time:2.2411346435546875e-05
delete time:4.9114227294921875e-05
delete time:2.0503997802734375e-05
delete time:2.384185791015625e-05
delete time:2.2411346435546875e-05
delete time:1.8358230590820312e-05
delete time:1.8358230590820312e-05
delete time:1.8835067749023438e-05
delete time:1.8596649169921875e-05
delete time:1.7642974853515625e-05
delete time:1.4066696166992188e-05
delete time:1.7404556274414062e-05
delete time:1.7642974853515625e-05
delete time:1.9073486328125e-05
delete time:2.1457672119140625e-05
delete time:2.2172927856445312e-05
delete time:4.124641418457031e-05
delete time:1.9311904907226562e-05
delete time:1.9311904907226562e-05
delete time:1.9550323486328125e-05
delete time:2.6464462280273438e-05
delete time:2.1457672119140625e-05
delete time:1.8835067749023438e-05
delete time:3.552436828613281e-05
delete time:0.00010061264038085938
delete time:2.002716064453125e-05
delete time:2.0265579223632812e-05
delete time:2.6702880859375e-05
delete time:1.8596649169921875e-05
delete time:1.9073486328125e-05
delete time:2.0503997802734375e-05
delete time:2.4318695068359375e-05
delete time:1.7404556274414062e-05
delete time:1.9788742065429688e-05
delete time:1.9311904907226562e-05
delete time:2.09808349609375e-05
delete time:4.0531158447265625e-05
delete time:1.9311904907226562e-05
delete time:2.0742416381835938e-05
delete time:1.8596649169921875e-05
delete time:1.2636184692382812e-05
delete time:2.8371810913085938e-05
delete time:2.0265579223632812e-05
delete time:2.0503997802734375e-05
delete time:3.5762786865234375e-05
delete time:1.6450881958007812e-05
delete time:4.458427429199219e-05
delete time:3.0517578125e-05
delete time:2.6464462280273438e-05
delete time:1.8358230590820312e-05
delete time:1.71661376953125e-05
delete time:1.7642974853515625e-05
delete time:1.9073486328125e-05
delete time:2.1219253540039062e-05
delete time:1.9073486328125e-05
delete time:2.0742416381835938e-05
delete time:2.765655517578125e-05
delete time:2.2172927856445312e-05
delete time:1.9073486328125e-05
delete time:1.7404556274414062e-05
delete time:1.8835067749023438e-05
delete time:2.3603439331054688e-05
delete time:2.1457672119140625e-05
delete time:1.8358230590820312e-05
delete time:1.9073486328125e-05
delete time:1.811981201171875e-05
delete time:1.9311904907226562e-05
delete time:2.193450927734375e-05
delete time:2.1696090698242188e-05
delete time:1.7881393432617188e-05
delete time:2.2649765014648438e-05
delete time:1.430511474609375e-05
delete time:2.193450927734375e-05
delete time:2.7418136596679688e-05
delete time:1.4781951904296875e-05
delete time:1.9073486328125e-05
delete time:2.4318695068359375e-05
delete time:2.6702880859375e-05
delete time:1.3828277587890625e-05
delete time:1.8835067749023438e-05
delete time:1.8596649169921875e-05
delete time:2.1696090698242188e-05
delete time:1.621246337890625e-05
delete time:2.1457672119140625e-05
delete time:2.6464462280273438e-05
delete time:2.3603439331054688e-05
delete time:1.9073486328125e-05
delete time:1.52587890625e-05
delete time:1.811981201171875e-05
delete time:1.8596649169921875e-05
delete time:2.765655517578125e-05
delete time:1.5497207641601562e-05
delete time:3.075599670410156e-05
delete time:1.8835067749023438e-05
delete time:2.002716064453125e-05
delete time:1.7404556274414062e-05
delete time:1.71661376953125e-05
delete time:4.100799560546875e-05
delete time:3.838539123535156e-05
delete time:3.504753112792969e-05
delete time:3.7670135498046875e-05
delete time:1.9550323486328125e-05
delete time:1.811981201171875e-05
delete time:2.2411346435546875e-05
delete time:2.002716064453125e-05
delete time:2.1696090698242188e-05
delete time:1.811981201171875e-05
delete time:1.8358230590820312e-05
delete time:3.5762786865234375e-05
delete time:3.814697265625e-05
delete time:2.1219253540039062e-05
delete time:2.0265579223632812e-05
delete time:2.47955322265625e-05
delete time:2.4557113647460938e-05
delete time:2.5510787963867188e-05
delete time:1.4066696166992188e-05
delete time:1.3589859008789062e-05
delete time:2.2411346435546875e-05
delete time:1.3828277587890625e-05
delete time:2.2172927856445312e-05
delete time:1.7642974853515625e-05
delete time:1.9311904907226562e-05
delete time:3.266334533691406e-05
delete time:1.6927719116210938e-05
delete time:1.6927719116210938e-05
delete time:1.6927719116210938e-05
delete time:1.5974044799804688e-05
delete time:2.002716064453125e-05
delete time:1.7642974853515625e-05
delete time:2.0265579223632812e-05
delete time:1.6450881958007812e-05
delete time:0.00012159347534179688
delete time:2.09808349609375e-05
delete time:1.8835067749023438e-05
delete time:2.4557113647460938e-05
delete time:2.193450927734375e-05
delete time:1.9311904907226562e-05
delete time:2.5510787963867188e-05
delete time:2.2411346435546875e-05
delete time:2.09808349609375e-05
delete time:2.4557113647460938e-05
delete time:2.0742416381835938e-05
delete time:2.0265579223632812e-05
delete time:2.002716064453125e-05
delete time:2.1219253540039062e-05
delete time:2.2172927856445312e-05
delete time:1.430511474609375e-05
delete time:1.9550323486328125e-05
delete time:2.4318695068359375e-05
delete time:2.4080276489257812e-05
delete time:1.6450881958007812e-05
delete time:3.4809112548828125e-05
delete time:1.9073486328125e-05
delete time:1.7881393432617188e-05
delete time:1.4781951904296875e-05
delete time:3.933906555175781e-05
delete time:3.409385681152344e-05
delete time:3.0994415283203125e-05
delete time:2.7179718017578125e-05
delete time:1.7881393432617188e-05
delete time:2.3603439331054688e-05
delete time:1.8835067749023438e-05
delete time:2.3603439331054688e-05
delete time:2.5033950805664062e-05
delete time:2.1457672119140625e-05
delete time:2.1696090698242188e-05
delete time:1.8835067749023438e-05
delete time:1.9073486328125e-05
delete time:1.6450881958007812e-05
delete time:1.621246337890625e-05
delete time:2.4318695068359375e-05
delete time:2.5272369384765625e-05
delete time:1.621246337890625e-05
delete time:3.0040740966796875e-05
delete time:1.6927719116210938e-05
delete time:3.814697265625e-05
delete time:2.002716064453125e-05
delete time:1.7881393432617188e-05
delete time:1.71661376953125e-05
delete time:2.002716064453125e-05
delete time:1.7404556274414062e-05
delete time:1.71661376953125e-05
delete time:4.4345855712890625e-05
delete time:1.71661376953125e-05
delete time:1.7642974853515625e-05
delete time:3.218650817871094e-05
delete time:2.3365020751953125e-05
delete time:2.0742416381835938e-05
delete time:2.2172927856445312e-05
delete time:2.5033950805664062e-05
delete time:3.123283386230469e-05
delete time:2.1219253540039062e-05
delete time:3.3855438232421875e-05
delete time:3.218650817871094e-05
delete time:1.7881393432617188e-05
delete time:2.574920654296875e-05
delete time:4.696846008300781e-05
delete time:1.7404556274414062e-05
delete time:4.673004150390625e-05
delete time:2.4557113647460938e-05
delete time:1.5735626220703125e-05
delete time:4.601478576660156e-05
delete time:4.076957702636719e-05
delete time:1.8835067749023438e-05
delete time:3.1948089599609375e-05
delete time:2.0742416381835938e-05
delete time:2.2411346435546875e-05
delete time:1.8358230590820312e-05
delete time:2.09808349609375e-05
delete time:2.5510787963867188e-05
delete time:2.193450927734375e-05
delete time:2.0742416381835938e-05
delete time:2.288818359375e-05
delete time:1.9788742065429688e-05
delete time:3.075599670410156e-05
delete time:2.2649765014648438e-05
delete time:1.4543533325195312e-05
delete time:2.1457672119140625e-05
delete time:2.002716064453125e-05
delete time:1.9073486328125e-05
delete time:2.5272369384765625e-05
delete time:2.765655517578125e-05
delete time:3.3855438232421875e-05
delete time:2.2172927856445312e-05
delete time:1.5497207641601562e-05
delete time:2.86102294921875e-05
delete time:3.981590270996094e-05
delete time:1.52587890625e-05
delete time:3.3855438232421875e-05
delete time:2.47955322265625e-05
delete time:2.7894973754882812e-05
delete time:2.6464462280273438e-05
delete time:2.002716064453125e-05
delete time:1.8596649169921875e-05
delete time:1.9073486328125e-05
delete time:1.52587890625e-05
delete time:1.6927719116210938e-05
delete time:2.1457672119140625e-05
delete time:2.3126602172851562e-05
delete time:1.71661376953125e-05
delete time:3.0279159545898438e-05
delete time:1.7404556274414062e-05
delete time:2.86102294921875e-05
delete time:2.1457672119140625e-05
delete time:3.7670135498046875e-05
delete time:1.9311904907226562e-05
delete time:1.6927719116210938e-05
delete time:4.076957702636719e-05
delete time:3.647804260253906e-05
delete time:3.0517578125e-05
delete time:2.2649765014648438e-05
delete time:1.7881393432617188e-05
delete time:2.0742416381835938e-05
delete time:1.5735626220703125e-05
delete time:2.2649765014648438e-05
delete time:1.621246337890625e-05
delete time:2.2649765014648438e-05
delete time:1.7881393432617188e-05
delete time:1.9788742065429688e-05
delete time:2.2649765014648438e-05
delete time:2.2649765014648438e-05
delete time:1.4543533325195312e-05
delete time:1.6927719116210938e-05
delete time:2.193450927734375e-05
delete time:4.506111145019531e-05
delete time:2.09808349609375e-05
delete time:2.86102294921875e-05
delete time:2.4318695068359375e-05
delete time:2.5272369384765625e-05
delete time:2.4318695068359375e-05
delete time:1.5497207641601562e-05
delete time:2.86102294921875e-05
delete time:3.504753112792969e-05
delete time:2.7179718017578125e-05
delete time:2.288818359375e-05
delete time:1.9550323486328125e-05
delete time:2.4557113647460938e-05
delete time:2.574920654296875e-05
delete time:2.956390380859375e-05
delete time:6.508827209472656e-05
delete time:2.3365020751953125e-05
delete time:2.6226043701171875e-05
delete time:4.076957702636719e-05
delete time:1.7642974853515625e-05
delete time:9.989738464355469e-05
delete time:1.9788742065429688e-05
delete time:1.9311904907226562e-05
delete time:1.811981201171875e-05
delete time:2.4557113647460938e-05
delete time:2.384185791015625e-05
delete time:1.7404556274414062e-05
delete time:2.2411346435546875e-05
delete time:3.075599670410156e-05
delete time:2.5272369384765625e-05
delete time:2.2649765014648438e-05
delete time:3.695487976074219e-05
delete time:2.2172927856445312e-05
delete time:2.2649765014648438e-05
delete time:2.288818359375e-05
delete time:1.71661376953125e-05
delete time:2.3603439331054688e-05
delete time:2.2172927856445312e-05
delete time:1.621246337890625e-05
delete time:1.6450881958007812e-05
delete time:1.8596649169921875e-05
delete time:1.7881393432617188e-05
delete time:2.1457672119140625e-05
delete time:1.3113021850585938e-05
delete time:4.601478576660156e-05
delete time:2.384185791015625e-05
delete time:1.7642974853515625e-05
delete time:1.52587890625e-05
delete time:2.193450927734375e-05
delete time:1.9073486328125e-05
delete time:2.7179718017578125e-05
delete time:1.9311904907226562e-05
delete time:2.3365020751953125e-05
delete time:1.9550323486328125e-05
delete time:2.3365020751953125e-05
delete time:3.552436828613281e-05
delete time:4.1961669921875e-05
delete time:2.3126602172851562e-05
delete time:2.6464462280273438e-05
delete time:2.9802322387695312e-05
delete time:1.5497207641601562e-05
delete time:4.5299530029296875e-05
delete time:2.288818359375e-05
delete time:1.71661376953125e-05
delete time:1.9311904907226562e-05
delete time:4.029273986816406e-05
delete time:2.288818359375e-05
delete time:1.71661376953125e-05
delete time:1.9788742065429688e-05
delete time:1.621246337890625e-05
delete time:2.288818359375e-05
delete time:2.47955322265625e-05
delete time:2.4557113647460938e-05
delete time:1.5497207641601562e-05
delete time:2.1219253540039062e-05
delete time:3.8623809814453125e-05
delete time:2.2411346435546875e-05
delete time:2.1219253540039062e-05
delete time:1.8835067749023438e-05
delete time:1.7881393432617188e-05
delete time:2.0265579223632812e-05
delete time:3.9577484130859375e-05
delete time:4.076957702636719e-05
delete time:3.695487976074219e-05
delete time:1.811981201171875e-05
delete time:1.5974044799804688e-05
delete time:2.2649765014648438e-05
delete time:2.002716064453125e-05
delete time:4.1484832763671875e-05
delete time:2.2411346435546875e-05
delete time:1.6927719116210938e-05
delete time:2.1696090698242188e-05
delete time:2.1219253540039062e-05
delete time:2.1457672119140625e-05
delete time:2.3365020751953125e-05
delete time:1.5497207641601562e-05
delete time:1.8358230590820312e-05
delete time:1.71661376953125e-05
delete time:1.6927719116210938e-05
delete time:2.9087066650390625e-05
delete time:1.7881393432617188e-05
delete time:1.6689300537109375e-05
delete time:2.2172927856445312e-05
delete time:2.2649765014648438e-05
delete time:1.7881393432617188e-05
delete time:2.6226043701171875e-05
delete time:1.811981201171875e-05
delete time:2.5033950805664062e-05
delete time:2.6702880859375e-05
delete time:1.7881393432617188e-05
delete time:2.6941299438476562e-05
delete time:1.3828277587890625e-05
delete time:2.6941299438476562e-05
delete time:2.7418136596679688e-05
delete time:2.09808349609375e-05
delete time:2.0265579223632812e-05
delete time:1.9788742065429688e-05
delete time:1.9788742065429688e-05
delete time:2.8371810913085938e-05
delete time:1.3828277587890625e-05
delete time:3.838539123535156e-05
delete time:3.24249267578125e-05
delete time:2.193450927734375e-05
delete time:2.574920654296875e-05
delete time:3.814697265625e-05
delete time:3.123283386230469e-05
delete time:2.4318695068359375e-05
delete time:2.2411346435546875e-05
delete time:2.09808349609375e-05
delete time:2.0265579223632812e-05
delete time:2.193450927734375e-05
delete time:1.9788742065429688e-05
delete time:2.0265579223632812e-05
delete time:1.9073486328125e-05
delete time:1.9550323486328125e-05
delete time:2.1457672119140625e-05
delete time:2.0742416381835938e-05
delete time:2.193450927734375e-05
delete time:2.002716064453125e-05
delete time:2.0503997802734375e-05
delete time:2.6226043701171875e-05
delete time:4.220008850097656e-05
delete time:2.8848648071289062e-05
delete time:1.6689300537109375e-05
delete time:2.002716064453125e-05
delete time:2.0503997802734375e-05
delete time:2.3603439331054688e-05
delete time:2.002716064453125e-05
delete time:1.7642974853515625e-05
delete time:1.4066696166992188e-05
delete time:3.170967102050781e-05
delete time:1.9073486328125e-05
delete time:2.574920654296875e-05
delete time:4.124641418457031e-05
delete time:2.5987625122070312e-05
delete time:2.09808349609375e-05
delete time:1.9311904907226562e-05
delete time:2.6702880859375e-05
delete time:2.1219253540039062e-05
delete time:1.5974044799804688e-05
delete time:1.9073486328125e-05
delete time:3.5762786865234375e-05
delete time:2.3365020751953125e-05
delete time:2.193450927734375e-05
delete time:1.9788742065429688e-05
delete time:2.002716064453125e-05
delete time:3.409385681152344e-05
delete time:2.0742416381835938e-05
delete time:3.647804260253906e-05
delete time:2.1219253540039062e-05
delete time:3.719329833984375e-05
delete time:2.1696090698242188e-05
delete time:1.71661376953125e-05
delete time:4.2438507080078125e-05
delete time:2.09808349609375e-05
delete time:2.6464462280273438e-05
delete time:2.47955322265625e-05
delete time:1.811981201171875e-05
delete time:2.1696090698242188e-05
delete time:2.3365020751953125e-05
delete time:4.267692565917969e-05
delete time:2.2172927856445312e-05
delete time:2.002716064453125e-05
delete time:3.933906555175781e-05
delete time:1.9311904907226562e-05
delete time:3.170967102050781e-05
delete time:2.8133392333984375e-05
delete time:2.002716064453125e-05
delete time:2.2649765014648438e-05
delete time:4.100799560546875e-05
delete time:1.7404556274414062e-05
delete time:2.0503997802734375e-05
delete time:4.3392181396484375e-05
delete time:3.600120544433594e-05
delete time:2.384185791015625e-05
delete time:3.123283386230469e-05
delete time:1.6450881958007812e-05
delete time:1.7642974853515625e-05
delete time:2.5510787963867188e-05
delete time:2.3603439331054688e-05
delete time:1.5974044799804688e-05
delete time:2.09808349609375e-05
delete time:3.743171691894531e-05
delete time:2.4080276489257812e-05
delete time:1.7642974853515625e-05
delete time:1.621246337890625e-05
delete time:2.4318695068359375e-05
delete time:2.4080276489257812e-05
delete time:2.0265579223632812e-05
delete time:1.8358230590820312e-05
delete time:2.1457672119140625e-05
delete time:2.0742416381835938e-05
delete time:4.0531158447265625e-05
delete time:2.0503997802734375e-05
delete time:2.1219253540039062e-05
delete time:1.811981201171875e-05
delete time:2.3603439331054688e-05
delete time:1.8596649169921875e-05
delete time:2.1696090698242188e-05
delete time:3.218650817871094e-05
delete time:1.5974044799804688e-05
delete time:2.1696090698242188e-05
delete time:2.193450927734375e-05
delete time:2.3365020751953125e-05
delete time:2.7894973754882812e-05
delete time:1.8596649169921875e-05
delete time:1.71661376953125e-05
delete time:1.4543533325195312e-05
delete time:2.3126602172851562e-05
delete time:2.5510787963867188e-05
delete time:3.457069396972656e-05
delete time:2.0742416381835938e-05
delete time:1.9073486328125e-05
delete time:2.2649765014648438e-05
delete time:3.8623809814453125e-05
delete time:1.8596649169921875e-05
delete time:2.0742416381835938e-05
delete time:2.002716064453125e-05
delete time:1.9311904907226562e-05
delete time:1.8596649169921875e-05
delete time:2.6226043701171875e-05
delete time:1.9073486328125e-05
delete time:1.9550323486328125e-05
delete time:2.002716064453125e-05
delete time:3.838539123535156e-05
delete time:2.5987625122070312e-05
delete time:1.6450881958007812e-05
delete time:2.2411346435546875e-05
delete time:2.1457672119140625e-05
delete time:2.4318695068359375e-05
delete time:1.6450881958007812e-05
delete time:2.7179718017578125e-05
delete time:2.0742416381835938e-05
delete time:1.8596649169921875e-05
delete time:1.5497207641601562e-05
delete time:1.9311904907226562e-05
delete time:4.124641418457031e-05
delete time:2.0742416381835938e-05
delete time:2.4318695068359375e-05
delete time:4.267692565917969e-05
delete time:3.6716461181640625e-05
delete time:1.9550323486328125e-05
delete time:1.430511474609375e-05
delete time:1.811981201171875e-05
delete time:1.6927719116210938e-05
delete time:1.430511474609375e-05
delete time:4.076957702636719e-05
delete time:2.2172927856445312e-05
delete time:1.9550323486328125e-05
delete time:2.1696090698242188e-05
delete time:1.5497207641601562e-05
delete time:2.574920654296875e-05
delete time:2.574920654296875e-05
delete time:2.002716064453125e-05
delete time:1.5974044799804688e-05
delete time:2.3603439331054688e-05
delete time:2.2172927856445312e-05
delete time:2.1457672119140625e-05
delete time:4.0531158447265625e-05
delete time:2.8371810913085938e-05
delete time:1.9311904907226562e-05
delete time:4.315376281738281e-05
delete time:1.621246337890625e-05
delete time:1.9550323486328125e-05
delete time:2.47955322265625e-05
delete time:2.384185791015625e-05
delete time:3.838539123535156e-05
delete time:1.71661376953125e-05
delete time:2.4557113647460938e-05
delete time:2.0742416381835938e-05
delete time:1.6450881958007812e-05
delete time:1.9788742065429688e-05
delete time:2.2649765014648438e-05
delete time:2.47955322265625e-05
delete time:1.7642974853515625e-05
delete time:1.52587890625e-05
delete time:1.4543533325195312e-05
delete time:2.4080276489257812e-05
delete time:1.6927719116210938e-05
delete time:2.6702880859375e-05
delete time:2.1696090698242188e-05
delete time:1.9311904907226562e-05
delete time:1.7404556274414062e-05
delete time:2.6464462280273438e-05
delete time:2.09808349609375e-05
delete time:2.1219253540039062e-05
delete time:1.811981201171875e-05
delete time:2.0503997802734375e-05
delete time:1.9311904907226562e-05
delete time:2.1457672119140625e-05
delete time:4.100799560546875e-05
delete time:1.811981201171875e-05
delete time:3.504753112792969e-05
delete time:2.1219253540039062e-05
delete time:2.2411346435546875e-05
delete time:2.193450927734375e-05
delete time:2.2649765014648438e-05
delete time:2.1696090698242188e-05
delete time:2.7179718017578125e-05
delete time:2.1457672119140625e-05
delete time:1.6450881958007812e-05
delete time:2.5033950805664062e-05
delete time:3.2901763916015625e-05
delete time:2.193450927734375e-05
delete time:1.9073486328125e-05
delete time:4.100799560546875e-05
delete time:2.2411346435546875e-05
delete time:1.9073486328125e-05
delete time:2.1696090698242188e-05
delete time:4.410743713378906e-05
delete time:2.0265579223632812e-05
delete time:3.600120544433594e-05
delete time:2.5510787963867188e-05
delete time:4.935264587402344e-05
delete time:5.14984130859375e-05
delete time:2.5033950805664062e-05
delete time:2.9325485229492188e-05
delete time:2.5987625122070312e-05
delete time:1.8358230590820312e-05
delete time:1.5735626220703125e-05
delete time:3.0994415283203125e-05
delete time:2.6226043701171875e-05
delete time:1.71661376953125e-05
delete time:2.6702880859375e-05
delete time:2.4557113647460938e-05
delete time:4.57763671875e-05
delete time:2.7894973754882812e-05
delete time:4.029273986816406e-05
delete time:2.3365020751953125e-05
delete time:1.9550323486328125e-05
delete time:2.0265579223632812e-05
delete time:3.8623809814453125e-05
delete time:4.458427429199219e-05
delete time:2.1219253540039062e-05
delete time:1.7642974853515625e-05
delete time:1.9073486328125e-05
delete time:1.9073486328125e-05
delete time:4.220008850097656e-05
delete time:1.811981201171875e-05
delete time:1.7642974853515625e-05
delete time:3.910064697265625e-05
delete time:2.0265579223632812e-05
delete time:2.5272369384765625e-05
delete time:1.3828277587890625e-05
delete time:1.9788742065429688e-05
delete time:2.765655517578125e-05
delete time:1.811981201171875e-05
delete time:1.621246337890625e-05
delete time:2.193450927734375e-05
delete time:2.7179718017578125e-05
delete time:1.5020370483398438e-05
delete time:1.6450881958007812e-05
delete time:3.0517578125e-05
delete time:1.8835067749023438e-05
delete time:1.8596649169921875e-05
delete time:2.384185791015625e-05
delete time:1.8835067749023438e-05
delete time:0.00011444091796875
delete time:2.2649765014648438e-05
delete time:2.288818359375e-05
delete time:2.3603439331054688e-05
delete time:2.6464462280273438e-05
delete time:3.838539123535156e-05
delete time:2.8371810913085938e-05
delete time:1.621246337890625e-05
delete time:1.9550323486328125e-05
delete time:1.8835067749023438e-05
delete time:2.288818359375e-05
delete time:1.6927719116210938e-05
delete time:2.0503997802734375e-05
delete time:1.52587890625e-05
delete time:1.7642974853515625e-05
delete time:2.3365020751953125e-05
delete time:2.0265579223632812e-05
delete time:1.7404556274414062e-05
delete time:2.09808349609375e-05
delete time:2.4557113647460938e-05
delete time:2.3603439331054688e-05
delete time:1.8835067749023438e-05
delete time:2.193450927734375e-05
delete time:1.6450881958007812e-05
delete time:1.8358230590820312e-05
delete time:2.6226043701171875e-05
delete time:1.5735626220703125e-05
delete time:1.1444091796875e-05
delete time:2.193450927734375e-05
delete time:1.7881393432617188e-05
delete time:4.1484832763671875e-05
delete time:2.5033950805664062e-05
delete time:1.8596649169921875e-05
delete time:2.0503997802734375e-05
delete time:2.09808349609375e-05
delete time:2.0742416381835938e-05
delete time:2.0265579223632812e-05
delete time:1.621246337890625e-05
delete time:1.8835067749023438e-05
delete time:1.621246337890625e-05
delete time:1.5735626220703125e-05
delete time:1.7642974853515625e-05
delete time:2.09808349609375e-05
delete time:1.9788742065429688e-05
delete time:4.172325134277344e-05
delete time:3.504753112792969e-05
delete time:1.8835067749023438e-05
delete time:2.193450927734375e-05
delete time:2.0265579223632812e-05
delete time:2.4318695068359375e-05
delete time:1.4781951904296875e-05
delete time:1.5974044799804688e-05
delete time:1.6450881958007812e-05
delete time:1.8835067749023438e-05
delete time:1.8596649169921875e-05
delete time:1.5735626220703125e-05
delete time:1.811981201171875e-05
delete time:3.647804260253906e-05
delete time:1.9311904907226562e-05
delete time:1.9073486328125e-05
delete time:1.5497207641601562e-05
delete time:2.3603439331054688e-05
delete time:2.2649765014648438e-05
delete time:1.52587890625e-05
delete time:1.9550323486328125e-05
delete time:1.8358230590820312e-05
delete time:1.7881393432617188e-05
delete time:1.9311904907226562e-05
delete time:1.8358230590820312e-05
delete time:1.811981201171875e-05
delete time:1.9311904907226562e-05
delete time:2.574920654296875e-05
delete time:1.8835067749023438e-05
delete time:1.5974044799804688e-05
delete time:2.2411346435546875e-05
delete time:2.0742416381835938e-05
delete time:1.6450881958007812e-05
delete time:3.6716461181640625e-05
delete time:1.9788742065429688e-05
delete time:1.6689300537109375e-05
delete time:3.3855438232421875e-05
delete time:1.9073486328125e-05
delete time:2.6702880859375e-05
delete time:1.7404556274414062e-05
delete time:2.0742416381835938e-05
delete time:1.621246337890625e-05
delete time:4.267692565917969e-05
delete time:2.0503997802734375e-05
delete time:2.6464462280273438e-05
delete time:1.9073486328125e-05
delete time:1.6689300537109375e-05
delete time:2.3365020751953125e-05
delete time:1.3113021850585938e-05
delete time:3.361701965332031e-05
delete time:1.8835067749023438e-05
delete time:2.4557113647460938e-05
delete time:1.811981201171875e-05
delete time:3.62396240234375e-05
delete time:2.5272369384765625e-05
delete time:2.1457672119140625e-05
delete time:2.0503997802734375e-05
delete time:2.5510787963867188e-05
delete time:2.1219253540039062e-05
delete time:1.3589859008789062e-05
delete time:1.8358230590820312e-05
delete time:2.2172927856445312e-05
delete time:1.811981201171875e-05
delete time:1.5735626220703125e-05
delete time:1.5497207641601562e-05
delete time:3.719329833984375e-05
delete time:2.0742416381835938e-05
delete time:1.8358230590820312e-05
delete time:1.9550323486328125e-05
delete time:2.2411346435546875e-05
delete time:2.002716064453125e-05
delete time:3.9577484130859375e-05
delete time:1.8835067749023438e-05
delete time:1.9550323486328125e-05
delete time:1.8358230590820312e-05
delete time:2.1457672119140625e-05
delete time:2.1219253540039062e-05
delete time:1.8596649169921875e-05
delete time:2.002716064453125e-05
delete time:1.6689300537109375e-05
delete time:1.9311904907226562e-05
delete time:2.47955322265625e-05
delete time:1.811981201171875e-05
delete time:1.33514404296875e-05
delete time:2.0265579223632812e-05
delete time:1.9311904907226562e-05
delete time:1.8358230590820312e-05
delete time:2.5510787963867188e-05
delete time:1.5497207641601562e-05
delete time:1.8358230590820312e-05
delete time:1.3113021850585938e-05
delete time:3.504753112792969e-05
delete time:1.4066696166992188e-05
delete time:1.8596649169921875e-05
delete time:3.24249267578125e-05
delete time:2.3365020751953125e-05
delete time:2.288818359375e-05
delete time:1.3828277587890625e-05
delete time:2.002716064453125e-05
delete time:1.7404556274414062e-05
delete time:2.384185791015625e-05
delete time:1.9788742065429688e-05
delete time:2.0742416381835938e-05
delete time:1.6450881958007812e-05
delete time:1.3589859008789062e-05
delete time:2.384185791015625e-05
delete time:2.09808349609375e-05
delete time:1.4781951904296875e-05
delete time:1.0967254638671875e-05
delete time:3.6716461181640625e-05
delete time:1.621246337890625e-05
delete time:2.193450927734375e-05
delete time:1.4543533325195312e-05
delete time:1.6450881958007812e-05
delete time:2.2172927856445312e-05
delete time:1.4781951904296875e-05
delete time:1.7642974853515625e-05
delete time:2.288818359375e-05
delete time:2.288818359375e-05
delete time:1.4066696166992188e-05
delete time:2.3603439331054688e-05
delete time:1.8835067749023438e-05
delete time:1.8596649169921875e-05
delete time:2.09808349609375e-05
delete time:3.6716461181640625e-05
delete time:2.0265579223632812e-05
delete time:2.09808349609375e-05
delete time:2.86102294921875e-05
delete time:2.3126602172851562e-05
delete time:1.8835067749023438e-05
delete time:1.8358230590820312e-05
delete time:1.8358230590820312e-05
delete time:1.6689300537109375e-05
delete time:1.9550323486328125e-05
delete time:3.647804260253906e-05
delete time:2.002716064453125e-05
delete time:1.7881393432617188e-05
delete time:1.8835067749023438e-05
delete time:2.0503997802734375e-05
delete time:1.8358230590820312e-05
delete time:1.8358230590820312e-05
delete time:2.002716064453125e-05
delete time:2.193450927734375e-05
delete time:2.6464462280273438e-05
delete time:1.811981201171875e-05
delete time:1.4066696166992188e-05
delete time:1.7881393432617188e-05
delete time:4.1484832763671875e-05
delete time:1.8358230590820312e-05
delete time:1.7642974853515625e-05
delete time:1.7881393432617188e-05
delete time:1.5020370483398438e-05
delete time:1.6927719116210938e-05
delete time:1.8596649169921875e-05
delete time:3.4809112548828125e-05
delete time:1.6450881958007812e-05
delete time:1.7404556274414062e-05
delete time:2.47955322265625e-05
delete time:3.4332275390625e-05
delete time:2.6226043701171875e-05
delete time:2.6464462280273438e-05
delete time:2.1696090698242188e-05
delete time:1.5735626220703125e-05
delete time:1.8358230590820312e-05
delete time:3.814697265625e-05
delete time:1.3589859008789062e-05
delete time:2.0742416381835938e-05
delete time:2.5033950805664062e-05
delete time:1.7404556274414062e-05
delete time:1.430511474609375e-05
delete time:3.457069396972656e-05
delete time:1.8835067749023438e-05
delete time:2.1457672119140625e-05
delete time:2.193450927734375e-05
delete time:1.3589859008789062e-05
delete time:1.52587890625e-05
delete time:1.7404556274414062e-05
delete time:5.221366882324219e-05
delete time:1.9550323486328125e-05
delete time:4.38690185546875e-05
delete time:2.1219253540039062e-05
delete time:3.361701965332031e-05
delete time:1.8358230590820312e-05
delete time:2.193450927734375e-05
delete time:1.6450881958007812e-05
delete time:1.9311904907226562e-05
delete time:1.2636184692382812e-05
delete time:1.5020370483398438e-05
delete time:1.9550323486328125e-05
delete time:1.2874603271484375e-05
delete time:1.7404556274414062e-05
delete time:2.2649765014648438e-05
delete time:1.3589859008789062e-05
delete time:1.7881393432617188e-05
delete time:2.7894973754882812e-05
delete time:2.2172927856445312e-05
delete time:1.5020370483398438e-05
delete time:1.8835067749023438e-05
delete time:2.1219253540039062e-05
delete time:3.647804260253906e-05
delete time:1.9788742065429688e-05
delete time:1.9788742065429688e-05
delete time:4.315376281738281e-05
delete time:3.0994415283203125e-05
delete time:1.8358230590820312e-05
delete time:1.7642974853515625e-05
delete time:3.504753112792969e-05
delete time:2.0265579223632812e-05
delete time:1.9550323486328125e-05
delete time:2.5510787963867188e-05
delete time:1.4066696166992188e-05
delete time:1.6927719116210938e-05
delete time:1.1444091796875e-05
delete time:2.288818359375e-05
delete time:2.09808349609375e-05
delete time:1.6689300537109375e-05
delete time:1.5020370483398438e-05
delete time:1.4543533325195312e-05
delete time:2.0265579223632812e-05
delete time:1.6450881958007812e-05
delete time:2.8371810913085938e-05
delete time:1.5974044799804688e-05
delete time:2.0742416381835938e-05
delete time:1.71661376953125e-05
delete time:3.552436828613281e-05
delete time:1.9788742065429688e-05
delete time:2.0503997802734375e-05
delete time:2.3603439331054688e-05
delete time:2.0265579223632812e-05
delete time:3.504753112792969e-05
delete time:1.6689300537109375e-05
delete time:2.0742416381835938e-05
delete time:1.9788742065429688e-05
delete time:2.0742416381835938e-05
delete time:1.33514404296875e-05
delete time:2.1219253540039062e-05
delete time:1.6689300537109375e-05
delete time:1.71661376953125e-05
delete time:2.0265579223632812e-05
delete time:1.8358230590820312e-05
delete time:1.7881393432617188e-05
delete time:2.5987625122070312e-05
delete time:2.2172927856445312e-05
delete time:2.0742416381835938e-05
delete time:3.838539123535156e-05
delete time:1.9311904907226562e-05
delete time:3.266334533691406e-05
delete time:1.8835067749023438e-05
delete time:1.9550323486328125e-05
delete time:1.5497207641601562e-05
delete time:4.076957702636719e-05
delete time:2.956390380859375e-05
delete time:1.7404556274414062e-05
delete time:1.5020370483398438e-05
delete time:2.0503997802734375e-05
delete time:1.2636184692382812e-05
delete time:1.9788742065429688e-05
delete time:1.4543533325195312e-05
delete time:2.09808349609375e-05
delete time:3.9577484130859375e-05
delete time:2.6702880859375e-05
delete time:3.504753112792969e-05
delete time:2.0265579223632812e-05
delete time:1.430511474609375e-05
delete time:1.621246337890625e-05
delete time:2.6702880859375e-05
delete time:2.5033950805664062e-05
delete time:1.9788742065429688e-05
delete time:1.8835067749023438e-05
delete time:2.47955322265625e-05
delete time:3.933906555175781e-05
delete time:1.8596649169921875e-05
delete time:2.0503997802734375e-05
delete time:2.0742416381835938e-05
delete time:3.910064697265625e-05
delete time:2.1696090698242188e-05
delete time:4.124641418457031e-05
delete time:1.8835067749023438e-05
delete time:4.291534423828125e-05
delete time:2.1457672119140625e-05
delete time:2.1457672119140625e-05
delete time:2.0503997802734375e-05
delete time:3.910064697265625e-05
delete time:1.5497207641601562e-05
delete time:2.1457672119140625e-05
delete time:2.7179718017578125e-05
delete time:2.1219253540039062e-05
delete time:1.9550323486328125e-05
delete time:3.6716461181640625e-05
delete time:2.3603439331054688e-05
delete time:2.193450927734375e-05
delete time:2.765655517578125e-05
delete time:1.9788742065429688e-05
delete time:1.71661376953125e-05
delete time:2.47955322265625e-05
delete time:1.7642974853515625e-05
delete time:3.409385681152344e-05
delete time:1.7404556274414062e-05
delete time:3.7670135498046875e-05
delete time:1.5735626220703125e-05
delete time:2.1696090698242188e-05
delete time:2.3365020751953125e-05
delete time:1.6689300537109375e-05
delete time:2.86102294921875e-05
delete time:2.0503997802734375e-05
delete time:4.291534423828125e-05
delete time:1.8358230590820312e-05
delete time:3.3855438232421875e-05
delete time:1.5974044799804688e-05
delete time:1.71661376953125e-05
delete time:1.4543533325195312e-05
delete time:2.2172927856445312e-05
delete time:1.8358230590820312e-05
delete time:1.5974044799804688e-05
delete time:2.8848648071289062e-05
delete time:1.5735626220703125e-05
delete time:2.1219253540039062e-05
delete time:2.3603439331054688e-05
delete time:4.100799560546875e-05
delete time:2.002716064453125e-05
delete time:2.0503997802734375e-05
delete time:4.0531158447265625e-05
delete time:3.933906555175781e-05
delete time:1.8835067749023438e-05
delete time:2.3126602172851562e-05
delete time:2.2649765014648438e-05
delete time:1.8835067749023438e-05
delete time:1.7404556274414062e-05
delete time:1.9311904907226562e-05
delete time:1.9311904907226562e-05
delete time:2.7179718017578125e-05
delete time:4.172325134277344e-05
delete time:1.7642974853515625e-05
delete time:1.9550323486328125e-05
delete time:3.528594970703125e-05
delete time:1.7642974853515625e-05
delete time:1.3113021850585938e-05
delete time:1.6450881958007812e-05
delete time:3.9577484130859375e-05
delete time:1.7881393432617188e-05
delete time:1.71661376953125e-05
delete time:2.0503997802734375e-05
delete time:2.0265579223632812e-05
delete time:3.719329833984375e-05
delete time:1.6927719116210938e-05
delete time:2.0742416381835938e-05
delete time:1.811981201171875e-05
delete time:3.695487976074219e-05
delete time:2.1219253540039062e-05
delete time:2.4557113647460938e-05
delete time:3.504753112792969e-05
delete time:1.8596649169921875e-05
delete time:4.100799560546875e-05
delete time:2.4080276489257812e-05
delete time:1.7404556274414062e-05
delete time:4.267692565917969e-05
delete time:1.7881393432617188e-05
delete time:2.1457672119140625e-05
delete time:3.719329833984375e-05
delete time:2.2411346435546875e-05
delete time:1.9073486328125e-05
delete time:1.8596649169921875e-05
delete time:1.5020370483398438e-05
delete time:2.3603439331054688e-05
delete time:2.384185791015625e-05
delete time:2.2172927856445312e-05
delete time:3.0279159545898438e-05
delete time:1.4066696166992188e-05
delete time:1.7642974853515625e-05
delete time:2.1457672119140625e-05
delete time:1.6689300537109375e-05
delete time:2.6226043701171875e-05
delete time:1.8835067749023438e-05
delete time:2.0742416381835938e-05
delete time:1.9311904907226562e-05
delete time:1.9073486328125e-05
delete time:2.193450927734375e-05
delete time:4.315376281738281e-05
delete time:2.0742416381835938e-05
delete time:1.9311904907226562e-05
delete time:2.4080276489257812e-05
delete time:1.71661376953125e-05
delete time:1.8596649169921875e-05
delete time:2.0265579223632812e-05
delete time:1.6927719116210938e-05
delete time:1.5020370483398438e-05
delete time:2.1696090698242188e-05
delete time:1.6450881958007812e-05
delete time:1.5974044799804688e-05
delete time:2.5272369384765625e-05
delete time:1.8835067749023438e-05
delete time:1.9311904907226562e-05
delete time:3.528594970703125e-05
delete time:1.5020370483398438e-05
delete time:2.1457672119140625e-05
delete time:2.0503997802734375e-05
delete time:1.7642974853515625e-05
delete time:1.4781951904296875e-05
delete time:1.9788742065429688e-05
delete time:2.5510787963867188e-05
delete time:1.71661376953125e-05
delete time:2.0742416381835938e-05
delete time:1.811981201171875e-05
delete time:1.5497207641601562e-05
delete time:3.0517578125e-05
delete time:1.9788742065429688e-05
delete time:2.47955322265625e-05
delete time:1.6927719116210938e-05
delete time:2.002716064453125e-05
delete time:2.3126602172851562e-05
delete time:1.8358230590820312e-05
delete time:1.33514404296875e-05
delete time:2.2411346435546875e-05
delete time:1.9311904907226562e-05
delete time:2.6226043701171875e-05
delete time:1.6927719116210938e-05
delete time:1.4066696166992188e-05
delete time:2.5510787963867188e-05
delete time:2.2649765014648438e-05
delete time:1.2874603271484375e-05
delete time:1.811981201171875e-05
delete time:2.2411346435546875e-05
delete time:1.9073486328125e-05
delete time:2.288818359375e-05
delete time:1.3828277587890625e-05
delete time:1.7404556274414062e-05
delete time:1.6689300537109375e-05
delete time:4.029273986816406e-05
delete time:2.2411346435546875e-05
delete time:3.528594970703125e-05
delete time:3.6716461181640625e-05
delete time:2.6941299438476562e-05
delete time:1.6450881958007812e-05
delete time:2.09808349609375e-05
delete time:1.239776611328125e-05
delete time:1.8835067749023438e-05
delete time:1.5974044799804688e-05
delete time:2.002716064453125e-05
delete time:1.8358230590820312e-05
delete time:2.193450927734375e-05
delete time:1.9788742065429688e-05
delete time:2.574920654296875e-05
delete time:1.621246337890625e-05
delete time:1.8358230590820312e-05
delete time:2.5987625122070312e-05
delete time:1.8358230590820312e-05
delete time:1.7404556274414062e-05
delete time:2.574920654296875e-05
delete time:2.002716064453125e-05
delete time:2.9802322387695312e-05
delete time:1.811981201171875e-05
delete time:1.6689300537109375e-05
delete time:1.9788742065429688e-05
delete time:5.745887756347656e-05
delete time:1.811981201171875e-05
delete time:5.221366882324219e-05
delete time:2.1219253540039062e-05
delete time:1.5974044799804688e-05
delete time:2.3603439331054688e-05
delete time:2.0265579223632812e-05
delete time:3.790855407714844e-05
delete time:1.9788742065429688e-05
delete time:1.8835067749023438e-05
delete time:2.0503997802734375e-05
delete time:2.1457672119140625e-05
delete time:1.8835067749023438e-05
delete time:2.09808349609375e-05
delete time:1.6927719116210938e-05
delete time:2.0503997802734375e-05
delete time:1.8596649169921875e-05
delete time:3.266334533691406e-05
delete time:1.8596649169921875e-05
delete time:2.0503997802734375e-05
delete time:2.193450927734375e-05
delete time:1.621246337890625e-05
delete time:1.4066696166992188e-05
delete time:2.6941299438476562e-05
delete time:1.6927719116210938e-05
delete time:2.5510787963867188e-05
delete time:1.9550323486328125e-05
delete time:3.457069396972656e-05
delete time:3.838539123535156e-05
delete time:2.7894973754882812e-05
delete time:2.2649765014648438e-05
delete time:1.9788742065429688e-05
delete time:2.1219253540039062e-05
delete time:3.2901763916015625e-05
delete time:3.147125244140625e-05
delete time:1.33514404296875e-05
delete time:1.6689300537109375e-05
delete time:1.8596649169921875e-05
delete time:2.2172927856445312e-05
delete time:1.52587890625e-05
delete time:1.8835067749023438e-05
delete time:2.2411346435546875e-05
delete time:1.5020370483398438e-05
delete time:1.6927719116210938e-05
delete time:1.621246337890625e-05
delete time:2.3603439331054688e-05
delete time:2.5510787963867188e-05
delete time:2.193450927734375e-05
delete time:4.1484832763671875e-05
delete time:1.8358230590820312e-05
delete time:2.193450927734375e-05
delete time:2.0265579223632812e-05
delete time:1.8835067749023438e-05
delete time:4.029273986816406e-05
delete time:2.1696090698242188e-05
delete time:2.002716064453125e-05
delete time:1.5497207641601562e-05
delete time:1.71661376953125e-05
delete time:1.8835067749023438e-05
delete time:1.8358230590820312e-05
delete time:1.8596649169921875e-05
delete time:2.574920654296875e-05
delete time:1.7642974853515625e-05
delete time:3.075599670410156e-05
delete time:1.7404556274414062e-05
delete time:2.5510787963867188e-05
delete time:1.8835067749023438e-05
delete time:4.124641418457031e-05
delete time:1.7404556274414062e-05
delete time:1.6927719116210938e-05
delete time:2.3603439331054688e-05
delete time:2.0265579223632812e-05
delete time:1.811981201171875e-05
delete time:1.71661376953125e-05
delete time:2.288818359375e-05
delete time:1.7404556274414062e-05
delete time:2.4318695068359375e-05
delete time:1.1444091796875e-05
delete time:2.2411346435546875e-05
delete time:2.384185791015625e-05
delete time:3.981590270996094e-05
delete time:1.4543533325195312e-05
delete time:3.361701965332031e-05
delete time:3.552436828613281e-05
delete time:2.002716064453125e-05
delete time:1.6450881958007812e-05
delete time:1.7404556274414062e-05
delete time:1.4066696166992188e-05
delete time:1.8358230590820312e-05
delete time:3.838539123535156e-05
delete time:1.9311904907226562e-05
delete time:2.3603439331054688e-05
delete time:1.7404556274414062e-05
delete time:1.71661376953125e-05
delete time:3.337860107421875e-05
delete time:1.9550323486328125e-05
delete time:1.8358230590820312e-05
delete time:1.7881393432617188e-05
delete time:4.076957702636719e-05
delete time:2.4080276489257812e-05
delete time:1.9073486328125e-05
delete time:1.9550323486328125e-05
delete time:1.3113021850585938e-05
delete time:1.6927719116210938e-05
delete time:1.9550323486328125e-05
delete time:2.1457672119140625e-05
delete time:1.9073486328125e-05
delete time:2.5987625122070312e-05
delete time:1.9073486328125e-05
delete time:1.5974044799804688e-05
delete time:2.2649765014648438e-05
delete time:1.52587890625e-05
delete time:1.9550323486328125e-05
delete time:2.0742416381835938e-05
delete time:3.075599670410156e-05
delete time:1.4543533325195312e-05
delete time:2.0265579223632812e-05
delete time:2.4080276489257812e-05
delete time:2.4557113647460938e-05
delete time:2.1457672119140625e-05
delete time:1.3589859008789062e-05
delete time:1.8835067749023438e-05
delete time:1.9550323486328125e-05
delete time:1.52587890625e-05
delete time:1.8358230590820312e-05
delete time:2.7418136596679688e-05
delete time:3.218650817871094e-05
delete time:2.384185791015625e-05
delete time:2.002716064453125e-05
delete time:1.1444091796875e-05
delete time:2.3126602172851562e-05
delete time:1.6689300537109375e-05
delete time:3.147125244140625e-05
delete time:2.2411346435546875e-05
delete time:1.621246337890625e-05
delete time:1.9073486328125e-05
delete time:1.8596649169921875e-05
delete time:2.1219253540039062e-05
delete time:2.2172927856445312e-05
delete time:2.3126602172851562e-05
delete time:1.7404556274414062e-05
delete time:1.7881393432617188e-05
delete time:1.6689300537109375e-05
delete time:1.8835067749023438e-05
delete time:2.4080276489257812e-05
delete time:1.9788742065429688e-05
delete time:1.8358230590820312e-05
delete time:1.8596649169921875e-05
delete time:2.09808349609375e-05
delete time:1.7404556274414062e-05
delete time:2.4318695068359375e-05
delete time:1.5497207641601562e-05
delete time:1.7642974853515625e-05
delete time:2.5510787963867188e-05
delete time:4.1961669921875e-05
delete time:1.9550323486328125e-05
delete time:3.933906555175781e-05
delete time:2.0742416381835938e-05
delete time:2.7418136596679688e-05
delete time:2.86102294921875e-05
delete time:3.4809112548828125e-05
delete time:1.9073486328125e-05
delete time:2.002716064453125e-05
delete time:1.8835067749023438e-05
delete time:1.4543533325195312e-05
delete time:2.3126602172851562e-05
delete time:2.2649765014648438e-05
delete time:2.002716064453125e-05
delete time:2.2411346435546875e-05
delete time:2.1696090698242188e-05
delete time:1.6927719116210938e-05
delete time:4.100799560546875e-05
delete time:2.2172927856445312e-05
delete time:2.4557113647460938e-05
delete time:1.9311904907226562e-05
delete time:1.9788742065429688e-05
delete time:1.9788742065429688e-05
delete time:1.621246337890625e-05
delete time:1.621246337890625e-05
delete time:1.5974044799804688e-05
delete time:3.9577484130859375e-05
delete time:1.9788742065429688e-05
delete time:3.600120544433594e-05
delete time:1.5974044799804688e-05
delete time:3.0994415283203125e-05
delete time:3.337860107421875e-05
delete time:1.6450881958007812e-05
delete time:2.1219253540039062e-05
delete time:2.3603439331054688e-05
delete time:1.9073486328125e-05
delete time:2.3603439331054688e-05
delete time:2.6702880859375e-05
delete time:2.002716064453125e-05
delete time:1.9073486328125e-05
delete time:1.7642974853515625e-05
delete time:1.5735626220703125e-05
delete time:1.9311904907226562e-05
delete time:2.5272369384765625e-05
delete time:3.337860107421875e-05
delete time:3.4332275390625e-05
delete time:1.8596649169921875e-05
delete time:1.8358230590820312e-05
delete time:2.765655517578125e-05
delete time:2.86102294921875e-05
delete time:1.7404556274414062e-05
delete time:2.0742416381835938e-05
delete time:1.9311904907226562e-05
delete time:1.8835067749023438e-05
delete time:3.886222839355469e-05
delete time:2.47955322265625e-05
delete time:1.7404556274414062e-05
delete time:2.0503997802734375e-05
delete time:2.2172927856445312e-05
delete time:1.9311904907226562e-05
delete time:1.9550323486328125e-05
delete time:1.9311904907226562e-05
delete time:1.430511474609375e-05
delete time:2.1696090698242188e-05
delete time:1.9073486328125e-05
delete time:2.288818359375e-05
delete time:2.2411346435546875e-05
delete time:2.0265579223632812e-05
delete time:2.09808349609375e-05
delete time:2.0742416381835938e-05
delete time:2.384185791015625e-05
delete time:1.9550323486328125e-05
delete time:2.8848648071289062e-05
delete time:1.5020370483398438e-05
delete time:1.8358230590820312e-05
delete time:1.9311904907226562e-05
delete time:2.002716064453125e-05
delete time:1.7404556274414062e-05
delete time:2.0742416381835938e-05
delete time:2.8133392333984375e-05
delete time:1.4066696166992188e-05
delete time:1.9073486328125e-05
delete time:2.0265579223632812e-05
delete time:1.5020370483398438e-05
delete time:2.193450927734375e-05
delete time:2.1457672119140625e-05
delete time:2.0742416381835938e-05
delete time:2.2411346435546875e-05
delete time:1.7642974853515625e-05
delete time:1.2874603271484375e-05
delete time:2.86102294921875e-05
delete time:1.8358230590820312e-05
delete time:1.8835067749023438e-05
delete time:1.9073486328125e-05
delete time:4.0531158447265625e-05
delete time:1.8596649169921875e-05
delete time:3.528594970703125e-05
delete time:2.002716064453125e-05
delete time:1.6927719116210938e-05
delete time:1.33514404296875e-05
delete time:3.170967102050781e-05
delete time:2.5033950805664062e-05
delete time:2.5033950805664062e-05
delete time:2.1457672119140625e-05
delete time:1.6689300537109375e-05
delete time:2.4318695068359375e-05
delete time:1.6689300537109375e-05
delete time:1.71661376953125e-05
delete time:2.0503997802734375e-05
delete time:2.0265579223632812e-05
delete time:1.621246337890625e-05
delete time:2.5987625122070312e-05
delete time:1.7881393432617188e-05
delete time:2.3365020751953125e-05
delete time:2.288818359375e-05
delete time:1.5974044799804688e-05
delete time:1.7881393432617188e-05
delete time:1.8358230590820312e-05
delete time:1.7642974853515625e-05
delete time:1.71661376953125e-05
delete time:1.5735626220703125e-05
delete time:2.09808349609375e-05
delete time:1.9073486328125e-05
delete time:1.9073486328125e-05
delete time:1.7881393432617188e-05
delete time:1.5735626220703125e-05
delete time:2.0503997802734375e-05
delete time:1.6927719116210938e-05
delete time:2.574920654296875e-05
delete time:2.1457672119140625e-05
delete time:2.09808349609375e-05
delete time:1.6450881958007812e-05
delete time:2.0503997802734375e-05
delete time:2.7179718017578125e-05
delete time:3.218650817871094e-05
delete time:2.0503997802734375e-05
delete time:3.0517578125e-05
delete time:1.3828277587890625e-05
delete time:2.2649765014648438e-05
delete time:2.8371810913085938e-05
delete time:2.4080276489257812e-05
delete time:2.0265579223632812e-05
delete time:2.956390380859375e-05
delete time:1.5974044799804688e-05
delete time:2.288818359375e-05
delete time:1.52587890625e-05
delete time:1.9788742065429688e-05
delete time:1.7881393432617188e-05
delete time:1.8835067749023438e-05
delete time:3.62396240234375e-05
delete time:2.2172927856445312e-05
delete time:1.6927719116210938e-05
delete time:1.5735626220703125e-05
delete time:2.8848648071289062e-05
delete time:1.5735626220703125e-05
delete time:2.002716064453125e-05
delete time:1.1920928955078125e-05
delete time:2.4318695068359375e-05
delete time:2.1219253540039062e-05
delete time:1.6450881958007812e-05
delete time:1.6450881958007812e-05
delete time:1.5497207641601562e-05
delete time:2.765655517578125e-05
delete time:1.6450881958007812e-05
delete time:1.4781951904296875e-05
delete time:2.4557113647460938e-05
delete time:1.6689300537109375e-05
delete time:1.3113021850585938e-05
delete time:2.0742416381835938e-05
delete time:2.0742416381835938e-05
delete time:1.7404556274414062e-05
delete time:2.5033950805664062e-05
delete time:1.52587890625e-05
delete time:2.288818359375e-05
delete time:1.7404556274414062e-05
delete time:1.52587890625e-05
delete time:4.2438507080078125e-05
delete time:2.4557113647460938e-05
delete time:1.33514404296875e-05
delete time:1.5974044799804688e-05
delete time:2.8133392333984375e-05
delete time:1.9073486328125e-05
delete time:1.2874603271484375e-05
delete time:2.2172927856445312e-05
delete time:3.218650817871094e-05
delete time:1.3113021850585938e-05
delete time:1.9788742065429688e-05
delete time:2.384185791015625e-05
delete time:1.3589859008789062e-05
delete time:1.5735626220703125e-05
delete time:1.9311904907226562e-05
delete time:1.6450881958007812e-05
delete time:3.0040740966796875e-05
delete time:2.3126602172851562e-05
delete time:1.5735626220703125e-05
delete time:1.9550323486328125e-05
delete time:1.8596649169921875e-05
delete time:2.288818359375e-05
delete time:1.8358230590820312e-05
delete time:2.6702880859375e-05
delete time:1.1920928955078125e-05
delete time:1.8835067749023438e-05
delete time:2.4318695068359375e-05
delete time:1.8358230590820312e-05
delete time:1.9311904907226562e-05
delete time:1.5497207641601562e-05
delete time:2.002716064453125e-05
delete time:1.8835067749023438e-05
delete time:2.384185791015625e-05
delete time:1.5974044799804688e-05
delete time:2.6702880859375e-05
delete time:2.4557113647460938e-05
delete time:2.6702880859375e-05
delete time:2.3126602172851562e-05
delete time:1.7881393432617188e-05
delete time:1.3113021850585938e-05
delete time:2.5510787963867188e-05
delete time:3.6716461181640625e-05
delete time:3.409385681152344e-05
delete time:1.5497207641601562e-05
delete time:4.172325134277344e-05
delete time:2.3603439331054688e-05
delete time:2.574920654296875e-05
delete time:2.0742416381835938e-05
delete time:1.9311904907226562e-05
delete time:2.002716064453125e-05
delete time:1.9788742065429688e-05
delete time:1.6927719116210938e-05
delete time:1.71661376953125e-05
delete time:3.600120544433594e-05
delete time:2.4080276489257812e-05
delete time:1.811981201171875e-05
delete time:2.3603439331054688e-05
delete time:1.9550323486328125e-05
delete time:2.956390380859375e-05
delete time:1.2159347534179688e-05
delete time:1.5020370483398438e-05
delete time:1.9311904907226562e-05
delete time:2.3126602172851562e-05
delete time:1.5735626220703125e-05
delete time:2.2649765014648438e-05
delete time:1.7404556274414062e-05
delete time:1.5974044799804688e-05
delete time:3.600120544433594e-05
delete time:3.409385681152344e-05
delete time:2.6941299438476562e-05
delete time:3.075599670410156e-05
delete time:2.4557113647460938e-05
delete time:3.170967102050781e-05
delete time:2.2172927856445312e-05
delete time:2.002716064453125e-05
delete time:3.0517578125e-05
delete time:2.4080276489257812e-05
delete time:1.5735626220703125e-05
delete time:2.8133392333984375e-05
delete time:2.0265579223632812e-05
delete time:3.337860107421875e-05
delete time:2.2172927856445312e-05
delete time:1.239776611328125e-05
delete time:4.1961669921875e-05
delete time:2.7418136596679688e-05
delete time:1.7881393432617188e-05
delete time:1.52587890625e-05
delete time:1.7404556274414062e-05
delete time:2.2172927856445312e-05
delete time:2.7418136596679688e-05
delete time:1.52587890625e-05
delete time:2.002716064453125e-05
delete time:2.002716064453125e-05
delete time:3.123283386230469e-05
delete time:2.2649765014648438e-05
delete time:1.9311904907226562e-05
delete time:1.71661376953125e-05
delete time:1.6927719116210938e-05
delete time:2.8133392333984375e-05
delete time:2.5033950805664062e-05
delete time:2.574920654296875e-05
delete time:1.8835067749023438e-05
delete time:2.0742416381835938e-05
delete time:2.0742416381835938e-05
delete time:3.1948089599609375e-05
delete time:1.7881393432617188e-05
delete time:3.218650817871094e-05
delete time:2.4318695068359375e-05
delete time:1.6450881958007812e-05
delete time:1.5020370483398438e-05
delete time:1.811981201171875e-05
delete time:2.8133392333984375e-05
delete time:3.147125244140625e-05
delete time:1.7881393432617188e-05
delete time:2.7894973754882812e-05
delete time:1.7881393432617188e-05
delete time:2.5033950805664062e-05
delete time:2.002716064453125e-05
delete time:3.409385681152344e-05
delete time:1.6689300537109375e-05
delete time:1.33514404296875e-05
delete time:1.8596649169921875e-05
delete time:2.1696090698242188e-05
delete time:4.00543212890625e-05
delete time:1.5974044799804688e-05
delete time:2.193450927734375e-05
delete time:2.765655517578125e-05
delete time:1.7881393432617188e-05
delete time:3.409385681152344e-05
delete time:3.933906555175781e-05
delete time:1.6927719116210938e-05
delete time:3.147125244140625e-05
delete time:2.1457672119140625e-05
delete time:3.719329833984375e-05
delete time:3.409385681152344e-05
delete time:2.1696090698242188e-05
delete time:2.8133392333984375e-05
delete time:1.33514404296875e-05
delete time:1.7642974853515625e-05
delete time:3.457069396972656e-05
delete time:2.002716064453125e-05
delete time:1.7404556274414062e-05
delete time:1.621246337890625e-05
delete time:1.71661376953125e-05
delete time:1.430511474609375e-05
delete time:1.33514404296875e-05
delete time:0.00011229515075683594
delete time:1.1682510375976562e-05
delete time:2.002716064453125e-05
delete time:2.1219253540039062e-05
delete time:1.811981201171875e-05
delete time:2.5033950805664062e-05
delete time:1.8596649169921875e-05
delete time:3.4332275390625e-05
delete time:3.0279159545898438e-05
delete time:2.0503997802734375e-05
delete time:2.6464462280273438e-05
delete time:1.621246337890625e-05
delete time:3.504753112792969e-05
delete time:2.9087066650390625e-05
delete time:2.3603439331054688e-05
delete time:1.621246337890625e-05
delete time:3.528594970703125e-05
delete time:2.7894973754882812e-05
delete time:2.4318695068359375e-05
delete time:1.6689300537109375e-05
delete time:3.314018249511719e-05
delete time:2.0503997802734375e-05
delete time:1.8835067749023438e-05
delete time:1.3589859008789062e-05
delete time:1.4781951904296875e-05
delete time:1.71661376953125e-05
delete time:1.2874603271484375e-05
delete time:2.002716064453125e-05
delete time:2.384185791015625e-05
delete time:1.8358230590820312e-05
delete time:2.0742416381835938e-05
delete time:2.4557113647460938e-05
delete time:1.5974044799804688e-05
delete time:2.0265579223632812e-05
delete time:1.6450881958007812e-05
delete time:2.5272369384765625e-05
delete time:3.361701965332031e-05
delete time:3.814697265625e-05
delete time:1.9073486328125e-05
delete time:2.1219253540039062e-05
delete time:2.6702880859375e-05
delete time:4.291534423828125e-05
delete time:2.002716064453125e-05
delete time:2.2649765014648438e-05
delete time:1.33514404296875e-05
delete time:3.1948089599609375e-05
delete time:2.1457672119140625e-05
delete time:1.811981201171875e-05
delete time:3.0040740966796875e-05
delete time:1.5497207641601562e-05
delete time:1.7881393432617188e-05
delete time:3.647804260253906e-05
delete time:1.811981201171875e-05
delete time:1.4066696166992188e-05
delete time:4.00543212890625e-05
delete time:2.47955322265625e-05
delete time:2.6702880859375e-05
delete time:2.2649765014648438e-05
delete time:1.1920928955078125e-05
delete time:3.3855438232421875e-05
delete time:2.002716064453125e-05
delete time:1.52587890625e-05
delete time:2.6464462280273438e-05
delete time:2.3126602172851562e-05
delete time:1.7881393432617188e-05
delete time:1.3113021850585938e-05
delete time:1.8596649169921875e-05
delete time:2.2649765014648438e-05
delete time:1.9788742065429688e-05
delete time:2.0742416381835938e-05
delete time:2.765655517578125e-05
delete time:1.4066696166992188e-05
delete time:2.47955322265625e-05
delete time:2.7894973754882812e-05
delete time:2.0265579223632812e-05
delete time:2.193450927734375e-05
delete time:2.9325485229492188e-05
delete time:1.4781951904296875e-05
delete time:1.52587890625e-05
delete time:3.409385681152344e-05
delete time:1.8358230590820312e-05
delete time:2.7179718017578125e-05
delete time:3.8623809814453125e-05
delete time:1.71661376953125e-05
delete time:1.71661376953125e-05
delete time:2.002716064453125e-05
delete time:1.9550323486328125e-05
delete time:1.6689300537109375e-05
delete time:2.6226043701171875e-05
delete time:2.002716064453125e-05
delete time:2.193450927734375e-05
delete time:2.2172927856445312e-05
delete time:4.1961669921875e-05
delete time:1.1682510375976562e-05
delete time:2.0503997802734375e-05
delete time:2.384185791015625e-05
delete time:2.3603439331054688e-05
delete time:1.7404556274414062e-05
delete time:2.6941299438476562e-05
delete time:2.2649765014648438e-05
delete time:1.8358230590820312e-05
delete time:3.528594970703125e-05
delete time:2.47955322265625e-05
delete time:1.7881393432617188e-05
delete time:3.266334533691406e-05
delete time:2.2649765014648438e-05
delete time:2.47955322265625e-05
delete time:2.2411346435546875e-05
delete time:2.5510787963867188e-05
delete time:2.0265579223632812e-05
delete time:2.6702880859375e-05
delete time:3.886222839355469e-05
delete time:2.288818359375e-05
delete time:1.9788742065429688e-05
delete time:1.7881393432617188e-05
delete time:1.33514404296875e-05
delete time:1.7642974853515625e-05
delete time:4.5299530029296875e-05
delete time:1.8358230590820312e-05
delete time:1.52587890625e-05
delete time:2.7179718017578125e-05
delete time:1.9311904907226562e-05
delete time:1.4781951904296875e-05
delete time:3.5762786865234375e-05
delete time:3.0994415283203125e-05
delete time:2.0265579223632812e-05
delete time:1.7642974853515625e-05
delete time:2.6226043701171875e-05
delete time:2.4557113647460938e-05
delete time:2.5272369384765625e-05
delete time:4.935264587402344e-05
delete time:3.838539123535156e-05
delete time:2.2411346435546875e-05
delete time:1.3828277587890625e-05
delete time:3.0517578125e-05
delete time:2.2172927856445312e-05
delete time:1.3113021850585938e-05
delete time:1.9073486328125e-05
delete time:1.8358230590820312e-05
delete time:2.8848648071289062e-05
delete time:2.5510787963867188e-05
delete time:1.7404556274414062e-05
delete time:1.3589859008789062e-05
delete time:1.7881393432617188e-05
delete time:2.1696090698242188e-05
delete time:1.52587890625e-05
delete time:3.409385681152344e-05
delete time:2.2649765014648438e-05
delete time:1.6689300537109375e-05
delete time:2.0265579223632812e-05
delete time:2.4080276489257812e-05
delete time:1.9073486328125e-05
delete time:1.4543533325195312e-05
delete time:2.002716064453125e-05
delete time:2.5510787963867188e-05
delete time:1.6689300537109375e-05
delete time:2.1696090698242188e-05
delete time:2.6941299438476562e-05
delete time:2.002716064453125e-05
delete time:2.3365020751953125e-05
delete time:1.621246337890625e-05
delete time:1.8358230590820312e-05
delete time:2.0265579223632812e-05
delete time:1.7881393432617188e-05
delete time:3.838539123535156e-05
delete time:1.6450881958007812e-05
delete time:2.0265579223632812e-05
delete time:2.0742416381835938e-05
delete time:2.5987625122070312e-05
delete time:4.506111145019531e-05
delete time:2.5987625122070312e-05
delete time:2.4557113647460938e-05
delete time:2.2172927856445312e-05
delete time:1.9311904907226562e-05
delete time:1.6450881958007812e-05
delete time:3.62396240234375e-05
delete time:1.9073486328125e-05
delete time:2.5510787963867188e-05
delete time:1.6927719116210938e-05
delete time:5.340576171875e-05
delete time:2.5033950805664062e-05
delete time:1.9550323486328125e-05
delete time:2.0265579223632812e-05
delete time:1.9073486328125e-05
delete time:3.552436828613281e-05
delete time:2.6941299438476562e-05
delete time:1.1205673217773438e-05
delete time:2.8848648071289062e-05
delete time:2.8133392333984375e-05
delete time:2.0742416381835938e-05
delete time:1.8596649169921875e-05
delete time:2.7418136596679688e-05
delete time:1.7404556274414062e-05
delete time:1.8358230590820312e-05
delete time:1.5020370483398438e-05
delete time:1.8596649169921875e-05
delete time:1.2159347534179688e-05
delete time:2.9802322387695312e-05
delete time:1.239776611328125e-05
delete time:3.218650817871094e-05
delete time:3.0994415283203125e-05
delete time:2.5033950805664062e-05
delete time:3.62396240234375e-05
delete time:2.288818359375e-05
delete time:1.5735626220703125e-05
delete time:1.6689300537109375e-05
delete time:2.574920654296875e-05
delete time:2.8848648071289062e-05
delete time:3.1948089599609375e-05
delete time:2.3365020751953125e-05
delete time:2.8371810913085938e-05
delete time:2.4318695068359375e-05
delete time:1.430511474609375e-05
delete time:4.267692565917969e-05
delete time:2.6226043701171875e-05
delete time:2.1219253540039062e-05
delete time:2.6941299438476562e-05
delete time:1.3113021850585938e-05
delete time:1.52587890625e-05
delete time:4.00543212890625e-05
delete time:1.7404556274414062e-05
delete time:1.9073486328125e-05
delete time:2.1219253540039062e-05
delete time:1.1682510375976562e-05
delete time:2.2649765014648438e-05
delete time:3.0279159545898438e-05
delete time:2.0742416381835938e-05
delete time:2.193450927734375e-05
delete time:1.621246337890625e-05
delete time:1.7404556274414062e-05
delete time:1.8358230590820312e-05
delete time:2.193450927734375e-05
delete time:2.9802322387695312e-05
delete time:2.3365020751953125e-05
delete time:3.695487976074219e-05
delete time:1.5020370483398438e-05
delete time:2.3126602172851562e-05
delete time:2.384185791015625e-05
delete time:1.9788742065429688e-05
delete time:1.9550323486328125e-05
delete time:1.8596649169921875e-05
delete time:2.384185791015625e-05
delete time:2.3365020751953125e-05
delete time:3.0279159545898438e-05
delete time:1.9311904907226562e-05
delete time:1.5497207641601562e-05
delete time:1.7404556274414062e-05
delete time:2.9325485229492188e-05
delete time:1.8358230590820312e-05
delete time:1.3589859008789062e-05
delete time:2.1219253540039062e-05
delete time:2.3365020751953125e-05
delete time:3.361701965332031e-05
delete time:1.7404556274414062e-05
delete time:2.1219253540039062e-05
delete time:1.2636184692382812e-05
delete time:2.6464462280273438e-05
delete time:3.457069396972656e-05
delete time:2.002716064453125e-05
delete time:1.811981201171875e-05
delete time:3.552436828613281e-05
delete time:1.0728836059570312e-05
delete time:1.9311904907226562e-05
delete time:1.9550323486328125e-05
delete time:2.0742416381835938e-05
delete time:1.3589859008789062e-05
delete time:2.4318695068359375e-05
delete time:3.123283386230469e-05
delete time:2.3126602172851562e-05
delete time:2.0503997802734375e-05
delete time:1.8835067749023438e-05
delete time:1.4066696166992188e-05
delete time:2.6941299438476562e-05
delete time:2.002716064453125e-05
delete time:1.5020370483398438e-05
delete time:1.7642974853515625e-05
delete time:1.6927719116210938e-05
delete time:2.86102294921875e-05
delete time:3.4332275390625e-05
delete time:2.7418136596679688e-05
delete time:1.9311904907226562e-05
delete time:2.1696090698242188e-05
delete time:2.4080276489257812e-05
delete time:1.9311904907226562e-05
delete time:2.3126602172851562e-05
delete time:2.4557113647460938e-05
delete time:1.9550323486328125e-05
delete time:2.09808349609375e-05
delete time:1.6450881958007812e-05
delete time:2.2649765014648438e-05
delete time:1.7404556274414062e-05
delete time:1.5735626220703125e-05
delete time:2.47955322265625e-05
delete time:1.8596649169921875e-05
delete time:2.5510787963867188e-05
delete time:2.384185791015625e-05
delete time:1.1205673217773438e-05
delete time:1.9788742065429688e-05
delete time:3.4809112548828125e-05
delete time:1.5735626220703125e-05
delete time:2.3365020751953125e-05
delete time:1.7642974853515625e-05
delete time:2.09808349609375e-05
delete time:2.6702880859375e-05
delete time:2.8848648071289062e-05
delete time:2.2172927856445312e-05
delete time:2.9802322387695312e-05
delete time:3.838539123535156e-05
delete time:1.811981201171875e-05
delete time:1.5020370483398438e-05
delete time:1.621246337890625e-05
delete time:2.7418136596679688e-05
delete time:3.5762786865234375e-05
delete time:2.2649765014648438e-05
delete time:1.9788742065429688e-05
delete time:4.029273986816406e-05
delete time:2.193450927734375e-05
delete time:2.3126602172851562e-05
delete time:2.0503997802734375e-05
delete time:1.7881393432617188e-05
delete time:1.8835067749023438e-05
delete time:1.9073486328125e-05
delete time:2.4557113647460938e-05
delete time:1.9073486328125e-05
delete time:2.5510787963867188e-05
delete time:1.7642974853515625e-05
delete time:1.8358230590820312e-05
delete time:4.100799560546875e-05
delete time:2.1696090698242188e-05
delete time:1.4066696166992188e-05
delete time:1.9311904907226562e-05
delete time:2.193450927734375e-05
delete time:3.218650817871094e-05
delete time:1.5735626220703125e-05
delete time:1.430511474609375e-05
delete time:2.8371810913085938e-05
delete time:2.09808349609375e-05
delete time:2.3365020751953125e-05
delete time:2.0742416381835938e-05
delete time:4.172325134277344e-05
delete time:2.6464462280273438e-05
delete time:2.4557113647460938e-05
delete time:3.337860107421875e-05
delete time:2.86102294921875e-05
delete time:1.5974044799804688e-05
delete time:2.4080276489257812e-05
delete time:2.3603439331054688e-05
delete time:4.076957702636719e-05
delete time:1.7881393432617188e-05
delete time:2.5033950805664062e-05
delete time:2.288818359375e-05
delete time:1.8596649169921875e-05
delete time:2.5510787963867188e-05
delete time:2.0503997802734375e-05
delete time:2.09808349609375e-05
delete time:2.1457672119140625e-05
delete time:2.1696090698242188e-05
delete time:4.0531158447265625e-05
delete time:1.9311904907226562e-05
delete time:2.2411346435546875e-05
delete time:3.1948089599609375e-05
delete time:2.2411346435546875e-05
delete time:2.5033950805664062e-05
delete time:4.291534423828125e-05
delete time:1.7404556274414062e-05
delete time:1.9788742065429688e-05
delete time:4.220008850097656e-05
delete time:2.1457672119140625e-05
delete time:2.0503997802734375e-05
delete time:1.7642974853515625e-05
delete time:2.8371810913085938e-05
delete time:1.6927719116210938e-05
delete time:2.6464462280273438e-05
delete time:2.0742416381835938e-05
delete time:2.09808349609375e-05
delete time:3.0040740966796875e-05
delete time:1.9550323486328125e-05
delete time:1.9550323486328125e-05
delete time:1.6450881958007812e-05
delete time:1.7642974853515625e-05
delete time:1.7881393432617188e-05
delete time:1.9550323486328125e-05
delete time:2.3603439331054688e-05
delete time:3.695487976074219e-05
delete time:2.288818359375e-05
delete time:1.8358230590820312e-05
delete time:2.6464462280273438e-05
delete time:4.315376281738281e-05
delete time:2.0742416381835938e-05
delete time:3.1948089599609375e-05
delete time:2.002716064453125e-05
delete time:1.811981201171875e-05
delete time:2.1457672119140625e-05
delete time:2.6226043701171875e-05
delete time:1.2636184692382812e-05
delete time:1.7642974853515625e-05
delete time:2.0265579223632812e-05
delete time:1.9788742065429688e-05
delete time:1.9550323486328125e-05
delete time:2.7418136596679688e-05
delete time:1.7404556274414062e-05
delete time:1.9311904907226562e-05
delete time:2.4557113647460938e-05
delete time:2.6941299438476562e-05
delete time:3.695487976074219e-05
delete time:1.6689300537109375e-05
delete time:2.2172927856445312e-05
delete time:2.7418136596679688e-05
delete time:3.838539123535156e-05
delete time:3.528594970703125e-05
delete time:1.7404556274414062e-05
delete time:3.0279159545898438e-05
delete time:2.574920654296875e-05
delete time:1.71661376953125e-05
delete time:1.4066696166992188e-05
delete time:3.314018249511719e-05
delete time:2.9802322387695312e-05
delete time:1.9788742065429688e-05
delete time:1.7404556274414062e-05
delete time:2.7894973754882812e-05
delete time:2.3126602172851562e-05
delete time:1.71661376953125e-05
delete time:1.7404556274414062e-05
delete time:3.075599670410156e-05
delete time:1.4781951904296875e-05
delete time:2.4318695068359375e-05
delete time:1.6689300537109375e-05
delete time:2.6941299438476562e-05
delete time:1.7404556274414062e-05
delete time:1.8835067749023438e-05
delete time:2.2411346435546875e-05
delete time:1.7642974853515625e-05
delete time:2.6702880859375e-05
delete time:1.8358230590820312e-05
delete time:1.5497207641601562e-05
delete time:2.1696090698242188e-05
delete time:3.0994415283203125e-05
delete time:1.9073486328125e-05
delete time:2.288818359375e-05
delete time:2.6226043701171875e-05
delete time:2.1219253540039062e-05
delete time:2.4080276489257812e-05
delete time:2.1457672119140625e-05
delete time:1.7404556274414062e-05
delete time:1.9073486328125e-05
delete time:1.9073486328125e-05
delete time:1.811981201171875e-05
delete time:1.3828277587890625e-05
delete time:2.09808349609375e-05
delete time:2.4557113647460938e-05
delete time:2.2411346435546875e-05
delete time:1.811981201171875e-05
delete time:1.4781951904296875e-05
delete time:3.504753112792969e-05
delete time:2.2411346435546875e-05
delete time:1.5974044799804688e-05
delete time:1.9788742065429688e-05
delete time:2.0742416381835938e-05
delete time:1.52587890625e-05
delete time:2.7179718017578125e-05
delete time:2.0503997802734375e-05
delete time:1.2874603271484375e-05
delete time:1.5735626220703125e-05
delete time:3.7670135498046875e-05
delete time:1.9788742065429688e-05
delete time:2.288818359375e-05
delete time:1.7642974853515625e-05
delete time:2.5272369384765625e-05
delete time:2.8133392333984375e-05
delete time:2.86102294921875e-05
delete time:2.3126602172851562e-05
delete time:1.8596649169921875e-05
delete time:1.9788742065429688e-05
delete time:3.218650817871094e-05
delete time:2.1219253540039062e-05
delete time:2.09808349609375e-05
delete time:2.002716064453125e-05
delete time:3.314018249511719e-05
delete time:1.5497207641601562e-05
delete time:2.0503997802734375e-05
delete time:1.7404556274414062e-05
delete time:2.09808349609375e-05
delete time:1.2874603271484375e-05
delete time:1.4543533325195312e-05
delete time:1.52587890625e-05
delete time:2.1219253540039062e-05
delete time:1.52587890625e-05
delete time:3.0994415283203125e-05
delete time:1.430511474609375e-05
delete time:1.9311904907226562e-05
delete time:2.1696090698242188e-05
delete time:3.933906555175781e-05
delete time:1.8358230590820312e-05
delete time:1.1920928955078125e-05
delete time:3.910064697265625e-05
delete time:3.075599670410156e-05
delete time:2.6464462280273438e-05
delete time:1.9073486328125e-05
delete time:2.0265579223632812e-05
delete time:1.5497207641601562e-05
delete time:4.029273986816406e-05
delete time:2.2172927856445312e-05
delete time:3.266334533691406e-05
delete time:3.0279159545898438e-05
delete time:1.8596649169921875e-05
delete time:2.384185791015625e-05
delete time:2.1696090698242188e-05
delete time:1.5974044799804688e-05
delete time:2.0742416381835938e-05
delete time:2.002716064453125e-05
delete time:2.193450927734375e-05
delete time:2.1219253540039062e-05
delete time:2.2411346435546875e-05
delete time:2.0503997802734375e-05
delete time:2.2172927856445312e-05
delete time:2.0265579223632812e-05
delete time:2.0742416381835938e-05
delete time:2.5033950805664062e-05
delete time:2.4557113647460938e-05
delete time:1.621246337890625e-05
delete time:2.574920654296875e-05
delete time:1.9073486328125e-05
delete time:1.8358230590820312e-05
delete time:2.6464462280273438e-05
delete time:1.5735626220703125e-05
delete time:2.47955322265625e-05
delete time:4.220008850097656e-05
delete time:2.86102294921875e-05
delete time:2.4318695068359375e-05
delete time:2.4318695068359375e-05
delete time:2.384185791015625e-05
delete time:3.170967102050781e-05
delete time:2.6702880859375e-05
delete time:3.170967102050781e-05
delete time:1.9073486328125e-05
delete time:2.6941299438476562e-05
delete time:3.0994415283203125e-05
delete time:2.0503997802734375e-05
delete time:2.7894973754882812e-05
delete time:1.6689300537109375e-05
delete time:1.5974044799804688e-05
delete time:4.601478576660156e-05
delete time:1.5974044799804688e-05
delete time:2.3603439331054688e-05
delete time:2.7418136596679688e-05
delete time:1.7404556274414062e-05
delete time:4.029273986816406e-05
delete time:2.2649765014648438e-05
delete time:2.956390380859375e-05
delete time:2.0265579223632812e-05
delete time:2.5510787963867188e-05
delete time:2.2649765014648438e-05
delete time:2.0503997802734375e-05
delete time:2.3365020751953125e-05
delete time:4.124641418457031e-05
delete time:2.3603439331054688e-05
delete time:4.3392181396484375e-05
delete time:2.5033950805664062e-05
delete time:2.3603439331054688e-05
delete time:2.2172927856445312e-05
delete time:1.7881393432617188e-05
delete time:2.574920654296875e-05
delete time:2.0265579223632812e-05
delete time:1.811981201171875e-05
delete time:2.1219253540039062e-05
delete time:2.193450927734375e-05
delete time:1.9311904907226562e-05
delete time:2.0265579223632812e-05
delete time:1.9788742065429688e-05
delete time:2.9325485229492188e-05
delete time:1.3113021850585938e-05
delete time:2.2411346435546875e-05
delete time:2.2172927856445312e-05
delete time:2.5272369384765625e-05
delete time:2.0265579223632812e-05
delete time:2.193450927734375e-05
delete time:2.0742416381835938e-05
delete time:2.193450927734375e-05
delete time:3.8623809814453125e-05
delete time:2.1696090698242188e-05
delete time:2.7418136596679688e-05
delete time:3.170967102050781e-05
delete time:3.0994415283203125e-05
delete time:2.0742416381835938e-05
delete time:2.384185791015625e-05
delete time:1.6450881958007812e-05
delete time:2.7418136596679688e-05
delete time:2.3365020751953125e-05
delete time:2.288818359375e-05
delete time:3.0994415283203125e-05
delete time:2.86102294921875e-05
delete time:2.3126602172851562e-05
delete time:2.3126602172851562e-05
delete time:1.0013580322265625e-05
delete time:2.0503997802734375e-05
delete time:2.765655517578125e-05
delete time:2.4080276489257812e-05
delete time:2.8371810913085938e-05
delete time:1.6689300537109375e-05
delete time:2.5033950805664062e-05
delete time:1.9788742065429688e-05
delete time:2.384185791015625e-05
delete time:1.430511474609375e-05
delete time:1.7881393432617188e-05
delete time:2.1219253540039062e-05
delete time:2.1219253540039062e-05
delete time:2.8371810913085938e-05
delete time:2.0503997802734375e-05
delete time:3.0279159545898438e-05
delete time:1.9311904907226562e-05
delete time:1.8358230590820312e-05
delete time:1.4543533325195312e-05
delete time:2.5272369384765625e-05
delete time:2.09808349609375e-05
delete time:2.002716064453125e-05
delete time:1.4781951904296875e-05
delete time:3.409385681152344e-05
delete time:2.193450927734375e-05
delete time:1.049041748046875e-05
delete time:2.8133392333984375e-05
delete time:1.8835067749023438e-05
delete time:2.6226043701171875e-05
delete time:2.4080276489257812e-05
delete time:2.09808349609375e-05
delete time:1.5735626220703125e-05
delete time:1.7881393432617188e-05
delete time:4.00543212890625e-05
delete time:1.9311904907226562e-05
delete time:2.956390380859375e-05
delete time:2.2649765014648438e-05
delete time:2.1696090698242188e-05
delete time:2.4557113647460938e-05
delete time:1.9311904907226562e-05
delete time:2.0742416381835938e-05
delete time:2.0265579223632812e-05
delete time:1.7404556274414062e-05
delete time:2.1219253540039062e-05
delete time:2.8133392333984375e-05
delete time:1.8596649169921875e-05
delete time:1.8596649169921875e-05
delete time:3.147125244140625e-05
delete time:2.1457672119140625e-05
delete time:1.3828277587890625e-05
delete time:1.8835067749023438e-05
delete time:3.0517578125e-05
delete time:2.765655517578125e-05
delete time:1.52587890625e-05
delete time:3.7670135498046875e-05
delete time:2.47955322265625e-05
delete time:1.71661376953125e-05
delete time:1.5974044799804688e-05
delete time:1.6689300537109375e-05
delete time:2.6226043701171875e-05
delete time:2.6226043701171875e-05
delete time:2.2411346435546875e-05
delete time:1.6689300537109375e-05
delete time:2.765655517578125e-05
delete time:3.9577484130859375e-05
delete time:1.7881393432617188e-05
delete time:2.0503997802734375e-05
delete time:2.384185791015625e-05
delete time:1.8358230590820312e-05
delete time:1.621246337890625e-05
delete time:2.002716064453125e-05
delete time:2.384185791015625e-05
delete time:2.5033950805664062e-05
delete time:2.288818359375e-05
delete time:1.9788742065429688e-05
delete time:2.288818359375e-05
delete time:2.574920654296875e-05
delete time:2.2649765014648438e-05
delete time:1.4781951904296875e-05
delete time:3.24249267578125e-05
delete time:2.0503997802734375e-05
delete time:1.7642974853515625e-05
delete time:3.838539123535156e-05
delete time:4.1961669921875e-05
delete time:2.765655517578125e-05
delete time:1.2874603271484375e-05
delete time:3.504753112792969e-05
delete time:2.2649765014648438e-05
delete time:1.4543533325195312e-05
delete time:1.5020370483398438e-05
delete time:2.0265579223632812e-05
delete time:2.7179718017578125e-05
delete time:2.1457672119140625e-05
delete time:1.811981201171875e-05
delete time:1.3828277587890625e-05
delete time:2.574920654296875e-05
delete time:3.337860107421875e-05
delete time:2.2649765014648438e-05
delete time:2.6702880859375e-05
delete time:2.956390380859375e-05
delete time:2.8371810913085938e-05
delete time:2.765655517578125e-05
delete time:2.09808349609375e-05
delete time:2.1696090698242188e-05
delete time:2.4080276489257812e-05
delete time:3.743171691894531e-05
delete time:2.3603439331054688e-05
delete time:3.8623809814453125e-05
delete time:2.3603439331054688e-05
delete time:1.7881393432617188e-05
delete time:1.9073486328125e-05
delete time:2.288818359375e-05
delete time:2.1696090698242188e-05
delete time:3.814697265625e-05
delete time:1.3828277587890625e-05
delete time:1.7404556274414062e-05
delete time:1.7642974853515625e-05
delete time:2.86102294921875e-05
delete time:1.8358230590820312e-05
delete time:1.6689300537109375e-05
delete time:1.8596649169921875e-05
delete time:2.4557113647460938e-05
delete time:2.002716064453125e-05
delete time:2.4080276489257812e-05
delete time:1.6689300537109375e-05
delete time:1.1444091796875e-05
delete time:2.6464462280273438e-05
delete time:3.075599670410156e-05
delete time:2.8133392333984375e-05
delete time:1.9788742065429688e-05
delete time:2.3126602172851562e-05
delete time:3.7670135498046875e-05
delete time:3.0279159545898438e-05
delete time:4.172325134277344e-05
delete time:2.0503997802734375e-05
delete time:1.6689300537109375e-05
delete time:3.7670135498046875e-05
delete time:2.86102294921875e-05
delete time:2.3603439331054688e-05
delete time:2.1457672119140625e-05
delete time:4.172325134277344e-05
delete time:2.3126602172851562e-05
delete time:1.7404556274414062e-05
delete time:1.7404556274414062e-05
delete time:1.4066696166992188e-05
delete time:1.9073486328125e-05
delete time:2.002716064453125e-05
delete time:4.267692565917969e-05
delete time:2.47955322265625e-05
delete time:1.621246337890625e-05
delete time:3.457069396972656e-05
delete time:2.6941299438476562e-05
delete time:3.743171691894531e-05
delete time:2.0742416381835938e-05
delete time:2.0503997802734375e-05
delete time:2.6941299438476562e-05
delete time:3.266334533691406e-05
delete time:2.6464462280273438e-05
delete time:1.8835067749023438e-05
delete time:1.8358230590820312e-05
delete time:4.887580871582031e-05
delete time:2.8371810913085938e-05
delete time:2.0265579223632812e-05
delete time:2.2649765014648438e-05
delete time:2.288818359375e-05
delete time:4.172325134277344e-05
delete time:2.5033950805664062e-05
delete time:2.3365020751953125e-05
delete time:1.7404556274414062e-05
delete time:1.811981201171875e-05
delete time:2.2411346435546875e-05
delete time:2.3365020751953125e-05
delete time:1.4781951904296875e-05
delete time:3.0994415283203125e-05
delete time:2.6941299438476562e-05
delete time:1.4781951904296875e-05
delete time:2.3365020751953125e-05
delete time:2.4318695068359375e-05
delete time:1.2636184692382812e-05
delete time:3.123283386230469e-05
delete time:2.002716064453125e-05
delete time:1.9073486328125e-05
delete time:3.3855438232421875e-05
delete time:3.3855438232421875e-05
delete time:3.5762786865234375e-05
delete time:1.7881393432617188e-05
delete time:2.1457672119140625e-05
delete time:2.2172927856445312e-05
delete time:1.5735626220703125e-05
delete time:1.621246337890625e-05
delete time:2.384185791015625e-05
delete time:1.8835067749023438e-05
delete time:3.600120544433594e-05
delete time:1.5735626220703125e-05
delete time:2.4557113647460938e-05
delete time:4.100799560546875e-05
delete time:1.621246337890625e-05
delete time:2.193450927734375e-05
delete time:4.410743713378906e-05
delete time:2.2649765014648438e-05
delete time:2.3603439331054688e-05
delete time:1.8596649169921875e-05
delete time:1.9550323486328125e-05
delete time:1.9788742065429688e-05
delete time:1.1920928955078125e-05
delete time:4.3392181396484375e-05
delete time:3.743171691894531e-05
delete time:1.5735626220703125e-05
delete time:0.0001239776611328125
delete time:1.811981201171875e-05
delete time:2.3365020751953125e-05
delete time:3.123283386230469e-05
delete time:2.1696090698242188e-05
delete time:2.6226043701171875e-05
delete time:2.8371810913085938e-05
delete time:2.2172927856445312e-05
delete time:2.3365020751953125e-05
delete time:3.147125244140625e-05
delete time:2.8133392333984375e-05
delete time:3.123283386230469e-05
delete time:1.7404556274414062e-05
delete time:2.0265579223632812e-05
delete time:3.8623809814453125e-05
delete time:1.71661376953125e-05
delete time:1.9550323486328125e-05
delete time:2.0265579223632812e-05
delete time:3.552436828613281e-05
delete time:2.002716064453125e-05
delete time:1.811981201171875e-05
delete time:2.2649765014648438e-05
delete time:1.3113021850585938e-05
delete time:1.9550323486328125e-05
delete time:1.9788742065429688e-05
delete time:1.811981201171875e-05
delete time:2.6464462280273438e-05
delete time:2.6226043701171875e-05
delete time:1.52587890625e-05
delete time:1.4066696166992188e-05
delete time:2.193450927734375e-05
delete time:3.552436828613281e-05
delete time:1.5735626220703125e-05
delete time:3.409385681152344e-05
delete time:4.649162292480469e-05
delete time:2.0742416381835938e-05
delete time:2.4557113647460938e-05
delete time:2.5272369384765625e-05
delete time:2.6464462280273438e-05
delete time:2.384185791015625e-05
delete time:1.9550323486328125e-05
delete time:3.2901763916015625e-05
delete time:1.9311904907226562e-05
delete time:2.574920654296875e-05
delete time:3.6716461181640625e-05
delete time:2.47955322265625e-05
delete time:1.9788742065429688e-05
delete time:2.5033950805664062e-05
delete time:2.2172927856445312e-05
delete time:2.1457672119140625e-05
delete time:1.7404556274414062e-05
delete time:2.5510787963867188e-05
delete time:2.1219253540039062e-05
delete time:1.8358230590820312e-05
delete time:2.5510787963867188e-05
delete time:3.24249267578125e-05
delete time:2.0742416381835938e-05
delete time:3.24249267578125e-05
delete time:2.3603439331054688e-05
delete time:2.2411346435546875e-05
delete time:2.6941299438476562e-05
delete time:1.33514404296875e-05
delete time:1.7404556274414062e-05
delete time:3.0040740966796875e-05
delete time:2.6702880859375e-05
delete time:2.765655517578125e-05
delete time:1.5497207641601562e-05
delete time:2.5510787963867188e-05
delete time:2.6702880859375e-05
delete time:4.0531158447265625e-05
delete time:2.1219253540039062e-05
delete time:2.1696090698242188e-05
delete time:2.0265579223632812e-05
delete time:1.8835067749023438e-05
delete time:2.288818359375e-05
delete time:2.4080276489257812e-05
delete time:1.7404556274414062e-05
delete time:1.71661376953125e-05
delete time:2.193450927734375e-05
delete time:1.5497207641601562e-05
delete time:2.0503997802734375e-05
delete time:2.0503997802734375e-05
delete time:2.0742416381835938e-05
delete time:2.5033950805664062e-05
delete time:2.5510787963867188e-05
delete time:3.9577484130859375e-05
delete time:3.075599670410156e-05
delete time:2.1219253540039062e-05
delete time:2.6702880859375e-05
delete time:2.7418136596679688e-05
delete time:5.0067901611328125e-05
delete time:3.528594970703125e-05
delete time:1.2636184692382812e-05
delete time:4.3392181396484375e-05
delete time:1.811981201171875e-05
delete time:3.719329833984375e-05
delete time:1.621246337890625e-05
delete time:3.147125244140625e-05
delete time:2.2649765014648438e-05
delete time:2.3126602172851562e-05
delete time:2.1219253540039062e-05
delete time:1.2874603271484375e-05
delete time:1.5735626220703125e-05
delete time:1.8596649169921875e-05
delete time:2.193450927734375e-05
delete time:2.2172927856445312e-05
delete time:1.7404556274414062e-05
delete time:1.811981201171875e-05
delete time:2.0503997802734375e-05
delete time:1.52587890625e-05
delete time:2.2649765014648438e-05
delete time:5.0067901611328125e-05
delete time:1.33514404296875e-05
delete time:1.9550323486328125e-05
delete time:4.267692565917969e-05
delete time:2.4080276489257812e-05
delete time:3.933906555175781e-05
delete time:2.193450927734375e-05
delete time:1.9788742065429688e-05
delete time:2.288818359375e-05
delete time:1.4066696166992188e-05
delete time:3.147125244140625e-05
delete time:3.075599670410156e-05
delete time:2.5987625122070312e-05
delete time:4.458427429199219e-05
delete time:2.1219253540039062e-05
delete time:2.09808349609375e-05
delete time:1.9550323486328125e-05
delete time:2.8133392333984375e-05
delete time:1.5974044799804688e-05
delete time:1.6450881958007812e-05
delete time:3.1948089599609375e-05
delete time:2.1457672119140625e-05
delete time:2.7894973754882812e-05
delete time:2.5510787963867188e-05
delete time:2.193450927734375e-05
delete time:2.288818359375e-05
delete time:1.3828277587890625e-05
delete time:2.7418136596679688e-05
delete time:2.1457672119140625e-05
delete time:2.1696090698242188e-05
delete time:2.1457672119140625e-05
delete time:2.4080276489257812e-05
delete time:2.1457672119140625e-05
delete time:1.9311904907226562e-05
delete time:1.7404556274414062e-05
delete time:2.7179718017578125e-05
delete time:2.6464462280273438e-05
delete time:3.695487976074219e-05
delete time:2.193450927734375e-05
delete time:2.384185791015625e-05
delete time:3.647804260253906e-05
delete time:2.6464462280273438e-05
delete time:2.47955322265625e-05
delete time:1.9550323486328125e-05
delete time:1.9073486328125e-05
delete time:3.123283386230469e-05
delete time:2.3126602172851562e-05
delete time:3.337860107421875e-05
delete time:1.5974044799804688e-05
delete time:3.0040740966796875e-05
delete time:2.3126602172851562e-05
delete time:2.7418136596679688e-05
delete time:4.172325134277344e-05
delete time:3.3855438232421875e-05
delete time:2.8848648071289062e-05
delete time:3.2901763916015625e-05
delete time:1.5020370483398438e-05
delete time:2.288818359375e-05
delete time:2.1696090698242188e-05
delete time:2.5510787963867188e-05
delete time:2.0265579223632812e-05
delete time:1.7642974853515625e-05
delete time:2.0742416381835938e-05
delete time:3.361701965332031e-05
delete time:2.384185791015625e-05
delete time:1.9788742065429688e-05
delete time:1.3113021850585938e-05
delete time:2.09808349609375e-05
delete time:2.8848648071289062e-05
delete time:1.9788742065429688e-05
delete time:4.2438507080078125e-05
delete time:1.9788742065429688e-05
delete time:3.981590270996094e-05
delete time:1.3828277587890625e-05
delete time:1.6450881958007812e-05
delete time:1.811981201171875e-05
delete time:1.4066696166992188e-05
delete time:2.5033950805664062e-05
delete time:4.315376281738281e-05
delete time:2.2172927856445312e-05
delete time:1.3589859008789062e-05
delete time:4.57763671875e-05
delete time:1.3113021850585938e-05
delete time:1.6927719116210938e-05
delete time:1.9311904907226562e-05
delete time:2.0265579223632812e-05
delete time:1.6450881958007812e-05
delete time:1.7642974853515625e-05
delete time:3.24249267578125e-05
delete time:1.71661376953125e-05
delete time:3.2901763916015625e-05
delete time:1.1920928955078125e-05
delete time:2.4318695068359375e-05
delete time:1.621246337890625e-05
delete time:2.3603439331054688e-05
delete time:3.981590270996094e-05
delete time:2.5510787963867188e-05
delete time:1.7881393432617188e-05
delete time:3.0994415283203125e-05
delete time:1.7881393432617188e-05
delete time:2.3126602172851562e-05
delete time:2.2172927856445312e-05
delete time:1.71661376953125e-05
delete time:3.743171691894531e-05
delete time:1.4066696166992188e-05
delete time:1.2874603271484375e-05
delete time:3.504753112792969e-05
delete time:1.5497207641601562e-05
delete time:1.8358230590820312e-05
delete time:3.647804260253906e-05
delete time:3.0994415283203125e-05
delete time:2.3365020751953125e-05
delete time:3.814697265625e-05
delete time:2.2172927856445312e-05
delete time:2.1457672119140625e-05
delete time:2.3603439331054688e-05
delete time:1.9550323486328125e-05
delete time:4.601478576660156e-05
delete time:1.7881393432617188e-05
delete time:3.1948089599609375e-05
delete time:3.647804260253906e-05
delete time:4.2438507080078125e-05
delete time:2.1696090698242188e-05
delete time:2.193450927734375e-05
delete time:1.621246337890625e-05
delete time:1.8835067749023438e-05
delete time:1.52587890625e-05
delete time:2.6702880859375e-05
delete time:2.47955322265625e-05
delete time:2.8848648071289062e-05
delete time:2.3603439331054688e-05
delete time:1.8358230590820312e-05
delete time:2.6702880859375e-05
delete time:2.193450927734375e-05
delete time:2.002716064453125e-05
delete time:2.956390380859375e-05
delete time:4.863739013671875e-05
delete time:1.0251998901367188e-05
delete time:2.3365020751953125e-05
delete time:1.5497207641601562e-05
delete time:2.9325485229492188e-05
delete time:4.4345855712890625e-05
delete time:2.2411346435546875e-05
delete time:1.2636184692382812e-05
delete time:2.1696090698242188e-05
delete time:3.123283386230469e-05
delete time:4.100799560546875e-05
delete time:1.6927719116210938e-05
delete time:2.5272369384765625e-05
delete time:2.1696090698242188e-05
delete time:1.9550323486328125e-05
delete time:2.9087066650390625e-05
delete time:3.5762786865234375e-05
delete time:2.0742416381835938e-05
delete time:5.1975250244140625e-05
delete time:2.002716064453125e-05
delete time:1.9550323486328125e-05
delete time:2.1219253540039062e-05
delete time:3.337860107421875e-05
delete time:2.6226043701171875e-05
delete time:4.1961669921875e-05
delete time:2.6702880859375e-05
delete time:3.528594970703125e-05
delete time:1.71661376953125e-05
delete time:2.0742416381835938e-05
delete time:3.695487976074219e-05
delete time:3.314018249511719e-05
delete time:3.0517578125e-05
delete time:2.3365020751953125e-05
delete time:1.5974044799804688e-05
delete time:4.363059997558594e-05
delete time:2.193450927734375e-05
delete time:1.7404556274414062e-05
delete time:1.7404556274414062e-05
delete time:1.6927719116210938e-05
delete time:3.4332275390625e-05
delete time:2.7894973754882812e-05
delete time:4.6253204345703125e-05
delete time:2.09808349609375e-05
delete time:2.09808349609375e-05
delete time:2.574920654296875e-05
delete time:2.1696090698242188e-05
delete time:1.4781951904296875e-05
delete time:2.47955322265625e-05
delete time:2.5987625122070312e-05
delete time:2.0503997802734375e-05
delete time:2.384185791015625e-05
delete time:4.8160552978515625e-05
delete time:2.1219253540039062e-05
delete time:3.0994415283203125e-05
delete time:1.2874603271484375e-05
delete time:2.1696090698242188e-05
delete time:2.09808349609375e-05
delete time:4.935264587402344e-05
delete time:1.9788742065429688e-05
delete time:2.0742416381835938e-05
delete time:1.6450881958007812e-05
delete time:2.09808349609375e-05
delete time:2.574920654296875e-05
delete time:1.3828277587890625e-05
delete time:2.4318695068359375e-05
delete time:1.7881393432617188e-05
delete time:2.574920654296875e-05
delete time:1.6689300537109375e-05
delete time:1.239776611328125e-05
delete time:2.8848648071289062e-05
delete time:2.09808349609375e-05
delete time:2.4557113647460938e-05
delete time:1.9311904907226562e-05
delete time:2.6464462280273438e-05
delete time:1.7404556274414062e-05
delete time:3.62396240234375e-05
delete time:3.719329833984375e-05
delete time:1.8596649169921875e-05
delete time:3.337860107421875e-05
delete time:3.9577484130859375e-05
delete time:1.52587890625e-05
delete time:2.3365020751953125e-05
delete time:2.0503997802734375e-05
delete time:2.1696090698242188e-05
delete time:3.814697265625e-05
delete time:1.5974044799804688e-05
delete time:4.076957702636719e-05
delete time:1.6450881958007812e-05
delete time:2.2411346435546875e-05
delete time:1.52587890625e-05
delete time:3.981590270996094e-05
delete time:2.3365020751953125e-05
delete time:2.9802322387695312e-05
delete time:3.361701965332031e-05
delete time:1.5735626220703125e-05
delete time:2.0265579223632812e-05
delete time:2.1457672119140625e-05
delete time:1.3828277587890625e-05
delete time:2.3365020751953125e-05
delete time:1.8835067749023438e-05
delete time:2.2172927856445312e-05
delete time:2.1457672119140625e-05
delete time:2.4080276489257812e-05
delete time:3.886222839355469e-05
delete time:4.1484832763671875e-05
delete time:3.504753112792969e-05
delete time:2.956390380859375e-05
delete time:1.9788742065429688e-05
delete time:1.7404556274414062e-05
delete time:2.2172927856445312e-05
delete time:2.6464462280273438e-05
delete time:5.078315734863281e-05
delete time:1.811981201171875e-05
delete time:2.765655517578125e-05
delete time:3.528594970703125e-05
delete time:1.5020370483398438e-05
delete time:1.6689300537109375e-05
delete time:4.38690185546875e-05
delete time:1.5974044799804688e-05
delete time:2.193450927734375e-05
delete time:1.9073486328125e-05
delete time:5.221366882324219e-05
delete time:2.6702880859375e-05
delete time:1.7642974853515625e-05
delete time:1.6927719116210938e-05
delete time:4.2438507080078125e-05
delete time:2.8848648071289062e-05
delete time:3.790855407714844e-05
delete time:2.765655517578125e-05
delete time:1.6927719116210938e-05
delete time:1.7881393432617188e-05
delete time:1.7642974853515625e-05
delete time:2.8848648071289062e-05
delete time:2.5510787963867188e-05
delete time:4.744529724121094e-05
delete time:1.6689300537109375e-05
delete time:2.3603439331054688e-05
delete time:4.744529724121094e-05
delete time:4.2438507080078125e-05
delete time:2.0265579223632812e-05
delete time:1.621246337890625e-05
delete time:2.002716064453125e-05
delete time:1.4781951904296875e-05
delete time:4.1484832763671875e-05
delete time:2.1457672119140625e-05
delete time:2.5510787963867188e-05
delete time:3.0279159545898438e-05
delete time:4.315376281738281e-05
delete time:1.52587890625e-05
delete time:2.1696090698242188e-05
delete time:2.5272369384765625e-05
delete time:1.811981201171875e-05
delete time:3.170967102050781e-05
delete time:2.6226043701171875e-05
delete time:1.7881393432617188e-05
delete time:4.3392181396484375e-05
delete time:3.409385681152344e-05
delete time:1.6450881958007812e-05
delete time:1.9311904907226562e-05
delete time:3.0040740966796875e-05
delete time:2.4318695068359375e-05
delete time:2.1457672119140625e-05
delete time:2.5272369384765625e-05
delete time:2.5510787963867188e-05
delete time:1.8835067749023438e-05
delete time:2.2411346435546875e-05
delete time:2.002716064453125e-05
delete time:2.384185791015625e-05
delete time:2.6226043701171875e-05
delete time:2.8848648071289062e-05
delete time:2.0265579223632812e-05
delete time:2.9087066650390625e-05
delete time:2.5987625122070312e-05
delete time:2.3603439331054688e-05
delete time:2.5033950805664062e-05
delete time:1.7404556274414062e-05
delete time:2.9802322387695312e-05
delete time:2.5987625122070312e-05
delete time:2.5033950805664062e-05
delete time:1.9311904907226562e-05
delete time:1.9550323486328125e-05
delete time:2.3365020751953125e-05
delete time:2.0503997802734375e-05
delete time:2.47955322265625e-05
delete time:3.7670135498046875e-05
delete time:2.3126602172851562e-05
delete time:2.2172927856445312e-05
delete time:1.71661376953125e-05
delete time:2.09808349609375e-05
delete time:1.8596649169921875e-05
delete time:1.4781951904296875e-05
delete time:2.7418136596679688e-05
delete time:1.71661376953125e-05
delete time:1.4066696166992188e-05
delete time:2.956390380859375e-05
delete time:1.430511474609375e-05
delete time:2.765655517578125e-05
delete time:2.3126602172851562e-05
delete time:4.5299530029296875e-05
delete time:4.3392181396484375e-05
delete time:2.8371810913085938e-05
delete time:2.193450927734375e-05
delete time:1.8596649169921875e-05
delete time:2.7418136596679688e-05
delete time:4.601478576660156e-05
delete time:2.2172927856445312e-05
delete time:1.7404556274414062e-05
delete time:2.7179718017578125e-05
delete time:2.0503997802734375e-05
delete time:1.9788742065429688e-05
delete time:1.811981201171875e-05
delete time:2.5510787963867188e-05
delete time:2.193450927734375e-05
delete time:2.0503997802734375e-05
delete time:1.5735626220703125e-05
delete time:1.71661376953125e-05
delete time:2.0265579223632812e-05
delete time:2.5510787963867188e-05
delete time:2.574920654296875e-05
delete time:2.5510787963867188e-05
delete time:2.7418136596679688e-05
delete time:2.574920654296875e-05
delete time:3.743171691894531e-05
delete time:2.002716064453125e-05
delete time:4.5299530029296875e-05
delete time:3.0040740966796875e-05
delete time:2.09808349609375e-05
delete time:2.09808349609375e-05
delete time:2.193450927734375e-05
delete time:2.7179718017578125e-05
delete time:2.4318695068359375e-05
delete time:2.9802322387695312e-05
delete time:2.4557113647460938e-05
delete time:2.8133392333984375e-05
delete time:3.075599670410156e-05
delete time:2.3603439331054688e-05
delete time:4.029273986816406e-05
delete time:2.0265579223632812e-05
delete time:4.220008850097656e-05
delete time:2.5272369384765625e-05
delete time:4.38690185546875e-05
delete time:3.886222839355469e-05
delete time:1.4781951904296875e-05
delete time:1.5497207641601562e-05
delete time:2.1457672119140625e-05
delete time:2.2649765014648438e-05
delete time:2.0265579223632812e-05
delete time:4.076957702636719e-05
delete time:3.981590270996094e-05
delete time:2.1457672119140625e-05
delete time:1.52587890625e-05
delete time:3.933906555175781e-05
delete time:3.170967102050781e-05
delete time:1.8835067749023438e-05
delete time:4.5299530029296875e-05
delete time:3.0040740966796875e-05
delete time:1.7881393432617188e-05
delete time:1.9311904907226562e-05
delete time:2.4318695068359375e-05
delete time:2.6464462280273438e-05
delete time:4.57763671875e-05
delete time:1.8596649169921875e-05
delete time:2.384185791015625e-05
delete time:4.863739013671875e-05
delete time:2.7179718017578125e-05
delete time:3.528594970703125e-05
delete time:1.811981201171875e-05
delete time:2.0742416381835938e-05
delete time:2.2172927856445312e-05
delete time:1.6927719116210938e-05
delete time:2.193450927734375e-05
delete time:1.6689300537109375e-05
delete time:4.482269287109375e-05
delete time:1.5735626220703125e-05
delete time:2.0503997802734375e-05
delete time:3.910064697265625e-05
delete time:2.1696090698242188e-05
delete time:2.288818359375e-05
delete time:3.4332275390625e-05
delete time:2.1696090698242188e-05
delete time:1.9550323486328125e-05
delete time:4.458427429199219e-05
delete time:1.5735626220703125e-05
delete time:3.719329833984375e-05
delete time:2.47955322265625e-05
delete time:0.00015354156494140625
delete time:1.8358230590820312e-05
delete time:2.47955322265625e-05
delete time:2.2649765014648438e-05
delete time:2.288818359375e-05
delete time:1.3828277587890625e-05
delete time:3.0517578125e-05
delete time:3.7670135498046875e-05
delete time:3.218650817871094e-05
delete time:2.5272369384765625e-05
delete time:1.6450881958007812e-05
delete time:1.9073486328125e-05
delete time:2.09808349609375e-05
delete time:1.7642974853515625e-05
delete time:1.8835067749023438e-05
delete time:1.2874603271484375e-05
delete time:5.0067901611328125e-05
delete time:3.0279159545898438e-05
delete time:1.7881393432617188e-05
delete time:2.86102294921875e-05
delete time:2.0265579223632812e-05
delete time:3.1948089599609375e-05
delete time:2.7894973754882812e-05
delete time:2.8848648071289062e-05
delete time:3.981590270996094e-05
delete time:2.5987625122070312e-05
delete time:1.9073486328125e-05
delete time:4.6253204345703125e-05
delete time:2.0265579223632812e-05
delete time:1.811981201171875e-05
delete time:2.4557113647460938e-05
delete time:4.5299530029296875e-05
delete time:2.09808349609375e-05
delete time:2.09808349609375e-05
delete time:1.7404556274414062e-05
delete time:3.7670135498046875e-05
delete time:2.4080276489257812e-05
delete time:4.5299530029296875e-05
delete time:1.4781951904296875e-05
delete time:2.4557113647460938e-05
delete time:4.0531158447265625e-05
delete time:4.124641418457031e-05
delete time:1.33514404296875e-05
delete time:2.5987625122070312e-05
delete time:2.5272369384765625e-05
delete time:2.1457672119140625e-05
delete time:1.9311904907226562e-05
delete time:1.621246337890625e-05
delete time:2.6464462280273438e-05
delete time:2.0265579223632812e-05
delete time:2.5272369384765625e-05
delete time:2.288818359375e-05
delete time:1.811981201171875e-05
delete time:2.384185791015625e-05
delete time:3.62396240234375e-05
delete time:4.124641418457031e-05
delete time:1.5497207641601562e-05
delete time:1.7642974853515625e-05
delete time:2.0503997802734375e-05
delete time:0.0019216537475585938
delete time:2.3126602172851562e-05
delete time:1.9311904907226562e-05
delete time:3.910064697265625e-05
delete time:3.0040740966796875e-05
delete time:3.600120544433594e-05
delete time:3.218650817871094e-05
delete time:1.52587890625e-05
delete time:2.1696090698242188e-05
delete time:1.7642974853515625e-05
delete time:4.57763671875e-05
delete time:1.6689300537109375e-05
delete time:3.337860107421875e-05
delete time:2.574920654296875e-05
delete time:2.193450927734375e-05
delete time:2.5033950805664062e-05
delete time:2.2411346435546875e-05
delete time:3.600120544433594e-05
delete time:3.0517578125e-05
delete time:1.6450881958007812e-05
delete time:1.33514404296875e-05
delete time:1.1205673217773438e-05
delete time:1.8835067749023438e-05
delete time:1.7642974853515625e-05
delete time:2.384185791015625e-05
delete time:1.621246337890625e-05
delete time:4.649162292480469e-05
delete time:1.5735626220703125e-05
delete time:3.3855438232421875e-05
delete time:2.2172927856445312e-05
delete time:1.4781951904296875e-05
delete time:1.8358230590820312e-05
delete time:2.3365020751953125e-05
delete time:2.6226043701171875e-05
delete time:2.8133392333984375e-05
delete time:3.2901763916015625e-05
delete time:2.5272369384765625e-05
delete time:1.2874603271484375e-05
delete time:1.6689300537109375e-05
delete time:4.601478576660156e-05
delete time:2.9325485229492188e-05
delete time:3.266334533691406e-05
delete time:1.7642974853515625e-05
delete time:2.0265579223632812e-05
delete time:1.9073486328125e-05
delete time:3.361701965332031e-05
delete time:2.384185791015625e-05
delete time:1.6450881958007812e-05
delete time:1.7642974853515625e-05
delete time:1.9788742065429688e-05
delete time:4.696846008300781e-05
delete time:2.3126602172851562e-05
delete time:1.430511474609375e-05
delete time:4.5299530029296875e-05
delete time:2.193450927734375e-05
delete time:2.1457672119140625e-05
delete time:1.33514404296875e-05
delete time:4.1961669921875e-05
delete time:3.409385681152344e-05
delete time:4.8160552978515625e-05
delete time:3.838539123535156e-05
delete time:2.86102294921875e-05
delete time:2.288818359375e-05
delete time:2.6226043701171875e-05
delete time:2.3365020751953125e-05
delete time:3.528594970703125e-05
delete time:2.1457672119140625e-05
delete time:2.4318695068359375e-05
delete time:2.1219253540039062e-05
delete time:3.0517578125e-05
delete time:2.1219253540039062e-05
delete time:1.8596649169921875e-05
delete time:2.0503997802734375e-05
delete time:1.52587890625e-05
delete time:1.811981201171875e-05
delete time:1.7404556274414062e-05
delete time:2.2649765014648438e-05
delete time:1.9311904907226562e-05
delete time:1.8596649169921875e-05
delete time:3.0994415283203125e-05
delete time:2.1219253540039062e-05
delete time:1.4066696166992188e-05
delete time:1.0967254638671875e-05
delete time:2.5033950805664062e-05
delete time:2.6702880859375e-05
delete time:2.2649765014648438e-05
delete time:2.6226043701171875e-05
delete time:3.910064697265625e-05
delete time:3.695487976074219e-05
delete time:1.7404556274414062e-05
delete time:3.9577484130859375e-05
delete time:2.288818359375e-05
delete time:1.239776611328125e-05
delete time:3.5762786865234375e-05
delete time:3.0517578125e-05
delete time:2.1219253540039062e-05
delete time:2.2172927856445312e-05
delete time:2.4557113647460938e-05
delete time:3.814697265625e-05
delete time:2.0265579223632812e-05
delete time:2.2411346435546875e-05
delete time:2.0265579223632812e-05
delete time:2.0742416381835938e-05
delete time:4.0531158447265625e-05
delete time:4.1961669921875e-05
delete time:1.9788742065429688e-05
delete time:1.9788742065429688e-05
delete time:2.1457672119140625e-05
delete time:1.7404556274414062e-05
delete time:2.7418136596679688e-05
delete time:4.38690185546875e-05
delete time:2.9802322387695312e-05
delete time:3.814697265625e-05
delete time:1.71661376953125e-05
delete time:2.2172927856445312e-05
delete time:2.4080276489257812e-05
delete time:1.7404556274414062e-05
delete time:1.3589859008789062e-05
delete time:0.00016021728515625
delete time:2.6941299438476562e-05
delete time:3.361701965332031e-05
delete time:3.170967102050781e-05
delete time:2.1457672119140625e-05
delete time:1.6450881958007812e-05
delete time:3.337860107421875e-05
delete time:1.9073486328125e-05
delete time:1.5735626220703125e-05
delete time:1.2159347534179688e-05
delete time:2.9802322387695312e-05
delete time:1.8358230590820312e-05
delete time:2.574920654296875e-05
delete time:1.8835067749023438e-05
delete time:1.1444091796875e-05
delete time:3.7670135498046875e-05
delete time:2.2172927856445312e-05
delete time:3.3855438232421875e-05
delete time:3.695487976074219e-05
delete time:4.220008850097656e-05
delete time:1.811981201171875e-05
delete time:2.47955322265625e-05
delete time:3.9577484130859375e-05
delete time:4.029273986816406e-05
delete time:2.5272369384765625e-05
delete time:3.910064697265625e-05
delete time:1.7881393432617188e-05
delete time:2.3603439331054688e-05
delete time:1.811981201171875e-05
delete time:3.9577484130859375e-05
delete time:3.123283386230469e-05
delete time:2.193450927734375e-05
delete time:2.7418136596679688e-05
delete time:2.2411346435546875e-05
delete time:1.4066696166992188e-05
delete time:2.2649765014648438e-05
delete time:1.8835067749023438e-05
delete time:2.3365020751953125e-05
delete time:2.3365020751953125e-05
delete time:2.0742416381835938e-05
delete time:2.4318695068359375e-05
delete time:3.528594970703125e-05
delete time:2.5033950805664062e-05
delete time:1.430511474609375e-05
delete time:4.7206878662109375e-05
delete time:3.838539123535156e-05
delete time:4.4345855712890625e-05
delete time:2.193450927734375e-05
delete time:3.0517578125e-05
delete time:2.2172927856445312e-05
delete time:4.2438507080078125e-05
delete time:4.5299530029296875e-05
delete time:1.9550323486328125e-05
delete time:1.2636184692382812e-05
delete time:2.2411346435546875e-05
delete time:2.288818359375e-05
delete time:4.172325134277344e-05
delete time:2.4557113647460938e-05
delete time:2.574920654296875e-05
delete time:4.76837158203125e-05
delete time:2.5033950805664062e-05
delete time:3.504753112792969e-05
delete time:1.9311904907226562e-05
delete time:1.4781951904296875e-05
delete time:1.6927719116210938e-05
delete time:1.8835067749023438e-05
delete time:2.1457672119140625e-05
delete time:1.5497207641601562e-05
delete time:2.1696090698242188e-05
delete time:2.5033950805664062e-05
delete time:2.4318695068359375e-05
delete time:1.7642974853515625e-05
delete time:1.71661376953125e-05
delete time:2.6702880859375e-05
delete time:2.1219253540039062e-05
delete time:4.601478576660156e-05
delete time:3.0040740966796875e-05
delete time:2.574920654296875e-05
delete time:3.933906555175781e-05
delete time:2.6702880859375e-05
delete time:2.6464462280273438e-05
delete time:2.6702880859375e-05
delete time:2.3365020751953125e-05
delete time:2.193450927734375e-05
delete time:4.2438507080078125e-05
delete time:3.695487976074219e-05
delete time:2.47955322265625e-05
delete time:5.030632019042969e-05
delete time:4.9114227294921875e-05
delete time:1.430511474609375e-05
delete time:1.9073486328125e-05
delete time:1.6689300537109375e-05
delete time:1.6689300537109375e-05
delete time:2.6464462280273438e-05
delete time:2.3603439331054688e-05
delete time:3.933906555175781e-05
delete time:1.7404556274414062e-05
delete time:1.52587890625e-05
delete time:5.507469177246094e-05
delete time:1.5974044799804688e-05
delete time:1.7881393432617188e-05
delete time:1.7404556274414062e-05
delete time:1.811981201171875e-05
delete time:6.961822509765625e-05
delete time:3.814697265625e-05
delete time:1.33514404296875e-05
delete time:2.3365020751953125e-05
delete time:1.8596649169921875e-05
delete time:1.811981201171875e-05
delete time:1.6689300537109375e-05
delete time:2.0503997802734375e-05
delete time:3.123283386230469e-05
delete time:4.506111145019531e-05
delete time:1.4781951904296875e-05
delete time:3.218650817871094e-05
delete time:1.9550323486328125e-05
delete time:2.6464462280273438e-05
delete time:3.1948089599609375e-05
delete time:2.4557113647460938e-05
delete time:4.410743713378906e-05
delete time:1.7642974853515625e-05
delete time:3.8623809814453125e-05
delete time:1.9788742065429688e-05
delete time:1.5497207641601562e-05
delete time:1.5735626220703125e-05
delete time:1.6450881958007812e-05
delete time:2.5033950805664062e-05
delete time:5.4836273193359375e-05
delete time:1.9073486328125e-05
delete time:2.47955322265625e-05
delete time:3.123283386230469e-05
delete time:2.002716064453125e-05
delete time:2.574920654296875e-05
delete time:1.430511474609375e-05
delete time:1.52587890625e-05
delete time:2.002716064453125e-05
delete time:2.09808349609375e-05
delete time:2.09808349609375e-05
delete time:2.6464462280273438e-05
delete time:2.384185791015625e-05
delete time:3.719329833984375e-05
delete time:1.5020370483398438e-05
delete time:3.0040740966796875e-05
delete time:2.4080276489257812e-05
delete time:3.719329833984375e-05
delete time:1.71661376953125e-05
delete time:1.811981201171875e-05
delete time:1.9550323486328125e-05
delete time:1.8596649169921875e-05
delete time:2.1457672119140625e-05
delete time:3.4332275390625e-05
delete time:2.1696090698242188e-05
delete time:1.9788742065429688e-05
delete time:2.1696090698242188e-05
delete time:1.9073486328125e-05
delete time:2.4318695068359375e-05
delete time:1.9073486328125e-05
delete time:1.8358230590820312e-05
delete time:1.6689300537109375e-05
delete time:2.3126602172851562e-05
delete time:1.9311904907226562e-05
delete time:4.38690185546875e-05
delete time:1.8596649169921875e-05
delete time:2.574920654296875e-05
delete time:5.245208740234375e-05
delete time:4.00543212890625e-05
delete time:1.8596649169921875e-05
delete time:1.6927719116210938e-05
delete time:2.6702880859375e-05
delete time:3.8623809814453125e-05
delete time:2.1457672119140625e-05
delete time:2.5987625122070312e-05
delete time:4.935264587402344e-05
delete time:3.933906555175781e-05
delete time:3.314018249511719e-05
delete time:2.0742416381835938e-05
delete time:1.5020370483398438e-05
delete time:2.4557113647460938e-05
delete time:2.0265579223632812e-05
delete time:2.1219253540039062e-05
delete time:1.5497207641601562e-05
delete time:1.7881393432617188e-05
delete time:2.1457672119140625e-05
delete time:4.1961669921875e-05
delete time:4.410743713378906e-05
delete time:2.2172927856445312e-05
delete time:1.5020370483398438e-05
delete time:1.7404556274414062e-05
delete time:2.574920654296875e-05
delete time:4.506111145019531e-05
delete time:2.3365020751953125e-05
delete time:4.506111145019531e-05
delete time:3.695487976074219e-05
delete time:1.4066696166992188e-05
delete time:2.1219253540039062e-05
delete time:2.3126602172851562e-05
delete time:1.9788742065429688e-05
delete time:1.9073486328125e-05
delete time:1.621246337890625e-05
delete time:2.1219253540039062e-05
delete time:2.2649765014648438e-05
delete time:3.0040740966796875e-05
delete time:2.288818359375e-05
delete time:3.123283386230469e-05
delete time:1.6927719116210938e-05
delete time:3.600120544433594e-05
delete time:1.9073486328125e-05
delete time:2.002716064453125e-05
delete time:3.8623809814453125e-05
delete time:1.811981201171875e-05
delete time:1.7642974853515625e-05
delete time:1.9550323486328125e-05
delete time:2.7894973754882812e-05
delete time:1.3828277587890625e-05
delete time:3.933906555175781e-05
delete time:3.337860107421875e-05
delete time:2.5033950805664062e-05
delete time:3.504753112792969e-05
delete time:3.337860107421875e-05
delete time:2.86102294921875e-05
delete time:2.1457672119140625e-05
delete time:5.054473876953125e-05
delete time:1.5735626220703125e-05
delete time:1.9550323486328125e-05
delete time:2.0503997802734375e-05
delete time:4.363059997558594e-05
delete time:1.7881393432617188e-05
delete time:3.7670135498046875e-05
delete time:4.792213439941406e-05
delete time:2.5272369384765625e-05
delete time:1.430511474609375e-05
delete time:1.8835067749023438e-05
delete time:4.029273986816406e-05
delete time:1.7404556274414062e-05
delete time:3.504753112792969e-05
delete time:3.3855438232421875e-05
delete time:1.52587890625e-05
delete time:2.1696090698242188e-05
delete time:4.458427429199219e-05
delete time:1.2636184692382812e-05
delete time:3.600120544433594e-05
delete time:1.9311904907226562e-05
delete time:4.410743713378906e-05
delete time:1.7404556274414062e-05
delete time:1.71661376953125e-05
delete time:3.838539123535156e-05
delete time:3.6716461181640625e-05
delete time:2.384185791015625e-05
delete time:2.2411346435546875e-05
delete time:1.7642974853515625e-05
delete time:1.6450881958007812e-05
delete time:2.47955322265625e-05
delete time:4.076957702636719e-05
delete time:2.09808349609375e-05
delete time:2.2172927856445312e-05
delete time:3.838539123535156e-05
delete time:2.1696090698242188e-05
delete time:2.47955322265625e-05
delete time:4.982948303222656e-05
delete time:2.2649765014648438e-05
delete time:1.9311904907226562e-05
delete time:2.5033950805664062e-05
delete time:2.4080276489257812e-05
delete time:1.7881393432617188e-05
delete time:2.2172927856445312e-05
delete time:2.9802322387695312e-05
delete time:2.0503997802734375e-05
delete time:2.765655517578125e-05
delete time:1.5020370483398438e-05
delete time:4.2438507080078125e-05
delete time:4.935264587402344e-05
delete time:3.5762786865234375e-05
delete time:1.5735626220703125e-05
delete time:1.71661376953125e-05
delete time:4.267692565917969e-05
delete time:4.673004150390625e-05
delete time:1.5020370483398438e-05
delete time:1.5497207641601562e-05
delete time:2.0742416381835938e-05
delete time:2.8371810913085938e-05
delete time:1.9311904907226562e-05
delete time:1.6450881958007812e-05
delete time:3.552436828613281e-05
delete time:4.57763671875e-05
delete time:4.887580871582031e-05
delete time:2.1457672119140625e-05
delete time:1.811981201171875e-05
delete time:2.8133392333984375e-05
delete time:2.1696090698242188e-05
delete time:3.647804260253906e-05
delete time:2.193450927734375e-05
delete time:1.7642974853515625e-05
delete time:3.4809112548828125e-05
delete time:1.621246337890625e-05
delete time:4.291534423828125e-05
delete time:4.506111145019531e-05
delete time:1.3828277587890625e-05
delete time:1.2874603271484375e-05
delete time:3.7670135498046875e-05
delete time:2.2649765014648438e-05
delete time:2.384185791015625e-05
delete time:1.621246337890625e-05
delete time:4.696846008300781e-05
delete time:1.6927719116210938e-05
delete time:1.8835067749023438e-05
delete time:2.0742416381835938e-05
delete time:3.075599670410156e-05
delete time:1.9550323486328125e-05
delete time:1.9073486328125e-05
delete time:6.079673767089844e-05
delete time:2.86102294921875e-05
delete time:3.7670135498046875e-05
delete time:5.0067901611328125e-05
delete time:2.8848648071289062e-05
delete time:2.4080276489257812e-05
delete time:2.288818359375e-05
delete time:5.269050598144531e-05
delete time:3.0994415283203125e-05
delete time:4.839897155761719e-05
delete time:1.430511474609375e-05
delete time:5.2928924560546875e-05
delete time:2.3603439331054688e-05
delete time:2.574920654296875e-05
delete time:1.7404556274414062e-05
delete time:1.9073486328125e-05
delete time:2.5272369384765625e-05
delete time:1.8358230590820312e-05
delete time:2.09808349609375e-05
delete time:2.6464462280273438e-05
delete time:1.7881393432617188e-05
delete time:2.7179718017578125e-05
delete time:2.5510787963867188e-05
delete time:1.5735626220703125e-05
delete time:1.8358230590820312e-05
delete time:2.7894973754882812e-05
delete time:1.7404556274414062e-05
delete time:1.6689300537109375e-05
delete time:4.363059997558594e-05
delete time:3.361701965332031e-05
delete time:2.3603439331054688e-05
delete time:1.9311904907226562e-05
delete time:2.4080276489257812e-05
delete time:1.430511474609375e-05
delete time:1.5735626220703125e-05
delete time:2.2172927856445312e-05
delete time:2.1457672119140625e-05
delete time:2.5510787963867188e-05
delete time:1.811981201171875e-05
delete time:2.6226043701171875e-05
delete time:4.839897155761719e-05
delete time:1.5735626220703125e-05
delete time:5.8650970458984375e-05
delete time:2.765655517578125e-05
delete time:1.5735626220703125e-05
delete time:2.8848648071289062e-05
delete time:3.719329833984375e-05
delete time:2.7418136596679688e-05
delete time:4.482269287109375e-05
delete time:1.9788742065429688e-05
delete time:2.5272369384765625e-05
delete time:1.621246337890625e-05
delete time:1.9073486328125e-05
delete time:1.5020370483398438e-05
delete time:2.2649765014648438e-05
delete time:4.220008850097656e-05
delete time:1.9788742065429688e-05
delete time:2.3603439331054688e-05
delete time:4.410743713378906e-05
delete time:4.100799560546875e-05
delete time:2.5272369384765625e-05
delete time:4.220008850097656e-05
delete time:2.384185791015625e-05
delete time:5.364418029785156e-05
delete time:4.363059997558594e-05
delete time:2.86102294921875e-05
delete time:5.3882598876953125e-05
delete time:4.696846008300781e-05
delete time:2.956390380859375e-05
delete time:5.5789947509765625e-05
delete time:2.3603439331054688e-05
delete time:4.696846008300781e-05
delete time:2.956390380859375e-05
delete time:3.0994415283203125e-05
delete time:3.2901763916015625e-05
delete time:2.2649765014648438e-05
delete time:3.457069396972656e-05
delete time:2.7179718017578125e-05
delete time:2.47955322265625e-05
delete time:4.220008850097656e-05
delete time:5.6743621826171875e-05
delete time:2.8133392333984375e-05
delete time:2.765655517578125e-05
delete time:1.7881393432617188e-05
delete time:1.9550323486328125e-05
delete time:7.295608520507812e-05
delete time:3.600120544433594e-05
delete time:5.245208740234375e-05
delete time:2.5272369384765625e-05
delete time:2.8133392333984375e-05
delete time:5.078315734863281e-05
delete time:3.528594970703125e-05
delete time:3.170967102050781e-05
delete time:2.9325485229492188e-05
delete time:2.6702880859375e-05
delete time:1.9788742065429688e-05
delete time:1.8358230590820312e-05
delete time:2.3603439331054688e-05
delete time:5.555152893066406e-05
delete time:2.2649765014648438e-05
delete time:2.4557113647460938e-05
delete time:2.288818359375e-05
delete time:4.696846008300781e-05
delete time:2.574920654296875e-05
delete time:5.1975250244140625e-05
delete time:2.5510787963867188e-05
delete time:2.7894973754882812e-05
delete time:2.5033950805664062e-05
delete time:2.3365020751953125e-05
delete time:1.7642974853515625e-05
delete time:5.1021575927734375e-05
delete time:2.193450927734375e-05
delete time:5.245208740234375e-05
delete time:2.6941299438476562e-05
delete time:3.1948089599609375e-05
delete time:5.221366882324219e-05
delete time:2.0265579223632812e-05
delete time:4.124641418457031e-05
delete time:1.5497207641601562e-05
delete time:2.1219253540039062e-05
delete time:3.8623809814453125e-05
delete time:5.0067901611328125e-05
delete time:2.8848648071289062e-05
delete time:3.886222839355469e-05
delete time:3.3855438232421875e-05
delete time:5.078315734863281e-05
delete time:4.363059997558594e-05
delete time:1.4781951904296875e-05
delete time:4.315376281738281e-05
delete time:3.647804260253906e-05
delete time:2.5987625122070312e-05
delete time:3.147125244140625e-05
delete time:2.0503997802734375e-05
delete time:5.1021575927734375e-05
delete time:2.47955322265625e-05
delete time:4.363059997558594e-05
delete time:3.1948089599609375e-05
delete time:5.364418029785156e-05
delete time:5.0067901611328125e-05
delete time:2.5510787963867188e-05
delete time:4.935264587402344e-05
delete time:2.2411346435546875e-05
delete time:4.982948303222656e-05
delete time:4.982948303222656e-05
delete time:4.1484832763671875e-05
delete time:2.3126602172851562e-05
delete time:2.574920654296875e-05
delete time:3.337860107421875e-05
delete time:1.3828277587890625e-05
delete time:2.0265579223632812e-05
delete time:1.430511474609375e-05
delete time:4.601478576660156e-05
delete time:4.887580871582031e-05
delete time:4.696846008300781e-05
delete time:2.4557113647460938e-05
delete time:5.435943603515625e-05
delete time:3.0517578125e-05
delete time:3.838539123535156e-05
delete time:5.125999450683594e-05
delete time:3.910064697265625e-05
delete time:3.6716461181640625e-05
delete time:2.09808349609375e-05
delete time:3.0517578125e-05
delete time:2.6702880859375e-05
delete time:2.6464462280273438e-05
delete time:2.47955322265625e-05
delete time:2.0503997802734375e-05
delete time:5.316734313964844e-05
delete time:4.553794860839844e-05
delete time:2.4557113647460938e-05
delete time:2.0265579223632812e-05
delete time:4.4345855712890625e-05
delete time:2.765655517578125e-05
delete time:2.765655517578125e-05
delete time:3.2901763916015625e-05
delete time:2.47955322265625e-05
delete time:2.2172927856445312e-05
delete time:2.7179718017578125e-05
delete time:3.147125244140625e-05
delete time:2.956390380859375e-05
delete time:2.6464462280273438e-05
delete time:1.4543533325195312e-05
delete time:3.170967102050781e-05
delete time:4.792213439941406e-05
delete time:2.5510787963867188e-05
delete time:2.0265579223632812e-05
delete time:3.886222839355469e-05
delete time:2.6226043701171875e-05
delete time:5.030632019042969e-05
delete time:2.2411346435546875e-05
delete time:3.695487976074219e-05
delete time:1.7404556274414062e-05
delete time:1.9788742065429688e-05
delete time:2.5272369384765625e-05
delete time:4.220008850097656e-05
delete time:2.5033950805664062e-05
delete time:1.3589859008789062e-05
delete time:3.910064697265625e-05
delete time:1.7642974853515625e-05
delete time:2.1457672119140625e-05
delete time:2.9087066650390625e-05
delete time:2.09808349609375e-05
delete time:2.1457672119140625e-05
delete time:3.886222839355469e-05
delete time:2.4557113647460938e-05
delete time:2.3126602172851562e-05
delete time:2.5987625122070312e-05
delete time:2.9802322387695312e-05
delete time:5.173683166503906e-05
delete time:2.3365020751953125e-05
delete time:1.811981201171875e-05
delete time:4.57763671875e-05
delete time:1.5974044799804688e-05
delete time:1.7404556274414062e-05
delete time:4.935264587402344e-05
delete time:3.719329833984375e-05
delete time:1.6689300537109375e-05
delete time:2.288818359375e-05
delete time:2.002716064453125e-05
delete time:2.6464462280273438e-05
delete time:2.1696090698242188e-05
delete time:2.1457672119140625e-05
delete time:4.601478576660156e-05
delete time:2.1457672119140625e-05
delete time:2.765655517578125e-05
delete time:1.71661376953125e-05
delete time:4.9591064453125e-05
delete time:2.002716064453125e-05
delete time:4.8160552978515625e-05
delete time:1.71661376953125e-05
delete time:1.7881393432617188e-05
delete time:2.002716064453125e-05
delete time:1.7642974853515625e-05
delete time:4.649162292480469e-05
delete time:1.9550323486328125e-05
delete time:2.0503997802734375e-05
delete time:5.054473876953125e-05
delete time:3.981590270996094e-05
delete time:5.650520324707031e-05
delete time:1.6450881958007812e-05
delete time:4.863739013671875e-05
delete time:2.6941299438476562e-05
delete time:3.266334533691406e-05
delete time:2.3365020751953125e-05
delete time:1.8596649169921875e-05
delete time:2.002716064453125e-05
delete time:1.7642974853515625e-05
delete time:2.0742416381835938e-05
delete time:1.7642974853515625e-05
delete time:6.127357482910156e-05
delete time:4.6253204345703125e-05
delete time:4.076957702636719e-05
delete time:3.0517578125e-05
delete time:1.9788742065429688e-05
delete time:4.315376281738281e-05
delete time:2.5987625122070312e-05
delete time:5.173683166503906e-05
delete time:1.7881393432617188e-05
delete time:3.24249267578125e-05
delete time:2.9087066650390625e-05
delete time:1.7642974853515625e-05
delete time:5.364418029785156e-05
delete time:2.5033950805664062e-05
delete time:4.57763671875e-05
delete time:2.193450927734375e-05
delete time:4.76837158203125e-05
delete time:2.1696090698242188e-05
delete time:2.5033950805664062e-05
delete time:3.933906555175781e-05
delete time:3.814697265625e-05
delete time:4.220008850097656e-05
delete time:1.7404556274414062e-05
delete time:2.5987625122070312e-05
delete time:2.288818359375e-05
delete time:2.2411346435546875e-05
delete time:2.1219253540039062e-05
delete time:2.2411346435546875e-05
delete time:4.7206878662109375e-05
delete time:2.1696090698242188e-05
delete time:3.886222839355469e-05
delete time:2.7179718017578125e-05
delete time:2.574920654296875e-05
delete time:2.765655517578125e-05
delete time:5.507469177246094e-05
delete time:3.7670135498046875e-05
delete time:1.9311904907226562e-05
delete time:2.2649765014648438e-05
delete time:1.7404556274414062e-05
delete time:2.5272369384765625e-05
delete time:2.0742416381835938e-05
delete time:5.53131103515625e-05
delete time:4.076957702636719e-05
delete time:2.5510787963867188e-05
delete time:2.09808349609375e-05
delete time:2.47955322265625e-05
delete time:3.695487976074219e-05
delete time:3.4332275390625e-05
delete time:2.4318695068359375e-05
delete time:3.0994415283203125e-05
delete time:2.1219253540039062e-05
delete time:5.1021575927734375e-05
delete time:1.7881393432617188e-05
delete time:2.1219253540039062e-05
delete time:2.0503997802734375e-05
delete time:1.7881393432617188e-05
delete time:2.574920654296875e-05
delete time:3.528594970703125e-05
delete time:2.1696090698242188e-05
delete time:1.6689300537109375e-05
delete time:5.5789947509765625e-05
delete time:2.0742416381835938e-05
delete time:4.649162292480469e-05
delete time:4.696846008300781e-05
delete time:2.4557113647460938e-05
delete time:3.838539123535156e-05
delete time:2.384185791015625e-05
delete time:2.0742416381835938e-05
delete time:5.340576171875e-05
delete time:2.6464462280273438e-05
delete time:3.1948089599609375e-05
delete time:1.9311904907226562e-05
delete time:1.8596649169921875e-05
delete time:2.2411346435546875e-05
delete time:1.71661376953125e-05
delete time:2.2172927856445312e-05
delete time:3.695487976074219e-05
delete time:2.8133392333984375e-05
delete time:4.9591064453125e-05
delete time:4.124641418457031e-05
delete time:4.458427429199219e-05
delete time:1.7404556274414062e-05
delete time:1.71661376953125e-05
delete time:3.743171691894531e-05
delete time:3.314018249511719e-05
delete time:2.288818359375e-05
delete time:3.814697265625e-05
delete time:1.71661376953125e-05
delete time:4.267692565917969e-05
delete time:1.4066696166992188e-05
delete time:2.5510787963867188e-05
delete time:4.458427429199219e-05
delete time:2.0265579223632812e-05
delete time:2.2411346435546875e-05
delete time:5.602836608886719e-05
delete time:2.9802322387695312e-05
delete time:1.9550323486328125e-05
delete time:2.3126602172851562e-05
delete time:1.9073486328125e-05
delete time:2.9087066650390625e-05
delete time:1.8358230590820312e-05
delete time:2.47955322265625e-05
delete time:3.457069396972656e-05
delete time:4.410743713378906e-05
delete time:1.9550323486328125e-05
delete time:2.4080276489257812e-05
delete time:4.57763671875e-05
delete time:4.363059997558594e-05
delete time:3.218650817871094e-05
delete time:2.2649765014648438e-05
delete time:2.3365020751953125e-05
delete time:1.4066696166992188e-05
delete time:2.956390380859375e-05
delete time:4.38690185546875e-05
delete time:3.24249267578125e-05
delete time:2.3365020751953125e-05
delete time:5.555152893066406e-05
delete time:4.8160552978515625e-05
delete time:1.8358230590820312e-05
delete time:2.3603439331054688e-05
delete time:2.6226043701171875e-05
delete time:3.504753112792969e-05
delete time:4.696846008300781e-05
delete time:1.9311904907226562e-05
delete time:4.4345855712890625e-05
delete time:1.5735626220703125e-05
delete time:3.528594970703125e-05
delete time:2.47955322265625e-05
delete time:3.361701965332031e-05
delete time:1.9311904907226562e-05
delete time:5.14984130859375e-05
delete time:2.0742416381835938e-05
delete time:1.8596649169921875e-05
delete time:1.6689300537109375e-05
delete time:2.2172927856445312e-05
delete time:3.0279159545898438e-05
delete time:2.002716064453125e-05
delete time:3.8623809814453125e-05
delete time:4.792213439941406e-05
delete time:4.076957702636719e-05
delete time:2.765655517578125e-05
delete time:2.4318695068359375e-05
delete time:3.838539123535156e-05
delete time:3.0994415283203125e-05
delete time:4.291534423828125e-05
delete time:2.1696090698242188e-05
delete time:1.5974044799804688e-05
delete time:1.9073486328125e-05
delete time:2.384185791015625e-05
delete time:2.0742416381835938e-05
delete time:1.8835067749023438e-05
delete time:4.57763671875e-05
delete time:2.193450927734375e-05
delete time:4.100799560546875e-05
delete time:4.4345855712890625e-05
delete time:2.5272369384765625e-05
delete time:3.600120544433594e-05
delete time:5.316734313964844e-05
delete time:1.7642974853515625e-05
delete time:1.9073486328125e-05
delete time:2.6226043701171875e-05
delete time:4.935264587402344e-05
delete time:2.574920654296875e-05
delete time:4.38690185546875e-05
delete time:3.075599670410156e-05
delete time:2.5272369384765625e-05
delete time:2.6941299438476562e-05
delete time:3.719329833984375e-05
delete time:2.002716064453125e-05
delete time:2.0265579223632812e-05
delete time:2.9802322387695312e-05
delete time:1.811981201171875e-05
delete time:3.719329833984375e-05
delete time:3.6716461181640625e-05
delete time:4.553794860839844e-05
delete time:3.3855438232421875e-05
delete time:2.3365020751953125e-05
delete time:2.5033950805664062e-05
delete time:3.600120544433594e-05
delete time:1.9550323486328125e-05
delete time:3.409385681152344e-05
delete time:3.2901763916015625e-05
delete time:2.574920654296875e-05
delete time:2.2411346435546875e-05
delete time:1.8835067749023438e-05
delete time:3.0279159545898438e-05
delete time:2.1457672119140625e-05
delete time:2.1696090698242188e-05
delete time:2.09808349609375e-05
delete time:1.9073486328125e-05
delete time:4.696846008300781e-05
delete time:4.315376281738281e-05
delete time:2.1696090698242188e-05
delete time:2.4318695068359375e-05
delete time:1.7881393432617188e-05
delete time:4.696846008300781e-05
delete time:2.2649765014648438e-05
delete time:1.5020370483398438e-05
delete time:5.2928924560546875e-05
delete time:3.719329833984375e-05
delete time:2.765655517578125e-05
delete time:3.170967102050781e-05
delete time:4.76837158203125e-05
delete time:2.2411346435546875e-05
delete time:4.00543212890625e-05
delete time:2.0503997802734375e-05
delete time:1.7642974853515625e-05
delete time:1.9550323486328125e-05
delete time:1.6689300537109375e-05
delete time:2.4080276489257812e-05
delete time:1.4543533325195312e-05
delete time:3.457069396972656e-05
delete time:2.2649765014648438e-05
delete time:1.8596649169921875e-05
delete time:2.4080276489257812e-05
delete time:2.7179718017578125e-05
delete time:5.507469177246094e-05
delete time:1.9550323486328125e-05
delete time:4.4345855712890625e-05
delete time:4.8160552978515625e-05
delete time:1.6450881958007812e-05
delete time:3.552436828613281e-05
delete time:2.3603439331054688e-05
delete time:1.7404556274414062e-05
delete time:2.8371810913085938e-05
delete time:4.506111145019531e-05
delete time:4.673004150390625e-05
delete time:2.6702880859375e-05
delete time:0.00013780593872070312
delete time:1.8835067749023438e-05
delete time:1.8596649169921875e-05
delete time:3.218650817871094e-05
delete time:1.6927719116210938e-05
delete time:2.8371810913085938e-05
delete time:4.3392181396484375e-05
delete time:1.9311904907226562e-05
delete time:3.9577484130859375e-05
delete time:4.3392181396484375e-05
delete time:1.7642974853515625e-05
delete time:3.409385681152344e-05
delete time:2.4318695068359375e-05
delete time:2.0742416381835938e-05
delete time:4.673004150390625e-05
delete time:2.2172927856445312e-05
delete time:3.5762786865234375e-05
delete time:1.5497207641601562e-05
delete time:2.47955322265625e-05
delete time:4.673004150390625e-05
delete time:3.8623809814453125e-05
delete time:2.3603439331054688e-05
delete time:3.4809112548828125e-05
delete time:1.7404556274414062e-05
delete time:2.1219253540039062e-05
delete time:4.9114227294921875e-05
delete time:1.811981201171875e-05
delete time:3.409385681152344e-05
delete time:2.09808349609375e-05
delete time:1.5974044799804688e-05
delete time:5.221366882324219e-05
delete time:2.384185791015625e-05
delete time:4.220008850097656e-05
delete time:5.1021575927734375e-05
delete time:2.193450927734375e-05
delete time:2.47955322265625e-05
delete time:5.030632019042969e-05
delete time:4.267692565917969e-05
delete time:3.695487976074219e-05
delete time:3.5762786865234375e-05
delete time:1.9073486328125e-05
delete time:4.124641418457031e-05
delete time:1.7404556274414062e-05
delete time:1.4781951904296875e-05
delete time:2.2172927856445312e-05
delete time:2.1696090698242188e-05
delete time:1.8358230590820312e-05
delete time:2.1457672119140625e-05
delete time:2.2172927856445312e-05
delete time:4.4345855712890625e-05
delete time:3.743171691894531e-05
delete time:5.2928924560546875e-05
delete time:3.647804260253906e-05
delete time:3.266334533691406e-05
delete time:2.09808349609375e-05
delete time:4.601478576660156e-05
delete time:2.3126602172851562e-05
delete time:4.863739013671875e-05
delete time:2.002716064453125e-05
delete time:2.2411346435546875e-05
delete time:1.9311904907226562e-05
delete time:4.601478576660156e-05
delete time:2.2649765014648438e-05
delete time:2.002716064453125e-05
delete time:2.1219253540039062e-05
delete time:1.8358230590820312e-05
delete time:1.7881393432617188e-05
delete time:4.792213439941406e-05
delete time:4.839897155761719e-05
delete time:1.33514404296875e-05
delete time:1.7404556274414062e-05
delete time:2.0265579223632812e-05
delete time:2.4318695068359375e-05
delete time:1.4781951904296875e-05
delete time:1.9311904907226562e-05
delete time:1.6927719116210938e-05
delete time:2.2172927856445312e-05
delete time:1.1444091796875e-05
delete time:4.38690185546875e-05
delete time:2.288818359375e-05
delete time:2.6702880859375e-05
delete time:1.5735626220703125e-05
delete time:2.3126602172851562e-05
delete time:2.5987625122070312e-05
delete time:4.863739013671875e-05
delete time:2.288818359375e-05
delete time:1.4543533325195312e-05
delete time:2.1457672119140625e-05
delete time:3.457069396972656e-05
delete time:3.719329833984375e-05
delete time:4.9114227294921875e-05
delete time:2.4318695068359375e-05
delete time:4.935264587402344e-05
delete time:2.8133392333984375e-05
delete time:1.4781951904296875e-05
delete time:3.743171691894531e-05
delete time:2.1219253540039062e-05
delete time:2.8848648071289062e-05
delete time:5.1975250244140625e-05
delete time:2.3603439331054688e-05
delete time:5.125999450683594e-05
delete time:5.1975250244140625e-05
delete time:1.4781951904296875e-05
delete time:3.8623809814453125e-05
delete time:4.124641418457031e-05
delete time:2.193450927734375e-05
delete time:2.1219253540039062e-05
delete time:4.649162292480469e-05
delete time:5.793571472167969e-05
delete time:2.6464462280273438e-05
delete time:2.3365020751953125e-05
delete time:4.935264587402344e-05
delete time:1.5974044799804688e-05
delete time:1.430511474609375e-05
delete time:1.5974044799804688e-05
delete time:3.337860107421875e-05
delete time:3.0517578125e-05
delete time:2.2649765014648438e-05
delete time:1.6927719116210938e-05
delete time:2.288818359375e-05
delete time:3.7670135498046875e-05
delete time:3.4332275390625e-05
delete time:1.6927719116210938e-05
delete time:2.6226043701171875e-05
delete time:2.193450927734375e-05
delete time:1.8835067749023438e-05
delete time:2.09808349609375e-05
delete time:4.792213439941406e-05
delete time:2.09808349609375e-05
delete time:4.506111145019531e-05
delete time:2.002716064453125e-05
delete time:1.4781951904296875e-05
delete time:2.0265579223632812e-05
delete time:1.8835067749023438e-05
delete time:3.266334533691406e-05
delete time:5.91278076171875e-05
delete time:4.363059997558594e-05
delete time:2.09808349609375e-05
delete time:2.193450927734375e-05
delete time:1.9073486328125e-05
delete time:1.7642974853515625e-05
delete time:3.6716461181640625e-05
delete time:3.170967102050781e-05
delete time:4.2438507080078125e-05
delete time:3.1948089599609375e-05
delete time:2.3365020751953125e-05
delete time:5.6743621826171875e-05
delete time:2.1457672119140625e-05
delete time:2.6464462280273438e-05
delete time:2.3365020751953125e-05
delete time:4.649162292480469e-05
delete time:2.4080276489257812e-05
delete time:2.1457672119140625e-05
delete time:5.030632019042969e-05
delete time:1.9550323486328125e-05
delete time:2.193450927734375e-05
delete time:2.0503997802734375e-05
delete time:3.981590270996094e-05
delete time:4.649162292480469e-05
delete time:2.7418136596679688e-05
delete time:4.887580871582031e-05
delete time:3.552436828613281e-05
delete time:1.6450881958007812e-05
delete time:1.9311904907226562e-05
delete time:5.340576171875e-05
delete time:3.266334533691406e-05
delete time:2.2649765014648438e-05
delete time:2.8371810913085938e-05
delete time:2.0265579223632812e-05
delete time:2.0742416381835938e-05
delete time:3.314018249511719e-05
delete time:2.4080276489257812e-05
delete time:2.09808349609375e-05
delete time:1.6689300537109375e-05
delete time:4.38690185546875e-05
delete time:2.3126602172851562e-05
delete time:4.363059997558594e-05
delete time:2.4318695068359375e-05
delete time:4.935264587402344e-05
delete time:1.3589859008789062e-05
delete time:2.2172927856445312e-05
delete time:3.266334533691406e-05
delete time:4.57763671875e-05
delete time:2.7179718017578125e-05
delete time:2.002716064453125e-05
delete time:1.5020370483398438e-05
delete time:1.9550323486328125e-05
delete time:3.3855438232421875e-05
delete time:2.47955322265625e-05
delete time:5.14984130859375e-05
delete time:4.5299530029296875e-05
delete time:5.14984130859375e-05
delete time:2.1219253540039062e-05
delete time:2.86102294921875e-05
delete time:2.47955322265625e-05
delete time:3.814697265625e-05
delete time:2.2411346435546875e-05
delete time:1.6927719116210938e-05
delete time:2.7418136596679688e-05
delete time:4.744529724121094e-05
delete time:3.7670135498046875e-05
delete time:2.1696090698242188e-05
delete time:1.3828277587890625e-05
delete time:2.288818359375e-05
delete time:4.5299530029296875e-05
delete time:2.7179718017578125e-05
delete time:1.9311904907226562e-05
delete time:2.47955322265625e-05
delete time:5.888938903808594e-05
delete time:5.030632019042969e-05
delete time:3.0279159545898438e-05
delete time:2.5510787963867188e-05
delete time:2.3365020751953125e-05
delete time:2.5987625122070312e-05
delete time:4.315376281738281e-05
delete time:3.0517578125e-05
delete time:1.7881393432617188e-05
delete time:1.6927719116210938e-05
delete time:2.4318695068359375e-05
delete time:4.76837158203125e-05
delete time:4.100799560546875e-05
delete time:2.6702880859375e-05
delete time:2.3365020751953125e-05
delete time:2.1219253540039062e-05
delete time:2.288818359375e-05
delete time:2.1219253540039062e-05
delete time:2.3365020751953125e-05
delete time:2.3603439331054688e-05
delete time:3.838539123535156e-05
delete time:2.9087066650390625e-05
delete time:3.62396240234375e-05
delete time:2.6226043701171875e-05
delete time:3.2901763916015625e-05
delete time:2.0742416381835938e-05
delete time:4.553794860839844e-05
delete time:4.482269287109375e-05
delete time:3.218650817871094e-05
delete time:2.2649765014648438e-05
delete time:4.9114227294921875e-05
delete time:5.173683166503906e-05
delete time:4.38690185546875e-05
delete time:2.5272369384765625e-05
delete time:2.6464462280273438e-05
delete time:2.384185791015625e-05
delete time:5.1021575927734375e-05
delete time:2.6941299438476562e-05
delete time:4.839897155761719e-05
delete time:2.6464462280273438e-05
delete time:4.863739013671875e-05
delete time:2.0265579223632812e-05
delete time:3.743171691894531e-05
delete time:2.765655517578125e-05
delete time:5.0067901611328125e-05
delete time:4.315376281738281e-05
delete time:1.9788742065429688e-05
delete time:1.9073486328125e-05
delete time:2.6226043701171875e-05
delete time:4.1484832763671875e-05
delete time:2.3603439331054688e-05
delete time:2.09808349609375e-05
delete time:4.792213439941406e-05
delete time:2.2172927856445312e-05
delete time:4.267692565917969e-05
delete time:2.9087066650390625e-05
delete time:2.1219253540039062e-05
delete time:2.384185791015625e-05
delete time:4.0531158447265625e-05
delete time:3.743171691894531e-05
delete time:3.7670135498046875e-05
delete time:1.430511474609375e-05
delete time:3.528594970703125e-05
delete time:3.218650817871094e-05
delete time:1.8596649169921875e-05
delete time:1.3113021850585938e-05
delete time:3.3855438232421875e-05
delete time:4.887580871582031e-05
delete time:1.9788742065429688e-05
delete time:4.673004150390625e-05
delete time:2.8848648071289062e-05
delete time:3.719329833984375e-05
delete time:3.0040740966796875e-05
delete time:2.1457672119140625e-05
delete time:2.7418136596679688e-05
delete time:5.14984130859375e-05
delete time:1.9788742065429688e-05
delete time:2.2649765014648438e-05
delete time:3.8623809814453125e-05
delete time:1.6927719116210938e-05
delete time:3.337860107421875e-05
delete time:2.5987625122070312e-05
delete time:1.4066696166992188e-05
delete time:1.6927719116210938e-05
delete time:2.3603439331054688e-05
delete time:5.125999450683594e-05
delete time:1.6450881958007812e-05
delete time:4.38690185546875e-05
delete time:6.127357482910156e-05
delete time:1.8358230590820312e-05
delete time:1.7881393432617188e-05
delete time:2.3126602172851562e-05
delete time:4.076957702636719e-05
delete time:2.47955322265625e-05
delete time:4.2438507080078125e-05
delete time:2.8848648071289062e-05
delete time:2.1696090698242188e-05
delete time:2.193450927734375e-05
delete time:4.553794860839844e-05
delete time:2.6226043701171875e-05
delete time:1.6927719116210938e-05
delete time:5.340576171875e-05
delete time:2.5510787963867188e-05
delete time:3.147125244140625e-05
delete time:2.2172927856445312e-05
delete time:2.1696090698242188e-05
delete time:2.8371810913085938e-05
delete time:3.6716461181640625e-05
delete time:4.3392181396484375e-05
delete time:4.0531158447265625e-05
delete time:2.2172927856445312e-05
delete time:4.696846008300781e-05
delete time:2.86102294921875e-05
delete time:2.765655517578125e-05
delete time:2.5272369384765625e-05
delete time:4.00543212890625e-05
delete time:4.482269287109375e-05
delete time:2.8848648071289062e-05
delete time:2.3365020751953125e-05
delete time:3.743171691894531e-05
delete time:2.3603439331054688e-05
delete time:4.887580871582031e-05
delete time:2.765655517578125e-05
delete time:2.1219253540039062e-05
delete time:2.5987625122070312e-05
delete time:2.002716064453125e-05
delete time:4.38690185546875e-05
delete time:1.8358230590820312e-05
delete time:1.9788742065429688e-05
delete time:2.5272369384765625e-05
delete time:3.5762786865234375e-05
delete time:4.291534423828125e-05
delete time:2.7894973754882812e-05
delete time:2.193450927734375e-05
delete time:2.2172927856445312e-05
delete time:2.4080276489257812e-05
delete time:2.3603439331054688e-05
delete time:2.5510787963867188e-05
delete time:4.57763671875e-05
delete time:2.288818359375e-05
delete time:2.288818359375e-05
delete time:2.5033950805664062e-05
delete time:4.649162292480469e-05
delete time:1.7404556274414062e-05
delete time:3.647804260253906e-05
delete time:3.4809112548828125e-05
delete time:2.6702880859375e-05
delete time:1.71661376953125e-05
delete time:1.4543533325195312e-05
delete time:3.0279159545898438e-05
delete time:1.3589859008789062e-05
delete time:5.245208740234375e-05
delete time:2.9802322387695312e-05
delete time:4.2438507080078125e-05
delete time:2.3365020751953125e-05
delete time:1.8596649169921875e-05
delete time:1.9550323486328125e-05
delete time:2.002716064453125e-05
delete time:4.482269287109375e-05
delete time:3.0279159545898438e-05
delete time:4.673004150390625e-05
delete time:2.4557113647460938e-05
delete time:2.3365020751953125e-05
delete time:1.8596649169921875e-05
delete time:2.2411346435546875e-05
delete time:2.09808349609375e-05
delete time:2.4080276489257812e-05
delete time:2.5033950805664062e-05
delete time:1.7881393432617188e-05
delete time:2.5272369384765625e-05
delete time:3.600120544433594e-05
delete time:1.4066696166992188e-05
delete time:2.9802322387695312e-05
delete time:1.4543533325195312e-05
delete time:2.193450927734375e-05
delete time:2.2172927856445312e-05
delete time:2.2172927856445312e-05
delete time:4.458427429199219e-05
delete time:4.482269287109375e-05
delete time:3.695487976074219e-05
delete time:3.647804260253906e-05
delete time:4.291534423828125e-05
delete time:1.9550323486328125e-05
delete time:1.9311904907226562e-05
delete time:2.5987625122070312e-05
delete time:2.1219253540039062e-05
delete time:4.0531158447265625e-05
delete time:1.4543533325195312e-05
delete time:4.7206878662109375e-05
delete time:2.8848648071289062e-05
delete time:2.5987625122070312e-05
delete time:2.3603439331054688e-05
delete time:1.4543533325195312e-05
delete time:2.765655517578125e-05
delete time:2.7418136596679688e-05
delete time:1.9788742065429688e-05
delete time:1.3828277587890625e-05
delete time:3.790855407714844e-05
delete time:4.76837158203125e-05
delete time:2.7894973754882812e-05
delete time:2.6226043701171875e-05
delete time:2.09808349609375e-05
delete time:3.814697265625e-05
delete time:3.0517578125e-05
delete time:4.363059997558594e-05
delete time:2.7179718017578125e-05
delete time:5.1975250244140625e-05
delete time:1.9550323486328125e-05
delete time:3.0994415283203125e-05
delete time:4.4345855712890625e-05
delete time:2.9087066650390625e-05
delete time:2.5033950805664062e-05
delete time:2.3365020751953125e-05
delete time:3.0279159545898438e-05
delete time:4.0531158447265625e-05
delete time:3.552436828613281e-05
delete time:2.288818359375e-05
delete time:1.7642974853515625e-05
delete time:1.33514404296875e-05
delete time:5.054473876953125e-05
delete time:1.239776611328125e-05
delete time:3.457069396972656e-05
delete time:2.574920654296875e-05
delete time:3.075599670410156e-05
delete time:3.0040740966796875e-05
delete time:3.2901763916015625e-05
delete time:1.5735626220703125e-05
delete time:4.57763671875e-05
delete time:3.814697265625e-05
delete time:4.7206878662109375e-05
delete time:1.049041748046875e-05
delete time:2.1696090698242188e-05
delete time:3.3855438232421875e-05
delete time:2.0742416381835938e-05
delete time:3.5762786865234375e-05
delete time:2.0265579223632812e-05
delete time:3.9577484130859375e-05
delete time:2.1219253540039062e-05
delete time:2.0265579223632812e-05
delete time:2.3126602172851562e-05
delete time:3.981590270996094e-05
delete time:2.0503997802734375e-05
delete time:2.3603439331054688e-05
delete time:5.125999450683594e-05
delete time:2.47955322265625e-05
delete time:2.3365020751953125e-05
delete time:3.0994415283203125e-05
delete time:2.3365020751953125e-05
delete time:3.314018249511719e-05
delete time:4.220008850097656e-05
delete time:4.029273986816406e-05
delete time:2.5033950805664062e-05
delete time:4.267692565917969e-05
delete time:3.6716461181640625e-05
delete time:3.0040740966796875e-05
delete time:2.0265579223632812e-05
delete time:2.3603439331054688e-05
delete time:2.2172927856445312e-05
delete time:2.7179718017578125e-05
delete time:2.7179718017578125e-05
delete time:1.1444091796875e-05
delete time:3.528594970703125e-05
delete time:1.5020370483398438e-05
delete time:4.172325134277344e-05
delete time:2.9087066650390625e-05
delete time:4.2438507080078125e-05
delete time:2.002716064453125e-05
delete time:2.1696090698242188e-05
delete time:4.315376281738281e-05
delete time:3.314018249511719e-05
delete time:3.5762786865234375e-05
delete time:3.886222839355469e-05
delete time:2.1457672119140625e-05
delete time:3.314018249511719e-05
delete time:1.9073486328125e-05
delete time:3.3855438232421875e-05
delete time:4.124641418457031e-05
delete time:4.553794860839844e-05
delete time:1.9311904907226562e-05
delete time:2.1696090698242188e-05
delete time:4.315376281738281e-05
delete time:3.695487976074219e-05
delete time:1.9788742065429688e-05
delete time:2.1696090698242188e-05
delete time:2.9802322387695312e-05
delete time:1.71661376953125e-05
delete time:2.1696090698242188e-05
delete time:1.2874603271484375e-05
delete time:3.838539123535156e-05
delete time:4.1484832763671875e-05
delete time:2.47955322265625e-05
delete time:1.9073486328125e-05
delete time:3.838539123535156e-05
delete time:2.0503997802734375e-05
delete time:4.363059997558594e-05
delete time:2.5987625122070312e-05
delete time:2.6464462280273438e-05
delete time:2.9325485229492188e-05
delete time:1.7642974853515625e-05
delete time:2.09808349609375e-05
delete time:2.8133392333984375e-05
delete time:1.9073486328125e-05
delete time:2.1696090698242188e-05
delete time:2.384185791015625e-05
delete time:2.6941299438476562e-05
delete time:2.002716064453125e-05
delete time:4.1961669921875e-05
delete time:1.9073486328125e-05
delete time:2.0503997802734375e-05
delete time:2.288818359375e-05
delete time:1.6689300537109375e-05
delete time:4.363059997558594e-05
delete time:1.7881393432617188e-05
delete time:5.14984130859375e-05
delete time:2.7418136596679688e-05
delete time:4.696846008300781e-05
delete time:2.47955322265625e-05
delete time:4.506111145019531e-05
delete time:2.7179718017578125e-05
delete time:1.71661376953125e-05
delete time:1.52587890625e-05
delete time:2.4080276489257812e-05
delete time:2.2411346435546875e-05
delete time:4.1484832763671875e-05
delete time:1.9311904907226562e-05
delete time:2.002716064453125e-05
delete time:6.008148193359375e-05
delete time:3.647804260253906e-05
delete time:2.002716064453125e-05
delete time:1.4543533325195312e-05
delete time:1.8835067749023438e-05
delete time:2.3365020751953125e-05
delete time:4.553794860839844e-05
delete time:1.9311904907226562e-05
delete time:2.0742416381835938e-05
delete time:1.6450881958007812e-05
delete time:2.3603439331054688e-05
delete time:3.0279159545898438e-05
delete time:1.5020370483398438e-05
delete time:1.7642974853515625e-05
delete time:2.2411346435546875e-05
delete time:2.5033950805664062e-05
delete time:4.38690185546875e-05
delete time:3.9577484130859375e-05
delete time:3.647804260253906e-05
delete time:1.7404556274414062e-05
delete time:3.910064697265625e-05
delete time:2.288818359375e-05
delete time:1.8835067749023438e-05
delete time:2.2411346435546875e-05
delete time:2.2172927856445312e-05
delete time:4.6253204345703125e-05
delete time:1.7642974853515625e-05
delete time:1.3113021850585938e-05
delete time:3.600120544433594e-05
delete time:1.6927719116210938e-05
delete time:4.38690185546875e-05
delete time:1.9311904907226562e-05
delete time:1.71661376953125e-05
delete time:2.5033950805664062e-05
delete time:4.363059997558594e-05
delete time:1.6689300537109375e-05
delete time:4.935264587402344e-05
delete time:4.00543212890625e-05
delete time:2.7179718017578125e-05
delete time:1.8835067749023438e-05
delete time:3.075599670410156e-05
delete time:2.1696090698242188e-05
delete time:3.552436828613281e-05
delete time:2.288818359375e-05
delete time:3.314018249511719e-05
delete time:4.9114227294921875e-05
delete time:4.0531158447265625e-05
delete time:2.09808349609375e-05
delete time:2.09808349609375e-05
delete time:1.9550323486328125e-05
delete time:1.8596649169921875e-05
delete time:2.8133392333984375e-05
delete time:4.2438507080078125e-05
delete time:1.9550323486328125e-05
delete time:3.0040740966796875e-05
delete time:1.5497207641601562e-05
delete time:1.71661376953125e-05
delete time:1.71661376953125e-05
delete time:2.6226043701171875e-05
delete time:2.5510787963867188e-05
delete time:3.266334533691406e-05
delete time:5.817413330078125e-05
delete time:3.814697265625e-05
delete time:1.9311904907226562e-05
delete time:1.33514404296875e-05
delete time:4.5299530029296875e-05
delete time:2.4318695068359375e-05
delete time:2.5272369384765625e-05
delete time:3.0040740966796875e-05
delete time:1.8358230590820312e-05
delete time:2.5033950805664062e-05
delete time:2.09808349609375e-05
delete time:3.9577484130859375e-05
delete time:2.1457672119140625e-05
delete time:3.8623809814453125e-05
delete time:2.6464462280273438e-05
delete time:2.09808349609375e-05
delete time:2.002716064453125e-05
delete time:5.269050598144531e-05
delete time:1.8596649169921875e-05
delete time:4.172325134277344e-05
delete time:1.9073486328125e-05
delete time:1.6450881958007812e-05
delete time:2.8371810913085938e-05
delete time:1.9550323486328125e-05
delete time:2.2411346435546875e-05
delete time:3.886222839355469e-05
delete time:1.2636184692382812e-05
delete time:2.2172927856445312e-05
delete time:4.291534423828125e-05
delete time:5.269050598144531e-05
delete time:3.24249267578125e-05
delete time:4.863739013671875e-05
delete time:3.695487976074219e-05
delete time:2.4080276489257812e-05
delete time:1.6927719116210938e-05
delete time:4.7206878662109375e-05
delete time:5.626678466796875e-05
delete time:3.600120544433594e-05
delete time:1.71661376953125e-05
delete time:4.8160552978515625e-05
delete time:1.8596649169921875e-05
delete time:2.193450927734375e-05
delete time:3.790855407714844e-05
delete time:0.00011157989501953125
delete time:2.3365020751953125e-05
delete time:1.71661376953125e-05
delete time:2.0742416381835938e-05
delete time:4.982948303222656e-05
delete time:1.7404556274414062e-05
delete time:2.8848648071289062e-05
delete time:2.1696090698242188e-05
delete time:1.5974044799804688e-05
delete time:1.6927719116210938e-05
delete time:4.124641418457031e-05
delete time:2.4318695068359375e-05
delete time:2.765655517578125e-05
delete time:4.410743713378906e-05
delete time:1.5974044799804688e-05
delete time:2.2411346435546875e-05
delete time:1.8596649169921875e-05
delete time:2.5272369384765625e-05
delete time:4.696846008300781e-05
delete time:1.9788742065429688e-05
delete time:2.0503997802734375e-05
delete time:3.170967102050781e-05
delete time:2.5033950805664062e-05
delete time:1.7642974853515625e-05
delete time:2.1219253540039062e-05
delete time:2.6941299438476562e-05
delete time:4.029273986816406e-05
delete time:2.5272369384765625e-05
delete time:1.9073486328125e-05
delete time:3.600120544433594e-05
delete time:2.3603439331054688e-05
delete time:1.5020370483398438e-05
delete time:3.4809112548828125e-05
delete time:2.47955322265625e-05
delete time:2.9802322387695312e-05
delete time:4.3392181396484375e-05
delete time:2.193450927734375e-05
delete time:4.792213439941406e-05
delete time:2.5510787963867188e-05
delete time:1.6450881958007812e-05
delete time:2.0503997802734375e-05
delete time:3.123283386230469e-05
delete time:2.2172927856445312e-05
delete time:3.814697265625e-05
delete time:3.695487976074219e-05
delete time:1.9311904907226562e-05
delete time:1.9550323486328125e-05
delete time:2.09808349609375e-05
delete time:2.193450927734375e-05
delete time:1.8358230590820312e-05
delete time:2.2649765014648438e-05
delete time:7.43865966796875e-05
delete time:4.3392181396484375e-05
delete time:1.9550323486328125e-05
delete time:3.62396240234375e-05
delete time:2.1696090698242188e-05
delete time:2.2649765014648438e-05
delete time:4.839897155761719e-05
delete time:2.1219253540039062e-05
delete time:4.601478576660156e-05
delete time:2.0742416381835938e-05
delete time:2.7894973754882812e-05
delete time:1.5974044799804688e-05
delete time:5.817413330078125e-05
delete time:4.863739013671875e-05
delete time:3.0994415283203125e-05
delete time:5.269050598144531e-05
delete time:2.1219253540039062e-05
delete time:2.193450927734375e-05
delete time:2.3365020751953125e-05
delete time:1.4781951904296875e-05
delete time:2.8848648071289062e-05
delete time:1.6927719116210938e-05
delete time:2.0742416381835938e-05
delete time:2.0503997802734375e-05
delete time:1.9073486328125e-05
delete time:4.100799560546875e-05
delete time:2.0265579223632812e-05
delete time:3.147125244140625e-05
delete time:2.0503997802734375e-05
delete time:4.792213439941406e-05
delete time:3.170967102050781e-05
delete time:1.9311904907226562e-05
delete time:2.2172927856445312e-05
delete time:1.7404556274414062e-05
delete time:3.886222839355469e-05
delete time:1.71661376953125e-05
delete time:2.9087066650390625e-05
delete time:2.002716064453125e-05
delete time:2.4557113647460938e-05
delete time:2.09808349609375e-05
delete time:1.7881393432617188e-05
delete time:2.4557113647460938e-05
delete time:3.2901763916015625e-05
delete time:4.9591064453125e-05
delete time:4.744529724121094e-05
delete time:3.457069396972656e-05
delete time:3.933906555175781e-05
delete time:1.5974044799804688e-05
delete time:2.0503997802734375e-05
delete time:1.4066696166992188e-05
delete time:1.811981201171875e-05
delete time:3.24249267578125e-05
delete time:6.008148193359375e-05
delete time:2.5510787963867188e-05
delete time:1.430511474609375e-05
delete time:2.4318695068359375e-05
delete time:2.2411346435546875e-05
delete time:3.4332275390625e-05
delete time:4.410743713378906e-05
delete time:4.076957702636719e-05
delete time:2.4557113647460938e-05
delete time:3.9577484130859375e-05
delete time:2.5987625122070312e-05
delete time:2.3365020751953125e-05
delete time:5.054473876953125e-05
delete time:2.1457672119140625e-05
delete time:4.029273986816406e-05
delete time:2.5510787963867188e-05
delete time:6.818771362304688e-05
delete time:4.2438507080078125e-05
delete time:1.33514404296875e-05
delete time:4.38690185546875e-05
delete time:1.9311904907226562e-05
delete time:1.5020370483398438e-05
delete time:5.0067901611328125e-05
delete time:3.933906555175781e-05
delete time:5.173683166503906e-05
delete time:1.9788742065429688e-05
delete time:2.8371810913085938e-05
delete time:3.719329833984375e-05
delete time:2.6464462280273438e-05
delete time:3.0994415283203125e-05
delete time:1.6689300537109375e-05
delete time:2.6702880859375e-05
delete time:3.0279159545898438e-05
delete time:2.7179718017578125e-05
delete time:2.5987625122070312e-05
delete time:2.574920654296875e-05
delete time:1.9073486328125e-05
delete time:2.002716064453125e-05
delete time:4.100799560546875e-05
delete time:2.4557113647460938e-05
delete time:2.47955322265625e-05
delete time:2.2411346435546875e-05
delete time:4.839897155761719e-05
delete time:3.743171691894531e-05
delete time:1.621246337890625e-05
delete time:2.0742416381835938e-05
delete time:1.6450881958007812e-05
delete time:4.696846008300781e-05
delete time:2.5272369384765625e-05
delete time:2.002716064453125e-05
delete time:4.5299530029296875e-05
delete time:2.384185791015625e-05
delete time:3.170967102050781e-05
delete time:2.2649765014648438e-05
delete time:2.574920654296875e-05
delete time:2.9802322387695312e-05
delete time:2.2172927856445312e-05
delete time:4.839897155761719e-05
delete time:1.9788742065429688e-05
delete time:2.8371810913085938e-05
delete time:1.9550323486328125e-05
delete time:2.2411346435546875e-05
delete time:1.4066696166992188e-05
delete time:5.1021575927734375e-05
delete time:2.47955322265625e-05
delete time:2.86102294921875e-05
delete time:2.002716064453125e-05
delete time:1.6927719116210938e-05
delete time:4.8160552978515625e-05
delete time:2.0503997802734375e-05
delete time:4.291534423828125e-05
delete time:3.0517578125e-05
delete time:1.6927719116210938e-05
delete time:4.6253204345703125e-05
delete time:6.437301635742188e-05
delete time:4.57763671875e-05
delete time:2.002716064453125e-05
delete time:2.384185791015625e-05
delete time:2.5987625122070312e-05
delete time:1.430511474609375e-05
delete time:2.3126602172851562e-05
delete time:3.600120544433594e-05
delete time:1.7642974853515625e-05
delete time:3.933906555175781e-05
delete time:2.2172927856445312e-05
delete time:4.57763671875e-05
delete time:2.2411346435546875e-05
delete time:4.0531158447265625e-05
delete time:2.765655517578125e-05
delete time:4.553794860839844e-05
delete time:2.0742416381835938e-05
delete time:5.030632019042969e-05
delete time:3.790855407714844e-05
delete time:1.7881393432617188e-05
delete time:2.5510787963867188e-05
delete time:2.384185791015625e-05
delete time:3.0517578125e-05
delete time:4.00543212890625e-05
delete time:3.0040740966796875e-05
delete time:1.3113021850585938e-05
delete time:1.6927719116210938e-05
delete time:2.0265579223632812e-05
delete time:1.6927719116210938e-05
delete time:2.6941299438476562e-05
delete time:4.00543212890625e-05
delete time:4.863739013671875e-05
delete time:2.2649765014648438e-05
delete time:4.792213439941406e-05
delete time:2.2649765014648438e-05
delete time:1.6450881958007812e-05
delete time:4.76837158203125e-05
delete time:2.193450927734375e-05
delete time:1.8596649169921875e-05
delete time:2.2172927856445312e-05
delete time:4.124641418457031e-05
delete time:2.4080276489257812e-05
delete time:2.8371810913085938e-05
delete time:4.9114227294921875e-05
delete time:2.0265579223632812e-05
delete time:2.1457672119140625e-05
delete time:4.57763671875e-05
delete time:1.9550323486328125e-05
delete time:1.2874603271484375e-05
delete time:1.621246337890625e-05
delete time:2.47955322265625e-05
delete time:2.1696090698242188e-05
delete time:1.52587890625e-05
delete time:2.384185791015625e-05
delete time:2.574920654296875e-05
delete time:1.6927719116210938e-05
delete time:4.38690185546875e-05
delete time:1.2159347534179688e-05
delete time:1.4781951904296875e-05
delete time:1.9550323486328125e-05
delete time:1.9073486328125e-05
delete time:2.6702880859375e-05
delete time:1.8358230590820312e-05
delete time:1.8835067749023438e-05
delete time:2.002716064453125e-05
delete time:4.7206878662109375e-05
delete time:2.1219253540039062e-05
delete time:4.363059997558594e-05
delete time:4.38690185546875e-05
delete time:3.838539123535156e-05
delete time:1.7404556274414062e-05
delete time:5.626678466796875e-05
delete time:4.673004150390625e-05
delete time:4.3392181396484375e-05
delete time:2.1696090698242188e-05
delete time:3.62396240234375e-05
delete time:2.4557113647460938e-05
delete time:4.315376281738281e-05
delete time:2.1457672119140625e-05
delete time:1.8835067749023438e-05
delete time:1.2874603271484375e-05
delete time:2.574920654296875e-05
delete time:2.574920654296875e-05
delete time:1.9073486328125e-05
delete time:2.3365020751953125e-05
delete time:1.7404556274414062e-05
delete time:1.7642974853515625e-05
delete time:3.075599670410156e-05
delete time:1.9550323486328125e-05
delete time:2.4557113647460938e-05
delete time:2.193450927734375e-05
delete time:2.765655517578125e-05
delete time:1.621246337890625e-05
delete time:3.719329833984375e-05
delete time:1.8835067749023438e-05
delete time:2.47955322265625e-05
delete time:2.2172927856445312e-05
delete time:1.9311904907226562e-05
delete time:1.6689300537109375e-05
delete time:4.410743713378906e-05
delete time:2.09808349609375e-05
delete time:4.76837158203125e-05
delete time:3.457069396972656e-05
delete time:3.218650817871094e-05
delete time:1.6927719116210938e-05
delete time:1.7642974853515625e-05
delete time:2.2172927856445312e-05
delete time:1.7642974853515625e-05
delete time:1.5735626220703125e-05
delete time:1.9550323486328125e-05
delete time:1.8358230590820312e-05
delete time:2.5033950805664062e-05
delete time:2.0265579223632812e-05
delete time:1.5020370483398438e-05
delete time:4.458427429199219e-05
delete time:2.5033950805664062e-05
delete time:4.291534423828125e-05
delete time:3.838539123535156e-05
delete time:4.696846008300781e-05
delete time:1.9550323486328125e-05
delete time:1.9311904907226562e-05
delete time:6.67572021484375e-05
delete time:2.2411346435546875e-05
delete time:1.9550323486328125e-05
delete time:2.2649765014648438e-05
delete time:5.316734313964844e-05
delete time:2.3603439331054688e-05
delete time:1.5735626220703125e-05
delete time:5.364418029785156e-05
delete time:1.7881393432617188e-05
delete time:4.1484832763671875e-05
delete time:1.33514404296875e-05
delete time:2.5033950805664062e-05
delete time:5.078315734863281e-05
delete time:4.1961669921875e-05
delete time:2.5033950805664062e-05
delete time:3.4332275390625e-05
delete time:2.1219253540039062e-05
delete time:2.3603439331054688e-05
delete time:1.9788742065429688e-05
delete time:2.4557113647460938e-05
delete time:5.626678466796875e-05
delete time:2.5272369384765625e-05
delete time:3.6716461181640625e-05
delete time:5.221366882324219e-05
delete time:2.384185791015625e-05
delete time:1.9073486328125e-05
delete time:4.5299530029296875e-05
delete time:2.288818359375e-05
delete time:2.0503997802734375e-05
delete time:5.650520324707031e-05
delete time:5.936622619628906e-05
delete time:2.1457672119140625e-05
delete time:2.0503997802734375e-05
delete time:2.4080276489257812e-05
delete time:2.384185791015625e-05
delete time:2.5510787963867188e-05
delete time:1.9550323486328125e-05
delete time:2.5510787963867188e-05
delete time:2.6226043701171875e-05
delete time:4.839897155761719e-05
delete time:1.811981201171875e-05
delete time:2.2411346435546875e-05
delete time:1.8358230590820312e-05
delete time:2.002716064453125e-05
delete time:2.3365020751953125e-05
delete time:5.8650970458984375e-05
delete time:1.7642974853515625e-05
delete time:1.5497207641601562e-05
delete time:1.33514404296875e-05
delete time:1.6927719116210938e-05
delete time:5.412101745605469e-05
delete time:3.62396240234375e-05
delete time:2.7418136596679688e-05
delete time:2.5272369384765625e-05
delete time:5.602836608886719e-05
delete time:2.0265579223632812e-05
delete time:1.4066696166992188e-05
delete time:1.9788742065429688e-05
delete time:2.0503997802734375e-05
delete time:5.412101745605469e-05
delete time:5.0067901611328125e-05
delete time:4.124641418457031e-05
delete time:2.2172927856445312e-05
delete time:4.4345855712890625e-05
delete time:2.288818359375e-05
delete time:1.71661376953125e-05
delete time:2.0503997802734375e-05
delete time:2.193450927734375e-05
delete time:1.9550323486328125e-05
delete time:2.86102294921875e-05
delete time:4.863739013671875e-05
delete time:2.002716064453125e-05
delete time:3.3855438232421875e-05
delete time:4.887580871582031e-05
delete time:5.626678466796875e-05
delete time:2.9802322387695312e-05
delete time:4.76837158203125e-05
delete time:2.2649765014648438e-05
delete time:2.1457672119140625e-05
delete time:2.4080276489257812e-05
delete time:5.030632019042969e-05
delete time:1.8596649169921875e-05
delete time:2.5272369384765625e-05
delete time:2.47955322265625e-05
delete time:1.7404556274414062e-05
delete time:5.8650970458984375e-05
delete time:2.9802322387695312e-05
delete time:5.412101745605469e-05
delete time:2.09808349609375e-05
delete time:2.9325485229492188e-05
delete time:3.743171691894531e-05
delete time:3.0994415283203125e-05
delete time:2.384185791015625e-05
delete time:5.6743621826171875e-05
delete time:1.621246337890625e-05
delete time:3.1948089599609375e-05
delete time:1.6450881958007812e-05
delete time:1.6689300537109375e-05
delete time:3.886222839355469e-05
delete time:5.054473876953125e-05
delete time:2.0742416381835938e-05
delete time:5.507469177246094e-05
delete time:1.9788742065429688e-05
delete time:2.7179718017578125e-05
delete time:3.9577484130859375e-05
delete time:5.507469177246094e-05
delete time:4.792213439941406e-05
delete time:6.270408630371094e-05
delete time:3.075599670410156e-05
delete time:2.193450927734375e-05
delete time:1.9311904907226562e-05
delete time:2.574920654296875e-05
delete time:1.6450881958007812e-05
delete time:4.57763671875e-05
delete time:2.193450927734375e-05
delete time:4.601478576660156e-05
delete time:6.604194641113281e-05
delete time:3.600120544433594e-05
delete time:3.409385681152344e-05
delete time:2.4318695068359375e-05
delete time:2.5987625122070312e-05
delete time:4.6253204345703125e-05
delete time:2.193450927734375e-05
delete time:2.6464462280273438e-05
delete time:2.002716064453125e-05
delete time:2.1219253540039062e-05
delete time:2.193450927734375e-05
delete time:1.9550323486328125e-05
delete time:1.8596649169921875e-05
delete time:2.9802322387695312e-05
delete time:2.5987625122070312e-05
delete time:2.1219253540039062e-05
delete time:4.291534423828125e-05
delete time:2.3365020751953125e-05
delete time:6.651878356933594e-05
delete time:1.7881393432617188e-05
delete time:2.956390380859375e-05
delete time:0.00014972686767578125
delete time:0.00023746490478515625
delete time:2.5987625122070312e-05
delete time:3.337860107421875e-05
delete time:6.842613220214844e-05
delete time:3.600120544433594e-05
delete time:2.7894973754882812e-05
delete time:3.838539123535156e-05
delete time:5.1975250244140625e-05
delete time:2.09808349609375e-05
delete time:2.3603439331054688e-05
delete time:2.47955322265625e-05
delete time:5.1975250244140625e-05
delete time:3.695487976074219e-05
delete time:2.765655517578125e-05
delete time:3.8623809814453125e-05
delete time:2.6941299438476562e-05
delete time:3.695487976074219e-05
delete time:2.384185791015625e-05
delete time:2.0742416381835938e-05
delete time:2.2411346435546875e-05
delete time:4.7206878662109375e-05
delete time:1.9073486328125e-05
delete time:1.7881393432617188e-05
delete time:3.1948089599609375e-05
delete time:2.9087066650390625e-05
delete time:4.8160552978515625e-05
delete time:2.0742416381835938e-05
delete time:4.744529724121094e-05
delete time:1.811981201171875e-05
delete time:2.3365020751953125e-05
delete time:1.4781951904296875e-05
delete time:2.9325485229492188e-05
delete time:3.5762786865234375e-05
delete time:5.936622619628906e-05
delete time:1.9550323486328125e-05
delete time:4.6253204345703125e-05
delete time:2.3126602172851562e-05
delete time:1.7881393432617188e-05
delete time:2.193450927734375e-05
delete time:4.696846008300781e-05
delete time:1.2874603271484375e-05
delete time:2.384185791015625e-05
delete time:3.0994415283203125e-05
delete time:2.2172927856445312e-05
delete time:3.337860107421875e-05
delete time:3.790855407714844e-05
delete time:6.0558319091796875e-05
delete time:2.8848648071289062e-05
delete time:2.0742416381835938e-05
delete time:2.6226043701171875e-05
delete time:5.173683166503906e-05
delete time:5.14984130859375e-05
delete time:2.5987625122070312e-05
delete time:2.86102294921875e-05
delete time:1.621246337890625e-05
delete time:4.029273986816406e-05
delete time:2.3126602172851562e-05
delete time:2.0742416381835938e-05
delete time:4.673004150390625e-05
delete time:1.7404556274414062e-05
delete time:2.1219253540039062e-05
delete time:4.5299530029296875e-05
delete time:5.125999450683594e-05
delete time:2.5272369384765625e-05
delete time:2.4080276489257812e-05
delete time:6.222724914550781e-05
delete time:2.7418136596679688e-05
delete time:2.0742416381835938e-05
delete time:2.7894973754882812e-05
delete time:1.9311904907226562e-05
delete time:2.0265579223632812e-05
delete time:2.3365020751953125e-05
delete time:3.123283386230469e-05
delete time:4.315376281738281e-05
delete time:4.172325134277344e-05
delete time:2.2649765014648438e-05
delete time:2.9802322387695312e-05
delete time:2.2172927856445312e-05
delete time:1.9073486328125e-05
delete time:5.626678466796875e-05
delete time:5.412101745605469e-05
delete time:2.2172927856445312e-05
delete time:2.3126602172851562e-05
delete time:2.0265579223632812e-05
delete time:2.9087066650390625e-05
delete time:5.459785461425781e-05
delete time:1.8358230590820312e-05
delete time:2.6226043701171875e-05
delete time:2.288818359375e-05
delete time:3.075599670410156e-05
delete time:1.9073486328125e-05
delete time:1.71661376953125e-05
delete time:4.482269287109375e-05
delete time:1.6450881958007812e-05
delete time:3.337860107421875e-05
delete time:4.2438507080078125e-05
delete time:3.933906555175781e-05
delete time:2.8848648071289062e-05
delete time:5.7697296142578125e-05
delete time:4.982948303222656e-05
delete time:2.7179718017578125e-05
delete time:1.8835067749023438e-05
delete time:2.384185791015625e-05
delete time:4.863739013671875e-05
delete time:2.6464462280273438e-05
delete time:2.0742416381835938e-05
delete time:1.9788742065429688e-05
delete time:2.3126602172851562e-05
delete time:1.8358230590820312e-05
delete time:4.100799560546875e-05
delete time:1.430511474609375e-05
delete time:1.5974044799804688e-05
delete time:2.5987625122070312e-05
delete time:2.4080276489257812e-05
delete time:1.4543533325195312e-05
delete time:1.239776611328125e-05
delete time:1.5974044799804688e-05
delete time:1.8596649169921875e-05
delete time:3.3855438232421875e-05
delete time:2.9802322387695312e-05
delete time:1.8835067749023438e-05
delete time:2.8371810913085938e-05
delete time:4.6253204345703125e-05
delete time:3.743171691894531e-05
delete time:1.7881393432617188e-05
delete time:2.288818359375e-05
delete time:1.9550323486328125e-05
delete time:1.6450881958007812e-05
delete time:2.9802322387695312e-05
delete time:1.621246337890625e-05
delete time:2.0503997802734375e-05
delete time:1.9550323486328125e-05
delete time:6.341934204101562e-05
delete time:1.6927719116210938e-05
delete time:1.6689300537109375e-05
delete time:2.8371810913085938e-05
delete time:1.7881393432617188e-05
delete time:2.3126602172851562e-05
delete time:4.601478576660156e-05
delete time:1.9311904907226562e-05
delete time:4.696846008300781e-05
delete time:2.1457672119140625e-05
delete time:2.4557113647460938e-05
delete time:1.3828277587890625e-05
delete time:2.4080276489257812e-05
delete time:2.8371810913085938e-05
delete time:2.6702880859375e-05
delete time:1.7642974853515625e-05
delete time:2.3365020751953125e-05
delete time:3.4332275390625e-05
delete time:1.6450881958007812e-05
delete time:3.3855438232421875e-05
delete time:3.361701965332031e-05
delete time:1.6450881958007812e-05
delete time:4.3392181396484375e-05
delete time:4.482269287109375e-05
delete time:2.0503997802734375e-05
delete time:4.4345855712890625e-05
delete time:1.7404556274414062e-05
delete time:4.982948303222656e-05
delete time:4.649162292480469e-05
delete time:1.33514404296875e-05
delete time:4.410743713378906e-05
delete time:1.9311904907226562e-05
delete time:2.2411346435546875e-05
delete time:2.288818359375e-05
delete time:1.7642974853515625e-05
delete time:2.6941299438476562e-05
delete time:2.1219253540039062e-05
delete time:2.3365020751953125e-05
delete time:2.002716064453125e-05
delete time:5.626678466796875e-05
delete time:4.9591064453125e-05
delete time:1.811981201171875e-05
delete time:3.337860107421875e-05
delete time:2.2411346435546875e-05
delete time:1.2874603271484375e-05
delete time:1.9073486328125e-05
delete time:2.288818359375e-05
delete time:6.771087646484375e-05
delete time:4.029273986816406e-05
delete time:2.3126602172851562e-05
delete time:1.5497207641601562e-05
delete time:5.507469177246094e-05
delete time:2.0742416381835938e-05
delete time:3.504753112792969e-05
delete time:3.266334533691406e-05
delete time:5.364418029785156e-05
delete time:5.316734313964844e-05
delete time:2.47955322265625e-05
delete time:3.0994415283203125e-05
delete time:3.361701965332031e-05
delete time:1.811981201171875e-05
delete time:2.765655517578125e-05
delete time:1.7404556274414062e-05
delete time:1.5974044799804688e-05
delete time:1.8835067749023438e-05
delete time:1.7881393432617188e-05
delete time:5.316734313964844e-05
delete time:2.574920654296875e-05
delete time:2.4318695068359375e-05
delete time:1.9788742065429688e-05
delete time:1.9788742065429688e-05
delete time:2.3365020751953125e-05
delete time:5.7697296142578125e-05
delete time:1.621246337890625e-05
delete time:5.269050598144531e-05
delete time:2.0742416381835938e-05
delete time:1.9550323486328125e-05
delete time:5.4836273193359375e-05
delete time:2.574920654296875e-05
delete time:2.0503997802734375e-05
delete time:3.7670135498046875e-05
delete time:2.1696090698242188e-05
delete time:5.4836273193359375e-05
delete time:1.9788742065429688e-05
delete time:3.1948089599609375e-05
delete time:4.5299530029296875e-05
delete time:2.86102294921875e-05
delete time:2.3126602172851562e-05
delete time:5.316734313964844e-05
delete time:2.0265579223632812e-05
delete time:2.4557113647460938e-05
delete time:4.3392181396484375e-05
delete time:5.125999450683594e-05
delete time:2.002716064453125e-05
delete time:2.8848648071289062e-05
delete time:1.7881393432617188e-05
delete time:2.1219253540039062e-05
delete time:1.8358230590820312e-05
delete time:3.933906555175781e-05
delete time:2.2172927856445312e-05
delete time:1.9550323486328125e-05
delete time:3.0517578125e-05
delete time:2.4080276489257812e-05
delete time:2.6464462280273438e-05
delete time:1.52587890625e-05
delete time:2.2172927856445312e-05
delete time:1.9788742065429688e-05
delete time:4.792213439941406e-05
delete time:2.6464462280273438e-05
delete time:5.459785461425781e-05
delete time:2.1696090698242188e-05
delete time:2.0503997802734375e-05
delete time:5.698204040527344e-05
delete time:2.0265579223632812e-05
delete time:5.8650970458984375e-05
delete time:5.53131103515625e-05
delete time:1.9550323486328125e-05
delete time:5.316734313964844e-05
delete time:3.600120544433594e-05
delete time:1.8358230590820312e-05
delete time:1.7881393432617188e-05
delete time:2.0265579223632812e-05
delete time:2.193450927734375e-05
delete time:2.384185791015625e-05
delete time:7.200241088867188e-05
delete time:5.412101745605469e-05
delete time:4.792213439941406e-05
delete time:4.3392181396484375e-05
delete time:4.935264587402344e-05
delete time:2.09808349609375e-05
delete time:2.1696090698242188e-05
delete time:5.5789947509765625e-05
delete time:2.002716064453125e-05
delete time:4.506111145019531e-05
delete time:3.910064697265625e-05
delete time:5.2928924560546875e-05
delete time:1.8835067749023438e-05
delete time:5.364418029785156e-05
delete time:3.790855407714844e-05
delete time:1.1682510375976562e-05
delete time:1.4781951904296875e-05
delete time:1.9311904907226562e-05
delete time:5.5789947509765625e-05
delete time:2.4318695068359375e-05
delete time:5.555152893066406e-05
delete time:1.9550323486328125e-05
delete time:1.8835067749023438e-05
delete time:4.9591064453125e-05
delete time:2.86102294921875e-05
delete time:2.6226043701171875e-05
delete time:1.6689300537109375e-05
delete time:1.9073486328125e-05
delete time:2.193450927734375e-05
delete time:2.2172927856445312e-05
delete time:1.6689300537109375e-05
delete time:5.793571472167969e-05
delete time:5.2928924560546875e-05
delete time:1.2159347534179688e-05
delete time:3.838539123535156e-05
delete time:5.173683166503906e-05
delete time:2.2649765014648438e-05
delete time:2.1457672119140625e-05
delete time:5.7220458984375e-05
delete time:2.0742416381835938e-05
delete time:1.6689300537109375e-05
delete time:5.602836608886719e-05
delete time:2.3365020751953125e-05
delete time:3.981590270996094e-05
delete time:2.2411346435546875e-05
delete time:1.9073486328125e-05
delete time:3.528594970703125e-05
delete time:3.0279159545898438e-05
delete time:1.621246337890625e-05
delete time:2.47955322265625e-05
delete time:2.9087066650390625e-05
delete time:2.3126602172851562e-05
delete time:2.5987625122070312e-05
delete time:3.5762786865234375e-05
delete time:2.2172927856445312e-05
delete time:2.7179718017578125e-05
delete time:2.4080276489257812e-05
delete time:4.1961669921875e-05
delete time:1.5497207641601562e-05
delete time:1.8835067749023438e-05
delete time:2.2172927856445312e-05
delete time:2.1696090698242188e-05
delete time:1.9550323486328125e-05
delete time:1.9311904907226562e-05
delete time:3.361701965332031e-05
delete time:1.52587890625e-05
delete time:3.814697265625e-05
delete time:2.9087066650390625e-05
delete time:3.790855407714844e-05
delete time:1.3589859008789062e-05
delete time:3.886222839355469e-05
delete time:1.8835067749023438e-05
delete time:1.7404556274414062e-05
delete time:2.1696090698242188e-05
delete time:1.8596649169921875e-05
delete time:2.0503997802734375e-05
delete time:1.7642974853515625e-05
delete time:3.457069396972656e-05
delete time:6.246566772460938e-05
delete time:2.288818359375e-05
delete time:1.7881393432617188e-05
delete time:2.5510787963867188e-05
delete time:1.430511474609375e-05
delete time:2.4080276489257812e-05
delete time:3.528594970703125e-05
delete time:2.1219253540039062e-05
delete time:2.9087066650390625e-05
delete time:2.6226043701171875e-05
delete time:2.3126602172851562e-05
delete time:6.198883056640625e-05
delete time:3.4332275390625e-05
delete time:2.1696090698242188e-05
delete time:2.193450927734375e-05
delete time:4.601478576660156e-05
delete time:1.9550323486328125e-05
delete time:7.557868957519531e-05
delete time:1.1682510375976562e-05
delete time:1.6450881958007812e-05
delete time:3.504753112792969e-05
delete time:6.818771362304688e-05
delete time:1.430511474609375e-05
delete time:5.555152893066406e-05
delete time:2.2411346435546875e-05
delete time:4.220008850097656e-05
delete time:2.193450927734375e-05
delete time:5.316734313964844e-05
delete time:5.650520324707031e-05
delete time:1.6689300537109375e-05
delete time:1.9073486328125e-05
delete time:2.1219253540039062e-05
delete time:1.8596649169921875e-05
delete time:2.09808349609375e-05
delete time:3.910064697265625e-05
delete time:1.621246337890625e-05
delete time:1.5497207641601562e-05
delete time:5.602836608886719e-05
delete time:1.9073486328125e-05
delete time:2.384185791015625e-05
delete time:1.7881393432617188e-05
delete time:2.574920654296875e-05
delete time:4.935264587402344e-05
delete time:8.225440979003906e-05
delete time:2.5272369384765625e-05
delete time:5.8650970458984375e-05
delete time:2.6941299438476562e-05
delete time:2.288818359375e-05
delete time:3.123283386230469e-05
delete time:2.574920654296875e-05
delete time:6.365776062011719e-05
delete time:2.6941299438476562e-05
delete time:3.528594970703125e-05
delete time:6.127357482910156e-05
delete time:2.574920654296875e-05
delete time:1.8358230590820312e-05
delete time:1.6689300537109375e-05
delete time:2.3603439331054688e-05
delete time:2.193450927734375e-05
delete time:1.7642974853515625e-05
delete time:5.0067901611328125e-05
delete time:2.0742416381835938e-05
delete time:2.5033950805664062e-05
delete time:2.002716064453125e-05
delete time:5.984306335449219e-05
delete time:4.1484832763671875e-05
delete time:2.8133392333984375e-05
delete time:3.3855438232421875e-05
delete time:4.0531158447265625e-05
delete time:2.4318695068359375e-05
delete time:1.8358230590820312e-05
delete time:5.8650970458984375e-05
delete time:1.71661376953125e-05
delete time:1.5974044799804688e-05
delete time:2.1457672119140625e-05
delete time:2.956390380859375e-05
delete time:5.984306335449219e-05
delete time:5.8650970458984375e-05
delete time:1.5735626220703125e-05
delete time:3.552436828613281e-05
delete time:3.0994415283203125e-05
delete time:2.7894973754882812e-05
delete time:2.0742416381835938e-05
delete time:1.811981201171875e-05
delete time:1.5497207641601562e-05
delete time:5.030632019042969e-05
delete time:2.8133392333984375e-05
delete time:2.6464462280273438e-05
delete time:1.5974044799804688e-05
delete time:2.9325485229492188e-05
delete time:1.71661376953125e-05
delete time:5.698204040527344e-05
delete time:2.2649765014648438e-05
delete time:2.765655517578125e-05
delete time:2.09808349609375e-05
delete time:2.1219253540039062e-05
delete time:2.3603439331054688e-05
delete time:4.0531158447265625e-05
delete time:4.029273986816406e-05
delete time:1.2874603271484375e-05
delete time:2.5510787963867188e-05
delete time:1.811981201171875e-05
delete time:3.218650817871094e-05
delete time:3.743171691894531e-05
delete time:2.002716064453125e-05
delete time:4.172325134277344e-05
delete time:2.1457672119140625e-05
delete time:4.220008850097656e-05
delete time:6.4849853515625e-05
delete time:3.147125244140625e-05
delete time:1.7642974853515625e-05
delete time:1.8835067749023438e-05
delete time:2.47955322265625e-05
delete time:2.9325485229492188e-05
delete time:5.841255187988281e-05
delete time:2.2172927856445312e-05
delete time:2.2649765014648438e-05
delete time:5.7697296142578125e-05
delete time:2.4318695068359375e-05
delete time:2.2411346435546875e-05
delete time:5.7697296142578125e-05
delete time:5.316734313964844e-05
delete time:3.314018249511719e-05
delete time:2.6464462280273438e-05
delete time:3.457069396972656e-05
delete time:4.744529724121094e-05
delete time:3.1948089599609375e-05
delete time:2.5510787963867188e-05
delete time:2.7179718017578125e-05
delete time:1.8358230590820312e-05
delete time:3.4809112548828125e-05
delete time:2.4080276489257812e-05
delete time:1.9311904907226562e-05
delete time:3.910064697265625e-05
delete time:2.2411346435546875e-05
delete time:4.458427429199219e-05
delete time:6.628036499023438e-05
delete time:4.6253204345703125e-05
delete time:1.621246337890625e-05
delete time:2.2411346435546875e-05
delete time:3.075599670410156e-05
delete time:5.6743621826171875e-05
delete time:1.9788742065429688e-05
delete time:3.170967102050781e-05
delete time:1.811981201171875e-05
delete time:2.956390380859375e-05
delete time:2.2649765014648438e-05
delete time:3.409385681152344e-05
delete time:1.9073486328125e-05
delete time:3.504753112792969e-05
delete time:2.0742416381835938e-05
delete time:1.4066696166992188e-05
delete time:4.5299530029296875e-05
delete time:3.3855438232421875e-05
delete time:1.6689300537109375e-05
delete time:2.09808349609375e-05
delete time:5.555152893066406e-05
delete time:3.790855407714844e-05
delete time:2.8848648071289062e-05
delete time:4.3392181396484375e-05
delete time:2.1696090698242188e-05
delete time:6.008148193359375e-05
delete time:2.6941299438476562e-05
delete time:6.127357482910156e-05
delete time:2.0742416381835938e-05
delete time:5.054473876953125e-05
delete time:5.555152893066406e-05
delete time:1.9550323486328125e-05
delete time:1.5497207641601562e-05
delete time:1.7404556274414062e-05
delete time:6.0558319091796875e-05
delete time:5.435943603515625e-05
delete time:2.4318695068359375e-05
delete time:1.7404556274414062e-05
delete time:2.6464462280273438e-05
delete time:5.1021575927734375e-05
delete time:2.9325485229492188e-05
delete time:4.9591064453125e-05
delete time:2.574920654296875e-05
delete time:5.4836273193359375e-05
delete time:2.0742416381835938e-05
delete time:3.4332275390625e-05
delete time:2.5033950805664062e-05
delete time:3.0994415283203125e-05
delete time:6.175041198730469e-05
delete time:4.291534423828125e-05
delete time:1.811981201171875e-05
delete time:1.9073486328125e-05
delete time:3.0994415283203125e-05
delete time:1.1205673217773438e-05
delete time:2.7179718017578125e-05
delete time:2.0742416381835938e-05
delete time:6.103515625e-05
delete time:1.5974044799804688e-05
delete time:2.193450927734375e-05
delete time:1.9311904907226562e-05
delete time:1.7881393432617188e-05
delete time:5.2928924560546875e-05
delete time:5.340576171875e-05
delete time:1.9073486328125e-05
delete time:1.7881393432617188e-05
delete time:3.6716461181640625e-05
delete time:2.2411346435546875e-05
delete time:2.47955322265625e-05
delete time:2.6464462280273438e-05
delete time:2.0503997802734375e-05
delete time:1.9311904907226562e-05
delete time:2.0265579223632812e-05
delete time:6.031990051269531e-05
delete time:1.9311904907226562e-05
delete time:1.3589859008789062e-05
delete time:3.170967102050781e-05
delete time:2.8848648071289062e-05
delete time:2.0265579223632812e-05
delete time:4.100799560546875e-05
delete time:3.2901763916015625e-05
delete time:5.340576171875e-05
delete time:1.9788742065429688e-05
delete time:1.3828277587890625e-05
delete time:1.6927719116210938e-05
delete time:5.793571472167969e-05
delete time:1.6927719116210938e-05
delete time:3.743171691894531e-05
delete time:1.6927719116210938e-05
delete time:1.5497207641601562e-05
delete time:1.52587890625e-05
delete time:2.09808349609375e-05
delete time:5.793571472167969e-05
delete time:1.52587890625e-05
delete time:2.2411346435546875e-05
delete time:6.222724914550781e-05
delete time:3.457069396972656e-05
delete time:4.458427429199219e-05
delete time:1.3589859008789062e-05
delete time:2.6226043701171875e-05
delete time:3.0279159545898438e-05
delete time:2.3126602172851562e-05
delete time:1.811981201171875e-05
delete time:5.817413330078125e-05
delete time:1.621246337890625e-05
delete time:5.7697296142578125e-05
delete time:1.5497207641601562e-05
delete time:2.4318695068359375e-05
delete time:3.2901763916015625e-05
delete time:1.5735626220703125e-05
delete time:1.6689300537109375e-05
delete time:2.2172927856445312e-05
delete time:3.123283386230469e-05
delete time:3.552436828613281e-05
delete time:5.459785461425781e-05
delete time:1.7881393432617188e-05
delete time:2.8133392333984375e-05
delete time:1.3113021850585938e-05
delete time:1.6450881958007812e-05
delete time:1.811981201171875e-05
delete time:1.6450881958007812e-05
delete time:1.9073486328125e-05
delete time:2.0265579223632812e-05
delete time:1.9550323486328125e-05
delete time:1.6450881958007812e-05
delete time:3.147125244140625e-05
delete time:2.384185791015625e-05
delete time:3.719329833984375e-05
delete time:1.621246337890625e-05
delete time:5.8650970458984375e-05
delete time:2.5510787963867188e-05
delete time:4.100799560546875e-05
delete time:3.552436828613281e-05
delete time:2.8133392333984375e-05
delete time:2.4318695068359375e-05
delete time:2.0742416381835938e-05
delete time:1.811981201171875e-05
delete time:3.4809112548828125e-05
delete time:4.1484832763671875e-05
delete time:2.4318695068359375e-05
delete time:3.409385681152344e-05
delete time:3.0994415283203125e-05
delete time:6.151199340820312e-05
delete time:4.3392181396484375e-05
delete time:3.814697265625e-05
delete time:1.8358230590820312e-05
delete time:2.09808349609375e-05
delete time:1.621246337890625e-05
delete time:3.981590270996094e-05
delete time:1.5735626220703125e-05
delete time:6.604194641113281e-05
delete time:4.172325134277344e-05
delete time:2.1219253540039062e-05
delete time:7.43865966796875e-05
delete time:2.384185791015625e-05
delete time:2.2411346435546875e-05
delete time:2.2649765014648438e-05
delete time:2.0742416381835938e-05
delete time:1.3113021850585938e-05
delete time:5.2928924560546875e-05
delete time:1.7881393432617188e-05
delete time:4.410743713378906e-05
delete time:1.6927719116210938e-05
delete time:2.09808349609375e-05
delete time:2.193450927734375e-05
delete time:2.1696090698242188e-05
delete time:3.1948089599609375e-05
delete time:2.4318695068359375e-05
delete time:1.9073486328125e-05
delete time:1.4066696166992188e-05
delete time:2.0742416381835938e-05
delete time:3.8623809814453125e-05
delete time:3.0517578125e-05
delete time:1.9311904907226562e-05
delete time:5.793571472167969e-05
delete time:2.1457672119140625e-05
delete time:2.1219253540039062e-05
delete time:5.817413330078125e-05
delete time:2.288818359375e-05
delete time:1.9073486328125e-05
delete time:5.125999450683594e-05
delete time:1.5974044799804688e-05
delete time:6.437301635742188e-05
delete time:1.9550323486328125e-05
delete time:1.8835067749023438e-05
delete time:3.266334533691406e-05
delete time:1.2159347534179688e-05
delete time:2.7894973754882812e-05
delete time:2.4318695068359375e-05
delete time:1.9311904907226562e-05
delete time:1.4543533325195312e-05
delete time:3.0040740966796875e-05
delete time:2.6941299438476562e-05
delete time:6.532669067382812e-05
delete time:1.7642974853515625e-05
delete time:1.5974044799804688e-05
delete time:2.0742416381835938e-05
delete time:5.698204040527344e-05
delete time:5.6743621826171875e-05
delete time:1.9073486328125e-05
delete time:1.811981201171875e-05
delete time:1.1920928955078125e-05
delete time:5.984306335449219e-05
delete time:3.647804260253906e-05
delete time:1.6689300537109375e-05
delete time:5.435943603515625e-05
delete time:2.3126602172851562e-05
delete time:2.0265579223632812e-05
delete time:2.7894973754882812e-05
delete time:1.8596649169921875e-05
delete time:1.5735626220703125e-05
delete time:3.9577484130859375e-05
delete time:2.7179718017578125e-05
delete time:2.7418136596679688e-05
delete time:1.6450881958007812e-05
delete time:3.7670135498046875e-05
delete time:2.0503997802734375e-05
delete time:3.0040740966796875e-05
delete time:2.4557113647460938e-05
delete time:1.7642974853515625e-05
delete time:1.8358230590820312e-05
delete time:1.6689300537109375e-05
delete time:3.075599670410156e-05
delete time:3.2901763916015625e-05
delete time:1.52587890625e-05
delete time:3.2901763916015625e-05
delete time:1.8596649169921875e-05
delete time:3.075599670410156e-05
delete time:2.956390380859375e-05
delete time:3.457069396972656e-05
delete time:3.8623809814453125e-05
delete time:1.6450881958007812e-05
delete time:1.6927719116210938e-05
delete time:1.5497207641601562e-05
delete time:5.841255187988281e-05
delete time:3.2901763916015625e-05
delete time:4.887580871582031e-05
delete time:6.198883056640625e-05
delete time:1.8596649169921875e-05
delete time:1.9073486328125e-05
delete time:4.172325134277344e-05
delete time:1.5497207641601562e-05
delete time:2.3603439331054688e-05
delete time:1.811981201171875e-05
delete time:5.6743621826171875e-05
delete time:6.127357482910156e-05
delete time:1.5974044799804688e-05
delete time:6.389617919921875e-05
delete time:1.811981201171875e-05
delete time:1.5020370483398438e-05
delete time:3.62396240234375e-05
delete time:3.743171691894531e-05
delete time:6.222724914550781e-05
delete time:3.600120544433594e-05
delete time:2.1457672119140625e-05
delete time:2.384185791015625e-05
delete time:2.09808349609375e-05
delete time:2.765655517578125e-05
delete time:1.8358230590820312e-05
delete time:2.5033950805664062e-05
delete time:3.7670135498046875e-05
delete time:6.222724914550781e-05
delete time:2.384185791015625e-05
delete time:1.9311904907226562e-05
delete time:5.340576171875e-05
delete time:2.1457672119140625e-05
delete time:1.5497207641601562e-05
delete time:2.7179718017578125e-05
delete time:1.7881393432617188e-05
delete time:3.933906555175781e-05
delete time:5.888938903808594e-05
delete time:1.4543533325195312e-05
delete time:2.2172927856445312e-05
delete time:3.5762786865234375e-05
delete time:2.1219253540039062e-05
delete time:3.600120544433594e-05
delete time:1.9073486328125e-05
delete time:3.1948089599609375e-05
delete time:2.09808349609375e-05
delete time:1.4781951904296875e-05
delete time:2.002716064453125e-05
delete time:6.437301635742188e-05
delete time:1.8835067749023438e-05
delete time:2.384185791015625e-05
delete time:5.984306335449219e-05
delete time:2.3126602172851562e-05
delete time:3.886222839355469e-05
delete time:2.9325485229492188e-05
delete time:2.47955322265625e-05
delete time:2.002716064453125e-05
delete time:5.817413330078125e-05
delete time:2.4080276489257812e-05
delete time:6.341934204101562e-05
delete time:3.4332275390625e-05
delete time:1.52587890625e-05
delete time:3.457069396972656e-05
delete time:2.09808349609375e-05
delete time:2.384185791015625e-05
delete time:2.002716064453125e-05
delete time:3.218650817871094e-05
delete time:4.6253204345703125e-05
delete time:2.4318695068359375e-05
delete time:2.5033950805664062e-05
delete time:4.029273986816406e-05
delete time:3.0040740966796875e-05
delete time:1.52587890625e-05
delete time:5.602836608886719e-05
delete time:1.7881393432617188e-05
delete time:2.4557113647460938e-05
delete time:1.9311904907226562e-05
delete time:5.14984130859375e-05
delete time:3.337860107421875e-05
delete time:2.09808349609375e-05
delete time:1.6927719116210938e-05
delete time:2.5987625122070312e-05
delete time:4.863739013671875e-05
delete time:2.0742416381835938e-05
delete time:3.528594970703125e-05
delete time:1.8835067749023438e-05
delete time:2.0503997802734375e-05
delete time:2.2411346435546875e-05
delete time:2.002716064453125e-05
delete time:1.5974044799804688e-05
delete time:5.841255187988281e-05
delete time:1.7404556274414062e-05
delete time:3.337860107421875e-05
delete time:2.288818359375e-05
delete time:2.1457672119140625e-05
delete time:1.7642974853515625e-05
delete time:6.532669067382812e-05
delete time:1.6689300537109375e-05
delete time:2.002716064453125e-05
delete time:1.9073486328125e-05
delete time:2.6702880859375e-05
delete time:4.673004150390625e-05
delete time:2.3126602172851562e-05
delete time:3.314018249511719e-05
delete time:1.5497207641601562e-05
delete time:1.2159347534179688e-05
delete time:2.2411346435546875e-05
delete time:1.7881393432617188e-05
delete time:2.0742416381835938e-05
delete time:3.7670135498046875e-05
delete time:2.8133392333984375e-05
delete time:1.8358230590820312e-05
delete time:6.461143493652344e-05
delete time:1.7881393432617188e-05
delete time:2.3126602172851562e-05
delete time:1.6450881958007812e-05
delete time:2.9802322387695312e-05
delete time:5.793571472167969e-05
delete time:2.3603439331054688e-05
delete time:6.651878356933594e-05
delete time:5.412101745605469e-05
delete time:2.0742416381835938e-05
delete time:5.459785461425781e-05
delete time:6.699562072753906e-05
delete time:3.743171691894531e-05
delete time:1.7881393432617188e-05
delete time:3.933906555175781e-05
delete time:3.266334533691406e-05
delete time:2.7418136596679688e-05
delete time:1.52587890625e-05
delete time:2.5272369384765625e-05
delete time:1.6689300537109375e-05
delete time:1.5974044799804688e-05
delete time:5.841255187988281e-05
delete time:5.841255187988281e-05
delete time:3.314018249511719e-05
delete time:3.0279159545898438e-05
delete time:1.9550323486328125e-05
delete time:6.747245788574219e-05
delete time:1.9311904907226562e-05
delete time:1.5020370483398438e-05
delete time:6.437301635742188e-05
delete time:2.2172927856445312e-05
delete time:5.8650970458984375e-05
delete time:2.193450927734375e-05
delete time:1.3589859008789062e-05
delete time:6.198883056640625e-05
delete time:2.6464462280273438e-05
delete time:3.62396240234375e-05
delete time:5.8650970458984375e-05
delete time:6.246566772460938e-05
delete time:1.6689300537109375e-05
delete time:5.817413330078125e-05
delete time:1.7881393432617188e-05
delete time:1.6450881958007812e-05
delete time:6.0558319091796875e-05
delete time:6.389617919921875e-05
delete time:6.365776062011719e-05
delete time:1.9311904907226562e-05
delete time:1.5497207641601562e-05
delete time:3.3855438232421875e-05
delete time:1.239776611328125e-05
delete time:2.6702880859375e-05
delete time:2.765655517578125e-05
delete time:2.2172927856445312e-05
delete time:3.504753112792969e-05
delete time:6.341934204101562e-05
delete time:3.3855438232421875e-05
delete time:2.3603439331054688e-05
delete time:1.8835067749023438e-05
delete time:2.2411346435546875e-05
delete time:2.002716064453125e-05
delete time:5.412101745605469e-05
delete time:2.7894973754882812e-05
delete time:3.0517578125e-05
delete time:1.5020370483398438e-05
delete time:3.4332275390625e-05
delete time:1.7881393432617188e-05
delete time:2.09808349609375e-05
delete time:2.3603439331054688e-05
delete time:3.695487976074219e-05
delete time:6.103515625e-05
delete time:5.8650970458984375e-05
delete time:1.5974044799804688e-05
delete time:1.4781951904296875e-05
delete time:2.5272369384765625e-05
delete time:1.5735626220703125e-05
delete time:1.2874603271484375e-05
delete time:1.52587890625e-05
delete time:2.8133392333984375e-05
delete time:2.193450927734375e-05
delete time:2.7179718017578125e-05
delete time:1.8835067749023438e-05
delete time:2.288818359375e-05
delete time:1.9311904907226562e-05
delete time:2.4557113647460938e-05
delete time:6.0558319091796875e-05
delete time:6.461143493652344e-05
delete time:5.698204040527344e-05
delete time:1.430511474609375e-05
delete time:4.100799560546875e-05
delete time:2.0265579223632812e-05
delete time:6.4849853515625e-05
delete time:4.124641418457031e-05
delete time:2.09808349609375e-05
delete time:1.52587890625e-05
delete time:6.127357482910156e-05
delete time:3.0040740966796875e-05
delete time:2.288818359375e-05
delete time:1.621246337890625e-05
delete time:4.076957702636719e-05
delete time:2.47955322265625e-05
delete time:6.365776062011719e-05
delete time:5.030632019042969e-05
delete time:3.0040740966796875e-05
delete time:5.888938903808594e-05
delete time:6.175041198730469e-05
delete time:1.5020370483398438e-05
delete time:1.8835067749023438e-05
delete time:5.5789947509765625e-05
delete time:1.8358230590820312e-05
delete time:2.288818359375e-05
delete time:1.9788742065429688e-05
delete time:5.936622619628906e-05
delete time:5.507469177246094e-05
delete time:1.5497207641601562e-05
delete time:2.09808349609375e-05
delete time:5.817413330078125e-05
delete time:2.9802322387695312e-05
delete time:2.5510787963867188e-05
delete time:6.628036499023438e-05
delete time:1.33514404296875e-05
delete time:2.193450927734375e-05
delete time:5.14984130859375e-05
delete time:6.270408630371094e-05
delete time:3.0040740966796875e-05
delete time:3.886222839355469e-05
delete time:2.0503997802734375e-05
delete time:1.621246337890625e-05
delete time:6.413459777832031e-05
delete time:3.075599670410156e-05
delete time:0.00018739700317382812
delete time:1.71661376953125e-05
delete time:1.5497207641601562e-05
delete time:7.319450378417969e-05
delete time:2.2411346435546875e-05
delete time:5.3882598876953125e-05
delete time:2.2172927856445312e-05
delete time:2.0742416381835938e-05
delete time:5.9604644775390625e-05
delete time:6.031990051269531e-05
delete time:2.5510787963867188e-05
delete time:1.430511474609375e-05
delete time:1.0967254638671875e-05
delete time:8.392333984375e-05
delete time:2.8133392333984375e-05
delete time:5.602836608886719e-05
delete time:4.0531158447265625e-05
delete time:2.193450927734375e-05
delete time:3.743171691894531e-05
delete time:4.1484832763671875e-05
delete time:2.7179718017578125e-05
delete time:6.771087646484375e-05
delete time:1.8596649169921875e-05
delete time:2.0265579223632812e-05
delete time:3.552436828613281e-05
delete time:1.7404556274414062e-05
delete time:3.075599670410156e-05
delete time:2.3365020751953125e-05
delete time:1.8596649169921875e-05
delete time:1.9311904907226562e-05
delete time:5.8650970458984375e-05
delete time:3.0040740966796875e-05
delete time:6.246566772460938e-05
delete time:3.6716461181640625e-05
delete time:1.9788742065429688e-05
delete time:6.0558319091796875e-05
delete time:5.7220458984375e-05
delete time:2.47955322265625e-05
delete time:5.555152893066406e-05
delete time:1.7404556274414062e-05
delete time:1.7881393432617188e-05
delete time:1.71661376953125e-05
delete time:2.4557113647460938e-05
delete time:3.719329833984375e-05
delete time:7.82012939453125e-05
delete time:5.054473876953125e-05
delete time:6.651878356933594e-05
delete time:2.6941299438476562e-05
delete time:2.9087066650390625e-05
delete time:4.220008850097656e-05
delete time:3.4809112548828125e-05
delete time:2.3603439331054688e-05
delete time:2.6702880859375e-05
delete time:2.2172927856445312e-05
delete time:3.504753112792969e-05
delete time:2.002716064453125e-05
delete time:2.4080276489257812e-05
delete time:2.765655517578125e-05
delete time:6.413459777832031e-05
delete time:2.6464462280273438e-05
delete time:5.793571472167969e-05
delete time:2.1457672119140625e-05
delete time:6.079673767089844e-05
delete time:5.984306335449219e-05
delete time:6.103515625e-05
delete time:3.314018249511719e-05
delete time:6.222724914550781e-05
delete time:2.2649765014648438e-05
delete time:2.956390380859375e-05
delete time:1.4543533325195312e-05
delete time:7.295608520507812e-05
delete time:6.67572021484375e-05
delete time:3.4809112548828125e-05
delete time:6.008148193359375e-05
delete time:2.1696090698242188e-05
delete time:1.430511474609375e-05
delete time:3.337860107421875e-05
delete time:4.172325134277344e-05
delete time:2.8848648071289062e-05
delete time:3.218650817871094e-05
delete time:2.2411346435546875e-05
delete time:3.170967102050781e-05
delete time:4.482269287109375e-05
delete time:2.4080276489257812e-05
delete time:2.765655517578125e-05
delete time:1.8835067749023438e-05
delete time:5.888938903808594e-05
delete time:3.075599670410156e-05
delete time:3.337860107421875e-05
delete time:2.5272369384765625e-05
delete time:2.0742416381835938e-05
delete time:1.6927719116210938e-05
delete time:2.4557113647460938e-05
delete time:5.3882598876953125e-05
delete time:2.574920654296875e-05
delete time:2.3603439331054688e-05
delete time:3.0279159545898438e-05
delete time:2.09808349609375e-05
delete time:5.793571472167969e-05
delete time:2.0742416381835938e-05
delete time:2.1219253540039062e-05
delete time:1.4781951904296875e-05
delete time:2.0742416381835938e-05
delete time:1.9311904907226562e-05
delete time:2.0742416381835938e-05
delete time:2.5033950805664062e-05
delete time:2.3126602172851562e-05
delete time:2.8848648071289062e-05
delete time:4.482269287109375e-05
delete time:1.9311904907226562e-05
delete time:4.220008850097656e-05
delete time:1.3828277587890625e-05
delete time:3.0517578125e-05
delete time:5.53131103515625e-05
delete time:4.982948303222656e-05
delete time:6.937980651855469e-05
delete time:2.5987625122070312e-05
delete time:1.8835067749023438e-05
delete time:5.078315734863281e-05
delete time:3.24249267578125e-05
delete time:1.7881393432617188e-05
delete time:2.6941299438476562e-05
delete time:3.600120544433594e-05
delete time:2.765655517578125e-05
delete time:2.4080276489257812e-05
delete time:3.0040740966796875e-05
delete time:2.193450927734375e-05
delete time:3.314018249511719e-05
delete time:1.71661376953125e-05
delete time:2.0742416381835938e-05
delete time:2.1696090698242188e-05
delete time:3.075599670410156e-05
delete time:2.6941299438476562e-05
delete time:3.123283386230469e-05
delete time:2.574920654296875e-05
delete time:1.9550323486328125e-05
delete time:1.71661376953125e-05
delete time:3.1948089599609375e-05
delete time:1.5020370483398438e-05
delete time:3.075599670410156e-05
delete time:5.5789947509765625e-05
delete time:4.291534423828125e-05
delete time:2.1219253540039062e-05
delete time:5.459785461425781e-05
delete time:2.6226043701171875e-05
delete time:5.364418029785156e-05
delete time:5.364418029785156e-05
delete time:1.811981201171875e-05
delete time:6.031990051269531e-05
delete time:1.7881393432617188e-05
delete time:1.8835067749023438e-05
delete time:2.5033950805664062e-05
delete time:5.7220458984375e-05
delete time:1.7642974853515625e-05
delete time:1.6450881958007812e-05
delete time:2.5987625122070312e-05
delete time:2.5987625122070312e-05
delete time:4.029273986816406e-05
delete time:2.2411346435546875e-05
delete time:5.5789947509765625e-05
delete time:2.09808349609375e-05
delete time:2.47955322265625e-05
delete time:5.8650970458984375e-05
delete time:2.5033950805664062e-05
delete time:2.3126602172851562e-05
delete time:3.24249267578125e-05
delete time:0.0001361370086669922
delete time:5.91278076171875e-05
delete time:2.3365020751953125e-05
delete time:5.745887756347656e-05
delete time:2.3126602172851562e-05
delete time:2.5510787963867188e-05
delete time:1.8596649169921875e-05
delete time:1.52587890625e-05
delete time:3.218650817871094e-05
delete time:2.956390380859375e-05
delete time:1.8835067749023438e-05
delete time:5.173683166503906e-05
delete time:5.5789947509765625e-05
delete time:5.555152893066406e-05
delete time:3.838539123535156e-05
delete time:2.5272369384765625e-05
delete time:1.5735626220703125e-05
delete time:2.384185791015625e-05
delete time:2.7418136596679688e-05
delete time:3.457069396972656e-05
delete time:2.3365020751953125e-05
delete time:3.0279159545898438e-05
delete time:1.4781951904296875e-05
delete time:3.361701965332031e-05
delete time:1.6450881958007812e-05
delete time:2.5987625122070312e-05
delete time:2.0265579223632812e-05
delete time:2.47955322265625e-05
delete time:1.9550323486328125e-05
delete time:2.2172927856445312e-05
delete time:5.9604644775390625e-05
delete time:5.745887756347656e-05
delete time:4.3392181396484375e-05
delete time:2.0265579223632812e-05
delete time:2.7179718017578125e-05
delete time:2.5033950805664062e-05
delete time:5.412101745605469e-05
delete time:2.2172927856445312e-05
delete time:1.52587890625e-05
delete time:2.574920654296875e-05
delete time:1.1205673217773438e-05
delete time:2.4080276489257812e-05
delete time:1.621246337890625e-05
delete time:1.9788742065429688e-05
delete time:2.6226043701171875e-05
delete time:2.0742416381835938e-05
delete time:2.8133392333984375e-05
delete time:2.9087066650390625e-05
delete time:1.7404556274414062e-05
delete time:1.5020370483398438e-05
delete time:5.173683166503906e-05
delete time:1.9550323486328125e-05
delete time:3.7670135498046875e-05
delete time:2.86102294921875e-05
delete time:2.0265579223632812e-05
delete time:2.574920654296875e-05
delete time:3.4809112548828125e-05
delete time:2.384185791015625e-05
delete time:2.9802322387695312e-05
delete time:3.337860107421875e-05
delete time:2.1457672119140625e-05
delete time:2.193450927734375e-05
delete time:2.7179718017578125e-05
delete time:3.314018249511719e-05
delete time:2.1696090698242188e-05
delete time:3.528594970703125e-05
delete time:3.218650817871094e-05
delete time:3.266334533691406e-05
delete time:2.1696090698242188e-05
delete time:1.9073486328125e-05
delete time:6.365776062011719e-05
delete time:2.5510787963867188e-05
delete time:3.9577484130859375e-05
delete time:6.246566772460938e-05
delete time:1.7881393432617188e-05
delete time:2.9802322387695312e-05
delete time:2.6226043701171875e-05
delete time:2.0265579223632812e-05
delete time:2.2649765014648438e-05
delete time:2.2172927856445312e-05
delete time:2.2411346435546875e-05
delete time:1.6450881958007812e-05
delete time:1.8358230590820312e-05
delete time:1.8358230590820312e-05
delete time:6.365776062011719e-05
delete time:2.7418136596679688e-05
delete time:2.8371810913085938e-05
delete time:1.71661376953125e-05
delete time:2.4080276489257812e-05
delete time:2.4080276489257812e-05
delete time:2.0265579223632812e-05
delete time:2.8371810913085938e-05
delete time:3.552436828613281e-05
delete time:6.103515625e-05
delete time:5.7697296142578125e-05
delete time:2.4080276489257812e-05
delete time:5.459785461425781e-05
delete time:0.00019216537475585938
delete time:2.8848648071289062e-05
delete time:3.504753112792969e-05
delete time:1.9073486328125e-05
delete time:1.621246337890625e-05
delete time:2.5033950805664062e-05
delete time:2.9087066650390625e-05
delete time:5.91278076171875e-05
delete time:5.53131103515625e-05
delete time:3.24249267578125e-05
delete time:2.47955322265625e-05
delete time:5.650520324707031e-05
delete time:2.7418136596679688e-05
delete time:5.4836273193359375e-05
delete time:5.2928924560546875e-05
delete time:1.3113021850585938e-05
delete time:2.5033950805664062e-05
delete time:1.4066696166992188e-05
delete time:2.5510787963867188e-05
delete time:2.1696090698242188e-05
delete time:3.123283386230469e-05
delete time:4.00543212890625e-05
delete time:6.413459777832031e-05
delete time:3.123283386230469e-05
delete time:5.7220458984375e-05
delete time:2.5033950805664062e-05
delete time:2.765655517578125e-05
delete time:2.09808349609375e-05
delete time:2.2411346435546875e-05
delete time:2.5272369384765625e-05
delete time:5.459785461425781e-05
delete time:4.076957702636719e-05
delete time:6.318092346191406e-05
delete time:3.981590270996094e-05
delete time:1.5020370483398438e-05
delete time:2.1457672119140625e-05
delete time:1.5020370483398438e-05
delete time:4.100799560546875e-05
delete time:1.9788742065429688e-05
delete time:2.6941299438476562e-05
delete time:6.246566772460938e-05
delete time:2.574920654296875e-05
delete time:5.435943603515625e-05
delete time:2.6226043701171875e-05
delete time:3.814697265625e-05
delete time:4.935264587402344e-05
delete time:1.8835067749023438e-05
delete time:2.47955322265625e-05
delete time:6.103515625e-05
delete time:1.7881393432617188e-05
delete time:2.09808349609375e-05
delete time:3.147125244140625e-05
delete time:5.53131103515625e-05
delete time:2.765655517578125e-05
delete time:1.9311904907226562e-05
delete time:2.5272369384765625e-05
delete time:1.7881393432617188e-05
delete time:2.2649765014648438e-05
delete time:1.4066696166992188e-05
delete time:1.0728836059570312e-05
delete time:2.4080276489257812e-05
delete time:1.811981201171875e-05
delete time:1.9788742065429688e-05
delete time:1.7881393432617188e-05
delete time:3.7670135498046875e-05
delete time:6.175041198730469e-05
delete time:6.246566772460938e-05
delete time:3.075599670410156e-05
delete time:6.580352783203125e-05
delete time:1.9788742065429688e-05
delete time:1.8835067749023438e-05
delete time:6.437301635742188e-05
delete time:4.935264587402344e-05
delete time:3.4332275390625e-05
delete time:2.6464462280273438e-05
delete time:1.8835067749023438e-05
delete time:1.9550323486328125e-05
delete time:2.574920654296875e-05
delete time:1.5974044799804688e-05
delete time:1.8835067749023438e-05
delete time:2.9087066650390625e-05
delete time:2.4080276489257812e-05
delete time:2.6941299438476562e-05
delete time:5.7220458984375e-05
delete time:2.002716064453125e-05
delete time:1.4066696166992188e-05
delete time:3.075599670410156e-05
delete time:2.5510787963867188e-05
delete time:5.841255187988281e-05
delete time:5.316734313964844e-05
delete time:5.602836608886719e-05
delete time:2.7179718017578125e-05
delete time:2.5987625122070312e-05
delete time:3.0040740966796875e-05
delete time:1.9550323486328125e-05
delete time:5.626678466796875e-05
delete time:5.364418029785156e-05
delete time:2.2649765014648438e-05
delete time:2.002716064453125e-05
delete time:2.8848648071289062e-05
delete time:3.886222839355469e-05
delete time:2.09808349609375e-05
delete time:2.384185791015625e-05
delete time:2.47955322265625e-05
delete time:1.8596649169921875e-05
delete time:3.123283386230469e-05
delete time:6.031990051269531e-05
delete time:1.52587890625e-05
delete time:1.5497207641601562e-05
delete time:2.5987625122070312e-05
delete time:0.00015401840209960938
delete time:2.956390380859375e-05
delete time:1.7642974853515625e-05
delete time:6.4849853515625e-05
delete time:6.246566772460938e-05
delete time:1.9073486328125e-05
delete time:2.2649765014648438e-05
delete time:2.4080276489257812e-05
delete time:3.695487976074219e-05
delete time:2.1696090698242188e-05
delete time:5.14984130859375e-05
delete time:2.2649765014648438e-05
delete time:2.574920654296875e-05
delete time:1.8596649169921875e-05
delete time:2.4318695068359375e-05
delete time:1.9073486328125e-05
delete time:2.1457672119140625e-05
delete time:5.7697296142578125e-05
delete time:1.5020370483398438e-05
delete time:5.91278076171875e-05
delete time:1.9788742065429688e-05
delete time:5.2928924560546875e-05
delete time:2.6702880859375e-05
delete time:2.1219253540039062e-05
delete time:2.0742416381835938e-05
delete time:1.5735626220703125e-05
delete time:3.147125244140625e-05
delete time:6.341934204101562e-05
delete time:1.9550323486328125e-05
delete time:7.128715515136719e-05
delete time:2.9325485229492188e-05
delete time:2.47955322265625e-05
delete time:1.2159347534179688e-05
delete time:2.4557113647460938e-05
delete time:2.6464462280273438e-05
delete time:5.8650970458984375e-05
delete time:1.7881393432617188e-05
delete time:5.125999450683594e-05
delete time:5.435943603515625e-05
delete time:2.4318695068359375e-05
delete time:1.7404556274414062e-05
delete time:2.2172927856445312e-05
delete time:1.5735626220703125e-05
delete time:1.430511474609375e-05
delete time:5.2928924560546875e-05
delete time:2.5272369384765625e-05
delete time:3.2901763916015625e-05
delete time:5.14984130859375e-05
delete time:5.7697296142578125e-05
delete time:1.8358230590820312e-05
delete time:2.1696090698242188e-05
delete time:1.7881393432617188e-05
delete time:2.8133392333984375e-05
delete time:6.29425048828125e-05
delete time:5.125999450683594e-05
delete time:4.506111145019531e-05
delete time:2.8133392333984375e-05
delete time:1.6927719116210938e-05
delete time:2.4318695068359375e-05
delete time:5.340576171875e-05
delete time:2.6702880859375e-05
delete time:1.6689300537109375e-05
delete time:2.09808349609375e-05
delete time:1.71661376953125e-05
delete time:2.8848648071289062e-05
delete time:1.9311904907226562e-05
delete time:1.9788742065429688e-05
delete time:5.7220458984375e-05
delete time:5.340576171875e-05
delete time:2.193450927734375e-05
delete time:2.384185791015625e-05
delete time:1.621246337890625e-05
delete time:2.8133392333984375e-05
delete time:3.4332275390625e-05
delete time:1.71661376953125e-05
delete time:5.078315734863281e-05
delete time:3.4332275390625e-05
delete time:5.6743621826171875e-05
delete time:2.2411346435546875e-05
delete time:1.7642974853515625e-05
delete time:6.580352783203125e-05
delete time:2.2411346435546875e-05
delete time:2.6226043701171875e-05
delete time:2.1696090698242188e-05
delete time:6.079673767089844e-05
delete time:2.1219253540039062e-05
delete time:3.0279159545898438e-05
delete time:2.2172927856445312e-05
delete time:2.2411346435546875e-05
delete time:5.936622619628906e-05
delete time:2.8848648071289062e-05
delete time:6.341934204101562e-05
delete time:1.4543533325195312e-05
delete time:1.8596649169921875e-05
delete time:6.008148193359375e-05
delete time:2.8848648071289062e-05
delete time:2.193450927734375e-05
delete time:1.430511474609375e-05
delete time:1.5974044799804688e-05
delete time:5.91278076171875e-05
delete time:2.6702880859375e-05
delete time:2.3126602172851562e-05
delete time:2.4080276489257812e-05
delete time:2.8848648071289062e-05
delete time:2.3126602172851562e-05
delete time:3.552436828613281e-05
delete time:2.4318695068359375e-05
delete time:1.9550323486328125e-05
delete time:1.9073486328125e-05
delete time:2.5987625122070312e-05
delete time:2.4557113647460938e-05
delete time:2.2411346435546875e-05
delete time:3.3855438232421875e-05
delete time:5.745887756347656e-05
delete time:5.245208740234375e-05
delete time:1.8596649169921875e-05
delete time:1.2636184692382812e-05
delete time:2.002716064453125e-05
delete time:2.6941299438476562e-05
delete time:2.5033950805664062e-05
delete time:1.6927719116210938e-05
delete time:2.3365020751953125e-05
delete time:2.6702880859375e-05
delete time:5.626678466796875e-05
delete time:2.2411346435546875e-05
delete time:2.3603439331054688e-05
delete time:3.337860107421875e-05
delete time:1.7642974853515625e-05
delete time:1.4543533325195312e-05
delete time:2.4080276489257812e-05
delete time:3.0279159545898438e-05
delete time:6.437301635742188e-05
delete time:1.9550323486328125e-05
delete time:1.9550323486328125e-05
delete time:1.6689300537109375e-05
delete time:1.8596649169921875e-05
delete time:5.3882598876953125e-05
delete time:1.7404556274414062e-05
delete time:2.2411346435546875e-05
delete time:3.147125244140625e-05
delete time:2.4557113647460938e-05
delete time:1.9073486328125e-05
delete time:2.0742416381835938e-05
delete time:2.2411346435546875e-05
delete time:5.602836608886719e-05
delete time:1.4781951904296875e-05
delete time:2.0503997802734375e-05
delete time:5.555152893066406e-05
delete time:4.696846008300781e-05
delete time:5.91278076171875e-05
delete time:2.9802322387695312e-05
delete time:1.5020370483398438e-05
delete time:5.650520324707031e-05
delete time:3.7670135498046875e-05
delete time:2.193450927734375e-05
delete time:1.9311904907226562e-05
delete time:2.9325485229492188e-05
delete time:2.7894973754882812e-05
delete time:1.8835067749023438e-05
delete time:1.811981201171875e-05
delete time:1.9073486328125e-05
delete time:3.5762786865234375e-05
delete time:1.9788742065429688e-05
delete time:2.1219253540039062e-05
delete time:6.794929504394531e-05
delete time:2.86102294921875e-05
delete time:1.6927719116210938e-05
delete time:1.4066696166992188e-05
delete time:3.0279159545898438e-05
delete time:2.2172927856445312e-05
delete time:1.621246337890625e-05
delete time:2.193450927734375e-05
delete time:1.8835067749023438e-05
delete time:2.956390380859375e-05
delete time:2.193450927734375e-05
delete time:2.0742416381835938e-05
delete time:2.1696090698242188e-05
delete time:2.3365020751953125e-05
delete time:2.6226043701171875e-05
delete time:5.269050598144531e-05
delete time:5.936622619628906e-05
delete time:5.245208740234375e-05
delete time:4.76837158203125e-05
delete time:2.2649765014648438e-05
delete time:1.621246337890625e-05
delete time:1.6450881958007812e-05
delete time:6.389617919921875e-05
delete time:3.2901763916015625e-05
delete time:2.574920654296875e-05
delete time:5.8650970458984375e-05
delete time:2.5272369384765625e-05
delete time:1.9311904907226562e-05
delete time:2.384185791015625e-05
delete time:6.914138793945312e-05
delete time:5.9604644775390625e-05
delete time:2.09808349609375e-05
delete time:2.09808349609375e-05
delete time:2.8371810913085938e-05
delete time:2.2411346435546875e-05
delete time:6.127357482910156e-05
delete time:2.1457672119140625e-05
delete time:1.4781951904296875e-05
delete time:1.7404556274414062e-05
delete time:5.8650970458984375e-05
delete time:1.4543533325195312e-05
delete time:2.765655517578125e-05
delete time:0.00015044212341308594
delete time:2.288818359375e-05
delete time:6.365776062011719e-05
delete time:2.9087066650390625e-05
delete time:1.7642974853515625e-05
delete time:2.9325485229492188e-05
delete time:2.6226043701171875e-05
delete time:2.09808349609375e-05
delete time:5.698204040527344e-05
delete time:1.9311904907226562e-05
delete time:2.7418136596679688e-05
delete time:2.574920654296875e-05
delete time:2.6702880859375e-05
delete time:6.341934204101562e-05
delete time:3.552436828613281e-05
delete time:2.5510787963867188e-05
delete time:2.0265579223632812e-05
delete time:5.745887756347656e-05
delete time:1.7881393432617188e-05
delete time:5.1975250244140625e-05
delete time:3.147125244140625e-05
delete time:3.0994415283203125e-05
delete time:6.794929504394531e-05
delete time:1.8596649169921875e-05
delete time:2.0265579223632812e-05
delete time:5.650520324707031e-05
delete time:2.6941299438476562e-05
delete time:5.698204040527344e-05
delete time:1.6450881958007812e-05
delete time:6.222724914550781e-05
delete time:1.6450881958007812e-05
delete time:3.528594970703125e-05
delete time:6.961822509765625e-05
delete time:3.552436828613281e-05
delete time:6.127357482910156e-05
delete time:1.9788742065429688e-05
delete time:2.6702880859375e-05
delete time:1.5020370483398438e-05
delete time:2.3365020751953125e-05
delete time:6.0558319091796875e-05
delete time:3.218650817871094e-05
delete time:6.29425048828125e-05
delete time:5.173683166503906e-05
delete time:1.9788742065429688e-05
delete time:2.1219253540039062e-05
delete time:2.2172927856445312e-05
delete time:2.288818359375e-05
delete time:1.7404556274414062e-05
delete time:3.147125244140625e-05
delete time:1.7404556274414062e-05
delete time:6.508827209472656e-05
delete time:3.552436828613281e-05
delete time:1.239776611328125e-05
delete time:2.7894973754882812e-05
delete time:2.6941299438476562e-05
delete time:2.1219253540039062e-05
delete time:6.29425048828125e-05
delete time:2.765655517578125e-05
delete time:2.765655517578125e-05
delete time:6.389617919921875e-05
delete time:1.9311904907226562e-05
delete time:2.956390380859375e-05
delete time:5.364418029785156e-05
delete time:1.5974044799804688e-05
delete time:6.0558319091796875e-05
delete time:5.3882598876953125e-05
delete time:6.198883056640625e-05
delete time:1.8358230590820312e-05
delete time:2.1696090698242188e-05
delete time:5.841255187988281e-05
delete time:4.482269287109375e-05
delete time:1.4781951904296875e-05
delete time:2.193450927734375e-05
delete time:2.6464462280273438e-05
delete time:2.1219253540039062e-05
delete time:2.86102294921875e-05
delete time:1.811981201171875e-05
delete time:1.8835067749023438e-05
delete time:1.8835067749023438e-05
delete time:1.621246337890625e-05
delete time:2.2172927856445312e-05
delete time:1.7881393432617188e-05
delete time:3.504753112792969e-05
delete time:2.0742416381835938e-05
delete time:2.5987625122070312e-05
delete time:2.1696090698242188e-05
delete time:6.246566772460938e-05
delete time:4.839897155761719e-05
delete time:1.621246337890625e-05
delete time:3.0279159545898438e-05
delete time:3.123283386230469e-05
delete time:3.075599670410156e-05
delete time:1.9073486328125e-05
delete time:3.504753112792969e-05
delete time:3.0040740966796875e-05
delete time:6.437301635742188e-05
delete time:3.075599670410156e-05
delete time:1.9788742065429688e-05
delete time:3.1948089599609375e-05
delete time:5.412101745605469e-05
delete time:2.5510787963867188e-05
delete time:3.24249267578125e-05
delete time:2.2649765014648438e-05
delete time:1.7404556274414062e-05
delete time:2.6226043701171875e-05
delete time:2.384185791015625e-05
delete time:6.079673767089844e-05
delete time:2.3126602172851562e-05
delete time:5.1021575927734375e-05
delete time:5.5789947509765625e-05
delete time:3.123283386230469e-05
delete time:2.8133392333984375e-05
delete time:2.4080276489257812e-05
delete time:1.7404556274414062e-05
delete time:6.556510925292969e-05
delete time:2.193450927734375e-05
delete time:1.621246337890625e-05
delete time:2.4080276489257812e-05
delete time:1.1920928955078125e-05
delete time:2.002716064453125e-05
delete time:4.601478576660156e-05
delete time:2.7179718017578125e-05
delete time:2.0742416381835938e-05
delete time:1.8596649169921875e-05
delete time:2.193450927734375e-05
delete time:1.5735626220703125e-05
delete time:1.1920928955078125e-05
delete time:6.198883056640625e-05
delete time:2.574920654296875e-05
delete time:1.52587890625e-05
delete time:1.7642974853515625e-05
delete time:6.222724914550781e-05
delete time:5.14984130859375e-05
delete time:2.5510787963867188e-05
delete time:2.5272369384765625e-05
delete time:1.811981201171875e-05
delete time:5.435943603515625e-05
delete time:5.698204040527344e-05
delete time:2.5033950805664062e-05
delete time:2.0503997802734375e-05
delete time:5.245208740234375e-05
delete time:2.2411346435546875e-05
delete time:2.5033950805664062e-05
delete time:2.193450927734375e-05
delete time:2.3126602172851562e-05
delete time:1.8358230590820312e-05
delete time:2.574920654296875e-05
delete time:3.0279159545898438e-05
delete time:2.5272369384765625e-05
delete time:2.8848648071289062e-05
delete time:1.5735626220703125e-05
delete time:2.0265579223632812e-05
delete time:2.7179718017578125e-05
delete time:2.3365020751953125e-05
delete time:2.1696090698242188e-05
delete time:6.914138793945312e-05
delete time:2.002716064453125e-05
delete time:6.175041198730469e-05
delete time:1.621246337890625e-05
delete time:2.9087066650390625e-05
delete time:3.218650817871094e-05
delete time:2.47955322265625e-05
delete time:2.5987625122070312e-05
delete time:1.9550323486328125e-05
delete time:2.4080276489257812e-05
delete time:1.52587890625e-05
delete time:1.9550323486328125e-05
delete time:2.6702880859375e-05
delete time:5.53131103515625e-05
delete time:2.9087066650390625e-05
delete time:1.7881393432617188e-05
delete time:2.6226043701171875e-05
delete time:6.413459777832031e-05
delete time:2.4557113647460938e-05
delete time:2.0503997802734375e-05
delete time:3.0279159545898438e-05
delete time:1.52587890625e-05
delete time:3.266334533691406e-05
delete time:2.6464462280273438e-05
delete time:5.745887756347656e-05
delete time:2.193450927734375e-05
delete time:6.461143493652344e-05
delete time:1.1920928955078125e-05
delete time:2.4557113647460938e-05
delete time:1.9073486328125e-05
delete time:1.8835067749023438e-05
delete time:2.2411346435546875e-05
delete time:2.09808349609375e-05
delete time:3.314018249511719e-05
delete time:2.4318695068359375e-05
delete time:2.1219253540039062e-05
delete time:1.811981201171875e-05
delete time:2.0503997802734375e-05
delete time:5.4836273193359375e-05
delete time:3.0994415283203125e-05
delete time:2.6464462280273438e-05
delete time:5.8650970458984375e-05
delete time:2.4080276489257812e-05
delete time:3.24249267578125e-05
delete time:2.7894973754882812e-05
delete time:1.811981201171875e-05
delete time:5.435943603515625e-05
delete time:2.288818359375e-05
delete time:2.2172927856445312e-05
delete time:6.4849853515625e-05
delete time:3.170967102050781e-05
delete time:2.0742416381835938e-05
delete time:2.2172927856445312e-05
delete time:1.5735626220703125e-05
delete time:1.9311904907226562e-05
delete time:2.4557113647460938e-05
delete time:5.269050598144531e-05
delete time:1.621246337890625e-05
delete time:6.794929504394531e-05
delete time:2.1219253540039062e-05
delete time:2.6941299438476562e-05
delete time:3.1948089599609375e-05
delete time:6.008148193359375e-05
delete time:2.6464462280273438e-05
delete time:3.504753112792969e-05
delete time:1.5735626220703125e-05
delete time:1.6450881958007812e-05
delete time:6.0558319091796875e-05
delete time:2.4557113647460938e-05
delete time:5.7220458984375e-05
delete time:2.5272369384765625e-05
delete time:5.245208740234375e-05
delete time:2.4080276489257812e-05
delete time:2.4557113647460938e-05
delete time:2.9325485229492188e-05
delete time:1.9788742065429688e-05
delete time:1.7642974853515625e-05
delete time:2.7418136596679688e-05
delete time:6.127357482910156e-05
delete time:2.6702880859375e-05
delete time:2.288818359375e-05
delete time:3.147125244140625e-05
delete time:2.6702880859375e-05
delete time:2.574920654296875e-05
delete time:2.8848648071289062e-05
delete time:1.4543533325195312e-05
delete time:6.175041198730469e-05
delete time:5.888938903808594e-05
delete time:1.9311904907226562e-05
delete time:1.9311904907226562e-05
delete time:1.3589859008789062e-05
delete time:3.218650817871094e-05
delete time:1.9788742065429688e-05
delete time:2.956390380859375e-05
delete time:1.5974044799804688e-05
delete time:2.288818359375e-05
delete time:2.8848648071289062e-05
delete time:2.3365020751953125e-05
delete time:2.384185791015625e-05
delete time:2.8848648071289062e-05
delete time:1.8358230590820312e-05
delete time:2.4318695068359375e-05
delete time:2.0503997802734375e-05
delete time:1.811981201171875e-05
delete time:2.1219253540039062e-05
delete time:2.2411346435546875e-05
delete time:6.365776062011719e-05
delete time:0.00010704994201660156
delete time:5.3882598876953125e-05
delete time:2.4557113647460938e-05
delete time:2.5033950805664062e-05
delete time:1.2874603271484375e-05
delete time:2.384185791015625e-05
delete time:1.9311904907226562e-05
delete time:6.151199340820312e-05
delete time:5.841255187988281e-05
delete time:3.266334533691406e-05
delete time:2.5510787963867188e-05
delete time:1.9550323486328125e-05
delete time:2.0503997802734375e-05
delete time:5.364418029785156e-05
delete time:5.507469177246094e-05
delete time:5.6743621826171875e-05
delete time:2.7179718017578125e-05
delete time:1.7404556274414062e-05
delete time:2.002716064453125e-05
delete time:2.47955322265625e-05
delete time:1.621246337890625e-05
delete time:5.269050598144531e-05
delete time:1.7642974853515625e-05
delete time:2.1696090698242188e-05
delete time:1.7881393432617188e-05
delete time:1.621246337890625e-05
delete time:6.842613220214844e-05
delete time:1.8358230590820312e-05
delete time:6.079673767089844e-05
delete time:2.6226043701171875e-05
delete time:6.0558319091796875e-05
delete time:5.078315734863281e-05
delete time:2.47955322265625e-05
delete time:1.3828277587890625e-05
delete time:6.461143493652344e-05
delete time:1.3589859008789062e-05
delete time:2.0742416381835938e-05
delete time:5.650520324707031e-05
delete time:2.6464462280273438e-05
delete time:1.8358230590820312e-05
delete time:6.461143493652344e-05
delete time:2.9087066650390625e-05
delete time:3.147125244140625e-05
delete time:2.1696090698242188e-05
delete time:2.7418136596679688e-05
delete time:5.221366882324219e-05
delete time:6.008148193359375e-05
delete time:2.1696090698242188e-05
delete time:2.3365020751953125e-05
delete time:2.6941299438476562e-05
delete time:5.7220458984375e-05
delete time:3.0279159545898438e-05
delete time:5.8650970458984375e-05
delete time:5.793571472167969e-05
delete time:2.1219253540039062e-05
delete time:2.0265579223632812e-05
delete time:1.52587890625e-05
delete time:3.3855438232421875e-05
delete time:2.1219253540039062e-05
delete time:1.52587890625e-05
delete time:1.6450881958007812e-05
delete time:3.170967102050781e-05
delete time:1.8596649169921875e-05
delete time:2.765655517578125e-05
delete time:6.318092346191406e-05
delete time:4.76837158203125e-05
delete time:2.2172927856445312e-05
delete time:5.507469177246094e-05
delete time:1.7642974853515625e-05
delete time:2.4557113647460938e-05
delete time:2.288818359375e-05
delete time:2.0742416381835938e-05
delete time:1.71661376953125e-05
delete time:1.7404556274414062e-05
delete time:2.5510787963867188e-05
delete time:5.1021575927734375e-05
delete time:1.8596649169921875e-05
delete time:3.3855438232421875e-05
delete time:3.2901763916015625e-05
delete time:2.7418136596679688e-05
delete time:2.9325485229492188e-05
delete time:2.3365020751953125e-05
delete time:2.7418136596679688e-05
delete time:2.7179718017578125e-05
delete time:3.075599670410156e-05
delete time:5.745887756347656e-05
delete time:2.3603439331054688e-05
delete time:2.2411346435546875e-05
delete time:2.002716064453125e-05
delete time:5.2928924560546875e-05
delete time:2.3603439331054688e-05
delete time:6.437301635742188e-05
delete time:6.246566772460938e-05
delete time:2.6941299438476562e-05
delete time:1.6689300537109375e-05
delete time:2.8371810913085938e-05
delete time:2.5987625122070312e-05
delete time:2.3126602172851562e-05
delete time:6.937980651855469e-05
delete time:2.6464462280273438e-05
delete time:2.8371810913085938e-05
delete time:2.6226043701171875e-05
delete time:2.5987625122070312e-05
delete time:2.384185791015625e-05
delete time:3.600120544433594e-05
delete time:2.0265579223632812e-05
delete time:3.0517578125e-05
delete time:2.765655517578125e-05
delete time:1.9073486328125e-05
delete time:2.6702880859375e-05
delete time:5.4836273193359375e-05
delete time:5.817413330078125e-05
delete time:5.6743621826171875e-05
delete time:2.0742416381835938e-05
delete time:2.9325485229492188e-05
delete time:2.5033950805664062e-05
delete time:2.1457672119140625e-05
delete time:2.2649765014648438e-05
delete time:5.936622619628906e-05
delete time:2.7418136596679688e-05
delete time:6.365776062011719e-05
delete time:5.841255187988281e-05
delete time:2.2649765014648438e-05
delete time:1.621246337890625e-05
delete time:2.288818359375e-05
delete time:2.384185791015625e-05
delete time:2.47955322265625e-05
delete time:2.1457672119140625e-05
delete time:2.4557113647460938e-05
delete time:2.1219253540039062e-05
delete time:5.1975250244140625e-05
delete time:3.4332275390625e-05
delete time:2.6941299438476562e-05
delete time:2.8371810913085938e-05
delete time:1.6927719116210938e-05
delete time:1.4066696166992188e-05
delete time:2.6464462280273438e-05
delete time:6.771087646484375e-05
delete time:3.218650817871094e-05
delete time:1.9788742065429688e-05
delete time:6.556510925292969e-05
delete time:0.00011229515075683594
delete time:4.076957702636719e-05
delete time:2.4318695068359375e-05
delete time:5.2928924560546875e-05
delete time:1.7404556274414062e-05
delete time:2.574920654296875e-05
delete time:2.193450927734375e-05
delete time:2.4080276489257812e-05
delete time:6.389617919921875e-05
delete time:5.459785461425781e-05
delete time:2.002716064453125e-05
delete time:6.580352783203125e-05
delete time:2.384185791015625e-05
delete time:5.3882598876953125e-05
delete time:6.341934204101562e-05
delete time:2.09808349609375e-05
delete time:1.621246337890625e-05
delete time:2.5510787963867188e-05
delete time:1.8596649169921875e-05
delete time:2.2649765014648438e-05
delete time:1.8835067749023438e-05
delete time:5.626678466796875e-05
delete time:2.2649765014648438e-05
delete time:2.86102294921875e-05
delete time:1.5974044799804688e-05
delete time:1.7404556274414062e-05
delete time:6.0558319091796875e-05
delete time:5.841255187988281e-05
delete time:2.5033950805664062e-05
delete time:2.2411346435546875e-05
delete time:5.125999450683594e-05
delete time:2.8371810913085938e-05
delete time:2.7418136596679688e-05
delete time:6.937980651855469e-05
delete time:2.2172927856445312e-05
delete time:6.341934204101562e-05
delete time:5.53131103515625e-05
delete time:2.2411346435546875e-05
delete time:2.09808349609375e-05
delete time:5.245208740234375e-05
delete time:2.9802322387695312e-05
delete time:5.841255187988281e-05
delete time:2.1219253540039062e-05
delete time:3.504753112792969e-05
delete time:2.002716064453125e-05
delete time:1.6689300537109375e-05
delete time:8.368492126464844e-05
delete time:1.811981201171875e-05
delete time:6.246566772460938e-05
delete time:1.8596649169921875e-05
delete time:2.288818359375e-05
delete time:6.127357482910156e-05
delete time:2.384185791015625e-05
delete time:2.3365020751953125e-05
delete time:2.0503997802734375e-05
delete time:6.532669067382812e-05
delete time:2.2649765014648438e-05
delete time:5.435943603515625e-05
delete time:6.580352783203125e-05
delete time:1.9550323486328125e-05
delete time:2.5272369384765625e-05
delete time:2.2172927856445312e-05
delete time:2.288818359375e-05
delete time:2.0742416381835938e-05
delete time:1.811981201171875e-05
delete time:5.364418029785156e-05
delete time:5.888938903808594e-05
delete time:3.24249267578125e-05
delete time:2.384185791015625e-05
delete time:2.2411346435546875e-05
delete time:2.288818359375e-05
delete time:2.5033950805664062e-05
delete time:5.507469177246094e-05
delete time:4.9114227294921875e-05
delete time:3.314018249511719e-05
delete time:5.841255187988281e-05
delete time:2.5272369384765625e-05
delete time:2.09808349609375e-05
delete time:3.4332275390625e-05
delete time:3.719329833984375e-05
delete time:1.9550323486328125e-05
delete time:6.103515625e-05
delete time:2.574920654296875e-05
delete time:1.8358230590820312e-05
delete time:2.5272369384765625e-05
delete time:6.437301635742188e-05
delete time:2.6702880859375e-05
delete time:2.0265579223632812e-05
delete time:2.1457672119140625e-05
delete time:1.71661376953125e-05
delete time:2.3365020751953125e-05
delete time:2.86102294921875e-05
delete time:5.221366882324219e-05
delete time:4.863739013671875e-05
delete time:7.05718994140625e-05
delete time:3.1948089599609375e-05
delete time:1.6450881958007812e-05
delete time:2.2411346435546875e-05
delete time:2.1219253540039062e-05
delete time:2.1696090698242188e-05
delete time:6.246566772460938e-05
delete time:5.507469177246094e-05
delete time:2.6464462280273438e-05
delete time:2.574920654296875e-05
delete time:1.5974044799804688e-05
delete time:2.3603439331054688e-05
delete time:2.5510787963867188e-05
delete time:2.86102294921875e-05
delete time:1.7642974853515625e-05
delete time:2.3365020751953125e-05
delete time:5.9604644775390625e-05
delete time:5.7220458984375e-05
delete time:2.574920654296875e-05
delete time:5.91278076171875e-05
delete time:5.745887756347656e-05
delete time:2.193450927734375e-05
delete time:5.53131103515625e-05
delete time:5.7697296142578125e-05
delete time:1.5974044799804688e-05
delete time:3.4332275390625e-05
delete time:2.47955322265625e-05
delete time:6.723403930664062e-05
delete time:5.459785461425781e-05
delete time:2.9802322387695312e-05
delete time:2.1219253540039062e-05
delete time:1.8596649169921875e-05
delete time:2.0265579223632812e-05
delete time:2.2172927856445312e-05
delete time:1.7881393432617188e-05
delete time:2.5033950805664062e-05
delete time:5.555152893066406e-05
delete time:5.2928924560546875e-05
delete time:6.341934204101562e-05
delete time:2.8133392333984375e-05
delete time:2.288818359375e-05
delete time:2.384185791015625e-05
delete time:6.723403930664062e-05
delete time:2.1457672119140625e-05
delete time:6.222724914550781e-05
delete time:2.4318695068359375e-05
delete time:6.222724914550781e-05
delete time:1.9550323486328125e-05
delete time:1.9788742065429688e-05
delete time:2.4080276489257812e-05
delete time:5.507469177246094e-05
delete time:5.459785461425781e-05
delete time:2.09808349609375e-05
delete time:7.176399230957031e-05
delete time:2.0265579223632812e-05
delete time:2.7418136596679688e-05
delete time:2.384185791015625e-05
delete time:5.626678466796875e-05
delete time:3.0517578125e-05
delete time:2.574920654296875e-05
delete time:2.6702880859375e-05
delete time:2.8133392333984375e-05
delete time:3.361701965332031e-05
delete time:5.078315734863281e-05
delete time:3.0040740966796875e-05
delete time:5.221366882324219e-05
delete time:2.7418136596679688e-05
delete time:5.53131103515625e-05
delete time:2.384185791015625e-05
delete time:2.1696090698242188e-05
delete time:5.2928924560546875e-05
delete time:3.170967102050781e-05
delete time:2.6226043701171875e-05
delete time:2.1696090698242188e-05
delete time:2.0265579223632812e-05
delete time:2.574920654296875e-05
delete time:6.794929504394531e-05
delete time:2.3365020751953125e-05
delete time:1.8835067749023438e-05
delete time:1.4781951904296875e-05
delete time:2.288818359375e-05
delete time:5.3882598876953125e-05
delete time:2.86102294921875e-05
delete time:2.2172927856445312e-05
delete time:2.5510787963867188e-05
delete time:1.9311904907226562e-05
delete time:2.5510787963867188e-05
delete time:2.0742416381835938e-05
delete time:6.723403930664062e-05
delete time:1.5020370483398438e-05
delete time:2.3365020751953125e-05
delete time:3.0040740966796875e-05
delete time:1.5497207641601562e-05
delete time:2.86102294921875e-05
delete time:2.7179718017578125e-05
delete time:2.3126602172851562e-05
delete time:6.246566772460938e-05
delete time:1.8835067749023438e-05
delete time:2.6702880859375e-05
delete time:2.8848648071289062e-05
delete time:2.5272369384765625e-05
delete time:1.8596649169921875e-05
delete time:2.288818359375e-05
delete time:2.6941299438476562e-05
delete time:5.745887756347656e-05
delete time:2.1696090698242188e-05
delete time:5.91278076171875e-05
delete time:2.3126602172851562e-05
delete time:1.9788742065429688e-05
delete time:1.811981201171875e-05
delete time:1.4543533325195312e-05
delete time:7.796287536621094e-05
delete time:1.9311904907226562e-05
delete time:1.9788742065429688e-05
delete time:1.52587890625e-05
delete time:2.2411346435546875e-05
delete time:2.09808349609375e-05
delete time:2.7418136596679688e-05
delete time:2.09808349609375e-05
delete time:2.8133392333984375e-05
delete time:2.09808349609375e-05
delete time:1.6927719116210938e-05
delete time:2.6464462280273438e-05
delete time:1.4781951904296875e-05
delete time:2.384185791015625e-05
delete time:2.0742416381835938e-05
delete time:2.002716064453125e-05
delete time:1.811981201171875e-05
delete time:2.0742416381835938e-05
delete time:2.4557113647460938e-05
delete time:7.414817810058594e-05
delete time:6.031990051269531e-05
delete time:2.4318695068359375e-05
delete time:1.9311904907226562e-05
delete time:2.5272369384765625e-05
delete time:1.8358230590820312e-05
delete time:2.2649765014648438e-05
delete time:7.152557373046875e-05
delete time:2.193450927734375e-05
delete time:2.288818359375e-05
delete time:2.1457672119140625e-05
delete time:6.818771362304688e-05
delete time:2.765655517578125e-05
delete time:2.7179718017578125e-05
delete time:1.8835067749023438e-05
delete time:6.508827209472656e-05
delete time:2.3603439331054688e-05
delete time:1.6927719116210938e-05
delete time:2.2172927856445312e-05
delete time:2.1219253540039062e-05
delete time:2.4080276489257812e-05
delete time:1.4781951904296875e-05
delete time:1.7642974853515625e-05
delete time:1.9550323486328125e-05
delete time:1.811981201171875e-05
delete time:1.52587890625e-05
delete time:2.4318695068359375e-05
delete time:2.193450927734375e-05
delete time:2.1457672119140625e-05
delete time:2.5987625122070312e-05
delete time:2.3603439331054688e-05
delete time:1.9788742065429688e-05
delete time:7.843971252441406e-05
delete time:3.457069396972656e-05
delete time:2.3126602172851562e-05
delete time:2.002716064453125e-05
delete time:2.2649765014648438e-05
delete time:5.412101745605469e-05
delete time:3.170967102050781e-05
delete time:7.43865966796875e-05
delete time:2.288818359375e-05
delete time:1.7881393432617188e-05
delete time:1.1205673217773438e-05
delete time:1.9550323486328125e-05
delete time:2.9325485229492188e-05
delete time:1.5735626220703125e-05
delete time:1.8596649169921875e-05
delete time:6.246566772460938e-05
delete time:5.507469177246094e-05
delete time:4.8160552978515625e-05
delete time:1.9550323486328125e-05
delete time:2.2411346435546875e-05
delete time:1.9550323486328125e-05
delete time:2.1219253540039062e-05
delete time:2.2172927856445312e-05
delete time:2.7179718017578125e-05
delete time:2.5987625122070312e-05
delete time:2.002716064453125e-05
delete time:2.0503997802734375e-05
delete time:2.3365020751953125e-05
delete time:3.123283386230469e-05
delete time:2.1696090698242188e-05
delete time:2.4080276489257812e-05
delete time:1.5497207641601562e-05
delete time:2.765655517578125e-05
delete time:1.5974044799804688e-05
delete time:6.175041198730469e-05
delete time:3.62396240234375e-05
delete time:2.3365020751953125e-05
delete time:2.5272369384765625e-05
delete time:2.4318695068359375e-05
delete time:2.5510787963867188e-05
delete time:3.0279159545898438e-05
delete time:1.52587890625e-05
delete time:2.2649765014648438e-05
delete time:1.9073486328125e-05
delete time:2.002716064453125e-05
delete time:6.747245788574219e-05
delete time:1.8596649169921875e-05
delete time:2.0265579223632812e-05
delete time:2.3603439331054688e-05
delete time:2.3365020751953125e-05
delete time:1.3828277587890625e-05
delete time:2.2172927856445312e-05
delete time:1.71661376953125e-05
delete time:2.384185791015625e-05
delete time:2.7894973754882812e-05
delete time:5.888938903808594e-05
delete time:2.6702880859375e-05
delete time:2.002716064453125e-05
delete time:2.5033950805664062e-05
delete time:1.8835067749023438e-05
delete time:1.8358230590820312e-05
delete time:2.4557113647460938e-05
delete time:6.580352783203125e-05
delete time:2.8133392333984375e-05
delete time:1.8358230590820312e-05
delete time:2.6941299438476562e-05
delete time:1.6927719116210938e-05
delete time:2.2172927856445312e-05
delete time:2.2172927856445312e-05
delete time:2.0265579223632812e-05
delete time:6.246566772460938e-05
delete time:2.288818359375e-05
delete time:6.508827209472656e-05
delete time:2.288818359375e-05
delete time:1.9311904907226562e-05
delete time:2.7894973754882812e-05
delete time:2.0265579223632812e-05
delete time:5.4836273193359375e-05
delete time:5.269050598144531e-05
delete time:6.985664367675781e-05
delete time:2.3365020751953125e-05
delete time:1.811981201171875e-05
delete time:1.4543533325195312e-05
delete time:3.0040740966796875e-05
delete time:5.91278076171875e-05
delete time:5.9604644775390625e-05
delete time:6.127357482910156e-05
delete time:1.5974044799804688e-05
delete time:1.5735626220703125e-05
delete time:5.316734313964844e-05
delete time:1.7642974853515625e-05
delete time:6.508827209472656e-05
delete time:6.198883056640625e-05
delete time:3.0279159545898438e-05
delete time:1.9550323486328125e-05
delete time:6.198883056640625e-05
delete time:2.7418136596679688e-05
delete time:2.0742416381835938e-05
delete time:1.71661376953125e-05
delete time:1.8596649169921875e-05
delete time:2.2172927856445312e-05
delete time:2.9802322387695312e-05
delete time:3.62396240234375e-05
delete time:2.0265579223632812e-05
delete time:6.580352783203125e-05
delete time:2.765655517578125e-05
delete time:4.673004150390625e-05
delete time:5.817413330078125e-05
delete time:6.389617919921875e-05
delete time:1.621246337890625e-05
delete time:3.147125244140625e-05
delete time:2.0265579223632812e-05
delete time:1.4543533325195312e-05
delete time:2.2172927856445312e-05
delete time:2.6226043701171875e-05
delete time:2.1219253540039062e-05
delete time:2.5033950805664062e-05
delete time:2.0503997802734375e-05
delete time:5.435943603515625e-05
delete time:1.811981201171875e-05
delete time:2.288818359375e-05
delete time:1.9788742065429688e-05
delete time:6.270408630371094e-05
delete time:2.1696090698242188e-05
delete time:6.175041198730469e-05
delete time:2.6702880859375e-05
delete time:5.817413330078125e-05
delete time:2.0742416381835938e-05
delete time:2.1457672119140625e-05
delete time:2.2411346435546875e-05
delete time:5.6743621826171875e-05
delete time:2.5510787963867188e-05
delete time:2.3365020751953125e-05
delete time:6.008148193359375e-05
delete time:2.0265579223632812e-05
delete time:1.5974044799804688e-05
delete time:2.2172927856445312e-05
delete time:2.2172927856445312e-05
delete time:2.2649765014648438e-05
delete time:5.1021575927734375e-05
delete time:7.224082946777344e-05
delete time:5.817413330078125e-05
delete time:2.09808349609375e-05
delete time:3.218650817871094e-05
delete time:2.6226043701171875e-05
delete time:6.842613220214844e-05
delete time:1.8596649169921875e-05
delete time:5.5789947509765625e-05
delete time:2.3365020751953125e-05
delete time:2.002716064453125e-05
delete time:2.7894973754882812e-05
delete time:3.62396240234375e-05
delete time:1.7404556274414062e-05
delete time:1.7642974853515625e-05
delete time:2.4557113647460938e-05
delete time:1.33514404296875e-05
delete time:7.2479248046875e-05
delete time:2.288818359375e-05
delete time:2.574920654296875e-05
delete time:1.3589859008789062e-05
delete time:1.7404556274414062e-05
delete time:3.6716461181640625e-05
delete time:2.574920654296875e-05
delete time:1.6450881958007812e-05
delete time:2.09808349609375e-05
delete time:3.0040740966796875e-05
delete time:2.574920654296875e-05
delete time:3.170967102050781e-05
delete time:1.430511474609375e-05
delete time:2.6226043701171875e-05
delete time:5.364418029785156e-05
delete time:2.6941299438476562e-05
delete time:2.0742416381835938e-05
delete time:1.811981201171875e-05
delete time:2.1457672119140625e-05
delete time:1.9311904907226562e-05
delete time:6.318092346191406e-05
delete time:1.9311904907226562e-05
delete time:2.193450927734375e-05
delete time:2.765655517578125e-05
delete time:2.2172927856445312e-05
delete time:7.104873657226562e-05
delete time:1.9788742065429688e-05
delete time:1.9311904907226562e-05
delete time:2.0265579223632812e-05
delete time:1.8596649169921875e-05
delete time:5.3882598876953125e-05
delete time:3.123283386230469e-05
delete time:1.7881393432617188e-05
delete time:2.193450927734375e-05
delete time:2.47955322265625e-05
delete time:2.7418136596679688e-05
delete time:2.2649765014648438e-05
delete time:2.9802322387695312e-05
delete time:1.5020370483398438e-05
delete time:5.91278076171875e-05
delete time:2.0265579223632812e-05
delete time:5.555152893066406e-05
delete time:4.863739013671875e-05
delete time:1.9550323486328125e-05
delete time:1.5735626220703125e-05
delete time:2.0742416381835938e-05
delete time:2.1457672119140625e-05
delete time:2.5987625122070312e-05
delete time:1.9073486328125e-05
delete time:2.288818359375e-05
delete time:2.3603439331054688e-05
delete time:1.9311904907226562e-05
delete time:2.6464462280273438e-05
delete time:5.984306335449219e-05
delete time:2.384185791015625e-05
delete time:2.2172927856445312e-05
delete time:2.1457672119140625e-05
delete time:5.7220458984375e-05
delete time:1.6450881958007812e-05
delete time:2.2649765014648438e-05
delete time:5.817413330078125e-05
delete time:1.71661376953125e-05
delete time:5.221366882324219e-05
delete time:5.125999450683594e-05
delete time:2.574920654296875e-05
delete time:2.5033950805664062e-05
delete time:3.075599670410156e-05
delete time:2.4557113647460938e-05
delete time:1.8835067749023438e-05
delete time:1.4543533325195312e-05
delete time:1.8596649169921875e-05
delete time:1.811981201171875e-05
delete time:2.1696090698242188e-05
delete time:1.6689300537109375e-05
delete time:2.5033950805664062e-05
delete time:1.3828277587890625e-05
delete time:2.5510787963867188e-05
delete time:2.0503997802734375e-05
delete time:1.9311904907226562e-05
delete time:6.103515625e-05
delete time:2.5033950805664062e-05
delete time:2.9325485229492188e-05
delete time:4.2438507080078125e-05
delete time:2.2649765014648438e-05
delete time:6.103515625e-05
delete time:1.2874603271484375e-05
delete time:5.1021575927734375e-05
delete time:1.6689300537109375e-05
delete time:1.1205673217773438e-05
delete time:1.8596649169921875e-05
delete time:1.8596649169921875e-05
delete time:2.1457672119140625e-05
delete time:2.3365020751953125e-05
delete time:5.650520324707031e-05
delete time:1.8358230590820312e-05
delete time:9.560585021972656e-05
delete time:6.413459777832031e-05
delete time:2.7418136596679688e-05
delete time:5.7697296142578125e-05
delete time:5.650520324707031e-05
delete time:1.4781951904296875e-05
delete time:5.793571472167969e-05
delete time:2.7894973754882812e-05
delete time:2.8371810913085938e-05
delete time:1.8835067749023438e-05
delete time:2.0265579223632812e-05
delete time:2.9087066650390625e-05
delete time:2.0503997802734375e-05
delete time:2.574920654296875e-05
delete time:2.2649765014648438e-05
delete time:2.193450927734375e-05
delete time:2.002716064453125e-05
delete time:2.288818359375e-05
delete time:2.5987625122070312e-05
delete time:6.890296936035156e-05
delete time:2.0265579223632812e-05
delete time:3.0517578125e-05
delete time:2.4557113647460938e-05
delete time:1.8358230590820312e-05
delete time:3.0517578125e-05
delete time:1.8358230590820312e-05
delete time:3.170967102050781e-05
delete time:2.6464462280273438e-05
delete time:2.47955322265625e-05
delete time:1.1682510375976562e-05
delete time:1.71661376953125e-05
delete time:2.384185791015625e-05
delete time:6.246566772460938e-05
delete time:2.7179718017578125e-05
delete time:3.123283386230469e-05
delete time:1.52587890625e-05
delete time:0.18590784072875977
delete time:3.0994415283203125e-05
delete time:2.7894973754882812e-05
delete time:2.5510787963867188e-05
delete time:2.1696090698242188e-05
delete time:1.4781951904296875e-05
delete time:1.5974044799804688e-05
delete time:2.2172927856445312e-05
delete time:7.891654968261719e-05
delete time:5.91278076171875e-05
delete time:2.2411346435546875e-05
delete time:1.7642974853515625e-05
delete time:7.510185241699219e-05
delete time:1.4543533325195312e-05
delete time:1.9788742065429688e-05
delete time:1.4543533325195312e-05
delete time:1.4543533325195312e-05
delete time:6.556510925292969e-05
delete time:3.647804260253906e-05
delete time:2.4080276489257812e-05
delete time:7.82012939453125e-05
delete time:2.5272369384765625e-05
delete time:1.4543533325195312e-05
delete time:2.574920654296875e-05
delete time:1.0967254638671875e-05
delete time:2.0742416381835938e-05
delete time:6.389617919921875e-05
delete time:1.6450881958007812e-05
delete time:2.2649765014648438e-05
delete time:3.123283386230469e-05
delete time:2.3365020751953125e-05
delete time:1.7642974853515625e-05
delete time:2.4318695068359375e-05
delete time:7.271766662597656e-05
delete time:2.2649765014648438e-05
delete time:2.1219253540039062e-05
delete time:2.8371810913085938e-05
delete time:2.574920654296875e-05
delete time:2.9325485229492188e-05
delete time:2.288818359375e-05
delete time:6.604194641113281e-05
delete time:1.52587890625e-05
delete time:1.52587890625e-05
delete time:1.5020370483398438e-05
delete time:5.9604644775390625e-05
delete time:6.628036499023438e-05
delete time:3.314018249511719e-05
delete time:2.3126602172851562e-05
delete time:1.2159347534179688e-05
delete time:1.9550323486328125e-05
delete time:1.621246337890625e-05
delete time:2.288818359375e-05
delete time:2.8371810913085938e-05
delete time:1.811981201171875e-05
delete time:2.6226043701171875e-05
delete time:4.9591064453125e-05
delete time:3.62396240234375e-05
delete time:1.621246337890625e-05
delete time:5.245208740234375e-05
delete time:5.030632019042969e-05
delete time:2.5510787963867188e-05
delete time:1.6450881958007812e-05
delete time:1.811981201171875e-05
delete time:1.621246337890625e-05
delete time:2.2411346435546875e-05
delete time:2.6941299438476562e-05
delete time:2.574920654296875e-05
delete time:1.239776611328125e-05
delete time:6.0558319091796875e-05
delete time:1.2874603271484375e-05
delete time:2.1696090698242188e-05
delete time:2.574920654296875e-05
delete time:1.52587890625e-05
delete time:1.3113021850585938e-05
delete time:1.5735626220703125e-05
delete time:2.2411346435546875e-05
delete time:6.389617919921875e-05
delete time:1.239776611328125e-05
delete time:2.0265579223632812e-05
delete time:2.0742416381835938e-05
delete time:5.9604644775390625e-05
delete time:9.441375732421875e-05
delete time:5.9604644775390625e-05
delete time:1.1444091796875e-05
delete time:1.4781951904296875e-05
delete time:2.288818359375e-05
delete time:2.3126602172851562e-05
delete time:2.5033950805664062e-05
delete time:1.6689300537109375e-05
delete time:1.0251998901367188e-05
delete time:5.459785461425781e-05
delete time:2.9087066650390625e-05
delete time:2.5510787963867188e-05
delete time:1.6450881958007812e-05
delete time:5.650520324707031e-05
delete time:2.0742416381835938e-05
delete time:1.4066696166992188e-05
delete time:1.8596649169921875e-05
delete time:1.9073486328125e-05
delete time:1.5497207641601562e-05
delete time:1.6689300537109375e-05
delete time:1.3828277587890625e-05
delete time:3.170967102050781e-05
delete time:1.7881393432617188e-05
delete time:5.1021575927734375e-05
delete time:2.6464462280273438e-05
delete time:5.650520324707031e-05
delete time:1.6450881958007812e-05
delete time:6.29425048828125e-05
delete time:4.9114227294921875e-05
delete time:5.698204040527344e-05
delete time:1.5497207641601562e-05
delete time:5.817413330078125e-05
delete time:2.2411346435546875e-05
delete time:1.2636184692382812e-05
delete time:4.9114227294921875e-05
delete time:1.6450881958007812e-05
delete time:1.8596649169921875e-05
delete time:6.127357482910156e-05
delete time:3.2901763916015625e-05
delete time:1.5735626220703125e-05
delete time:2.5987625122070312e-05
delete time:2.8371810913085938e-05
delete time:1.9073486328125e-05
delete time:1.4066696166992188e-05
delete time:2.4318695068359375e-05
delete time:2.1696090698242188e-05
delete time:5.6743621826171875e-05
delete time:2.86102294921875e-05
delete time:6.103515625e-05
delete time:2.3603439331054688e-05
delete time:5.173683166503906e-05
delete time:3.0279159545898438e-05
delete time:1.621246337890625e-05
delete time:2.2172927856445312e-05
delete time:5.602836608886719e-05
delete time:5.054473876953125e-05
delete time:2.6702880859375e-05
delete time:2.5510787963867188e-05
delete time:1.9311904907226562e-05
delete time:2.765655517578125e-05
delete time:2.9325485229492188e-05
delete time:2.9802322387695312e-05
delete time:2.5510787963867188e-05
delete time:5.602836608886719e-05
delete time:2.8848648071289062e-05
delete time:5.125999450683594e-05
delete time:1.1444091796875e-05
delete time:1.7642974853515625e-05
delete time:6.008148193359375e-05
delete time:4.792213439941406e-05
delete time:2.002716064453125e-05
delete time:1.33514404296875e-05
delete time:2.5510787963867188e-05
delete time:1.6450881958007812e-05
delete time:5.91278076171875e-05
delete time:2.4318695068359375e-05
delete time:5.1975250244140625e-05
delete time:2.1219253540039062e-05
delete time:2.4080276489257812e-05
delete time:5.7220458984375e-05
delete time:3.1948089599609375e-05
delete time:2.0742416381835938e-05
delete time:1.5735626220703125e-05
delete time:2.3126602172851562e-05
delete time:1.5974044799804688e-05
delete time:1.5020370483398438e-05
delete time:2.0265579223632812e-05
delete time:6.699562072753906e-05
delete time:1.8835067749023438e-05
delete time:1.1682510375976562e-05
delete time:1.5974044799804688e-05
delete time:2.09808349609375e-05
delete time:5.435943603515625e-05
delete time:2.6226043701171875e-05
delete time:4.482269287109375e-05
delete time:5.698204040527344e-05
delete time:3.647804260253906e-05
delete time:6.151199340820312e-05
delete time:2.9325485229492188e-05
delete time:1.5735626220703125e-05
delete time:2.0503997802734375e-05
delete time:2.3365020751953125e-05
delete time:2.7418136596679688e-05
delete time:2.2411346435546875e-05
delete time:2.5033950805664062e-05
delete time:2.8133392333984375e-05
delete time:4.0531158447265625e-05
delete time:5.269050598144531e-05
delete time:2.09808349609375e-05
delete time:2.0265579223632812e-05
delete time:3.933906555175781e-05
delete time:5.364418029785156e-05
delete time:6.031990051269531e-05
delete time:3.409385681152344e-05
delete time:6.341934204101562e-05
delete time:2.956390380859375e-05
delete time:4.9591064453125e-05
delete time:3.743171691894531e-05
delete time:1.8596649169921875e-05
delete time:1.049041748046875e-05
delete time:2.4080276489257812e-05
delete time:6.437301635742188e-05
delete time:7.152557373046875e-05
delete time:1.7642974853515625e-05
delete time:5.650520324707031e-05
delete time:2.384185791015625e-05
delete time:2.3365020751953125e-05
delete time:5.555152893066406e-05
delete time:2.3126602172851562e-05
delete time:4.9591064453125e-05
delete time:1.2874603271484375e-05
delete time:4.839897155761719e-05
delete time:2.6464462280273438e-05
delete time:2.0503997802734375e-05
delete time:1.1682510375976562e-05
delete time:3.7670135498046875e-05
delete time:1.430511474609375e-05
delete time:1.9550323486328125e-05
delete time:2.47955322265625e-05
delete time:2.288818359375e-05
delete time:2.8371810913085938e-05
delete time:3.600120544433594e-05
delete time:6.175041198730469e-05
delete time:6.198883056640625e-05
delete time:4.9591064453125e-05
delete time:1.7642974853515625e-05
delete time:2.3365020751953125e-05
delete time:2.86102294921875e-05
delete time:1.6450881958007812e-05
delete time:2.3365020751953125e-05
delete time:6.866455078125e-05
delete time:2.3126602172851562e-05
delete time:3.9577484130859375e-05
delete time:5.9604644775390625e-05
delete time:2.8848648071289062e-05
delete time:5.507469177246094e-05
delete time:5.698204040527344e-05
delete time:2.4557113647460938e-05
delete time:1.6450881958007812e-05
delete time:2.6464462280273438e-05
delete time:2.3365020751953125e-05
delete time:1.9311904907226562e-05
delete time:1.0967254638671875e-05
delete time:5.793571472167969e-05
delete time:1.621246337890625e-05
delete time:4.792213439941406e-05
delete time:2.47955322265625e-05
delete time:2.384185791015625e-05
delete time:1.9073486328125e-05
delete time:5.6743621826171875e-05
delete time:2.9802322387695312e-05
delete time:2.6941299438476562e-05
delete time:1.52587890625e-05
delete time:2.193450927734375e-05
delete time:1.52587890625e-05
delete time:2.0742416381835938e-05
delete time:6.365776062011719e-05
delete time:2.7418136596679688e-05
delete time:6.723403930664062e-05
delete time:2.2649765014648438e-05
delete time:2.002716064453125e-05
delete time:2.5510787963867188e-05
delete time:2.8371810913085938e-05
delete time:6.532669067382812e-05
delete time:5.435943603515625e-05
delete time:2.2172927856445312e-05
delete time:5.4836273193359375e-05
delete time:2.574920654296875e-05
delete time:1.33514404296875e-05
delete time:1.71661376953125e-05
delete time:1.430511474609375e-05
delete time:5.1021575927734375e-05
delete time:8.535385131835938e-05
delete time:2.002716064453125e-05
delete time:3.647804260253906e-05
delete time:5.53131103515625e-05
delete time:2.002716064453125e-05
delete time:2.5987625122070312e-05
delete time:2.6226043701171875e-05
delete time:2.3126602172851562e-05
delete time:1.1205673217773438e-05
delete time:2.193450927734375e-05
delete time:9.5367431640625e-06
delete time:5.626678466796875e-05
delete time:2.0503997802734375e-05
delete time:5.650520324707031e-05
delete time:4.315376281738281e-05
delete time:1.3589859008789062e-05
delete time:1.71661376953125e-05
delete time:5.054473876953125e-05
delete time:2.9087066650390625e-05
delete time:1.1920928955078125e-05
delete time:3.7670135498046875e-05
delete time:2.3603439331054688e-05
delete time:1.9311904907226562e-05
delete time:1.6450881958007812e-05
delete time:2.2172927856445312e-05
delete time:2.2649765014648438e-05
delete time:2.5272369384765625e-05
delete time:5.3882598876953125e-05
delete time:2.5272369384765625e-05
delete time:4.863739013671875e-05
delete time:2.0742416381835938e-05
delete time:2.288818359375e-05
delete time:6.008148193359375e-05
delete time:3.719329833984375e-05
delete time:4.76837158203125e-05
delete time:1.5974044799804688e-05
delete time:1.8835067749023438e-05
delete time:4.792213439941406e-05
delete time:4.6253204345703125e-05
delete time:2.6464462280273438e-05
delete time:2.765655517578125e-05
delete time:1.1205673217773438e-05
delete time:1.9073486328125e-05
delete time:5.1021575927734375e-05
delete time:3.886222839355469e-05
delete time:5.221366882324219e-05
delete time:2.7418136596679688e-05
delete time:1.6927719116210938e-05
delete time:2.288818359375e-05
delete time:5.364418029785156e-05
delete time:2.3126602172851562e-05
delete time:5.1021575927734375e-05
delete time:5.054473876953125e-05
delete time:3.8623809814453125e-05
delete time:2.8133392333984375e-05
delete time:2.3365020751953125e-05
delete time:2.8133392333984375e-05
delete time:1.8358230590820312e-05
delete time:5.4836273193359375e-05
delete time:2.5510787963867188e-05
delete time:3.2901763916015625e-05
delete time:1.6689300537109375e-05
delete time:2.0265579223632812e-05
delete time:6.413459777832031e-05
delete time:1.6450881958007812e-05
delete time:2.1219253540039062e-05
delete time:4.744529724121094e-05
delete time:4.57763671875e-05
delete time:2.384185791015625e-05
delete time:2.193450927734375e-05
delete time:5.650520324707031e-05
delete time:4.5299530029296875e-05
delete time:1.6927719116210938e-05
delete time:4.863739013671875e-05
delete time:2.2411346435546875e-05
delete time:4.935264587402344e-05
delete time:1.8358230590820312e-05
delete time:2.09808349609375e-05
delete time:4.57763671875e-05
delete time:1.3828277587890625e-05
delete time:1.7642974853515625e-05
delete time:3.314018249511719e-05
delete time:1.7881393432617188e-05
delete time:3.647804260253906e-05
delete time:1.6450881958007812e-05
delete time:6.532669067382812e-05
delete time:2.0742416381835938e-05
delete time:5.125999450683594e-05
delete time:1.9788742065429688e-05
delete time:1.2159347534179688e-05
delete time:5.316734313964844e-05
delete time:5.555152893066406e-05
delete time:4.744529724121094e-05
delete time:3.528594970703125e-05
delete time:1.9550323486328125e-05
delete time:6.318092346191406e-05
delete time:5.269050598144531e-05
delete time:2.384185791015625e-05
delete time:4.839897155761719e-05
delete time:1.1444091796875e-05
delete time:2.6226043701171875e-05
delete time:1.71661376953125e-05
delete time:2.47955322265625e-05
delete time:1.8596649169921875e-05
delete time:4.863739013671875e-05
delete time:1.7404556274414062e-05
delete time:2.2411346435546875e-05
delete time:7.963180541992188e-05
delete time:4.8160552978515625e-05
delete time:2.9325485229492188e-05
delete time:5.698204040527344e-05
delete time:2.0742416381835938e-05
delete time:3.5762786865234375e-05
delete time:2.4318695068359375e-05
delete time:5.269050598144531e-05
delete time:2.6941299438476562e-05
delete time:2.2172927856445312e-05
delete time:1.5497207641601562e-05
delete time:3.2901763916015625e-05
delete time:6.103515625e-05
delete time:2.288818359375e-05
delete time:1.430511474609375e-05
delete time:2.86102294921875e-05
delete time:1.8596649169921875e-05
delete time:2.6702880859375e-05
delete time:3.814697265625e-05
delete time:2.2172927856445312e-05
delete time:6.4849853515625e-05
delete time:2.8848648071289062e-05
delete time:1.9073486328125e-05
delete time:5.459785461425781e-05
delete time:2.7894973754882812e-05
delete time:2.0503997802734375e-05
delete time:2.193450927734375e-05
delete time:2.5510787963867188e-05
delete time:3.1948089599609375e-05
delete time:2.002716064453125e-05
delete time:5.91278076171875e-05
delete time:2.8133392333984375e-05
delete time:2.7894973754882812e-05
delete time:5.7220458984375e-05
delete time:4.6253204345703125e-05
delete time:2.7894973754882812e-05
delete time:1.2636184692382812e-05
delete time:3.790855407714844e-05
delete time:2.288818359375e-05
delete time:5.173683166503906e-05
delete time:2.193450927734375e-05
delete time:2.6941299438476562e-05
delete time:2.3365020751953125e-05
delete time:2.765655517578125e-05
delete time:5.125999450683594e-05
delete time:5.173683166503906e-05
delete time:2.5033950805664062e-05
delete time:2.6941299438476562e-05
delete time:6.222724914550781e-05
delete time:5.817413330078125e-05
delete time:2.5033950805664062e-05
delete time:2.6941299438476562e-05
delete time:6.151199340820312e-05
delete time:2.7179718017578125e-05
delete time:2.8133392333984375e-05
delete time:6.508827209472656e-05
delete time:4.839897155761719e-05
delete time:4.935264587402344e-05
delete time:2.2172927856445312e-05
delete time:3.147125244140625e-05
delete time:2.0503997802734375e-05
delete time:2.1219253540039062e-05
delete time:1.5974044799804688e-05
delete time:6.508827209472656e-05
delete time:3.409385681152344e-05
delete time:4.887580871582031e-05
delete time:6.103515625e-05
delete time:1.9550323486328125e-05
delete time:2.0503997802734375e-05
delete time:5.173683166503906e-05
delete time:5.14984130859375e-05
delete time:1.7404556274414062e-05
delete time:4.267692565917969e-05
delete time:1.52587890625e-05
delete time:1.33514404296875e-05
delete time:4.863739013671875e-05
delete time:1.4066696166992188e-05
delete time:5.2928924560546875e-05
delete time:1.7881393432617188e-05
delete time:1.6689300537109375e-05
delete time:4.553794860839844e-05
delete time:1.8596649169921875e-05
delete time:2.6464462280273438e-05
delete time:5.221366882324219e-05
delete time:4.315376281738281e-05
delete time:4.601478576660156e-05
delete time:5.7220458984375e-05
delete time:5.3882598876953125e-05
delete time:2.3365020751953125e-05
delete time:2.1696090698242188e-05
delete time:1.9788742065429688e-05
delete time:5.507469177246094e-05
delete time:2.5272369384765625e-05
delete time:2.3126602172851562e-05
delete time:1.8358230590820312e-05
delete time:2.47955322265625e-05
delete time:1.8358230590820312e-05
delete time:4.649162292480469e-05
delete time:5.0067901611328125e-05
delete time:1.6689300537109375e-05
delete time:1.5020370483398438e-05
delete time:2.288818359375e-05
delete time:2.4318695068359375e-05
delete time:1.8358230590820312e-05
delete time:1.33514404296875e-05
delete time:5.3882598876953125e-05
delete time:1.5497207641601562e-05
delete time:1.7642974853515625e-05
delete time:1.5497207641601562e-05
delete time:2.7179718017578125e-05
delete time:4.267692565917969e-05
delete time:5.4836273193359375e-05
delete time:1.4543533325195312e-05
delete time:1.8596649169921875e-05
delete time:5.3882598876953125e-05
delete time:4.482269287109375e-05
delete time:2.4557113647460938e-05
delete time:2.2172927856445312e-05
delete time:1.6689300537109375e-05
delete time:2.09808349609375e-05
delete time:5.030632019042969e-05
delete time:4.792213439941406e-05
delete time:1.7404556274414062e-05
delete time:2.3365020751953125e-05
delete time:2.3603439331054688e-05
delete time:1.9788742065429688e-05
delete time:2.193450927734375e-05
delete time:2.8133392333984375e-05
delete time:2.7418136596679688e-05
delete time:3.147125244140625e-05
delete time:2.5033950805664062e-05
delete time:1.4543533325195312e-05
delete time:5.6743621826171875e-05
delete time:2.574920654296875e-05
delete time:1.3589859008789062e-05
delete time:1.71661376953125e-05
delete time:4.57763671875e-05
delete time:2.4080276489257812e-05
delete time:2.002716064453125e-05
delete time:4.863739013671875e-05
delete time:2.2172927856445312e-05
delete time:2.4080276489257812e-05
delete time:1.9311904907226562e-05
delete time:1.9788742065429688e-05
delete time:1.8835067749023438e-05
delete time:5.221366882324219e-05
delete time:2.3126602172851562e-05
delete time:2.5510787963867188e-05
delete time:4.935264587402344e-05
delete time:3.123283386230469e-05
delete time:2.956390380859375e-05
delete time:2.47955322265625e-05
delete time:2.1219253540039062e-05
delete time:0.00010085105895996094
delete time:7.486343383789062e-05
delete time:5.650520324707031e-05
delete time:1.8358230590820312e-05
delete time:1.5735626220703125e-05
delete time:6.008148193359375e-05
delete time:1.9788742065429688e-05
delete time:3.0517578125e-05
delete time:1.8835067749023438e-05
delete time:2.765655517578125e-05
delete time:2.3603439331054688e-05
delete time:1.6689300537109375e-05
delete time:1.5735626220703125e-05
delete time:2.09808349609375e-05
delete time:5.0067901611328125e-05
delete time:1.7404556274414062e-05
delete time:2.2411346435546875e-05
delete time:2.2411346435546875e-05
delete time:1.430511474609375e-05
delete time:4.9114227294921875e-05
delete time:1.52587890625e-05
delete time:1.7404556274414062e-05
delete time:1.3113021850585938e-05
delete time:2.3365020751953125e-05
delete time:5.5789947509765625e-05
delete time:4.00543212890625e-05
delete time:6.151199340820312e-05
delete time:3.409385681152344e-05
delete time:4.887580871582031e-05
delete time:1.8358230590820312e-05
delete time:2.2649765014648438e-05
delete time:4.863739013671875e-05
delete time:2.002716064453125e-05
delete time:1.6450881958007812e-05
delete time:1.5735626220703125e-05
delete time:2.09808349609375e-05
delete time:2.7179718017578125e-05
delete time:5.054473876953125e-05
delete time:1.9311904907226562e-05
delete time:2.4318695068359375e-05
delete time:5.245208740234375e-05
delete time:4.5299530029296875e-05
delete time:6.461143493652344e-05
delete time:2.765655517578125e-05
delete time:1.8835067749023438e-05
delete time:3.838539123535156e-05
delete time:1.9550323486328125e-05
delete time:2.86102294921875e-05
delete time:2.47955322265625e-05
delete time:4.5299530029296875e-05
delete time:1.621246337890625e-05
delete time:5.793571472167969e-05
delete time:2.5510787963867188e-05
delete time:2.5272369384765625e-05
delete time:2.1457672119140625e-05
delete time:2.6226043701171875e-05
delete time:2.384185791015625e-05
delete time:4.673004150390625e-05
delete time:1.7881393432617188e-05
delete time:2.002716064453125e-05
delete time:4.7206878662109375e-05
delete time:1.430511474609375e-05
delete time:1.5020370483398438e-05
delete time:5.745887756347656e-05
delete time:4.100799560546875e-05
delete time:7.224082946777344e-05
delete time:2.3126602172851562e-05
delete time:1.9788742065429688e-05
delete time:2.6226043701171875e-05
delete time:2.0742416381835938e-05
delete time:2.7894973754882812e-05
delete time:2.1219253540039062e-05
delete time:4.291534423828125e-05
delete time:4.482269287109375e-05
delete time:6.818771362304688e-05
delete time:1.6689300537109375e-05
delete time:1.6450881958007812e-05
delete time:3.0279159545898438e-05
delete time:1.9311904907226562e-05
delete time:2.0742416381835938e-05
delete time:2.8133392333984375e-05
delete time:1.6927719116210938e-05
delete time:4.935264587402344e-05
delete time:4.601478576660156e-05
delete time:6.365776062011719e-05
delete time:5.173683166503906e-05
delete time:5.125999450683594e-05
delete time:1.9550323486328125e-05
delete time:2.4080276489257812e-05
delete time:1.5735626220703125e-05
delete time:3.933906555175781e-05
delete time:4.744529724121094e-05
delete time:4.38690185546875e-05
delete time:2.9325485229492188e-05
delete time:1.71661376953125e-05
delete time:2.2649765014648438e-05
delete time:3.910064697265625e-05
delete time:4.935264587402344e-05
delete time:2.2411346435546875e-05
delete time:2.1219253540039062e-05
delete time:5.0067901611328125e-05
delete time:1.8596649169921875e-05
delete time:1.5974044799804688e-05
delete time:5.7220458984375e-05
delete time:1.71661376953125e-05
delete time:1.71661376953125e-05
delete time:2.765655517578125e-05
delete time:2.7179718017578125e-05
delete time:4.38690185546875e-05
delete time:1.8358230590820312e-05
delete time:5.459785461425781e-05
delete time:2.2411346435546875e-05
delete time:1.5735626220703125e-05
delete time:3.790855407714844e-05
delete time:2.3126602172851562e-05
delete time:1.8358230590820312e-05
delete time:1.9311904907226562e-05
delete time:2.3365020751953125e-05
delete time:1.811981201171875e-05
delete time:2.09808349609375e-05
delete time:2.2649765014648438e-05
delete time:5.745887756347656e-05
delete time:2.3126602172851562e-05
delete time:2.2172927856445312e-05
delete time:2.1219253540039062e-05
delete time:1.7881393432617188e-05
delete time:4.982948303222656e-05
delete time:4.1961669921875e-05
delete time:2.0265579223632812e-05
delete time:2.384185791015625e-05
delete time:2.8848648071289062e-05
delete time:1.5735626220703125e-05
delete time:2.193450927734375e-05
delete time:4.9591064453125e-05
delete time:3.8623809814453125e-05
delete time:2.9087066650390625e-05
delete time:4.76837158203125e-05
delete time:3.838539123535156e-05
delete time:4.7206878662109375e-05
delete time:3.075599670410156e-05
delete time:2.9325485229492188e-05
delete time:2.2411346435546875e-05
delete time:2.288818359375e-05
delete time:4.673004150390625e-05
delete time:2.8133392333984375e-05
delete time:2.6226043701171875e-05
delete time:4.696846008300781e-05
delete time:1.7642974853515625e-05
delete time:4.220008850097656e-05
delete time:2.7418136596679688e-05
delete time:4.982948303222656e-05
delete time:4.100799560546875e-05
delete time:5.054473876953125e-05
delete time:2.3603439331054688e-05
delete time:2.7179718017578125e-05
delete time:2.7894973754882812e-05
delete time:1.4066696166992188e-05
delete time:4.1484832763671875e-05
delete time:2.0503997802734375e-05
delete time:2.5033950805664062e-05
delete time:2.5510787963867188e-05
delete time:2.5987625122070312e-05
delete time:1.5497207641601562e-05
delete time:1.811981201171875e-05
delete time:2.5987625122070312e-05
delete time:5.888938903808594e-05
delete time:3.147125244140625e-05
delete time:4.5299530029296875e-05
delete time:2.384185791015625e-05
delete time:6.198883056640625e-05
delete time:3.600120544433594e-05
delete time:2.193450927734375e-05
delete time:4.6253204345703125e-05
delete time:3.600120544433594e-05
delete time:1.8596649169921875e-05
delete time:4.172325134277344e-05
delete time:2.2411346435546875e-05
delete time:2.6702880859375e-05
delete time:3.504753112792969e-05
delete time:3.600120544433594e-05
delete time:4.744529724121094e-05
delete time:3.695487976074219e-05
delete time:1.4543533325195312e-05
delete time:1.8835067749023438e-05
delete time:4.363059997558594e-05
delete time:3.8623809814453125e-05
delete time:1.9550323486328125e-05
delete time:4.5299530029296875e-05
delete time:3.8623809814453125e-05
delete time:2.574920654296875e-05
delete time:2.8371810913085938e-05
delete time:1.2874603271484375e-05
delete time:2.2172927856445312e-05
delete time:1.5020370483398438e-05
delete time:4.696846008300781e-05
delete time:2.5510787963867188e-05
delete time:5.53131103515625e-05
delete time:2.384185791015625e-05
delete time:2.193450927734375e-05
delete time:3.170967102050781e-05
delete time:5.245208740234375e-05
delete time:3.981590270996094e-05
delete time:3.695487976074219e-05
delete time:4.458427429199219e-05
delete time:4.792213439941406e-05
delete time:2.5033950805664062e-05
delete time:4.57763671875e-05
delete time:6.556510925292969e-05
delete time:1.9550323486328125e-05
delete time:2.7418136596679688e-05
delete time:1.5735626220703125e-05
delete time:2.765655517578125e-05
delete time:2.1696090698242188e-05
delete time:5.1021575927734375e-05
delete time:4.1484832763671875e-05
delete time:2.09808349609375e-05
delete time:5.054473876953125e-05
delete time:1.0967254638671875e-05
delete time:2.1219253540039062e-05
delete time:2.4080276489257812e-05
delete time:2.384185791015625e-05
delete time:3.0517578125e-05
delete time:2.4080276489257812e-05
delete time:1.52587890625e-05
delete time:1.1920928955078125e-05
delete time:2.2411346435546875e-05
delete time:2.0742416381835938e-05
delete time:3.0994415283203125e-05
delete time:1.621246337890625e-05
delete time:4.839897155761719e-05
delete time:3.838539123535156e-05
delete time:4.1961669921875e-05
delete time:3.886222839355469e-05
delete time:4.172325134277344e-05
delete time:1.7642974853515625e-05
delete time:1.7881393432617188e-05
delete time:1.621246337890625e-05
delete time:2.4318695068359375e-05
delete time:1.6450881958007812e-05
delete time:4.696846008300781e-05
delete time:3.933906555175781e-05
delete time:1.430511474609375e-05
delete time:2.4080276489257812e-05
delete time:3.838539123535156e-05
delete time:3.8623809814453125e-05
delete time:2.09808349609375e-05
delete time:1.7881393432617188e-05
delete time:4.7206878662109375e-05
delete time:4.482269287109375e-05
delete time:3.600120544433594e-05
delete time:1.71661376953125e-05
delete time:2.09808349609375e-05
delete time:2.2649765014648438e-05
delete time:2.4080276489257812e-05
delete time:2.0742416381835938e-05
delete time:3.0279159545898438e-05
delete time:2.765655517578125e-05
delete time:4.9591064453125e-05
delete time:1.9073486328125e-05
delete time:2.288818359375e-05
delete time:3.933906555175781e-05
delete time:2.0503997802734375e-05
delete time:5.459785461425781e-05
delete time:2.6226043701171875e-05
delete time:2.384185791015625e-05
delete time:2.002716064453125e-05
delete time:4.935264587402344e-05
delete time:2.6226043701171875e-05
delete time:2.4318695068359375e-05
delete time:4.863739013671875e-05
delete time:2.3365020751953125e-05
delete time:5.0067901611328125e-05
delete time:2.3603439331054688e-05
delete time:4.029273986816406e-05
delete time:1.7404556274414062e-05
delete time:2.3365020751953125e-05
delete time:5.888938903808594e-05
delete time:1.5497207641601562e-05
delete time:5.14984130859375e-05
delete time:2.1696090698242188e-05
delete time:5.435943603515625e-05
delete time:3.814697265625e-05
delete time:3.647804260253906e-05
delete time:1.7404556274414062e-05
delete time:2.1219253540039062e-05
delete time:2.5272369384765625e-05
delete time:4.100799560546875e-05
delete time:4.4345855712890625e-05
delete time:2.09808349609375e-05
delete time:4.57763671875e-05
delete time:2.5033950805664062e-05
delete time:2.5272369384765625e-05
delete time:2.8133392333984375e-05
delete time:3.6716461181640625e-05
delete time:2.3126602172851562e-05
delete time:5.316734313964844e-05
delete time:2.0742416381835938e-05
delete time:3.8623809814453125e-05
delete time:1.8596649169921875e-05
delete time:2.193450927734375e-05
delete time:4.029273986816406e-05
delete time:2.1457672119140625e-05
delete time:2.47955322265625e-05
delete time:1.5497207641601562e-05
delete time:1.8358230590820312e-05
delete time:1.9073486328125e-05
delete time:2.0265579223632812e-05
delete time:2.5033950805664062e-05
delete time:2.574920654296875e-05
delete time:2.47955322265625e-05
delete time:5.555152893066406e-05
delete time:2.384185791015625e-05
delete time:1.71661376953125e-05
delete time:5.435943603515625e-05
delete time:4.458427429199219e-05
delete time:2.1219253540039062e-05
delete time:1.8358230590820312e-05
delete time:1.7881393432617188e-05
delete time:4.029273986816406e-05
delete time:3.933906555175781e-05
delete time:3.647804260253906e-05
delete time:3.0040740966796875e-05
delete time:4.7206878662109375e-05
delete time:4.4345855712890625e-05
delete time:2.09808349609375e-05
delete time:3.075599670410156e-05
delete time:5.125999450683594e-05
delete time:2.2172927856445312e-05
delete time:2.7179718017578125e-05
delete time:2.288818359375e-05
delete time:2.5987625122070312e-05
delete time:2.1696090698242188e-05
delete time:1.7881393432617188e-05
delete time:2.1696090698242188e-05
delete time:2.002716064453125e-05
delete time:2.6941299438476562e-05
delete time:3.147125244140625e-05
delete time:2.7179718017578125e-05
delete time:2.002716064453125e-05
delete time:2.8848648071289062e-05
delete time:2.47955322265625e-05
delete time:2.0503997802734375e-05
delete time:2.288818359375e-05
delete time:2.5033950805664062e-05
delete time:5.602836608886719e-05
delete time:4.291534423828125e-05
delete time:1.1444091796875e-05
delete time:4.8160552978515625e-05
delete time:3.933906555175781e-05
delete time:1.9550323486328125e-05
delete time:1.5974044799804688e-05
delete time:1.6450881958007812e-05
delete time:2.384185791015625e-05
delete time:4.982948303222656e-05
delete time:4.124641418457031e-05
delete time:1.8835067749023438e-05
delete time:2.384185791015625e-05
delete time:2.2649765014648438e-05
delete time:1.8358230590820312e-05
delete time:5.030632019042969e-05
delete time:3.910064697265625e-05
delete time:4.1484832763671875e-05
delete time:3.1948089599609375e-05
delete time:2.288818359375e-05
delete time:1.9550323486328125e-05
delete time:4.57763671875e-05
delete time:3.0040740966796875e-05
delete time:2.3365020751953125e-05
delete time:4.935264587402344e-05
delete time:4.100799560546875e-05
delete time:4.5299530029296875e-05
delete time:4.100799560546875e-05
delete time:1.7881393432617188e-05
delete time:2.0265579223632812e-05
delete time:1.9550323486328125e-05
delete time:4.4345855712890625e-05
delete time:2.574920654296875e-05
delete time:4.601478576660156e-05
delete time:4.291534423828125e-05
delete time:2.6702880859375e-05
delete time:3.7670135498046875e-05
delete time:3.743171691894531e-05
delete time:3.123283386230469e-05
delete time:3.8623809814453125e-05
delete time:1.6450881958007812e-05
delete time:2.6226043701171875e-05
delete time:1.9073486328125e-05
delete time:2.5510787963867188e-05
delete time:2.4557113647460938e-05
delete time:2.765655517578125e-05
delete time:5.0067901611328125e-05
delete time:2.2172927856445312e-05
delete time:5.0067901611328125e-05
delete time:2.2411346435546875e-05
delete time:5.340576171875e-05
delete time:2.4557113647460938e-05
delete time:2.0265579223632812e-05
delete time:2.3603439331054688e-05
delete time:4.935264587402344e-05
delete time:2.0503997802734375e-05
delete time:3.075599670410156e-05
delete time:1.7642974853515625e-05
delete time:4.601478576660156e-05
delete time:4.649162292480469e-05
delete time:2.9087066650390625e-05
delete time:2.0265579223632812e-05
delete time:1.4781951904296875e-05
delete time:5.0067901611328125e-05
delete time:4.863739013671875e-05
delete time:4.506111145019531e-05
delete time:1.7404556274414062e-05
delete time:4.9114227294921875e-05
delete time:2.7894973754882812e-05
delete time:1.811981201171875e-05
delete time:3.9577484130859375e-05
delete time:1.8358230590820312e-05
delete time:2.4318695068359375e-05
delete time:2.8133392333984375e-05
delete time:2.7894973754882812e-05
delete time:4.982948303222656e-05
delete time:1.6927719116210938e-05
delete time:4.76837158203125e-05
delete time:4.00543212890625e-05
delete time:2.6702880859375e-05
delete time:1.3828277587890625e-05
delete time:1.8358230590820312e-05
delete time:4.220008850097656e-05
delete time:4.6253204345703125e-05
delete time:2.8133392333984375e-05
delete time:4.1484832763671875e-05
delete time:2.7894973754882812e-05
delete time:2.8371810913085938e-05
delete time:1.6927719116210938e-05
delete time:3.075599670410156e-05
delete time:3.790855407714844e-05
delete time:3.170967102050781e-05
delete time:4.744529724121094e-05
delete time:2.2411346435546875e-05
delete time:2.9087066650390625e-05
delete time:4.315376281738281e-05
delete time:2.288818359375e-05
delete time:1.9788742065429688e-05
delete time:4.482269287109375e-05
delete time:1.9073486328125e-05
delete time:3.552436828613281e-05
delete time:3.981590270996094e-05
delete time:1.9788742065429688e-05
delete time:4.8160552978515625e-05
delete time:3.4809112548828125e-05
delete time:4.601478576660156e-05
delete time:2.3365020751953125e-05
delete time:4.982948303222656e-05
delete time:4.6253204345703125e-05
delete time:2.6226043701171875e-05
delete time:2.1457672119140625e-05
delete time:4.863739013671875e-05
delete time:4.7206878662109375e-05
delete time:1.4543533325195312e-05
delete time:2.1457672119140625e-05
delete time:4.6253204345703125e-05
delete time:2.384185791015625e-05
delete time:2.1696090698242188e-05
delete time:2.7894973754882812e-05
delete time:4.100799560546875e-05
delete time:4.220008850097656e-05
delete time:5.459785461425781e-05
delete time:2.1219253540039062e-05
delete time:1.71661376953125e-05
delete time:1.9788742065429688e-05
delete time:2.4557113647460938e-05
delete time:1.8596649169921875e-05
delete time:5.1021575927734375e-05
delete time:0.00016427040100097656
delete time:5.078315734863281e-05
delete time:1.7881393432617188e-05
delete time:2.3603439331054688e-05
delete time:3.528594970703125e-05
delete time:2.4318695068359375e-05
delete time:4.744529724121094e-05
delete time:2.7179718017578125e-05
delete time:1.3828277587890625e-05
delete time:1.9550323486328125e-05
delete time:2.47955322265625e-05
delete time:4.696846008300781e-05
delete time:2.5033950805664062e-05
delete time:4.410743713378906e-05
delete time:5.2928924560546875e-05
delete time:1.9311904907226562e-05
delete time:3.886222839355469e-05
delete time:2.2172927856445312e-05
delete time:2.4557113647460938e-05
delete time:2.2649765014648438e-05
delete time:2.5987625122070312e-05
delete time:1.5974044799804688e-05
delete time:4.76837158203125e-05
delete time:2.8371810913085938e-05
delete time:2.384185791015625e-05
delete time:2.2649765014648438e-05
delete time:1.7642974853515625e-05
delete time:2.9087066650390625e-05
delete time:2.3603439331054688e-05
delete time:2.2172927856445312e-05
delete time:1.2636184692382812e-05
delete time:4.9114227294921875e-05
delete time:2.3365020751953125e-05
delete time:2.2649765014648438e-05
delete time:1.811981201171875e-05
delete time:2.6702880859375e-05
delete time:2.193450927734375e-05
delete time:4.00543212890625e-05
delete time:4.76837158203125e-05
delete time:4.935264587402344e-05
delete time:2.384185791015625e-05
delete time:4.124641418457031e-05
delete time:3.62396240234375e-05
delete time:2.0742416381835938e-05
delete time:3.123283386230469e-05
delete time:5.173683166503906e-05
delete time:2.7418136596679688e-05
delete time:4.839897155761719e-05
delete time:2.288818359375e-05
delete time:2.0503997802734375e-05
delete time:4.6253204345703125e-05
delete time:3.719329833984375e-05
delete time:2.0265579223632812e-05
delete time:1.9073486328125e-05
delete time:1.4781951904296875e-05
delete time:4.100799560546875e-05
delete time:2.8133392333984375e-05
delete time:4.220008850097656e-05
delete time:2.1219253540039062e-05
delete time:2.09808349609375e-05
delete time:2.384185791015625e-05
delete time:2.2649765014648438e-05
delete time:3.933906555175781e-05
delete time:1.4066696166992188e-05
delete time:4.982948303222656e-05
delete time:2.574920654296875e-05
delete time:2.574920654296875e-05
delete time:2.574920654296875e-05
delete time:1.9550323486328125e-05
delete time:4.38690185546875e-05
delete time:2.5272369384765625e-05
delete time:1.8835067749023438e-05
delete time:2.9325485229492188e-05
delete time:1.7881393432617188e-05
delete time:2.3126602172851562e-05
delete time:5.0067901611328125e-05
delete time:2.765655517578125e-05
delete time:1.7642974853515625e-05
delete time:2.4318695068359375e-05
delete time:1.9311904907226562e-05
delete time:2.0742416381835938e-05
delete time:1.6927719116210938e-05
delete time:5.91278076171875e-05
delete time:5.14984130859375e-05
delete time:4.3392181396484375e-05
delete time:4.076957702636719e-05
delete time:2.3603439331054688e-05
delete time:2.1219253540039062e-05
delete time:1.7881393432617188e-05
delete time:2.5987625122070312e-05
delete time:1.8835067749023438e-05
delete time:4.601478576660156e-05
delete time:1.9788742065429688e-05
delete time:2.7418136596679688e-05
delete time:4.0531158447265625e-05
delete time:2.3603439331054688e-05
delete time:1.9311904907226562e-05
delete time:1.9550323486328125e-05
delete time:4.649162292480469e-05
delete time:2.6941299438476562e-05
delete time:5.4836273193359375e-05
delete time:3.981590270996094e-05
delete time:4.0531158447265625e-05
delete time:4.601478576660156e-05
delete time:3.838539123535156e-05
delete time:2.4080276489257812e-05
delete time:2.6226043701171875e-05
delete time:2.002716064453125e-05
delete time:0.00012540817260742188
delete time:2.2411346435546875e-05
delete time:1.6450881958007812e-05
delete time:5.1021575927734375e-05
delete time:1.811981201171875e-05
delete time:3.886222839355469e-05
delete time:1.6927719116210938e-05
delete time:2.8133392333984375e-05
delete time:5.221366882324219e-05
delete time:1.7404556274414062e-05
delete time:2.1457672119140625e-05
delete time:5.030632019042969e-05
delete time:2.3126602172851562e-05
delete time:3.910064697265625e-05
delete time:4.792213439941406e-05
delete time:1.811981201171875e-05
delete time:2.384185791015625e-05
delete time:1.9788742065429688e-05
delete time:2.2411346435546875e-05
delete time:4.0531158447265625e-05
delete time:2.47955322265625e-05
delete time:2.3603439331054688e-05
delete time:2.09808349609375e-05
delete time:2.7418136596679688e-05
delete time:2.2172927856445312e-05
delete time:2.4557113647460938e-05
delete time:2.0503997802734375e-05
delete time:5.173683166503906e-05
delete time:4.601478576660156e-05
delete time:4.696846008300781e-05
delete time:2.5510787963867188e-05
delete time:1.8596649169921875e-05
delete time:5.125999450683594e-05
delete time:2.4557113647460938e-05
delete time:1.9073486328125e-05
delete time:1.811981201171875e-05
delete time:5.221366882324219e-05
delete time:2.384185791015625e-05
delete time:4.2438507080078125e-05
delete time:3.2901763916015625e-05
delete time:5.173683166503906e-05
delete time:1.7404556274414062e-05
delete time:4.8160552978515625e-05
delete time:2.3603439331054688e-05
delete time:1.33514404296875e-05
delete time:1.8835067749023438e-05
delete time:2.1696090698242188e-05
delete time:2.0503997802734375e-05
delete time:2.4080276489257812e-05
delete time:4.839897155761719e-05
delete time:1.4781951904296875e-05
delete time:2.4318695068359375e-05
delete time:3.886222839355469e-05
delete time:0.00014352798461914062
delete time:4.649162292480469e-05
delete time:2.6702880859375e-05
delete time:4.363059997558594e-05
delete time:2.4557113647460938e-05
delete time:1.7642974853515625e-05
delete time:1.8358230590820312e-05
delete time:4.291534423828125e-05
delete time:2.3603439331054688e-05
delete time:2.8133392333984375e-05
delete time:4.172325134277344e-05
delete time:2.2649765014648438e-05
delete time:2.4318695068359375e-05
delete time:4.76837158203125e-05
delete time:4.792213439941406e-05
delete time:2.6226043701171875e-05
delete time:1.9311904907226562e-05
delete time:4.696846008300781e-05
delete time:4.744529724121094e-05
delete time:2.3365020751953125e-05
delete time:4.8160552978515625e-05
delete time:2.4318695068359375e-05
delete time:1.811981201171875e-05
delete time:4.982948303222656e-05
delete time:2.3603439331054688e-05
delete time:4.506111145019531e-05
delete time:4.291534423828125e-05
delete time:3.075599670410156e-05
delete time:1.7642974853515625e-05
delete time:2.2172927856445312e-05
delete time:4.291534423828125e-05
delete time:2.193450927734375e-05
delete time:2.3126602172851562e-05
delete time:5.3882598876953125e-05
delete time:2.86102294921875e-05
delete time:2.2649765014648438e-05
delete time:2.384185791015625e-05
delete time:2.288818359375e-05
delete time:1.8596649169921875e-05
delete time:3.24249267578125e-05
delete time:2.5033950805664062e-05
delete time:2.3126602172851562e-05
delete time:5.3882598876953125e-05
delete time:2.2649765014648438e-05
delete time:1.621246337890625e-05
delete time:5.125999450683594e-05
delete time:4.0531158447265625e-05
delete time:2.5033950805664062e-05
delete time:2.6941299438476562e-05
delete time:1.33514404296875e-05
delete time:2.0265579223632812e-05
delete time:5.173683166503906e-05
delete time:2.6702880859375e-05
delete time:2.193450927734375e-05
delete time:2.1457672119140625e-05
delete time:1.33514404296875e-05
delete time:5.054473876953125e-05
delete time:2.4557113647460938e-05
delete time:2.002716064453125e-05
delete time:2.1219253540039062e-05
delete time:2.193450927734375e-05
delete time:1.7642974853515625e-05
delete time:2.1219253540039062e-05
delete time:1.7881393432617188e-05
delete time:1.9073486328125e-05
delete time:1.9788742065429688e-05
delete time:4.172325134277344e-05
delete time:2.002716064453125e-05
delete time:3.910064697265625e-05
delete time:2.4557113647460938e-05
delete time:2.0265579223632812e-05
delete time:4.38690185546875e-05
delete time:2.5987625122070312e-05
delete time:2.7418136596679688e-05
delete time:1.7881393432617188e-05
delete time:4.506111145019531e-05
delete time:5.245208740234375e-05
delete time:2.193450927734375e-05
delete time:2.4080276489257812e-05
delete time:2.4557113647460938e-05
delete time:1.9311904907226562e-05
delete time:5.269050598144531e-05
delete time:3.0040740966796875e-05
delete time:1.7881393432617188e-05
delete time:2.288818359375e-05
delete time:2.4318695068359375e-05
delete time:2.6464462280273438e-05
delete time:1.4781951904296875e-05
delete time:4.792213439941406e-05
delete time:1.52587890625e-05
delete time:2.5272369384765625e-05
delete time:2.1219253540039062e-05
delete time:3.600120544433594e-05
delete time:2.956390380859375e-05
delete time:4.363059997558594e-05
delete time:2.1696090698242188e-05
delete time:4.458427429199219e-05
delete time:2.6226043701171875e-05
delete time:2.7179718017578125e-05
delete time:4.482269287109375e-05
delete time:2.8371810913085938e-05
delete time:2.8371810913085938e-05
delete time:2.4318695068359375e-05
delete time:4.100799560546875e-05
delete time:3.4332275390625e-05
delete time:2.5272369384765625e-05
delete time:1.9788742065429688e-05
delete time:2.7179718017578125e-05
delete time:4.363059997558594e-05
delete time:4.315376281738281e-05
delete time:2.6941299438476562e-05
delete time:5.078315734863281e-05
delete time:2.3603439331054688e-05
delete time:4.9591064453125e-05
delete time:4.3392181396484375e-05
delete time:1.9550323486328125e-05
delete time:2.1696090698242188e-05
delete time:5.054473876953125e-05
delete time:1.6927719116210938e-05
delete time:2.8133392333984375e-05
delete time:4.601478576660156e-05
delete time:2.4080276489257812e-05
delete time:1.9788742065429688e-05
delete time:3.528594970703125e-05
delete time:2.288818359375e-05
delete time:4.172325134277344e-05
delete time:2.6226043701171875e-05
delete time:1.3828277587890625e-05
delete time:2.2649765014648438e-05
delete time:2.4080276489257812e-05
delete time:1.5497207641601562e-05
delete time:2.1219253540039062e-05
delete time:1.52587890625e-05
delete time:2.3365020751953125e-05
delete time:4.38690185546875e-05
delete time:1.9311904907226562e-05
delete time:1.7404556274414062e-05
delete time:4.3392181396484375e-05
delete time:4.839897155761719e-05
delete time:4.9114227294921875e-05
delete time:4.3392181396484375e-05
delete time:4.1484832763671875e-05
delete time:2.09808349609375e-05
delete time:4.673004150390625e-05
delete time:4.1484832763671875e-05
delete time:3.910064697265625e-05
delete time:2.002716064453125e-05
delete time:2.1696090698242188e-05
delete time:2.1696090698242188e-05
delete time:1.9311904907226562e-05
delete time:2.4557113647460938e-05
delete time:2.4557113647460938e-05
delete time:3.075599670410156e-05
delete time:1.7404556274414062e-05
delete time:3.8623809814453125e-05
delete time:4.9591064453125e-05
delete time:3.504753112792969e-05
delete time:1.6450881958007812e-05
delete time:5.507469177246094e-05
delete time:2.1219253540039062e-05
delete time:2.765655517578125e-05
delete time:1.5974044799804688e-05
delete time:2.4318695068359375e-05
delete time:4.506111145019531e-05
delete time:1.8835067749023438e-05
delete time:4.076957702636719e-05
delete time:3.8623809814453125e-05
delete time:2.002716064453125e-05
delete time:5.1975250244140625e-05
delete time:3.62396240234375e-05
delete time:2.47955322265625e-05
delete time:1.811981201171875e-05
delete time:4.1961669921875e-05
delete time:2.2411346435546875e-05
delete time:2.7418136596679688e-05
delete time:4.863739013671875e-05
delete time:4.00543212890625e-05
delete time:5.125999450683594e-05
delete time:2.4318695068359375e-05
delete time:1.811981201171875e-05
delete time:2.288818359375e-05
delete time:2.4080276489257812e-05
delete time:1.9073486328125e-05
delete time:2.384185791015625e-05
delete time:3.6716461181640625e-05
delete time:2.4080276489257812e-05
delete time:5.53131103515625e-05
delete time:2.0503997802734375e-05
delete time:3.075599670410156e-05
delete time:3.4809112548828125e-05
delete time:2.7894973754882812e-05
delete time:5.841255187988281e-05
delete time:2.47955322265625e-05
delete time:4.124641418457031e-05
delete time:1.9550323486328125e-05
delete time:1.9788742065429688e-05
delete time:2.4557113647460938e-05
delete time:1.9550323486328125e-05
delete time:5.2928924560546875e-05
delete time:1.9550323486328125e-05
delete time:0.00015687942504882812
delete time:2.574920654296875e-05
delete time:4.57763671875e-05
delete time:4.410743713378906e-05
delete time:4.410743713378906e-05
delete time:5.984306335449219e-05
delete time:2.2411346435546875e-05
delete time:1.5735626220703125e-05
delete time:2.0742416381835938e-05
delete time:5.245208740234375e-05
delete time:2.1457672119140625e-05
delete time:2.4318695068359375e-05
delete time:6.29425048828125e-05
delete time:2.2411346435546875e-05
delete time:2.4557113647460938e-05
delete time:4.1961669921875e-05
delete time:1.9550323486328125e-05
delete time:2.288818359375e-05
delete time:2.2649765014648438e-05
delete time:1.7642974853515625e-05
delete time:4.2438507080078125e-05
delete time:1.7642974853515625e-05
delete time:1.9788742065429688e-05
delete time:2.384185791015625e-05
delete time:1.5974044799804688e-05
delete time:5.14984130859375e-05
delete time:4.673004150390625e-05
delete time:4.935264587402344e-05
delete time:1.9788742065429688e-05
delete time:4.601478576660156e-05
delete time:3.719329833984375e-05
delete time:4.792213439941406e-05
delete time:2.1457672119140625e-05
delete time:5.340576171875e-05
delete time:3.9577484130859375e-05
delete time:2.1219253540039062e-05
delete time:3.981590270996094e-05
delete time:4.1484832763671875e-05
delete time:1.7642974853515625e-05
delete time:1.9311904907226562e-05
delete time:3.0279159545898438e-05
delete time:2.2172927856445312e-05
delete time:1.8358230590820312e-05
delete time:1.5735626220703125e-05
delete time:1.9788742065429688e-05
delete time:2.2172927856445312e-05
delete time:2.5987625122070312e-05
delete time:2.2411346435546875e-05
delete time:1.9788742065429688e-05
delete time:2.4557113647460938e-05
delete time:5.0067901611328125e-05
delete time:5.245208740234375e-05
delete time:5.7697296142578125e-05
delete time:1.71661376953125e-05
delete time:2.2649765014648438e-05
delete time:3.6716461181640625e-05
delete time:4.863739013671875e-05
delete time:2.002716064453125e-05
delete time:2.6226043701171875e-05
delete time:2.6226043701171875e-05
delete time:5.030632019042969e-05
delete time:2.2411346435546875e-05
delete time:1.7642974853515625e-05
delete time:2.1457672119140625e-05
delete time:2.574920654296875e-05
delete time:2.2649765014648438e-05
delete time:4.363059997558594e-05
delete time:5.53131103515625e-05
delete time:4.076957702636719e-05
delete time:5.53131103515625e-05
delete time:4.7206878662109375e-05
delete time:1.7642974853515625e-05
delete time:2.6464462280273438e-05
delete time:2.09808349609375e-05
delete time:4.553794860839844e-05
delete time:1.6450881958007812e-05
delete time:2.8133392333984375e-05
delete time:4.458427429199219e-05
delete time:3.218650817871094e-05
delete time:4.76837158203125e-05
delete time:2.0265579223632812e-05
delete time:2.7418136596679688e-05
delete time:1.9788742065429688e-05
delete time:4.76837158203125e-05
delete time:3.838539123535156e-05
delete time:4.38690185546875e-05
delete time:1.8596649169921875e-05
delete time:4.00543212890625e-05
delete time:4.57763671875e-05
delete time:2.956390380859375e-05
delete time:2.574920654296875e-05
delete time:2.5987625122070312e-05
delete time:2.5272369384765625e-05
delete time:6.0558319091796875e-05
delete time:2.1219253540039062e-05
delete time:2.1219253540039062e-05
delete time:1.6927719116210938e-05
delete time:1.6450881958007812e-05
delete time:2.3603439331054688e-05
delete time:2.3603439331054688e-05
delete time:2.0265579223632812e-05
delete time:1.8596649169921875e-05
delete time:4.935264587402344e-05
delete time:2.6702880859375e-05
delete time:2.193450927734375e-05
delete time:2.574920654296875e-05
delete time:2.3126602172851562e-05
delete time:5.173683166503906e-05
delete time:0.00016427040100097656
delete time:3.147125244140625e-05
delete time:5.078315734863281e-05
delete time:4.1961669921875e-05
delete time:1.71661376953125e-05
delete time:1.52587890625e-05
delete time:2.2411346435546875e-05
delete time:4.696846008300781e-05
delete time:2.574920654296875e-05
delete time:5.14984130859375e-05
delete time:4.220008850097656e-05
delete time:5.435943603515625e-05
delete time:2.1696090698242188e-05
delete time:2.7179718017578125e-05
delete time:2.4080276489257812e-05
delete time:2.0742416381835938e-05
delete time:5.221366882324219e-05
delete time:3.933906555175781e-05
delete time:2.5510787963867188e-05
delete time:4.1961669921875e-05
delete time:2.0265579223632812e-05
delete time:3.218650817871094e-05
delete time:5.412101745605469e-05
delete time:4.696846008300781e-05
delete time:1.7404556274414062e-05
delete time:3.218650817871094e-05
delete time:5.245208740234375e-05
delete time:2.0265579223632812e-05
delete time:1.9550323486328125e-05
delete time:2.2411346435546875e-05
delete time:5.8650970458984375e-05
delete time:4.887580871582031e-05
delete time:5.1975250244140625e-05
delete time:2.2411346435546875e-05
delete time:4.5299530029296875e-05
delete time:4.1484832763671875e-05
delete time:4.0531158447265625e-05
delete time:1.4066696166992188e-05
delete time:1.8835067749023438e-05
delete time:2.384185791015625e-05
delete time:1.621246337890625e-05
delete time:2.1696090698242188e-05
delete time:4.4345855712890625e-05
delete time:2.1457672119140625e-05
delete time:4.57763671875e-05
delete time:5.078315734863281e-05
delete time:4.673004150390625e-05
delete time:2.0265579223632812e-05
delete time:4.57763671875e-05
delete time:2.0265579223632812e-05
delete time:2.9325485229492188e-05
delete time:1.8596649169921875e-05
delete time:0.00013017654418945312
delete time:1.8358230590820312e-05
delete time:2.002716064453125e-05
delete time:2.4080276489257812e-05
delete time:4.315376281738281e-05
delete time:4.410743713378906e-05
delete time:4.410743713378906e-05
delete time:4.482269287109375e-05
delete time:2.8848648071289062e-05
delete time:4.076957702636719e-05
delete time:2.0742416381835938e-05
delete time:1.8835067749023438e-05
delete time:1.8835067749023438e-05
delete time:2.4318695068359375e-05
delete time:2.0503997802734375e-05
delete time:4.410743713378906e-05
delete time:3.981590270996094e-05
delete time:4.76837158203125e-05
delete time:4.220008850097656e-05
delete time:1.621246337890625e-05
delete time:4.1961669921875e-05
delete time:3.838539123535156e-05
delete time:1.9788742065429688e-05
delete time:5.269050598144531e-05
delete time:3.743171691894531e-05
delete time:2.7179718017578125e-05
delete time:5.078315734863281e-05
delete time:4.410743713378906e-05
delete time:1.5735626220703125e-05
delete time:2.2649765014648438e-05
delete time:4.744529724121094e-05
delete time:2.765655517578125e-05
delete time:1.8596649169921875e-05
delete time:1.5497207641601562e-05
delete time:2.7894973754882812e-05
delete time:5.364418029785156e-05
delete time:2.9087066650390625e-05
delete time:2.2649765014648438e-05
delete time:2.1219253540039062e-05
delete time:1.9311904907226562e-05
delete time:2.4557113647460938e-05
delete time:2.002716064453125e-05
delete time:2.0503997802734375e-05
delete time:5.125999450683594e-05
delete time:2.1219253540039062e-05
delete time:4.1961669921875e-05
delete time:1.52587890625e-05
delete time:4.506111145019531e-05
delete time:4.220008850097656e-05
delete time:4.100799560546875e-05
delete time:3.62396240234375e-05
delete time:2.002716064453125e-05
delete time:3.886222839355469e-05
delete time:3.075599670410156e-05
delete time:4.673004150390625e-05
delete time:2.09808349609375e-05
delete time:3.409385681152344e-05
delete time:2.2649765014648438e-05
delete time:2.6702880859375e-05
delete time:2.47955322265625e-05
delete time:1.9073486328125e-05
delete time:1.8596649169921875e-05
delete time:4.076957702636719e-05
delete time:1.430511474609375e-05
delete time:1.9550323486328125e-05
delete time:4.315376281738281e-05
delete time:2.1696090698242188e-05
delete time:2.2649765014648438e-05
delete time:1.9788742065429688e-05
delete time:2.3126602172851562e-05
delete time:3.6716461181640625e-05
delete time:2.6226043701171875e-05
delete time:2.4080276489257812e-05
delete time:4.863739013671875e-05
delete time:4.124641418457031e-05
delete time:1.9311904907226562e-05
delete time:2.4318695068359375e-05
delete time:3.9577484130859375e-05
delete time:3.743171691894531e-05
delete time:4.2438507080078125e-05
delete time:2.1219253540039062e-05
delete time:2.2411346435546875e-05
delete time:1.8358230590820312e-05
delete time:1.71661376953125e-05
delete time:4.100799560546875e-05
delete time:2.3126602172851562e-05
delete time:1.71661376953125e-05
delete time:3.504753112792969e-05
delete time:2.4080276489257812e-05
delete time:3.790855407714844e-05
delete time:2.86102294921875e-05
delete time:1.4781951904296875e-05
delete time:4.792213439941406e-05
delete time:1.430511474609375e-05
delete time:4.935264587402344e-05
delete time:2.3126602172851562e-05
delete time:4.3392181396484375e-05
delete time:4.458427429199219e-05
delete time:5.14984130859375e-05
delete time:3.8623809814453125e-05
delete time:3.0517578125e-05
delete time:2.6464462280273438e-05
delete time:2.5272369384765625e-05
delete time:4.839897155761719e-05
delete time:1.4543533325195312e-05
delete time:2.4080276489257812e-05
delete time:1.52587890625e-05
delete time:4.57763671875e-05
delete time:1.7881393432617188e-05
delete time:4.5299530029296875e-05
delete time:4.076957702636719e-05
delete time:2.1219253540039062e-05
delete time:2.47955322265625e-05
delete time:2.8133392333984375e-05
delete time:2.5033950805664062e-05
delete time:4.1484832763671875e-05
delete time:2.09808349609375e-05
delete time:4.076957702636719e-05
delete time:6.008148193359375e-05
delete time:2.7418136596679688e-05
delete time:1.6689300537109375e-05
delete time:4.076957702636719e-05
delete time:2.47955322265625e-05
delete time:1.4066696166992188e-05
delete time:2.1696090698242188e-05
delete time:5.3882598876953125e-05
delete time:3.719329833984375e-05
delete time:1.5497207641601562e-05
delete time:2.8848648071289062e-05
delete time:4.9114227294921875e-05
delete time:1.8358230590820312e-05
delete time:2.7418136596679688e-05
delete time:3.0279159545898438e-05
delete time:4.839897155761719e-05
delete time:3.6716461181640625e-05
delete time:3.123283386230469e-05
delete time:5.1975250244140625e-05
delete time:2.6941299438476562e-05
delete time:1.5974044799804688e-05
delete time:1.8596649169921875e-05
delete time:1.7881393432617188e-05
delete time:3.647804260253906e-05
delete time:4.7206878662109375e-05
delete time:2.5272369384765625e-05
delete time:3.5762786865234375e-05
delete time:4.6253204345703125e-05
delete time:4.291534423828125e-05
delete time:3.218650817871094e-05
delete time:4.4345855712890625e-05
delete time:1.8835067749023438e-05
delete time:3.266334533691406e-05
delete time:1.71661376953125e-05
delete time:4.291534423828125e-05
delete time:4.5299530029296875e-05
delete time:1.9311904907226562e-05
delete time:2.4080276489257812e-05
delete time:4.6253204345703125e-05
delete time:2.5033950805664062e-05
delete time:1.9311904907226562e-05
delete time:4.6253204345703125e-05
delete time:1.9073486328125e-05
delete time:3.8623809814453125e-05
delete time:2.9325485229492188e-05
delete time:1.7881393432617188e-05
delete time:1.33514404296875e-05
delete time:1.6689300537109375e-05
delete time:1.7404556274414062e-05
delete time:2.09808349609375e-05
delete time:2.1219253540039062e-05
delete time:3.0994415283203125e-05
delete time:4.38690185546875e-05
delete time:4.9114227294921875e-05
delete time:4.029273986816406e-05
delete time:1.7881393432617188e-05
delete time:3.504753112792969e-05
delete time:1.7404556274414062e-05
delete time:1.7404556274414062e-05
delete time:4.792213439941406e-05
delete time:1.6689300537109375e-05
delete time:2.8133392333984375e-05
delete time:2.7894973754882812e-05
delete time:1.3113021850585938e-05
delete time:4.1961669921875e-05
delete time:2.956390380859375e-05
delete time:4.696846008300781e-05
delete time:4.1484832763671875e-05
delete time:2.6941299438476562e-05
delete time:1.811981201171875e-05
delete time:1.6689300537109375e-05
delete time:5.793571472167969e-05
delete time:2.4080276489257812e-05
delete time:1.7404556274414062e-05
delete time:2.002716064453125e-05
delete time:4.363059997558594e-05
delete time:1.6689300537109375e-05
delete time:4.172325134277344e-05
delete time:3.933906555175781e-05
delete time:1.4066696166992188e-05
delete time:5.125999450683594e-05
delete time:4.291534423828125e-05
delete time:3.266334533691406e-05
delete time:4.482269287109375e-05
delete time:3.838539123535156e-05
delete time:4.673004150390625e-05
delete time:3.7670135498046875e-05
delete time:1.9788742065429688e-05
delete time:1.4543533325195312e-05
delete time:2.1457672119140625e-05
delete time:4.601478576660156e-05
delete time:1.5974044799804688e-05
delete time:2.193450927734375e-05
delete time:2.2649765014648438e-05
delete time:3.647804260253906e-05
delete time:2.8848648071289062e-05
delete time:4.124641418457031e-05
delete time:4.2438507080078125e-05
delete time:4.1484832763671875e-05
delete time:1.7404556274414062e-05
delete time:1.9073486328125e-05
delete time:5.3882598876953125e-05
delete time:3.2901763916015625e-05
delete time:2.0265579223632812e-05
delete time:4.315376281738281e-05
delete time:2.193450927734375e-05
delete time:1.5974044799804688e-05
delete time:2.0265579223632812e-05
delete time:4.863739013671875e-05
delete time:1.7881393432617188e-05
delete time:4.9591064453125e-05
delete time:2.9325485229492188e-05
delete time:2.765655517578125e-05
delete time:4.649162292480469e-05
delete time:1.6450881958007812e-05
delete time:1.2874603271484375e-05
delete time:2.5272369384765625e-05
delete time:1.3589859008789062e-05
delete time:1.8596649169921875e-05
delete time:4.1484832763671875e-05
delete time:4.744529724121094e-05
delete time:2.1696090698242188e-05
delete time:2.5033950805664062e-05
delete time:5.030632019042969e-05
delete time:4.863739013671875e-05
delete time:3.8623809814453125e-05
delete time:1.5020370483398438e-05
delete time:4.6253204345703125e-05
delete time:1.8358230590820312e-05
delete time:1.430511474609375e-05
delete time:4.2438507080078125e-05
delete time:2.7418136596679688e-05
delete time:2.765655517578125e-05
delete time:2.193450927734375e-05
delete time:2.2172927856445312e-05
delete time:2.4318695068359375e-05
delete time:4.935264587402344e-05
delete time:3.5762786865234375e-05
delete time:2.2649765014648438e-05
delete time:1.811981201171875e-05
delete time:1.4543533325195312e-05
delete time:1.9311904907226562e-05
delete time:1.811981201171875e-05
delete time:2.2411346435546875e-05
delete time:2.9087066650390625e-05
delete time:2.002716064453125e-05
delete time:2.8848648071289062e-05
delete time:1.52587890625e-05
delete time:1.7642974853515625e-05
delete time:1.7404556274414062e-05
delete time:1.9311904907226562e-05
delete time:1.811981201171875e-05
delete time:2.288818359375e-05
delete time:5.1975250244140625e-05
delete time:2.0503997802734375e-05
delete time:2.5510787963867188e-05
delete time:1.2636184692382812e-05
delete time:2.3126602172851562e-05
delete time:2.1457672119140625e-05
delete time:3.814697265625e-05
delete time:1.6450881958007812e-05
delete time:5.507469177246094e-05
delete time:5.316734313964844e-05
delete time:2.3126602172851562e-05
delete time:3.62396240234375e-05
delete time:5.1021575927734375e-05
delete time:5.221366882324219e-05
delete time:3.528594970703125e-05
delete time:4.4345855712890625e-05
delete time:2.0742416381835938e-05
delete time:5.412101745605469e-05
delete time:5.5789947509765625e-05
delete time:1.621246337890625e-05
delete time:3.814697265625e-05
delete time:4.982948303222656e-05
delete time:2.0503997802734375e-05
delete time:2.47955322265625e-05
delete time:2.4318695068359375e-05
delete time:3.9577484130859375e-05
delete time:1.6927719116210938e-05
delete time:4.100799560546875e-05
delete time:1.8596649169921875e-05
delete time:4.935264587402344e-05
delete time:4.553794860839844e-05
delete time:1.7404556274414062e-05
delete time:1.33514404296875e-05
delete time:1.2159347534179688e-05
delete time:5.078315734863281e-05
delete time:5.7697296142578125e-05
delete time:2.5510787963867188e-05
delete time:6.079673767089844e-05
delete time:1.4543533325195312e-05
delete time:5.221366882324219e-05
delete time:5.0067901611328125e-05
delete time:4.124641418457031e-05
delete time:1.9073486328125e-05
delete time:4.291534423828125e-05
delete time:2.0742416381835938e-05
delete time:1.9311904907226562e-05
delete time:2.4080276489257812e-05
delete time:2.5987625122070312e-05
delete time:2.1457672119140625e-05
delete time:5.53131103515625e-05
delete time:1.8358230590820312e-05
delete time:5.14984130859375e-05
delete time:4.9591064453125e-05
delete time:4.124641418457031e-05
delete time:1.2874603271484375e-05
delete time:2.6226043701171875e-05
delete time:4.220008850097656e-05
delete time:4.100799560546875e-05
delete time:1.9073486328125e-05
delete time:2.956390380859375e-05
delete time:3.552436828613281e-05
delete time:1.9073486328125e-05
delete time:3.147125244140625e-05
delete time:2.2411346435546875e-05
delete time:5.4836273193359375e-05
delete time:1.430511474609375e-05
delete time:1.4066696166992188e-05
delete time:4.315376281738281e-05
delete time:1.7404556274414062e-05
delete time:2.193450927734375e-05
delete time:5.173683166503906e-05
delete time:2.6226043701171875e-05
delete time:1.6927719116210938e-05
delete time:3.075599670410156e-05
delete time:2.0742416381835938e-05
delete time:1.9311904907226562e-05
delete time:1.9073486328125e-05
delete time:1.5497207641601562e-05
delete time:2.09808349609375e-05
delete time:3.6716461181640625e-05
delete time:3.9577484130859375e-05
delete time:2.1457672119140625e-05
delete time:1.430511474609375e-05
delete time:2.09808349609375e-05
delete time:1.621246337890625e-05
delete time:1.6450881958007812e-05
delete time:4.172325134277344e-05
delete time:2.9087066650390625e-05
delete time:1.430511474609375e-05
delete time:1.5497207641601562e-05
delete time:3.838539123535156e-05
delete time:5.5789947509765625e-05
delete time:1.5974044799804688e-05
delete time:2.193450927734375e-05
delete time:1.6450881958007812e-05
delete time:1.7404556274414062e-05
delete time:1.5020370483398438e-05
delete time:2.6464462280273438e-05
delete time:1.621246337890625e-05
delete time:1.5497207641601562e-05
delete time:3.409385681152344e-05
delete time:1.621246337890625e-05
delete time:4.982948303222656e-05
delete time:4.1961669921875e-05
delete time:1.71661376953125e-05
delete time:1.5974044799804688e-05
delete time:2.5510787963867188e-05
delete time:2.5033950805664062e-05
delete time:5.1975250244140625e-05
delete time:2.384185791015625e-05
delete time:1.7404556274414062e-05
delete time:2.6941299438476562e-05
delete time:3.0040740966796875e-05
delete time:2.288818359375e-05
delete time:2.09808349609375e-05
delete time:1.5735626220703125e-05
delete time:2.1696090698242188e-05
delete time:4.0531158447265625e-05
delete time:4.887580871582031e-05
delete time:2.8371810913085938e-05
delete time:1.9788742065429688e-05
delete time:2.956390380859375e-05
delete time:2.0265579223632812e-05
delete time:2.6941299438476562e-05
delete time:2.2649765014648438e-05
delete time:5.364418029785156e-05
delete time:4.291534423828125e-05
delete time:1.71661376953125e-05
delete time:3.075599670410156e-05
delete time:2.384185791015625e-05
delete time:5.340576171875e-05
delete time:2.574920654296875e-05
delete time:1.430511474609375e-05
delete time:1.5974044799804688e-05
delete time:4.291534423828125e-05
delete time:1.7881393432617188e-05
delete time:2.6226043701171875e-05
delete time:4.124641418457031e-05
delete time:1.4543533325195312e-05
delete time:2.8133392333984375e-05
delete time:5.626678466796875e-05
delete time:3.552436828613281e-05
delete time:2.5987625122070312e-05
delete time:5.6743621826171875e-05
delete time:4.291534423828125e-05
delete time:5.53131103515625e-05
delete time:2.1696090698242188e-05
delete time:5.0067901611328125e-05
delete time:2.9087066650390625e-05
delete time:3.4332275390625e-05
delete time:1.9550323486328125e-05
delete time:2.4557113647460938e-05
delete time:4.363059997558594e-05
delete time:2.384185791015625e-05
delete time:1.9788742065429688e-05
delete time:1.8596649169921875e-05
delete time:2.574920654296875e-05
delete time:5.7220458984375e-05
delete time:5.650520324707031e-05
delete time:2.9087066650390625e-05
delete time:5.14984130859375e-05
delete time:2.9802322387695312e-05
delete time:4.267692565917969e-05
delete time:2.7179718017578125e-05
delete time:1.811981201171875e-05
delete time:2.4557113647460938e-05
delete time:1.4543533325195312e-05
delete time:1.811981201171875e-05
delete time:4.2438507080078125e-05
delete time:1.52587890625e-05
delete time:3.790855407714844e-05
delete time:5.412101745605469e-05
delete time:2.8848648071289062e-05
delete time:2.3126602172851562e-05
delete time:5.2928924560546875e-05
delete time:2.5272369384765625e-05
delete time:4.291534423828125e-05
delete time:1.4781951904296875e-05
delete time:2.5272369384765625e-05
delete time:1.5020370483398438e-05
delete time:3.8623809814453125e-05
delete time:4.9114227294921875e-05
delete time:3.4809112548828125e-05
delete time:4.029273986816406e-05
delete time:2.09808349609375e-05
delete time:1.6450881958007812e-05
delete time:2.5987625122070312e-05
delete time:4.267692565917969e-05
delete time:1.3589859008789062e-05
delete time:5.1975250244140625e-05
delete time:3.790855407714844e-05
delete time:3.075599670410156e-05
delete time:3.337860107421875e-05
delete time:5.888938903808594e-05
delete time:4.649162292480469e-05
delete time:2.8133392333984375e-05
delete time:2.0503997802734375e-05
delete time:1.6927719116210938e-05
delete time:1.6927719116210938e-05
delete time:1.0251998901367188e-05
delete time:4.076957702636719e-05
delete time:1.3113021850585938e-05
delete time:3.337860107421875e-05
delete time:1.2636184692382812e-05
delete time:4.935264587402344e-05
delete time:1.7642974853515625e-05
delete time:3.8623809814453125e-05
delete time:1.9073486328125e-05
delete time:2.0742416381835938e-05
delete time:1.4781951904296875e-05
delete time:5.078315734863281e-05
delete time:2.5510787963867188e-05
delete time:1.6689300537109375e-05
delete time:4.410743713378906e-05
delete time:4.220008850097656e-05
delete time:1.3113021850585938e-05
delete time:1.71661376953125e-05
delete time:4.124641418457031e-05
delete time:3.0040740966796875e-05
delete time:4.076957702636719e-05
delete time:3.337860107421875e-05
delete time:2.956390380859375e-05
delete time:1.9311904907226562e-05
delete time:3.910064697265625e-05
delete time:1.2636184692382812e-05
delete time:1.8358230590820312e-05
delete time:5.245208740234375e-05
delete time:3.62396240234375e-05
delete time:3.719329833984375e-05
delete time:2.8133392333984375e-05
delete time:2.384185791015625e-05
delete time:5.626678466796875e-05
delete time:1.9073486328125e-05
delete time:4.315376281738281e-05
delete time:2.3365020751953125e-05
delete time:4.172325134277344e-05
delete time:2.1219253540039062e-05
delete time:4.696846008300781e-05
delete time:2.4557113647460938e-05
delete time:3.0040740966796875e-05
delete time:5.173683166503906e-05
delete time:3.0040740966796875e-05
delete time:1.52587890625e-05
delete time:6.0558319091796875e-05
delete time:2.574920654296875e-05
delete time:5.4836273193359375e-05
delete time:3.600120544433594e-05
delete time:2.0503997802734375e-05
delete time:4.57763671875e-05
delete time:2.1696090698242188e-05
delete time:2.2649765014648438e-05
delete time:1.2636184692382812e-05
delete time:2.765655517578125e-05
delete time:2.6464462280273438e-05
delete time:4.982948303222656e-05
delete time:2.7894973754882812e-05
delete time:3.5762786865234375e-05
delete time:2.3126602172851562e-05
delete time:1.9788742065429688e-05
delete time:2.47955322265625e-05
delete time:2.193450927734375e-05
delete time:5.054473876953125e-05
delete time:4.4345855712890625e-05
delete time:1.811981201171875e-05
delete time:2.2649765014648438e-05
delete time:2.3126602172851562e-05
delete time:5.8650970458984375e-05
delete time:1.6450881958007812e-05
delete time:3.743171691894531e-05
delete time:5.340576171875e-05
delete time:2.3365020751953125e-05
delete time:2.4080276489257812e-05
delete time:4.220008850097656e-05
delete time:2.5510787963867188e-05
delete time:2.574920654296875e-05
delete time:2.288818359375e-05
delete time:5.3882598876953125e-05
delete time:3.9577484130859375e-05
delete time:2.2172927856445312e-05
delete time:2.4318695068359375e-05
delete time:1.4066696166992188e-05
delete time:4.1484832763671875e-05
delete time:1.2874603271484375e-05
delete time:2.3603439331054688e-05
delete time:5.7220458984375e-05
delete time:3.9577484130859375e-05
delete time:2.6226043701171875e-05
delete time:2.0265579223632812e-05
delete time:1.811981201171875e-05
delete time:2.002716064453125e-05
delete time:5.030632019042969e-05
delete time:4.744529724121094e-05
delete time:2.8133392333984375e-05
delete time:5.245208740234375e-05
delete time:2.5033950805664062e-05
delete time:2.5510787963867188e-05
delete time:3.8623809814453125e-05
delete time:2.9087066650390625e-05
delete time:1.4066696166992188e-05
delete time:2.4557113647460938e-05
delete time:1.3589859008789062e-05
delete time:2.1219253540039062e-05
delete time:4.4345855712890625e-05
delete time:4.0531158447265625e-05
delete time:1.9311904907226562e-05
delete time:2.47955322265625e-05
delete time:2.0742416381835938e-05
delete time:5.030632019042969e-05
delete time:2.3365020751953125e-05
delete time:4.172325134277344e-05
delete time:3.719329833984375e-05
delete time:2.3365020751953125e-05
delete time:4.982948303222656e-05
delete time:4.076957702636719e-05
delete time:1.9311904907226562e-05
delete time:3.218650817871094e-05
delete time:2.5272369384765625e-05
delete time:2.6941299438476562e-05
delete time:5.054473876953125e-05
delete time:2.0265579223632812e-05
delete time:4.9591064453125e-05
delete time:2.765655517578125e-05
delete time:2.0265579223632812e-05
delete time:4.363059997558594e-05
delete time:3.0994415283203125e-05
delete time:1.6450881958007812e-05
delete time:4.267692565917969e-05
delete time:2.1696090698242188e-05
delete time:1.9311904907226562e-05
delete time:2.0265579223632812e-05
delete time:4.506111145019531e-05
delete time:3.5762786865234375e-05
delete time:4.2438507080078125e-05
delete time:2.8371810913085938e-05
delete time:2.3365020751953125e-05
delete time:5.53131103515625e-05
delete time:3.743171691894531e-05
delete time:3.552436828613281e-05
delete time:5.5789947509765625e-05
delete time:3.3855438232421875e-05
delete time:1.811981201171875e-05
delete time:1.9788742065429688e-05
delete time:5.435943603515625e-05
delete time:5.14984130859375e-05
delete time:2.4557113647460938e-05
delete time:5.340576171875e-05
delete time:1.33514404296875e-05
delete time:2.7179718017578125e-05
delete time:4.2438507080078125e-05
delete time:5.6743621826171875e-05
delete time:6.794929504394531e-05
delete time:2.9087066650390625e-05
delete time:2.8371810913085938e-05
delete time:2.1219253540039062e-05
delete time:2.8371810913085938e-05
delete time:2.2649765014648438e-05
delete time:3.4332275390625e-05
delete time:6.365776062011719e-05
delete time:1.7642974853515625e-05
delete time:2.4318695068359375e-05
delete time:4.1961669921875e-05
delete time:1.3828277587890625e-05
delete time:4.696846008300781e-05
delete time:2.47955322265625e-05
delete time:4.76837158203125e-05
delete time:1.4543533325195312e-05
delete time:2.193450927734375e-05
delete time:8.416175842285156e-05
delete time:1.9311904907226562e-05
delete time:3.743171691894531e-05
delete time:2.6226043701171875e-05
delete time:2.002716064453125e-05
delete time:2.47955322265625e-05
delete time:2.0742416381835938e-05
delete time:4.38690185546875e-05
delete time:2.3126602172851562e-05
delete time:4.6253204345703125e-05
delete time:3.8623809814453125e-05
delete time:1.8358230590820312e-05
delete time:2.4080276489257812e-05
delete time:2.09808349609375e-05
delete time:4.315376281738281e-05
delete time:7.05718994140625e-05
delete time:1.6927719116210938e-05
delete time:2.9802322387695312e-05
delete time:2.0265579223632812e-05
delete time:2.8371810913085938e-05
delete time:2.7418136596679688e-05
delete time:1.9550323486328125e-05
delete time:5.1975250244140625e-05
delete time:2.3126602172851562e-05
delete time:5.9604644775390625e-05
delete time:1.9073486328125e-05
delete time:2.9087066650390625e-05
delete time:2.6702880859375e-05
delete time:1.52587890625e-05
delete time:4.3392181396484375e-05
delete time:2.1219253540039062e-05
delete time:2.4080276489257812e-05
delete time:2.4080276489257812e-05
delete time:2.1696090698242188e-05
delete time:1.8358230590820312e-05
delete time:2.3126602172851562e-05
delete time:2.5987625122070312e-05
delete time:4.172325134277344e-05
delete time:2.6941299438476562e-05
delete time:4.482269287109375e-05
delete time:2.2172927856445312e-05
delete time:5.412101745605469e-05
delete time:4.0531158447265625e-05
delete time:1.9788742065429688e-05
delete time:2.7179718017578125e-05
delete time:4.267692565917969e-05
delete time:2.0742416381835938e-05
delete time:2.0265579223632812e-05
delete time:1.5735626220703125e-05
delete time:4.38690185546875e-05
delete time:3.0517578125e-05
delete time:1.7881393432617188e-05
delete time:2.2172927856445312e-05
delete time:2.1457672119140625e-05
delete time:5.316734313964844e-05
delete time:3.075599670410156e-05
delete time:4.458427429199219e-05
delete time:2.6702880859375e-05
delete time:1.52587890625e-05
delete time:3.337860107421875e-05
delete time:2.4557113647460938e-05
delete time:1.5974044799804688e-05
delete time:1.5020370483398438e-05
delete time:4.935264587402344e-05
delete time:2.1696090698242188e-05
delete time:4.982948303222656e-05
delete time:5.6743621826171875e-05
delete time:2.574920654296875e-05
delete time:5.1021575927734375e-05
delete time:2.7894973754882812e-05
delete time:3.24249267578125e-05
delete time:2.8133392333984375e-05
delete time:2.6464462280273438e-05
delete time:2.3365020751953125e-05
delete time:1.9788742065429688e-05
delete time:4.649162292480469e-05
delete time:2.5510787963867188e-05
delete time:4.124641418457031e-05
delete time:4.029273986816406e-05
delete time:1.9788742065429688e-05
delete time:4.220008850097656e-05
delete time:3.62396240234375e-05
delete time:2.8848648071289062e-05
delete time:2.4318695068359375e-05
delete time:6.175041198730469e-05
delete time:3.337860107421875e-05
delete time:2.7894973754882812e-05
delete time:2.8371810913085938e-05
delete time:5.2928924560546875e-05
delete time:2.5987625122070312e-05
delete time:3.0040740966796875e-05
delete time:1.8358230590820312e-05
delete time:1.621246337890625e-05
delete time:2.6464462280273438e-05
delete time:2.3365020751953125e-05
delete time:2.8848648071289062e-05
delete time:2.288818359375e-05
delete time:2.765655517578125e-05
delete time:2.2649765014648438e-05
delete time:2.9802322387695312e-05
delete time:3.838539123535156e-05
delete time:1.9550323486328125e-05
delete time:2.2649765014648438e-05
delete time:7.319450378417969e-05
delete time:4.172325134277344e-05
delete time:2.4557113647460938e-05
delete time:2.5033950805664062e-05
delete time:2.5510787963867188e-05
delete time:3.5762786865234375e-05
delete time:3.218650817871094e-05
delete time:2.2411346435546875e-05
delete time:5.3882598876953125e-05
delete time:2.4318695068359375e-05
delete time:3.7670135498046875e-05
delete time:4.792213439941406e-05
delete time:2.0265579223632812e-05
delete time:3.266334533691406e-05
delete time:5.078315734863281e-05
delete time:6.4849853515625e-05
delete time:2.8848648071289062e-05
delete time:4.887580871582031e-05
delete time:2.6226043701171875e-05
delete time:2.5033950805664062e-05
delete time:3.314018249511719e-05
delete time:3.62396240234375e-05
delete time:2.09808349609375e-05
delete time:3.170967102050781e-05
delete time:2.9087066650390625e-05
delete time:6.0558319091796875e-05
delete time:4.172325134277344e-05
delete time:2.47955322265625e-05
delete time:2.6226043701171875e-05
delete time:5.125999450683594e-05
delete time:2.2172927856445312e-05
delete time:4.553794860839844e-05
delete time:3.123283386230469e-05
delete time:2.5272369384765625e-05
delete time:2.5987625122070312e-05
delete time:3.24249267578125e-05
delete time:2.6226043701171875e-05
delete time:6.031990051269531e-05
delete time:2.288818359375e-05
delete time:5.5789947509765625e-05
delete time:2.9325485229492188e-05
delete time:6.0558319091796875e-05
delete time:4.863739013671875e-05
delete time:3.7670135498046875e-05
delete time:3.981590270996094e-05
delete time:5.364418029785156e-05
delete time:5.555152893066406e-05
delete time:5.0067901611328125e-05
delete time:3.266334533691406e-05
delete time:4.124641418457031e-05
delete time:2.574920654296875e-05
delete time:2.193450927734375e-05
delete time:3.123283386230469e-05
delete time:2.1219253540039062e-05
delete time:2.002716064453125e-05
delete time:4.363059997558594e-05
delete time:4.696846008300781e-05
delete time:3.7670135498046875e-05
delete time:3.910064697265625e-05
delete time:1.9073486328125e-05
delete time:1.9073486328125e-05
delete time:3.147125244140625e-05
delete time:4.38690185546875e-05
delete time:1.6927719116210938e-05
delete time:2.8848648071289062e-05
delete time:5.030632019042969e-05
delete time:2.7894973754882812e-05
delete time:2.9325485229492188e-05
delete time:4.1961669921875e-05
delete time:2.3603439331054688e-05
delete time:5.817413330078125e-05
delete time:5.745887756347656e-05
delete time:3.4809112548828125e-05
delete time:2.1457672119140625e-05
delete time:4.38690185546875e-05
delete time:3.552436828613281e-05
delete time:5.245208740234375e-05
delete time:1.7404556274414062e-05
delete time:2.4318695068359375e-05
delete time:2.5272369384765625e-05
delete time:4.1484832763671875e-05
delete time:1.9311904907226562e-05
delete time:3.504753112792969e-05
delete time:2.574920654296875e-05
delete time:1.7642974853515625e-05
delete time:2.7418136596679688e-05
delete time:2.7418136596679688e-05
delete time:3.1948089599609375e-05
delete time:4.792213439941406e-05
delete time:2.384185791015625e-05
delete time:3.552436828613281e-05
delete time:5.745887756347656e-05
delete time:3.123283386230469e-05
delete time:2.1696090698242188e-05
delete time:4.887580871582031e-05
delete time:2.384185791015625e-05
delete time:1.8358230590820312e-05
delete time:4.3392181396484375e-05
delete time:3.62396240234375e-05
delete time:4.38690185546875e-05
delete time:5.030632019042969e-05
delete time:4.38690185546875e-05
delete time:2.2649765014648438e-05
delete time:1.7404556274414062e-05
delete time:2.6226043701171875e-05
delete time:2.765655517578125e-05
delete time:1.4066696166992188e-05
delete time:2.5033950805664062e-05
delete time:4.2438507080078125e-05
delete time:1.621246337890625e-05
delete time:2.1219253540039062e-05
delete time:3.170967102050781e-05
delete time:2.574920654296875e-05
delete time:1.6927719116210938e-05
delete time:4.100799560546875e-05
delete time:3.1948089599609375e-05
delete time:4.673004150390625e-05
delete time:3.1948089599609375e-05
delete time:2.2649765014648438e-05
delete time:2.5987625122070312e-05
delete time:1.7404556274414062e-05
delete time:2.47955322265625e-05
delete time:3.3855438232421875e-05
delete time:2.2172927856445312e-05
delete time:4.363059997558594e-05
delete time:2.002716064453125e-05
delete time:2.6702880859375e-05
delete time:1.6689300537109375e-05
delete time:3.170967102050781e-05
delete time:2.4318695068359375e-05
delete time:5.53131103515625e-05
delete time:2.5272369384765625e-05
delete time:2.8848648071289062e-05
delete time:5.435943603515625e-05
delete time:3.0994415283203125e-05
delete time:6.079673767089844e-05
delete time:5.1975250244140625e-05
delete time:2.6464462280273438e-05
delete time:2.7894973754882812e-05
delete time:2.4318695068359375e-05
delete time:2.1219253540039062e-05
delete time:4.6253204345703125e-05
delete time:2.7179718017578125e-05
delete time:1.8835067749023438e-05
delete time:3.457069396972656e-05
delete time:1.5735626220703125e-05
delete time:3.361701965332031e-05
delete time:2.5272369384765625e-05
delete time:2.5272369384765625e-05
delete time:2.7894973754882812e-05
delete time:2.7894973754882812e-05
delete time:4.172325134277344e-05
delete time:2.574920654296875e-05
delete time:2.384185791015625e-05
delete time:2.4318695068359375e-05
delete time:6.365776062011719e-05
delete time:4.982948303222656e-05
delete time:2.8371810913085938e-05
delete time:2.4318695068359375e-05
delete time:2.2172927856445312e-05
delete time:2.6702880859375e-05
delete time:2.6941299438476562e-05
delete time:4.982948303222656e-05
delete time:3.0994415283203125e-05
delete time:0.0001537799835205078
delete time:2.5033950805664062e-05
delete time:4.5299530029296875e-05
delete time:2.5033950805664062e-05
delete time:1.9788742065429688e-05
delete time:2.3603439331054688e-05
delete time:1.8835067749023438e-05
delete time:2.47955322265625e-05
delete time:3.910064697265625e-05
delete time:3.0994415283203125e-05
delete time:4.3392181396484375e-05
delete time:3.62396240234375e-05
delete time:4.4345855712890625e-05
delete time:3.790855407714844e-05
delete time:2.0742416381835938e-05
delete time:2.5272369384765625e-05
delete time:2.5987625122070312e-05
delete time:2.6941299438476562e-05
delete time:2.9087066650390625e-05
delete time:2.47955322265625e-05
delete time:5.9604644775390625e-05
delete time:2.7418136596679688e-05
delete time:5.435943603515625e-05
delete time:5.6743621826171875e-05
delete time:2.574920654296875e-05
delete time:2.8133392333984375e-05
delete time:2.7418136596679688e-05
delete time:3.0040740966796875e-05
delete time:3.075599670410156e-05
delete time:2.288818359375e-05
delete time:4.553794860839844e-05
delete time:2.5272369384765625e-05
delete time:5.173683166503906e-05
delete time:2.7894973754882812e-05
delete time:2.8133392333984375e-05
delete time:2.288818359375e-05
delete time:5.316734313964844e-05
delete time:2.0742416381835938e-05
delete time:1.8358230590820312e-05
delete time:4.410743713378906e-05
delete time:3.218650817871094e-05
delete time:2.8133392333984375e-05
delete time:2.0503997802734375e-05
delete time:1.9788742065429688e-05
delete time:3.123283386230469e-05
delete time:5.7220458984375e-05
delete time:3.0040740966796875e-05
delete time:2.3603439331054688e-05
delete time:2.1696090698242188e-05
delete time:1.7404556274414062e-05
delete time:2.9802322387695312e-05
delete time:3.552436828613281e-05
delete time:6.222724914550781e-05
delete time:2.2172927856445312e-05
delete time:2.0265579223632812e-05
delete time:4.124641418457031e-05
delete time:2.3126602172851562e-05
delete time:1.7404556274414062e-05
delete time:4.5299530029296875e-05
delete time:2.956390380859375e-05
delete time:5.5789947509765625e-05
delete time:4.291534423828125e-05
delete time:1.8596649169921875e-05
delete time:2.574920654296875e-05
delete time:2.574920654296875e-05
delete time:3.9577484130859375e-05
delete time:2.0503997802734375e-05
delete time:2.7179718017578125e-05
delete time:1.8835067749023438e-05
delete time:2.5510787963867188e-05
delete time:2.3126602172851562e-05
delete time:2.574920654296875e-05
delete time:4.601478576660156e-05
delete time:3.9577484130859375e-05
delete time:2.4557113647460938e-05
delete time:2.3126602172851562e-05
delete time:6.079673767089844e-05
delete time:1.7404556274414062e-05
delete time:4.553794860839844e-05
delete time:3.361701965332031e-05
delete time:4.220008850097656e-05
delete time:5.1021575927734375e-05
delete time:3.075599670410156e-05
delete time:4.38690185546875e-05
delete time:2.0742416381835938e-05
delete time:2.1696090698242188e-05
delete time:3.528594970703125e-05
delete time:4.363059997558594e-05
delete time:4.744529724121094e-05
delete time:3.0517578125e-05
delete time:5.602836608886719e-05
delete time:4.5299530029296875e-05
delete time:4.291534423828125e-05
delete time:5.030632019042969e-05
delete time:1.9788742065429688e-05
delete time:2.6941299438476562e-05
delete time:2.6464462280273438e-05
delete time:4.839897155761719e-05
delete time:2.9087066650390625e-05
delete time:4.696846008300781e-05
delete time:2.7179718017578125e-05
delete time:2.5033950805664062e-05
delete time:2.7418136596679688e-05
delete time:4.553794860839844e-05
delete time:2.3365020751953125e-05
delete time:5.698204040527344e-05
delete time:2.288818359375e-05
delete time:4.220008850097656e-05
delete time:4.76837158203125e-05
delete time:4.220008850097656e-05
delete time:4.0531158447265625e-05
delete time:2.3603439331054688e-05
delete time:5.316734313964844e-05
delete time:3.9577484130859375e-05
delete time:3.504753112792969e-05
delete time:3.0517578125e-05
delete time:5.6743621826171875e-05
delete time:2.1696090698242188e-05
delete time:2.1457672119140625e-05
delete time:2.956390380859375e-05
delete time:2.384185791015625e-05
delete time:2.5033950805664062e-05
delete time:2.4080276489257812e-05
delete time:5.269050598144531e-05
delete time:3.3855438232421875e-05
delete time:5.435943603515625e-05
delete time:3.9577484130859375e-05
delete time:3.933906555175781e-05
delete time:3.0040740966796875e-05
delete time:2.7894973754882812e-05
delete time:3.528594970703125e-05
delete time:4.458427429199219e-05
delete time:2.384185791015625e-05
delete time:3.2901763916015625e-05
delete time:2.8133392333984375e-05
delete time:2.5272369384765625e-05
delete time:2.09808349609375e-05
delete time:4.363059997558594e-05
delete time:5.626678466796875e-05
delete time:3.170967102050781e-05
delete time:2.6226043701171875e-05
delete time:2.956390380859375e-05
delete time:3.0994415283203125e-05
delete time:2.8848648071289062e-05
delete time:3.0994415283203125e-05
delete time:2.2649765014648438e-05
delete time:2.5033950805664062e-05
delete time:2.288818359375e-05
delete time:2.002716064453125e-05
delete time:2.5033950805664062e-05
delete time:4.9591064453125e-05
delete time:2.8371810913085938e-05
delete time:5.030632019042969e-05
delete time:1.9550323486328125e-05
delete time:4.792213439941406e-05
delete time:5.125999450683594e-05
delete time:3.075599670410156e-05
delete time:1.7881393432617188e-05
delete time:4.696846008300781e-05
delete time:2.574920654296875e-05
delete time:3.314018249511719e-05
delete time:4.363059997558594e-05
delete time:4.1484832763671875e-05
delete time:4.792213439941406e-05
delete time:3.0517578125e-05
delete time:2.4318695068359375e-05
delete time:3.5762786865234375e-05
delete time:1.71661376953125e-05
delete time:4.744529724121094e-05
delete time:2.2172927856445312e-05
delete time:2.2172927856445312e-05
delete time:2.7179718017578125e-05
delete time:2.0503997802734375e-05
delete time:2.6464462280273438e-05
delete time:4.9591064453125e-05
delete time:2.1457672119140625e-05
delete time:1.621246337890625e-05
delete time:2.0503997802734375e-05
delete time:2.2411346435546875e-05
delete time:2.288818359375e-05
delete time:1.8835067749023438e-05
delete time:4.7206878662109375e-05
delete time:1.6689300537109375e-05
delete time:2.7418136596679688e-05
delete time:2.3365020751953125e-05
delete time:2.956390380859375e-05
delete time:2.0265579223632812e-05
delete time:4.100799560546875e-05
delete time:3.3855438232421875e-05
delete time:5.8650970458984375e-05
delete time:4.100799560546875e-05
delete time:2.86102294921875e-05
delete time:2.002716064453125e-05
delete time:4.1961669921875e-05
delete time:5.507469177246094e-05
delete time:3.886222839355469e-05
delete time:2.7418136596679688e-05
delete time:2.9802322387695312e-05
delete time:4.2438507080078125e-05
delete time:1.9788742065429688e-05
delete time:2.1457672119140625e-05
delete time:2.2411346435546875e-05
delete time:4.863739013671875e-05
delete time:2.5033950805664062e-05
delete time:2.8133392333984375e-05
delete time:2.1696090698242188e-05
delete time:4.506111145019531e-05
delete time:4.8160552978515625e-05
delete time:2.3126602172851562e-05
delete time:2.47955322265625e-05
delete time:3.4809112548828125e-05
delete time:2.5987625122070312e-05
delete time:3.552436828613281e-05
delete time:1.7881393432617188e-05
delete time:4.482269287109375e-05
delete time:4.887580871582031e-05
delete time:3.790855407714844e-05
delete time:3.0994415283203125e-05
delete time:5.245208740234375e-05
delete time:3.123283386230469e-05
delete time:5.0067901611328125e-05
delete time:3.147125244140625e-05
delete time:4.9114227294921875e-05
delete time:2.3603439331054688e-05
delete time:2.5272369384765625e-05
delete time:2.7179718017578125e-05
delete time:2.3365020751953125e-05
delete time:4.482269287109375e-05
delete time:5.841255187988281e-05
delete time:2.4318695068359375e-05
delete time:2.193450927734375e-05
delete time:2.6941299438476562e-05
delete time:2.5987625122070312e-05
delete time:2.3603439331054688e-05
delete time:1.6689300537109375e-05
delete time:2.5987625122070312e-05
delete time:1.5497207641601562e-05
delete time:5.6743621826171875e-05
delete time:2.9087066650390625e-05
delete time:4.4345855712890625e-05
delete time:1.621246337890625e-05
delete time:2.7894973754882812e-05
delete time:2.956390380859375e-05
delete time:2.4318695068359375e-05
delete time:1.9311904907226562e-05
delete time:2.4557113647460938e-05
delete time:2.6464462280273438e-05
delete time:4.315376281738281e-05
delete time:2.7894973754882812e-05
delete time:5.221366882324219e-05
delete time:4.601478576660156e-05
delete time:3.790855407714844e-05
delete time:5.1975250244140625e-05
delete time:1.9788742065429688e-05
delete time:2.6941299438476562e-05
delete time:5.030632019042969e-05
delete time:4.9591064453125e-05
delete time:2.86102294921875e-05
delete time:2.0742416381835938e-05
delete time:4.100799560546875e-05
delete time:3.0040740966796875e-05
delete time:3.910064697265625e-05
delete time:4.4345855712890625e-05
delete time:2.765655517578125e-05
delete time:1.71661376953125e-05
delete time:2.002716064453125e-05
delete time:2.4557113647460938e-05
delete time:3.409385681152344e-05
delete time:2.6702880859375e-05
delete time:4.935264587402344e-05
delete time:3.0517578125e-05
delete time:2.2411346435546875e-05
delete time:3.314018249511719e-05
delete time:4.291534423828125e-05
delete time:2.9325485229492188e-05
delete time:4.124641418457031e-05
delete time:4.076957702636719e-05
delete time:4.2438507080078125e-05
delete time:2.574920654296875e-05
delete time:2.7418136596679688e-05
delete time:1.4781951904296875e-05
delete time:2.1457672119140625e-05
delete time:2.3126602172851562e-05
delete time:4.482269287109375e-05
delete time:2.574920654296875e-05
delete time:4.0531158447265625e-05
delete time:5.2928924560546875e-05
delete time:3.790855407714844e-05
delete time:2.4318695068359375e-05
delete time:3.314018249511719e-05
delete time:2.1696090698242188e-05
delete time:2.4557113647460938e-05
delete time:2.4557113647460938e-05
delete time:5.555152893066406e-05
delete time:2.3126602172851562e-05
delete time:3.910064697265625e-05
delete time:2.1219253540039062e-05
delete time:2.2649765014648438e-05
delete time:4.38690185546875e-05
delete time:2.3126602172851562e-05
delete time:2.3126602172851562e-05
delete time:2.5987625122070312e-05
delete time:2.288818359375e-05
delete time:2.002716064453125e-05
delete time:4.553794860839844e-05
delete time:2.4080276489257812e-05
delete time:2.765655517578125e-05
delete time:2.574920654296875e-05
delete time:2.7179718017578125e-05
delete time:2.193450927734375e-05
delete time:3.910064697265625e-05
delete time:6.270408630371094e-05
delete time:2.288818359375e-05
delete time:6.866455078125e-05
delete time:3.600120544433594e-05
delete time:2.6464462280273438e-05
delete time:4.7206878662109375e-05
delete time:3.218650817871094e-05
delete time:6.437301635742188e-05
delete time:4.601478576660156e-05
delete time:5.3882598876953125e-05
delete time:4.506111145019531e-05
delete time:4.124641418457031e-05
delete time:5.412101745605469e-05
delete time:3.123283386230469e-05
delete time:2.574920654296875e-05
delete time:7.152557373046875e-05
delete time:3.695487976074219e-05
delete time:2.574920654296875e-05
delete time:2.193450927734375e-05
delete time:3.147125244140625e-05
delete time:4.38690185546875e-05
delete time:1.811981201171875e-05
delete time:1.6689300537109375e-05
delete time:4.0531158447265625e-05
delete time:2.6226043701171875e-05
delete time:3.4332275390625e-05
delete time:5.340576171875e-05
delete time:5.5789947509765625e-05
delete time:2.7418136596679688e-05
delete time:2.1696090698242188e-05
delete time:2.6226043701171875e-05
delete time:2.5033950805664062e-05
delete time:2.288818359375e-05
delete time:3.3855438232421875e-05
delete time:2.288818359375e-05
delete time:1.52587890625e-05
delete time:2.288818359375e-05
delete time:2.4080276489257812e-05
delete time:2.6226043701171875e-05
delete time:4.649162292480469e-05
delete time:4.124641418457031e-05
delete time:4.935264587402344e-05
delete time:4.76837158203125e-05
delete time:5.221366882324219e-05
delete time:2.765655517578125e-05
delete time:5.054473876953125e-05
delete time:3.409385681152344e-05
delete time:2.5510787963867188e-05
delete time:2.1696090698242188e-05
delete time:4.76837158203125e-05
delete time:4.124641418457031e-05
delete time:3.504753112792969e-05
delete time:2.4080276489257812e-05
delete time:2.002716064453125e-05
delete time:3.933906555175781e-05
delete time:2.0265579223632812e-05
delete time:3.743171691894531e-05
delete time:2.7418136596679688e-05
delete time:4.506111145019531e-05
delete time:2.384185791015625e-05
delete time:2.4318695068359375e-05
delete time:2.5510787963867188e-05
delete time:4.0531158447265625e-05
delete time:1.9311904907226562e-05
delete time:2.5272369384765625e-05
delete time:2.1696090698242188e-05
delete time:4.0531158447265625e-05
delete time:3.886222839355469e-05
delete time:2.7894973754882812e-05
delete time:1.621246337890625e-05
delete time:4.458427429199219e-05
delete time:2.5033950805664062e-05
delete time:2.86102294921875e-05
delete time:3.0040740966796875e-05
delete time:4.076957702636719e-05
delete time:2.4557113647460938e-05
delete time:2.384185791015625e-05
delete time:2.4557113647460938e-05
delete time:1.7881393432617188e-05
delete time:4.0531158447265625e-05
delete time:2.765655517578125e-05
delete time:2.8133392333984375e-05
delete time:3.147125244140625e-05
delete time:5.0067901611328125e-05
delete time:4.00543212890625e-05
delete time:3.3855438232421875e-05
delete time:4.100799560546875e-05
delete time:2.6464462280273438e-05
delete time:4.839897155761719e-05
delete time:4.172325134277344e-05
delete time:2.1219253540039062e-05
delete time:5.245208740234375e-05
delete time:2.6464462280273438e-05
delete time:4.4345855712890625e-05
delete time:2.5510787963867188e-05
delete time:2.2411346435546875e-05
delete time:2.3126602172851562e-05
delete time:2.2172927856445312e-05
delete time:3.1948089599609375e-05
delete time:2.193450927734375e-05
delete time:2.4318695068359375e-05
delete time:4.9114227294921875e-05
delete time:4.506111145019531e-05
delete time:2.7418136596679688e-05
delete time:2.47955322265625e-05
delete time:1.5020370483398438e-05
delete time:1.3589859008789062e-05
delete time:2.7894973754882812e-05
delete time:2.5987625122070312e-05
delete time:4.220008850097656e-05
delete time:5.793571472167969e-05
delete time:3.123283386230469e-05
delete time:2.4557113647460938e-05
delete time:4.982948303222656e-05
delete time:1.5735626220703125e-05
delete time:2.1219253540039062e-05
delete time:2.765655517578125e-05
delete time:2.7418136596679688e-05
delete time:2.3126602172851562e-05
delete time:1.9311904907226562e-05
delete time:3.1948089599609375e-05
delete time:4.267692565917969e-05
delete time:3.170967102050781e-05
delete time:2.4318695068359375e-05
delete time:2.384185791015625e-05
delete time:4.7206878662109375e-05
delete time:3.0994415283203125e-05
delete time:4.482269287109375e-05
delete time:5.054473876953125e-05
delete time:4.744529724121094e-05
delete time:4.1484832763671875e-05
delete time:3.600120544433594e-05
delete time:4.2438507080078125e-05
delete time:4.863739013671875e-05
delete time:4.601478576660156e-05
delete time:2.8848648071289062e-05
delete time:1.6689300537109375e-05
delete time:4.553794860839844e-05
delete time:2.002716064453125e-05
delete time:3.8623809814453125e-05
delete time:2.956390380859375e-05
delete time:3.4332275390625e-05
delete time:2.5987625122070312e-05
delete time:3.0517578125e-05
delete time:2.7179718017578125e-05
delete time:2.8133392333984375e-05
delete time:1.6450881958007812e-05
delete time:2.6941299438476562e-05
delete time:4.00543212890625e-05
delete time:2.3126602172851562e-05
delete time:4.291534423828125e-05
delete time:5.459785461425781e-05
delete time:2.4080276489257812e-05
delete time:3.170967102050781e-05
delete time:2.574920654296875e-05
delete time:1.7404556274414062e-05
delete time:2.1696090698242188e-05
delete time:2.574920654296875e-05
delete time:3.361701965332031e-05
delete time:2.7894973754882812e-05
delete time:2.9087066650390625e-05
delete time:3.1948089599609375e-05
delete time:2.6226043701171875e-05
delete time:2.288818359375e-05
delete time:2.0265579223632812e-05
delete time:5.4836273193359375e-05
delete time:4.3392181396484375e-05
delete time:2.2649765014648438e-05
delete time:5.14984130859375e-05
delete time:2.86102294921875e-05
delete time:3.528594970703125e-05
delete time:1.9073486328125e-05
delete time:2.5033950805664062e-05
delete time:1.811981201171875e-05
delete time:3.337860107421875e-05
delete time:5.1975250244140625e-05
delete time:2.5987625122070312e-05
delete time:2.2649765014648438e-05
delete time:1.6927719116210938e-05
delete time:2.6464462280273438e-05
delete time:6.866455078125e-05
delete time:5.4836273193359375e-05
delete time:2.3365020751953125e-05
delete time:4.57763671875e-05
delete time:1.9550323486328125e-05
delete time:3.933906555175781e-05
delete time:3.24249267578125e-05
delete time:2.002716064453125e-05
delete time:2.4080276489257812e-05
delete time:4.2438507080078125e-05
delete time:2.5987625122070312e-05
delete time:3.0994415283203125e-05
delete time:2.47955322265625e-05
delete time:2.2172927856445312e-05
delete time:2.5987625122070312e-05
delete time:2.8371810913085938e-05
delete time:2.6464462280273438e-05
delete time:1.3828277587890625e-05
delete time:1.9073486328125e-05
delete time:1.1444091796875e-05
delete time:4.8160552978515625e-05
delete time:3.409385681152344e-05
delete time:2.7418136596679688e-05
delete time:2.1696090698242188e-05
delete time:5.245208740234375e-05
delete time:2.765655517578125e-05
delete time:2.0742416381835938e-05
delete time:1.71661376953125e-05
delete time:2.8133392333984375e-05
delete time:2.2649765014648438e-05
delete time:5.364418029785156e-05
delete time:2.4080276489257812e-05
delete time:2.765655517578125e-05
delete time:1.8358230590820312e-05
delete time:2.1219253540039062e-05
delete time:4.696846008300781e-05
delete time:3.0040740966796875e-05
delete time:4.458427429199219e-05
delete time:2.5510787963867188e-05
delete time:2.1696090698242188e-05
delete time:2.574920654296875e-05
delete time:5.173683166503906e-05
delete time:2.765655517578125e-05
delete time:3.218650817871094e-05
delete time:2.4318695068359375e-05
delete time:5.078315734863281e-05
delete time:6.008148193359375e-05
delete time:5.030632019042969e-05
delete time:2.574920654296875e-05
delete time:1.8358230590820312e-05
delete time:2.1696090698242188e-05
delete time:2.09808349609375e-05
delete time:1.6689300537109375e-05
delete time:2.8371810913085938e-05
delete time:2.0265579223632812e-05
delete time:3.0279159545898438e-05
delete time:2.5987625122070312e-05
delete time:2.6464462280273438e-05
delete time:4.649162292480469e-05
delete time:4.6253204345703125e-05
delete time:2.4557113647460938e-05
delete time:5.8650970458984375e-05
delete time:2.384185791015625e-05
delete time:5.125999450683594e-05
delete time:1.9550323486328125e-05
delete time:5.3882598876953125e-05
delete time:3.0994415283203125e-05
delete time:3.0517578125e-05
delete time:2.1219253540039062e-05
delete time:2.9087066650390625e-05
delete time:2.6226043701171875e-05
delete time:2.384185791015625e-05
delete time:2.0742416381835938e-05
delete time:2.193450927734375e-05
delete time:5.125999450683594e-05
delete time:4.00543212890625e-05
delete time:4.315376281738281e-05
delete time:4.839897155761719e-05
delete time:2.574920654296875e-05
delete time:2.8133392333984375e-05
delete time:2.47955322265625e-05
delete time:2.1696090698242188e-05
delete time:2.2411346435546875e-05
delete time:5.4836273193359375e-05
delete time:3.170967102050781e-05
delete time:2.3365020751953125e-05
delete time:1.811981201171875e-05
delete time:4.57763671875e-05
delete time:2.9802322387695312e-05
delete time:2.6941299438476562e-05
delete time:2.6941299438476562e-05
delete time:5.316734313964844e-05
delete time:2.5510787963867188e-05
delete time:1.52587890625e-05
delete time:2.1457672119140625e-05
delete time:2.0503997802734375e-05
delete time:2.5272369384765625e-05
delete time:2.6702880859375e-05
delete time:2.2649765014648438e-05
delete time:5.4836273193359375e-05
delete time:2.8371810913085938e-05
delete time:4.410743713378906e-05
delete time:2.3365020751953125e-05
delete time:1.9788742065429688e-05
delete time:5.221366882324219e-05
delete time:1.6689300537109375e-05
delete time:4.76837158203125e-05
delete time:4.57763671875e-05
delete time:2.5033950805664062e-05
delete time:3.218650817871094e-05
delete time:2.4080276489257812e-05
delete time:2.2172927856445312e-05
delete time:1.9073486328125e-05
delete time:1.0251998901367188e-05
delete time:5.2928924560546875e-05
delete time:2.5987625122070312e-05
delete time:2.9087066650390625e-05
delete time:2.384185791015625e-05
delete time:1.71661376953125e-05
delete time:1.4066696166992188e-05
delete time:4.363059997558594e-05
delete time:4.76837158203125e-05
delete time:4.315376281738281e-05
delete time:2.0742416381835938e-05
delete time:2.5510787963867188e-05
delete time:2.8371810913085938e-05
delete time:3.981590270996094e-05
delete time:2.5987625122070312e-05
delete time:2.2172927856445312e-05
delete time:2.6941299438476562e-05
delete time:2.8371810913085938e-05
delete time:2.956390380859375e-05
delete time:2.4557113647460938e-05
delete time:4.601478576660156e-05
delete time:2.0503997802734375e-05
delete time:2.6941299438476562e-05
delete time:4.696846008300781e-05
delete time:1.811981201171875e-05
delete time:3.552436828613281e-05
delete time:4.315376281738281e-05
delete time:2.6941299438476562e-05
delete time:2.8371810913085938e-05
delete time:2.193450927734375e-05
delete time:2.6226043701171875e-05
delete time:3.5762786865234375e-05
delete time:4.863739013671875e-05
delete time:3.695487976074219e-05
delete time:3.170967102050781e-05
delete time:1.5974044799804688e-05
delete time:6.246566772460938e-05
delete time:2.1457672119140625e-05
delete time:2.6702880859375e-05
delete time:7.224082946777344e-05
delete time:2.0742416381835938e-05
delete time:5.817413330078125e-05
delete time:2.956390380859375e-05
delete time:2.288818359375e-05
delete time:5.7697296142578125e-05
delete time:5.459785461425781e-05
delete time:4.363059997558594e-05
delete time:4.3392181396484375e-05
delete time:2.2649765014648438e-05
delete time:5.364418029785156e-05
delete time:2.4080276489257812e-05
delete time:4.9591064453125e-05
delete time:2.2172927856445312e-05
delete time:4.076957702636719e-05
delete time:4.1961669921875e-05
delete time:2.8133392333984375e-05
delete time:2.5033950805664062e-05
delete time:5.364418029785156e-05
delete time:2.5033950805664062e-05
delete time:4.982948303222656e-05
delete time:2.3365020751953125e-05
delete time:2.1457672119140625e-05
delete time:2.4080276489257812e-05
delete time:5.1021575927734375e-05
delete time:2.7894973754882812e-05
delete time:5.555152893066406e-05
delete time:2.5033950805664062e-05
delete time:2.6226043701171875e-05
delete time:4.506111145019531e-05
delete time:1.1682510375976562e-05
delete time:1.9788742065429688e-05
delete time:3.337860107421875e-05
delete time:3.933906555175781e-05
delete time:2.7894973754882812e-05
delete time:4.3392181396484375e-05
delete time:1.9788742065429688e-05
delete time:2.47955322265625e-05
delete time:4.267692565917969e-05
delete time:2.1219253540039062e-05
delete time:2.2411346435546875e-05
delete time:4.506111145019531e-05
delete time:2.2649765014648438e-05
delete time:2.193450927734375e-05
delete time:1.33514404296875e-05
delete time:2.3365020751953125e-05
delete time:2.3365020751953125e-05
delete time:3.123283386230469e-05
delete time:2.002716064453125e-05
delete time:2.574920654296875e-05
delete time:2.1696090698242188e-05
delete time:2.193450927734375e-05
delete time:4.744529724121094e-05
delete time:2.3603439331054688e-05
delete time:4.5299530029296875e-05
delete time:3.0279159545898438e-05
delete time:2.4080276489257812e-05
delete time:3.147125244140625e-05
delete time:5.412101745605469e-05
delete time:2.09808349609375e-05
delete time:1.9550323486328125e-05
delete time:2.5033950805664062e-05
delete time:2.6226043701171875e-05
delete time:3.933906555175781e-05
delete time:3.24249267578125e-05
delete time:5.173683166503906e-05
delete time:4.601478576660156e-05
delete time:2.288818359375e-05
delete time:4.863739013671875e-05
delete time:2.6941299438476562e-05
delete time:2.5987625122070312e-05
delete time:2.6702880859375e-05
delete time:1.3113021850585938e-05
delete time:3.314018249511719e-05
delete time:4.506111145019531e-05
delete time:2.4557113647460938e-05
delete time:5.340576171875e-05
delete time:2.5510787963867188e-05
delete time:2.8133392333984375e-05
delete time:5.0067901611328125e-05
delete time:2.09808349609375e-05
delete time:2.47955322265625e-05
delete time:2.4557113647460938e-05
delete time:2.6464462280273438e-05
delete time:1.9550323486328125e-05
delete time:3.361701965332031e-05
delete time:3.1948089599609375e-05
delete time:4.410743713378906e-05
delete time:5.8650970458984375e-05
delete time:2.6941299438476562e-05
delete time:2.4080276489257812e-05
delete time:4.76837158203125e-05
delete time:5.054473876953125e-05
delete time:5.7220458984375e-05
delete time:3.1948089599609375e-05
delete time:2.002716064453125e-05
delete time:2.0742416381835938e-05
delete time:2.4318695068359375e-05
delete time:5.364418029785156e-05
delete time:5.269050598144531e-05
delete time:2.288818359375e-05
delete time:3.170967102050781e-05
delete time:2.765655517578125e-05
delete time:1.9073486328125e-05
delete time:2.4080276489257812e-05
delete time:2.09808349609375e-05
delete time:2.4080276489257812e-05
delete time:4.0531158447265625e-05
delete time:1.5735626220703125e-05
delete time:4.1961669921875e-05
delete time:2.3603439331054688e-05
delete time:2.4080276489257812e-05
delete time:4.363059997558594e-05
delete time:2.4318695068359375e-05
delete time:2.1457672119140625e-05
delete time:2.5272369384765625e-05
delete time:4.3392181396484375e-05
delete time:2.5272369384765625e-05
delete time:2.0742416381835938e-05
delete time:2.1696090698242188e-05
delete time:3.337860107421875e-05
delete time:2.3126602172851562e-05
delete time:2.9802322387695312e-05
delete time:2.2411346435546875e-05
delete time:2.4557113647460938e-05
delete time:2.002716064453125e-05
delete time:1.52587890625e-05
delete time:3.0279159545898438e-05
delete time:2.09808349609375e-05
delete time:2.7179718017578125e-05
delete time:2.6226043701171875e-05
delete time:5.245208740234375e-05
delete time:2.7894973754882812e-05
delete time:3.0517578125e-05
delete time:2.0503997802734375e-05
delete time:2.3126602172851562e-05
delete time:2.7179718017578125e-05
delete time:2.5510787963867188e-05
delete time:5.364418029785156e-05
delete time:5.0067901611328125e-05
delete time:5.054473876953125e-05
delete time:4.482269287109375e-05
delete time:2.002716064453125e-05
delete time:2.9802322387695312e-05
delete time:5.91278076171875e-05
delete time:2.8371810913085938e-05
delete time:2.09808349609375e-05
delete time:2.1457672119140625e-05
delete time:4.5299530029296875e-05
delete time:2.5033950805664062e-05
delete time:2.9087066650390625e-05
delete time:1.9073486328125e-05
delete time:2.7418136596679688e-05
delete time:2.3603439331054688e-05
delete time:2.2411346435546875e-05
delete time:1.8358230590820312e-05
delete time:5.1021575927734375e-05
delete time:5.173683166503906e-05
delete time:2.86102294921875e-05
delete time:2.1219253540039062e-05
delete time:4.4345855712890625e-05
delete time:5.269050598144531e-05
delete time:1.52587890625e-05
delete time:4.839897155761719e-05
delete time:3.0994415283203125e-05
delete time:1.7404556274414062e-05
delete time:4.4345855712890625e-05
delete time:4.482269287109375e-05
delete time:2.1457672119140625e-05
delete time:2.3126602172851562e-05
delete time:4.553794860839844e-05
delete time:5.8650970458984375e-05
delete time:4.38690185546875e-05
delete time:2.6702880859375e-05
delete time:2.288818359375e-05
delete time:4.553794860839844e-05
delete time:2.384185791015625e-05
delete time:5.316734313964844e-05
delete time:2.3126602172851562e-05
delete time:4.482269287109375e-05
delete time:4.00543212890625e-05
delete time:2.384185791015625e-05
delete time:4.863739013671875e-05
delete time:4.553794860839844e-05
delete time:2.765655517578125e-05
delete time:2.86102294921875e-05
delete time:5.2928924560546875e-05
delete time:4.5299530029296875e-05
delete time:3.218650817871094e-05
delete time:4.076957702636719e-05
delete time:2.2411346435546875e-05
delete time:2.5510787963867188e-05
delete time:6.008148193359375e-05
delete time:1.9550323486328125e-05
delete time:2.9087066650390625e-05
delete time:1.71661376953125e-05
delete time:3.0279159545898438e-05
delete time:2.4557113647460938e-05
delete time:5.8650970458984375e-05
delete time:2.0742416381835938e-05
delete time:5.435943603515625e-05
delete time:2.3365020751953125e-05
delete time:1.811981201171875e-05
delete time:2.384185791015625e-05
delete time:2.193450927734375e-05
delete time:1.4543533325195312e-05
delete time:2.8848648071289062e-05
delete time:4.696846008300781e-05
delete time:4.458427429199219e-05
delete time:5.459785461425781e-05
delete time:2.47955322265625e-05
delete time:4.839897155761719e-05
delete time:4.8160552978515625e-05
delete time:2.09808349609375e-05
delete time:1.5020370483398438e-05
delete time:6.866455078125e-05
delete time:2.7179718017578125e-05
delete time:4.9591064453125e-05
delete time:2.7894973754882812e-05
delete time:2.1457672119140625e-05
delete time:2.7179718017578125e-05
delete time:2.6941299438476562e-05
delete time:2.2649765014648438e-05
delete time:2.47955322265625e-05
delete time:4.935264587402344e-05
delete time:2.002716064453125e-05
delete time:2.2172927856445312e-05
delete time:1.811981201171875e-05
delete time:5.555152893066406e-05
delete time:4.863739013671875e-05
delete time:2.6464462280273438e-05
delete time:1.7881393432617188e-05
delete time:5.507469177246094e-05
delete time:4.029273986816406e-05
delete time:5.054473876953125e-05
delete time:2.4080276489257812e-05
delete time:2.288818359375e-05
delete time:2.47955322265625e-05
delete time:5.054473876953125e-05
delete time:4.696846008300781e-05
delete time:2.3365020751953125e-05
delete time:2.6464462280273438e-05
delete time:2.09808349609375e-05
delete time:4.57763671875e-05
delete time:2.7179718017578125e-05
delete time:2.6941299438476562e-05
delete time:3.170967102050781e-05
delete time:2.3126602172851562e-05
delete time:2.3603439331054688e-05
delete time:2.7418136596679688e-05
delete time:2.2411346435546875e-05
delete time:2.1457672119140625e-05
delete time:2.0742416381835938e-05
delete time:4.8160552978515625e-05
delete time:4.76837158203125e-05
delete time:2.47955322265625e-05
delete time:2.1696090698242188e-05
delete time:2.1219253540039062e-05
delete time:4.8160552978515625e-05
delete time:2.6941299438476562e-05
delete time:2.765655517578125e-05
delete time:5.626678466796875e-05
delete time:4.9114227294921875e-05
delete time:2.5510787963867188e-05
delete time:5.14984130859375e-05
delete time:4.458427429199219e-05
delete time:4.744529724121094e-05
delete time:4.315376281738281e-05
delete time:2.5510787963867188e-05
delete time:2.47955322265625e-05
delete time:2.002716064453125e-05
delete time:1.5735626220703125e-05
delete time:1.7642974853515625e-05
delete time:2.3365020751953125e-05
delete time:1.7642974853515625e-05
delete time:1.3113021850585938e-05
delete time:1.8596649169921875e-05
delete time:5.0067901611328125e-05
delete time:2.6941299438476562e-05
delete time:4.649162292480469e-05
delete time:2.002716064453125e-05
delete time:4.506111145019531e-05
delete time:2.956390380859375e-05
delete time:2.384185791015625e-05
delete time:2.5033950805664062e-05
delete time:2.5987625122070312e-05
delete time:1.6927719116210938e-05
delete time:2.3365020751953125e-05
delete time:3.8623809814453125e-05
delete time:1.7881393432617188e-05
delete time:3.0994415283203125e-05
delete time:2.6941299438476562e-05
delete time:1.6927719116210938e-05
delete time:4.363059997558594e-05
delete time:2.4080276489257812e-05
delete time:4.863739013671875e-05
delete time:2.7894973754882812e-05
delete time:2.2649765014648438e-05
delete time:4.506111145019531e-05
delete time:5.221366882324219e-05
delete time:2.6702880859375e-05
delete time:3.314018249511719e-05
delete time:1.4543533325195312e-05
delete time:3.0040740966796875e-05
delete time:2.002716064453125e-05
delete time:2.0503997802734375e-05
delete time:3.0994415283203125e-05
delete time:2.6226043701171875e-05
delete time:4.267692565917969e-05
delete time:1.8596649169921875e-05
delete time:4.3392181396484375e-05
delete time:4.792213439941406e-05
delete time:4.458427429199219e-05
delete time:2.9325485229492188e-05
delete time:2.7894973754882812e-05
delete time:4.792213439941406e-05
delete time:2.2411346435546875e-05
delete time:2.288818359375e-05
delete time:2.5033950805664062e-05
delete time:2.5272369384765625e-05
delete time:4.3392181396484375e-05
delete time:2.47955322265625e-05
delete time:7.104873657226562e-05
delete time:2.3126602172851562e-05
delete time:3.4809112548828125e-05
delete time:2.384185791015625e-05
delete time:2.0503997802734375e-05
delete time:2.8133392333984375e-05
delete time:2.1219253540039062e-05
delete time:1.9550323486328125e-05
delete time:2.002716064453125e-05
delete time:2.3603439331054688e-05
delete time:0.0001347064971923828
delete time:4.839897155761719e-05
delete time:3.361701965332031e-05
delete time:4.76837158203125e-05
delete time:2.384185791015625e-05
delete time:3.123283386230469e-05
delete time:4.4345855712890625e-05
delete time:1.9073486328125e-05
delete time:3.9577484130859375e-05
delete time:2.0742416381835938e-05
delete time:1.8596649169921875e-05
delete time:4.57763671875e-05
delete time:2.47955322265625e-05
delete time:4.3392181396484375e-05
delete time:3.123283386230469e-05
delete time:4.410743713378906e-05
delete time:2.7179718017578125e-05
delete time:2.765655517578125e-05
delete time:5.054473876953125e-05
delete time:2.6226043701171875e-05
delete time:2.5987625122070312e-05
delete time:4.792213439941406e-05
delete time:5.507469177246094e-05
delete time:1.8835067749023438e-05
delete time:2.7894973754882812e-05
delete time:2.5510787963867188e-05
delete time:1.811981201171875e-05
delete time:1.811981201171875e-05
delete time:4.9114227294921875e-05
delete time:5.2928924560546875e-05
delete time:3.552436828613281e-05
delete time:5.3882598876953125e-05
delete time:2.0265579223632812e-05
delete time:2.5033950805664062e-05
delete time:3.24249267578125e-05
delete time:2.4318695068359375e-05
delete time:5.14984130859375e-05
delete time:3.0040740966796875e-05
delete time:2.956390380859375e-05
delete time:5.8650970458984375e-05
delete time:2.6702880859375e-05
delete time:3.409385681152344e-05
delete time:2.4557113647460938e-05
delete time:2.6702880859375e-05
delete time:3.266334533691406e-05
delete time:1.2874603271484375e-05
delete time:2.9802322387695312e-05
delete time:3.266334533691406e-05
delete time:1.8358230590820312e-05
delete time:2.2411346435546875e-05
delete time:2.5987625122070312e-05
delete time:1.9073486328125e-05
delete time:2.3126602172851562e-05
delete time:2.09808349609375e-05
delete time:2.9087066650390625e-05
delete time:1.9311904907226562e-05
delete time:3.4809112548828125e-05
delete time:3.886222839355469e-05
delete time:3.528594970703125e-05
delete time:2.384185791015625e-05
delete time:4.57763671875e-05
delete time:2.8133392333984375e-05
delete time:4.3392181396484375e-05
delete time:1.7642974853515625e-05
delete time:2.5033950805664062e-05
delete time:2.3603439331054688e-05
delete time:4.553794860839844e-05
delete time:4.482269287109375e-05
delete time:2.3603439331054688e-05
delete time:2.002716064453125e-05
delete time:2.288818359375e-05
delete time:2.3126602172851562e-05
delete time:2.6226043701171875e-05
delete time:2.384185791015625e-05
delete time:2.5510787963867188e-05
delete time:2.2411346435546875e-05
delete time:3.0040740966796875e-05
delete time:2.2649765014648438e-05
delete time:1.7404556274414062e-05
delete time:1.8358230590820312e-05
delete time:1.7881393432617188e-05
delete time:2.5272369384765625e-05
delete time:1.3828277587890625e-05
delete time:4.982948303222656e-05
delete time:3.910064697265625e-05
delete time:2.956390380859375e-05
delete time:0.000133514404296875
delete time:3.0040740966796875e-05
delete time:3.075599670410156e-05
delete time:1.2874603271484375e-05
delete time:4.410743713378906e-05
delete time:3.170967102050781e-05
delete time:2.0742416381835938e-05
delete time:4.839897155761719e-05
delete time:2.1457672119140625e-05
delete time:1.6450881958007812e-05
delete time:2.6702880859375e-05
delete time:2.002716064453125e-05
delete time:5.245208740234375e-05
delete time:4.363059997558594e-05
delete time:1.811981201171875e-05
delete time:2.8848648071289062e-05
delete time:2.193450927734375e-05
delete time:2.3603439331054688e-05
delete time:2.5272369384765625e-05
delete time:4.601478576660156e-05
delete time:4.482269287109375e-05
delete time:4.982948303222656e-05
delete time:3.218650817871094e-05
delete time:4.220008850097656e-05
delete time:4.267692565917969e-05
delete time:1.9073486328125e-05
delete time:1.9550323486328125e-05
delete time:3.6716461181640625e-05
delete time:3.123283386230469e-05
delete time:4.7206878662109375e-05
delete time:2.5272369384765625e-05
delete time:2.002716064453125e-05
delete time:2.4080276489257812e-05
delete time:2.4557113647460938e-05
delete time:5.793571472167969e-05
delete time:2.384185791015625e-05
delete time:2.3365020751953125e-05
delete time:2.0265579223632812e-05
delete time:1.7404556274414062e-05
delete time:5.555152893066406e-05
delete time:5.173683166503906e-05
delete time:3.218650817871094e-05
delete time:2.3603439331054688e-05
delete time:1.6689300537109375e-05
delete time:2.002716064453125e-05
delete time:5.125999450683594e-05
delete time:4.57763671875e-05
delete time:4.38690185546875e-05
delete time:2.8371810913085938e-05
delete time:4.410743713378906e-05
delete time:4.291534423828125e-05
delete time:3.337860107421875e-05
delete time:4.315376281738281e-05
delete time:3.24249267578125e-05
delete time:3.552436828613281e-05
delete time:6.246566772460938e-05
delete time:2.9802322387695312e-05
delete time:3.0279159545898438e-05
delete time:2.2411346435546875e-05
delete time:5.507469177246094e-05
delete time:1.5974044799804688e-05
delete time:5.054473876953125e-05
delete time:2.956390380859375e-05
delete time:3.075599670410156e-05
delete time:2.2411346435546875e-05
delete time:2.288818359375e-05
delete time:3.24249267578125e-05
delete time:2.9087066650390625e-05
delete time:1.8596649169921875e-05
delete time:2.002716064453125e-05
delete time:2.1219253540039062e-05
delete time:4.887580871582031e-05
delete time:3.337860107421875e-05
delete time:2.6702880859375e-05
delete time:7.271766662597656e-05
delete time:5.0067901611328125e-05
delete time:3.1948089599609375e-05
delete time:2.1696090698242188e-05
delete time:2.4080276489257812e-05
delete time:2.3126602172851562e-05
delete time:2.288818359375e-05
delete time:1.71661376953125e-05
delete time:2.09808349609375e-05
delete time:4.601478576660156e-05
delete time:2.6226043701171875e-05
delete time:2.288818359375e-05
delete time:2.2649765014648438e-05
delete time:5.4836273193359375e-05
delete time:3.552436828613281e-05
delete time:2.5272369384765625e-05
delete time:2.4080276489257812e-05
delete time:5.7220458984375e-05
delete time:5.1021575927734375e-05
delete time:1.9788742065429688e-05
delete time:2.3603439331054688e-05
delete time:2.4557113647460938e-05
delete time:7.319450378417969e-05
delete time:5.936622619628906e-05
delete time:0.00019168853759765625
delete time:2.7418136596679688e-05
delete time:2.1696090698242188e-05
delete time:6.0558319091796875e-05
delete time:2.3126602172851562e-05
delete time:1.71661376953125e-05
delete time:5.0067901611328125e-05
delete time:2.7418136596679688e-05
delete time:4.9591064453125e-05
delete time:4.458427429199219e-05
delete time:2.7179718017578125e-05
delete time:1.8358230590820312e-05
delete time:1.9788742065429688e-05
delete time:2.7418136596679688e-05
delete time:4.887580871582031e-05
delete time:2.193450927734375e-05
delete time:2.6941299438476562e-05
delete time:2.4557113647460938e-05
delete time:3.4332275390625e-05
delete time:2.3126602172851562e-05
delete time:2.4557113647460938e-05
delete time:2.4318695068359375e-05
delete time:3.314018249511719e-05
delete time:5.1975250244140625e-05
delete time:2.86102294921875e-05
delete time:3.075599670410156e-05
delete time:2.6941299438476562e-05
delete time:2.1457672119140625e-05
delete time:1.811981201171875e-05
delete time:1.6450881958007812e-05
delete time:2.5272369384765625e-05
delete time:2.5033950805664062e-05
delete time:2.9325485229492188e-05
delete time:2.9087066650390625e-05
delete time:4.506111145019531e-05
delete time:4.839897155761719e-05
delete time:4.38690185546875e-05
delete time:2.2649765014648438e-05
delete time:2.574920654296875e-05
delete time:2.47955322265625e-05
delete time:6.151199340820312e-05
delete time:2.765655517578125e-05
delete time:3.0040740966796875e-05
delete time:2.9802322387695312e-05
delete time:2.47955322265625e-05
delete time:2.1457672119140625e-05
delete time:2.5987625122070312e-05
delete time:1.7642974853515625e-05
delete time:3.123283386230469e-05
delete time:4.696846008300781e-05
delete time:2.3126602172851562e-05
delete time:3.1948089599609375e-05
delete time:2.6702880859375e-05
delete time:2.47955322265625e-05
delete time:2.5033950805664062e-05
delete time:2.6464462280273438e-05
delete time:1.8358230590820312e-05
delete time:4.7206878662109375e-05
delete time:2.47955322265625e-05
delete time:2.765655517578125e-05
delete time:2.2411346435546875e-05
delete time:4.57763671875e-05
delete time:4.410743713378906e-05
delete time:3.743171691894531e-05
delete time:2.0742416381835938e-05
delete time:2.7894973754882812e-05
delete time:4.887580871582031e-05
delete time:2.9087066650390625e-05
delete time:2.2172927856445312e-05
delete time:2.8133392333984375e-05
delete time:2.09808349609375e-05
delete time:1.8835067749023438e-05
delete time:5.817413330078125e-05
delete time:2.2649765014648438e-05
delete time:5.340576171875e-05
delete time:6.0558319091796875e-05
delete time:2.8371810913085938e-05
delete time:4.76837158203125e-05
delete time:1.9550323486328125e-05
delete time:2.5033950805664062e-05
delete time:2.6464462280273438e-05
delete time:5.602836608886719e-05
delete time:1.9788742065429688e-05
delete time:4.601478576660156e-05
delete time:2.765655517578125e-05
delete time:3.409385681152344e-05
delete time:1.7881393432617188e-05
delete time:5.888938903808594e-05
delete time:2.6226043701171875e-05
delete time:2.3603439331054688e-05
delete time:2.288818359375e-05
delete time:3.170967102050781e-05
delete time:1.9311904907226562e-05
delete time:2.8848648071289062e-05
delete time:4.9591064453125e-05
delete time:1.8835067749023438e-05
delete time:2.3603439331054688e-05
delete time:4.38690185546875e-05
delete time:1.7881393432617188e-05
delete time:2.6941299438476562e-05
delete time:2.1696090698242188e-05
delete time:3.075599670410156e-05
delete time:1.5497207641601562e-05
delete time:6.389617919921875e-05
delete time:2.288818359375e-05
delete time:2.574920654296875e-05
delete time:1.9550323486328125e-05
delete time:1.6927719116210938e-05
delete time:5.53131103515625e-05
delete time:4.553794860839844e-05
delete time:2.5272369384765625e-05
delete time:4.363059997558594e-05
delete time:2.574920654296875e-05
delete time:2.5272369384765625e-05
delete time:1.5497207641601562e-05
delete time:4.6253204345703125e-05
delete time:4.839897155761719e-05
delete time:4.3392181396484375e-05
delete time:2.5987625122070312e-05
delete time:2.193450927734375e-05
delete time:2.6226043701171875e-05
delete time:5.364418029785156e-05
delete time:1.7642974853515625e-05
delete time:2.5510787963867188e-05
delete time:1.0967254638671875e-05
delete time:5.221366882324219e-05
delete time:4.172325134277344e-05
delete time:3.170967102050781e-05
delete time:1.430511474609375e-05
delete time:2.4080276489257812e-05
delete time:1.9550323486328125e-05
delete time:1.9550323486328125e-05
delete time:2.2649765014648438e-05
delete time:2.4080276489257812e-05
delete time:2.0742416381835938e-05
delete time:1.8358230590820312e-05
delete time:1.8835067749023438e-05
delete time:1.8358230590820312e-05
delete time:1.7404556274414062e-05
delete time:2.0265579223632812e-05
delete time:2.6464462280273438e-05
delete time:1.6689300537109375e-05
delete time:4.6253204345703125e-05
delete time:3.552436828613281e-05
delete time:5.364418029785156e-05
delete time:3.1948089599609375e-05
delete time:5.8650970458984375e-05
delete time:3.7670135498046875e-05
delete time:2.8371810913085938e-05
delete time:2.09808349609375e-05
delete time:1.4543533325195312e-05
delete time:1.1205673217773438e-05
delete time:1.7404556274414062e-05
delete time:2.2172927856445312e-05
delete time:4.673004150390625e-05
delete time:5.078315734863281e-05
delete time:4.696846008300781e-05
delete time:2.5987625122070312e-05
delete time:1.8835067749023438e-05
delete time:1.6689300537109375e-05
delete time:3.0040740966796875e-05
delete time:2.5987625122070312e-05
delete time:6.771087646484375e-05
delete time:2.1219253540039062e-05
delete time:2.4318695068359375e-05
delete time:2.09808349609375e-05
delete time:3.0279159545898438e-05
delete time:3.075599670410156e-05
delete time:1.9550323486328125e-05
delete time:2.193450927734375e-05
delete time:1.9550323486328125e-05
delete time:6.127357482910156e-05
delete time:2.288818359375e-05
delete time:1.8835067749023438e-05
delete time:2.9087066650390625e-05
delete time:5.507469177246094e-05
delete time:2.2411346435546875e-05
delete time:2.4557113647460938e-05
delete time:1.430511474609375e-05
delete time:3.0279159545898438e-05
delete time:3.5762786865234375e-05
delete time:2.384185791015625e-05
delete time:2.0742416381835938e-05
delete time:4.291534423828125e-05
delete time:3.8623809814453125e-05
delete time:5.173683166503906e-05
delete time:3.838539123535156e-05
delete time:5.269050598144531e-05
delete time:4.291534423828125e-05
delete time:4.649162292480469e-05
delete time:2.1219253540039062e-05
delete time:1.1205673217773438e-05
delete time:4.291534423828125e-05
delete time:2.6941299438476562e-05
delete time:3.2901763916015625e-05
delete time:2.288818359375e-05
delete time:2.384185791015625e-05
delete time:5.125999450683594e-05
delete time:2.193450927734375e-05
delete time:1.9311904907226562e-05
delete time:2.1696090698242188e-05
delete time:4.744529724121094e-05
delete time:2.4318695068359375e-05
delete time:1.8835067749023438e-05
delete time:4.57763671875e-05
delete time:1.8835067749023438e-05
delete time:2.0503997802734375e-05
delete time:2.288818359375e-05
delete time:5.364418029785156e-05
delete time:3.0994415283203125e-05
delete time:2.86102294921875e-05
delete time:3.933906555175781e-05
delete time:4.172325134277344e-05
delete time:2.9087066650390625e-05
delete time:1.5974044799804688e-05
delete time:4.76837158203125e-05
delete time:3.504753112792969e-05
delete time:2.1219253540039062e-05
delete time:2.2411346435546875e-05
delete time:1.1444091796875e-05
delete time:4.57763671875e-05
delete time:2.4557113647460938e-05
delete time:2.8371810913085938e-05
delete time:2.5272369384765625e-05
delete time:1.8358230590820312e-05
delete time:4.267692565917969e-05
delete time:2.574920654296875e-05
delete time:2.384185791015625e-05
delete time:1.9311904907226562e-05
delete time:2.9087066650390625e-05
delete time:2.765655517578125e-05
delete time:2.8371810913085938e-05
delete time:2.1457672119140625e-05
delete time:1.8358230590820312e-05
delete time:2.1457672119140625e-05
delete time:5.125999450683594e-05
delete time:0.0001628398895263672
delete time:2.1696090698242188e-05
delete time:4.553794860839844e-05
delete time:2.5272369384765625e-05
delete time:2.8371810913085938e-05
delete time:5.1975250244140625e-05
delete time:2.5510787963867188e-05
delete time:1.5497207641601562e-05
delete time:2.4080276489257812e-05
delete time:2.8848648071289062e-05
delete time:4.9591064453125e-05
delete time:1.8835067749023438e-05
delete time:2.5987625122070312e-05
delete time:3.814697265625e-05
delete time:1.9788742065429688e-05
delete time:3.075599670410156e-05
delete time:2.5510787963867188e-05
delete time:4.982948303222656e-05
delete time:4.553794860839844e-05
delete time:3.933906555175781e-05
delete time:3.600120544433594e-05
delete time:1.9788742065429688e-05
delete time:6.341934204101562e-05
delete time:5.1021575927734375e-05
delete time:2.2411346435546875e-05
delete time:4.601478576660156e-05
delete time:2.5033950805664062e-05
delete time:4.76837158203125e-05
delete time:2.4080276489257812e-05
delete time:1.5497207641601562e-05
delete time:2.3126602172851562e-05
delete time:4.76837158203125e-05
delete time:2.5033950805664062e-05
delete time:6.008148193359375e-05
delete time:3.0040740966796875e-05
delete time:3.910064697265625e-05
delete time:2.5510787963867188e-05
delete time:2.6941299438476562e-05
delete time:2.1457672119140625e-05
delete time:4.8160552978515625e-05
delete time:3.361701965332031e-05
delete time:2.3126602172851562e-05
delete time:2.1219253540039062e-05
delete time:4.8160552978515625e-05
delete time:2.4080276489257812e-05
delete time:4.744529724121094e-05
delete time:3.790855407714844e-05
delete time:2.8848648071289062e-05
delete time:2.5510787963867188e-05
delete time:3.170967102050781e-05
delete time:2.4318695068359375e-05
delete time:2.5510787963867188e-05
delete time:2.3126602172851562e-05
delete time:1.5735626220703125e-05
delete time:2.2649765014648438e-05
delete time:2.9802322387695312e-05
delete time:5.7697296142578125e-05
delete time:3.0040740966796875e-05
delete time:1.811981201171875e-05
delete time:1.1682510375976562e-05
delete time:6.0558319091796875e-05
delete time:2.09808349609375e-05
delete time:4.8160552978515625e-05
delete time:2.5033950805664062e-05
delete time:5.0067901611328125e-05
delete time:4.744529724121094e-05
delete time:5.7697296142578125e-05
delete time:3.647804260253906e-05
delete time:2.8848648071289062e-05
delete time:3.218650817871094e-05
delete time:2.6702880859375e-05
delete time:4.5299530029296875e-05
delete time:2.7179718017578125e-05
delete time:2.5272369384765625e-05
delete time:1.5735626220703125e-05
delete time:2.5987625122070312e-05
delete time:2.2172927856445312e-05
delete time:1.9788742065429688e-05
delete time:4.2438507080078125e-05
delete time:4.8160552978515625e-05
delete time:2.4318695068359375e-05
delete time:5.4836273193359375e-05
delete time:1.7881393432617188e-05
delete time:1.71661376953125e-05
delete time:4.38690185546875e-05
delete time:2.3126602172851562e-05
delete time:2.1457672119140625e-05
delete time:2.0265579223632812e-05
delete time:4.38690185546875e-05
delete time:4.696846008300781e-05
delete time:2.7894973754882812e-05
delete time:5.3882598876953125e-05
delete time:5.173683166503906e-05
delete time:2.1219253540039062e-05
delete time:5.793571472167969e-05
delete time:2.2172927856445312e-05
delete time:5.1975250244140625e-05
delete time:3.409385681152344e-05
delete time:5.7220458984375e-05
delete time:2.3365020751953125e-05
delete time:4.029273986816406e-05
delete time:2.193450927734375e-05
delete time:2.1219253540039062e-05
delete time:3.6716461181640625e-05
delete time:4.482269287109375e-05
delete time:2.9802322387695312e-05
delete time:2.4080276489257812e-05
delete time:2.0265579223632812e-05
delete time:2.4080276489257812e-05
delete time:3.361701965332031e-05
delete time:2.0742416381835938e-05
delete time:3.266334533691406e-05
delete time:4.982948303222656e-05
delete time:5.936622619628906e-05
delete time:2.6226043701171875e-05
delete time:2.384185791015625e-05
delete time:1.9550323486328125e-05
delete time:5.602836608886719e-05
delete time:3.0279159545898438e-05
delete time:1.9550323486328125e-05
delete time:2.3126602172851562e-05
delete time:3.147125244140625e-05
delete time:6.747245788574219e-05
delete time:1.9788742065429688e-05
delete time:6.0558319091796875e-05
delete time:6.461143493652344e-05
delete time:5.8650970458984375e-05
delete time:2.6702880859375e-05
delete time:1.7642974853515625e-05
delete time:5.507469177246094e-05
delete time:2.5272369384765625e-05
delete time:2.1457672119140625e-05
delete time:3.981590270996094e-05
delete time:2.47955322265625e-05
delete time:2.193450927734375e-05
delete time:1.9311904907226562e-05
delete time:2.7418136596679688e-05
delete time:5.698204040527344e-05
delete time:2.2172927856445312e-05
delete time:6.079673767089844e-05
delete time:2.002716064453125e-05
delete time:2.1457672119140625e-05
delete time:3.314018249511719e-05
delete time:4.982948303222656e-05
delete time:2.384185791015625e-05
delete time:4.839897155761719e-05
delete time:3.0279159545898438e-05
delete time:2.2411346435546875e-05
delete time:2.4318695068359375e-05
delete time:5.698204040527344e-05
delete time:2.7418136596679688e-05
delete time:5.9604644775390625e-05
delete time:4.5299530029296875e-05
delete time:1.7642974853515625e-05
delete time:2.3365020751953125e-05
delete time:2.1457672119140625e-05
delete time:5.435943603515625e-05
delete time:2.3365020751953125e-05
delete time:4.1484832763671875e-05
delete time:2.574920654296875e-05
delete time:1.3589859008789062e-05
delete time:2.7418136596679688e-05
delete time:2.6226043701171875e-05
delete time:1.811981201171875e-05
delete time:4.220008850097656e-05
delete time:5.030632019042969e-05
delete time:1.8358230590820312e-05
delete time:4.363059997558594e-05
delete time:2.574920654296875e-05
delete time:4.0531158447265625e-05
delete time:2.6941299438476562e-05
delete time:2.9325485229492188e-05
delete time:1.811981201171875e-05
delete time:3.0517578125e-05
delete time:5.14984130859375e-05
delete time:2.4080276489257812e-05
delete time:2.5510787963867188e-05
delete time:5.412101745605469e-05
delete time:2.9325485229492188e-05
delete time:2.7894973754882812e-05
delete time:6.198883056640625e-05
delete time:2.7418136596679688e-05
delete time:3.5762786865234375e-05
delete time:2.8133392333984375e-05
delete time:4.553794860839844e-05
delete time:2.4557113647460938e-05
delete time:2.5033950805664062e-05
delete time:2.86102294921875e-05
delete time:1.8835067749023438e-05
delete time:2.09808349609375e-05
delete time:2.5510787963867188e-05
delete time:2.288818359375e-05
delete time:1.8596649169921875e-05
delete time:3.314018249511719e-05
delete time:3.504753112792969e-05
delete time:2.3603439331054688e-05
delete time:2.4557113647460938e-05
delete time:6.580352783203125e-05
delete time:2.3603439331054688e-05
delete time:4.363059997558594e-05
delete time:4.4345855712890625e-05
delete time:2.956390380859375e-05
delete time:1.8596649169921875e-05
delete time:4.2438507080078125e-05
delete time:3.62396240234375e-05
delete time:2.384185791015625e-05
delete time:6.127357482910156e-05
delete time:2.5033950805664062e-05
delete time:6.29425048828125e-05
delete time:3.647804260253906e-05
delete time:2.4080276489257812e-05
delete time:2.5272369384765625e-05
delete time:5.817413330078125e-05
delete time:4.076957702636719e-05
delete time:4.649162292480469e-05
delete time:3.24249267578125e-05
delete time:2.2411346435546875e-05
delete time:2.002716064453125e-05
delete time:2.002716064453125e-05
delete time:4.38690185546875e-05
delete time:2.7418136596679688e-05
delete time:5.030632019042969e-05
delete time:4.029273986816406e-05
delete time:4.291534423828125e-05
delete time:1.9311904907226562e-05
delete time:5.602836608886719e-05
delete time:2.4080276489257812e-05
delete time:2.9802322387695312e-05
delete time:4.9114227294921875e-05
delete time:2.1219253540039062e-05
delete time:2.0503997802734375e-05
delete time:4.649162292480469e-05
delete time:4.601478576660156e-05
delete time:3.123283386230469e-05
delete time:4.5299530029296875e-05
delete time:2.384185791015625e-05
delete time:2.0503997802734375e-05
delete time:2.7179718017578125e-05
delete time:3.1948089599609375e-05
delete time:5.3882598876953125e-05
delete time:4.9114227294921875e-05
delete time:3.337860107421875e-05
delete time:0.00014710426330566406
delete time:2.8371810913085938e-05
delete time:2.9325485229492188e-05
delete time:2.5033950805664062e-05
delete time:2.9087066650390625e-05
delete time:5.14984130859375e-05
delete time:2.7179718017578125e-05
delete time:3.409385681152344e-05
delete time:4.100799560546875e-05
delete time:2.4080276489257812e-05
delete time:2.3365020751953125e-05
delete time:2.002716064453125e-05
delete time:2.7179718017578125e-05
delete time:2.002716064453125e-05
delete time:1.9788742065429688e-05
delete time:5.8650970458984375e-05
delete time:2.7894973754882812e-05
delete time:2.4557113647460938e-05
delete time:4.00543212890625e-05
delete time:4.029273986816406e-05
delete time:3.814697265625e-05
delete time:2.5272369384765625e-05
delete time:5.412101745605469e-05
delete time:2.0503997802734375e-05
delete time:3.0279159545898438e-05
delete time:4.2438507080078125e-05
delete time:5.3882598876953125e-05
delete time:2.2649765014648438e-05
delete time:4.601478576660156e-05
delete time:2.6226043701171875e-05
delete time:4.267692565917969e-05
delete time:4.5299530029296875e-05
delete time:5.745887756347656e-05
delete time:5.340576171875e-05
delete time:4.57763671875e-05
delete time:2.5510787963867188e-05
delete time:4.673004150390625e-05
delete time:3.7670135498046875e-05
delete time:4.7206878662109375e-05
delete time:2.574920654296875e-05
delete time:4.38690185546875e-05
delete time:1.9073486328125e-05
delete time:2.8848648071289062e-05
delete time:2.1696090698242188e-05
delete time:2.6941299438476562e-05
delete time:5.936622619628906e-05
delete time:3.266334533691406e-05
delete time:4.887580871582031e-05
delete time:2.5987625122070312e-05
delete time:2.5510787963867188e-05
delete time:1.811981201171875e-05
delete time:2.002716064453125e-05
delete time:4.744529724121094e-05
delete time:2.574920654296875e-05
delete time:2.1457672119140625e-05
delete time:3.933906555175781e-05
delete time:2.3126602172851562e-05
delete time:4.887580871582031e-05
delete time:5.1975250244140625e-05
delete time:2.6941299438476562e-05
delete time:2.0503997802734375e-05
delete time:2.2411346435546875e-05
delete time:5.984306335449219e-05
delete time:2.1219253540039062e-05
delete time:5.173683166503906e-05
delete time:2.1457672119140625e-05
delete time:2.5272369384765625e-05
delete time:4.9591064453125e-05
delete time:2.3126602172851562e-05
delete time:2.5987625122070312e-05
delete time:3.0517578125e-05
delete time:2.7418136596679688e-05
delete time:4.363059997558594e-05
delete time:4.076957702636719e-05
delete time:2.193450927734375e-05
delete time:4.482269287109375e-05
delete time:2.7894973754882812e-05
delete time:1.811981201171875e-05
delete time:3.075599670410156e-05
delete time:2.2649765014648438e-05
delete time:1.4781951904296875e-05
delete time:4.76837158203125e-05
delete time:2.0503997802734375e-05
delete time:2.9325485229492188e-05
delete time:2.6941299438476562e-05
delete time:2.574920654296875e-05
delete time:5.340576171875e-05
delete time:2.47955322265625e-05
delete time:2.5987625122070312e-05
delete time:1.5735626220703125e-05
delete time:2.8371810913085938e-05
delete time:2.2172927856445312e-05
delete time:2.0503997802734375e-05
delete time:4.4345855712890625e-05
delete time:2.3603439331054688e-05
delete time:5.364418029785156e-05
delete time:2.4080276489257812e-05
delete time:1.5497207641601562e-05
delete time:4.172325134277344e-05
delete time:4.3392181396484375e-05
delete time:4.029273986816406e-05
delete time:4.506111145019531e-05
delete time:2.8848648071289062e-05
delete time:2.288818359375e-05
delete time:4.57763671875e-05
delete time:2.09808349609375e-05
delete time:2.6226043701171875e-05
delete time:2.3126602172851562e-05
delete time:1.8596649169921875e-05
delete time:2.2649765014648438e-05
delete time:4.76837158203125e-05
delete time:4.291534423828125e-05
delete time:2.2172927856445312e-05
delete time:2.0265579223632812e-05
delete time:4.363059997558594e-05
delete time:2.384185791015625e-05
delete time:2.3365020751953125e-05
delete time:1.6689300537109375e-05
delete time:2.6941299438476562e-05
delete time:2.384185791015625e-05
delete time:2.47955322265625e-05
delete time:4.363059997558594e-05
delete time:4.2438507080078125e-05
delete time:2.6464462280273438e-05
delete time:2.3603439331054688e-05
delete time:1.9073486328125e-05
delete time:2.1457672119140625e-05
delete time:2.7179718017578125e-05
delete time:5.054473876953125e-05
delete time:4.124641418457031e-05
delete time:5.2928924560546875e-05
delete time:2.4557113647460938e-05
delete time:2.6464462280273438e-05
delete time:4.887580871582031e-05
delete time:3.9577484130859375e-05
delete time:5.7697296142578125e-05
delete time:1.9073486328125e-05
delete time:1.5497207641601562e-05
delete time:5.5789947509765625e-05
delete time:6.556510925292969e-05
delete time:4.458427429199219e-05
delete time:2.9802322387695312e-05
delete time:5.5789947509765625e-05
delete time:3.6716461181640625e-05
delete time:2.6464462280273438e-05
delete time:3.8623809814453125e-05
delete time:2.765655517578125e-05
delete time:3.0994415283203125e-05
delete time:1.8358230590820312e-05
delete time:2.5510787963867188e-05
delete time:2.2411346435546875e-05
delete time:5.936622619628906e-05
delete time:2.4318695068359375e-05
delete time:2.09808349609375e-05
delete time:4.649162292480469e-05
delete time:3.0994415283203125e-05
delete time:5.793571472167969e-05
delete time:2.7179718017578125e-05
delete time:2.2649765014648438e-05
delete time:2.4318695068359375e-05
delete time:4.267692565917969e-05
delete time:4.506111145019531e-05
delete time:5.626678466796875e-05
delete time:4.649162292480469e-05
delete time:3.910064697265625e-05
delete time:2.0503997802734375e-05
delete time:2.2411346435546875e-05
delete time:2.0742416381835938e-05
delete time:2.1696090698242188e-05
delete time:5.555152893066406e-05
delete time:2.5033950805664062e-05
delete time:3.361701965332031e-05
delete time:2.3603439331054688e-05
delete time:6.937980651855469e-05
delete time:2.288818359375e-05
delete time:3.9577484130859375e-05
delete time:2.3365020751953125e-05
delete time:2.7179718017578125e-05
delete time:2.1457672119140625e-05
delete time:5.841255187988281e-05
delete time:2.765655517578125e-05
delete time:2.384185791015625e-05
delete time:4.100799560546875e-05
delete time:2.8371810913085938e-05
delete time:2.6941299438476562e-05
delete time:5.0067901611328125e-05
delete time:3.743171691894531e-05
delete time:4.792213439941406e-05
delete time:5.0067901611328125e-05
delete time:2.5987625122070312e-05
delete time:0.00014972686767578125
delete time:2.5987625122070312e-05
delete time:3.528594970703125e-05
delete time:2.6941299438476562e-05
delete time:2.5987625122070312e-05
delete time:4.792213439941406e-05
delete time:2.5987625122070312e-05
delete time:4.315376281738281e-05
delete time:1.7404556274414062e-05
delete time:2.0503997802734375e-05
delete time:2.6226043701171875e-05
delete time:2.4557113647460938e-05
delete time:1.71661376953125e-05
delete time:1.7881393432617188e-05
delete time:1.9788742065429688e-05
delete time:1.8596649169921875e-05
delete time:2.765655517578125e-05
delete time:5.125999450683594e-05
delete time:2.7894973754882812e-05
delete time:5.626678466796875e-05
delete time:2.6226043701171875e-05
delete time:3.910064697265625e-05
delete time:2.7418136596679688e-05
delete time:1.5735626220703125e-05
delete time:2.09808349609375e-05
delete time:5.054473876953125e-05
delete time:3.170967102050781e-05
delete time:2.2649765014648438e-05
delete time:2.2172927856445312e-05
delete time:2.5987625122070312e-05
delete time:1.71661376953125e-05
delete time:2.6702880859375e-05
delete time:4.935264587402344e-05
delete time:5.14984130859375e-05
delete time:2.0742416381835938e-05
delete time:1.8596649169921875e-05
delete time:4.696846008300781e-05
delete time:1.9311904907226562e-05
delete time:2.09808349609375e-05
delete time:2.4557113647460938e-05
delete time:5.8650970458984375e-05
delete time:5.650520324707031e-05
delete time:1.52587890625e-05
delete time:2.1696090698242188e-05
delete time:2.5510787963867188e-05
delete time:2.0742416381835938e-05
delete time:2.384185791015625e-05
delete time:2.0742416381835938e-05
delete time:1.6450881958007812e-05
delete time:2.384185791015625e-05
delete time:2.5987625122070312e-05
delete time:2.956390380859375e-05
delete time:3.24249267578125e-05
delete time:2.2649765014648438e-05
delete time:2.5987625122070312e-05
delete time:2.384185791015625e-05
delete time:2.6941299438476562e-05
delete time:4.2438507080078125e-05
delete time:6.246566772460938e-05
delete time:4.2438507080078125e-05
delete time:2.765655517578125e-05
delete time:1.71661376953125e-05
delete time:2.002716064453125e-05
delete time:5.817413330078125e-05
delete time:5.555152893066406e-05
delete time:3.981590270996094e-05
delete time:4.9114227294921875e-05
delete time:2.8371810913085938e-05
delete time:2.8848648071289062e-05
delete time:2.4080276489257812e-05
delete time:2.09808349609375e-05
delete time:4.458427429199219e-05
delete time:5.1021575927734375e-05
delete time:2.384185791015625e-05
delete time:2.6464462280273438e-05
delete time:4.267692565917969e-05
delete time:2.5272369384765625e-05
delete time:2.09808349609375e-05
delete time:1.9073486328125e-05
delete time:2.8371810913085938e-05
delete time:5.054473876953125e-05
delete time:2.384185791015625e-05
delete time:1.8358230590820312e-05
delete time:2.5033950805664062e-05
delete time:2.86102294921875e-05
delete time:1.8358230590820312e-05
delete time:2.002716064453125e-05
delete time:2.002716064453125e-05
delete time:1.8835067749023438e-05
delete time:3.981590270996094e-05
delete time:3.0279159545898438e-05
delete time:5.888938903808594e-05
delete time:2.1696090698242188e-05
delete time:6.866455078125e-05
delete time:1.8358230590820312e-05
delete time:6.0558319091796875e-05
delete time:1.3828277587890625e-05
delete time:2.47955322265625e-05
delete time:3.3855438232421875e-05
delete time:1.8835067749023438e-05
delete time:4.649162292480469e-05
delete time:2.193450927734375e-05
delete time:0.00016570091247558594
delete time:2.0503997802734375e-05
delete time:3.790855407714844e-05
delete time:5.555152893066406e-05
delete time:2.002716064453125e-05
delete time:3.218650817871094e-05
delete time:4.506111145019531e-05
delete time:2.574920654296875e-05
delete time:3.7670135498046875e-05
delete time:4.482269287109375e-05
delete time:4.6253204345703125e-05
delete time:1.3113021850585938e-05
delete time:2.6464462280273438e-05
delete time:2.7418136596679688e-05
delete time:4.029273986816406e-05
delete time:4.696846008300781e-05
delete time:5.054473876953125e-05
delete time:2.2172927856445312e-05
delete time:1.9550323486328125e-05
delete time:3.886222839355469e-05
delete time:5.1021575927734375e-05
delete time:1.8835067749023438e-05
delete time:5.507469177246094e-05
delete time:2.3365020751953125e-05
delete time:5.054473876953125e-05
delete time:3.075599670410156e-05
delete time:2.47955322265625e-05
delete time:2.7418136596679688e-05
delete time:2.3126602172851562e-05
delete time:4.00543212890625e-05
delete time:4.172325134277344e-05
delete time:4.696846008300781e-05
delete time:2.2649765014648438e-05
delete time:4.0531158447265625e-05
delete time:3.5762786865234375e-05
delete time:5.435943603515625e-05
delete time:3.4809112548828125e-05
delete time:2.5272369384765625e-05
delete time:2.7179718017578125e-05
delete time:1.7642974853515625e-05
delete time:4.38690185546875e-05
delete time:2.193450927734375e-05
delete time:2.193450927734375e-05
delete time:5.3882598876953125e-05
delete time:3.9577484130859375e-05
delete time:2.86102294921875e-05
delete time:1.5497207641601562e-05
delete time:2.8133392333984375e-05
delete time:4.1961669921875e-05
delete time:4.57763671875e-05
delete time:4.7206878662109375e-05
delete time:1.8358230590820312e-05
delete time:1.811981201171875e-05
delete time:2.1457672119140625e-05
delete time:6.270408630371094e-05
delete time:3.552436828613281e-05
delete time:2.2411346435546875e-05
delete time:1.7881393432617188e-05
delete time:2.193450927734375e-05
delete time:4.1484832763671875e-05
delete time:1.71661376953125e-05
delete time:3.075599670410156e-05
delete time:2.0503997802734375e-05
delete time:1.9550323486328125e-05
delete time:2.1457672119140625e-05
delete time:4.9114227294921875e-05
delete time:2.0503997802734375e-05
delete time:1.7642974853515625e-05
delete time:4.1961669921875e-05
delete time:5.125999450683594e-05
delete time:2.1219253540039062e-05
delete time:4.9591064453125e-05
delete time:3.719329833984375e-05
delete time:2.5033950805664062e-05
delete time:1.9311904907226562e-05
delete time:2.3126602172851562e-05
delete time:1.9550323486328125e-05
delete time:3.123283386230469e-05
delete time:1.6927719116210938e-05
delete time:1.9788742065429688e-05
delete time:2.4080276489257812e-05
delete time:2.0265579223632812e-05
delete time:2.0265579223632812e-05
delete time:2.1696090698242188e-05
delete time:2.1219253540039062e-05
delete time:5.054473876953125e-05
delete time:2.193450927734375e-05
delete time:2.0265579223632812e-05
delete time:2.2411346435546875e-05
delete time:2.09808349609375e-05
delete time:3.1948089599609375e-05
delete time:3.8623809814453125e-05
delete time:2.6941299438476562e-05
delete time:1.71661376953125e-05
delete time:4.0531158447265625e-05
delete time:2.2649765014648438e-05
delete time:5.412101745605469e-05
delete time:3.886222839355469e-05
delete time:1.9311904907226562e-05
delete time:2.3603439331054688e-05
delete time:1.9073486328125e-05
delete time:5.8650970458984375e-05
delete time:3.647804260253906e-05
delete time:2.2411346435546875e-05
delete time:4.649162292480469e-05
delete time:2.3603439331054688e-05
delete time:2.5987625122070312e-05
delete time:2.765655517578125e-05
delete time:3.814697265625e-05
delete time:2.1457672119140625e-05
delete time:2.8133392333984375e-05
delete time:2.0265579223632812e-05
delete time:3.0040740966796875e-05
delete time:2.5987625122070312e-05
delete time:5.173683166503906e-05
delete time:1.8596649169921875e-05
delete time:2.4080276489257812e-05
delete time:1.8596649169921875e-05
delete time:5.650520324707031e-05
delete time:2.6226043701171875e-05
delete time:4.839897155761719e-05
delete time:1.8596649169921875e-05
delete time:4.982948303222656e-05
delete time:2.6702880859375e-05
delete time:1.6689300537109375e-05
delete time:2.7418136596679688e-05
delete time:1.9788742065429688e-05
delete time:2.0742416381835938e-05
delete time:2.3365020751953125e-05
delete time:1.9550323486328125e-05
delete time:5.6743621826171875e-05
delete time:3.600120544433594e-05
delete time:3.361701965332031e-05
delete time:2.09808349609375e-05
delete time:3.4332275390625e-05
delete time:3.981590270996094e-05
delete time:1.7404556274414062e-05
delete time:4.1961669921875e-05
delete time:2.6464462280273438e-05
delete time:1.5497207641601562e-05
delete time:1.5974044799804688e-05
delete time:2.574920654296875e-05
delete time:2.8133392333984375e-05
delete time:2.7418136596679688e-05
delete time:2.288818359375e-05
delete time:2.0265579223632812e-05
delete time:2.193450927734375e-05
delete time:3.743171691894531e-05
delete time:4.410743713378906e-05
delete time:2.09808349609375e-05
delete time:1.811981201171875e-05
delete time:0.0001373291015625
delete time:2.7894973754882812e-05
delete time:4.0531158447265625e-05
delete time:1.9550323486328125e-05
delete time:3.3855438232421875e-05
delete time:1.9788742065429688e-05
delete time:1.7404556274414062e-05
delete time:3.910064697265625e-05
delete time:1.811981201171875e-05
delete time:5.269050598144531e-05
delete time:2.09808349609375e-05
delete time:5.412101745605469e-05
delete time:2.574920654296875e-05
delete time:2.3603439331054688e-05
delete time:2.8133392333984375e-05
delete time:2.2411346435546875e-05
delete time:5.6743621826171875e-05
delete time:5.1975250244140625e-05
delete time:3.647804260253906e-05
delete time:3.1948089599609375e-05
delete time:4.291534423828125e-05
delete time:2.0503997802734375e-05
delete time:1.9550323486328125e-05
delete time:5.364418029785156e-05
delete time:4.291534423828125e-05
delete time:4.00543212890625e-05
delete time:5.1021575927734375e-05
delete time:5.3882598876953125e-05
delete time:1.9311904907226562e-05
delete time:2.6464462280273438e-05
delete time:1.8835067749023438e-05
delete time:1.7881393432617188e-05
delete time:1.430511474609375e-05
delete time:4.649162292480469e-05
delete time:4.9114227294921875e-05
delete time:4.673004150390625e-05
delete time:5.221366882324219e-05
delete time:5.0067901611328125e-05
delete time:1.811981201171875e-05
delete time:1.811981201171875e-05
delete time:1.621246337890625e-05
delete time:5.412101745605469e-05
delete time:2.1457672119140625e-05
delete time:1.8358230590820312e-05
delete time:1.7642974853515625e-05
delete time:4.38690185546875e-05
delete time:4.291534423828125e-05
delete time:4.458427429199219e-05
delete time:2.7894973754882812e-05
delete time:4.38690185546875e-05
delete time:4.792213439941406e-05
delete time:5.698204040527344e-05
delete time:3.24249267578125e-05
delete time:2.5510787963867188e-05
delete time:2.6941299438476562e-05
delete time:2.4080276489257812e-05
delete time:2.0503997802734375e-05
delete time:3.838539123535156e-05
delete time:3.4332275390625e-05
delete time:1.9550323486328125e-05
delete time:1.4066696166992188e-05
delete time:6.413459777832031e-05
delete time:3.0994415283203125e-05
delete time:2.4557113647460938e-05
delete time:2.1696090698242188e-05
delete time:2.1696090698242188e-05
delete time:2.0742416381835938e-05
delete time:1.8596649169921875e-05
delete time:5.245208740234375e-05
delete time:3.4332275390625e-05
delete time:3.9577484130859375e-05
delete time:2.6702880859375e-05
delete time:2.1457672119140625e-05
delete time:5.888938903808594e-05
delete time:5.0067901611328125e-05
delete time:2.3365020751953125e-05
delete time:2.47955322265625e-05
delete time:1.9788742065429688e-05
delete time:2.384185791015625e-05
delete time:5.221366882324219e-05
delete time:1.8358230590820312e-05
delete time:1.71661376953125e-05
delete time:1.9788742065429688e-05
delete time:2.2649765014648438e-05
delete time:1.621246337890625e-05
delete time:1.7642974853515625e-05
delete time:4.1961669921875e-05
delete time:1.8835067749023438e-05
delete time:2.4318695068359375e-05
delete time:2.5033950805664062e-05
delete time:5.793571472167969e-05
delete time:4.1484832763671875e-05
delete time:2.3126602172851562e-05
delete time:2.384185791015625e-05
delete time:5.4836273193359375e-05
delete time:3.62396240234375e-05
delete time:2.2649765014648438e-05
delete time:3.9577484130859375e-05
delete time:0.00013136863708496094
delete time:3.457069396972656e-05
delete time:5.0067901611328125e-05
delete time:1.9311904907226562e-05
delete time:4.649162292480469e-05
delete time:2.1457672119140625e-05
delete time:3.9577484130859375e-05
delete time:4.601478576660156e-05
delete time:4.410743713378906e-05
delete time:2.3126602172851562e-05
delete time:2.2172927856445312e-05
delete time:4.8160552978515625e-05
delete time:4.1961669921875e-05
delete time:2.3126602172851562e-05
delete time:2.5033950805664062e-05
delete time:2.4557113647460938e-05
delete time:2.4318695068359375e-05
delete time:2.6941299438476562e-05
delete time:4.0531158447265625e-05
delete time:4.57763671875e-05
delete time:8.487701416015625e-05
delete time:4.553794860839844e-05
delete time:7.581710815429688e-05
delete time:3.6716461181640625e-05
delete time:3.62396240234375e-05
delete time:3.337860107421875e-05
delete time:2.4080276489257812e-05
delete time:5.340576171875e-05
delete time:2.0503997802734375e-05
delete time:3.838539123535156e-05
delete time:1.6450881958007812e-05
delete time:1.6450881958007812e-05
delete time:1.71661376953125e-05
delete time:1.9073486328125e-05
delete time:2.5272369384765625e-05
delete time:2.0503997802734375e-05
delete time:2.765655517578125e-05
delete time:5.125999450683594e-05
delete time:5.4836273193359375e-05
delete time:2.1457672119140625e-05
delete time:1.430511474609375e-05
delete time:1.8835067749023438e-05
delete time:1.4781951904296875e-05
delete time:4.38690185546875e-05
delete time:1.9311904907226562e-05
delete time:6.079673767089844e-05
delete time:5.602836608886719e-05
delete time:1.5020370483398438e-05
delete time:2.2649765014648438e-05
delete time:6.0558319091796875e-05
delete time:2.002716064453125e-05
delete time:1.8596649169921875e-05
delete time:2.6226043701171875e-05
delete time:5.245208740234375e-05
delete time:3.4809112548828125e-05
delete time:2.6702880859375e-05
delete time:3.933906555175781e-05
delete time:2.5987625122070312e-05
delete time:4.172325134277344e-05
delete time:4.5299530029296875e-05
delete time:1.9311904907226562e-05
delete time:2.0503997802734375e-05
delete time:3.838539123535156e-05
delete time:4.8160552978515625e-05
delete time:2.3365020751953125e-05
delete time:3.933906555175781e-05
delete time:5.507469177246094e-05
delete time:3.170967102050781e-05
delete time:2.0265579223632812e-05
delete time:1.6689300537109375e-05
delete time:5.2928924560546875e-05
delete time:2.6464462280273438e-05
delete time:1.9788742065429688e-05
delete time:2.3603439331054688e-05
delete time:2.5272369384765625e-05
delete time:3.743171691894531e-05
delete time:2.193450927734375e-05
delete time:3.409385681152344e-05
delete time:1.4781951904296875e-05
delete time:2.2172927856445312e-05
delete time:2.193450927734375e-05
delete time:3.814697265625e-05
delete time:2.288818359375e-05
delete time:3.2901763916015625e-05
delete time:5.1021575927734375e-05
delete time:1.8596649169921875e-05
delete time:3.0517578125e-05
delete time:4.410743713378906e-05
delete time:2.5987625122070312e-05
delete time:2.002716064453125e-05
delete time:1.8835067749023438e-05
delete time:1.6927719116210938e-05
delete time:3.647804260253906e-05
delete time:1.9073486328125e-05
delete time:1.6450881958007812e-05
delete time:1.811981201171875e-05
delete time:3.7670135498046875e-05
delete time:1.9550323486328125e-05
delete time:1.8596649169921875e-05
delete time:1.5974044799804688e-05
delete time:1.9550323486328125e-05
delete time:3.814697265625e-05
delete time:2.3126602172851562e-05
delete time:3.9577484130859375e-05
delete time:4.482269287109375e-05
delete time:4.1961669921875e-05
delete time:4.696846008300781e-05
delete time:1.8596649169921875e-05
delete time:5.1975250244140625e-05
delete time:5.221366882324219e-05
delete time:2.7418136596679688e-05
delete time:2.384185791015625e-05
delete time:2.1219253540039062e-05
delete time:2.8848648071289062e-05
delete time:2.2172927856445312e-05
delete time:2.1219253540039062e-05
delete time:4.982948303222656e-05
delete time:1.9073486328125e-05
delete time:1.71661376953125e-05
delete time:4.2438507080078125e-05
delete time:1.811981201171875e-05
delete time:1.8835067749023438e-05
delete time:3.170967102050781e-05
delete time:1.5020370483398438e-05
delete time:2.1219253540039062e-05
delete time:1.8596649169921875e-05
delete time:1.8596649169921875e-05
delete time:1.7881393432617188e-05
delete time:2.9802322387695312e-05
delete time:2.3365020751953125e-05
delete time:6.246566772460938e-05
delete time:5.030632019042969e-05
delete time:5.340576171875e-05
delete time:6.389617919921875e-05
delete time:3.3855438232421875e-05
delete time:1.7642974853515625e-05
delete time:4.410743713378906e-05
delete time:2.1696090698242188e-05
delete time:3.62396240234375e-05
delete time:2.6226043701171875e-05
delete time:5.173683166503906e-05
delete time:1.9788742065429688e-05
delete time:1.71661376953125e-05
delete time:4.315376281738281e-05
delete time:3.528594970703125e-05
delete time:2.1219253540039062e-05
delete time:2.1457672119140625e-05
delete time:5.5789947509765625e-05
delete time:2.3603439331054688e-05
delete time:2.1696090698242188e-05
delete time:5.1021575927734375e-05
delete time:3.981590270996094e-05
delete time:1.5020370483398438e-05
delete time:1.7404556274414062e-05
delete time:2.002716064453125e-05
delete time:4.124641418457031e-05
delete time:1.9788742065429688e-05
delete time:2.5272369384765625e-05
delete time:2.3603439331054688e-05
delete time:2.2411346435546875e-05
delete time:1.5974044799804688e-05
delete time:2.765655517578125e-05
delete time:3.3855438232421875e-05
delete time:4.982948303222656e-05
delete time:4.291534423828125e-05
delete time:2.3603439331054688e-05
delete time:3.838539123535156e-05
delete time:2.3365020751953125e-05
delete time:1.811981201171875e-05
delete time:1.7642974853515625e-05
delete time:2.86102294921875e-05
delete time:5.984306335449219e-05
delete time:1.7404556274414062e-05
delete time:1.7642974853515625e-05
delete time:2.6702880859375e-05
delete time:1.7642974853515625e-05
delete time:3.2901763916015625e-05
delete time:1.6927719116210938e-05
delete time:1.9550323486328125e-05
delete time:2.0265579223632812e-05
delete time:2.5510787963867188e-05
delete time:4.100799560546875e-05
delete time:2.384185791015625e-05
delete time:4.8160552978515625e-05
delete time:2.0503997802734375e-05
delete time:2.2411346435546875e-05
delete time:5.1021575927734375e-05
delete time:2.47955322265625e-05
delete time:1.5974044799804688e-05
delete time:6.771087646484375e-05
delete time:2.7179718017578125e-05
delete time:1.8596649169921875e-05
delete time:5.269050598144531e-05
delete time:3.337860107421875e-05
delete time:6.198883056640625e-05
delete time:1.9073486328125e-05
delete time:1.3589859008789062e-05
delete time:4.506111145019531e-05
delete time:4.100799560546875e-05
delete time:2.1696090698242188e-05
delete time:5.745887756347656e-05
delete time:4.7206878662109375e-05
delete time:2.1219253540039062e-05
delete time:2.7179718017578125e-05
delete time:2.5272369384765625e-05
delete time:2.2411346435546875e-05
delete time:3.0040740966796875e-05
delete time:1.6689300537109375e-05
delete time:2.0503997802734375e-05
delete time:2.2649765014648438e-05
delete time:3.719329833984375e-05
delete time:3.528594970703125e-05
delete time:1.9073486328125e-05
delete time:2.0265579223632812e-05
delete time:2.8371810913085938e-05
delete time:4.410743713378906e-05
delete time:4.982948303222656e-05
delete time:1.7642974853515625e-05
delete time:3.838539123535156e-05
delete time:2.0742416381835938e-05
delete time:4.76837158203125e-05
delete time:3.8623809814453125e-05
delete time:2.0265579223632812e-05
delete time:1.9311904907226562e-05
delete time:1.5735626220703125e-05
delete time:1.6689300537109375e-05
delete time:4.506111145019531e-05
delete time:2.384185791015625e-05
delete time:1.621246337890625e-05
delete time:2.8133392333984375e-05
delete time:4.673004150390625e-05
delete time:2.3603439331054688e-05
delete time:2.4557113647460938e-05
delete time:2.3126602172851562e-05
delete time:2.4557113647460938e-05
delete time:2.0265579223632812e-05
delete time:3.5762786865234375e-05
delete time:3.1948089599609375e-05
delete time:1.4781951904296875e-05
delete time:3.814697265625e-05
delete time:4.410743713378906e-05
delete time:2.0503997802734375e-05
delete time:4.4345855712890625e-05
delete time:1.5497207641601562e-05
delete time:5.173683166503906e-05
delete time:5.125999450683594e-05
delete time:5.2928924560546875e-05
delete time:2.0265579223632812e-05
delete time:2.3126602172851562e-05
delete time:2.8133392333984375e-05
delete time:1.6450881958007812e-05
delete time:4.029273986816406e-05
delete time:2.3603439331054688e-05
delete time:2.288818359375e-05
delete time:2.0265579223632812e-05
delete time:2.8371810913085938e-05
delete time:1.0728836059570312e-05
delete time:1.9311904907226562e-05
delete time:2.2649765014648438e-05
delete time:1.4781951904296875e-05
delete time:5.0067901611328125e-05
delete time:3.695487976074219e-05
delete time:3.719329833984375e-05
delete time:1.5020370483398438e-05
delete time:3.147125244140625e-05
delete time:4.410743713378906e-05
delete time:2.5272369384765625e-05
delete time:2.7418136596679688e-05
delete time:4.8160552978515625e-05
delete time:2.5033950805664062e-05
delete time:1.6450881958007812e-05
delete time:5.078315734863281e-05
delete time:4.1961669921875e-05
delete time:2.47955322265625e-05
delete time:4.315376281738281e-05
delete time:3.5762786865234375e-05
delete time:2.1219253540039062e-05
delete time:3.0517578125e-05
delete time:3.790855407714844e-05
delete time:2.5033950805664062e-05
delete time:2.47955322265625e-05
delete time:1.9311904907226562e-05
delete time:3.600120544433594e-05
delete time:4.0531158447265625e-05
delete time:1.4543533325195312e-05
delete time:5.2928924560546875e-05
delete time:2.0503997802734375e-05
delete time:2.4318695068359375e-05
delete time:3.790855407714844e-05
delete time:4.9114227294921875e-05
delete time:1.7881393432617188e-05
delete time:1.9073486328125e-05
delete time:2.002716064453125e-05
delete time:1.33514404296875e-05
delete time:1.5974044799804688e-05
delete time:1.8596649169921875e-05
delete time:3.910064697265625e-05
delete time:4.696846008300781e-05
delete time:1.5497207641601562e-05
delete time:2.5033950805664062e-05
delete time:4.315376281738281e-05
delete time:3.6716461181640625e-05
delete time:2.3365020751953125e-05
delete time:2.1457672119140625e-05
delete time:5.2928924560546875e-05
delete time:5.125999450683594e-05
delete time:1.71661376953125e-05
delete time:1.6927719116210938e-05
delete time:5.602836608886719e-05
delete time:2.8848648071289062e-05
delete time:2.6702880859375e-05
delete time:1.71661376953125e-05
delete time:2.002716064453125e-05
delete time:1.6689300537109375e-05
delete time:1.9073486328125e-05
delete time:4.696846008300781e-05
delete time:4.482269287109375e-05
delete time:4.029273986816406e-05
delete time:1.71661376953125e-05
delete time:4.8160552978515625e-05
delete time:5.054473876953125e-05
delete time:4.172325134277344e-05
delete time:2.0742416381835938e-05
delete time:2.0742416381835938e-05
delete time:1.7881393432617188e-05
delete time:2.09808349609375e-05
delete time:5.936622619628906e-05
delete time:3.9577484130859375e-05
delete time:1.9550323486328125e-05
delete time:1.9788742065429688e-05
delete time:1.621246337890625e-05
delete time:4.1484832763671875e-05
delete time:1.5974044799804688e-05
delete time:4.076957702636719e-05
delete time:2.09808349609375e-05
delete time:4.9114227294921875e-05
delete time:2.0742416381835938e-05
delete time:5.435943603515625e-05
delete time:2.4318695068359375e-05
delete time:4.1484832763671875e-05
delete time:2.288818359375e-05
delete time:2.4080276489257812e-05
delete time:2.0265579223632812e-05
delete time:1.811981201171875e-05
delete time:3.838539123535156e-05
delete time:4.100799560546875e-05
delete time:2.6941299438476562e-05
delete time:2.0503997802734375e-05
delete time:6.747245788574219e-05
delete time:1.71661376953125e-05
delete time:5.1021575927734375e-05
delete time:2.5033950805664062e-05
delete time:1.6927719116210938e-05
delete time:2.5987625122070312e-05
delete time:4.124641418457031e-05
delete time:1.9788742065429688e-05
delete time:1.4781951904296875e-05
delete time:2.0742416381835938e-05
delete time:2.7179718017578125e-05
delete time:2.5033950805664062e-05
delete time:5.2928924560546875e-05
delete time:2.0503997802734375e-05
delete time:4.220008850097656e-05
delete time:5.221366882324219e-05
delete time:5.173683166503906e-05
delete time:2.2411346435546875e-05
delete time:3.6716461181640625e-05
delete time:1.71661376953125e-05
delete time:2.4080276489257812e-05
delete time:1.71661376953125e-05
delete time:3.8623809814453125e-05
delete time:2.0503997802734375e-05
delete time:2.6702880859375e-05
delete time:2.574920654296875e-05
delete time:1.5497207641601562e-05
delete time:2.1457672119140625e-05
delete time:1.4543533325195312e-05
delete time:1.7881393432617188e-05
delete time:1.9550323486328125e-05
delete time:5.626678466796875e-05
delete time:1.52587890625e-05
delete time:3.933906555175781e-05
delete time:4.1961669921875e-05
delete time:1.7881393432617188e-05
delete time:1.6450881958007812e-05
delete time:5.602836608886719e-05
delete time:2.4080276489257812e-05
delete time:2.1219253540039062e-05
delete time:1.3828277587890625e-05
delete time:2.288818359375e-05
delete time:2.3126602172851562e-05
delete time:3.24249267578125e-05
delete time:5.316734313964844e-05
delete time:4.76837158203125e-05
delete time:2.5987625122070312e-05
delete time:3.62396240234375e-05
delete time:3.4332275390625e-05
delete time:2.3603439331054688e-05
delete time:4.076957702636719e-05
delete time:3.886222839355469e-05
delete time:2.574920654296875e-05
delete time:1.430511474609375e-05
delete time:3.9577484130859375e-05
delete time:3.504753112792969e-05
delete time:6.318092346191406e-05
delete time:3.24249267578125e-05
delete time:2.1457672119140625e-05
delete time:4.8160552978515625e-05
delete time:5.53131103515625e-05
delete time:1.5735626220703125e-05
delete time:5.5789947509765625e-05
delete time:2.3126602172851562e-05
delete time:1.8596649169921875e-05
delete time:1.9788742065429688e-05
delete time:2.5033950805664062e-05
delete time:1.8358230590820312e-05
delete time:1.9311904907226562e-05
delete time:1.7881393432617188e-05
delete time:3.7670135498046875e-05
delete time:4.9591064453125e-05
delete time:1.52587890625e-05
delete time:4.887580871582031e-05
delete time:3.719329833984375e-05
delete time:5.054473876953125e-05
delete time:2.0742416381835938e-05
delete time:2.5272369384765625e-05
delete time:2.5987625122070312e-05
delete time:2.2411346435546875e-05
delete time:5.412101745605469e-05
delete time:1.9788742065429688e-05
delete time:5.14984130859375e-05
delete time:2.002716064453125e-05
delete time:2.2411346435546875e-05
delete time:2.5510787963867188e-05
delete time:2.1696090698242188e-05
delete time:1.430511474609375e-05
delete time:5.3882598876953125e-05
delete time:3.9577484130859375e-05
delete time:3.457069396972656e-05
delete time:3.528594970703125e-05
delete time:2.3603439331054688e-05
delete time:1.52587890625e-05
delete time:3.838539123535156e-05
delete time:1.430511474609375e-05
delete time:5.054473876953125e-05
delete time:2.574920654296875e-05
delete time:4.9114227294921875e-05
delete time:4.38690185546875e-05
delete time:2.5510787963867188e-05
delete time:4.5299530029296875e-05
delete time:2.0265579223632812e-05
delete time:4.267692565917969e-05
delete time:1.9073486328125e-05
delete time:2.7894973754882812e-05
delete time:2.3126602172851562e-05
delete time:4.57763671875e-05
delete time:2.002716064453125e-05
delete time:4.363059997558594e-05
delete time:5.078315734863281e-05
delete time:3.528594970703125e-05
delete time:4.863739013671875e-05
delete time:2.3603439331054688e-05
delete time:3.695487976074219e-05
delete time:2.3603439331054688e-05
delete time:3.933906555175781e-05
delete time:6.127357482910156e-05
delete time:2.2411346435546875e-05
delete time:2.3126602172851562e-05
delete time:1.8596649169921875e-05
delete time:3.695487976074219e-05
delete time:1.3589859008789062e-05
delete time:2.0503997802734375e-05
delete time:3.0994415283203125e-05
delete time:2.09808349609375e-05
delete time:2.956390380859375e-05
delete time:1.9311904907226562e-05
delete time:2.3603439331054688e-05
delete time:2.002716064453125e-05
delete time:1.33514404296875e-05
delete time:1.3113021850585938e-05
delete time:0.00015163421630859375
delete time:2.0265579223632812e-05
delete time:5.3882598876953125e-05
delete time:2.384185791015625e-05
delete time:5.125999450683594e-05
delete time:3.218650817871094e-05
delete time:1.5974044799804688e-05
delete time:1.5735626220703125e-05
delete time:5.316734313964844e-05
delete time:5.1021575927734375e-05
delete time:3.933906555175781e-05
delete time:3.647804260253906e-05
delete time:4.220008850097656e-05
delete time:4.267692565917969e-05
delete time:1.7881393432617188e-05
delete time:2.3603439331054688e-05
delete time:2.09808349609375e-05
delete time:2.2411346435546875e-05
delete time:4.601478576660156e-05
delete time:3.1948089599609375e-05
delete time:1.5735626220703125e-05
delete time:3.9577484130859375e-05
delete time:1.9073486328125e-05
delete time:2.09808349609375e-05
delete time:2.7179718017578125e-05
delete time:3.552436828613281e-05
delete time:3.790855407714844e-05
delete time:1.9311904907226562e-05
delete time:1.7881393432617188e-05
delete time:4.9591064453125e-05
delete time:1.8835067749023438e-05
delete time:2.86102294921875e-05
delete time:4.9114227294921875e-05
delete time:1.9550323486328125e-05
delete time:1.5020370483398438e-05
delete time:1.8835067749023438e-05
delete time:1.9311904907226562e-05
delete time:4.7206878662109375e-05
delete time:2.574920654296875e-05
delete time:5.316734313964844e-05
delete time:3.743171691894531e-05
delete time:2.765655517578125e-05
delete time:4.76837158203125e-05
delete time:2.5987625122070312e-05
delete time:2.3126602172851562e-05
delete time:2.7418136596679688e-05
delete time:2.193450927734375e-05
delete time:5.078315734863281e-05
delete time:2.8133392333984375e-05
delete time:1.7404556274414062e-05
delete time:5.125999450683594e-05
delete time:4.8160552978515625e-05
delete time:3.600120544433594e-05
delete time:2.7894973754882812e-05
delete time:1.9788742065429688e-05
delete time:2.4318695068359375e-05
delete time:6.556510925292969e-05
delete time:2.574920654296875e-05
delete time:2.288818359375e-05
delete time:3.910064697265625e-05
delete time:1.7881393432617188e-05
delete time:2.765655517578125e-05
delete time:1.9073486328125e-05
delete time:1.7881393432617188e-05
delete time:2.956390380859375e-05
delete time:1.811981201171875e-05
delete time:1.5974044799804688e-05
delete time:2.384185791015625e-05
delete time:2.9325485229492188e-05
delete time:1.8358230590820312e-05
delete time:4.673004150390625e-05
delete time:3.4332275390625e-05
delete time:3.719329833984375e-05
delete time:1.7642974853515625e-05
delete time:2.1696090698242188e-05
delete time:3.886222839355469e-05
delete time:2.1696090698242188e-05
delete time:2.1457672119140625e-05
delete time:2.2172927856445312e-05
delete time:1.7642974853515625e-05
delete time:2.5272369384765625e-05
delete time:1.6689300537109375e-05
delete time:2.0742416381835938e-05
delete time:1.7642974853515625e-05
delete time:1.6689300537109375e-05
delete time:1.8835067749023438e-05
delete time:5.5789947509765625e-05
delete time:2.5033950805664062e-05
delete time:3.266334533691406e-05
delete time:1.71661376953125e-05
delete time:2.002716064453125e-05
delete time:5.6743621826171875e-05
delete time:4.076957702636719e-05
delete time:1.3113021850585938e-05
delete time:2.2172927856445312e-05
delete time:3.647804260253906e-05
delete time:2.09808349609375e-05
delete time:2.5033950805664062e-05
delete time:2.0742416381835938e-05
delete time:2.86102294921875e-05
delete time:4.673004150390625e-05
delete time:3.361701965332031e-05
delete time:2.002716064453125e-05
delete time:4.601478576660156e-05
delete time:2.2411346435546875e-05
delete time:2.0742416381835938e-05
delete time:1.6927719116210938e-05
delete time:1.5020370483398438e-05
delete time:2.0503997802734375e-05
delete time:1.6927719116210938e-05
delete time:4.100799560546875e-05
delete time:5.507469177246094e-05
delete time:1.8835067749023438e-05
delete time:4.1961669921875e-05
delete time:4.315376281738281e-05
delete time:4.9591064453125e-05
delete time:1.8835067749023438e-05
delete time:3.719329833984375e-05
delete time:1.6927719116210938e-05
delete time:1.6450881958007812e-05
delete time:1.7404556274414062e-05
delete time:1.8835067749023438e-05
delete time:4.315376281738281e-05
delete time:1.5735626220703125e-05
delete time:4.076957702636719e-05
delete time:2.1219253540039062e-05
delete time:2.0265579223632812e-05
delete time:1.9073486328125e-05
delete time:1.2159347534179688e-05
delete time:1.811981201171875e-05
delete time:3.528594970703125e-05
delete time:2.8133392333984375e-05
delete time:2.7418136596679688e-05
delete time:2.5987625122070312e-05
delete time:4.00543212890625e-05
delete time:3.62396240234375e-05
delete time:2.2649765014648438e-05
delete time:2.3126602172851562e-05
delete time:5.0067901611328125e-05
delete time:3.8623809814453125e-05
delete time:2.0503997802734375e-05
delete time:2.5987625122070312e-05
delete time:1.8835067749023438e-05
delete time:0.00013685226440429688
delete time:2.4557113647460938e-05
delete time:2.0503997802734375e-05
delete time:4.172325134277344e-05
delete time:1.8835067749023438e-05
delete time:2.1696090698242188e-05
delete time:1.811981201171875e-05
delete time:1.2874603271484375e-05
delete time:4.315376281738281e-05
delete time:3.4332275390625e-05
delete time:1.8596649169921875e-05
delete time:2.1219253540039062e-05
delete time:3.62396240234375e-05
delete time:4.982948303222656e-05
delete time:3.933906555175781e-05
delete time:3.147125244140625e-05
delete time:2.4080276489257812e-05
delete time:2.86102294921875e-05
delete time:3.0040740966796875e-05
delete time:2.4318695068359375e-05
delete time:2.5272369384765625e-05
delete time:2.8848648071289062e-05
delete time:3.838539123535156e-05
delete time:1.7642974853515625e-05
delete time:3.814697265625e-05
delete time:3.24249267578125e-05
delete time:1.6927719116210938e-05
delete time:4.935264587402344e-05
delete time:4.601478576660156e-05
delete time:1.71661376953125e-05
delete time:4.57763671875e-05
delete time:3.0994415283203125e-05
delete time:2.5033950805664062e-05
delete time:2.1457672119140625e-05
delete time:2.1219253540039062e-05
delete time:3.933906555175781e-05
delete time:2.5987625122070312e-05
delete time:3.910064697265625e-05
delete time:5.412101745605469e-05
delete time:3.981590270996094e-05
delete time:3.910064697265625e-05
delete time:2.765655517578125e-05
delete time:2.2649765014648438e-05
delete time:2.956390380859375e-05
delete time:5.221366882324219e-05
delete time:2.384185791015625e-05
delete time:2.5033950805664062e-05
delete time:4.9114227294921875e-05
delete time:1.9073486328125e-05
delete time:2.1457672119140625e-05
delete time:4.172325134277344e-05
delete time:1.9311904907226562e-05
delete time:4.267692565917969e-05
delete time:7.510185241699219e-05
delete time:2.4318695068359375e-05
delete time:3.5762786865234375e-05
delete time:1.4543533325195312e-05
delete time:1.4781951904296875e-05
delete time:2.2411346435546875e-05
delete time:5.0067901611328125e-05
delete time:2.0503997802734375e-05
delete time:3.743171691894531e-05
delete time:2.2649765014648438e-05
delete time:1.621246337890625e-05
delete time:1.9073486328125e-05
delete time:2.2411346435546875e-05
delete time:2.8848648071289062e-05
delete time:4.172325134277344e-05
delete time:1.4781951904296875e-05
delete time:2.1696090698242188e-05
delete time:1.811981201171875e-05
delete time:1.9311904907226562e-05
delete time:2.574920654296875e-05
delete time:4.220008850097656e-05
delete time:1.8596649169921875e-05
delete time:3.695487976074219e-05
delete time:1.5974044799804688e-05
delete time:2.2411346435546875e-05
delete time:2.384185791015625e-05
delete time:4.935264587402344e-05
delete time:5.3882598876953125e-05
delete time:1.5974044799804688e-05
delete time:3.910064697265625e-05
delete time:2.6464462280273438e-05
delete time:4.887580871582031e-05
delete time:4.1961669921875e-05
delete time:4.1484832763671875e-05
delete time:1.71661376953125e-05
delete time:3.6716461181640625e-05
delete time:1.8358230590820312e-05
delete time:2.6941299438476562e-05
delete time:1.3113021850585938e-05
delete time:2.002716064453125e-05
delete time:2.002716064453125e-05
delete time:5.4836273193359375e-05
delete time:3.6716461181640625e-05
delete time:2.2172927856445312e-05
delete time:5.078315734863281e-05
delete time:3.552436828613281e-05
delete time:1.8358230590820312e-05
delete time:4.839897155761719e-05
delete time:3.457069396972656e-05
delete time:4.00543212890625e-05
delete time:2.7894973754882812e-05
delete time:2.86102294921875e-05
delete time:2.1696090698242188e-05
delete time:0.0001461505889892578
delete time:5.030632019042969e-05
delete time:1.8358230590820312e-05
delete time:5.173683166503906e-05
delete time:3.4809112548828125e-05
delete time:2.4557113647460938e-05
delete time:3.457069396972656e-05
delete time:3.409385681152344e-05
delete time:3.552436828613281e-05
delete time:4.863739013671875e-05
delete time:1.430511474609375e-05
delete time:1.3113021850585938e-05
delete time:4.553794860839844e-05
delete time:4.291534423828125e-05
delete time:1.6927719116210938e-05
delete time:3.0517578125e-05
delete time:3.6716461181640625e-05
delete time:2.9802322387695312e-05
delete time:2.09808349609375e-05
delete time:2.8371810913085938e-05
delete time:3.910064697265625e-05
delete time:3.3855438232421875e-05
delete time:2.6226043701171875e-05
delete time:4.00543212890625e-05
delete time:1.7881393432617188e-05
delete time:2.4318695068359375e-05
delete time:2.3126602172851562e-05
delete time:4.9114227294921875e-05
delete time:4.363059997558594e-05
delete time:2.1219253540039062e-05
delete time:2.1457672119140625e-05
delete time:3.528594970703125e-05
delete time:2.574920654296875e-05
delete time:2.6226043701171875e-05
delete time:2.574920654296875e-05
delete time:2.4080276489257812e-05
delete time:1.2159347534179688e-05
delete time:1.9311904907226562e-05
delete time:2.384185791015625e-05
delete time:4.172325134277344e-05
delete time:5.14984130859375e-05
delete time:4.57763671875e-05
delete time:1.7642974853515625e-05
delete time:2.7179718017578125e-05
delete time:2.2172927856445312e-05
delete time:2.2649765014648438e-05
delete time:3.7670135498046875e-05
delete time:1.7881393432617188e-05
delete time:2.384185791015625e-05
delete time:2.384185791015625e-05
delete time:3.8623809814453125e-05
delete time:2.3603439331054688e-05
delete time:1.52587890625e-05
delete time:2.288818359375e-05
delete time:3.8623809814453125e-05
delete time:3.600120544433594e-05
delete time:4.029273986816406e-05
delete time:1.1920928955078125e-05
delete time:1.7404556274414062e-05
delete time:5.340576171875e-05
delete time:4.696846008300781e-05
delete time:2.956390380859375e-05
delete time:1.71661376953125e-05
delete time:3.4332275390625e-05
delete time:2.5987625122070312e-05
delete time:4.839897155761719e-05
delete time:2.7418136596679688e-05
delete time:3.5762786865234375e-05
delete time:1.6450881958007812e-05
delete time:1.4066696166992188e-05
delete time:4.076957702636719e-05
delete time:2.6226043701171875e-05
delete time:2.7894973754882812e-05
delete time:4.792213439941406e-05
delete time:3.361701965332031e-05
delete time:2.8371810913085938e-05
delete time:2.7418136596679688e-05
delete time:2.0742416381835938e-05
delete time:3.9577484130859375e-05
delete time:3.647804260253906e-05
delete time:1.6689300537109375e-05
delete time:4.3392181396484375e-05
delete time:1.7881393432617188e-05
delete time:5.173683166503906e-05
delete time:1.6927719116210938e-05
delete time:3.933906555175781e-05
delete time:2.6226043701171875e-05
delete time:5.316734313964844e-05
delete time:1.8835067749023438e-05
delete time:2.1696090698242188e-05
delete time:2.6464462280273438e-05
delete time:4.00543212890625e-05
delete time:2.3126602172851562e-05
delete time:3.6716461181640625e-05
delete time:2.47955322265625e-05
delete time:3.600120544433594e-05
delete time:2.09808349609375e-05
delete time:2.7179718017578125e-05
delete time:2.4318695068359375e-05
delete time:1.2636184692382812e-05
delete time:3.9577484130859375e-05
delete time:1.5020370483398438e-05
delete time:2.6941299438476562e-05
delete time:3.719329833984375e-05
delete time:2.6941299438476562e-05
delete time:1.9788742065429688e-05
delete time:1.3828277587890625e-05
delete time:2.5272369384765625e-05
delete time:2.8133392333984375e-05
delete time:4.029273986816406e-05
delete time:1.5735626220703125e-05
delete time:4.2438507080078125e-05
delete time:3.719329833984375e-05
delete time:3.123283386230469e-05
delete time:1.9073486328125e-05
delete time:2.8848648071289062e-05
delete time:2.4557113647460938e-05
delete time:2.3603439331054688e-05
delete time:1.3828277587890625e-05
delete time:2.2411346435546875e-05
delete time:4.029273986816406e-05
delete time:4.1484832763671875e-05
delete time:1.811981201171875e-05
delete time:2.4557113647460938e-05
delete time:3.5762786865234375e-05
delete time:1.9550323486328125e-05
delete time:2.3603439331054688e-05
delete time:6.604194641113281e-05
delete time:1.4781951904296875e-05
delete time:1.621246337890625e-05
delete time:2.3365020751953125e-05
delete time:4.887580871582031e-05
delete time:3.600120544433594e-05
delete time:2.574920654296875e-05
delete time:1.5974044799804688e-05
delete time:2.765655517578125e-05
delete time:2.2649765014648438e-05
delete time:2.4080276489257812e-05
delete time:4.863739013671875e-05
delete time:5.0067901611328125e-05
delete time:3.9577484130859375e-05
delete time:2.0742416381835938e-05
delete time:4.935264587402344e-05
delete time:3.933906555175781e-05
delete time:3.933906555175781e-05
delete time:3.0994415283203125e-05
delete time:2.8133392333984375e-05
delete time:2.5272369384765625e-05
delete time:2.1457672119140625e-05
delete time:3.814697265625e-05
delete time:5.364418029785156e-05
delete time:2.7418136596679688e-05
delete time:2.7894973754882812e-05
delete time:5.030632019042969e-05
delete time:4.172325134277344e-05
delete time:1.6450881958007812e-05
delete time:3.814697265625e-05
delete time:1.5497207641601562e-05
delete time:3.24249267578125e-05
delete time:2.4318695068359375e-05
delete time:2.3365020751953125e-05
delete time:4.076957702636719e-05
delete time:2.7179718017578125e-05
delete time:3.790855407714844e-05
delete time:3.528594970703125e-05
delete time:4.100799560546875e-05
delete time:1.9311904907226562e-05
delete time:2.574920654296875e-05
delete time:2.193450927734375e-05
delete time:2.2172927856445312e-05
delete time:2.6464462280273438e-05
delete time:1.5497207641601562e-05
delete time:4.2438507080078125e-05
delete time:2.1219253540039062e-05
delete time:3.647804260253906e-05
delete time:1.5735626220703125e-05
delete time:2.1696090698242188e-05
delete time:1.3589859008789062e-05
delete time:1.9073486328125e-05
delete time:2.9802322387695312e-05
delete time:5.340576171875e-05
delete time:2.6702880859375e-05
delete time:4.3392181396484375e-05
delete time:3.314018249511719e-05
delete time:2.0503997802734375e-05
delete time:3.695487976074219e-05
delete time:3.218650817871094e-05
delete time:2.1696090698242188e-05
delete time:9.775161743164062e-06
delete time:2.5272369384765625e-05
delete time:3.6716461181640625e-05
delete time:3.075599670410156e-05
delete time:2.7418136596679688e-05
delete time:2.7894973754882812e-05
delete time:2.5272369384765625e-05
delete time:1.5735626220703125e-05
delete time:1.3589859008789062e-05
delete time:4.100799560546875e-05
delete time:2.86102294921875e-05
delete time:1.3828277587890625e-05
delete time:1.1682510375976562e-05
delete time:1.621246337890625e-05
delete time:2.9325485229492188e-05
delete time:1.2159347534179688e-05
delete time:2.5272369384765625e-05
delete time:2.288818359375e-05
delete time:1.621246337890625e-05
delete time:2.3365020751953125e-05
delete time:1.7642974853515625e-05
delete time:2.6702880859375e-05
delete time:2.1457672119140625e-05
delete time:1.4066696166992188e-05
delete time:1.0967254638671875e-05
delete time:5.1975250244140625e-05
delete time:1.5735626220703125e-05
delete time:2.4080276489257812e-05
delete time:4.863739013671875e-05
delete time:3.886222839355469e-05
delete time:1.9550323486328125e-05
delete time:3.910064697265625e-05
delete time:2.3603439331054688e-05
delete time:4.124641418457031e-05
delete time:2.6464462280273438e-05
delete time:2.193450927734375e-05
delete time:1.9073486328125e-05
delete time:2.2649765014648438e-05
delete time:1.5735626220703125e-05
delete time:2.3365020751953125e-05
delete time:1.6927719116210938e-05
delete time:2.1219253540039062e-05
delete time:2.6464462280273438e-05
delete time:2.193450927734375e-05
delete time:2.5272369384765625e-05
delete time:3.933906555175781e-05
delete time:2.0742416381835938e-05
delete time:1.52587890625e-05
delete time:1.811981201171875e-05
delete time:4.124641418457031e-05
delete time:3.3855438232421875e-05
delete time:2.47955322265625e-05
delete time:1.239776611328125e-05
delete time:3.9577484130859375e-05
delete time:5.054473876953125e-05
delete time:3.814697265625e-05
delete time:0.0001354217529296875
delete time:5.1975250244140625e-05
delete time:2.288818359375e-05
delete time:2.193450927734375e-05
delete time:3.814697265625e-05
delete time:2.574920654296875e-05
delete time:4.482269287109375e-05
delete time:1.8358230590820312e-05
delete time:5.1021575927734375e-05
delete time:3.24249267578125e-05
delete time:2.0742416381835938e-05
delete time:3.409385681152344e-05
delete time:3.147125244140625e-05
delete time:2.9087066650390625e-05
delete time:2.2411346435546875e-05
delete time:2.2411346435546875e-05
delete time:5.1021575927734375e-05
delete time:2.6941299438476562e-05
delete time:5.173683166503906e-05
delete time:2.2649765014648438e-05
delete time:2.2172927856445312e-05
delete time:1.8835067749023438e-05
delete time:4.315376281738281e-05
delete time:2.4080276489257812e-05
delete time:4.601478576660156e-05
delete time:2.5987625122070312e-05
delete time:4.38690185546875e-05
delete time:2.8371810913085938e-05
delete time:4.4345855712890625e-05
delete time:2.86102294921875e-05
delete time:5.984306335449219e-05
delete time:2.9087066650390625e-05
delete time:2.4080276489257812e-05
delete time:1.8835067749023438e-05
delete time:1.3828277587890625e-05
delete time:3.218650817871094e-05
delete time:2.4557113647460938e-05
delete time:2.384185791015625e-05
delete time:3.62396240234375e-05
delete time:3.62396240234375e-05
delete time:1.9550323486328125e-05
delete time:5.7697296142578125e-05
delete time:4.076957702636719e-05
delete time:3.695487976074219e-05
delete time:2.5033950805664062e-05
delete time:6.604194641113281e-05
delete time:1.7642974853515625e-05
delete time:2.6226043701171875e-05
delete time:3.075599670410156e-05
delete time:3.5762786865234375e-05
delete time:2.4557113647460938e-05
delete time:2.4318695068359375e-05
delete time:2.956390380859375e-05
delete time:0.0001423358917236328
delete time:2.2649765014648438e-05
delete time:2.7418136596679688e-05
delete time:3.4809112548828125e-05
delete time:2.8371810913085938e-05
delete time:3.7670135498046875e-05
delete time:5.221366882324219e-05
delete time:3.2901763916015625e-05
delete time:2.2649765014648438e-05
delete time:4.482269287109375e-05
delete time:2.765655517578125e-05
delete time:2.2172927856445312e-05
delete time:1.3113021850585938e-05
delete time:1.71661376953125e-05
delete time:4.363059997558594e-05
delete time:3.0994415283203125e-05
delete time:4.363059997558594e-05
delete time:3.8623809814453125e-05
delete time:2.5033950805664062e-05
delete time:2.5272369384765625e-05
delete time:2.7179718017578125e-05
delete time:2.1219253540039062e-05
delete time:3.123283386230469e-05
delete time:4.100799560546875e-05
delete time:3.6716461181640625e-05
delete time:3.457069396972656e-05
delete time:3.4809112548828125e-05
delete time:2.47955322265625e-05
delete time:3.504753112792969e-05
delete time:2.574920654296875e-05
delete time:3.361701965332031e-05
delete time:3.719329833984375e-05
delete time:2.7418136596679688e-05
delete time:2.5510787963867188e-05
delete time:2.2411346435546875e-05
delete time:1.9073486328125e-05
delete time:5.269050598144531e-05
delete time:4.553794860839844e-05
delete time:4.172325134277344e-05
delete time:3.075599670410156e-05
delete time:2.47955322265625e-05
delete time:3.8623809814453125e-05
delete time:2.3126602172851562e-05
delete time:1.3589859008789062e-05
delete time:4.220008850097656e-05
delete time:2.5510787963867188e-05
delete time:4.172325134277344e-05
delete time:2.0503997802734375e-05
delete time:3.409385681152344e-05
delete time:2.9087066650390625e-05
delete time:3.62396240234375e-05
delete time:3.0279159545898438e-05
delete time:5.888938903808594e-05
delete time:2.574920654296875e-05
delete time:3.886222839355469e-05
delete time:2.8371810913085938e-05
delete time:2.47955322265625e-05
delete time:3.647804260253906e-05
delete time:2.5987625122070312e-05
delete time:3.933906555175781e-05
delete time:2.09808349609375e-05
delete time:2.574920654296875e-05
delete time:2.9087066650390625e-05
delete time:1.430511474609375e-05
delete time:5.221366882324219e-05
delete time:4.458427429199219e-05
delete time:2.8133392333984375e-05
delete time:1.9788742065429688e-05
delete time:2.6702880859375e-05
delete time:5.7220458984375e-05
delete time:4.100799560546875e-05
delete time:2.002716064453125e-05
delete time:1.6450881958007812e-05
delete time:2.574920654296875e-05
delete time:2.2172927856445312e-05
delete time:2.002716064453125e-05
delete time:2.7179718017578125e-05
delete time:2.7179718017578125e-05
delete time:2.384185791015625e-05
delete time:2.5510787963867188e-05
delete time:4.2438507080078125e-05
delete time:3.743171691894531e-05
delete time:3.3855438232421875e-05
delete time:2.0503997802734375e-05
delete time:2.1696090698242188e-05
delete time:3.62396240234375e-05
delete time:3.504753112792969e-05
delete time:3.0279159545898438e-05
delete time:3.719329833984375e-05
delete time:4.172325134277344e-05
delete time:2.8133392333984375e-05
delete time:5.7697296142578125e-05
delete time:4.0531158447265625e-05
delete time:2.0503997802734375e-05
delete time:2.288818359375e-05
delete time:3.9577484130859375e-05
delete time:2.5033950805664062e-05
delete time:2.2649765014648438e-05
delete time:4.4345855712890625e-05
delete time:5.1021575927734375e-05
delete time:2.2172927856445312e-05
delete time:1.7642974853515625e-05
delete time:2.2172927856445312e-05
delete time:4.410743713378906e-05
delete time:2.4557113647460938e-05
delete time:1.7881393432617188e-05
delete time:2.2411346435546875e-05
delete time:4.172325134277344e-05
delete time:2.1457672119140625e-05
delete time:2.6226043701171875e-05
delete time:2.47955322265625e-05
delete time:2.8133392333984375e-05
delete time:1.5974044799804688e-05
delete time:2.2649765014648438e-05
delete time:3.886222839355469e-05
delete time:3.337860107421875e-05
delete time:3.814697265625e-05
delete time:2.0503997802734375e-05
delete time:4.5299530029296875e-05
delete time:4.863739013671875e-05
delete time:1.9311904907226562e-05
delete time:2.384185791015625e-05
delete time:3.528594970703125e-05
delete time:2.9802322387695312e-05
delete time:1.5497207641601562e-05
delete time:2.6464462280273438e-05
delete time:2.9325485229492188e-05
delete time:2.288818359375e-05
delete time:2.2172927856445312e-05
delete time:6.580352783203125e-05
delete time:5.602836608886719e-05
delete time:1.9550323486328125e-05
delete time:4.172325134277344e-05
delete time:2.6702880859375e-05
delete time:2.4557113647460938e-05
delete time:2.765655517578125e-05
delete time:4.839897155761719e-05
delete time:2.4080276489257812e-05
delete time:3.6716461181640625e-05
delete time:4.792213439941406e-05
delete time:2.6464462280273438e-05
delete time:2.574920654296875e-05
delete time:2.47955322265625e-05
delete time:2.2649765014648438e-05
delete time:2.4080276489257812e-05
delete time:5.125999450683594e-05
delete time:2.0503997802734375e-05
delete time:3.838539123535156e-05
delete time:3.62396240234375e-05
delete time:2.384185791015625e-05
delete time:4.744529724121094e-05
delete time:3.528594970703125e-05
delete time:2.47955322265625e-05
delete time:2.86102294921875e-05
delete time:1.430511474609375e-05
delete time:2.2649765014648438e-05
delete time:4.458427429199219e-05
delete time:1.9788742065429688e-05
delete time:4.315376281738281e-05
delete time:1.4781951904296875e-05
delete time:3.62396240234375e-05
delete time:2.8371810913085938e-05
delete time:2.86102294921875e-05
delete time:2.5987625122070312e-05
delete time:3.8623809814453125e-05
delete time:2.9325485229492188e-05
delete time:4.7206878662109375e-05
delete time:2.193450927734375e-05
delete time:1.621246337890625e-05
delete time:3.170967102050781e-05
delete time:2.1696090698242188e-05
delete time:2.5033950805664062e-05
delete time:1.9550323486328125e-05
delete time:2.384185791015625e-05
delete time:2.4557113647460938e-05
delete time:2.002716064453125e-05
delete time:2.4318695068359375e-05
delete time:2.3126602172851562e-05
delete time:2.1696090698242188e-05
delete time:2.5510787963867188e-05
delete time:5.125999450683594e-05
delete time:4.8160552978515625e-05
delete time:1.4066696166992188e-05
delete time:2.5033950805664062e-05
delete time:2.3603439331054688e-05
delete time:2.3603439331054688e-05
delete time:3.24249267578125e-05
delete time:2.6941299438476562e-05
delete time:3.886222839355469e-05
delete time:2.4080276489257812e-05
delete time:2.193450927734375e-05
delete time:2.0265579223632812e-05
delete time:2.6941299438476562e-05
delete time:4.863739013671875e-05
delete time:2.7894973754882812e-05
delete time:3.647804260253906e-05
delete time:3.4809112548828125e-05
delete time:2.384185791015625e-05
delete time:2.288818359375e-05
delete time:4.887580871582031e-05
delete time:4.506111145019531e-05
delete time:4.291534423828125e-05
delete time:2.5987625122070312e-05
delete time:2.288818359375e-05
delete time:3.552436828613281e-05
delete time:4.553794860839844e-05
delete time:5.054473876953125e-05
delete time:2.2649765014648438e-05
delete time:3.337860107421875e-05
delete time:2.384185791015625e-05
delete time:4.9591064453125e-05
delete time:4.792213439941406e-05
delete time:3.719329833984375e-05
delete time:3.218650817871094e-05
delete time:2.384185791015625e-05
delete time:2.5033950805664062e-05
delete time:4.887580871582031e-05
delete time:4.220008850097656e-05
delete time:1.9550323486328125e-05
delete time:2.288818359375e-05
delete time:1.8596649169921875e-05
delete time:2.2172927856445312e-05
delete time:2.6941299438476562e-05
delete time:1.8358230590820312e-05
delete time:2.1696090698242188e-05
delete time:4.00543212890625e-05
delete time:4.76837158203125e-05
delete time:1.9788742065429688e-05
delete time:4.220008850097656e-05
delete time:3.24249267578125e-05
delete time:2.1457672119140625e-05
delete time:3.504753112792969e-05
delete time:2.574920654296875e-05
delete time:4.458427429199219e-05
delete time:2.47955322265625e-05
delete time:1.9550323486328125e-05
delete time:1.7881393432617188e-05
delete time:4.7206878662109375e-05
delete time:2.86102294921875e-05
delete time:1.52587890625e-05
delete time:2.288818359375e-05
delete time:5.340576171875e-05
delete time:2.9802322387695312e-05
delete time:2.2172927856445312e-05
delete time:4.3392181396484375e-05
delete time:2.6464462280273438e-05
delete time:4.3392181396484375e-05
delete time:3.5762786865234375e-05
delete time:2.6226043701171875e-05
delete time:4.220008850097656e-05
delete time:3.528594970703125e-05
delete time:2.0742416381835938e-05
delete time:2.2411346435546875e-05
delete time:2.384185791015625e-05
delete time:4.506111145019531e-05
delete time:3.0279159545898438e-05
delete time:3.981590270996094e-05
delete time:2.3603439331054688e-05
delete time:2.0742416381835938e-05
delete time:3.504753112792969e-05
delete time:2.0742416381835938e-05
delete time:5.316734313964844e-05
delete time:2.7179718017578125e-05
delete time:5.125999450683594e-05
delete time:2.5272369384765625e-05
delete time:4.267692565917969e-05
delete time:2.9802322387695312e-05
delete time:4.506111145019531e-05
delete time:1.5974044799804688e-05
delete time:1.7404556274414062e-05
delete time:2.5510787963867188e-05
delete time:2.3126602172851562e-05
delete time:2.0742416381835938e-05
delete time:4.315376281738281e-05
delete time:5.125999450683594e-05
delete time:1.8358230590820312e-05
delete time:4.220008850097656e-05
delete time:2.5987625122070312e-05
delete time:3.266334533691406e-05
delete time:4.673004150390625e-05
delete time:2.47955322265625e-05
delete time:2.3603439331054688e-05
delete time:1.9550323486328125e-05
delete time:1.52587890625e-05
delete time:2.9802322387695312e-05
delete time:2.5510787963867188e-05
delete time:2.2172927856445312e-05
delete time:2.3126602172851562e-05
delete time:1.9788742065429688e-05
delete time:2.6464462280273438e-05
delete time:4.887580871582031e-05
delete time:4.482269287109375e-05
delete time:1.5974044799804688e-05
delete time:3.647804260253906e-05
delete time:3.6716461181640625e-05
delete time:2.4318695068359375e-05
delete time:4.172325134277344e-05
delete time:3.7670135498046875e-05
delete time:3.814697265625e-05
delete time:2.6941299438476562e-05
delete time:3.1948089599609375e-05
delete time:2.2411346435546875e-05
delete time:3.695487976074219e-05
delete time:2.1219253540039062e-05
delete time:2.6941299438476562e-05
delete time:3.147125244140625e-05
delete time:1.7404556274414062e-05
delete time:2.7894973754882812e-05
delete time:7.343292236328125e-05
delete time:2.765655517578125e-05
delete time:3.695487976074219e-05
delete time:2.2172927856445312e-05
delete time:4.2438507080078125e-05
delete time:3.0040740966796875e-05
delete time:5.14984130859375e-05
delete time:1.811981201171875e-05
delete time:2.9087066650390625e-05
delete time:3.0040740966796875e-05
delete time:2.288818359375e-05
delete time:3.361701965332031e-05
delete time:2.1696090698242188e-05
delete time:4.3392181396484375e-05
delete time:5.888938903808594e-05
delete time:5.030632019042969e-05
delete time:2.5987625122070312e-05
delete time:2.288818359375e-05
delete time:5.14984130859375e-05
delete time:2.5987625122070312e-05
delete time:2.288818359375e-05
delete time:4.291534423828125e-05
delete time:2.3365020751953125e-05
delete time:3.814697265625e-05
delete time:3.7670135498046875e-05
delete time:5.412101745605469e-05
delete time:2.9325485229492188e-05
delete time:2.384185791015625e-05
delete time:3.4809112548828125e-05
delete time:5.984306335449219e-05
delete time:2.4318695068359375e-05
delete time:2.384185791015625e-05
delete time:1.6450881958007812e-05
delete time:4.4345855712890625e-05
delete time:2.288818359375e-05
delete time:2.0742416381835938e-05
delete time:1.9788742065429688e-05
delete time:2.1696090698242188e-05
delete time:4.482269287109375e-05
delete time:3.147125244140625e-05
delete time:2.5987625122070312e-05
delete time:5.054473876953125e-05
delete time:3.3855438232421875e-05
delete time:1.9073486328125e-05
delete time:4.839897155761719e-05
delete time:0.0001723766326904297
delete time:2.1219253540039062e-05
delete time:2.7179718017578125e-05
delete time:3.790855407714844e-05
delete time:3.4809112548828125e-05
delete time:2.6226043701171875e-05
delete time:1.5497207641601562e-05
delete time:2.4080276489257812e-05
delete time:4.267692565917969e-05
delete time:2.3126602172851562e-05
delete time:4.172325134277344e-05
delete time:3.409385681152344e-05
delete time:2.7894973754882812e-05
delete time:2.384185791015625e-05
delete time:5.316734313964844e-05
delete time:3.743171691894531e-05
delete time:4.744529724121094e-05
delete time:2.8371810913085938e-05
delete time:4.315376281738281e-05
delete time:3.6716461181640625e-05
delete time:1.9788742065429688e-05
delete time:4.673004150390625e-05
delete time:2.2172927856445312e-05
delete time:2.5033950805664062e-05
delete time:2.574920654296875e-05
delete time:2.4557113647460938e-05
delete time:1.8358230590820312e-05
delete time:2.8133392333984375e-05
delete time:2.193450927734375e-05
delete time:4.458427429199219e-05
delete time:2.3126602172851562e-05
delete time:4.1961669921875e-05
delete time:4.553794860839844e-05
delete time:2.4557113647460938e-05
delete time:2.6226043701171875e-05
delete time:1.8835067749023438e-05
delete time:2.2411346435546875e-05
delete time:3.6716461181640625e-05
delete time:4.029273986816406e-05
delete time:2.765655517578125e-05
delete time:4.38690185546875e-05
delete time:2.0742416381835938e-05
delete time:3.1948089599609375e-05
delete time:2.8371810913085938e-05
delete time:2.6702880859375e-05
delete time:2.4080276489257812e-05
delete time:3.528594970703125e-05
delete time:2.5272369384765625e-05
delete time:1.5497207641601562e-05
delete time:2.5987625122070312e-05
delete time:2.4318695068359375e-05
delete time:3.409385681152344e-05
delete time:3.314018249511719e-05
delete time:2.09808349609375e-05
delete time:2.9325485229492188e-05
delete time:3.337860107421875e-05
delete time:4.982948303222656e-05
delete time:4.2438507080078125e-05
delete time:2.0503997802734375e-05
delete time:2.4318695068359375e-05
delete time:2.5510787963867188e-05
delete time:3.314018249511719e-05
delete time:3.9577484130859375e-05
delete time:3.314018249511719e-05
delete time:2.384185791015625e-05
delete time:2.09808349609375e-05
delete time:4.553794860839844e-05
delete time:4.553794860839844e-05
delete time:3.62396240234375e-05
delete time:2.3365020751953125e-05
delete time:2.384185791015625e-05
delete time:2.002716064453125e-05
delete time:4.76837158203125e-05
delete time:3.62396240234375e-05
delete time:2.4557113647460938e-05
delete time:2.002716064453125e-05
delete time:3.0517578125e-05
delete time:4.792213439941406e-05
delete time:2.6941299438476562e-05
delete time:4.291534423828125e-05
delete time:3.719329833984375e-05
delete time:2.5033950805664062e-05
delete time:2.5272369384765625e-05
delete time:4.792213439941406e-05
delete time:2.1696090698242188e-05
delete time:2.6464462280273438e-05
delete time:2.4318695068359375e-05
delete time:3.790855407714844e-05
delete time:2.0742416381835938e-05
delete time:3.814697265625e-05
delete time:3.361701965332031e-05
delete time:2.0503997802734375e-05
delete time:2.47955322265625e-05
delete time:2.9802322387695312e-05
delete time:2.1457672119140625e-05
delete time:2.574920654296875e-05
delete time:4.982948303222656e-05
delete time:4.553794860839844e-05
delete time:4.291534423828125e-05
delete time:2.3603439331054688e-05
delete time:5.555152893066406e-05
delete time:4.7206878662109375e-05
delete time:2.4080276489257812e-05
delete time:2.3603439331054688e-05
delete time:2.1696090698242188e-05
delete time:4.00543212890625e-05
delete time:2.5510787963867188e-05
delete time:3.528594970703125e-05
delete time:1.7881393432617188e-05
delete time:3.170967102050781e-05
delete time:2.1457672119140625e-05
delete time:2.002716064453125e-05
delete time:2.002716064453125e-05
delete time:2.4318695068359375e-05
delete time:3.981590270996094e-05
delete time:2.5987625122070312e-05
delete time:2.8848648071289062e-05
delete time:1.9550323486328125e-05
delete time:2.002716064453125e-05
delete time:3.5762786865234375e-05
delete time:1.5497207641601562e-05
delete time:2.7179718017578125e-05
delete time:2.1219253540039062e-05
delete time:4.410743713378906e-05
delete time:3.4332275390625e-05
delete time:3.8623809814453125e-05
delete time:2.5272369384765625e-05
delete time:6.151199340820312e-05
delete time:3.4332275390625e-05
delete time:1.8358230590820312e-05
delete time:1.811981201171875e-05
delete time:5.340576171875e-05
delete time:1.811981201171875e-05
delete time:2.1219253540039062e-05
delete time:1.9311904907226562e-05
delete time:2.956390380859375e-05
delete time:3.457069396972656e-05
delete time:2.7418136596679688e-05
delete time:2.193450927734375e-05
delete time:2.3365020751953125e-05
delete time:4.601478576660156e-05
delete time:4.1961669921875e-05
delete time:2.2172927856445312e-05
delete time:5.1021575927734375e-05
delete time:3.337860107421875e-05
delete time:2.2411346435546875e-05
delete time:4.792213439941406e-05
delete time:2.3603439331054688e-05
delete time:2.4318695068359375e-05
delete time:4.315376281738281e-05
delete time:2.1457672119140625e-05
delete time:2.5510787963867188e-05
delete time:4.38690185546875e-05
delete time:2.1696090698242188e-05
delete time:3.0040740966796875e-05
delete time:3.886222839355469e-05
delete time:2.9087066650390625e-05
delete time:5.125999450683594e-05
delete time:3.123283386230469e-05
delete time:4.363059997558594e-05
delete time:2.002716064453125e-05
delete time:1.3589859008789062e-05
delete time:4.506111145019531e-05
delete time:2.9087066650390625e-05
delete time:2.47955322265625e-05
delete time:3.0994415283203125e-05
delete time:2.7894973754882812e-05
delete time:2.3603439331054688e-05
delete time:2.7894973754882812e-05
delete time:3.743171691894531e-05
delete time:4.2438507080078125e-05
delete time:2.6226043701171875e-05
delete time:4.220008850097656e-05
delete time:4.315376281738281e-05
delete time:2.6941299438476562e-05
delete time:2.9802322387695312e-05
delete time:3.0040740966796875e-05
delete time:2.3603439331054688e-05
delete time:2.4318695068359375e-05
delete time:2.6226043701171875e-05
delete time:2.956390380859375e-05
delete time:2.7418136596679688e-05
delete time:3.6716461181640625e-05
delete time:4.363059997558594e-05
delete time:2.4557113647460938e-05
delete time:2.7418136596679688e-05
delete time:3.314018249511719e-05
delete time:4.100799560546875e-05
delete time:2.09808349609375e-05
delete time:2.6464462280273438e-05
delete time:2.09808349609375e-05
delete time:4.482269287109375e-05
delete time:4.029273986816406e-05
delete time:3.62396240234375e-05
delete time:2.3126602172851562e-05
delete time:2.4557113647460938e-05
delete time:5.3882598876953125e-05
delete time:1.6689300537109375e-05
delete time:3.0279159545898438e-05
delete time:2.5033950805664062e-05
delete time:3.0279159545898438e-05
delete time:2.4557113647460938e-05
delete time:4.673004150390625e-05
delete time:4.410743713378906e-05
delete time:2.8133392333984375e-05
delete time:1.9788742065429688e-05
delete time:2.765655517578125e-05
delete time:2.288818359375e-05
delete time:4.2438507080078125e-05
delete time:2.0265579223632812e-05
delete time:2.1696090698242188e-05
delete time:4.744529724121094e-05
delete time:3.4809112548828125e-05
delete time:3.409385681152344e-05
delete time:2.47955322265625e-05
delete time:4.76837158203125e-05
delete time:3.8623809814453125e-05
delete time:2.86102294921875e-05
delete time:2.384185791015625e-05
delete time:2.1457672119140625e-05
delete time:4.57763671875e-05
delete time:3.62396240234375e-05
delete time:2.765655517578125e-05
delete time:2.09808349609375e-05
delete time:1.9788742065429688e-05
delete time:2.5510787963867188e-05
delete time:2.3365020751953125e-05
delete time:4.076957702636719e-05
delete time:2.7894973754882812e-05
delete time:2.002716064453125e-05
delete time:4.57763671875e-05
delete time:4.315376281738281e-05
delete time:3.7670135498046875e-05
delete time:2.2172927856445312e-05
delete time:4.673004150390625e-05
delete time:2.2649765014648438e-05
delete time:2.765655517578125e-05
delete time:1.8358230590820312e-05
delete time:3.457069396972656e-05
delete time:5.173683166503906e-05
delete time:2.1457672119140625e-05
delete time:3.814697265625e-05
delete time:2.1457672119140625e-05
delete time:4.458427429199219e-05
delete time:3.528594970703125e-05
delete time:3.147125244140625e-05
delete time:3.0517578125e-05
delete time:1.8596649169921875e-05
delete time:3.504753112792969e-05
delete time:3.4332275390625e-05
delete time:1.8596649169921875e-05
delete time:2.956390380859375e-05
delete time:3.6716461181640625e-05
delete time:1.3828277587890625e-05
delete time:4.601478576660156e-05
delete time:4.5299530029296875e-05
delete time:2.6464462280273438e-05
delete time:3.719329833984375e-05
delete time:4.38690185546875e-05
delete time:3.1948089599609375e-05
delete time:4.839897155761719e-05
delete time:2.3365020751953125e-05
delete time:1.6689300537109375e-05
delete time:4.291534423828125e-05
delete time:2.765655517578125e-05
delete time:3.933906555175781e-05
delete time:2.8133392333984375e-05
delete time:3.2901763916015625e-05
delete time:3.9577484130859375e-05
delete time:2.5987625122070312e-05
delete time:1.9311904907226562e-05
delete time:4.6253204345703125e-05
delete time:4.1961669921875e-05
delete time:2.2411346435546875e-05
delete time:2.7894973754882812e-05
delete time:5.340576171875e-05
delete time:3.0279159545898438e-05
delete time:4.887580871582031e-05
delete time:3.647804260253906e-05
delete time:2.2649765014648438e-05
delete time:3.8623809814453125e-05
delete time:3.504753112792969e-05
delete time:2.4080276489257812e-05
delete time:5.435943603515625e-05
delete time:2.47955322265625e-05
delete time:3.62396240234375e-05
delete time:4.124641418457031e-05
delete time:4.100799560546875e-05
delete time:1.8835067749023438e-05
delete time:2.5510787963867188e-05
delete time:2.3365020751953125e-05
delete time:3.4332275390625e-05
delete time:4.0531158447265625e-05
delete time:3.7670135498046875e-05
delete time:3.0279159545898438e-05
delete time:4.5299530029296875e-05
delete time:4.458427429199219e-05
delete time:1.5735626220703125e-05
delete time:3.7670135498046875e-05
delete time:3.0279159545898438e-05
delete time:2.8371810913085938e-05
delete time:2.4080276489257812e-05
delete time:3.981590270996094e-05
delete time:3.814697265625e-05
delete time:2.47955322265625e-05
delete time:2.6226043701171875e-05
delete time:2.193450927734375e-05
delete time:1.4066696166992188e-05
delete time:2.9087066650390625e-05
delete time:2.1457672119140625e-05
delete time:3.910064697265625e-05
delete time:1.8835067749023438e-05
delete time:1.6927719116210938e-05
delete time:2.9087066650390625e-05
delete time:1.71661376953125e-05
delete time:3.910064697265625e-05
delete time:3.075599670410156e-05
delete time:2.4318695068359375e-05
delete time:2.8848648071289062e-05
delete time:2.1696090698242188e-05
delete time:2.2411346435546875e-05
delete time:2.4080276489257812e-05
delete time:1.430511474609375e-05
delete time:2.3365020751953125e-05
delete time:4.792213439941406e-05
delete time:2.002716064453125e-05
delete time:4.410743713378906e-05
delete time:3.218650817871094e-05
delete time:2.86102294921875e-05
delete time:2.574920654296875e-05
delete time:3.0040740966796875e-05
delete time:2.1696090698242188e-05
delete time:2.4080276489257812e-05
delete time:3.695487976074219e-05
delete time:3.170967102050781e-05
delete time:3.552436828613281e-05
delete time:4.458427429199219e-05
delete time:1.5497207641601562e-05
delete time:2.6464462280273438e-05
delete time:3.0994415283203125e-05
delete time:3.4332275390625e-05
delete time:4.4345855712890625e-05
delete time:2.3365020751953125e-05
delete time:1.8596649169921875e-05
delete time:2.7418136596679688e-05
delete time:2.002716064453125e-05
delete time:1.5020370483398438e-05
delete time:3.6716461181640625e-05
delete time:2.765655517578125e-05
delete time:3.62396240234375e-05
delete time:3.886222839355469e-05
delete time:1.4781951904296875e-05
delete time:3.62396240234375e-05
delete time:5.2928924560546875e-05
delete time:2.8848648071289062e-05
delete time:3.933906555175781e-05
delete time:3.337860107421875e-05
delete time:1.811981201171875e-05
delete time:2.7179718017578125e-05
delete time:2.3365020751953125e-05
delete time:3.0517578125e-05
delete time:3.0040740966796875e-05
delete time:3.814697265625e-05
delete time:2.9325485229492188e-05
delete time:3.743171691894531e-05
delete time:4.9114227294921875e-05
delete time:2.288818359375e-05
delete time:2.3365020751953125e-05
delete time:3.147125244140625e-05
delete time:3.409385681152344e-05
delete time:4.3392181396484375e-05
delete time:3.147125244140625e-05
delete time:1.8596649169921875e-05
delete time:4.1961669921875e-05
delete time:1.9073486328125e-05
delete time:2.384185791015625e-05
delete time:4.220008850097656e-05
delete time:2.6226043701171875e-05
delete time:3.504753112792969e-05
delete time:3.457069396972656e-05
delete time:3.075599670410156e-05
delete time:2.9325485229492188e-05
delete time:3.7670135498046875e-05
delete time:2.47955322265625e-05
delete time:3.409385681152344e-05
delete time:1.9311904907226562e-05
delete time:3.504753112792969e-05
delete time:4.076957702636719e-05
delete time:2.5033950805664062e-05
delete time:2.2172927856445312e-05
delete time:4.363059997558594e-05
delete time:2.5510787963867188e-05
delete time:2.8371810913085938e-05
delete time:5.0067901611328125e-05
delete time:2.2649765014648438e-05
delete time:3.5762786865234375e-05
delete time:3.266334533691406e-05
delete time:1.9311904907226562e-05
delete time:2.5987625122070312e-05
delete time:3.4332275390625e-05
delete time:5.1975250244140625e-05
delete time:2.765655517578125e-05
delete time:2.1457672119140625e-05
delete time:2.2649765014648438e-05
delete time:2.09808349609375e-05
delete time:2.0503997802734375e-05
delete time:5.459785461425781e-05
delete time:2.8848648071289062e-05
delete time:2.8371810913085938e-05
delete time:5.245208740234375e-05
delete time:2.6941299438476562e-05
delete time:1.430511474609375e-05
delete time:2.288818359375e-05
delete time:5.125999450683594e-05
delete time:2.86102294921875e-05
delete time:4.7206878662109375e-05
delete time:2.5033950805664062e-05
delete time:2.2411346435546875e-05
delete time:1.4781951904296875e-05
delete time:2.3603439331054688e-05
delete time:2.6226043701171875e-05
delete time:3.218650817871094e-05
delete time:2.2172927856445312e-05
delete time:3.743171691894531e-05
delete time:3.1948089599609375e-05
delete time:2.4557113647460938e-05
delete time:1.9311904907226562e-05
delete time:2.7894973754882812e-05
delete time:3.0994415283203125e-05
delete time:2.2172927856445312e-05
delete time:4.172325134277344e-05
delete time:3.743171691894531e-05
delete time:2.0742416381835938e-05
delete time:4.506111145019531e-05
delete time:1.9788742065429688e-05
delete time:3.4332275390625e-05
delete time:2.2411346435546875e-05
delete time:2.0742416381835938e-05
delete time:2.574920654296875e-05
delete time:2.5510787963867188e-05
delete time:4.410743713378906e-05
delete time:3.528594970703125e-05
delete time:4.839897155761719e-05
delete time:2.2172927856445312e-05
delete time:2.0742416381835938e-05
delete time:2.8371810913085938e-05
delete time:2.3365020751953125e-05
delete time:3.337860107421875e-05
delete time:1.811981201171875e-05
delete time:4.124641418457031e-05
delete time:2.6941299438476562e-05
delete time:2.4557113647460938e-05
delete time:2.288818359375e-05
delete time:3.528594970703125e-05
delete time:2.7418136596679688e-05
delete time:3.886222839355469e-05
delete time:2.8848648071289062e-05
delete time:3.0517578125e-05
delete time:3.0279159545898438e-05
delete time:1.7404556274414062e-05
delete time:4.363059997558594e-05
delete time:2.9325485229492188e-05
delete time:2.6941299438476562e-05
delete time:2.1219253540039062e-05
delete time:2.1696090698242188e-05
delete time:2.3126602172851562e-05
delete time:2.9802322387695312e-05
delete time:2.0265579223632812e-05
delete time:3.266334533691406e-05
delete time:2.193450927734375e-05
delete time:3.528594970703125e-05
delete time:2.3365020751953125e-05
delete time:2.9087066650390625e-05
delete time:2.3365020751953125e-05
delete time:3.24249267578125e-05
delete time:3.528594970703125e-05
delete time:2.5033950805664062e-05
delete time:2.86102294921875e-05
delete time:1.811981201171875e-05
delete time:2.2411346435546875e-05
delete time:1.9311904907226562e-05
delete time:1.7404556274414062e-05
delete time:3.4809112548828125e-05
delete time:1.6689300537109375e-05
delete time:1.71661376953125e-05
delete time:1.8596649169921875e-05
delete time:2.7894973754882812e-05
delete time:1.9311904907226562e-05
delete time:2.2172927856445312e-05
delete time:2.1696090698242188e-05
delete time:1.7404556274414062e-05
delete time:2.8371810913085938e-05
delete time:3.4809112548828125e-05
delete time:2.1696090698242188e-05
delete time:2.1457672119140625e-05
delete time:4.4345855712890625e-05
delete time:4.220008850097656e-05
delete time:2.002716064453125e-05
delete time:1.9311904907226562e-05
delete time:1.4781951904296875e-05
delete time:2.002716064453125e-05
delete time:2.2411346435546875e-05
delete time:4.267692565917969e-05
delete time:4.649162292480469e-05
delete time:3.0279159545898438e-05
delete time:2.193450927734375e-05
delete time:1.4543533325195312e-05
delete time:2.5987625122070312e-05
delete time:2.5987625122070312e-05
delete time:4.076957702636719e-05
delete time:3.886222839355469e-05
delete time:3.9577484130859375e-05
delete time:3.457069396972656e-05
delete time:2.3126602172851562e-05
delete time:2.3603439331054688e-05
delete time:3.1948089599609375e-05
delete time:2.47955322265625e-05
delete time:2.47955322265625e-05
delete time:2.0503997802734375e-05
delete time:1.811981201171875e-05
delete time:2.0742416381835938e-05
delete time:2.1219253540039062e-05
delete time:6.151199340820312e-05
delete time:3.2901763916015625e-05
delete time:4.744529724121094e-05
delete time:2.3603439331054688e-05
delete time:4.1961669921875e-05
delete time:2.7894973754882812e-05
delete time:2.0742416381835938e-05
delete time:1.8596649169921875e-05
delete time:2.7894973754882812e-05
delete time:3.0040740966796875e-05
delete time:3.5762786865234375e-05
delete time:2.8848648071289062e-05
delete time:3.3855438232421875e-05
delete time:3.170967102050781e-05
delete time:2.4318695068359375e-05
delete time:2.0265579223632812e-05
delete time:4.315376281738281e-05
delete time:1.811981201171875e-05
delete time:2.6226043701171875e-05
delete time:2.3603439331054688e-05
delete time:1.6927719116210938e-05
delete time:4.315376281738281e-05
delete time:2.6702880859375e-05
delete time:3.504753112792969e-05
delete time:4.291534423828125e-05
delete time:2.8133392333984375e-05
delete time:2.1457672119140625e-05
delete time:2.2172927856445312e-05
delete time:3.24249267578125e-05
delete time:4.553794860839844e-05
delete time:1.9550323486328125e-05
delete time:1.9788742065429688e-05
delete time:2.5272369384765625e-05
delete time:4.982948303222656e-05
delete time:4.7206878662109375e-05
delete time:2.1219253540039062e-05
delete time:3.0517578125e-05
delete time:2.384185791015625e-05
delete time:4.57763671875e-05
delete time:3.24249267578125e-05
delete time:2.1457672119140625e-05
delete time:1.1682510375976562e-05
delete time:3.886222839355469e-05
delete time:1.52587890625e-05
delete time:5.125999450683594e-05
delete time:2.288818359375e-05
delete time:2.8133392333984375e-05
delete time:3.3855438232421875e-05
delete time:2.002716064453125e-05
delete time:3.170967102050781e-05
delete time:3.9577484130859375e-05
delete time:1.71661376953125e-05
delete time:1.7642974853515625e-05
delete time:5.030632019042969e-05
delete time:1.9788742065429688e-05
delete time:2.0503997802734375e-05
delete time:3.218650817871094e-05
delete time:3.4809112548828125e-05
delete time:4.553794860839844e-05
delete time:2.193450927734375e-05
delete time:4.172325134277344e-05
delete time:3.4809112548828125e-05
delete time:3.0994415283203125e-05
delete time:2.8133392333984375e-05
delete time:0.17702579498291016
delete time:2.9087066650390625e-05
delete time:3.910064697265625e-05
delete time:5.3882598876953125e-05
delete time:2.1696090698242188e-05
delete time:2.0265579223632812e-05
delete time:2.2411346435546875e-05
delete time:2.7418136596679688e-05
delete time:3.504753112792969e-05
delete time:6.031990051269531e-05
delete time:5.555152893066406e-05
delete time:2.1457672119140625e-05
delete time:1.4781951904296875e-05
delete time:3.790855407714844e-05
delete time:2.2172927856445312e-05
delete time:3.719329833984375e-05
delete time:2.86102294921875e-05
delete time:5.5789947509765625e-05
delete time:2.4080276489257812e-05
delete time:3.361701965332031e-05
delete time:2.1219253540039062e-05
delete time:3.218650817871094e-05
delete time:5.745887756347656e-05
delete time:2.1219253540039062e-05
delete time:2.6702880859375e-05
delete time:4.100799560546875e-05
delete time:2.9802322387695312e-05
delete time:4.9114227294921875e-05
delete time:2.7894973754882812e-05
delete time:2.3603439331054688e-05
delete time:2.3126602172851562e-05
delete time:4.553794860839844e-05
delete time:4.673004150390625e-05
delete time:1.4543533325195312e-05
delete time:1.9073486328125e-05
delete time:2.6464462280273438e-05
delete time:3.0994415283203125e-05
delete time:4.5299530029296875e-05
delete time:3.4332275390625e-05
delete time:3.528594970703125e-05
delete time:3.4809112548828125e-05
delete time:1.5735626220703125e-05
delete time:1.6927719116210938e-05
delete time:2.6941299438476562e-05
delete time:1.9073486328125e-05
delete time:3.337860107421875e-05
delete time:2.9087066650390625e-05
delete time:3.24249267578125e-05
delete time:3.170967102050781e-05
delete time:2.3126602172851562e-05
delete time:1.5020370483398438e-05
delete time:1.9788742065429688e-05
delete time:3.361701965332031e-05
delete time:3.886222839355469e-05
delete time:2.09808349609375e-05
delete time:3.0517578125e-05
delete time:3.24249267578125e-05
delete time:2.5033950805664062e-05
delete time:4.744529724121094e-05
delete time:4.4345855712890625e-05
delete time:4.029273986816406e-05
delete time:3.218650817871094e-05
delete time:4.315376281738281e-05
delete time:4.363059997558594e-05
delete time:4.1961669921875e-05
delete time:4.839897155761719e-05
delete time:2.2411346435546875e-05
delete time:4.863739013671875e-05
delete time:3.0994415283203125e-05
delete time:2.86102294921875e-05
delete time:4.2438507080078125e-05
delete time:1.5020370483398438e-05
delete time:2.1457672119140625e-05
delete time:4.7206878662109375e-05
delete time:2.09808349609375e-05
delete time:2.2411346435546875e-05
delete time:2.7179718017578125e-05
delete time:2.384185791015625e-05
delete time:1.621246337890625e-05
delete time:5.555152893066406e-05
delete time:3.0040740966796875e-05
delete time:2.9087066650390625e-05
delete time:2.5510787963867188e-05
delete time:3.1948089599609375e-05
delete time:2.956390380859375e-05
delete time:1.8358230590820312e-05
delete time:3.600120544433594e-05
delete time:2.3365020751953125e-05
delete time:2.384185791015625e-05
delete time:2.1457672119140625e-05
delete time:2.0503997802734375e-05
delete time:2.1457672119140625e-05
delete time:1.430511474609375e-05
delete time:2.7418136596679688e-05
delete time:2.47955322265625e-05
delete time:2.7418136596679688e-05
delete time:4.0531158447265625e-05
delete time:2.6226043701171875e-05
delete time:1.9073486328125e-05
delete time:1.8358230590820312e-05
delete time:3.504753112792969e-05
delete time:3.9577484130859375e-05
delete time:2.7894973754882812e-05
delete time:1.7881393432617188e-05
delete time:3.9577484130859375e-05
delete time:2.2411346435546875e-05
delete time:3.0040740966796875e-05
delete time:1.33514404296875e-05
delete time:6.604194641113281e-05
delete time:3.314018249511719e-05
delete time:2.1219253540039062e-05
delete time:2.288818359375e-05
delete time:1.8358230590820312e-05
delete time:2.4080276489257812e-05
delete time:2.1219253540039062e-05
delete time:1.9073486328125e-05
delete time:2.8371810913085938e-05
delete time:4.172325134277344e-05
delete time:2.9087066650390625e-05
delete time:4.696846008300781e-05
delete time:3.361701965332031e-05
delete time:2.4318695068359375e-05
delete time:2.4318695068359375e-05
delete time:3.266334533691406e-05
delete time:3.218650817871094e-05
delete time:2.0742416381835938e-05
delete time:3.6716461181640625e-05
delete time:3.8623809814453125e-05
delete time:4.0531158447265625e-05
delete time:3.814697265625e-05
delete time:2.9087066650390625e-05
delete time:1.3113021850585938e-05
delete time:3.719329833984375e-05
delete time:2.002716064453125e-05
delete time:5.698204040527344e-05
delete time:2.193450927734375e-05
delete time:2.2172927856445312e-05
delete time:1.6689300537109375e-05
delete time:1.7881393432617188e-05
delete time:1.6927719116210938e-05
delete time:2.8133392333984375e-05
delete time:2.0742416381835938e-05
delete time:1.3828277587890625e-05
delete time:4.363059997558594e-05
delete time:3.0994415283203125e-05
delete time:2.2411346435546875e-05
delete time:1.9311904907226562e-05
delete time:1.8596649169921875e-05
delete time:3.743171691894531e-05
delete time:4.4345855712890625e-05
delete time:1.7404556274414062e-05
delete time:2.4557113647460938e-05
delete time:1.9550323486328125e-05
delete time:1.7881393432617188e-05
delete time:4.172325134277344e-05
delete time:3.0279159545898438e-05
delete time:1.4543533325195312e-05
delete time:1.6927719116210938e-05
delete time:1.71661376953125e-05
delete time:2.0503997802734375e-05
delete time:3.2901763916015625e-05
delete time:2.0742416381835938e-05
delete time:1.7404556274414062e-05
delete time:2.5033950805664062e-05
delete time:1.8358230590820312e-05
delete time:2.4318695068359375e-05
delete time:4.2438507080078125e-05
delete time:2.2411346435546875e-05
delete time:3.4809112548828125e-05
delete time:2.9325485229492188e-05
delete time:4.863739013671875e-05
delete time:2.2172927856445312e-05
delete time:3.075599670410156e-05
delete time:2.9087066650390625e-05
delete time:3.0279159545898438e-05
delete time:2.1696090698242188e-05
delete time:2.1219253540039062e-05
delete time:4.76837158203125e-05
delete time:2.288818359375e-05
delete time:2.4557113647460938e-05
delete time:1.7642974853515625e-05
delete time:1.8835067749023438e-05
delete time:1.6450881958007812e-05
delete time:2.6464462280273438e-05
delete time:3.314018249511719e-05
delete time:3.0040740966796875e-05
delete time:2.9087066650390625e-05
delete time:2.0742416381835938e-05
delete time:2.5987625122070312e-05
delete time:1.6689300537109375e-05
delete time:1.8358230590820312e-05
delete time:4.4345855712890625e-05
delete time:3.814697265625e-05
delete time:2.193450927734375e-05
delete time:2.09808349609375e-05
delete time:2.5272369384765625e-05
delete time:4.410743713378906e-05
delete time:3.4809112548828125e-05
delete time:1.2159347534179688e-05
delete time:1.7881393432617188e-05
delete time:1.7404556274414062e-05
delete time:1.621246337890625e-05
delete time:1.9550323486328125e-05
delete time:3.075599670410156e-05
delete time:1.811981201171875e-05
delete time:2.1219253540039062e-05
delete time:2.3126602172851562e-05
delete time:1.7881393432617188e-05
delete time:2.0503997802734375e-05
delete time:3.457069396972656e-05
delete time:2.765655517578125e-05
delete time:5.0067901611328125e-05
delete time:2.09808349609375e-05
delete time:3.981590270996094e-05
delete time:2.288818359375e-05
delete time:3.5762786865234375e-05
delete time:3.123283386230469e-05
delete time:2.1219253540039062e-05
delete time:5.125999450683594e-05
delete time:4.100799560546875e-05
delete time:1.6927719116210938e-05
delete time:2.3126602172851562e-05
delete time:1.7881393432617188e-05
delete time:2.4557113647460938e-05
delete time:2.09808349609375e-05
delete time:3.0517578125e-05
delete time:1.6689300537109375e-05
delete time:3.886222839355469e-05
delete time:4.9591064453125e-05
delete time:2.5272369384765625e-05
delete time:2.0742416381835938e-05
delete time:2.6941299438476562e-05
delete time:1.52587890625e-05
delete time:1.5974044799804688e-05
delete time:1.6927719116210938e-05
delete time:4.076957702636719e-05
delete time:0.00015735626220703125
delete time:1.2636184692382812e-05
delete time:2.4318695068359375e-05
delete time:2.09808349609375e-05
delete time:2.1696090698242188e-05
delete time:4.3392181396484375e-05
delete time:2.288818359375e-05
delete time:2.0503997802734375e-05
delete time:2.0265579223632812e-05
delete time:3.409385681152344e-05
delete time:3.0040740966796875e-05
delete time:1.8835067749023438e-05
delete time:2.3365020751953125e-05
delete time:2.4557113647460938e-05
delete time:4.3392181396484375e-05
delete time:2.956390380859375e-05
delete time:2.288818359375e-05
delete time:2.6464462280273438e-05
delete time:2.6464462280273438e-05
delete time:1.8596649169921875e-05
delete time:2.5987625122070312e-05
delete time:2.7179718017578125e-05
delete time:1.9073486328125e-05
delete time:2.4557113647460938e-05
delete time:2.9325485229492188e-05
delete time:1.7881393432617188e-05
delete time:1.9311904907226562e-05
delete time:4.482269287109375e-05
delete time:4.0531158447265625e-05
delete time:2.8848648071289062e-05
delete time:2.0742416381835938e-05
delete time:2.6226043701171875e-05
delete time:3.361701965332031e-05
delete time:3.2901763916015625e-05
delete time:2.4080276489257812e-05
delete time:3.0040740966796875e-05
delete time:2.7179718017578125e-05
delete time:1.6927719116210938e-05
delete time:1.621246337890625e-05
delete time:4.744529724121094e-05
delete time:2.3365020751953125e-05
delete time:4.458427429199219e-05
delete time:3.123283386230469e-05
delete time:2.5510787963867188e-05
delete time:1.6450881958007812e-05
delete time:3.647804260253906e-05
delete time:2.0742416381835938e-05
delete time:2.574920654296875e-05
delete time:3.9577484130859375e-05
delete time:5.412101745605469e-05
delete time:3.5762786865234375e-05
delete time:2.1457672119140625e-05
delete time:2.4557113647460938e-05
delete time:2.0742416381835938e-05
delete time:6.103515625e-05
delete time:2.4318695068359375e-05
delete time:4.458427429199219e-05
delete time:3.4332275390625e-05
delete time:4.410743713378906e-05
delete time:3.695487976074219e-05
delete time:2.2649765014648438e-05
delete time:6.175041198730469e-05
delete time:4.267692565917969e-05
delete time:5.364418029785156e-05
delete time:5.841255187988281e-05
delete time:5.555152893066406e-05
delete time:1.9788742065429688e-05
delete time:2.0265579223632812e-05
delete time:2.86102294921875e-05
delete time:5.173683166503906e-05
delete time:3.4332275390625e-05
delete time:3.695487976074219e-05
delete time:5.054473876953125e-05
delete time:4.220008850097656e-05
delete time:3.123283386230469e-05
delete time:3.719329833984375e-05
delete time:2.002716064453125e-05
delete time:5.793571472167969e-05
delete time:2.9802322387695312e-05
delete time:3.9577484130859375e-05
delete time:5.555152893066406e-05
delete time:4.291534423828125e-05
delete time:2.6941299438476562e-05
delete time:6.437301635742188e-05
delete time:4.887580871582031e-05
delete time:4.315376281738281e-05
delete time:4.00543212890625e-05
delete time:5.745887756347656e-05
delete time:3.886222839355469e-05
delete time:3.218650817871094e-05
delete time:3.790855407714844e-05
delete time:1.9550323486328125e-05
delete time:5.316734313964844e-05
delete time:4.792213439941406e-05
delete time:4.5299530029296875e-05
delete time:5.2928924560546875e-05
delete time:2.6941299438476562e-05
delete time:6.246566772460938e-05
delete time:2.765655517578125e-05
delete time:3.075599670410156e-05
delete time:4.744529724121094e-05
delete time:3.337860107421875e-05
delete time:3.504753112792969e-05
delete time:3.933906555175781e-05
delete time:3.457069396972656e-05
delete time:4.410743713378906e-05
delete time:4.649162292480469e-05
delete time:2.7894973754882812e-05
delete time:2.7179718017578125e-05
delete time:4.076957702636719e-05
delete time:1.7642974853515625e-05
delete time:2.5272369384765625e-05
delete time:3.123283386230469e-05
delete time:4.2438507080078125e-05
delete time:2.6941299438476562e-05
delete time:2.5033950805664062e-05
delete time:2.47955322265625e-05
delete time:2.2649765014648438e-05
delete time:2.8371810913085938e-05
delete time:3.5762786865234375e-05
delete time:2.9325485229492188e-05
delete time:3.314018249511719e-05
delete time:3.647804260253906e-05
delete time:3.8623809814453125e-05
delete time:3.314018249511719e-05
delete time:3.2901763916015625e-05
delete time:5.054473876953125e-05
delete time:4.124641418457031e-05
delete time:3.457069396972656e-05
delete time:3.5762786865234375e-05
delete time:6.008148193359375e-05
delete time:6.4849853515625e-05
delete time:2.574920654296875e-05
delete time:2.9802322387695312e-05
delete time:4.076957702636719e-05
delete time:3.409385681152344e-05
delete time:2.6226043701171875e-05
delete time:3.0994415283203125e-05
delete time:2.8371810913085938e-05
delete time:2.7179718017578125e-05
delete time:4.8160552978515625e-05
delete time:3.0994415283203125e-05
delete time:2.384185791015625e-05
delete time:2.384185791015625e-05
delete time:4.8160552978515625e-05
delete time:4.2438507080078125e-05
delete time:2.8133392333984375e-05
delete time:1.71661376953125e-05
delete time:5.435943603515625e-05
delete time:3.981590270996094e-05
delete time:5.030632019042969e-05
delete time:4.1484832763671875e-05
delete time:2.5987625122070312e-05
delete time:2.4318695068359375e-05
delete time:5.2928924560546875e-05
delete time:3.0517578125e-05
delete time:5.698204040527344e-05
delete time:4.029273986816406e-05
delete time:1.6689300537109375e-05
delete time:5.3882598876953125e-05
delete time:3.1948089599609375e-05
delete time:2.9087066650390625e-05
delete time:5.459785461425781e-05
delete time:5.5789947509765625e-05
delete time:4.076957702636719e-05
delete time:5.459785461425781e-05
delete time:2.09808349609375e-05
delete time:3.552436828613281e-05
delete time:3.695487976074219e-05
delete time:2.7179718017578125e-05
delete time:3.600120544433594e-05
delete time:4.792213439941406e-05
delete time:3.981590270996094e-05
delete time:3.123283386230469e-05
delete time:4.1484832763671875e-05
delete time:3.1948089599609375e-05
delete time:2.3365020751953125e-05
delete time:6.461143493652344e-05
delete time:3.8623809814453125e-05
delete time:3.409385681152344e-05
delete time:3.266334533691406e-05
delete time:3.0279159545898438e-05
delete time:2.8133392333984375e-05
delete time:2.6226043701171875e-05
delete time:1.5735626220703125e-05
delete time:2.9325485229492188e-05
delete time:3.743171691894531e-05
delete time:3.886222839355469e-05
delete time:1.3828277587890625e-05
delete time:1.8358230590820312e-05
delete time:2.6941299438476562e-05
delete time:1.8596649169921875e-05
delete time:4.029273986816406e-05
delete time:6.437301635742188e-05
delete time:1.811981201171875e-05
delete time:3.8623809814453125e-05
delete time:4.887580871582031e-05
delete time:3.314018249511719e-05
delete time:1.9550323486328125e-05
delete time:4.3392181396484375e-05
delete time:2.5510787963867188e-05
delete time:3.123283386230469e-05
delete time:5.14984130859375e-05
delete time:3.337860107421875e-05
delete time:4.00543212890625e-05
delete time:5.030632019042969e-05
delete time:4.124641418457031e-05
delete time:5.316734313964844e-05
delete time:1.6689300537109375e-05
delete time:3.910064697265625e-05
delete time:2.3365020751953125e-05
delete time:3.647804260253906e-05
delete time:4.315376281738281e-05
delete time:5.364418029785156e-05
delete time:4.076957702636719e-05
delete time:4.267692565917969e-05
delete time:3.170967102050781e-05
delete time:2.7179718017578125e-05
delete time:3.790855407714844e-05
delete time:3.838539123535156e-05
delete time:3.886222839355469e-05
delete time:3.719329833984375e-05
delete time:3.0994415283203125e-05
delete time:2.7418136596679688e-05
delete time:5.316734313964844e-05
delete time:2.9802322387695312e-05
delete time:3.337860107421875e-05
delete time:4.7206878662109375e-05
delete time:2.765655517578125e-05
delete time:4.792213439941406e-05
delete time:5.269050598144531e-05
delete time:3.0040740966796875e-05
delete time:4.029273986816406e-05
delete time:4.363059997558594e-05
delete time:4.744529724121094e-05
delete time:3.8623809814453125e-05
delete time:5.793571472167969e-05
delete time:3.600120544433594e-05
delete time:5.2928924560546875e-05
delete time:2.7894973754882812e-05
delete time:3.6716461181640625e-05
delete time:5.2928924560546875e-05
delete time:3.528594970703125e-05
delete time:3.3855438232421875e-05
delete time:3.814697265625e-05
delete time:2.6464462280273438e-05
delete time:2.7418136596679688e-05
delete time:3.528594970703125e-05
delete time:4.2438507080078125e-05
delete time:2.288818359375e-05
delete time:2.8848648071289062e-05
delete time:3.170967102050781e-05
delete time:5.6743621826171875e-05
delete time:5.245208740234375e-05
delete time:2.8133392333984375e-05
delete time:3.4332275390625e-05
delete time:3.314018249511719e-05
delete time:2.5510787963867188e-05
delete time:3.600120544433594e-05
delete time:5.173683166503906e-05
delete time:3.0040740966796875e-05
delete time:3.552436828613281e-05
delete time:2.3603439331054688e-05
delete time:4.935264587402344e-05
delete time:3.0040740966796875e-05
delete time:2.5987625122070312e-05
delete time:5.4836273193359375e-05
delete time:2.7418136596679688e-05
delete time:5.650520324707031e-05
delete time:4.5299530029296875e-05
delete time:2.2411346435546875e-05
delete time:3.790855407714844e-05
delete time:3.814697265625e-05
delete time:3.504753112792969e-05
delete time:3.0279159545898438e-05
delete time:3.3855438232421875e-05
delete time:4.2438507080078125e-05
delete time:5.3882598876953125e-05
delete time:5.3882598876953125e-05
delete time:3.24249267578125e-05
delete time:3.719329833984375e-05
delete time:4.935264587402344e-05
delete time:3.5762786865234375e-05
delete time:2.6464462280273438e-05
delete time:3.3855438232421875e-05
delete time:5.984306335449219e-05
delete time:4.8160552978515625e-05
delete time:2.3365020751953125e-05
delete time:2.3126602172851562e-05
delete time:2.9802322387695312e-05
delete time:2.1219253540039062e-05
delete time:4.9114227294921875e-05
delete time:2.4080276489257812e-05
delete time:4.744529724121094e-05
delete time:2.4080276489257812e-05
delete time:2.47955322265625e-05
delete time:5.412101745605469e-05
delete time:2.47955322265625e-05
delete time:4.8160552978515625e-05
delete time:3.790855407714844e-05
delete time:3.409385681152344e-05
delete time:3.0279159545898438e-05
delete time:2.8371810913085938e-05
delete time:3.2901763916015625e-05
delete time:6.270408630371094e-05
delete time:4.2438507080078125e-05
delete time:2.765655517578125e-05
delete time:3.2901763916015625e-05
delete time:3.123283386230469e-05
delete time:1.6689300537109375e-05
delete time:4.315376281738281e-05
delete time:3.504753112792969e-05
delete time:3.647804260253906e-05
delete time:3.9577484130859375e-05
delete time:2.6226043701171875e-05
delete time:2.4557113647460938e-05
delete time:4.839897155761719e-05
delete time:3.62396240234375e-05
delete time:5.173683166503906e-05
delete time:5.173683166503906e-05
delete time:3.361701965332031e-05
delete time:3.170967102050781e-05
delete time:3.9577484130859375e-05
delete time:1.7642974853515625e-05
delete time:5.602836608886719e-05
delete time:3.361701965332031e-05
delete time:2.6464462280273438e-05
delete time:2.9325485229492188e-05
delete time:2.288818359375e-05
delete time:3.0517578125e-05
delete time:2.5272369384765625e-05
delete time:3.337860107421875e-05
delete time:3.218650817871094e-05
delete time:5.1975250244140625e-05
delete time:3.4809112548828125e-05
delete time:4.315376281738281e-05
delete time:4.6253204345703125e-05
delete time:2.8371810913085938e-05
delete time:3.0040740966796875e-05
delete time:2.2172927856445312e-05
delete time:3.0517578125e-05
delete time:4.3392181396484375e-05
delete time:4.315376281738281e-05
delete time:2.6702880859375e-05
delete time:3.600120544433594e-05
delete time:5.555152893066406e-05
delete time:3.62396240234375e-05
delete time:2.2172927856445312e-05
delete time:3.8623809814453125e-05
delete time:5.412101745605469e-05
delete time:3.337860107421875e-05
delete time:2.5272369384765625e-05
delete time:5.7697296142578125e-05
delete time:4.100799560546875e-05
delete time:3.790855407714844e-05
delete time:3.4332275390625e-05
delete time:2.8848648071289062e-05
delete time:3.62396240234375e-05
delete time:3.647804260253906e-05
delete time:2.9802322387695312e-05
delete time:5.6743621826171875e-05
delete time:3.504753112792969e-05
delete time:3.0994415283203125e-05
delete time:3.5762786865234375e-05
delete time:3.457069396972656e-05
delete time:2.6702880859375e-05
delete time:3.3855438232421875e-05
delete time:3.5762786865234375e-05
delete time:3.552436828613281e-05
delete time:2.6464462280273438e-05
delete time:3.457069396972656e-05
delete time:5.53131103515625e-05
delete time:3.8623809814453125e-05
delete time:5.1021575927734375e-05
delete time:3.552436828613281e-05
delete time:3.552436828613281e-05
delete time:2.6702880859375e-05
delete time:4.100799560546875e-05
delete time:2.288818359375e-05
delete time:3.647804260253906e-05
delete time:2.5033950805664062e-05
delete time:3.600120544433594e-05
delete time:2.7418136596679688e-05
delete time:4.00543212890625e-05
delete time:1.71661376953125e-05
delete time:2.384185791015625e-05
delete time:5.2928924560546875e-05
delete time:4.76837158203125e-05
delete time:3.314018249511719e-05
delete time:3.600120544433594e-05
delete time:2.4557113647460938e-05
delete time:1.9311904907226562e-05
delete time:3.4332275390625e-05
delete time:2.9802322387695312e-05
delete time:1.71661376953125e-05
delete time:2.4557113647460938e-05
delete time:4.553794860839844e-05
delete time:3.647804260253906e-05
delete time:2.5033950805664062e-05
delete time:3.075599670410156e-05
delete time:3.886222839355469e-05
delete time:2.1696090698242188e-05
delete time:5.0067901611328125e-05
delete time:5.3882598876953125e-05
delete time:4.124641418457031e-05
delete time:3.4332275390625e-05
delete time:3.0517578125e-05
delete time:2.9087066650390625e-05
delete time:3.337860107421875e-05
delete time:2.8848648071289062e-05
delete time:4.982948303222656e-05
delete time:2.9802322387695312e-05
delete time:2.6702880859375e-05
delete time:3.266334533691406e-05
delete time:3.123283386230469e-05
delete time:3.600120544433594e-05
delete time:3.3855438232421875e-05
delete time:4.0531158447265625e-05
delete time:2.193450927734375e-05
delete time:3.838539123535156e-05
delete time:4.7206878662109375e-05
delete time:2.2172927856445312e-05
delete time:3.886222839355469e-05
delete time:4.124641418457031e-05
delete time:3.528594970703125e-05
delete time:1.6450881958007812e-05
delete time:5.245208740234375e-05
delete time:3.4332275390625e-05
delete time:3.838539123535156e-05
delete time:3.337860107421875e-05
delete time:3.1948089599609375e-05
delete time:3.719329833984375e-05
delete time:4.076957702636719e-05
delete time:3.218650817871094e-05
delete time:3.695487976074219e-05
delete time:3.0994415283203125e-05
delete time:3.361701965332031e-05
delete time:5.650520324707031e-05
delete time:5.14984130859375e-05
delete time:4.696846008300781e-05
delete time:3.0517578125e-05
delete time:4.696846008300781e-05
delete time:4.1484832763671875e-05
delete time:4.0531158447265625e-05
delete time:2.47955322265625e-05
delete time:2.7418136596679688e-05
delete time:1.5020370483398438e-05
delete time:3.814697265625e-05
delete time:3.361701965332031e-05
delete time:3.218650817871094e-05
delete time:2.574920654296875e-05
delete time:2.956390380859375e-05
delete time:3.457069396972656e-05
delete time:5.364418029785156e-05
delete time:2.86102294921875e-05
delete time:3.838539123535156e-05
delete time:5.316734313964844e-05
delete time:3.1948089599609375e-05
delete time:2.1457672119140625e-05
delete time:3.361701965332031e-05
delete time:3.0279159545898438e-05
delete time:3.504753112792969e-05
delete time:2.0503997802734375e-05
delete time:3.886222839355469e-05
delete time:4.267692565917969e-05
delete time:3.6716461181640625e-05
delete time:1.8596649169921875e-05
delete time:3.170967102050781e-05
delete time:3.504753112792969e-05
delete time:3.0279159545898438e-05
delete time:3.552436828613281e-05
delete time:2.4080276489257812e-05
delete time:2.5272369384765625e-05
delete time:2.5033950805664062e-05
delete time:3.647804260253906e-05
delete time:3.886222839355469e-05
delete time:3.337860107421875e-05
delete time:3.600120544433594e-05
delete time:3.361701965332031e-05
delete time:4.0531158447265625e-05
delete time:2.3603439331054688e-05
delete time:4.506111145019531e-05
delete time:3.552436828613281e-05
delete time:3.7670135498046875e-05
delete time:3.0517578125e-05
delete time:2.956390380859375e-05
delete time:1.8835067749023438e-05
delete time:4.363059997558594e-05
delete time:2.9087066650390625e-05
delete time:3.981590270996094e-05
delete time:3.266334533691406e-05
delete time:2.2172927856445312e-05
delete time:3.8623809814453125e-05
delete time:3.933906555175781e-05
delete time:4.6253204345703125e-05
delete time:2.6941299438476562e-05
delete time:4.5299530029296875e-05
delete time:2.4318695068359375e-05
delete time:5.53131103515625e-05
delete time:2.0265579223632812e-05
delete time:3.6716461181640625e-05
delete time:3.6716461181640625e-05
delete time:5.030632019042969e-05
delete time:3.314018249511719e-05
delete time:4.220008850097656e-05
delete time:3.790855407714844e-05
delete time:4.220008850097656e-05
delete time:2.956390380859375e-05
delete time:2.6941299438476562e-05
delete time:3.24249267578125e-05
delete time:3.504753112792969e-05
delete time:3.504753112792969e-05
delete time:2.7894973754882812e-05
delete time:3.9577484130859375e-05
delete time:3.552436828613281e-05
delete time:5.412101745605469e-05
delete time:5.817413330078125e-05
delete time:3.170967102050781e-05
delete time:4.029273986816406e-05
delete time:4.673004150390625e-05
delete time:2.7894973754882812e-05
delete time:3.4809112548828125e-05
delete time:3.552436828613281e-05
delete time:4.5299530029296875e-05
delete time:4.863739013671875e-05
delete time:2.9802322387695312e-05
delete time:1.9073486328125e-05
delete time:4.76837158203125e-05
delete time:5.0067901611328125e-05
delete time:4.863739013671875e-05
delete time:3.3855438232421875e-05
delete time:2.6464462280273438e-05
delete time:2.8133392333984375e-05
delete time:3.528594970703125e-05
delete time:3.314018249511719e-05
delete time:4.8160552978515625e-05
delete time:4.1961669921875e-05
delete time:3.695487976074219e-05
delete time:3.147125244140625e-05
delete time:3.2901763916015625e-05
delete time:3.719329833984375e-05
delete time:3.910064697265625e-05
delete time:2.8371810913085938e-05
delete time:3.0994415283203125e-05
delete time:2.7179718017578125e-05
delete time:4.2438507080078125e-05
delete time:3.504753112792969e-05
delete time:3.933906555175781e-05
delete time:3.337860107421875e-05
delete time:3.7670135498046875e-05
delete time:3.600120544433594e-05
delete time:4.124641418457031e-05
delete time:2.3365020751953125e-05
delete time:3.314018249511719e-05
delete time:3.361701965332031e-05
delete time:4.792213439941406e-05
delete time:2.5510787963867188e-05
delete time:4.601478576660156e-05
delete time:2.3126602172851562e-05
delete time:1.8358230590820312e-05
delete time:2.4080276489257812e-05
delete time:4.029273986816406e-05
delete time:3.600120544433594e-05
delete time:3.647804260253906e-05
delete time:3.123283386230469e-05
delete time:3.552436828613281e-05
delete time:2.6226043701171875e-05
delete time:2.7179718017578125e-05
delete time:2.288818359375e-05
delete time:3.814697265625e-05
delete time:3.743171691894531e-05
delete time:3.910064697265625e-05
delete time:3.647804260253906e-05
delete time:5.1975250244140625e-05
delete time:3.409385681152344e-05
delete time:5.364418029785156e-05
delete time:3.528594970703125e-05
delete time:3.8623809814453125e-05
delete time:4.076957702636719e-05
delete time:2.1696090698242188e-05
delete time:3.838539123535156e-05
delete time:3.147125244140625e-05
delete time:4.863739013671875e-05
delete time:2.9325485229492188e-05
delete time:3.24249267578125e-05
delete time:2.765655517578125e-05
delete time:5.5789947509765625e-05
delete time:2.2172927856445312e-05
delete time:3.1948089599609375e-05
delete time:4.1484832763671875e-05
delete time:3.170967102050781e-05
delete time:2.1457672119140625e-05
delete time:3.0517578125e-05
delete time:2.1696090698242188e-05
delete time:2.384185791015625e-05
delete time:4.6253204345703125e-05
delete time:3.337860107421875e-05
delete time:3.647804260253906e-05
delete time:4.601478576660156e-05
delete time:2.574920654296875e-05
delete time:5.555152893066406e-05
delete time:4.649162292480469e-05
delete time:3.647804260253906e-05
delete time:5.4836273193359375e-05
delete time:4.458427429199219e-05
delete time:3.719329833984375e-05
delete time:3.695487976074219e-05
delete time:2.5510787963867188e-05
delete time:4.7206878662109375e-05
delete time:3.075599670410156e-05
delete time:4.100799560546875e-05
delete time:3.0279159545898438e-05
delete time:4.029273986816406e-05
delete time:3.123283386230469e-05
delete time:2.288818359375e-05
delete time:4.7206878662109375e-05
delete time:4.863739013671875e-05
delete time:5.412101745605469e-05
delete time:3.838539123535156e-05
delete time:3.600120544433594e-05
delete time:4.267692565917969e-05
delete time:3.337860107421875e-05
delete time:3.838539123535156e-05
delete time:3.647804260253906e-05
delete time:5.3882598876953125e-05
delete time:5.1021575927734375e-05
delete time:3.24249267578125e-05
delete time:3.4332275390625e-05
delete time:2.9325485229492188e-05
delete time:4.2438507080078125e-05
delete time:5.0067901611328125e-05
delete time:4.1961669921875e-05
delete time:2.574920654296875e-05
delete time:3.5762786865234375e-05
delete time:4.863739013671875e-05
delete time:4.1961669921875e-05
delete time:4.124641418457031e-05
delete time:4.863739013671875e-05
delete time:3.695487976074219e-05
delete time:4.601478576660156e-05
delete time:2.8133392333984375e-05
delete time:5.269050598144531e-05
delete time:2.4318695068359375e-05
delete time:3.910064697265625e-05
delete time:3.695487976074219e-05
delete time:2.8371810913085938e-05
delete time:5.14984130859375e-05
delete time:4.458427429199219e-05
delete time:3.5762786865234375e-05
delete time:3.1948089599609375e-05
delete time:3.170967102050781e-05
delete time:4.5299530029296875e-05
delete time:2.1696090698242188e-05
delete time:1.8835067749023438e-05
delete time:2.288818359375e-05
delete time:4.291534423828125e-05
delete time:3.6716461181640625e-05
delete time:4.220008850097656e-05
delete time:3.170967102050781e-05
delete time:2.6464462280273438e-05
delete time:3.695487976074219e-05
delete time:2.384185791015625e-05
delete time:3.695487976074219e-05
delete time:2.384185791015625e-05
delete time:4.5299530029296875e-05
delete time:3.5762786865234375e-05
delete time:3.266334533691406e-05
delete time:4.00543212890625e-05
delete time:2.4318695068359375e-05
delete time:2.3365020751953125e-05
delete time:2.5033950805664062e-05
delete time:5.2928924560546875e-05
delete time:3.743171691894531e-05
delete time:3.409385681152344e-05
delete time:3.24249267578125e-05
delete time:2.86102294921875e-05
delete time:3.7670135498046875e-05
delete time:2.765655517578125e-05
delete time:2.4557113647460938e-05
delete time:4.982948303222656e-05
delete time:3.361701965332031e-05
delete time:3.504753112792969e-05
delete time:2.288818359375e-05
delete time:3.314018249511719e-05
delete time:2.193450927734375e-05
delete time:4.76837158203125e-05
delete time:4.172325134277344e-05
delete time:4.124641418457031e-05
delete time:2.1696090698242188e-05
delete time:3.7670135498046875e-05
delete time:3.361701965332031e-05
delete time:3.337860107421875e-05
delete time:5.602836608886719e-05
delete time:2.09808349609375e-05
delete time:3.62396240234375e-05
delete time:2.2172927856445312e-05
delete time:4.8160552978515625e-05
delete time:2.6941299438476562e-05
delete time:4.124641418457031e-05
delete time:3.9577484130859375e-05
delete time:4.6253204345703125e-05
delete time:3.314018249511719e-05
delete time:3.0040740966796875e-05
delete time:2.4318695068359375e-05
delete time:4.792213439941406e-05
delete time:3.838539123535156e-05
delete time:3.910064697265625e-05
delete time:5.316734313964844e-05
delete time:4.935264587402344e-05
delete time:3.933906555175781e-05
delete time:5.054473876953125e-05
delete time:4.792213439941406e-05
delete time:5.221366882324219e-05
delete time:3.647804260253906e-05
delete time:2.288818359375e-05
delete time:4.315376281738281e-05
delete time:2.8371810913085938e-05
delete time:4.5299530029296875e-05
delete time:3.218650817871094e-05
delete time:2.8133392333984375e-05
delete time:2.384185791015625e-05
delete time:1.8596649169921875e-05
delete time:4.649162292480469e-05
delete time:4.1484832763671875e-05
delete time:5.1021575927734375e-05
delete time:3.695487976074219e-05
delete time:4.506111145019531e-05
delete time:2.6464462280273438e-05
delete time:3.814697265625e-05
delete time:1.9073486328125e-05
delete time:3.528594970703125e-05
delete time:4.076957702636719e-05
delete time:3.695487976074219e-05
delete time:2.765655517578125e-05
delete time:3.743171691894531e-05
delete time:3.910064697265625e-05
delete time:4.935264587402344e-05
delete time:3.647804260253906e-05
delete time:3.361701965332031e-05
delete time:3.552436828613281e-05
delete time:3.647804260253906e-05
delete time:4.100799560546875e-05
delete time:3.0040740966796875e-05
delete time:3.62396240234375e-05
delete time:4.267692565917969e-05
delete time:3.552436828613281e-05
delete time:3.361701965332031e-05
delete time:3.0994415283203125e-05
delete time:3.337860107421875e-05
delete time:2.4318695068359375e-05
delete time:4.792213439941406e-05
delete time:2.09808349609375e-05
delete time:3.552436828613281e-05
delete time:2.47955322265625e-05
delete time:2.0742416381835938e-05
delete time:3.838539123535156e-05
delete time:3.170967102050781e-05
delete time:2.6941299438476562e-05
delete time:2.6702880859375e-05
delete time:2.47955322265625e-05
delete time:3.0994415283203125e-05
delete time:3.0994415283203125e-05
delete time:4.267692565917969e-05
delete time:2.8848648071289062e-05
delete time:2.9325485229492188e-05
delete time:2.6226043701171875e-05
delete time:2.5987625122070312e-05
delete time:2.4318695068359375e-05
delete time:2.0742416381835938e-05
delete time:4.673004150390625e-05
delete time:3.504753112792969e-05
delete time:3.0994415283203125e-05
delete time:2.9087066650390625e-05
delete time:2.3603439331054688e-05
delete time:2.956390380859375e-05
delete time:4.744529724121094e-05
delete time:2.0503997802734375e-05
delete time:2.0265579223632812e-05
delete time:3.0994415283203125e-05
delete time:3.170967102050781e-05
delete time:3.170967102050781e-05
delete time:3.528594970703125e-05
delete time:2.86102294921875e-05
delete time:2.5272369384765625e-05
delete time:3.886222839355469e-05
delete time:4.267692565917969e-05
delete time:2.1219253540039062e-05
delete time:3.457069396972656e-05
delete time:2.0503997802734375e-05
delete time:3.123283386230469e-05
delete time:3.981590270996094e-05
delete time:4.00543212890625e-05
delete time:3.5762786865234375e-05
delete time:3.361701965332031e-05
delete time:4.9591064453125e-05
delete time:2.4557113647460938e-05
delete time:2.1219253540039062e-05
delete time:3.528594970703125e-05
delete time:2.9325485229492188e-05
delete time:1.8596649169921875e-05
delete time:2.47955322265625e-05
delete time:3.719329833984375e-05
delete time:3.337860107421875e-05
delete time:3.62396240234375e-05
delete time:3.409385681152344e-05
delete time:1.8358230590820312e-05
delete time:3.62396240234375e-05
delete time:4.076957702636719e-05
delete time:2.288818359375e-05
delete time:3.4809112548828125e-05
delete time:3.409385681152344e-05
delete time:4.696846008300781e-05
delete time:2.574920654296875e-05
delete time:2.4557113647460938e-05
delete time:3.457069396972656e-05
delete time:3.409385681152344e-05
delete time:3.123283386230469e-05
delete time:1.8358230590820312e-05
delete time:2.4557113647460938e-05
delete time:3.695487976074219e-05
delete time:3.933906555175781e-05
delete time:3.1948089599609375e-05
delete time:3.266334533691406e-05
delete time:3.647804260253906e-05
delete time:5.817413330078125e-05
delete time:3.528594970703125e-05
delete time:5.1975250244140625e-05
delete time:2.5987625122070312e-05
delete time:2.5033950805664062e-05
delete time:2.8133392333984375e-05
delete time:4.57763671875e-05
delete time:3.743171691894531e-05
delete time:3.8623809814453125e-05
delete time:2.8371810913085938e-05
delete time:2.7894973754882812e-05
delete time:3.4332275390625e-05
delete time:3.528594970703125e-05
delete time:4.076957702636719e-05
delete time:2.8133392333984375e-05
delete time:4.76837158203125e-05
delete time:3.5762786865234375e-05
delete time:2.0503997802734375e-05
delete time:3.981590270996094e-05
delete time:2.09808349609375e-05
delete time:3.1948089599609375e-05
delete time:3.147125244140625e-05
delete time:2.9087066650390625e-05
delete time:3.62396240234375e-05
delete time:4.649162292480469e-05
delete time:3.910064697265625e-05
delete time:2.9325485229492188e-05
delete time:2.5510787963867188e-05
delete time:3.790855407714844e-05
delete time:3.123283386230469e-05
delete time:4.3392181396484375e-05
delete time:4.5299530029296875e-05
delete time:2.6464462280273438e-05
delete time:3.266334533691406e-05
delete time:3.266334533691406e-05
delete time:3.170967102050781e-05
delete time:3.0994415283203125e-05
delete time:2.2649765014648438e-05
delete time:3.266334533691406e-05
delete time:2.5033950805664062e-05
delete time:2.3603439331054688e-05
delete time:4.315376281738281e-05
delete time:2.384185791015625e-05
delete time:3.552436828613281e-05
delete time:3.600120544433594e-05
delete time:4.9591064453125e-05
delete time:2.384185791015625e-05
delete time:2.288818359375e-05
delete time:3.9577484130859375e-05
delete time:3.504753112792969e-05
delete time:2.4080276489257812e-05
delete time:4.2438507080078125e-05
delete time:4.029273986816406e-05
delete time:4.315376281738281e-05
delete time:4.482269287109375e-05
delete time:3.647804260253906e-05
delete time:1.811981201171875e-05
delete time:3.8623809814453125e-05
delete time:3.0040740966796875e-05
delete time:3.814697265625e-05
delete time:2.9087066650390625e-05
delete time:3.695487976074219e-05
delete time:5.793571472167969e-05
delete time:4.839897155761719e-05
delete time:4.6253204345703125e-05
delete time:3.0517578125e-05
delete time:3.266334533691406e-05
delete time:2.47955322265625e-05
delete time:3.9577484130859375e-05
delete time:1.9550323486328125e-05
delete time:4.482269287109375e-05
delete time:4.100799560546875e-05
delete time:4.363059997558594e-05
delete time:3.3855438232421875e-05
delete time:2.0503997802734375e-05
delete time:2.9325485229492188e-05
delete time:3.9577484130859375e-05
delete time:2.8371810913085938e-05
delete time:2.9802322387695312e-05
delete time:3.552436828613281e-05
delete time:3.743171691894531e-05
delete time:4.1484832763671875e-05
delete time:3.0994415283203125e-05
delete time:3.600120544433594e-05
delete time:3.5762786865234375e-05
delete time:3.2901763916015625e-05
delete time:3.123283386230469e-05
delete time:3.170967102050781e-05
delete time:3.24249267578125e-05
delete time:4.38690185546875e-05
delete time:2.7179718017578125e-05
delete time:3.337860107421875e-05
delete time:3.123283386230469e-05
delete time:5.0067901611328125e-05
delete time:3.910064697265625e-05
delete time:3.790855407714844e-05
delete time:4.887580871582031e-05
delete time:3.886222839355469e-05
delete time:2.47955322265625e-05
delete time:2.956390380859375e-05
delete time:2.6941299438476562e-05
delete time:2.6702880859375e-05
delete time:2.1696090698242188e-05
delete time:3.9577484130859375e-05
delete time:3.62396240234375e-05
delete time:3.600120544433594e-05
delete time:4.3392181396484375e-05
delete time:3.838539123535156e-05
delete time:3.719329833984375e-05
delete time:3.0994415283203125e-05
delete time:3.552436828613281e-05
delete time:4.410743713378906e-05
delete time:2.9802322387695312e-05
delete time:3.6716461181640625e-05
delete time:3.9577484130859375e-05
delete time:3.62396240234375e-05
delete time:2.1696090698242188e-05
delete time:3.0994415283203125e-05
delete time:2.3365020751953125e-05
delete time:4.887580871582031e-05
delete time:4.506111145019531e-05
delete time:3.504753112792969e-05
delete time:3.409385681152344e-05
delete time:4.4345855712890625e-05
delete time:2.9325485229492188e-05
delete time:2.2649765014648438e-05
delete time:4.100799560546875e-05
delete time:5.054473876953125e-05
delete time:3.528594970703125e-05
delete time:3.4332275390625e-05
delete time:4.029273986816406e-05
delete time:3.4809112548828125e-05
delete time:3.910064697265625e-05
delete time:3.337860107421875e-05
delete time:1.9788742065429688e-05
delete time:2.47955322265625e-05
delete time:3.0994415283203125e-05
delete time:2.765655517578125e-05
delete time:2.193450927734375e-05
delete time:2.3126602172851562e-05
delete time:3.0040740966796875e-05
delete time:3.528594970703125e-05
delete time:1.9311904907226562e-05
delete time:3.4332275390625e-05
delete time:3.5762786865234375e-05
delete time:1.9788742065429688e-05
delete time:4.172325134277344e-05
delete time:2.4557113647460938e-05
delete time:2.4557113647460938e-05
delete time:3.457069396972656e-05
delete time:5.269050598144531e-05
delete time:1.9550323486328125e-05
delete time:3.0517578125e-05
delete time:4.482269287109375e-05
delete time:4.410743713378906e-05
delete time:5.078315734863281e-05
delete time:1.9788742065429688e-05
delete time:3.528594970703125e-05
delete time:3.409385681152344e-05
delete time:4.172325134277344e-05
delete time:2.1696090698242188e-05
delete time:3.814697265625e-05
delete time:2.6226043701171875e-05
delete time:3.4332275390625e-05
delete time:3.910064697265625e-05
delete time:3.0994415283203125e-05
delete time:3.62396240234375e-05
delete time:2.5272369384765625e-05
delete time:3.457069396972656e-05
delete time:3.170967102050781e-05
delete time:2.0503997802734375e-05
delete time:2.7179718017578125e-05
delete time:2.6464462280273438e-05
delete time:3.4809112548828125e-05
delete time:4.553794860839844e-05
delete time:4.4345855712890625e-05
delete time:2.7894973754882812e-05
delete time:3.3855438232421875e-05
delete time:2.4557113647460938e-05
delete time:2.574920654296875e-05
delete time:2.8371810913085938e-05
delete time:3.170967102050781e-05
delete time:3.24249267578125e-05
delete time:3.123283386230469e-05
delete time:2.288818359375e-05
delete time:3.695487976074219e-05
delete time:4.76837158203125e-05
delete time:1.621246337890625e-05
delete time:3.361701965332031e-05
delete time:4.363059997558594e-05
delete time:1.6927719116210938e-05
delete time:3.838539123535156e-05
delete time:2.8848648071289062e-05
delete time:2.8133392333984375e-05
delete time:4.7206878662109375e-05
delete time:3.218650817871094e-05
delete time:4.482269287109375e-05
delete time:3.361701965332031e-05
delete time:2.6226043701171875e-05
delete time:4.744529724121094e-05
delete time:2.2411346435546875e-05
delete time:1.9311904907226562e-05
delete time:4.315376281738281e-05
delete time:2.4318695068359375e-05
delete time:2.6226043701171875e-05
delete time:3.123283386230469e-05
delete time:3.147125244140625e-05
delete time:1.5974044799804688e-05
delete time:2.384185791015625e-05
delete time:4.220008850097656e-05
delete time:4.124641418457031e-05
delete time:3.0279159545898438e-05
delete time:3.314018249511719e-05
delete time:1.621246337890625e-05
delete time:3.4809112548828125e-05
delete time:2.9087066650390625e-05
delete time:3.409385681152344e-05
delete time:2.09808349609375e-05
delete time:2.5510787963867188e-05
delete time:2.9802322387695312e-05
delete time:2.384185791015625e-05
delete time:3.218650817871094e-05
delete time:2.5033950805664062e-05
delete time:2.9325485229492188e-05
delete time:3.218650817871094e-05
delete time:2.384185791015625e-05
delete time:2.3126602172851562e-05
delete time:3.4809112548828125e-05
delete time:3.0040740966796875e-05
delete time:2.47955322265625e-05
delete time:2.6941299438476562e-05
delete time:2.5272369384765625e-05
delete time:2.47955322265625e-05
delete time:2.6941299438476562e-05
delete time:3.600120544433594e-05
delete time:2.9325485229492188e-05
delete time:2.4557113647460938e-05
delete time:4.9114227294921875e-05
delete time:4.172325134277344e-05
delete time:3.1948089599609375e-05
delete time:3.5762786865234375e-05
delete time:4.6253204345703125e-05
delete time:3.719329833984375e-05
delete time:3.647804260253906e-05
delete time:3.5762786865234375e-05
delete time:4.315376281738281e-05
delete time:4.029273986816406e-05
delete time:4.506111145019531e-05
delete time:3.147125244140625e-05
delete time:3.218650817871094e-05
delete time:4.482269287109375e-05
delete time:4.1484832763671875e-05
delete time:2.86102294921875e-05
delete time:3.075599670410156e-05
delete time:2.3126602172851562e-05
delete time:4.291534423828125e-05
delete time:3.528594970703125e-05
delete time:2.2649765014648438e-05
delete time:2.956390380859375e-05
delete time:4.482269287109375e-05
delete time:3.647804260253906e-05
delete time:3.743171691894531e-05
delete time:3.0994415283203125e-05
delete time:3.528594970703125e-05
delete time:4.267692565917969e-05
delete time:1.9788742065429688e-05
delete time:2.6941299438476562e-05
delete time:1.71661376953125e-05
delete time:2.6941299438476562e-05
delete time:3.1948089599609375e-05
delete time:3.266334533691406e-05
delete time:4.458427429199219e-05
delete time:4.029273986816406e-05
delete time:3.147125244140625e-05
delete time:2.8133392333984375e-05
delete time:3.9577484130859375e-05
delete time:1.5735626220703125e-05
delete time:2.2649765014648438e-05
delete time:2.1696090698242188e-05
delete time:2.3126602172851562e-05
delete time:2.002716064453125e-05
delete time:2.0503997802734375e-05
delete time:4.863739013671875e-05
delete time:1.7881393432617188e-05
delete time:4.220008850097656e-05
delete time:2.765655517578125e-05
delete time:1.811981201171875e-05
delete time:1.7881393432617188e-05
delete time:2.9087066650390625e-05
delete time:3.4332275390625e-05
delete time:3.266334533691406e-05
delete time:2.7418136596679688e-05
delete time:3.2901763916015625e-05
delete time:4.124641418457031e-05
delete time:4.9114227294921875e-05
delete time:3.123283386230469e-05
delete time:4.601478576660156e-05
delete time:2.5510787963867188e-05
delete time:1.6689300537109375e-05
delete time:3.790855407714844e-05
delete time:3.24249267578125e-05
delete time:1.9550323486328125e-05
delete time:2.86102294921875e-05
delete time:3.147125244140625e-05
delete time:3.4809112548828125e-05
delete time:4.76837158203125e-05
delete time:3.5762786865234375e-05
delete time:3.504753112792969e-05
delete time:4.410743713378906e-05
delete time:3.743171691894531e-05
delete time:2.6941299438476562e-05
delete time:3.0994415283203125e-05
delete time:3.075599670410156e-05
delete time:1.5735626220703125e-05
delete time:3.409385681152344e-05
delete time:4.649162292480469e-05
delete time:4.863739013671875e-05
delete time:2.956390380859375e-05
delete time:2.9802322387695312e-05
delete time:2.3126602172851562e-05
delete time:2.1219253540039062e-05
delete time:2.574920654296875e-05
delete time:4.7206878662109375e-05
delete time:3.170967102050781e-05
delete time:3.0994415283203125e-05
delete time:2.9087066650390625e-05
delete time:3.24249267578125e-05
delete time:4.029273986816406e-05
delete time:3.147125244140625e-05
delete time:2.3603439331054688e-05
delete time:1.5497207641601562e-05
delete time:5.364418029785156e-05
delete time:2.7894973754882812e-05
delete time:4.744529724121094e-05
delete time:3.2901763916015625e-05
delete time:1.8358230590820312e-05
delete time:4.267692565917969e-05
delete time:4.9114227294921875e-05
delete time:2.765655517578125e-05
delete time:3.0279159545898438e-05
delete time:1.8358230590820312e-05
delete time:4.124641418457031e-05
delete time:2.8371810913085938e-05
delete time:2.5272369384765625e-05
delete time:3.814697265625e-05
delete time:5.0067901611328125e-05
delete time:2.574920654296875e-05
delete time:3.647804260253906e-05
delete time:4.76837158203125e-05
delete time:2.3365020751953125e-05
delete time:3.1948089599609375e-05
delete time:1.6450881958007812e-05
delete time:3.647804260253906e-05
delete time:4.267692565917969e-05
delete time:3.0517578125e-05
delete time:2.765655517578125e-05
delete time:1.5974044799804688e-05
delete time:4.38690185546875e-05
delete time:3.695487976074219e-05
delete time:3.457069396972656e-05
delete time:2.5987625122070312e-05
delete time:2.8848648071289062e-05
delete time:3.0994415283203125e-05
delete time:1.5497207641601562e-05
delete time:2.5510787963867188e-05
delete time:1.7642974853515625e-05
delete time:3.886222839355469e-05
delete time:2.765655517578125e-05
delete time:3.719329833984375e-05
delete time:3.123283386230469e-05
delete time:3.218650817871094e-05
delete time:3.6716461181640625e-05
delete time:2.9087066650390625e-05
delete time:3.409385681152344e-05
delete time:1.71661376953125e-05
delete time:3.0994415283203125e-05
delete time:3.9577484130859375e-05
delete time:3.4332275390625e-05
delete time:2.1457672119140625e-05
delete time:2.1696090698242188e-05
delete time:2.6464462280273438e-05
delete time:3.0994415283203125e-05
delete time:1.430511474609375e-05
delete time:4.506111145019531e-05
delete time:2.8371810913085938e-05
delete time:2.8848648071289062e-05
delete time:2.5272369384765625e-05
delete time:2.9802322387695312e-05
delete time:3.0040740966796875e-05
delete time:4.100799560546875e-05
delete time:2.9802322387695312e-05
delete time:4.00543212890625e-05
delete time:4.220008850097656e-05
delete time:3.8623809814453125e-05
delete time:2.7418136596679688e-05
delete time:4.410743713378906e-05
delete time:1.2636184692382812e-05
delete time:4.506111145019531e-05
delete time:3.170967102050781e-05
delete time:3.147125244140625e-05
delete time:3.1948089599609375e-05
delete time:4.482269287109375e-05
delete time:2.7179718017578125e-05
delete time:2.7418136596679688e-05
delete time:1.9550323486328125e-05
delete time:2.5033950805664062e-05
delete time:3.8623809814453125e-05
delete time:2.765655517578125e-05
delete time:3.552436828613281e-05
delete time:2.0742416381835938e-05
delete time:4.220008850097656e-05
delete time:2.7418136596679688e-05
delete time:5.173683166503906e-05
delete time:2.5987625122070312e-05
delete time:1.9073486328125e-05
delete time:2.1219253540039062e-05
delete time:4.410743713378906e-05
delete time:2.9802322387695312e-05
delete time:2.8848648071289062e-05
delete time:2.7894973754882812e-05
delete time:3.075599670410156e-05
delete time:2.86102294921875e-05
delete time:3.910064697265625e-05
delete time:2.9325485229492188e-05
delete time:2.9802322387695312e-05
delete time:3.8623809814453125e-05
delete time:3.695487976074219e-05
delete time:2.1696090698242188e-05
delete time:4.38690185546875e-05
delete time:3.719329833984375e-05
delete time:4.4345855712890625e-05
delete time:4.38690185546875e-05
delete time:3.075599670410156e-05
delete time:2.1219253540039062e-05
delete time:2.8133392333984375e-05
delete time:2.8848648071289062e-05
delete time:1.9788742065429688e-05
delete time:4.029273986816406e-05
delete time:3.218650817871094e-05
delete time:3.933906555175781e-05
delete time:3.1948089599609375e-05
delete time:2.4318695068359375e-05
delete time:3.0517578125e-05
delete time:2.5272369384765625e-05
delete time:4.1484832763671875e-05
delete time:3.170967102050781e-05
delete time:2.1696090698242188e-05
delete time:3.457069396972656e-05
delete time:3.552436828613281e-05
delete time:4.00543212890625e-05
delete time:3.2901763916015625e-05
delete time:4.100799560546875e-05
delete time:2.6464462280273438e-05
delete time:3.6716461181640625e-05
delete time:2.4080276489257812e-05
delete time:1.8596649169921875e-05
delete time:2.2411346435546875e-05
delete time:3.314018249511719e-05
delete time:4.553794860839844e-05
delete time:2.5033950805664062e-05
delete time:2.7179718017578125e-05
delete time:3.2901763916015625e-05
delete time:2.002716064453125e-05
delete time:3.981590270996094e-05
delete time:2.6941299438476562e-05
delete time:3.409385681152344e-05
delete time:3.0040740966796875e-05
delete time:4.1484832763671875e-05
delete time:2.7418136596679688e-05
delete time:1.8596649169921875e-05
delete time:4.4345855712890625e-05
delete time:3.0040740966796875e-05
delete time:3.314018249511719e-05
delete time:3.719329833984375e-05
delete time:2.7179718017578125e-05
delete time:3.647804260253906e-05
delete time:3.0517578125e-05
delete time:3.123283386230469e-05
delete time:3.910064697265625e-05
delete time:3.4332275390625e-05
delete time:4.267692565917969e-05
delete time:3.552436828613281e-05
delete time:4.363059997558594e-05
delete time:4.315376281738281e-05
delete time:2.5033950805664062e-05
delete time:2.5510787963867188e-05
delete time:2.7894973754882812e-05
delete time:3.838539123535156e-05
delete time:4.124641418457031e-05
delete time:2.6464462280273438e-05
delete time:2.7894973754882812e-05
delete time:4.410743713378906e-05
delete time:3.8623809814453125e-05
delete time:3.0994415283203125e-05
delete time:3.9577484130859375e-05
delete time:2.4080276489257812e-05
delete time:4.00543212890625e-05
delete time:2.7894973754882812e-05
delete time:4.267692565917969e-05
delete time:4.00543212890625e-05
delete time:2.5033950805664062e-05
delete time:3.4809112548828125e-05
delete time:2.86102294921875e-05
delete time:2.9802322387695312e-05
delete time:4.124641418457031e-05
delete time:3.0994415283203125e-05
delete time:2.193450927734375e-05
delete time:2.8133392333984375e-05
delete time:2.5510787963867188e-05
delete time:3.886222839355469e-05
delete time:3.075599670410156e-05
delete time:2.956390380859375e-05
delete time:4.3392181396484375e-05
delete time:2.6702880859375e-05
delete time:3.075599670410156e-05
delete time:2.6226043701171875e-05
delete time:2.6226043701171875e-05
delete time:2.4080276489257812e-05
delete time:4.1484832763671875e-05
delete time:1.8835067749023438e-05
delete time:3.170967102050781e-05
delete time:3.337860107421875e-05
delete time:3.0517578125e-05
delete time:2.288818359375e-05
delete time:3.933906555175781e-05
delete time:4.410743713378906e-05
delete time:2.3603439331054688e-05
delete time:3.409385681152344e-05
delete time:2.0503997802734375e-05
delete time:2.9325485229492188e-05
delete time:3.266334533691406e-05
delete time:4.315376281738281e-05
delete time:2.384185791015625e-05
delete time:3.337860107421875e-05
delete time:3.9577484130859375e-05
delete time:3.3855438232421875e-05
delete time:3.528594970703125e-05
delete time:3.314018249511719e-05
delete time:2.6702880859375e-05
delete time:3.4809112548828125e-05
delete time:2.4318695068359375e-05
delete time:4.076957702636719e-05
delete time:3.647804260253906e-05
delete time:3.0994415283203125e-05
delete time:3.3855438232421875e-05
delete time:4.315376281738281e-05
delete time:2.9087066650390625e-05
delete time:2.7418136596679688e-05
delete time:2.9325485229492188e-05
delete time:2.5987625122070312e-05
delete time:3.0517578125e-05
delete time:3.4809112548828125e-05
delete time:3.719329833984375e-05
delete time:3.528594970703125e-05
delete time:3.1948089599609375e-05
delete time:3.314018249511719e-05
delete time:3.075599670410156e-05
delete time:2.86102294921875e-05
delete time:2.7894973754882812e-05
delete time:3.0517578125e-05
delete time:2.7894973754882812e-05
delete time:2.1219253540039062e-05
delete time:2.8848648071289062e-05
delete time:2.9325485229492188e-05
delete time:2.86102294921875e-05
delete time:2.8848648071289062e-05
delete time:3.0279159545898438e-05
delete time:2.47955322265625e-05
delete time:2.9087066650390625e-05
delete time:3.6716461181640625e-05
delete time:4.076957702636719e-05
delete time:2.7418136596679688e-05
delete time:2.5033950805664062e-05
delete time:2.09808349609375e-05
delete time:2.5033950805664062e-05
delete time:3.910064697265625e-05
delete time:3.266334533691406e-05
delete time:2.765655517578125e-05
delete time:3.814697265625e-05
delete time:2.574920654296875e-05
delete time:3.528594970703125e-05
delete time:2.765655517578125e-05
delete time:3.3855438232421875e-05
delete time:2.765655517578125e-05
delete time:2.765655517578125e-05
delete time:3.24249267578125e-05
delete time:2.9325485229492188e-05
delete time:1.7881393432617188e-05
delete time:4.00543212890625e-05
delete time:2.9802322387695312e-05
delete time:3.218650817871094e-05
delete time:2.8848648071289062e-05
delete time:3.075599670410156e-05
delete time:3.123283386230469e-05
delete time:3.24249267578125e-05
delete time:3.0994415283203125e-05
delete time:3.933906555175781e-05
delete time:3.743171691894531e-05
delete time:3.075599670410156e-05
delete time:1.8358230590820312e-05
delete time:2.5272369384765625e-05
delete time:2.956390380859375e-05
delete time:3.0517578125e-05
delete time:1.811981201171875e-05
delete time:4.506111145019531e-05
delete time:2.765655517578125e-05
delete time:2.5510787963867188e-05
delete time:2.7894973754882812e-05
delete time:2.4318695068359375e-05
delete time:3.2901763916015625e-05
delete time:3.5762786865234375e-05
delete time:2.574920654296875e-05
delete time:2.5987625122070312e-05
delete time:2.47955322265625e-05
delete time:0.0001430511474609375
delete time:0.00017952919006347656
delete time:0.00013589859008789062
delete time:9.34600830078125e-05
delete time:7.700920104980469e-05
delete time:7.891654968261719e-05
delete time:6.365776062011719e-05
delete time:6.246566772460938e-05
delete time:6.580352783203125e-05
delete time:6.961822509765625e-05
delete time:3.123283386230469e-05
delete time:4.00543212890625e-05
delete time:4.482269287109375e-05
delete time:7.486343383789062e-05
delete time:8.606910705566406e-05
delete time:3.695487976074219e-05
delete time:0.00011754035949707031
delete time:3.7670135498046875e-05
delete time:6.771087646484375e-05
delete time:5.2928924560546875e-05
delete time:4.38690185546875e-05
delete time:7.510185241699219e-05
delete time:6.961822509765625e-05
delete time:5.817413330078125e-05
delete time:4.649162292480469e-05
delete time:0.0001049041748046875
delete time:3.337860107421875e-05
delete time:7.05718994140625e-05
delete time:6.222724914550781e-05
delete time:9.131431579589844e-05
delete time:5.0067901611328125e-05
delete time:5.269050598144531e-05
delete time:8.344650268554688e-05
delete time:5.364418029785156e-05
delete time:3.6716461181640625e-05
delete time:3.266334533691406e-05
delete time:6.651878356933594e-05
delete time:5.745887756347656e-05
delete time:4.029273986816406e-05
delete time:4.076957702636719e-05
delete time:5.984306335449219e-05
delete time:3.528594970703125e-05
delete time:3.266334533691406e-05
delete time:4.076957702636719e-05
delete time:9.965896606445312e-05
delete time:3.0517578125e-05
delete time:9.107589721679688e-05
delete time:7.557868957519531e-05
delete time:8.249282836914062e-05
delete time:5.0067901611328125e-05
delete time:4.458427429199219e-05
delete time:6.031990051269531e-05
delete time:1.9311904907226562e-05
delete time:2.4080276489257812e-05
delete time:4.696846008300781e-05
delete time:3.600120544433594e-05
delete time:4.1961669921875e-05
delete time:4.220008850097656e-05
delete time:9.083747863769531e-05
delete time:4.887580871582031e-05
delete time:6.413459777832031e-05
delete time:2.7179718017578125e-05
delete time:3.62396240234375e-05
delete time:5.173683166503906e-05
delete time:3.123283386230469e-05
delete time:4.458427429199219e-05
delete time:5.221366882324219e-05
delete time:3.504753112792969e-05
delete time:6.794929504394531e-05
delete time:6.628036499023438e-05
delete time:5.9604644775390625e-05
delete time:4.982948303222656e-05
delete time:3.5762786865234375e-05
delete time:5.078315734863281e-05
delete time:4.601478576660156e-05
delete time:3.2901763916015625e-05
delete time:4.8160552978515625e-05
delete time:3.361701965332031e-05
delete time:3.5762786865234375e-05
delete time:8.344650268554688e-05
delete time:6.794929504394531e-05
delete time:3.7670135498046875e-05
delete time:3.123283386230469e-05
delete time:6.29425048828125e-05
delete time:3.3855438232421875e-05
delete time:4.57763671875e-05
delete time:3.981590270996094e-05
delete time:4.506111145019531e-05
delete time:2.9325485229492188e-05
delete time:4.5299530029296875e-05
delete time:6.222724914550781e-05
delete time:3.0994415283203125e-05
delete time:3.147125244140625e-05
delete time:3.814697265625e-05
delete time:3.5762786865234375e-05
delete time:3.24249267578125e-05
delete time:6.556510925292969e-05
delete time:3.7670135498046875e-05
delete time:4.1961669921875e-05
delete time:2.8371810913085938e-05
delete time:4.601478576660156e-05
delete time:3.647804260253906e-05
delete time:4.57763671875e-05
delete time:2.9087066650390625e-05
delete time:3.123283386230469e-05
delete time:3.504753112792969e-05
delete time:5.2928924560546875e-05
delete time:4.982948303222656e-05
delete time:2.8848648071289062e-05
delete time:2.6464462280273438e-05
delete time:2.3365020751953125e-05
delete time:3.790855407714844e-05
delete time:4.9591064453125e-05
delete time:5.6743621826171875e-05
delete time:3.170967102050781e-05
delete time:3.695487976074219e-05
delete time:6.604194641113281e-05
delete time:4.4345855712890625e-05
delete time:3.2901763916015625e-05
delete time:4.9591064453125e-05
delete time:2.9802322387695312e-05
delete time:4.57763671875e-05
delete time:2.9802322387695312e-05
delete time:3.528594970703125e-05
delete time:4.029273986816406e-05
delete time:6.079673767089844e-05
delete time:3.6716461181640625e-05
delete time:3.0994415283203125e-05
delete time:3.528594970703125e-05
delete time:2.4318695068359375e-05
delete time:3.647804260253906e-05
delete time:5.1975250244140625e-05
delete time:3.695487976074219e-05
delete time:3.314018249511719e-05
delete time:4.315376281738281e-05
delete time:3.9577484130859375e-05
delete time:3.0040740966796875e-05
delete time:4.0531158447265625e-05
delete time:2.574920654296875e-05
delete time:8.296966552734375e-05
delete time:4.673004150390625e-05
delete time:3.552436828613281e-05
delete time:3.838539123535156e-05
delete time:5.6743621826171875e-05
delete time:2.86102294921875e-05
delete time:6.365776062011719e-05
delete time:3.075599670410156e-05
delete time:3.361701965332031e-05
delete time:6.246566772460938e-05
delete time:4.9114227294921875e-05
delete time:4.1961669921875e-05
delete time:2.6702880859375e-05
delete time:3.719329833984375e-05
delete time:3.4332275390625e-05
delete time:2.86102294921875e-05
delete time:4.267692565917969e-05
delete time:2.956390380859375e-05
delete time:4.553794860839844e-05
delete time:2.765655517578125e-05
delete time:3.62396240234375e-05
delete time:3.314018249511719e-05
delete time:5.316734313964844e-05
delete time:4.38690185546875e-05
delete time:4.3392181396484375e-05
delete time:2.7179718017578125e-05
delete time:2.86102294921875e-05
delete time:3.62396240234375e-05
delete time:3.266334533691406e-05
delete time:4.458427429199219e-05
delete time:4.76837158203125e-05
delete time:3.886222839355469e-05
delete time:2.765655517578125e-05
delete time:3.814697265625e-05
delete time:3.0040740966796875e-05
delete time:5.5789947509765625e-05
delete time:4.887580871582031e-05
delete time:2.5272369384765625e-05
delete time:4.935264587402344e-05
delete time:4.4345855712890625e-05
delete time:4.029273986816406e-05
delete time:3.4332275390625e-05
delete time:4.7206878662109375e-05
delete time:1.7642974853515625e-05
delete time:4.363059997558594e-05
delete time:4.601478576660156e-05
delete time:3.695487976074219e-05
delete time:4.315376281738281e-05
delete time:4.410743713378906e-05
delete time:2.7418136596679688e-05
delete time:4.863739013671875e-05
delete time:4.1484832763671875e-05
delete time:4.9114227294921875e-05
delete time:2.956390380859375e-05
delete time:3.170967102050781e-05
delete time:3.743171691894531e-05
delete time:3.409385681152344e-05
delete time:2.574920654296875e-05
delete time:3.6716461181640625e-05
delete time:3.5762786865234375e-05
delete time:4.982948303222656e-05
delete time:3.1948089599609375e-05
delete time:3.695487976074219e-05
delete time:2.7894973754882812e-05
delete time:4.8160552978515625e-05
delete time:2.956390380859375e-05
delete time:3.1948089599609375e-05
delete time:3.4809112548828125e-05
delete time:4.3392181396484375e-05
delete time:3.8623809814453125e-05
delete time:3.814697265625e-05
delete time:4.076957702636719e-05
delete time:3.6716461181640625e-05
delete time:2.5272369384765625e-05
delete time:4.1961669921875e-05
delete time:3.4809112548828125e-05
delete time:4.5299530029296875e-05
delete time:2.5510787963867188e-05
delete time:4.220008850097656e-05
delete time:1.4781951904296875e-05
delete time:2.7894973754882812e-05
delete time:2.3603439331054688e-05
delete time:3.719329833984375e-05
delete time:5.0067901611328125e-05
delete time:2.384185791015625e-05
delete time:3.886222839355469e-05
delete time:3.361701965332031e-05
delete time:4.7206878662109375e-05
delete time:4.2438507080078125e-05
delete time:3.170967102050781e-05
delete time:2.6226043701171875e-05
delete time:2.9802322387695312e-05
delete time:2.5272369384765625e-05
delete time:4.458427429199219e-05
delete time:2.5510787963867188e-05
delete time:5.507469177246094e-05
delete time:3.457069396972656e-05
delete time:2.8371810913085938e-05
delete time:2.6941299438476562e-05
delete time:4.220008850097656e-05
delete time:4.8160552978515625e-05
delete time:4.506111145019531e-05
delete time:2.7894973754882812e-05
delete time:2.8371810913085938e-05
delete time:3.361701965332031e-05
delete time:3.9577484130859375e-05
delete time:3.314018249511719e-05
delete time:3.266334533691406e-05
delete time:3.62396240234375e-05
delete time:1.7642974853515625e-05
delete time:3.695487976074219e-05
delete time:3.4809112548828125e-05
delete time:3.62396240234375e-05
delete time:2.4318695068359375e-05
delete time:4.9591064453125e-05
delete time:4.029273986816406e-05
delete time:4.57763671875e-05
delete time:4.696846008300781e-05
delete time:4.887580871582031e-05
delete time:4.00543212890625e-05
delete time:3.719329833984375e-05
delete time:3.337860107421875e-05
delete time:6.008148193359375e-05
delete time:4.267692565917969e-05
delete time:4.839897155761719e-05
delete time:3.123283386230469e-05
delete time:3.147125244140625e-05
delete time:2.7894973754882812e-05
delete time:4.029273986816406e-05
delete time:2.6941299438476562e-05
delete time:3.075599670410156e-05
delete time:2.5510787963867188e-05
delete time:5.53131103515625e-05
delete time:3.075599670410156e-05
delete time:4.506111145019531e-05
delete time:3.314018249511719e-05
delete time:3.0279159545898438e-05
delete time:3.409385681152344e-05
delete time:4.1961669921875e-05
delete time:3.743171691894531e-05
delete time:4.482269287109375e-05
delete time:2.6941299438476562e-05
delete time:4.410743713378906e-05
delete time:4.863739013671875e-05
delete time:5.078315734863281e-05
delete time:4.3392181396484375e-05
delete time:5.650520324707031e-05
delete time:3.3855438232421875e-05
delete time:4.1484832763671875e-05
delete time:2.288818359375e-05
delete time:3.886222839355469e-05
delete time:5.030632019042969e-05
delete time:3.600120544433594e-05
delete time:4.6253204345703125e-05
delete time:3.170967102050781e-05
delete time:4.1961669921875e-05
delete time:4.601478576660156e-05
delete time:3.337860107421875e-05
delete time:3.933906555175781e-05
delete time:3.0040740966796875e-05
delete time:4.4345855712890625e-05
delete time:3.123283386230469e-05
delete time:4.220008850097656e-05
delete time:2.1696090698242188e-05
delete time:2.6464462280273438e-05
delete time:3.8623809814453125e-05
delete time:3.3855438232421875e-05
delete time:3.5762786865234375e-05
delete time:4.506111145019531e-05
delete time:2.86102294921875e-05
delete time:3.3855438232421875e-05
delete time:4.100799560546875e-05
delete time:3.0994415283203125e-05
delete time:3.528594970703125e-05
delete time:3.2901763916015625e-05
delete time:4.172325134277344e-05
delete time:2.4318695068359375e-05
delete time:3.719329833984375e-05
delete time:3.2901763916015625e-05
delete time:3.409385681152344e-05
delete time:2.8133392333984375e-05
delete time:3.147125244140625e-05
delete time:3.910064697265625e-05
delete time:2.7418136596679688e-05
delete time:2.5987625122070312e-05
delete time:3.1948089599609375e-05
delete time:4.482269287109375e-05
delete time:4.863739013671875e-05
delete time:5.459785461425781e-05
delete time:2.6226043701171875e-05
delete time:3.933906555175781e-05
delete time:2.5987625122070312e-05
delete time:3.647804260253906e-05
delete time:3.814697265625e-05
delete time:4.315376281738281e-05
delete time:4.5299530029296875e-05
delete time:3.981590270996094e-05
delete time:3.218650817871094e-05
delete time:3.123283386230469e-05
delete time:3.600120544433594e-05
delete time:3.719329833984375e-05
delete time:3.2901763916015625e-05
delete time:3.9577484130859375e-05
delete time:4.887580871582031e-05
delete time:2.47955322265625e-05
delete time:4.57763671875e-05
delete time:3.123283386230469e-05
delete time:2.86102294921875e-05
delete time:2.5510787963867188e-05
delete time:3.6716461181640625e-05
delete time:5.435943603515625e-05
delete time:2.1219253540039062e-05
delete time:3.123283386230469e-05
delete time:3.6716461181640625e-05
delete time:2.3365020751953125e-05
delete time:3.719329833984375e-05
delete time:3.647804260253906e-05
delete time:2.4557113647460938e-05
delete time:5.1975250244140625e-05
delete time:2.384185791015625e-05
delete time:2.956390380859375e-05
delete time:4.553794860839844e-05
delete time:3.743171691894531e-05
delete time:2.8848648071289062e-05
delete time:2.6702880859375e-05
delete time:5.888938903808594e-05
delete time:4.76837158203125e-05
delete time:3.910064697265625e-05
delete time:3.8623809814453125e-05
delete time:4.458427429199219e-05
delete time:3.170967102050781e-05
delete time:4.506111145019531e-05
delete time:4.2438507080078125e-05
delete time:5.14984130859375e-05
delete time:4.1961669921875e-05
delete time:3.600120544433594e-05
delete time:4.410743713378906e-05
delete time:4.00543212890625e-05
delete time:4.887580871582031e-05
delete time:3.457069396972656e-05
delete time:4.458427429199219e-05
delete time:3.62396240234375e-05
delete time:3.600120544433594e-05
delete time:3.075599670410156e-05
delete time:4.506111145019531e-05
delete time:4.839897155761719e-05
delete time:3.647804260253906e-05
delete time:3.314018249511719e-05
delete time:3.647804260253906e-05
delete time:2.8133392333984375e-05
delete time:2.47955322265625e-05
delete time:2.574920654296875e-05
delete time:4.458427429199219e-05
delete time:3.4332275390625e-05
delete time:4.124641418457031e-05
delete time:3.0040740966796875e-05
delete time:3.218650817871094e-05
delete time:4.839897155761719e-05
delete time:2.765655517578125e-05
delete time:3.7670135498046875e-05
delete time:3.361701965332031e-05
delete time:3.266334533691406e-05
delete time:3.9577484130859375e-05
delete time:3.6716461181640625e-05
delete time:3.719329833984375e-05
delete time:3.3855438232421875e-05
delete time:2.5272369384765625e-05
delete time:2.5272369384765625e-05
delete time:3.4809112548828125e-05
delete time:2.86102294921875e-05
delete time:4.1961669921875e-05
delete time:2.3603439331054688e-05
delete time:2.8133392333984375e-05
delete time:2.4318695068359375e-05
delete time:2.5510787963867188e-05
delete time:3.0279159545898438e-05
delete time:4.76837158203125e-05
delete time:3.62396240234375e-05
delete time:3.838539123535156e-05
delete time:2.7179718017578125e-05
delete time:3.7670135498046875e-05
delete time:2.86102294921875e-05
delete time:4.601478576660156e-05
delete time:4.124641418457031e-05
delete time:4.982948303222656e-05
delete time:3.695487976074219e-05
delete time:2.765655517578125e-05
delete time:5.6743621826171875e-05
delete time:2.6464462280273438e-05
delete time:2.7179718017578125e-05
delete time:4.935264587402344e-05
delete time:3.814697265625e-05
delete time:2.2172927856445312e-05
delete time:3.3855438232421875e-05
delete time:2.5510787963867188e-05
delete time:2.7894973754882812e-05
delete time:2.384185791015625e-05
delete time:4.291534423828125e-05
delete time:3.790855407714844e-05
delete time:4.029273986816406e-05
delete time:3.0279159545898438e-05
delete time:3.695487976074219e-05
delete time:3.075599670410156e-05
delete time:4.172325134277344e-05
delete time:2.7418136596679688e-05
delete time:2.9087066650390625e-05
delete time:3.838539123535156e-05
delete time:3.4809112548828125e-05
delete time:3.4332275390625e-05
delete time:5.8650970458984375e-05
delete time:2.6464462280273438e-05
delete time:3.24249267578125e-05
delete time:2.9802322387695312e-05
delete time:2.6702880859375e-05
delete time:2.47955322265625e-05
delete time:3.814697265625e-05
delete time:3.3855438232421875e-05
delete time:3.3855438232421875e-05
delete time:2.956390380859375e-05
delete time:3.9577484130859375e-05
delete time:2.6226043701171875e-05
delete time:2.7894973754882812e-05
delete time:3.695487976074219e-05
delete time:3.147125244140625e-05
delete time:4.172325134277344e-05
delete time:5.0067901611328125e-05
delete time:3.075599670410156e-05
delete time:3.8623809814453125e-05
delete time:2.7418136596679688e-05
delete time:4.601478576660156e-05
delete time:2.4318695068359375e-05
delete time:4.38690185546875e-05
delete time:3.218650817871094e-05
delete time:3.814697265625e-05
delete time:3.743171691894531e-05
delete time:4.1484832763671875e-05
delete time:3.266334533691406e-05
delete time:3.457069396972656e-05
delete time:3.886222839355469e-05
delete time:3.075599670410156e-05
delete time:3.24249267578125e-05
delete time:5.269050598144531e-05
delete time:3.981590270996094e-05
delete time:4.00543212890625e-05
delete time:3.0517578125e-05
delete time:3.361701965332031e-05
delete time:2.7179718017578125e-05
delete time:2.5510787963867188e-05
delete time:4.291534423828125e-05
delete time:2.9802322387695312e-05
delete time:2.1457672119140625e-05
delete time:2.8371810913085938e-05
delete time:3.5762786865234375e-05
delete time:4.839897155761719e-05
delete time:3.0279159545898438e-05
delete time:2.6464462280273438e-05
delete time:3.743171691894531e-05
delete time:2.3603439331054688e-05
delete time:3.123283386230469e-05
delete time:3.457069396972656e-05
delete time:4.57763671875e-05
delete time:3.24249267578125e-05
delete time:3.886222839355469e-05
delete time:3.314018249511719e-05
delete time:2.574920654296875e-05
delete time:3.528594970703125e-05
delete time:2.5272369384765625e-05
delete time:3.075599670410156e-05
delete time:2.765655517578125e-05
delete time:2.7179718017578125e-05
delete time:2.288818359375e-05
delete time:3.1948089599609375e-05
delete time:4.029273986816406e-05
delete time:3.7670135498046875e-05
delete time:3.075599670410156e-05
delete time:4.38690185546875e-05
delete time:1.811981201171875e-05
delete time:4.124641418457031e-05
delete time:2.1219253540039062e-05
delete time:2.7179718017578125e-05
delete time:3.2901763916015625e-05
delete time:5.1021575927734375e-05
delete time:2.7894973754882812e-05
delete time:3.075599670410156e-05
delete time:2.8371810913085938e-05
delete time:5.221366882324219e-05
delete time:3.0517578125e-05
delete time:3.504753112792969e-05
delete time:4.220008850097656e-05
delete time:3.2901763916015625e-05
delete time:3.62396240234375e-05
delete time:2.6464462280273438e-05
delete time:3.314018249511719e-05
delete time:2.7894973754882812e-05
delete time:2.3603439331054688e-05
delete time:3.0994415283203125e-05
delete time:3.409385681152344e-05
delete time:2.86102294921875e-05
delete time:3.9577484130859375e-05
delete time:4.0531158447265625e-05
delete time:3.647804260253906e-05
delete time:4.410743713378906e-05
delete time:2.86102294921875e-05
delete time:3.528594970703125e-05
delete time:1.8835067749023438e-05
delete time:5.2928924560546875e-05
delete time:2.09808349609375e-05
delete time:3.743171691894531e-05
delete time:3.790855407714844e-05
delete time:3.170967102050781e-05
delete time:4.982948303222656e-05
delete time:3.337860107421875e-05
delete time:4.076957702636719e-05
delete time:3.62396240234375e-05
delete time:4.00543212890625e-05
delete time:2.3365020751953125e-05
delete time:3.0040740966796875e-05
delete time:3.552436828613281e-05
delete time:4.887580871582031e-05
delete time:2.6941299438476562e-05
delete time:3.218650817871094e-05
delete time:3.6716461181640625e-05
delete time:2.765655517578125e-05
delete time:3.8623809814453125e-05
delete time:3.361701965332031e-05
delete time:3.62396240234375e-05
delete time:3.695487976074219e-05
delete time:4.410743713378906e-05
delete time:3.719329833984375e-05
delete time:3.600120544433594e-05
delete time:4.482269287109375e-05
delete time:4.124641418457031e-05
delete time:3.0517578125e-05
delete time:3.4332275390625e-05
delete time:2.288818359375e-05
delete time:3.266334533691406e-05
delete time:2.5510787963867188e-05
delete time:3.147125244140625e-05
delete time:2.9802322387695312e-05
delete time:4.220008850097656e-05
delete time:2.2411346435546875e-05
delete time:2.8848648071289062e-05
delete time:3.0279159545898438e-05
delete time:4.1961669921875e-05
delete time:2.3603439331054688e-05
delete time:2.4557113647460938e-05
delete time:4.076957702636719e-05
delete time:4.100799560546875e-05
delete time:3.695487976074219e-05
delete time:2.3126602172851562e-05
delete time:2.765655517578125e-05
delete time:2.9087066650390625e-05
delete time:3.5762786865234375e-05
delete time:3.0279159545898438e-05
delete time:3.3855438232421875e-05
delete time:3.933906555175781e-05
delete time:2.765655517578125e-05
delete time:2.1219253540039062e-05
delete time:4.744529724121094e-05
delete time:2.6464462280273438e-05
delete time:2.2411346435546875e-05
delete time:4.458427429199219e-05
delete time:3.075599670410156e-05
delete time:4.172325134277344e-05
delete time:2.5272369384765625e-05
delete time:2.4080276489257812e-05
delete time:2.6226043701171875e-05
delete time:4.1484832763671875e-05
delete time:2.6464462280273438e-05
delete time:3.6716461181640625e-05
delete time:3.62396240234375e-05
delete time:5.054473876953125e-05
delete time:2.5510787963867188e-05
delete time:3.62396240234375e-05
delete time:4.57763671875e-05
delete time:4.744529724121094e-05
delete time:4.887580871582031e-05
delete time:1.7642974853515625e-05
delete time:2.5510787963867188e-05
delete time:2.5987625122070312e-05
delete time:2.5510787963867188e-05
delete time:2.574920654296875e-05
delete time:2.7179718017578125e-05
delete time:4.506111145019531e-05
delete time:2.6702880859375e-05
delete time:2.2172927856445312e-05
delete time:3.170967102050781e-05
delete time:3.910064697265625e-05
delete time:3.170967102050781e-05
delete time:3.790855407714844e-05
delete time:2.956390380859375e-05
delete time:2.4557113647460938e-05
delete time:3.0040740966796875e-05
delete time:3.266334533691406e-05
delete time:3.4332275390625e-05
delete time:2.6226043701171875e-05
delete time:5.221366882324219e-05
delete time:3.0040740966796875e-05
delete time:4.172325134277344e-05
delete time:3.600120544433594e-05
delete time:2.3603439331054688e-05
delete time:2.288818359375e-05
delete time:2.3365020751953125e-05
delete time:3.504753112792969e-05
delete time:4.839897155761719e-05
delete time:2.3126602172851562e-05
delete time:6.031990051269531e-05
delete time:3.981590270996094e-05
delete time:2.5987625122070312e-05
delete time:2.9802322387695312e-05
delete time:2.3365020751953125e-05
delete time:2.7418136596679688e-05
delete time:3.552436828613281e-05
delete time:2.765655517578125e-05
delete time:3.552436828613281e-05
delete time:3.123283386230469e-05
delete time:4.7206878662109375e-05
delete time:3.647804260253906e-05
delete time:3.838539123535156e-05
delete time:3.147125244140625e-05
delete time:3.790855407714844e-05
delete time:3.266334533691406e-05
delete time:2.8848648071289062e-05
delete time:4.673004150390625e-05
delete time:2.3365020751953125e-05
delete time:2.288818359375e-05
delete time:2.1219253540039062e-05
delete time:2.5033950805664062e-05
delete time:2.9325485229492188e-05
delete time:2.6464462280273438e-05
delete time:3.0517578125e-05
delete time:2.7179718017578125e-05
delete time:3.62396240234375e-05
delete time:4.458427429199219e-05
delete time:2.3126602172851562e-05
delete time:2.1696090698242188e-05
delete time:3.7670135498046875e-05
delete time:2.765655517578125e-05
delete time:2.0265579223632812e-05
delete time:2.4557113647460938e-05
delete time:2.7894973754882812e-05
delete time:2.4557113647460938e-05
delete time:6.151199340820312e-05
delete time:3.123283386230469e-05
delete time:4.267692565917969e-05
delete time:3.5762786865234375e-05
delete time:5.459785461425781e-05
delete time:3.7670135498046875e-05
delete time:4.601478576660156e-05
delete time:4.1961669921875e-05
delete time:2.7894973754882812e-05
delete time:2.47955322265625e-05
delete time:3.3855438232421875e-05
delete time:4.1961669921875e-05
delete time:5.650520324707031e-05
delete time:3.695487976074219e-05
delete time:3.0040740966796875e-05
delete time:5.173683166503906e-05
delete time:4.3392181396484375e-05
delete time:2.2172927856445312e-05
delete time:2.9325485229492188e-05
delete time:3.647804260253906e-05
delete time:3.600120544433594e-05
delete time:3.504753112792969e-05
delete time:4.410743713378906e-05
delete time:4.5299530029296875e-05
delete time:3.5762786865234375e-05
delete time:3.790855407714844e-05
delete time:3.170967102050781e-05
delete time:4.9114227294921875e-05
delete time:4.76837158203125e-05
delete time:2.4557113647460938e-05
delete time:3.075599670410156e-05
delete time:2.4080276489257812e-05
delete time:2.0265579223632812e-05
delete time:3.0517578125e-05
delete time:4.0531158447265625e-05
delete time:3.3855438232421875e-05
delete time:4.2438507080078125e-05
delete time:4.172325134277344e-05
delete time:4.649162292480469e-05
delete time:3.695487976074219e-05
delete time:3.123283386230469e-05
delete time:2.2172927856445312e-05
delete time:3.504753112792969e-05
delete time:4.2438507080078125e-05
delete time:4.267692565917969e-05
delete time:2.2649765014648438e-05
delete time:3.719329833984375e-05
delete time:3.9577484130859375e-05
delete time:2.5987625122070312e-05
delete time:4.3392181396484375e-05
delete time:4.0531158447265625e-05
delete time:3.0994415283203125e-05
delete time:2.765655517578125e-05
delete time:4.863739013671875e-05
delete time:4.076957702636719e-05
delete time:2.47955322265625e-05
delete time:4.100799560546875e-05
delete time:4.506111145019531e-05
delete time:4.458427429199219e-05
delete time:2.765655517578125e-05
delete time:4.863739013671875e-05
delete time:3.409385681152344e-05
delete time:3.1948089599609375e-05
delete time:2.5987625122070312e-05
delete time:3.123283386230469e-05
delete time:3.933906555175781e-05
delete time:4.458427429199219e-05
delete time:2.384185791015625e-05
delete time:5.3882598876953125e-05
delete time:4.935264587402344e-05
delete time:2.288818359375e-05
delete time:3.600120544433594e-05
delete time:4.649162292480469e-05
delete time:3.910064697265625e-05
delete time:4.935264587402344e-05
delete time:2.5033950805664062e-05
delete time:4.935264587402344e-05
delete time:4.124641418457031e-05
delete time:4.291534423828125e-05
delete time:3.2901763916015625e-05
delete time:4.410743713378906e-05
delete time:3.337860107421875e-05
delete time:3.814697265625e-05
delete time:3.075599670410156e-05
delete time:2.574920654296875e-05
delete time:4.1961669921875e-05
delete time:3.123283386230469e-05
delete time:3.3855438232421875e-05
delete time:2.7894973754882812e-05
delete time:3.981590270996094e-05
delete time:3.600120544433594e-05
delete time:2.86102294921875e-05
delete time:3.24249267578125e-05
delete time:2.5510787963867188e-05
delete time:3.147125244140625e-05
delete time:3.170967102050781e-05
delete time:4.38690185546875e-05
delete time:3.528594970703125e-05
delete time:4.506111145019531e-05
delete time:3.123283386230469e-05
delete time:5.841255187988281e-05
delete time:3.62396240234375e-05
delete time:4.673004150390625e-05
delete time:2.47955322265625e-05
delete time:4.5299530029296875e-05
delete time:2.8133392333984375e-05
delete time:3.218650817871094e-05
delete time:3.647804260253906e-05
delete time:4.2438507080078125e-05
delete time:2.193450927734375e-05
delete time:2.765655517578125e-05
delete time:5.054473876953125e-05
delete time:3.528594970703125e-05
delete time:4.458427429199219e-05
delete time:4.601478576660156e-05
delete time:2.5272369384765625e-05
delete time:4.00543212890625e-05
delete time:5.650520324707031e-05
delete time:2.7179718017578125e-05
delete time:3.9577484130859375e-05
delete time:4.00543212890625e-05
delete time:2.5510787963867188e-05
delete time:3.5762786865234375e-05
delete time:4.315376281738281e-05
delete time:6.008148193359375e-05
delete time:4.029273986816406e-05
delete time:2.86102294921875e-05
delete time:3.314018249511719e-05
delete time:4.7206878662109375e-05
delete time:2.5033950805664062e-05
delete time:2.8133392333984375e-05
delete time:2.1696090698242188e-05
delete time:2.7894973754882812e-05
delete time:2.4080276489257812e-05
delete time:3.5762786865234375e-05
delete time:3.695487976074219e-05
delete time:3.0279159545898438e-05
delete time:4.482269287109375e-05
delete time:4.553794860839844e-05
delete time:2.384185791015625e-05
delete time:3.933906555175781e-05
delete time:3.933906555175781e-05
delete time:3.8623809814453125e-05
delete time:5.0067901611328125e-05
delete time:4.982948303222656e-05
delete time:1.7404556274414062e-05
delete time:1.8596649169921875e-05
delete time:2.7179718017578125e-05
delete time:4.315376281738281e-05
delete time:2.8848648071289062e-05
delete time:3.504753112792969e-05
delete time:3.0279159545898438e-05
delete time:4.673004150390625e-05
delete time:3.1948089599609375e-05
delete time:3.123283386230469e-05
delete time:3.4809112548828125e-05
delete time:4.291534423828125e-05
delete time:2.4557113647460938e-05
delete time:2.7894973754882812e-05
delete time:4.1961669921875e-05
delete time:2.956390380859375e-05
delete time:5.3882598876953125e-05
delete time:2.7418136596679688e-05
delete time:3.790855407714844e-05
delete time:3.3855438232421875e-05
delete time:2.956390380859375e-05
delete time:3.361701965332031e-05
delete time:3.266334533691406e-05
delete time:4.220008850097656e-05
delete time:2.6464462280273438e-05
delete time:3.695487976074219e-05
delete time:4.1484832763671875e-05
delete time:2.6941299438476562e-05
delete time:2.8133392333984375e-05
delete time:3.814697265625e-05
delete time:4.100799560546875e-05
delete time:2.7894973754882812e-05
delete time:4.3392181396484375e-05
delete time:2.4080276489257812e-05
delete time:3.6716461181640625e-05
delete time:4.1484832763671875e-05
delete time:3.790855407714844e-05
delete time:3.1948089599609375e-05
delete time:2.5033950805664062e-05
delete time:3.910064697265625e-05
delete time:3.0279159545898438e-05
delete time:5.0067901611328125e-05
delete time:2.3365020751953125e-05
delete time:3.600120544433594e-05
delete time:3.528594970703125e-05
delete time:3.7670135498046875e-05
delete time:3.504753112792969e-05
delete time:3.719329833984375e-05
delete time:3.933906555175781e-05
delete time:2.86102294921875e-05
delete time:2.3365020751953125e-05
delete time:3.075599670410156e-05
delete time:2.4557113647460938e-05
delete time:4.267692565917969e-05
delete time:5.030632019042969e-05
delete time:4.291534423828125e-05
delete time:3.0517578125e-05
delete time:2.384185791015625e-05
delete time:3.695487976074219e-05
delete time:3.4809112548828125e-05
delete time:3.361701965332031e-05
delete time:5.173683166503906e-05
delete time:3.600120544433594e-05
delete time:4.38690185546875e-05
delete time:5.221366882324219e-05
delete time:3.8623809814453125e-05
delete time:3.1948089599609375e-05
delete time:3.7670135498046875e-05
delete time:2.2649765014648438e-05
delete time:2.7179718017578125e-05
delete time:2.6941299438476562e-05
delete time:2.5033950805664062e-05
delete time:2.9802322387695312e-05
delete time:2.8848648071289062e-05
delete time:3.8623809814453125e-05
delete time:4.291534423828125e-05
delete time:2.5510787963867188e-05
delete time:2.3365020751953125e-05
delete time:3.981590270996094e-05
delete time:4.076957702636719e-05
delete time:4.1484832763671875e-05
delete time:4.2438507080078125e-05
delete time:3.409385681152344e-05
delete time:3.147125244140625e-05
delete time:2.6226043701171875e-05
delete time:4.1961669921875e-05
delete time:3.6716461181640625e-05
delete time:4.5299530029296875e-05
delete time:4.673004150390625e-05
delete time:2.765655517578125e-05
delete time:5.316734313964844e-05
delete time:2.86102294921875e-05
delete time:3.337860107421875e-05
delete time:4.696846008300781e-05
delete time:3.0517578125e-05
delete time:4.1961669921875e-05
delete time:2.7179718017578125e-05
delete time:3.0040740966796875e-05
delete time:2.4080276489257812e-05
delete time:3.8623809814453125e-05
delete time:3.981590270996094e-05
delete time:3.8623809814453125e-05
delete time:4.38690185546875e-05
delete time:2.86102294921875e-05
delete time:2.288818359375e-05
delete time:3.0994415283203125e-05
delete time:2.8133392333984375e-05
delete time:3.790855407714844e-05
delete time:3.5762786865234375e-05
delete time:2.5987625122070312e-05
delete time:3.62396240234375e-05
delete time:4.4345855712890625e-05
delete time:2.4318695068359375e-05
delete time:3.4809112548828125e-05
delete time:3.337860107421875e-05
delete time:3.457069396972656e-05
delete time:4.9591064453125e-05
delete time:3.266334533691406e-05
delete time:1.8835067749023438e-05
delete time:3.361701965332031e-05
delete time:4.38690185546875e-05
delete time:3.647804260253906e-05
delete time:2.956390380859375e-05
delete time:2.6941299438476562e-05
delete time:4.458427429199219e-05
delete time:2.4080276489257812e-05
delete time:3.528594970703125e-05
delete time:3.743171691894531e-05
delete time:3.9577484130859375e-05
delete time:2.5987625122070312e-05
delete time:3.719329833984375e-05
delete time:4.124641418457031e-05
delete time:3.695487976074219e-05
delete time:3.457069396972656e-05
delete time:2.5272369384765625e-05
delete time:2.5272369384765625e-05
delete time:2.7179718017578125e-05
delete time:4.9114227294921875e-05
delete time:4.029273986816406e-05
delete time:3.814697265625e-05
delete time:3.218650817871094e-05
delete time:3.314018249511719e-05
delete time:4.506111145019531e-05
delete time:3.743171691894531e-05
delete time:2.2172927856445312e-05
delete time:4.7206878662109375e-05
delete time:2.4318695068359375e-05
delete time:4.5299530029296875e-05
delete time:3.4332275390625e-05
delete time:2.5987625122070312e-05
delete time:4.076957702636719e-05
delete time:4.3392181396484375e-05
delete time:4.1484832763671875e-05
delete time:2.0742416381835938e-05
delete time:3.4809112548828125e-05
delete time:3.2901763916015625e-05
delete time:3.457069396972656e-05
delete time:2.9087066650390625e-05
delete time:3.7670135498046875e-05
delete time:2.7179718017578125e-05
delete time:4.5299530029296875e-05
delete time:1.9550323486328125e-05
delete time:3.981590270996094e-05
delete time:2.86102294921875e-05
delete time:3.743171691894531e-05
delete time:4.7206878662109375e-05
delete time:2.7418136596679688e-05
delete time:4.076957702636719e-05
delete time:4.0531158447265625e-05
delete time:4.863739013671875e-05
delete time:2.5272369384765625e-05
delete time:2.288818359375e-05
delete time:3.0994415283203125e-05
delete time:3.123283386230469e-05
delete time:3.218650817871094e-05
delete time:4.1484832763671875e-05
delete time:3.4809112548828125e-05
delete time:2.6464462280273438e-05
delete time:2.3126602172851562e-05
delete time:4.0531158447265625e-05
delete time:4.4345855712890625e-05
delete time:2.8848648071289062e-05
delete time:3.314018249511719e-05
delete time:3.790855407714844e-05
delete time:2.5510787963867188e-05
delete time:4.458427429199219e-05
delete time:5.054473876953125e-05
delete time:4.8160552978515625e-05
delete time:4.1484832763671875e-05
delete time:3.4332275390625e-05
delete time:2.6226043701171875e-05
delete time:3.314018249511719e-05
delete time:3.4332275390625e-05
delete time:2.7894973754882812e-05
delete time:3.7670135498046875e-05
delete time:5.078315734863281e-05
delete time:4.649162292480469e-05
delete time:3.6716461181640625e-05
delete time:1.811981201171875e-05
delete time:3.504753112792969e-05
delete time:4.7206878662109375e-05
delete time:4.124641418457031e-05
delete time:2.0503997802734375e-05
delete time:4.649162292480469e-05
delete time:3.981590270996094e-05
delete time:3.7670135498046875e-05
delete time:2.9087066650390625e-05
delete time:3.314018249511719e-05
delete time:2.7418136596679688e-05
delete time:3.8623809814453125e-05
delete time:4.38690185546875e-05
delete time:3.504753112792969e-05
delete time:4.4345855712890625e-05
delete time:3.0994415283203125e-05
delete time:3.552436828613281e-05
delete time:3.147125244140625e-05
delete time:5.1975250244140625e-05
delete time:2.574920654296875e-05
delete time:4.410743713378906e-05
delete time:2.8848648071289062e-05
delete time:2.765655517578125e-05
delete time:4.029273986816406e-05
delete time:4.696846008300781e-05
delete time:4.267692565917969e-05
delete time:2.6702880859375e-05
delete time:3.314018249511719e-05
delete time:2.956390380859375e-05
delete time:3.62396240234375e-05
delete time:2.8133392333984375e-05
delete time:3.552436828613281e-05
delete time:2.09808349609375e-05
delete time:3.361701965332031e-05
delete time:3.814697265625e-05
delete time:2.3126602172851562e-05
delete time:3.7670135498046875e-05
delete time:4.38690185546875e-05
delete time:4.100799560546875e-05
delete time:4.029273986816406e-05
delete time:4.0531158447265625e-05
delete time:3.0994415283203125e-05
delete time:2.0503997802734375e-05
delete time:4.124641418457031e-05
delete time:3.886222839355469e-05
delete time:3.24249267578125e-05
delete time:2.4318695068359375e-05
delete time:5.245208740234375e-05
delete time:2.574920654296875e-05
delete time:2.8133392333984375e-05
delete time:2.9087066650390625e-05
delete time:3.790855407714844e-05
delete time:4.506111145019531e-05
delete time:2.8848648071289062e-05
delete time:5.507469177246094e-05
delete time:4.38690185546875e-05
delete time:2.9802322387695312e-05
delete time:4.315376281738281e-05
delete time:3.4332275390625e-05
delete time:2.3603439331054688e-05
delete time:4.76837158203125e-05
delete time:4.291534423828125e-05
delete time:2.0265579223632812e-05
delete time:2.4318695068359375e-05
delete time:2.4557113647460938e-05
delete time:2.6226043701171875e-05
delete time:2.7418136596679688e-05
delete time:5.1021575927734375e-05
delete time:4.315376281738281e-05
delete time:2.6226043701171875e-05
delete time:4.124641418457031e-05
delete time:5.173683166503906e-05
delete time:3.457069396972656e-05
delete time:3.0040740966796875e-05
delete time:3.147125244140625e-05
delete time:2.193450927734375e-05
delete time:3.2901763916015625e-05
delete time:2.6464462280273438e-05
delete time:2.193450927734375e-05
delete time:2.9087066650390625e-05
delete time:2.7894973754882812e-05
delete time:2.5987625122070312e-05
delete time:4.291534423828125e-05
delete time:3.886222839355469e-05
delete time:3.218650817871094e-05
delete time:3.7670135498046875e-05
delete time:2.5272369384765625e-05
delete time:2.3603439331054688e-05
delete time:2.9325485229492188e-05
delete time:4.482269287109375e-05
delete time:2.9325485229492188e-05
delete time:2.0503997802734375e-05
delete time:2.4557113647460938e-05
delete time:3.6716461181640625e-05
delete time:5.745887756347656e-05
delete time:3.62396240234375e-05
delete time:3.62396240234375e-05
delete time:3.7670135498046875e-05
delete time:3.1948089599609375e-05
delete time:4.363059997558594e-05
delete time:3.361701965332031e-05
delete time:2.6464462280273438e-05
delete time:3.933906555175781e-05
delete time:4.00543212890625e-05
delete time:3.409385681152344e-05
delete time:2.7179718017578125e-05
delete time:4.029273986816406e-05
delete time:3.361701965332031e-05
delete time:4.172325134277344e-05
delete time:5.5789947509765625e-05
delete time:4.291534423828125e-05
delete time:2.9802322387695312e-05
delete time:3.6716461181640625e-05
delete time:3.457069396972656e-05
delete time:2.765655517578125e-05
delete time:2.5272369384765625e-05
delete time:3.218650817871094e-05
delete time:2.7179718017578125e-05
delete time:5.555152893066406e-05
delete time:3.24249267578125e-05
delete time:4.172325134277344e-05
delete time:1.7881393432617188e-05
delete time:3.218650817871094e-05
delete time:4.1961669921875e-05
delete time:2.6941299438476562e-05
delete time:3.0040740966796875e-05
delete time:3.814697265625e-05
delete time:3.0994415283203125e-05
delete time:3.266334533691406e-05
delete time:3.314018249511719e-05
delete time:3.695487976074219e-05
delete time:2.5272369384765625e-05
delete time:3.24249267578125e-05
delete time:3.600120544433594e-05
delete time:2.574920654296875e-05
delete time:4.029273986816406e-05
delete time:2.9802322387695312e-05
delete time:3.170967102050781e-05
delete time:2.9802322387695312e-05
delete time:3.337860107421875e-05
delete time:4.9591064453125e-05
delete time:3.24249267578125e-05
delete time:2.5987625122070312e-05
delete time:3.24249267578125e-05
delete time:4.363059997558594e-05
delete time:3.409385681152344e-05
delete time:3.62396240234375e-05
delete time:3.7670135498046875e-05
delete time:3.886222839355469e-05
delete time:4.4345855712890625e-05
delete time:3.8623809814453125e-05
delete time:5.6743621826171875e-05
delete time:3.218650817871094e-05
delete time:3.647804260253906e-05
delete time:5.459785461425781e-05
delete time:2.1696090698242188e-05
delete time:3.814697265625e-05
delete time:3.24249267578125e-05
delete time:5.030632019042969e-05
delete time:3.075599670410156e-05
delete time:3.790855407714844e-05
delete time:3.0517578125e-05
delete time:3.6716461181640625e-05
delete time:2.3126602172851562e-05
delete time:2.1696090698242188e-05
delete time:6.794929504394531e-05
delete time:3.504753112792969e-05
delete time:2.7418136596679688e-05
delete time:3.075599670410156e-05
delete time:4.38690185546875e-05
delete time:4.7206878662109375e-05
delete time:5.6743621826171875e-05
delete time:2.6702880859375e-05
delete time:3.170967102050781e-05
delete time:4.8160552978515625e-05
delete time:3.933906555175781e-05
delete time:3.0279159545898438e-05
delete time:2.8133392333984375e-05
delete time:3.075599670410156e-05
delete time:3.886222839355469e-05
delete time:4.5299530029296875e-05
delete time:3.4332275390625e-05
delete time:3.743171691894531e-05
delete time:3.886222839355469e-05
delete time:3.504753112792969e-05
delete time:4.0531158447265625e-05
delete time:4.267692565917969e-05
delete time:3.9577484130859375e-05
delete time:3.62396240234375e-05
delete time:2.8848648071289062e-05
delete time:3.504753112792969e-05
delete time:3.62396240234375e-05
delete time:3.314018249511719e-05
delete time:3.361701965332031e-05
delete time:4.482269287109375e-05
delete time:3.4809112548828125e-05
delete time:3.457069396972656e-05
delete time:4.982948303222656e-05
delete time:3.170967102050781e-05
delete time:1.9788742065429688e-05
delete time:3.3855438232421875e-05
delete time:2.6226043701171875e-05
delete time:2.47955322265625e-05
delete time:3.504753112792969e-05
delete time:6.270408630371094e-05
delete time:4.2438507080078125e-05
delete time:2.384185791015625e-05
delete time:2.7418136596679688e-05
delete time:3.2901763916015625e-05
delete time:5.078315734863281e-05
delete time:2.8133392333984375e-05
delete time:2.3603439331054688e-05
delete time:3.743171691894531e-05
delete time:2.765655517578125e-05
delete time:3.123283386230469e-05
delete time:2.5033950805664062e-05
delete time:3.0517578125e-05
delete time:2.5987625122070312e-05
delete time:2.4318695068359375e-05
delete time:4.601478576660156e-05
delete time:5.412101745605469e-05
delete time:4.935264587402344e-05
delete time:3.6716461181640625e-05
delete time:2.7894973754882812e-05
delete time:4.839897155761719e-05
delete time:4.2438507080078125e-05
delete time:3.075599670410156e-05
delete time:4.982948303222656e-05
delete time:2.956390380859375e-05
delete time:2.288818359375e-05
delete time:2.7894973754882812e-05
delete time:4.9114227294921875e-05
delete time:3.8623809814453125e-05
delete time:3.600120544433594e-05
delete time:2.86102294921875e-05
delete time:3.6716461181640625e-05
delete time:3.504753112792969e-05
delete time:2.86102294921875e-05
delete time:2.3365020751953125e-05
delete time:2.5272369384765625e-05
delete time:2.8133392333984375e-05
delete time:3.62396240234375e-05
delete time:2.288818359375e-05
delete time:5.245208740234375e-05
delete time:4.410743713378906e-05
delete time:3.123283386230469e-05
delete time:3.4332275390625e-05
delete time:4.9591064453125e-05
delete time:2.1696090698242188e-05
delete time:3.528594970703125e-05
delete time:3.24249267578125e-05
delete time:3.4809112548828125e-05
delete time:3.266334533691406e-05
delete time:2.47955322265625e-05
delete time:4.5299530029296875e-05
delete time:3.838539123535156e-05
delete time:2.5272369384765625e-05
delete time:5.125999450683594e-05
delete time:2.6941299438476562e-05
delete time:3.24249267578125e-05
delete time:4.3392181396484375e-05
delete time:4.863739013671875e-05
delete time:2.7179718017578125e-05
delete time:2.5510787963867188e-05
delete time:3.170967102050781e-05
delete time:4.00543212890625e-05
delete time:4.220008850097656e-05
delete time:4.5299530029296875e-05
delete time:3.147125244140625e-05
delete time:3.981590270996094e-05
delete time:3.6716461181640625e-05
delete time:2.3126602172851562e-05
delete time:5.316734313964844e-05
delete time:3.0517578125e-05
delete time:3.075599670410156e-05
delete time:3.528594970703125e-05
delete time:3.0517578125e-05
delete time:3.1948089599609375e-05
delete time:2.09808349609375e-05
delete time:3.123283386230469e-05
delete time:2.4318695068359375e-05
delete time:2.1457672119140625e-05
delete time:3.0279159545898438e-05
delete time:4.076957702636719e-05
delete time:2.193450927734375e-05
delete time:3.0517578125e-05
delete time:3.409385681152344e-05
delete time:4.0531158447265625e-05
delete time:4.696846008300781e-05
delete time:3.409385681152344e-05
delete time:5.435943603515625e-05
delete time:4.57763671875e-05
delete time:3.337860107421875e-05
delete time:2.9802322387695312e-05
delete time:2.384185791015625e-05
delete time:3.8623809814453125e-05
delete time:5.125999450683594e-05
delete time:4.601478576660156e-05
delete time:3.838539123535156e-05
delete time:4.3392181396484375e-05
delete time:2.5033950805664062e-05
delete time:2.9802322387695312e-05
delete time:3.24249267578125e-05
delete time:3.8623809814453125e-05
delete time:4.8160552978515625e-05
delete time:4.5299530029296875e-05
delete time:3.218650817871094e-05
delete time:3.981590270996094e-05
delete time:4.482269287109375e-05
delete time:2.47955322265625e-05
delete time:4.696846008300781e-05
delete time:3.361701965332031e-05
delete time:3.4809112548828125e-05
delete time:2.5510787963867188e-05
delete time:2.4557113647460938e-05
delete time:3.6716461181640625e-05
delete time:3.457069396972656e-05
delete time:2.6464462280273438e-05
delete time:2.6226043701171875e-05
delete time:2.6702880859375e-05
delete time:3.504753112792969e-05
delete time:3.337860107421875e-05
delete time:2.86102294921875e-05
delete time:2.3603439331054688e-05
delete time:3.3855438232421875e-05
delete time:5.030632019042969e-05
delete time:4.00543212890625e-05
delete time:4.76837158203125e-05
delete time:4.935264587402344e-05
delete time:3.457069396972656e-05
delete time:3.814697265625e-05
delete time:3.910064697265625e-05
delete time:2.09808349609375e-05
delete time:2.8133392333984375e-05
delete time:4.696846008300781e-05
delete time:3.170967102050781e-05
delete time:4.076957702636719e-05
delete time:4.57763671875e-05
delete time:2.4080276489257812e-05
delete time:4.9114227294921875e-05
delete time:2.5987625122070312e-05
delete time:2.2172927856445312e-05
delete time:3.910064697265625e-05
delete time:3.2901763916015625e-05
delete time:1.9788742065429688e-05
delete time:2.9802322387695312e-05
delete time:3.0040740966796875e-05
delete time:4.410743713378906e-05
delete time:3.7670135498046875e-05
delete time:4.553794860839844e-05
delete time:3.0517578125e-05
delete time:2.956390380859375e-05
delete time:3.0040740966796875e-05
delete time:2.4557113647460938e-05
delete time:4.6253204345703125e-05
delete time:4.00543212890625e-05
delete time:2.6226043701171875e-05
delete time:4.291534423828125e-05
delete time:3.170967102050781e-05
delete time:4.601478576660156e-05
delete time:2.1696090698242188e-05
delete time:4.792213439941406e-05
delete time:3.9577484130859375e-05
delete time:4.076957702636719e-05
delete time:3.910064697265625e-05
delete time:3.7670135498046875e-05
delete time:4.482269287109375e-05
delete time:3.981590270996094e-05
delete time:2.7418136596679688e-05
delete time:2.6702880859375e-05
delete time:3.337860107421875e-05
delete time:4.6253204345703125e-05
delete time:2.7894973754882812e-05
delete time:4.00543212890625e-05
delete time:2.8371810913085938e-05
delete time:3.886222839355469e-05
delete time:3.0040740966796875e-05
delete time:3.5762786865234375e-05
delete time:2.2649765014648438e-05
delete time:3.3855438232421875e-05
delete time:4.220008850097656e-05
delete time:2.288818359375e-05
delete time:4.839897155761719e-05
delete time:4.696846008300781e-05
delete time:2.956390380859375e-05
delete time:2.47955322265625e-05
delete time:2.4318695068359375e-05
delete time:2.2649765014648438e-05
delete time:3.218650817871094e-05
delete time:3.2901763916015625e-05
delete time:2.9325485229492188e-05
delete time:2.956390380859375e-05
delete time:3.0994415283203125e-05
delete time:4.2438507080078125e-05
delete time:3.3855438232421875e-05
delete time:3.0279159545898438e-05
delete time:3.075599670410156e-05
delete time:5.793571472167969e-05
delete time:4.291534423828125e-05
delete time:4.1961669921875e-05
delete time:2.6941299438476562e-05
delete time:4.00543212890625e-05
delete time:3.24249267578125e-05
delete time:2.288818359375e-05
delete time:2.8133392333984375e-05
delete time:5.125999450683594e-05
delete time:4.315376281738281e-05
delete time:3.0040740966796875e-05
delete time:2.7179718017578125e-05
delete time:5.1021575927734375e-05
delete time:2.956390380859375e-05
delete time:3.24249267578125e-05
delete time:3.361701965332031e-05
delete time:4.5299530029296875e-05
delete time:4.76837158203125e-05
delete time:4.57763671875e-05
delete time:3.743171691894531e-05
delete time:2.765655517578125e-05
delete time:3.743171691894531e-05
delete time:4.363059997558594e-05
delete time:2.4318695068359375e-05
delete time:4.601478576660156e-05
delete time:3.0994415283203125e-05
delete time:5.0067901611328125e-05
delete time:4.1961669921875e-05
delete time:3.981590270996094e-05
delete time:3.1948089599609375e-05
delete time:3.910064697265625e-05
delete time:4.315376281738281e-05
delete time:4.267692565917969e-05
delete time:3.147125244140625e-05
delete time:5.054473876953125e-05
delete time:3.266334533691406e-05
delete time:5.435943603515625e-05
delete time:2.6226043701171875e-05
delete time:4.7206878662109375e-05
delete time:4.3392181396484375e-05
delete time:2.09808349609375e-05
delete time:4.8160552978515625e-05
delete time:4.0531158447265625e-05
delete time:4.649162292480469e-05
delete time:3.075599670410156e-05
delete time:3.123283386230469e-05
delete time:4.6253204345703125e-05
delete time:2.1219253540039062e-05
delete time:2.4318695068359375e-05
delete time:4.482269287109375e-05
delete time:3.314018249511719e-05
delete time:2.6941299438476562e-05
delete time:4.1961669921875e-05
delete time:3.600120544433594e-05
delete time:3.695487976074219e-05
delete time:2.002716064453125e-05
delete time:2.0742416381835938e-05
delete time:4.291534423828125e-05
delete time:3.8623809814453125e-05
delete time:3.62396240234375e-05
delete time:3.62396240234375e-05
delete time:2.2172927856445312e-05
delete time:3.719329833984375e-05
delete time:4.076957702636719e-05
delete time:4.76837158203125e-05
delete time:4.076957702636719e-05
delete time:4.38690185546875e-05
delete time:3.814697265625e-05
delete time:3.123283386230469e-05
delete time:3.743171691894531e-05
delete time:3.695487976074219e-05
delete time:4.410743713378906e-05
delete time:2.9802322387695312e-05
delete time:3.814697265625e-05
delete time:3.62396240234375e-05
delete time:3.504753112792969e-05
delete time:2.5272369384765625e-05
delete time:2.288818359375e-05
delete time:2.7179718017578125e-05
delete time:2.2172927856445312e-05
delete time:3.552436828613281e-05
delete time:3.457069396972656e-05
delete time:2.1219253540039062e-05
delete time:1.8596649169921875e-05
delete time:4.38690185546875e-05
delete time:4.982948303222656e-05
delete time:4.57763671875e-05
delete time:3.4332275390625e-05
delete time:3.337860107421875e-05
delete time:4.291534423828125e-05
delete time:3.981590270996094e-05
delete time:4.57763671875e-05
delete time:2.4080276489257812e-05
delete time:5.2928924560546875e-05
delete time:2.9325485229492188e-05
delete time:4.315376281738281e-05
delete time:3.9577484130859375e-05
delete time:2.4318695068359375e-05
delete time:3.0517578125e-05
delete time:4.696846008300781e-05
delete time:4.267692565917969e-05
delete time:2.6941299438476562e-05
delete time:3.838539123535156e-05
delete time:2.2172927856445312e-05
delete time:2.6702880859375e-05
delete time:4.1961669921875e-05
delete time:2.6702880859375e-05
delete time:4.3392181396484375e-05
delete time:2.3603439331054688e-05
delete time:4.315376281738281e-05
delete time:2.7179718017578125e-05
delete time:2.3603439331054688e-05
delete time:2.7179718017578125e-05
delete time:3.075599670410156e-05
delete time:3.0040740966796875e-05
delete time:2.7179718017578125e-05
delete time:3.814697265625e-05
delete time:3.409385681152344e-05
delete time:4.410743713378906e-05
delete time:2.6226043701171875e-05
delete time:2.193450927734375e-05
delete time:2.1457672119140625e-05
delete time:2.2649765014648438e-05
delete time:4.482269287109375e-05
delete time:2.9802322387695312e-05
delete time:4.029273986816406e-05
delete time:2.6941299438476562e-05
delete time:2.0742416381835938e-05
delete time:3.7670135498046875e-05
delete time:3.170967102050781e-05
delete time:4.6253204345703125e-05
delete time:2.4080276489257812e-05
delete time:3.3855438232421875e-05
delete time:3.743171691894531e-05
delete time:4.315376281738281e-05
delete time:2.1219253540039062e-05
delete time:3.170967102050781e-05
delete time:3.719329833984375e-05
delete time:3.170967102050781e-05
delete time:3.337860107421875e-05
delete time:5.0067901611328125e-05
delete time:3.504753112792969e-05
delete time:4.100799560546875e-05
delete time:4.315376281738281e-05
delete time:3.933906555175781e-05
delete time:2.384185791015625e-05
delete time:2.8848648071289062e-05
delete time:3.2901763916015625e-05
delete time:4.029273986816406e-05
delete time:4.76837158203125e-05
delete time:4.863739013671875e-05
delete time:4.792213439941406e-05
delete time:4.38690185546875e-05
delete time:4.57763671875e-05
delete time:3.147125244140625e-05
delete time:4.363059997558594e-05
delete time:4.267692565917969e-05
delete time:2.86102294921875e-05
delete time:2.4080276489257812e-05
delete time:3.6716461181640625e-05
delete time:2.5272369384765625e-05
delete time:2.9325485229492188e-05
delete time:4.076957702636719e-05
delete time:4.935264587402344e-05
delete time:2.765655517578125e-05
delete time:3.743171691894531e-05
delete time:2.6226043701171875e-05
delete time:2.1219253540039062e-05
delete time:4.7206878662109375e-05
delete time:3.719329833984375e-05
delete time:4.410743713378906e-05
delete time:3.9577484130859375e-05
delete time:4.124641418457031e-05
delete time:5.3882598876953125e-05
delete time:5.054473876953125e-05
delete time:1.8358230590820312e-05
delete time:4.315376281738281e-05
delete time:3.147125244140625e-05
delete time:4.57763671875e-05
delete time:5.364418029785156e-05
delete time:3.6716461181640625e-05
delete time:2.956390380859375e-05
delete time:2.288818359375e-05
delete time:3.504753112792969e-05
delete time:4.38690185546875e-05
delete time:2.0503997802734375e-05
delete time:5.269050598144531e-05
delete time:2.5272369384765625e-05
delete time:2.8848648071289062e-05
delete time:4.029273986816406e-05
delete time:2.9325485229492188e-05
delete time:2.5272369384765625e-05
delete time:4.1961669921875e-05
delete time:2.574920654296875e-05
delete time:4.5299530029296875e-05
delete time:3.695487976074219e-05
delete time:3.790855407714844e-05
delete time:2.956390380859375e-05
delete time:3.147125244140625e-05
delete time:3.24249267578125e-05
delete time:4.315376281738281e-05
delete time:4.00543212890625e-05
delete time:2.86102294921875e-05
delete time:4.8160552978515625e-05
delete time:2.9325485229492188e-05
delete time:3.886222839355469e-05
delete time:3.552436828613281e-05
delete time:3.457069396972656e-05
delete time:3.1948089599609375e-05
delete time:3.504753112792969e-05
delete time:2.6226043701171875e-05
delete time:4.839897155761719e-05
delete time:3.147125244140625e-05
delete time:3.62396240234375e-05
delete time:4.1961669921875e-05
delete time:3.1948089599609375e-05
delete time:3.361701965332031e-05
delete time:4.935264587402344e-05
delete time:3.147125244140625e-05
delete time:2.8371810913085938e-05
delete time:1.7881393432617188e-05
delete time:4.839897155761719e-05
delete time:4.315376281738281e-05
delete time:4.935264587402344e-05
delete time:3.62396240234375e-05
delete time:2.9802322387695312e-05
delete time:2.7894973754882812e-05
delete time:4.076957702636719e-05
delete time:2.5987625122070312e-05
delete time:5.0067901611328125e-05
delete time:4.553794860839844e-05
delete time:3.2901763916015625e-05
delete time:2.9802322387695312e-05
delete time:2.2649765014648438e-05
delete time:2.09808349609375e-05
delete time:3.981590270996094e-05
delete time:4.5299530029296875e-05
delete time:2.5987625122070312e-05
delete time:3.4809112548828125e-05
delete time:2.9087066650390625e-05
delete time:2.6702880859375e-05
delete time:3.4332275390625e-05
delete time:2.2649765014648438e-05
delete time:4.696846008300781e-05
delete time:2.002716064453125e-05
delete time:1.9311904907226562e-05
delete time:3.719329833984375e-05
delete time:3.337860107421875e-05
delete time:3.790855407714844e-05
delete time:3.8623809814453125e-05
delete time:2.765655517578125e-05
delete time:2.2411346435546875e-05
delete time:3.2901763916015625e-05
delete time:3.0040740966796875e-05
delete time:3.6716461181640625e-05
delete time:5.7220458984375e-05
delete time:3.4332275390625e-05
delete time:3.838539123535156e-05
delete time:3.4332275390625e-05
delete time:2.6941299438476562e-05
delete time:3.5762786865234375e-05
delete time:4.267692565917969e-05
delete time:4.220008850097656e-05
delete time:4.8160552978515625e-05
delete time:4.673004150390625e-05
delete time:2.1457672119140625e-05
delete time:4.76837158203125e-05
delete time:3.600120544433594e-05
delete time:3.337860107421875e-05
delete time:2.765655517578125e-05
delete time:4.458427429199219e-05
delete time:2.8133392333984375e-05
delete time:2.3365020751953125e-05
delete time:1.8835067749023438e-05
delete time:3.170967102050781e-05
delete time:2.7418136596679688e-05
delete time:2.4557113647460938e-05
delete time:4.935264587402344e-05
delete time:4.38690185546875e-05
delete time:2.7418136596679688e-05
delete time:1.621246337890625e-05
delete time:4.458427429199219e-05
delete time:3.4809112548828125e-05
delete time:3.504753112792969e-05
delete time:3.7670135498046875e-05
delete time:3.218650817871094e-05
delete time:3.0994415283203125e-05
delete time:2.5987625122070312e-05
delete time:3.647804260253906e-05
delete time:2.2649765014648438e-05
delete time:2.5510787963867188e-05
delete time:5.030632019042969e-05
delete time:2.384185791015625e-05
delete time:2.9087066650390625e-05
delete time:2.8133392333984375e-05
delete time:4.2438507080078125e-05
delete time:2.4557113647460938e-05
delete time:3.695487976074219e-05
delete time:3.647804260253906e-05
delete time:4.124641418457031e-05
delete time:2.8371810913085938e-05
delete time:2.5272369384765625e-05
delete time:3.337860107421875e-05
delete time:4.5299530029296875e-05
delete time:4.673004150390625e-05
delete time:2.5987625122070312e-05
delete time:2.9087066650390625e-05
delete time:4.38690185546875e-05
delete time:4.076957702636719e-05
delete time:4.982948303222656e-05
delete time:3.62396240234375e-05
delete time:2.4318695068359375e-05
delete time:3.361701965332031e-05
delete time:3.314018249511719e-05
delete time:1.8835067749023438e-05
delete time:3.910064697265625e-05
delete time:2.6464462280273438e-05
delete time:3.7670135498046875e-05
delete time:3.528594970703125e-05
delete time:4.0531158447265625e-05
delete time:2.3365020751953125e-05
delete time:3.170967102050781e-05
delete time:2.1457672119140625e-05
delete time:2.0265579223632812e-05
delete time:4.6253204345703125e-05
delete time:2.002716064453125e-05
delete time:2.7418136596679688e-05
delete time:3.1948089599609375e-05
delete time:2.09808349609375e-05
delete time:4.3392181396484375e-05
delete time:2.6702880859375e-05
delete time:4.8160552978515625e-05
delete time:3.4332275390625e-05
delete time:5.030632019042969e-05
delete time:5.1975250244140625e-05
delete time:3.0994415283203125e-05
delete time:2.47955322265625e-05
delete time:3.218650817871094e-05
delete time:3.218650817871094e-05
delete time:4.696846008300781e-05
delete time:2.2649765014648438e-05
delete time:3.62396240234375e-05
delete time:3.5762786865234375e-05
delete time:3.5762786865234375e-05
delete time:2.3365020751953125e-05
delete time:3.0040740966796875e-05
delete time:4.482269287109375e-05
delete time:4.9114227294921875e-05
delete time:4.649162292480469e-05
delete time:2.0742416381835938e-05
delete time:5.269050598144531e-05
delete time:4.0531158447265625e-05
delete time:1.8358230590820312e-05
delete time:2.6464462280273438e-05
delete time:4.410743713378906e-05
delete time:4.267692565917969e-05
delete time:3.8623809814453125e-05
delete time:3.6716461181640625e-05
delete time:3.933906555175781e-05
delete time:2.5987625122070312e-05
delete time:4.1961669921875e-05
delete time:4.029273986816406e-05
delete time:3.123283386230469e-05
delete time:2.2649765014648438e-05
delete time:3.361701965332031e-05
delete time:2.8848648071289062e-05
delete time:2.8371810913085938e-05
delete time:2.8371810913085938e-05
delete time:4.220008850097656e-05
delete time:2.8848648071289062e-05
delete time:3.1948089599609375e-05
delete time:6.67572021484375e-05
delete time:3.528594970703125e-05
delete time:4.029273986816406e-05
delete time:5.245208740234375e-05
delete time:4.9591064453125e-05
delete time:4.863739013671875e-05
delete time:4.863739013671875e-05
delete time:3.0279159545898438e-05
delete time:3.075599670410156e-05
delete time:2.5272369384765625e-05
delete time:4.410743713378906e-05
delete time:5.221366882324219e-05
delete time:3.8623809814453125e-05
delete time:2.86102294921875e-05
delete time:3.9577484130859375e-05
delete time:4.601478576660156e-05
delete time:2.6226043701171875e-05
delete time:3.1948089599609375e-05
delete time:3.5762786865234375e-05
delete time:4.38690185546875e-05
delete time:4.6253204345703125e-05
delete time:5.054473876953125e-05
delete time:3.0279159545898438e-05
delete time:2.7179718017578125e-05
delete time:3.457069396972656e-05
delete time:2.6226043701171875e-05
delete time:2.193450927734375e-05
delete time:2.8848648071289062e-05
delete time:4.458427429199219e-05
delete time:3.314018249511719e-05
delete time:3.457069396972656e-05
delete time:4.0531158447265625e-05
delete time:3.981590270996094e-05
delete time:4.7206878662109375e-05
delete time:4.100799560546875e-05
delete time:2.288818359375e-05
delete time:3.123283386230469e-05
delete time:2.9325485229492188e-05
delete time:3.838539123535156e-05
delete time:2.09808349609375e-05
delete time:5.269050598144531e-05
delete time:3.7670135498046875e-05
delete time:2.2649765014648438e-05
delete time:3.647804260253906e-05
delete time:2.956390380859375e-05
delete time:5.054473876953125e-05
delete time:3.62396240234375e-05
delete time:4.506111145019531e-05
delete time:4.00543212890625e-05
delete time:4.00543212890625e-05
delete time:2.8133392333984375e-05
delete time:3.886222839355469e-05
delete time:4.482269287109375e-05
delete time:2.4318695068359375e-05
delete time:2.2649765014648438e-05
delete time:3.337860107421875e-05
delete time:4.7206878662109375e-05
delete time:3.981590270996094e-05
delete time:2.2411346435546875e-05
delete time:2.9802322387695312e-05
delete time:3.24249267578125e-05
delete time:2.1696090698242188e-05
delete time:4.887580871582031e-05
delete time:3.337860107421875e-05
delete time:4.172325134277344e-05
delete time:2.9802322387695312e-05
delete time:4.172325134277344e-05
delete time:4.601478576660156e-05
delete time:3.647804260253906e-05
delete time:5.173683166503906e-05
delete time:3.7670135498046875e-05
delete time:3.981590270996094e-05
delete time:3.5762786865234375e-05
delete time:4.1961669921875e-05
delete time:5.269050598144531e-05
delete time:9.846687316894531e-05
delete time:9.942054748535156e-05
delete time:3.647804260253906e-05
delete time:4.887580871582031e-05
delete time:3.4809112548828125e-05
delete time:2.4557113647460938e-05
delete time:8.273124694824219e-05
delete time:3.7670135498046875e-05
delete time:4.9591064453125e-05
delete time:1.7881393432617188e-05
delete time:7.224082946777344e-05
delete time:2.5033950805664062e-05
delete time:4.3392181396484375e-05
delete time:4.57763671875e-05
delete time:4.601478576660156e-05
delete time:2.47955322265625e-05
delete time:3.075599670410156e-05
delete time:3.910064697265625e-05
delete time:4.1484832763671875e-05
delete time:3.075599670410156e-05
delete time:2.384185791015625e-05
delete time:4.124641418457031e-05
delete time:2.765655517578125e-05
delete time:3.123283386230469e-05
delete time:3.62396240234375e-05
delete time:4.2438507080078125e-05
delete time:2.2172927856445312e-05
delete time:3.170967102050781e-05
delete time:4.887580871582031e-05
delete time:5.364418029785156e-05
delete time:3.2901763916015625e-05
delete time:3.719329833984375e-05
delete time:4.291534423828125e-05
delete time:2.193450927734375e-05
delete time:4.9114227294921875e-05
delete time:2.8133392333984375e-05
delete time:2.5510787963867188e-05
delete time:3.600120544433594e-05
delete time:4.5299530029296875e-05
delete time:3.910064697265625e-05
delete time:5.1021575927734375e-05
delete time:1.8596649169921875e-05
delete time:2.8848648071289062e-05
delete time:2.7418136596679688e-05
delete time:2.8848648071289062e-05
delete time:1.6927719116210938e-05
delete time:4.4345855712890625e-05
delete time:4.4345855712890625e-05
delete time:3.8623809814453125e-05
delete time:1.9073486328125e-05
delete time:2.765655517578125e-05
delete time:2.3365020751953125e-05
delete time:2.4318695068359375e-05
delete time:2.7179718017578125e-05
delete time:2.4557113647460938e-05
delete time:3.4809112548828125e-05
delete time:2.765655517578125e-05
delete time:4.7206878662109375e-05
delete time:2.7179718017578125e-05
delete time:2.0742416381835938e-05
delete time:5.0067901611328125e-05
delete time:3.719329833984375e-05
delete time:4.2438507080078125e-05
delete time:3.695487976074219e-05
delete time:3.719329833984375e-05
delete time:2.9802322387695312e-05
delete time:3.62396240234375e-05
delete time:1.9073486328125e-05
delete time:2.9325485229492188e-05
delete time:3.6716461181640625e-05
delete time:1.9788742065429688e-05
delete time:3.457069396972656e-05
delete time:3.647804260253906e-05
delete time:4.696846008300781e-05
delete time:2.4557113647460938e-05
delete time:3.5762786865234375e-05
delete time:4.100799560546875e-05
delete time:5.054473876953125e-05
delete time:4.1484832763671875e-05
delete time:3.790855407714844e-05
delete time:1.9311904907226562e-05
delete time:2.5033950805664062e-05
delete time:5.269050598144531e-05
delete time:4.8160552978515625e-05
delete time:4.458427429199219e-05
delete time:4.9591064453125e-05
delete time:5.650520324707031e-05
delete time:3.9577484130859375e-05
delete time:5.340576171875e-05
delete time:2.47955322265625e-05
delete time:4.172325134277344e-05
delete time:3.9577484130859375e-05
delete time:2.765655517578125e-05
delete time:4.410743713378906e-05
delete time:3.8623809814453125e-05
delete time:4.1484832763671875e-05
delete time:2.288818359375e-05
delete time:3.600120544433594e-05
delete time:4.1961669921875e-05
delete time:2.5272369384765625e-05
delete time:2.7179718017578125e-05
delete time:2.6464462280273438e-05
delete time:3.814697265625e-05
delete time:3.504753112792969e-05
delete time:3.719329833984375e-05
delete time:4.4345855712890625e-05
delete time:3.0279159545898438e-05
delete time:3.170967102050781e-05
delete time:2.47955322265625e-05
delete time:2.5987625122070312e-05
delete time:4.100799560546875e-05
delete time:3.743171691894531e-05
delete time:3.552436828613281e-05
delete time:5.1021575927734375e-05
delete time:3.4809112548828125e-05
delete time:4.696846008300781e-05
delete time:2.956390380859375e-05
delete time:2.574920654296875e-05
delete time:2.574920654296875e-05
delete time:5.340576171875e-05
delete time:2.288818359375e-05
delete time:4.76837158203125e-05
delete time:2.5033950805664062e-05
delete time:3.933906555175781e-05
delete time:2.9087066650390625e-05
delete time:3.0994415283203125e-05
delete time:3.5762786865234375e-05
delete time:2.4318695068359375e-05
delete time:2.2172927856445312e-05
delete time:5.412101745605469e-05
delete time:4.100799560546875e-05
delete time:3.0517578125e-05
delete time:4.220008850097656e-05
delete time:3.337860107421875e-05
delete time:2.765655517578125e-05
delete time:3.170967102050781e-05
delete time:3.0279159545898438e-05
delete time:1.7642974853515625e-05
delete time:1.8835067749023438e-05
delete time:3.337860107421875e-05
delete time:3.9577484130859375e-05
delete time:2.8133392333984375e-05
delete time:3.0994415283203125e-05
delete time:4.76837158203125e-05
delete time:4.696846008300781e-05
delete time:4.506111145019531e-05
delete time:4.00543212890625e-05
delete time:3.218650817871094e-05
delete time:4.7206878662109375e-05
delete time:3.8623809814453125e-05
delete time:2.4080276489257812e-05
delete time:3.933906555175781e-05
delete time:2.4318695068359375e-05
delete time:3.170967102050781e-05
delete time:3.2901763916015625e-05
delete time:4.4345855712890625e-05
delete time:4.220008850097656e-05
delete time:3.528594970703125e-05
delete time:3.457069396972656e-05
delete time:3.4332275390625e-05
delete time:3.600120544433594e-05
delete time:2.5033950805664062e-05
delete time:2.765655517578125e-05
delete time:3.24249267578125e-05
delete time:3.910064697265625e-05
delete time:2.7179718017578125e-05
delete time:4.863739013671875e-05
delete time:3.147125244140625e-05
delete time:4.363059997558594e-05
delete time:2.6941299438476562e-05
delete time:2.956390380859375e-05
delete time:2.8371810913085938e-05
delete time:3.8623809814453125e-05
delete time:3.504753112792969e-05
delete time:3.147125244140625e-05
delete time:4.649162292480469e-05
delete time:4.38690185546875e-05
delete time:4.363059997558594e-05
delete time:4.2438507080078125e-05
delete time:2.4318695068359375e-05
delete time:3.600120544433594e-05
delete time:2.765655517578125e-05
delete time:3.1948089599609375e-05
delete time:4.00543212890625e-05
delete time:2.4080276489257812e-05
delete time:1.9550323486328125e-05
delete time:2.0742416381835938e-05
delete time:2.8371810913085938e-05
delete time:3.218650817871094e-05
delete time:5.3882598876953125e-05
delete time:4.124641418457031e-05
delete time:1.8358230590820312e-05
delete time:2.9087066650390625e-05
delete time:2.6226043701171875e-05
delete time:3.170967102050781e-05
delete time:1.9311904907226562e-05
delete time:3.886222839355469e-05
delete time:3.24249267578125e-05
delete time:1.9073486328125e-05
delete time:2.384185791015625e-05
delete time:2.8848648071289062e-05
delete time:4.744529724121094e-05
delete time:1.5974044799804688e-05
delete time:4.2438507080078125e-05
delete time:3.2901763916015625e-05
delete time:4.57763671875e-05
delete time:3.2901763916015625e-05
delete time:2.9087066650390625e-05
delete time:3.337860107421875e-05
delete time:3.552436828613281e-05
delete time:4.982948303222656e-05
delete time:4.172325134277344e-05
delete time:2.6226043701171875e-05
delete time:2.5033950805664062e-05
delete time:3.6716461181640625e-05
delete time:4.172325134277344e-05
delete time:2.8133392333984375e-05
delete time:2.2172927856445312e-05
delete time:2.0265579223632812e-05
delete time:3.62396240234375e-05
delete time:2.47955322265625e-05
delete time:3.3855438232421875e-05
delete time:4.506111145019531e-05
delete time:4.172325134277344e-05
delete time:1.8596649169921875e-05
delete time:2.3365020751953125e-05
delete time:3.552436828613281e-05
delete time:4.792213439941406e-05
delete time:1.6927719116210938e-05
delete time:3.0994415283203125e-05
delete time:4.673004150390625e-05
delete time:2.9087066650390625e-05
delete time:3.4332275390625e-05
delete time:3.933906555175781e-05
delete time:2.5033950805664062e-05
delete time:3.457069396972656e-05
delete time:3.695487976074219e-05
delete time:2.5272369384765625e-05
delete time:2.4080276489257812e-05
delete time:4.673004150390625e-05
delete time:3.981590270996094e-05
delete time:3.1948089599609375e-05
delete time:4.982948303222656e-05
delete time:2.86102294921875e-05
delete time:3.3855438232421875e-05
delete time:2.8371810913085938e-05
delete time:3.409385681152344e-05
delete time:2.4557113647460938e-05
delete time:1.6927719116210938e-05
delete time:3.1948089599609375e-05
delete time:4.410743713378906e-05
delete time:3.0517578125e-05
delete time:1.9311904907226562e-05
delete time:2.5987625122070312e-05
delete time:3.504753112792969e-05
delete time:1.4543533325195312e-05
delete time:3.314018249511719e-05
delete time:1.811981201171875e-05
delete time:3.0279159545898438e-05
delete time:2.574920654296875e-05
delete time:3.0279159545898438e-05
delete time:1.33514404296875e-05
delete time:4.76837158203125e-05
delete time:3.814697265625e-05
delete time:1.9550323486328125e-05
delete time:4.029273986816406e-05
delete time:4.00543212890625e-05
delete time:1.9311904907226562e-05
delete time:2.193450927734375e-05
delete time:4.5299530029296875e-05
delete time:2.6702880859375e-05
delete time:4.315376281738281e-05
delete time:2.0742416381835938e-05
delete time:3.314018249511719e-05
delete time:1.9073486328125e-05
delete time:3.4332275390625e-05
delete time:4.124641418457031e-05
delete time:2.2411346435546875e-05
delete time:3.528594970703125e-05
delete time:2.6702880859375e-05
delete time:5.0067901611328125e-05
delete time:2.4318695068359375e-05
delete time:2.8848648071289062e-05
delete time:4.029273986816406e-05
delete time:4.124641418457031e-05
delete time:4.601478576660156e-05
delete time:3.933906555175781e-05
delete time:3.266334533691406e-05
delete time:3.1948089599609375e-05
delete time:4.6253204345703125e-05
delete time:3.24249267578125e-05
delete time:3.719329833984375e-05
delete time:2.86102294921875e-05
delete time:2.4080276489257812e-05
delete time:4.38690185546875e-05
delete time:2.9325485229492188e-05
delete time:3.790855407714844e-05
delete time:3.6716461181640625e-05
delete time:4.1961669921875e-05
delete time:4.1484832763671875e-05
delete time:4.029273986816406e-05
delete time:4.00543212890625e-05
delete time:4.172325134277344e-05
delete time:4.9591064453125e-05
delete time:5.7220458984375e-05
delete time:6.079673767089844e-05
delete time:3.647804260253906e-05
delete time:3.838539123535156e-05
delete time:4.172325134277344e-05
delete time:2.6702880859375e-05
delete time:4.220008850097656e-05
delete time:2.4557113647460938e-05
delete time:3.24249267578125e-05
delete time:3.218650817871094e-05
delete time:3.0517578125e-05
delete time:4.410743713378906e-05
delete time:4.792213439941406e-05
delete time:2.3365020751953125e-05
delete time:3.695487976074219e-05
delete time:3.4809112548828125e-05
delete time:4.8160552978515625e-05
delete time:2.3603439331054688e-05
delete time:2.3603439331054688e-05
delete time:5.14984130859375e-05
delete time:3.2901763916015625e-05
delete time:5.7220458984375e-05
delete time:2.09808349609375e-05
delete time:3.170967102050781e-05
delete time:5.221366882324219e-05
delete time:2.8848648071289062e-05
delete time:4.839897155761719e-05
delete time:5.2928924560546875e-05
delete time:4.863739013671875e-05
delete time:2.288818359375e-05
delete time:2.384185791015625e-05
delete time:4.863739013671875e-05
delete time:1.7881393432617188e-05
delete time:4.267692565917969e-05
delete time:2.1219253540039062e-05
delete time:3.695487976074219e-05
delete time:3.123283386230469e-05
delete time:3.528594970703125e-05
delete time:4.839897155761719e-05
delete time:1.9550323486328125e-05
delete time:2.9325485229492188e-05
delete time:2.5510787963867188e-05
delete time:4.315376281738281e-05
delete time:2.3126602172851562e-05
delete time:2.6226043701171875e-05
delete time:2.5987625122070312e-05
delete time:2.193450927734375e-05
delete time:1.6450881958007812e-05
delete time:3.4332275390625e-05
delete time:3.695487976074219e-05
delete time:4.863739013671875e-05
delete time:4.124641418457031e-05
delete time:4.76837158203125e-05
delete time:2.9087066650390625e-05
delete time:2.765655517578125e-05
delete time:1.6927719116210938e-05
delete time:2.2172927856445312e-05
delete time:2.4557113647460938e-05
delete time:4.363059997558594e-05
delete time:2.3365020751953125e-05
delete time:2.574920654296875e-05
delete time:4.506111145019531e-05
delete time:3.9577484130859375e-05
delete time:1.9550323486328125e-05
delete time:1.8596649169921875e-05
delete time:5.340576171875e-05
delete time:1.9788742065429688e-05
delete time:4.792213439941406e-05
delete time:4.076957702636719e-05
delete time:2.002716064453125e-05
delete time:4.3392181396484375e-05
delete time:1.8358230590820312e-05
delete time:2.7418136596679688e-05
delete time:4.363059997558594e-05
delete time:4.5299530029296875e-05
delete time:3.981590270996094e-05
delete time:2.09808349609375e-05
delete time:3.647804260253906e-05
delete time:4.2438507080078125e-05
delete time:3.719329833984375e-05
delete time:4.839897155761719e-05
delete time:3.409385681152344e-05
delete time:4.100799560546875e-05
delete time:2.288818359375e-05
delete time:4.38690185546875e-05
delete time:3.337860107421875e-05
delete time:3.5762786865234375e-05
delete time:1.9073486328125e-05
delete time:4.00543212890625e-05
delete time:1.9788742065429688e-05
delete time:1.9311904907226562e-05
delete time:2.765655517578125e-05
delete time:3.600120544433594e-05
delete time:2.8848648071289062e-05
delete time:1.8358230590820312e-05
delete time:2.7179718017578125e-05
delete time:2.4557113647460938e-05
delete time:2.1457672119140625e-05
delete time:1.7642974853515625e-05
delete time:3.838539123535156e-05
delete time:3.266334533691406e-05
delete time:2.2172927856445312e-05
delete time:3.62396240234375e-05
delete time:3.0517578125e-05
delete time:3.0279159545898438e-05
delete time:3.504753112792969e-05
delete time:3.0279159545898438e-05
delete time:3.6716461181640625e-05
delete time:1.5497207641601562e-05
delete time:2.8133392333984375e-05
delete time:4.482269287109375e-05
delete time:3.647804260253906e-05
delete time:3.695487976074219e-05
delete time:1.5497207641601562e-05
delete time:3.6716461181640625e-05
delete time:3.24249267578125e-05
delete time:4.3392181396484375e-05
delete time:4.291534423828125e-05
delete time:4.0531158447265625e-05
delete time:4.2438507080078125e-05
delete time:5.507469177246094e-05
delete time:4.363059997558594e-05
delete time:2.5272369384765625e-05
delete time:1.5735626220703125e-05
delete time:1.4543533325195312e-05
delete time:3.266334533691406e-05
delete time:3.9577484130859375e-05
delete time:3.1948089599609375e-05
delete time:2.4557113647460938e-05
delete time:4.100799560546875e-05
delete time:3.2901763916015625e-05
delete time:3.910064697265625e-05
delete time:3.910064697265625e-05
delete time:3.314018249511719e-05
delete time:3.218650817871094e-05
delete time:2.6702880859375e-05
delete time:3.9577484130859375e-05
delete time:2.5510787963867188e-05
delete time:2.9325485229492188e-05
delete time:2.3365020751953125e-05
delete time:3.552436828613281e-05
delete time:4.4345855712890625e-05
delete time:2.9087066650390625e-05
delete time:2.7894973754882812e-05
delete time:2.8848648071289062e-05
delete time:4.38690185546875e-05
delete time:4.172325134277344e-05
delete time:5.3882598876953125e-05
delete time:4.601478576660156e-05
delete time:2.5272369384765625e-05
delete time:5.316734313964844e-05
delete time:3.266334533691406e-05
delete time:2.8371810913085938e-05
delete time:3.886222839355469e-05
delete time:2.9325485229492188e-05
delete time:2.8133392333984375e-05
delete time:2.9087066650390625e-05
delete time:2.2172927856445312e-05
delete time:4.1961669921875e-05
delete time:2.4080276489257812e-05
delete time:1.9311904907226562e-05
delete time:4.363059997558594e-05
delete time:5.054473876953125e-05
delete time:2.2172927856445312e-05
delete time:2.8133392333984375e-05
delete time:4.887580871582031e-05
delete time:3.743171691894531e-05
delete time:4.4345855712890625e-05
delete time:4.0531158447265625e-05
delete time:3.933906555175781e-05
delete time:1.3828277587890625e-05
delete time:4.1961669921875e-05
delete time:3.910064697265625e-05
delete time:3.62396240234375e-05
delete time:3.814697265625e-05
delete time:3.528594970703125e-05
delete time:4.76837158203125e-05
delete time:3.7670135498046875e-05
delete time:1.9073486328125e-05
delete time:3.361701965332031e-05
delete time:3.409385681152344e-05
delete time:1.7404556274414062e-05
delete time:4.673004150390625e-05
delete time:2.3126602172851562e-05
delete time:3.933906555175781e-05
delete time:2.4080276489257812e-05
delete time:3.0279159545898438e-05
delete time:2.765655517578125e-05
delete time:3.0279159545898438e-05
delete time:3.933906555175781e-05
delete time:1.9550323486328125e-05
delete time:4.458427429199219e-05
delete time:5.412101745605469e-05
delete time:3.528594970703125e-05
delete time:4.57763671875e-05
delete time:2.765655517578125e-05
delete time:2.7418136596679688e-05
delete time:3.9577484130859375e-05
delete time:3.933906555175781e-05
delete time:3.9577484130859375e-05
delete time:4.291534423828125e-05
delete time:4.410743713378906e-05
delete time:3.910064697265625e-05
delete time:4.38690185546875e-05
delete time:3.838539123535156e-05
delete time:3.457069396972656e-05
delete time:2.7894973754882812e-05
delete time:5.7697296142578125e-05
delete time:3.337860107421875e-05
delete time:3.0279159545898438e-05
delete time:3.170967102050781e-05
delete time:3.62396240234375e-05
delete time:4.9591064453125e-05
delete time:4.220008850097656e-05
delete time:2.8371810913085938e-05
delete time:4.506111145019531e-05
delete time:3.504753112792969e-05
delete time:4.57763671875e-05
delete time:4.029273986816406e-05
delete time:1.8358230590820312e-05
delete time:3.361701965332031e-05
delete time:3.1948089599609375e-05
delete time:3.504753112792969e-05
delete time:2.7179718017578125e-05
delete time:3.790855407714844e-05
delete time:3.123283386230469e-05
delete time:2.8848648071289062e-05
delete time:3.409385681152344e-05
delete time:3.647804260253906e-05
delete time:3.361701965332031e-05
delete time:3.719329833984375e-05
delete time:3.600120544433594e-05
delete time:2.7894973754882812e-05
delete time:4.38690185546875e-05
delete time:3.0040740966796875e-05
delete time:3.1948089599609375e-05
delete time:3.2901763916015625e-05
delete time:6.0558319091796875e-05
delete time:3.409385681152344e-05
delete time:3.838539123535156e-05
delete time:2.86102294921875e-05
delete time:5.14984130859375e-05
delete time:3.266334533691406e-05
delete time:2.5033950805664062e-05
delete time:4.839897155761719e-05
delete time:3.504753112792969e-05
delete time:2.4318695068359375e-05
delete time:3.075599670410156e-05
delete time:4.839897155761719e-05
delete time:4.220008850097656e-05
delete time:3.0279159545898438e-05
delete time:2.384185791015625e-05
delete time:4.5299530029296875e-05
delete time:4.315376281738281e-05
delete time:3.695487976074219e-05
delete time:2.86102294921875e-05
delete time:4.315376281738281e-05
delete time:3.62396240234375e-05
delete time:2.7418136596679688e-05
delete time:4.267692565917969e-05
delete time:3.4809112548828125e-05
delete time:4.863739013671875e-05
delete time:2.2411346435546875e-05
delete time:2.6464462280273438e-05
delete time:2.5272369384765625e-05
delete time:2.2172927856445312e-05
delete time:3.24249267578125e-05
delete time:3.5762786865234375e-05
delete time:3.504753112792969e-05
delete time:1.7642974853515625e-05
delete time:2.7418136596679688e-05
delete time:3.123283386230469e-05
delete time:2.6226043701171875e-05
delete time:3.0994415283203125e-05
delete time:3.838539123535156e-05
delete time:2.9087066650390625e-05
delete time:3.5762786865234375e-05
delete time:3.409385681152344e-05
delete time:2.5987625122070312e-05
delete time:2.5510787963867188e-05
delete time:2.7894973754882812e-05
delete time:5.2928924560546875e-05
delete time:2.5987625122070312e-05
delete time:2.288818359375e-05
delete time:3.528594970703125e-05
delete time:2.7179718017578125e-05
delete time:2.956390380859375e-05
delete time:3.9577484130859375e-05
delete time:2.5510787963867188e-05
delete time:4.57763671875e-05
delete time:2.574920654296875e-05
delete time:3.314018249511719e-05
delete time:3.266334533691406e-05
delete time:4.792213439941406e-05
delete time:3.123283386230469e-05
delete time:4.410743713378906e-05
delete time:4.0531158447265625e-05
delete time:3.981590270996094e-05
delete time:2.6702880859375e-05
delete time:5.269050598144531e-05
delete time:2.8371810913085938e-05
delete time:2.5033950805664062e-05
delete time:2.6464462280273438e-05
delete time:3.337860107421875e-05
delete time:2.6702880859375e-05
delete time:2.6941299438476562e-05
delete time:4.363059997558594e-05
delete time:2.3365020751953125e-05
delete time:2.4318695068359375e-05
delete time:4.1484832763671875e-05
delete time:3.886222839355469e-05
delete time:3.933906555175781e-05
delete time:4.363059997558594e-05
delete time:3.0994415283203125e-05
delete time:3.3855438232421875e-05
delete time:2.3365020751953125e-05
delete time:3.6716461181640625e-05
delete time:3.3855438232421875e-05
delete time:3.4809112548828125e-05
delete time:3.4332275390625e-05
delete time:3.0279159545898438e-05
delete time:3.552436828613281e-05
delete time:4.482269287109375e-05
delete time:3.4332275390625e-05
delete time:2.7179718017578125e-05
delete time:2.8848648071289062e-05
delete time:2.0265579223632812e-05
delete time:3.266334533691406e-05
delete time:3.218650817871094e-05
delete time:2.8371810913085938e-05
delete time:3.075599670410156e-05
delete time:2.9087066650390625e-05
delete time:2.5272369384765625e-05
delete time:3.600120544433594e-05
delete time:2.5033950805664062e-05
delete time:3.5762786865234375e-05
delete time:3.7670135498046875e-05
delete time:3.24249267578125e-05
delete time:4.76837158203125e-05
delete time:2.8848648071289062e-05
delete time:3.0994415283203125e-05
delete time:3.8623809814453125e-05
delete time:3.361701965332031e-05
delete time:2.09808349609375e-05
delete time:2.6702880859375e-05
delete time:2.956390380859375e-05
delete time:4.100799560546875e-05
delete time:2.3365020751953125e-05
delete time:3.6716461181640625e-05
delete time:2.9087066650390625e-05
delete time:3.0040740966796875e-05
delete time:3.337860107421875e-05
delete time:4.6253204345703125e-05
delete time:2.4080276489257812e-05
delete time:2.5033950805664062e-05
delete time:5.53131103515625e-05
delete time:4.506111145019531e-05
delete time:3.647804260253906e-05
delete time:4.124641418457031e-05
delete time:2.7894973754882812e-05
delete time:4.696846008300781e-05
delete time:4.57763671875e-05
delete time:2.9325485229492188e-05
delete time:3.314018249511719e-05
delete time:2.0742416381835938e-05
delete time:3.600120544433594e-05
delete time:2.6226043701171875e-05
delete time:2.3126602172851562e-05
delete time:3.266334533691406e-05
delete time:2.8371810913085938e-05
delete time:3.790855407714844e-05
delete time:4.100799560546875e-05
delete time:4.2438507080078125e-05
delete time:2.2649765014648438e-05
delete time:4.887580871582031e-05
delete time:4.0531158447265625e-05
delete time:3.981590270996094e-05
delete time:4.00543212890625e-05
delete time:3.361701965332031e-05
delete time:3.7670135498046875e-05
delete time:2.6464462280273438e-05
delete time:3.123283386230469e-05
delete time:2.574920654296875e-05
delete time:3.0994415283203125e-05
delete time:2.7894973754882812e-05
delete time:3.886222839355469e-05
delete time:3.62396240234375e-05
delete time:4.649162292480469e-05
delete time:3.4809112548828125e-05
delete time:2.7179718017578125e-05
delete time:2.5987625122070312e-05
delete time:2.3365020751953125e-05
delete time:2.6702880859375e-05
delete time:4.458427429199219e-05
delete time:2.574920654296875e-05
delete time:2.5272369384765625e-05
delete time:3.170967102050781e-05
delete time:3.0040740966796875e-05
delete time:2.6941299438476562e-05
delete time:3.910064697265625e-05
delete time:3.409385681152344e-05
delete time:4.2438507080078125e-05
delete time:4.267692565917969e-05
delete time:5.2928924560546875e-05
delete time:2.9325485229492188e-05
delete time:3.0994415283203125e-05
delete time:4.291534423828125e-05
delete time:1.8596649169921875e-05
delete time:4.0531158447265625e-05
delete time:2.9087066650390625e-05
delete time:3.600120544433594e-05
delete time:5.1975250244140625e-05
delete time:1.9311904907226562e-05
delete time:3.314018249511719e-05
delete time:3.361701965332031e-05
delete time:4.744529724121094e-05
delete time:2.8848648071289062e-05
delete time:2.8133392333984375e-05
delete time:2.6702880859375e-05
delete time:2.765655517578125e-05
delete time:2.5272369384765625e-05
delete time:2.765655517578125e-05
delete time:2.4318695068359375e-05
delete time:2.5033950805664062e-05
delete time:2.8848648071289062e-05
delete time:4.172325134277344e-05
delete time:4.00543212890625e-05
delete time:3.910064697265625e-05
delete time:4.4345855712890625e-05
delete time:4.649162292480469e-05
delete time:4.100799560546875e-05
delete time:3.8623809814453125e-05
delete time:4.6253204345703125e-05
delete time:4.553794860839844e-05
delete time:2.0742416381835938e-05
delete time:2.09808349609375e-05
delete time:2.3603439331054688e-05
delete time:3.7670135498046875e-05
delete time:2.9802322387695312e-05
delete time:4.4345855712890625e-05
delete time:3.314018249511719e-05
delete time:3.266334533691406e-05
delete time:2.6941299438476562e-05
delete time:5.412101745605469e-05
delete time:2.288818359375e-05
delete time:3.719329833984375e-05
delete time:1.9788742065429688e-05
delete time:2.3603439331054688e-05
delete time:2.9087066650390625e-05
delete time:4.100799560546875e-05
delete time:2.9087066650390625e-05
delete time:4.076957702636719e-05
delete time:2.86102294921875e-05
delete time:4.4345855712890625e-05
delete time:2.5510787963867188e-05
delete time:2.5033950805664062e-05
delete time:4.315376281738281e-05
delete time:4.38690185546875e-05
delete time:2.86102294921875e-05
delete time:3.409385681152344e-05
delete time:1.8596649169921875e-05
delete time:3.62396240234375e-05
delete time:2.6941299438476562e-05
delete time:4.0531158447265625e-05
delete time:5.316734313964844e-05
delete time:3.24249267578125e-05
delete time:4.0531158447265625e-05
delete time:4.291534423828125e-05
delete time:4.410743713378906e-05
delete time:2.6941299438476562e-05
delete time:3.695487976074219e-05
delete time:3.838539123535156e-05
delete time:4.291534423828125e-05
delete time:3.743171691894531e-05
delete time:2.2649765014648438e-05
delete time:4.38690185546875e-05
delete time:2.288818359375e-05
delete time:3.0040740966796875e-05
delete time:5.030632019042969e-05
delete time:2.6702880859375e-05
delete time:3.314018249511719e-05
delete time:4.506111145019531e-05
delete time:2.9087066650390625e-05
delete time:2.8848648071289062e-05
delete time:2.5987625122070312e-05
delete time:2.86102294921875e-05
delete time:3.743171691894531e-05
delete time:1.9550323486328125e-05
delete time:2.9087066650390625e-05
delete time:3.528594970703125e-05
delete time:2.193450927734375e-05
delete time:3.62396240234375e-05
delete time:3.0279159545898438e-05
delete time:3.790855407714844e-05
delete time:2.5987625122070312e-05
delete time:3.600120544433594e-05
delete time:2.7894973754882812e-05
delete time:3.5762786865234375e-05
delete time:3.457069396972656e-05
delete time:3.075599670410156e-05
delete time:3.8623809814453125e-05
delete time:4.887580871582031e-05
delete time:5.125999450683594e-05
delete time:2.4080276489257812e-05
delete time:2.4557113647460938e-05
delete time:2.5987625122070312e-05
delete time:4.410743713378906e-05
delete time:2.47955322265625e-05
delete time:1.9788742065429688e-05
delete time:3.743171691894531e-05
delete time:2.6226043701171875e-05
delete time:4.172325134277344e-05
delete time:2.9087066650390625e-05
delete time:4.7206878662109375e-05
delete time:4.38690185546875e-05
delete time:4.291534423828125e-05
delete time:2.7894973754882812e-05
delete time:5.7220458984375e-05
delete time:2.5510787963867188e-05
delete time:1.9550323486328125e-05
delete time:2.4318695068359375e-05
delete time:3.600120544433594e-05
delete time:4.076957702636719e-05
delete time:3.695487976074219e-05
delete time:3.6716461181640625e-05
delete time:4.363059997558594e-05
delete time:3.790855407714844e-05
delete time:3.933906555175781e-05
delete time:2.9087066650390625e-05
delete time:2.5272369384765625e-05
delete time:3.933906555175781e-05
delete time:5.1975250244140625e-05
delete time:4.601478576660156e-05
delete time:3.695487976074219e-05
delete time:3.170967102050781e-05
delete time:2.86102294921875e-05
delete time:5.316734313964844e-05
delete time:3.504753112792969e-05
delete time:3.0279159545898438e-05
delete time:2.8848648071289062e-05
delete time:2.6226043701171875e-05
delete time:2.8371810913085938e-05
delete time:1.9073486328125e-05
delete time:2.0742416381835938e-05
delete time:1.9550323486328125e-05
delete time:2.384185791015625e-05
delete time:2.2649765014648438e-05
delete time:4.863739013671875e-05
delete time:3.409385681152344e-05
delete time:4.124641418457031e-05
delete time:3.0279159545898438e-05
delete time:2.7418136596679688e-05
delete time:4.839897155761719e-05
delete time:4.267692565917969e-05
delete time:1.8358230590820312e-05
delete time:3.147125244140625e-05
delete time:2.3126602172851562e-05
delete time:4.5299530029296875e-05
delete time:4.458427429199219e-05
delete time:3.8623809814453125e-05
delete time:2.3603439331054688e-05
delete time:2.6464462280273438e-05
delete time:1.9311904907226562e-05
delete time:2.765655517578125e-05
delete time:2.3126602172851562e-05
delete time:3.6716461181640625e-05
delete time:3.3855438232421875e-05
delete time:3.790855407714844e-05
delete time:2.3603439331054688e-05
delete time:2.9087066650390625e-05
delete time:3.5762786865234375e-05
delete time:3.743171691894531e-05
delete time:2.1696090698242188e-05
delete time:3.9577484130859375e-05
delete time:5.7220458984375e-05
delete time:3.4809112548828125e-05
delete time:3.5762786865234375e-05
delete time:2.1696090698242188e-05
delete time:3.743171691894531e-05
delete time:3.24249267578125e-05
delete time:4.482269287109375e-05
delete time:5.1975250244140625e-05
delete time:3.361701965332031e-05
delete time:3.790855407714844e-05
delete time:3.814697265625e-05
delete time:2.6941299438476562e-05
delete time:5.602836608886719e-05
delete time:4.267692565917969e-05
delete time:3.409385681152344e-05
delete time:3.147125244140625e-05
delete time:2.8133392333984375e-05
delete time:5.507469177246094e-05
delete time:1.9073486328125e-05
delete time:3.838539123535156e-05
delete time:4.6253204345703125e-05
delete time:3.743171691894531e-05
delete time:3.457069396972656e-05
delete time:2.6226043701171875e-05
delete time:3.933906555175781e-05
delete time:4.172325134277344e-05
delete time:4.601478576660156e-05
delete time:2.2649765014648438e-05
delete time:4.029273986816406e-05
delete time:3.123283386230469e-05
delete time:2.6226043701171875e-05
delete time:3.6716461181640625e-05
delete time:2.2411346435546875e-05
delete time:4.410743713378906e-05
delete time:2.5510787963867188e-05
delete time:3.743171691894531e-05
delete time:3.9577484130859375e-05
delete time:2.8848648071289062e-05
delete time:3.647804260253906e-05
delete time:2.7894973754882812e-05
delete time:2.4557113647460938e-05
delete time:3.0517578125e-05
delete time:5.14984130859375e-05
delete time:2.47955322265625e-05
delete time:4.0531158447265625e-05
delete time:4.3392181396484375e-05
delete time:3.933906555175781e-05
delete time:3.24249267578125e-05
delete time:2.384185791015625e-05
delete time:3.170967102050781e-05
delete time:4.6253204345703125e-05
delete time:5.0067901611328125e-05
delete time:3.170967102050781e-05
delete time:2.765655517578125e-05
delete time:4.9114227294921875e-05
delete time:2.9802322387695312e-05
delete time:3.24249267578125e-05
delete time:3.910064697265625e-05
delete time:4.887580871582031e-05
delete time:4.124641418457031e-05
delete time:4.172325134277344e-05
delete time:2.86102294921875e-05
delete time:3.337860107421875e-05
delete time:2.4318695068359375e-05
delete time:4.410743713378906e-05
delete time:3.0994415283203125e-05
delete time:2.5272369384765625e-05
delete time:2.4318695068359375e-05
delete time:2.8848648071289062e-05
delete time:3.0994415283203125e-05
delete time:4.1961669921875e-05
delete time:3.838539123535156e-05
delete time:4.792213439941406e-05
delete time:2.6226043701171875e-05
delete time:3.337860107421875e-05
delete time:3.266334533691406e-05
delete time:3.218650817871094e-05
delete time:4.792213439941406e-05
delete time:2.9087066650390625e-05
delete time:2.5272369384765625e-05
delete time:2.8848648071289062e-05
delete time:3.790855407714844e-05
delete time:2.574920654296875e-05
delete time:5.435943603515625e-05
delete time:4.649162292480469e-05
delete time:3.147125244140625e-05
delete time:3.24249267578125e-05
delete time:2.8133392333984375e-05
delete time:5.340576171875e-05
delete time:2.5987625122070312e-05
delete time:3.600120544433594e-05
delete time:4.3392181396484375e-05
delete time:4.291534423828125e-05
delete time:5.054473876953125e-05
delete time:3.600120544433594e-05
delete time:4.649162292480469e-05
delete time:3.910064697265625e-05
delete time:2.7418136596679688e-05
delete time:4.792213439941406e-05
delete time:3.647804260253906e-05
delete time:2.7894973754882812e-05
delete time:2.0503997802734375e-05
delete time:2.956390380859375e-05
delete time:4.601478576660156e-05
delete time:2.3126602172851562e-05
delete time:4.363059997558594e-05
delete time:3.075599670410156e-05
delete time:2.8371810913085938e-05
delete time:2.002716064453125e-05
delete time:2.5272369384765625e-05
delete time:2.4080276489257812e-05
delete time:2.6226043701171875e-05
delete time:2.574920654296875e-05
delete time:4.220008850097656e-05
delete time:3.170967102050781e-05
delete time:5.173683166503906e-05
delete time:4.3392181396484375e-05
delete time:2.5272369384765625e-05
delete time:3.075599670410156e-05
delete time:3.7670135498046875e-05
delete time:2.2649765014648438e-05
delete time:2.288818359375e-05
delete time:3.2901763916015625e-05
delete time:3.695487976074219e-05
delete time:3.695487976074219e-05
delete time:3.218650817871094e-05
delete time:4.7206878662109375e-05
delete time:2.5510787963867188e-05
delete time:2.7894973754882812e-05
delete time:3.8623809814453125e-05
delete time:2.384185791015625e-05
delete time:2.193450927734375e-05
delete time:3.0279159545898438e-05
delete time:3.743171691894531e-05
delete time:2.3603439331054688e-05
delete time:2.7418136596679688e-05
delete time:3.0994415283203125e-05
delete time:4.124641418457031e-05
delete time:2.86102294921875e-05
delete time:3.147125244140625e-05
delete time:2.7894973754882812e-05
delete time:2.6702880859375e-05
delete time:4.315376281738281e-05
delete time:4.220008850097656e-05
delete time:4.029273986816406e-05
delete time:3.337860107421875e-05
delete time:3.123283386230469e-05
delete time:4.2438507080078125e-05
delete time:2.9325485229492188e-05
delete time:3.4809112548828125e-05
delete time:3.886222839355469e-05
delete time:2.5987625122070312e-05
delete time:2.956390380859375e-05
delete time:3.0040740966796875e-05
delete time:4.8160552978515625e-05
delete time:2.5272369384765625e-05
delete time:3.6716461181640625e-05
delete time:3.7670135498046875e-05
delete time:3.933906555175781e-05
delete time:4.100799560546875e-05
delete time:4.8160552978515625e-05
delete time:2.86102294921875e-05
delete time:2.4080276489257812e-05
delete time:2.6702880859375e-05
delete time:3.814697265625e-05
delete time:4.792213439941406e-05
delete time:2.4318695068359375e-05
delete time:4.458427429199219e-05
delete time:3.170967102050781e-05
delete time:2.9087066650390625e-05
delete time:2.8848648071289062e-05
delete time:5.125999450683594e-05
delete time:5.078315734863281e-05
delete time:2.4318695068359375e-05
delete time:3.314018249511719e-05
delete time:2.002716064453125e-05
delete time:4.792213439941406e-05
delete time:3.4332275390625e-05
delete time:2.3603439331054688e-05
delete time:3.337860107421875e-05
delete time:3.7670135498046875e-05
delete time:3.3855438232421875e-05
delete time:3.743171691894531e-05
delete time:2.384185791015625e-05
delete time:3.266334533691406e-05
delete time:5.221366882324219e-05
delete time:3.695487976074219e-05
delete time:2.002716064453125e-05
delete time:2.3603439331054688e-05
delete time:2.8848648071289062e-05
delete time:2.5510787963867188e-05
delete time:2.288818359375e-05
delete time:4.410743713378906e-05
delete time:2.5987625122070312e-05
delete time:3.218650817871094e-05
delete time:2.4557113647460938e-05
delete time:2.4557113647460938e-05
delete time:2.47955322265625e-05
delete time:2.1219253540039062e-05
delete time:2.9802322387695312e-05
delete time:3.266334533691406e-05
delete time:2.6941299438476562e-05
delete time:1.9550323486328125e-05
delete time:2.86102294921875e-05
delete time:2.3603439331054688e-05
delete time:3.24249267578125e-05
delete time:5.030632019042969e-05
delete time:5.245208740234375e-05
delete time:3.790855407714844e-05
delete time:4.315376281738281e-05
delete time:4.124641418457031e-05
delete time:3.9577484130859375e-05
delete time:2.5272369384765625e-05
delete time:3.457069396972656e-05
delete time:3.218650817871094e-05
delete time:4.506111145019531e-05
delete time:3.123283386230469e-05
delete time:2.4318695068359375e-05
delete time:3.6716461181640625e-05
delete time:2.5987625122070312e-05
delete time:2.7418136596679688e-05
delete time:3.695487976074219e-05
delete time:2.5272369384765625e-05
delete time:2.9087066650390625e-05
delete time:3.933906555175781e-05
delete time:3.695487976074219e-05
delete time:3.3855438232421875e-05
delete time:2.956390380859375e-05
delete time:3.0279159545898438e-05
delete time:2.956390380859375e-05
delete time:3.719329833984375e-05
delete time:2.2172927856445312e-05
delete time:3.3855438232421875e-05
delete time:3.123283386230469e-05
delete time:4.291534423828125e-05
delete time:2.2172927856445312e-05
delete time:3.0517578125e-05
delete time:4.0531158447265625e-05
delete time:2.0503997802734375e-05
delete time:2.765655517578125e-05
delete time:3.62396240234375e-05
delete time:4.8160552978515625e-05
delete time:2.8371810913085938e-05
delete time:5.340576171875e-05
delete time:3.123283386230469e-05
delete time:4.220008850097656e-05
delete time:3.2901763916015625e-05
delete time:3.1948089599609375e-05
delete time:2.3365020751953125e-05
delete time:3.552436828613281e-05
delete time:3.266334533691406e-05
delete time:2.2411346435546875e-05
delete time:3.933906555175781e-05
delete time:3.790855407714844e-05
delete time:4.267692565917969e-05
delete time:4.2438507080078125e-05
delete time:2.956390380859375e-05
delete time:2.7894973754882812e-05
delete time:4.7206878662109375e-05
delete time:3.409385681152344e-05
delete time:2.574920654296875e-05
delete time:2.6702880859375e-05
delete time:4.887580871582031e-05
delete time:2.9325485229492188e-05
delete time:2.956390380859375e-05
delete time:2.6464462280273438e-05
delete time:2.7894973754882812e-05
delete time:4.506111145019531e-05
delete time:3.123283386230469e-05
delete time:2.2649765014648438e-05
delete time:3.7670135498046875e-05
delete time:4.6253204345703125e-05
delete time:4.291534423828125e-05
delete time:4.315376281738281e-05
delete time:6.365776062011719e-05
delete time:3.3855438232421875e-05
delete time:2.3365020751953125e-05
delete time:3.1948089599609375e-05
delete time:2.4318695068359375e-05
delete time:4.220008850097656e-05
delete time:3.3855438232421875e-05
delete time:3.0279159545898438e-05
delete time:2.6226043701171875e-05
delete time:5.626678466796875e-05
delete time:3.838539123535156e-05
delete time:2.2649765014648438e-05
delete time:3.0517578125e-05
delete time:3.62396240234375e-05
delete time:3.075599670410156e-05
delete time:2.6226043701171875e-05
delete time:3.4332275390625e-05
delete time:3.600120544433594e-05
delete time:2.8371810913085938e-05
delete time:2.7179718017578125e-05
delete time:3.2901763916015625e-05
delete time:3.647804260253906e-05
delete time:2.7179718017578125e-05
delete time:6.0558319091796875e-05
delete time:3.24249267578125e-05
delete time:2.1457672119140625e-05
delete time:6.318092346191406e-05
delete time:4.5299530029296875e-05
delete time:2.765655517578125e-05
delete time:2.7894973754882812e-05
delete time:4.38690185546875e-05
delete time:2.9802322387695312e-05
delete time:3.7670135498046875e-05
delete time:2.9087066650390625e-05
delete time:3.147125244140625e-05
delete time:2.3365020751953125e-05
delete time:2.47955322265625e-05
delete time:4.673004150390625e-05
delete time:2.2172927856445312e-05
delete time:4.00543212890625e-05
delete time:4.100799560546875e-05
delete time:4.792213439941406e-05
delete time:3.0517578125e-05
delete time:2.0742416381835938e-05
delete time:3.528594970703125e-05
delete time:2.7179718017578125e-05
delete time:3.4332275390625e-05
delete time:5.602836608886719e-05
delete time:3.457069396972656e-05
delete time:2.47955322265625e-05
delete time:3.457069396972656e-05
delete time:2.3365020751953125e-05
delete time:2.3126602172851562e-05
delete time:2.86102294921875e-05
delete time:3.0994415283203125e-05
delete time:3.886222839355469e-05
delete time:2.8133392333984375e-05
delete time:2.288818359375e-05
delete time:4.9114227294921875e-05
delete time:4.458427429199219e-05
delete time:2.6226043701171875e-05
delete time:2.5272369384765625e-05
delete time:1.9550323486328125e-05
delete time:3.838539123535156e-05
delete time:2.0265579223632812e-05
delete time:3.814697265625e-05
delete time:2.86102294921875e-05
delete time:2.5987625122070312e-05
delete time:2.9325485229492188e-05
delete time:3.981590270996094e-05
delete time:3.695487976074219e-05
delete time:1.9550323486328125e-05
delete time:2.4557113647460938e-05
delete time:3.8623809814453125e-05
delete time:3.409385681152344e-05
delete time:2.4557113647460938e-05
delete time:2.9325485229492188e-05
delete time:3.886222839355469e-05
delete time:3.24249267578125e-05
delete time:2.09808349609375e-05
delete time:2.9802322387695312e-05
delete time:3.123283386230469e-05
delete time:4.2438507080078125e-05
delete time:2.2172927856445312e-05
delete time:3.266334533691406e-05
delete time:3.5762786865234375e-05
delete time:2.3603439331054688e-05
delete time:2.2411346435546875e-05
delete time:2.3365020751953125e-05
delete time:2.5272369384765625e-05
delete time:4.410743713378906e-05
delete time:2.9087066650390625e-05
delete time:4.649162292480469e-05
delete time:4.0531158447265625e-05
delete time:4.8160552978515625e-05
delete time:2.09808349609375e-05
delete time:3.0994415283203125e-05
delete time:2.4080276489257812e-05
delete time:2.6226043701171875e-05
delete time:4.0531158447265625e-05
delete time:3.504753112792969e-05
delete time:2.47955322265625e-05
delete time:3.695487976074219e-05
delete time:4.100799560546875e-05
delete time:4.57763671875e-05
delete time:3.170967102050781e-05
delete time:3.075599670410156e-05
delete time:3.695487976074219e-05
delete time:4.2438507080078125e-05
delete time:2.6702880859375e-05
delete time:2.5987625122070312e-05
delete time:3.9577484130859375e-05
delete time:3.6716461181640625e-05
delete time:3.0040740966796875e-05
delete time:2.86102294921875e-05
delete time:3.600120544433594e-05
delete time:2.9087066650390625e-05
delete time:4.482269287109375e-05
delete time:3.5762786865234375e-05
delete time:2.5033950805664062e-05
delete time:2.2411346435546875e-05
delete time:2.6464462280273438e-05
delete time:3.361701965332031e-05
delete time:4.2438507080078125e-05
delete time:1.9311904907226562e-05
delete time:2.002716064453125e-05
delete time:2.9802322387695312e-05
delete time:4.887580871582031e-05
delete time:2.7418136596679688e-05
delete time:3.5762786865234375e-05
delete time:2.5987625122070312e-05
delete time:3.933906555175781e-05
delete time:3.314018249511719e-05
delete time:2.7179718017578125e-05
delete time:2.2649765014648438e-05
delete time:3.2901763916015625e-05
delete time:2.3603439331054688e-05
delete time:2.3603439331054688e-05
delete time:2.4318695068359375e-05
delete time:2.5510787963867188e-05
delete time:3.600120544433594e-05
delete time:3.314018249511719e-05
delete time:2.5272369384765625e-05
delete time:3.719329833984375e-05
delete time:3.814697265625e-05
delete time:2.8133392333984375e-05
delete time:1.9311904907226562e-05
delete time:3.62396240234375e-05
delete time:2.9802322387695312e-05
delete time:2.6941299438476562e-05
delete time:2.5510787963867188e-05
delete time:2.6702880859375e-05
delete time:3.719329833984375e-05
delete time:3.0279159545898438e-05
delete time:2.4080276489257812e-05
delete time:4.649162292480469e-05
delete time:3.075599670410156e-05
delete time:2.4080276489257812e-05
delete time:2.7894973754882812e-05
delete time:4.649162292480469e-05
delete time:4.3392181396484375e-05
delete time:3.266334533691406e-05
delete time:3.4332275390625e-05
delete time:2.288818359375e-05
delete time:2.2172927856445312e-05
delete time:2.956390380859375e-05
delete time:2.9087066650390625e-05
delete time:2.7894973754882812e-05
delete time:4.172325134277344e-05
delete time:3.1948089599609375e-05
delete time:3.8623809814453125e-05
delete time:2.5510787963867188e-05
delete time:2.47955322265625e-05
delete time:2.002716064453125e-05
delete time:2.5987625122070312e-05
delete time:3.409385681152344e-05
delete time:3.910064697265625e-05
delete time:4.38690185546875e-05
delete time:3.314018249511719e-05
delete time:2.8371810913085938e-05
delete time:3.790855407714844e-05
delete time:2.2172927856445312e-05
delete time:2.0742416381835938e-05
delete time:3.528594970703125e-05
delete time:3.2901763916015625e-05
delete time:3.337860107421875e-05
delete time:2.6941299438476562e-05
delete time:2.1696090698242188e-05
delete time:4.696846008300781e-05
delete time:4.744529724121094e-05
delete time:2.5272369384765625e-05
delete time:2.09808349609375e-05
delete time:3.886222839355469e-05
delete time:3.62396240234375e-05
delete time:2.574920654296875e-05
delete time:3.886222839355469e-05
delete time:1.8835067749023438e-05
delete time:3.695487976074219e-05
delete time:3.3855438232421875e-05
delete time:4.029273986816406e-05
delete time:3.600120544433594e-05
delete time:2.288818359375e-05
delete time:3.0994415283203125e-05
delete time:4.76837158203125e-05
delete time:2.9802322387695312e-05
delete time:2.6464462280273438e-05
delete time:3.0279159545898438e-05
delete time:3.24249267578125e-05
delete time:2.956390380859375e-05
delete time:3.123283386230469e-05
delete time:2.0742416381835938e-05
delete time:4.00543212890625e-05
delete time:2.0265579223632812e-05
delete time:3.0279159545898438e-05
delete time:4.4345855712890625e-05
delete time:2.4318695068359375e-05
delete time:3.0994415283203125e-05
delete time:4.9114227294921875e-05
delete time:2.1696090698242188e-05
delete time:4.4345855712890625e-05
delete time:2.9802322387695312e-05
delete time:4.172325134277344e-05
delete time:2.5033950805664062e-05
delete time:3.0040740966796875e-05
delete time:2.4080276489257812e-05
delete time:2.956390380859375e-05
delete time:3.743171691894531e-05
delete time:2.1219253540039062e-05
delete time:2.3126602172851562e-05
delete time:1.9550323486328125e-05
delete time:4.029273986816406e-05
delete time:2.2411346435546875e-05
delete time:4.0531158447265625e-05
delete time:2.09808349609375e-05
delete time:2.4318695068359375e-05
delete time:2.8371810913085938e-05
delete time:2.384185791015625e-05
delete time:4.172325134277344e-05
delete time:4.6253204345703125e-05
delete time:2.3603439331054688e-05
delete time:2.288818359375e-05
delete time:1.9073486328125e-05
delete time:3.4332275390625e-05
delete time:2.765655517578125e-05
delete time:4.076957702636719e-05
delete time:2.6941299438476562e-05
delete time:4.076957702636719e-05
delete time:2.1457672119140625e-05
delete time:3.743171691894531e-05
delete time:2.7179718017578125e-05
delete time:4.410743713378906e-05
delete time:3.5762786865234375e-05
delete time:3.5762786865234375e-05
delete time:3.170967102050781e-05
delete time:2.6226043701171875e-05
delete time:3.0040740966796875e-05
delete time:4.410743713378906e-05
delete time:2.765655517578125e-05
delete time:3.3855438232421875e-05
delete time:2.7894973754882812e-05
delete time:3.075599670410156e-05
delete time:2.2649765014648438e-05
delete time:2.2172927856445312e-05
delete time:4.601478576660156e-05
delete time:3.123283386230469e-05
delete time:3.7670135498046875e-05
delete time:2.7179718017578125e-05
delete time:3.910064697265625e-05
delete time:2.288818359375e-05
delete time:2.86102294921875e-05
delete time:3.314018249511719e-05
delete time:3.409385681152344e-05
delete time:2.6464462280273438e-05
delete time:4.458427429199219e-05
delete time:2.1219253540039062e-05
delete time:1.7881393432617188e-05
delete time:3.552436828613281e-05
delete time:3.0040740966796875e-05
delete time:3.695487976074219e-05
delete time:1.9788742065429688e-05
delete time:3.4332275390625e-05
delete time:3.0279159545898438e-05
delete time:5.221366882324219e-05
delete time:1.9073486328125e-05
delete time:3.170967102050781e-05
delete time:3.790855407714844e-05
delete time:3.814697265625e-05
delete time:2.193450927734375e-05
delete time:1.9788742065429688e-05
delete time:1.9550323486328125e-05
delete time:3.170967102050781e-05
delete time:1.7404556274414062e-05
delete time:3.123283386230469e-05
delete time:3.0040740966796875e-05
delete time:2.3365020751953125e-05
delete time:2.765655517578125e-05
delete time:2.9325485229492188e-05
delete time:2.09808349609375e-05
delete time:2.7418136596679688e-05
delete time:3.504753112792969e-05
delete time:4.696846008300781e-05
delete time:3.266334533691406e-05
delete time:2.1457672119140625e-05
delete time:4.315376281738281e-05
delete time:3.719329833984375e-05
delete time:3.910064697265625e-05
delete time:3.337860107421875e-05
delete time:2.193450927734375e-05
delete time:3.337860107421875e-05
delete time:1.9073486328125e-05
delete time:2.8133392333984375e-05
delete time:2.6464462280273438e-05
delete time:2.288818359375e-05
delete time:2.5272369384765625e-05
delete time:2.2172927856445312e-05
delete time:1.9788742065429688e-05
delete time:2.0265579223632812e-05
delete time:4.887580871582031e-05
delete time:2.2411346435546875e-05
delete time:1.7404556274414062e-05
delete time:2.6464462280273438e-05
delete time:2.4557113647460938e-05
delete time:5.078315734863281e-05
delete time:4.00543212890625e-05
delete time:3.409385681152344e-05
delete time:1.9550323486328125e-05
delete time:2.1219253540039062e-05
delete time:2.6226043701171875e-05
delete time:2.8848648071289062e-05
delete time:3.4809112548828125e-05
delete time:2.6226043701171875e-05
delete time:2.5987625122070312e-05
delete time:3.24249267578125e-05
delete time:2.765655517578125e-05
delete time:1.7881393432617188e-05
delete time:3.0517578125e-05
delete time:3.5762786865234375e-05
delete time:2.574920654296875e-05
delete time:3.3855438232421875e-05
delete time:2.6702880859375e-05
delete time:2.1219253540039062e-05
delete time:2.5510787963867188e-05
delete time:3.7670135498046875e-05
delete time:2.7894973754882812e-05
delete time:3.457069396972656e-05
delete time:2.8371810913085938e-05
delete time:3.62396240234375e-05
delete time:3.075599670410156e-05
delete time:2.8133392333984375e-05
delete time:4.00543212890625e-05
delete time:2.9087066650390625e-05
delete time:4.00543212890625e-05
delete time:3.9577484130859375e-05
delete time:2.4080276489257812e-05
delete time:3.528594970703125e-05
delete time:3.647804260253906e-05
delete time:3.409385681152344e-05
delete time:5.1021575927734375e-05
delete time:4.1961669921875e-05
delete time:3.409385681152344e-05
delete time:3.075599670410156e-05
delete time:3.743171691894531e-05
delete time:3.552436828613281e-05
delete time:3.24249267578125e-05
delete time:4.9591064453125e-05
delete time:2.956390380859375e-05
delete time:3.528594970703125e-05
delete time:5.5789947509765625e-05
delete time:3.933906555175781e-05
delete time:2.7894973754882812e-05
delete time:2.8848648071289062e-05
delete time:1.9311904907226562e-05
delete time:2.384185791015625e-05
delete time:2.4318695068359375e-05
delete time:2.7894973754882812e-05
delete time:3.0994415283203125e-05
delete time:2.8133392333984375e-05
delete time:2.9802322387695312e-05
delete time:2.3365020751953125e-05
delete time:4.100799560546875e-05
delete time:3.719329833984375e-05
delete time:4.172325134277344e-05
delete time:4.7206878662109375e-05
delete time:3.457069396972656e-05
delete time:3.647804260253906e-05
delete time:3.504753112792969e-05
delete time:2.5987625122070312e-05
delete time:2.6702880859375e-05
delete time:4.029273986816406e-05
delete time:4.267692565917969e-05
delete time:2.5510787963867188e-05
delete time:4.00543212890625e-05
delete time:3.266334533691406e-05
delete time:3.218650817871094e-05
delete time:2.6702880859375e-05
delete time:3.0040740966796875e-05
delete time:3.123283386230469e-05
delete time:3.695487976074219e-05
delete time:3.528594970703125e-05
delete time:4.00543212890625e-05
delete time:3.266334533691406e-05
delete time:4.220008850097656e-05
delete time:3.0040740966796875e-05
delete time:2.8371810913085938e-05
delete time:2.9325485229492188e-05
delete time:3.743171691894531e-05
delete time:3.5762786865234375e-05
delete time:3.218650817871094e-05
delete time:3.838539123535156e-05
delete time:2.8371810913085938e-05
delete time:2.0503997802734375e-05
delete time:3.2901763916015625e-05
delete time:3.552436828613281e-05
delete time:3.6716461181640625e-05
delete time:1.9311904907226562e-05
delete time:1.9788742065429688e-05
delete time:2.86102294921875e-05
delete time:2.6226043701171875e-05
delete time:3.552436828613281e-05
delete time:5.221366882324219e-05
delete time:3.0517578125e-05
delete time:3.4809112548828125e-05
delete time:2.7179718017578125e-05
delete time:3.4809112548828125e-05
delete time:5.269050598144531e-05
delete time:2.47955322265625e-05
delete time:2.5510787963867188e-05
delete time:2.4557113647460938e-05
delete time:2.765655517578125e-05
delete time:2.5033950805664062e-05
delete time:4.792213439941406e-05
delete time:3.123283386230469e-05
delete time:3.4809112548828125e-05
delete time:2.1457672119140625e-05
delete time:2.9087066650390625e-05
delete time:3.8623809814453125e-05
delete time:2.6464462280273438e-05
delete time:3.504753112792969e-05
delete time:4.458427429199219e-05
delete time:4.482269287109375e-05
delete time:2.574920654296875e-05
delete time:3.552436828613281e-05
delete time:4.029273986816406e-05
delete time:2.8848648071289062e-05
delete time:4.6253204345703125e-05
delete time:4.076957702636719e-05
delete time:5.2928924560546875e-05
delete time:4.029273986816406e-05
delete time:2.5272369384765625e-05
delete time:3.337860107421875e-05
delete time:2.8133392333984375e-05
delete time:3.7670135498046875e-05
delete time:2.956390380859375e-05
delete time:3.0040740966796875e-05
delete time:3.170967102050781e-05
delete time:4.458427429199219e-05
delete time:3.457069396972656e-05
delete time:4.673004150390625e-05
delete time:3.0517578125e-05
delete time:2.8848648071289062e-05
delete time:4.7206878662109375e-05
delete time:4.315376281738281e-05
delete time:2.7179718017578125e-05
delete time:3.123283386230469e-05
delete time:4.3392181396484375e-05
delete time:2.6941299438476562e-05
delete time:3.1948089599609375e-05
delete time:3.981590270996094e-05
delete time:2.86102294921875e-05
delete time:2.384185791015625e-05
delete time:3.790855407714844e-05
delete time:4.6253204345703125e-05
delete time:2.6226043701171875e-05
delete time:5.7697296142578125e-05
delete time:4.076957702636719e-05
delete time:3.9577484130859375e-05
delete time:2.6464462280273438e-05
delete time:3.62396240234375e-05
delete time:2.765655517578125e-05
delete time:3.0040740966796875e-05
delete time:3.552436828613281e-05
delete time:1.8835067749023438e-05
delete time:3.790855407714844e-05
delete time:3.409385681152344e-05
delete time:4.315376281738281e-05
delete time:5.221366882324219e-05
delete time:2.5510787963867188e-05
delete time:4.172325134277344e-05
delete time:4.291534423828125e-05
delete time:3.552436828613281e-05
delete time:3.62396240234375e-05
delete time:2.9325485229492188e-05
delete time:3.838539123535156e-05
delete time:4.57763671875e-05
delete time:3.814697265625e-05
delete time:3.719329833984375e-05
delete time:2.5033950805664062e-05
delete time:3.933906555175781e-05
delete time:2.3126602172851562e-05
delete time:4.267692565917969e-05
delete time:3.075599670410156e-05
delete time:2.5510787963867188e-05
delete time:2.3603439331054688e-05
delete time:4.3392181396484375e-05
delete time:2.4080276489257812e-05
delete time:4.4345855712890625e-05
delete time:4.482269287109375e-05
delete time:4.267692565917969e-05
delete time:3.24249267578125e-05
delete time:4.506111145019531e-05
delete time:2.9087066650390625e-05
delete time:4.601478576660156e-05
delete time:4.935264587402344e-05
delete time:2.002716064453125e-05
delete time:5.054473876953125e-05
delete time:2.574920654296875e-05
delete time:2.4318695068359375e-05
delete time:3.337860107421875e-05
delete time:2.8371810913085938e-05
delete time:2.3126602172851562e-05
delete time:1.9073486328125e-05
delete time:2.3126602172851562e-05
delete time:3.910064697265625e-05
delete time:3.147125244140625e-05
delete time:4.220008850097656e-05
delete time:3.337860107421875e-05
delete time:4.57763671875e-05
delete time:3.719329833984375e-05
delete time:3.6716461181640625e-05
delete time:3.6716461181640625e-05
delete time:4.220008850097656e-05
delete time:3.409385681152344e-05
delete time:2.4318695068359375e-05
delete time:2.9325485229492188e-05
delete time:3.266334533691406e-05
delete time:3.266334533691406e-05
delete time:2.6702880859375e-05
delete time:2.5033950805664062e-05
delete time:3.24249267578125e-05
delete time:3.123283386230469e-05
delete time:2.3365020751953125e-05
delete time:2.0503997802734375e-05
delete time:2.9802322387695312e-05
delete time:2.5510787963867188e-05
delete time:4.649162292480469e-05
delete time:4.029273986816406e-05
delete time:2.6941299438476562e-05
delete time:3.266334533691406e-05
delete time:3.0040740966796875e-05
delete time:2.4080276489257812e-05
delete time:3.337860107421875e-05
delete time:3.886222839355469e-05
delete time:2.6941299438476562e-05
delete time:1.8835067749023438e-05
delete time:2.8371810913085938e-05
delete time:2.574920654296875e-05
delete time:5.316734313964844e-05
delete time:3.528594970703125e-05
delete time:2.7894973754882812e-05
delete time:4.363059997558594e-05
delete time:3.62396240234375e-05
delete time:2.3126602172851562e-05
delete time:3.123283386230469e-05
delete time:5.0067901611328125e-05
delete time:4.100799560546875e-05
delete time:5.030632019042969e-05
delete time:3.695487976074219e-05
delete time:2.4318695068359375e-05
delete time:2.4080276489257812e-05
delete time:3.8623809814453125e-05
delete time:3.981590270996094e-05
delete time:4.744529724121094e-05
delete time:4.00543212890625e-05
delete time:4.267692565917969e-05
delete time:3.075599670410156e-05
delete time:3.314018249511719e-05
delete time:4.124641418457031e-05
delete time:3.552436828613281e-05
delete time:2.6464462280273438e-05
delete time:3.528594970703125e-05
delete time:3.0040740966796875e-05
delete time:4.00543212890625e-05
delete time:2.86102294921875e-05
delete time:2.8133392333984375e-05
delete time:3.266334533691406e-05
delete time:3.4332275390625e-05
delete time:2.2649765014648438e-05
delete time:3.719329833984375e-05
delete time:4.172325134277344e-05
delete time:2.2411346435546875e-05
delete time:3.0279159545898438e-05
delete time:2.86102294921875e-05
delete time:2.574920654296875e-05
delete time:2.0265579223632812e-05
delete time:4.863739013671875e-05
delete time:4.267692565917969e-05
delete time:2.47955322265625e-05
delete time:2.4557113647460938e-05
delete time:3.9577484130859375e-05
delete time:2.6464462280273438e-05
delete time:2.1696090698242188e-05
delete time:2.5510787963867188e-05
delete time:2.288818359375e-05
delete time:3.8623809814453125e-05
delete time:4.482269287109375e-05
delete time:3.0994415283203125e-05
delete time:2.1457672119140625e-05
delete time:3.147125244140625e-05
delete time:3.647804260253906e-05
delete time:3.0517578125e-05
delete time:3.5762786865234375e-05
delete time:3.790855407714844e-05
delete time:3.0279159545898438e-05
delete time:4.00543212890625e-05
delete time:3.4809112548828125e-05
delete time:4.172325134277344e-05
delete time:2.6226043701171875e-05
delete time:3.9577484130859375e-05
delete time:2.7179718017578125e-05
delete time:2.9802322387695312e-05
delete time:3.361701965332031e-05
delete time:1.811981201171875e-05
delete time:4.076957702636719e-05
delete time:3.1948089599609375e-05
delete time:2.8133392333984375e-05
delete time:3.6716461181640625e-05
delete time:3.457069396972656e-05
delete time:2.4557113647460938e-05
delete time:2.5987625122070312e-05
delete time:3.457069396972656e-05
delete time:3.170967102050781e-05
delete time:3.0279159545898438e-05
delete time:4.1961669921875e-05
delete time:4.6253204345703125e-05
delete time:4.00543212890625e-05
delete time:5.030632019042969e-05
delete time:2.5987625122070312e-05
delete time:3.504753112792969e-05
delete time:4.9114227294921875e-05
delete time:2.7894973754882812e-05
delete time:2.384185791015625e-05
delete time:2.8848648071289062e-05
delete time:2.0742416381835938e-05
delete time:4.696846008300781e-05
delete time:2.6702880859375e-05
delete time:2.1219253540039062e-05
delete time:3.0994415283203125e-05
delete time:2.9802322387695312e-05
delete time:3.790855407714844e-05
delete time:2.2649765014648438e-05
delete time:4.100799560546875e-05
delete time:2.8371810913085938e-05
delete time:3.647804260253906e-05
delete time:2.5272369384765625e-05
delete time:3.2901763916015625e-05
delete time:3.2901763916015625e-05
delete time:4.839897155761719e-05
delete time:3.409385681152344e-05
delete time:0.0001659393310546875
delete time:0.0002455711364746094
delete time:0.0001628398895263672
delete time:0.00013256072998046875
delete time:0.00012969970703125
delete time:0.0002543926239013672
delete time:0.00011873245239257812
delete time:7.82012939453125e-05
delete time:6.270408630371094e-05
delete time:3.9577484130859375e-05
delete time:8.463859558105469e-05
delete time:8.511543273925781e-05
delete time:5.459785461425781e-05
delete time:6.771087646484375e-05
delete time:0.00012373924255371094
delete time:8.630752563476562e-05
delete time:4.00543212890625e-05
delete time:6.318092346191406e-05
delete time:5.7220458984375e-05
delete time:8.320808410644531e-05
delete time:6.270408630371094e-05
delete time:8.535385131835938e-05
delete time:6.4849853515625e-05
delete time:0.00010156631469726562
delete time:2.6226043701171875e-05
delete time:6.604194641113281e-05
delete time:7.2479248046875e-05
delete time:5.91278076171875e-05
delete time:6.842613220214844e-05
delete time:5.626678466796875e-05
delete time:4.482269287109375e-05
delete time:3.075599670410156e-05
delete time:3.743171691894531e-05
delete time:4.673004150390625e-05
delete time:6.556510925292969e-05
delete time:5.173683166503906e-05
delete time:3.4332275390625e-05
delete time:7.224082946777344e-05
delete time:6.151199340820312e-05
delete time:3.7670135498046875e-05
delete time:7.43865966796875e-05
delete time:2.765655517578125e-05
delete time:3.0279159545898438e-05
delete time:5.173683166503906e-05
delete time:9.489059448242188e-05
delete time:6.270408630371094e-05
delete time:4.291534423828125e-05
delete time:5.793571472167969e-05
delete time:5.340576171875e-05
delete time:3.62396240234375e-05
delete time:2.002716064453125e-05
delete time:4.57763671875e-05
delete time:3.719329833984375e-05
delete time:5.53131103515625e-05
delete time:3.7670135498046875e-05
delete time:5.435943603515625e-05
delete time:3.3855438232421875e-05
delete time:5.9604644775390625e-05
delete time:6.270408630371094e-05
delete time:5.030632019042969e-05
delete time:6.556510925292969e-05
delete time:3.886222839355469e-05
delete time:6.580352783203125e-05
delete time:5.7697296142578125e-05
delete time:4.6253204345703125e-05
delete time:4.267692565917969e-05
delete time:2.4080276489257812e-05
delete time:5.507469177246094e-05
delete time:2.5987625122070312e-05
delete time:2.956390380859375e-05
delete time:5.078315734863281e-05
delete time:2.288818359375e-05
delete time:3.3855438232421875e-05
delete time:5.602836608886719e-05
delete time:5.435943603515625e-05
delete time:3.266334533691406e-05
delete time:4.00543212890625e-05
delete time:4.2438507080078125e-05
delete time:5.745887756347656e-05
delete time:3.409385681152344e-05
delete time:4.792213439941406e-05
delete time:5.602836608886719e-05
delete time:2.9325485229492188e-05
delete time:5.030632019042969e-05
delete time:3.266334533691406e-05
delete time:4.76837158203125e-05
delete time:4.363059997558594e-05
delete time:3.790855407714844e-05
delete time:3.62396240234375e-05
delete time:4.744529724121094e-05
delete time:4.9591064453125e-05
delete time:3.600120544433594e-05
delete time:2.86102294921875e-05
delete time:5.53131103515625e-05
delete time:6.67572021484375e-05
delete time:9.965896606445312e-05
delete time:4.649162292480469e-05
delete time:3.695487976074219e-05
delete time:7.224082946777344e-05
delete time:4.76837158203125e-05
delete time:3.647804260253906e-05
delete time:4.1484832763671875e-05
delete time:5.6743621826171875e-05
delete time:5.1021575927734375e-05
delete time:2.4557113647460938e-05
delete time:7.843971252441406e-05
delete time:5.4836273193359375e-05
delete time:2.4080276489257812e-05
delete time:5.698204040527344e-05
delete time:2.2649765014648438e-05
delete time:5.626678466796875e-05
delete time:5.745887756347656e-05
delete time:5.078315734863281e-05
delete time:4.267692565917969e-05
delete time:3.4809112548828125e-05
delete time:4.124641418457031e-05
delete time:4.2438507080078125e-05
delete time:5.9604644775390625e-05
delete time:3.409385681152344e-05
delete time:3.838539123535156e-05
delete time:5.602836608886719e-05
delete time:3.0517578125e-05
delete time:4.1484832763671875e-05
delete time:3.5762786865234375e-05
delete time:4.6253204345703125e-05
delete time:3.314018249511719e-05
delete time:3.528594970703125e-05
delete time:3.0040740966796875e-05
delete time:4.744529724121094e-05
delete time:4.267692565917969e-05
delete time:7.200241088867188e-05
delete time:4.744529724121094e-05
delete time:3.1948089599609375e-05
delete time:4.5299530029296875e-05
delete time:2.3603439331054688e-05
delete time:2.765655517578125e-05
delete time:5.745887756347656e-05
delete time:4.696846008300781e-05
delete time:5.936622619628906e-05
delete time:2.6226043701171875e-05
delete time:3.4332275390625e-05
delete time:2.765655517578125e-05
delete time:3.24249267578125e-05
delete time:2.8371810913085938e-05
delete time:3.361701965332031e-05
delete time:2.5510787963867188e-05
delete time:3.5762786865234375e-05
delete time:4.0531158447265625e-05
delete time:4.291534423828125e-05
delete time:3.790855407714844e-05
delete time:4.673004150390625e-05
delete time:4.76837158203125e-05
delete time:5.793571472167969e-05
delete time:7.271766662597656e-05
delete time:4.5299530029296875e-05
delete time:4.291534423828125e-05
delete time:3.62396240234375e-05
delete time:3.743171691894531e-05
delete time:4.792213439941406e-05
delete time:3.170967102050781e-05
delete time:5.888938903808594e-05
delete time:2.7179718017578125e-05
delete time:3.62396240234375e-05
delete time:3.24249267578125e-05
delete time:3.838539123535156e-05
delete time:3.075599670410156e-05
delete time:3.0517578125e-05
delete time:3.504753112792969e-05
delete time:5.173683166503906e-05
delete time:3.4809112548828125e-05
delete time:4.744529724121094e-05
delete time:4.863739013671875e-05
delete time:3.2901763916015625e-05
delete time:2.86102294921875e-05
delete time:4.696846008300781e-05
delete time:3.743171691894531e-05
delete time:3.6716461181640625e-05
delete time:3.504753112792969e-05
delete time:4.5299530029296875e-05
delete time:3.3855438232421875e-05
delete time:4.315376281738281e-05
delete time:4.982948303222656e-05
delete time:4.38690185546875e-05
delete time:2.86102294921875e-05
delete time:2.7418136596679688e-05
delete time:3.409385681152344e-05
delete time:2.5510787963867188e-05
delete time:3.8623809814453125e-05
delete time:5.078315734863281e-05
delete time:4.1484832763671875e-05
delete time:3.4809112548828125e-05
delete time:2.7894973754882812e-05
delete time:5.14984130859375e-05
delete time:5.14984130859375e-05
delete time:3.528594970703125e-05
delete time:3.6716461181640625e-05
delete time:3.1948089599609375e-05
delete time:3.552436828613281e-05
delete time:3.838539123535156e-05
delete time:4.410743713378906e-05
delete time:2.3365020751953125e-05
delete time:3.0040740966796875e-05
delete time:2.86102294921875e-05
delete time:3.5762786865234375e-05
delete time:2.4318695068359375e-05
delete time:2.6941299438476562e-05
delete time:2.8371810913085938e-05
delete time:3.743171691894531e-05
delete time:3.147125244140625e-05
delete time:4.9591064453125e-05
delete time:5.507469177246094e-05
delete time:2.0503997802734375e-05
delete time:4.696846008300781e-05
delete time:3.337860107421875e-05
delete time:2.5987625122070312e-05
delete time:3.933906555175781e-05
delete time:3.933906555175781e-05
delete time:3.7670135498046875e-05
delete time:4.649162292480469e-05
delete time:3.838539123535156e-05
delete time:2.9087066650390625e-05
delete time:3.8623809814453125e-05
delete time:4.315376281738281e-05
delete time:2.1696090698242188e-05
delete time:3.719329833984375e-05
delete time:2.8371810913085938e-05
delete time:6.103515625e-05
delete time:3.075599670410156e-05
delete time:4.57763671875e-05
delete time:3.886222839355469e-05
delete time:4.38690185546875e-05
delete time:3.457069396972656e-05
delete time:4.100799560546875e-05
delete time:2.288818359375e-05
delete time:3.910064697265625e-05
delete time:3.719329833984375e-05
delete time:4.506111145019531e-05
delete time:2.4080276489257812e-05
delete time:3.266334533691406e-05
delete time:3.719329833984375e-05
delete time:4.9591064453125e-05
delete time:4.220008850097656e-05
delete time:2.4557113647460938e-05
delete time:5.245208740234375e-05
delete time:2.956390380859375e-05
delete time:4.029273986816406e-05
delete time:3.886222839355469e-05
delete time:3.814697265625e-05
delete time:3.695487976074219e-05
delete time:4.76837158203125e-05
delete time:4.315376281738281e-05
delete time:4.482269287109375e-05
delete time:4.220008850097656e-05
delete time:3.8623809814453125e-05
delete time:4.839897155761719e-05
delete time:4.5299530029296875e-05
delete time:5.1975250244140625e-05
delete time:4.2438507080078125e-05
delete time:2.8848648071289062e-05
delete time:4.5299530029296875e-05
delete time:4.124641418457031e-05
delete time:5.2928924560546875e-05
delete time:3.1948089599609375e-05
delete time:4.839897155761719e-05
delete time:3.647804260253906e-05
delete time:3.170967102050781e-05
delete time:3.814697265625e-05
delete time:2.2649765014648438e-05
delete time:4.124641418457031e-05
delete time:1.7881393432617188e-05
delete time:3.7670135498046875e-05
delete time:4.124641418457031e-05
delete time:5.316734313964844e-05
delete time:4.172325134277344e-05
delete time:4.124641418457031e-05
delete time:4.00543212890625e-05
delete time:4.744529724121094e-05
delete time:3.337860107421875e-05
delete time:4.3392181396484375e-05
delete time:3.981590270996094e-05
delete time:5.14984130859375e-05
delete time:1.8358230590820312e-05
delete time:2.7179718017578125e-05
delete time:4.6253204345703125e-05
delete time:2.8371810913085938e-05
delete time:3.0040740966796875e-05
delete time:3.0994415283203125e-05
delete time:3.552436828613281e-05
delete time:5.340576171875e-05
delete time:2.7418136596679688e-05
delete time:4.0531158447265625e-05
delete time:2.86102294921875e-05
delete time:2.574920654296875e-05
delete time:4.267692565917969e-05
delete time:3.1948089599609375e-05
delete time:4.792213439941406e-05
delete time:3.9577484130859375e-05
delete time:2.9087066650390625e-05
delete time:3.314018249511719e-05
delete time:4.3392181396484375e-05
delete time:5.173683166503906e-05
delete time:4.029273986816406e-05
delete time:3.528594970703125e-05
delete time:4.5299530029296875e-05
delete time:4.029273986816406e-05
delete time:1.9550323486328125e-05
delete time:4.887580871582031e-05
delete time:3.2901763916015625e-05
delete time:3.0040740966796875e-05
delete time:3.1948089599609375e-05
delete time:2.765655517578125e-05
delete time:3.5762786865234375e-05
delete time:3.600120544433594e-05
delete time:2.8371810913085938e-05
delete time:3.457069396972656e-05
delete time:3.4809112548828125e-05
delete time:2.3126602172851562e-05
delete time:3.552436828613281e-05
delete time:3.24249267578125e-05
delete time:2.6226043701171875e-05
delete time:3.9577484130859375e-05
delete time:2.8848648071289062e-05
delete time:3.0994415283203125e-05
delete time:3.6716461181640625e-05
delete time:4.410743713378906e-05
delete time:2.86102294921875e-05
delete time:3.218650817871094e-05
delete time:3.838539123535156e-05
delete time:2.5033950805664062e-05
delete time:2.288818359375e-05
delete time:2.5510787963867188e-05
delete time:3.0040740966796875e-05
delete time:3.743171691894531e-05
delete time:3.24249267578125e-05
delete time:2.5987625122070312e-05
delete time:2.3126602172851562e-05
delete time:2.3126602172851562e-05
delete time:3.719329833984375e-05
delete time:2.9802322387695312e-05
delete time:2.6464462280273438e-05
delete time:3.361701965332031e-05
delete time:2.574920654296875e-05
delete time:2.47955322265625e-05
delete time:4.57763671875e-05
delete time:4.029273986816406e-05
delete time:3.075599670410156e-05
delete time:3.600120544433594e-05
delete time:3.361701965332031e-05
delete time:4.220008850097656e-05
delete time:4.172325134277344e-05
delete time:3.361701965332031e-05
delete time:3.361701965332031e-05
delete time:2.574920654296875e-05
delete time:4.9591064453125e-05
delete time:4.3392181396484375e-05
delete time:3.1948089599609375e-05
delete time:4.410743713378906e-05
delete time:2.4080276489257812e-05
delete time:4.57763671875e-05
delete time:3.075599670410156e-05
delete time:3.719329833984375e-05
delete time:2.47955322265625e-05
delete time:3.0279159545898438e-05
delete time:2.7418136596679688e-05
delete time:2.956390380859375e-05
delete time:3.0517578125e-05
delete time:4.38690185546875e-05
delete time:2.7179718017578125e-05
delete time:3.4809112548828125e-05
delete time:3.4332275390625e-05
delete time:2.8133392333984375e-05
delete time:2.9087066650390625e-05
delete time:4.100799560546875e-05
delete time:5.555152893066406e-05
delete time:2.9802322387695312e-05
delete time:3.695487976074219e-05
delete time:3.647804260253906e-05
delete time:3.457069396972656e-05
delete time:4.1484832763671875e-05
delete time:3.504753112792969e-05
delete time:4.410743713378906e-05
delete time:5.054473876953125e-05
delete time:2.9325485229492188e-05
delete time:2.4557113647460938e-05
delete time:4.7206878662109375e-05
delete time:4.291534423828125e-05
delete time:3.0040740966796875e-05
delete time:4.5299530029296875e-05
delete time:2.6464462280273438e-05
delete time:3.910064697265625e-05
delete time:4.315376281738281e-05
delete time:3.743171691894531e-05
delete time:4.0531158447265625e-05
delete time:3.6716461181640625e-05
delete time:5.269050598144531e-05
delete time:3.409385681152344e-05
delete time:3.123283386230469e-05
delete time:4.482269287109375e-05
delete time:3.1948089599609375e-05
delete time:3.1948089599609375e-05
delete time:2.384185791015625e-05
delete time:2.8133392333984375e-05
delete time:3.0279159545898438e-05
delete time:3.4809112548828125e-05
delete time:3.170967102050781e-05
delete time:2.193450927734375e-05
delete time:3.7670135498046875e-05
delete time:3.9577484130859375e-05
delete time:4.1484832763671875e-05
delete time:3.0040740966796875e-05
delete time:3.075599670410156e-05
delete time:4.029273986816406e-05
delete time:4.935264587402344e-05
delete time:3.6716461181640625e-05
delete time:3.266334533691406e-05
delete time:3.695487976074219e-05
delete time:5.125999450683594e-05
delete time:3.981590270996094e-05
delete time:2.7894973754882812e-05
delete time:1.7881393432617188e-05
delete time:4.1484832763671875e-05
delete time:4.744529724121094e-05
delete time:2.8848648071289062e-05
delete time:3.910064697265625e-05
delete time:3.4809112548828125e-05
delete time:3.0517578125e-05
delete time:2.5033950805664062e-05
delete time:2.9802322387695312e-05
delete time:4.363059997558594e-05
delete time:3.075599670410156e-05
delete time:3.266334533691406e-05
delete time:3.409385681152344e-05
delete time:2.3603439331054688e-05
delete time:3.790855407714844e-05
delete time:2.2411346435546875e-05
delete time:2.8133392333984375e-05
delete time:4.0531158447265625e-05
delete time:3.5762786865234375e-05
delete time:2.7179718017578125e-05
delete time:2.8133392333984375e-05
delete time:4.172325134277344e-05
delete time:2.6226043701171875e-05
delete time:3.337860107421875e-05
delete time:5.793571472167969e-05
delete time:4.220008850097656e-05
delete time:4.458427429199219e-05
delete time:3.457069396972656e-05
delete time:3.814697265625e-05
delete time:4.100799560546875e-05
delete time:4.00543212890625e-05
delete time:2.384185791015625e-05
delete time:3.4809112548828125e-05
delete time:5.1021575927734375e-05
delete time:2.5272369384765625e-05
delete time:2.86102294921875e-05
delete time:3.0994415283203125e-05
delete time:3.528594970703125e-05
delete time:2.765655517578125e-05
delete time:4.601478576660156e-05
delete time:2.5510787963867188e-05
delete time:4.2438507080078125e-05
delete time:4.220008850097656e-05
delete time:2.765655517578125e-05
delete time:5.793571472167969e-05
delete time:3.5762786865234375e-05
delete time:4.4345855712890625e-05
delete time:3.4332275390625e-05
delete time:4.00543212890625e-05
delete time:1.9550323486328125e-05
delete time:3.981590270996094e-05
delete time:3.361701965332031e-05
delete time:2.7418136596679688e-05
delete time:3.7670135498046875e-05
delete time:4.410743713378906e-05
delete time:2.574920654296875e-05
delete time:4.291534423828125e-05
delete time:3.0517578125e-05
delete time:4.3392181396484375e-05
delete time:3.0517578125e-05
delete time:3.0279159545898438e-05
delete time:2.6941299438476562e-05
delete time:3.552436828613281e-05
delete time:4.2438507080078125e-05
delete time:3.147125244140625e-05
delete time:3.0517578125e-05
delete time:3.5762786865234375e-05
delete time:2.7894973754882812e-05
delete time:4.315376281738281e-05
delete time:3.743171691894531e-05
delete time:2.765655517578125e-05
delete time:2.5510787963867188e-05
delete time:3.7670135498046875e-05
delete time:3.5762786865234375e-05
delete time:3.0040740966796875e-05
delete time:3.838539123535156e-05
delete time:2.7418136596679688e-05
delete time:2.1219253540039062e-05
delete time:4.38690185546875e-05
delete time:3.886222839355469e-05
delete time:2.8133392333984375e-05
delete time:5.745887756347656e-05
delete time:3.2901763916015625e-05
delete time:2.09808349609375e-05
delete time:4.124641418457031e-05
delete time:2.9325485229492188e-05
delete time:3.266334533691406e-05
delete time:5.030632019042969e-05
delete time:3.695487976074219e-05
delete time:3.528594970703125e-05
delete time:4.458427429199219e-05
delete time:3.647804260253906e-05
delete time:3.528594970703125e-05
delete time:3.337860107421875e-05
delete time:4.601478576660156e-05
delete time:3.1948089599609375e-05
delete time:2.6702880859375e-05
delete time:2.6226043701171875e-05
delete time:3.457069396972656e-05
delete time:3.6716461181640625e-05
delete time:2.6941299438476562e-05
delete time:2.5510787963867188e-05
delete time:3.838539123535156e-05
delete time:4.076957702636719e-05
delete time:2.9087066650390625e-05
delete time:2.2649765014648438e-05
delete time:3.528594970703125e-05
delete time:2.8848648071289062e-05
delete time:2.86102294921875e-05
delete time:3.170967102050781e-05
delete time:4.1961669921875e-05
delete time:4.601478576660156e-05
delete time:3.1948089599609375e-05
delete time:2.6464462280273438e-05
delete time:3.5762786865234375e-05
delete time:2.3365020751953125e-05
delete time:3.1948089599609375e-05
delete time:3.0279159545898438e-05
delete time:2.8133392333984375e-05
delete time:3.3855438232421875e-05
delete time:3.409385681152344e-05
delete time:2.4557113647460938e-05
delete time:4.744529724121094e-05
delete time:3.2901763916015625e-05
delete time:2.5510787963867188e-05
delete time:3.266334533691406e-05
delete time:3.981590270996094e-05
delete time:3.743171691894531e-05
delete time:3.886222839355469e-05
delete time:2.384185791015625e-05
delete time:3.62396240234375e-05
delete time:2.8848648071289062e-05
delete time:2.3365020751953125e-05
delete time:4.601478576660156e-05
delete time:3.24249267578125e-05
delete time:2.1457672119140625e-05
delete time:4.2438507080078125e-05
delete time:4.100799560546875e-05
delete time:2.3126602172851562e-05
delete time:2.4080276489257812e-05
delete time:2.6702880859375e-05
delete time:3.361701965332031e-05
delete time:3.0994415283203125e-05
delete time:3.075599670410156e-05
delete time:2.6226043701171875e-05
delete time:3.6716461181640625e-05
delete time:4.2438507080078125e-05
delete time:3.2901763916015625e-05
delete time:3.5762786865234375e-05
delete time:3.24249267578125e-05
delete time:2.2411346435546875e-05
delete time:2.9802322387695312e-05
delete time:3.1948089599609375e-05
delete time:5.221366882324219e-05
delete time:2.5272369384765625e-05
delete time:4.363059997558594e-05
delete time:2.0742416381835938e-05
delete time:2.9087066650390625e-05
delete time:3.314018249511719e-05
delete time:3.719329833984375e-05
delete time:2.5987625122070312e-05
delete time:1.7642974853515625e-05
delete time:2.6941299438476562e-05
delete time:3.266334533691406e-05
delete time:4.744529724121094e-05
delete time:2.5272369384765625e-05
delete time:4.124641418457031e-05
delete time:3.7670135498046875e-05
delete time:2.6226043701171875e-05
delete time:2.86102294921875e-05
delete time:4.076957702636719e-05
delete time:1.9073486328125e-05
delete time:2.7418136596679688e-05
delete time:3.5762786865234375e-05
delete time:3.457069396972656e-05
delete time:3.147125244140625e-05
delete time:2.9802322387695312e-05
delete time:2.8848648071289062e-05
delete time:3.910064697265625e-05
delete time:2.956390380859375e-05
delete time:3.600120544433594e-05
delete time:3.1948089599609375e-05
delete time:3.504753112792969e-05
delete time:3.504753112792969e-05
delete time:3.743171691894531e-05
delete time:4.5299530029296875e-05
delete time:2.765655517578125e-05
delete time:4.315376281738281e-05
delete time:4.482269287109375e-05
delete time:3.218650817871094e-05
delete time:4.124641418457031e-05
delete time:2.4080276489257812e-05
delete time:2.1457672119140625e-05
delete time:2.8371810913085938e-05
delete time:4.506111145019531e-05
delete time:2.47955322265625e-05
delete time:3.1948089599609375e-05
delete time:2.9087066650390625e-05
delete time:3.933906555175781e-05
delete time:2.956390380859375e-05
delete time:2.86102294921875e-05
delete time:3.24249267578125e-05
delete time:3.0040740966796875e-05
delete time:2.86102294921875e-05
delete time:2.7418136596679688e-05
delete time:4.553794860839844e-05
delete time:3.075599670410156e-05
delete time:2.4318695068359375e-05
delete time:3.2901763916015625e-05
delete time:2.7418136596679688e-05
delete time:2.6226043701171875e-05
delete time:3.647804260253906e-05
delete time:3.218650817871094e-05
delete time:3.552436828613281e-05
delete time:2.3126602172851562e-05
delete time:3.147125244140625e-05
delete time:3.337860107421875e-05
delete time:4.100799560546875e-05
delete time:4.291534423828125e-05
delete time:3.5762786865234375e-05
delete time:3.695487976074219e-05
delete time:4.124641418457031e-05
delete time:2.9802322387695312e-05
delete time:3.266334533691406e-05
delete time:3.814697265625e-05
delete time:3.0040740966796875e-05
delete time:2.9325485229492188e-05
delete time:4.649162292480469e-05
delete time:3.218650817871094e-05
delete time:4.649162292480469e-05
delete time:2.5033950805664062e-05
delete time:2.86102294921875e-05
delete time:4.410743713378906e-05
delete time:3.361701965332031e-05
delete time:3.552436828613281e-05
delete time:3.4809112548828125e-05
delete time:3.123283386230469e-05
delete time:4.0531158447265625e-05
delete time:2.2172927856445312e-05
delete time:2.7894973754882812e-05
delete time:3.147125244140625e-05
delete time:2.7418136596679688e-05
delete time:3.910064697265625e-05
delete time:3.075599670410156e-05
delete time:3.3855438232421875e-05
delete time:2.6702880859375e-05
delete time:2.5510787963867188e-05
delete time:4.100799560546875e-05
delete time:3.600120544433594e-05
delete time:4.7206878662109375e-05
delete time:4.601478576660156e-05
delete time:2.2411346435546875e-05
delete time:2.4557113647460938e-05
delete time:2.9802322387695312e-05
delete time:2.4557113647460938e-05
delete time:2.7894973754882812e-05
delete time:2.2411346435546875e-05
delete time:3.147125244140625e-05
delete time:2.9325485229492188e-05
delete time:3.218650817871094e-05
delete time:2.7179718017578125e-05
delete time:4.172325134277344e-05
delete time:2.86102294921875e-05
delete time:4.673004150390625e-05
delete time:2.6941299438476562e-05
delete time:2.6464462280273438e-05
delete time:4.1961669921875e-05
delete time:2.7179718017578125e-05
delete time:4.00543212890625e-05
delete time:3.170967102050781e-05
delete time:2.6702880859375e-05
delete time:4.982948303222656e-05
delete time:2.3365020751953125e-05
delete time:3.1948089599609375e-05
delete time:3.719329833984375e-05
delete time:2.288818359375e-05
delete time:4.267692565917969e-05
delete time:4.8160552978515625e-05
delete time:3.0517578125e-05
delete time:2.9087066650390625e-05
delete time:5.030632019042969e-05
delete time:3.409385681152344e-05
delete time:3.24249267578125e-05
delete time:2.3365020751953125e-05
delete time:4.124641418457031e-05
delete time:3.528594970703125e-05
delete time:2.8848648071289062e-05
delete time:2.6702880859375e-05
delete time:2.3365020751953125e-05
delete time:3.24249267578125e-05
delete time:4.410743713378906e-05
delete time:3.4809112548828125e-05
delete time:3.886222839355469e-05
delete time:2.6226043701171875e-05
delete time:3.910064697265625e-05
delete time:4.9114227294921875e-05
delete time:4.482269287109375e-05
delete time:3.7670135498046875e-05
delete time:2.5033950805664062e-05
delete time:2.765655517578125e-05
delete time:2.5510787963867188e-05
delete time:2.765655517578125e-05
delete time:3.528594970703125e-05
delete time:2.6702880859375e-05
delete time:3.838539123535156e-05
delete time:3.695487976074219e-05
delete time:2.8371810913085938e-05
delete time:3.552436828613281e-05
delete time:2.765655517578125e-05
delete time:4.124641418457031e-05
delete time:2.193450927734375e-05
delete time:3.457069396972656e-05
delete time:3.1948089599609375e-05
delete time:2.7179718017578125e-05
delete time:3.910064697265625e-05
delete time:3.528594970703125e-05
delete time:3.7670135498046875e-05
delete time:3.314018249511719e-05
delete time:2.0265579223632812e-05
delete time:2.1696090698242188e-05
delete time:2.6226043701171875e-05
delete time:3.170967102050781e-05
delete time:2.765655517578125e-05
delete time:3.0994415283203125e-05
delete time:3.409385681152344e-05
delete time:2.9087066650390625e-05
delete time:2.7418136596679688e-05
delete time:2.5510787963867188e-05
delete time:2.5033950805664062e-05
delete time:2.0503997802734375e-05
delete time:2.6941299438476562e-05
delete time:2.384185791015625e-05
delete time:2.5510787963867188e-05
delete time:4.8160552978515625e-05
delete time:3.075599670410156e-05
delete time:2.8371810913085938e-05
delete time:3.0994415283203125e-05
delete time:4.410743713378906e-05
delete time:2.5987625122070312e-05
delete time:2.3126602172851562e-05
delete time:2.7418136596679688e-05
delete time:4.100799560546875e-05
delete time:3.8623809814453125e-05
delete time:2.1696090698242188e-05
delete time:2.4318695068359375e-05
delete time:3.0040740966796875e-05
delete time:2.7418136596679688e-05
delete time:4.00543212890625e-05
delete time:2.1219253540039062e-05
delete time:3.075599670410156e-05
delete time:4.1484832763671875e-05
delete time:2.7179718017578125e-05
delete time:3.147125244140625e-05
delete time:3.5762786865234375e-05
delete time:2.5033950805664062e-05
delete time:4.839897155761719e-05
delete time:4.4345855712890625e-05
delete time:2.4557113647460938e-05
delete time:2.9325485229492188e-05
delete time:2.7894973754882812e-05
delete time:2.0503997802734375e-05
delete time:3.2901763916015625e-05
delete time:2.956390380859375e-05
delete time:2.9087066650390625e-05
delete time:2.956390380859375e-05
delete time:1.6450881958007812e-05
delete time:3.743171691894531e-05
delete time:4.482269287109375e-05
delete time:2.7894973754882812e-05
delete time:3.719329833984375e-05
delete time:4.267692565917969e-05
delete time:3.4332275390625e-05
delete time:2.765655517578125e-05
delete time:3.361701965332031e-05
delete time:2.765655517578125e-05
delete time:2.8133392333984375e-05
delete time:2.47955322265625e-05
delete time:2.384185791015625e-05
delete time:2.1219253540039062e-05
delete time:2.574920654296875e-05
delete time:3.147125244140625e-05
delete time:2.4318695068359375e-05
delete time:2.7894973754882812e-05
delete time:3.170967102050781e-05
delete time:2.47955322265625e-05
delete time:5.3882598876953125e-05
delete time:3.8623809814453125e-05
delete time:4.553794860839844e-05
delete time:2.3365020751953125e-05
delete time:2.765655517578125e-05
delete time:5.2928924560546875e-05
delete time:2.2172927856445312e-05
delete time:3.0040740966796875e-05
delete time:3.24249267578125e-05
delete time:3.647804260253906e-05
delete time:3.814697265625e-05
delete time:3.552436828613281e-05
delete time:3.743171691894531e-05
delete time:5.91278076171875e-05
delete time:2.6702880859375e-05
delete time:3.9577484130859375e-05
delete time:3.266334533691406e-05
delete time:4.744529724121094e-05
delete time:2.6226043701171875e-05
delete time:2.09808349609375e-05
delete time:1.9311904907226562e-05
delete time:2.09808349609375e-05
delete time:4.267692565917969e-05
delete time:3.1948089599609375e-05
delete time:3.9577484130859375e-05
delete time:4.029273986816406e-05
delete time:3.123283386230469e-05
delete time:4.482269287109375e-05
delete time:2.6226043701171875e-05
delete time:4.172325134277344e-05
delete time:2.86102294921875e-05
delete time:4.1484832763671875e-05
delete time:4.4345855712890625e-05
delete time:3.170967102050781e-05
delete time:3.695487976074219e-05
delete time:2.9802322387695312e-05
delete time:4.267692565917969e-05
delete time:3.123283386230469e-05
delete time:2.2649765014648438e-05
delete time:4.1484832763671875e-05
delete time:3.0040740966796875e-05
delete time:2.1219253540039062e-05
delete time:3.0994415283203125e-05
delete time:4.267692565917969e-05
delete time:2.5987625122070312e-05
delete time:2.2411346435546875e-05
delete time:3.0994415283203125e-05
delete time:2.288818359375e-05
delete time:3.5762786865234375e-05
delete time:4.00543212890625e-05
delete time:4.172325134277344e-05
delete time:3.24249267578125e-05
delete time:2.4318695068359375e-05
delete time:3.695487976074219e-05
delete time:4.839897155761719e-05
delete time:2.6702880859375e-05
delete time:4.100799560546875e-05
delete time:2.7894973754882812e-05
delete time:2.7894973754882812e-05
delete time:2.86102294921875e-05
delete time:3.075599670410156e-05
delete time:3.3855438232421875e-05
delete time:2.7179718017578125e-05
delete time:3.409385681152344e-05
delete time:4.315376281738281e-05
delete time:2.09808349609375e-05
delete time:3.504753112792969e-05
delete time:2.4080276489257812e-05
delete time:2.1696090698242188e-05
delete time:3.24249267578125e-05
delete time:2.384185791015625e-05
delete time:2.956390380859375e-05
delete time:3.4332275390625e-05
delete time:3.2901763916015625e-05
delete time:3.62396240234375e-05
delete time:2.4318695068359375e-05
delete time:3.4332275390625e-05
delete time:3.0517578125e-05
delete time:4.267692565917969e-05
delete time:4.6253204345703125e-05
delete time:3.886222839355469e-05
delete time:2.9325485229492188e-05
delete time:4.100799560546875e-05
delete time:3.24249267578125e-05
delete time:2.8848648071289062e-05
delete time:2.6702880859375e-05
delete time:3.337860107421875e-05
delete time:3.4332275390625e-05
delete time:2.8848648071289062e-05
delete time:2.6941299438476562e-05
delete time:4.220008850097656e-05
delete time:2.1219253540039062e-05
delete time:4.792213439941406e-05
delete time:3.719329833984375e-05
delete time:2.4318695068359375e-05
delete time:3.409385681152344e-05
delete time:4.00543212890625e-05
delete time:2.3365020751953125e-05
delete time:3.790855407714844e-05
delete time:3.2901763916015625e-05
delete time:2.3126602172851562e-05
delete time:3.5762786865234375e-05
delete time:3.552436828613281e-05
delete time:2.3603439331054688e-05
delete time:3.4332275390625e-05
delete time:2.2649765014648438e-05
delete time:3.147125244140625e-05
delete time:3.170967102050781e-05
delete time:2.8371810913085938e-05
delete time:2.9325485229492188e-05
delete time:3.838539123535156e-05
delete time:3.790855407714844e-05
delete time:2.0742416381835938e-05
delete time:3.3855438232421875e-05
delete time:4.76837158203125e-05
delete time:2.9087066650390625e-05
delete time:3.5762786865234375e-05
delete time:2.765655517578125e-05
delete time:3.24249267578125e-05
delete time:2.9802322387695312e-05
delete time:4.3392181396484375e-05
delete time:4.887580871582031e-05
delete time:2.8133392333984375e-05
delete time:3.457069396972656e-05
delete time:3.0994415283203125e-05
delete time:2.4318695068359375e-05
delete time:2.6226043701171875e-05
delete time:3.123283386230469e-05
delete time:2.6464462280273438e-05
delete time:2.7179718017578125e-05
delete time:2.2172927856445312e-05
delete time:2.1457672119140625e-05
delete time:2.4318695068359375e-05
delete time:3.218650817871094e-05
delete time:2.47955322265625e-05
delete time:3.0279159545898438e-05
delete time:2.47955322265625e-05
delete time:2.7418136596679688e-05
delete time:2.3603439331054688e-05
delete time:2.7179718017578125e-05
delete time:2.384185791015625e-05
delete time:3.838539123535156e-05
delete time:3.123283386230469e-05
delete time:2.47955322265625e-05
delete time:4.172325134277344e-05
delete time:4.458427429199219e-05
delete time:3.218650817871094e-05
delete time:2.2411346435546875e-05
delete time:2.574920654296875e-05
delete time:2.3603439331054688e-05
delete time:2.8371810913085938e-05
delete time:2.193450927734375e-05
delete time:2.765655517578125e-05
delete time:3.4809112548828125e-05
delete time:2.2649765014648438e-05
delete time:2.09808349609375e-05
delete time:3.790855407714844e-05
delete time:3.4332275390625e-05
delete time:2.5987625122070312e-05
delete time:2.9087066650390625e-05
delete time:2.9087066650390625e-05
delete time:2.8133392333984375e-05
delete time:3.838539123535156e-05
delete time:3.147125244140625e-05
delete time:2.193450927734375e-05
delete time:3.814697265625e-05
delete time:2.193450927734375e-05
delete time:4.291534423828125e-05
delete time:2.6941299438476562e-05
delete time:4.315376281738281e-05
delete time:4.315376281738281e-05
delete time:2.5987625122070312e-05
delete time:3.409385681152344e-05
delete time:3.2901763916015625e-05
delete time:3.695487976074219e-05
delete time:3.910064697265625e-05
delete time:2.9325485229492188e-05
delete time:2.6464462280273438e-05
delete time:3.123283386230469e-05
delete time:2.6941299438476562e-05
delete time:2.6464462280273438e-05
delete time:3.6716461181640625e-05
delete time:2.8371810913085938e-05
delete time:3.8623809814453125e-05
delete time:3.7670135498046875e-05
delete time:3.0040740966796875e-05
delete time:2.7179718017578125e-05
delete time:2.7179718017578125e-05
delete time:2.4318695068359375e-05
delete time:3.075599670410156e-05
delete time:3.552436828613281e-05
delete time:2.1457672119140625e-05
delete time:3.457069396972656e-05
delete time:3.647804260253906e-05
delete time:2.5987625122070312e-05
delete time:2.5033950805664062e-05
delete time:3.6716461181640625e-05
delete time:3.123283386230469e-05
delete time:3.743171691894531e-05
delete time:2.193450927734375e-05
delete time:2.3365020751953125e-05
delete time:2.8371810913085938e-05
delete time:2.09808349609375e-05
delete time:2.2411346435546875e-05
delete time:2.86102294921875e-05
delete time:2.1219253540039062e-05
delete time:2.6226043701171875e-05
delete time:3.24249267578125e-05
delete time:2.47955322265625e-05
delete time:2.8848648071289062e-05
delete time:3.24249267578125e-05
delete time:3.814697265625e-05
delete time:3.266334533691406e-05
delete time:3.695487976074219e-05
delete time:2.574920654296875e-05
delete time:2.3365020751953125e-05
delete time:4.029273986816406e-05
delete time:2.0265579223632812e-05
delete time:3.695487976074219e-05
delete time:2.4080276489257812e-05
delete time:3.361701965332031e-05
delete time:4.6253204345703125e-05
delete time:2.47955322265625e-05
delete time:2.47955322265625e-05
delete time:2.7418136596679688e-05
delete time:2.002716064453125e-05
delete time:4.124641418457031e-05
delete time:2.5987625122070312e-05
delete time:2.7179718017578125e-05
delete time:2.6464462280273438e-05
delete time:1.71661376953125e-05
delete time:2.9325485229492188e-05
delete time:2.956390380859375e-05
delete time:1.9550323486328125e-05
delete time:2.574920654296875e-05
delete time:2.2649765014648438e-05
delete time:2.1696090698242188e-05
delete time:2.9802322387695312e-05
delete time:1.9788742065429688e-05
delete time:2.0742416381835938e-05
delete time:2.7418136596679688e-05
delete time:2.4318695068359375e-05
delete time:1.9788742065429688e-05
delete time:3.552436828613281e-05
delete time:3.24249267578125e-05
delete time:1.8835067749023438e-05
delete time:1.8358230590820312e-05
delete time:2.3126602172851562e-05
delete time:2.4318695068359375e-05
delete time:1.6689300537109375e-05
delete time:2.4080276489257812e-05
delete time:2.0503997802734375e-05
delete time:3.123283386230469e-05
delete time:2.288818359375e-05
delete time:2.956390380859375e-05
delete time:3.719329833984375e-05
delete time:3.981590270996094e-05
delete time:2.2649765014648438e-05
delete time:3.123283386230469e-05
delete time:3.695487976074219e-05
delete time:3.361701965332031e-05
delete time:2.9802322387695312e-05
delete time:1.7404556274414062e-05
delete time:3.790855407714844e-05
delete time:3.600120544433594e-05
delete time:3.0517578125e-05
delete time:3.62396240234375e-05
delete time:4.363059997558594e-05
delete time:4.267692565917969e-05
delete time:2.2411346435546875e-05
delete time:3.170967102050781e-05
delete time:2.002716064453125e-05
delete time:2.002716064453125e-05
delete time:3.266334533691406e-05
delete time:3.0279159545898438e-05
delete time:1.811981201171875e-05
delete time:2.2649765014648438e-05
delete time:3.695487976074219e-05
delete time:2.7179718017578125e-05
delete time:3.647804260253906e-05
delete time:3.123283386230469e-05
delete time:1.9550323486328125e-05
delete time:3.361701965332031e-05
delete time:3.647804260253906e-05
delete time:3.147125244140625e-05
delete time:5.078315734863281e-05
delete time:3.147125244140625e-05
delete time:4.3392181396484375e-05
delete time:2.8848648071289062e-05
delete time:1.811981201171875e-05
delete time:4.315376281738281e-05
delete time:3.695487976074219e-05
delete time:2.384185791015625e-05
delete time:2.2411346435546875e-05
delete time:4.1961669921875e-05
delete time:2.0503997802734375e-05
delete time:3.0517578125e-05
delete time:1.71661376953125e-05
delete time:3.5762786865234375e-05
delete time:4.2438507080078125e-05
delete time:1.9311904907226562e-05
delete time:2.4080276489257812e-05
delete time:4.124641418457031e-05
delete time:3.361701965332031e-05
delete time:6.580352783203125e-05
delete time:3.361701965332031e-05
delete time:2.8133392333984375e-05
delete time:3.600120544433594e-05
delete time:3.0517578125e-05
delete time:5.4836273193359375e-05
delete time:3.0517578125e-05
delete time:3.981590270996094e-05
delete time:3.6716461181640625e-05
delete time:3.218650817871094e-05
delete time:4.76837158203125e-05
delete time:3.528594970703125e-05
delete time:2.3603439331054688e-05
delete time:5.030632019042969e-05
delete time:2.0503997802734375e-05
delete time:2.6702880859375e-05
delete time:2.765655517578125e-05
delete time:4.100799560546875e-05
delete time:3.790855407714844e-05
delete time:4.1484832763671875e-05
delete time:2.2649765014648438e-05
delete time:3.457069396972656e-05
delete time:2.86102294921875e-05
delete time:4.1484832763671875e-05
delete time:1.9788742065429688e-05
delete time:2.9802322387695312e-05
delete time:3.647804260253906e-05
delete time:3.7670135498046875e-05
delete time:3.409385681152344e-05
delete time:4.291534423828125e-05
delete time:3.814697265625e-05
delete time:2.5272369384765625e-05
delete time:1.9073486328125e-05
delete time:1.9073486328125e-05
delete time:4.792213439941406e-05
delete time:4.1484832763671875e-05
delete time:4.506111145019531e-05
delete time:4.7206878662109375e-05
delete time:3.123283386230469e-05
delete time:2.86102294921875e-05
delete time:2.3365020751953125e-05
delete time:2.956390380859375e-05
delete time:2.2649765014648438e-05
delete time:2.1457672119140625e-05
delete time:3.170967102050781e-05
delete time:3.0040740966796875e-05
delete time:4.076957702636719e-05
delete time:2.3603439331054688e-05
delete time:4.38690185546875e-05
delete time:4.220008850097656e-05
delete time:5.078315734863281e-05
delete time:2.2649765014648438e-05
delete time:2.5987625122070312e-05
delete time:2.6702880859375e-05
delete time:3.4809112548828125e-05
delete time:4.887580871582031e-05
delete time:4.458427429199219e-05
delete time:3.0279159545898438e-05
delete time:4.267692565917969e-05
delete time:2.86102294921875e-05
delete time:3.266334533691406e-05
delete time:3.600120544433594e-05
delete time:2.765655517578125e-05
delete time:2.7179718017578125e-05
delete time:3.147125244140625e-05
delete time:4.1484832763671875e-05
delete time:3.0279159545898438e-05
delete time:3.552436828613281e-05
delete time:2.5033950805664062e-05
delete time:3.6716461181640625e-05
delete time:1.9311904907226562e-05
delete time:2.9087066650390625e-05
delete time:4.3392181396484375e-05
delete time:2.6702880859375e-05
delete time:3.8623809814453125e-05
delete time:4.076957702636719e-05
delete time:3.218650817871094e-05
delete time:2.956390380859375e-05
delete time:3.719329833984375e-05
delete time:3.409385681152344e-05
delete time:3.2901763916015625e-05
delete time:3.504753112792969e-05
delete time:2.1696090698242188e-05
delete time:2.0742416381835938e-05
delete time:4.100799560546875e-05
delete time:4.220008850097656e-05
delete time:1.9073486328125e-05
delete time:4.291534423828125e-05
delete time:4.315376281738281e-05
delete time:4.601478576660156e-05
delete time:3.266334533691406e-05
delete time:3.838539123535156e-05
delete time:4.0531158447265625e-05
delete time:3.0994415283203125e-05
delete time:3.24249267578125e-05
delete time:2.2411346435546875e-05
delete time:2.1219253540039062e-05
delete time:3.24249267578125e-05
delete time:2.8371810913085938e-05
delete time:2.6464462280273438e-05
delete time:2.6464462280273438e-05
delete time:3.504753112792969e-05
delete time:3.2901763916015625e-05
delete time:3.743171691894531e-05
delete time:3.337860107421875e-05
delete time:2.5272369384765625e-05
delete time:3.361701965332031e-05
delete time:2.4557113647460938e-05
delete time:2.574920654296875e-05
delete time:3.528594970703125e-05
delete time:3.814697265625e-05
delete time:1.9550323486328125e-05
delete time:3.981590270996094e-05
delete time:2.7179718017578125e-05
delete time:3.457069396972656e-05
delete time:4.649162292480469e-05
delete time:2.1219253540039062e-05
delete time:2.8371810913085938e-05
delete time:3.123283386230469e-05
delete time:4.3392181396484375e-05
delete time:3.361701965332031e-05
delete time:3.123283386230469e-05
delete time:3.4332275390625e-05
delete time:2.3365020751953125e-05
delete time:2.5272369384765625e-05
delete time:2.1457672119140625e-05
delete time:3.695487976074219e-05
delete time:3.0040740966796875e-05
delete time:3.647804260253906e-05
delete time:4.1961669921875e-05
delete time:3.981590270996094e-05
delete time:2.0742416381835938e-05
delete time:2.7894973754882812e-05
delete time:2.765655517578125e-05
delete time:3.218650817871094e-05
delete time:4.9114227294921875e-05
delete time:3.886222839355469e-05
delete time:4.100799560546875e-05
delete time:3.743171691894531e-05
delete time:3.5762786865234375e-05
delete time:2.6464462280273438e-05
delete time:3.647804260253906e-05
delete time:4.267692565917969e-05
delete time:2.6702880859375e-05
delete time:2.6702880859375e-05
delete time:4.57763671875e-05
delete time:3.719329833984375e-05
delete time:3.218650817871094e-05
delete time:3.0994415283203125e-05
delete time:3.457069396972656e-05
delete time:4.00543212890625e-05
delete time:3.6716461181640625e-05
delete time:3.4809112548828125e-05
delete time:4.076957702636719e-05
delete time:2.1696090698242188e-05
delete time:3.647804260253906e-05
delete time:2.3603439331054688e-05
delete time:3.981590270996094e-05
delete time:2.6941299438476562e-05
delete time:3.123283386230469e-05
delete time:2.8848648071289062e-05
delete time:3.6716461181640625e-05
delete time:3.5762786865234375e-05
delete time:2.4080276489257812e-05
delete time:3.2901763916015625e-05
delete time:3.743171691894531e-05
delete time:4.57763671875e-05
delete time:3.9577484130859375e-05
delete time:2.193450927734375e-05
delete time:2.1219253540039062e-05
delete time:2.8371810913085938e-05
delete time:2.1457672119140625e-05
delete time:3.4332275390625e-05
delete time:3.123283386230469e-05
delete time:3.62396240234375e-05
delete time:2.5033950805664062e-05
delete time:3.743171691894531e-05
delete time:3.838539123535156e-05
delete time:3.457069396972656e-05
delete time:3.5762786865234375e-05
delete time:3.457069396972656e-05
delete time:3.147125244140625e-05
delete time:3.075599670410156e-05
delete time:3.647804260253906e-05
delete time:2.765655517578125e-05
delete time:2.5510787963867188e-05
delete time:3.7670135498046875e-05
delete time:3.814697265625e-05
delete time:4.482269287109375e-05
delete time:3.814697265625e-05
delete time:3.814697265625e-05
delete time:2.5272369384765625e-05
delete time:3.337860107421875e-05
delete time:2.9325485229492188e-05
delete time:3.552436828613281e-05
delete time:3.528594970703125e-05
delete time:4.172325134277344e-05
delete time:4.649162292480469e-05
delete time:3.910064697265625e-05
delete time:2.4080276489257812e-05
delete time:2.8848648071289062e-05
delete time:3.337860107421875e-05
delete time:3.9577484130859375e-05
delete time:3.3855438232421875e-05
delete time:3.7670135498046875e-05
delete time:3.123283386230469e-05
delete time:2.384185791015625e-05
delete time:3.552436828613281e-05
delete time:5.2928924560546875e-05
delete time:3.361701965332031e-05
delete time:3.409385681152344e-05
delete time:3.0040740966796875e-05
delete time:3.337860107421875e-05
delete time:2.3603439331054688e-05
delete time:2.5510787963867188e-05
delete time:3.147125244140625e-05
delete time:4.38690185546875e-05
delete time:3.123283386230469e-05
delete time:3.0994415283203125e-05
delete time:3.981590270996094e-05
delete time:3.457069396972656e-05
delete time:4.410743713378906e-05
delete time:4.5299530029296875e-05
delete time:3.409385681152344e-05
delete time:2.7418136596679688e-05
delete time:3.5762786865234375e-05
delete time:2.6226043701171875e-05
delete time:3.2901763916015625e-05
delete time:1.4543533325195312e-05
delete time:3.695487976074219e-05
delete time:3.552436828613281e-05
delete time:3.1948089599609375e-05
delete time:3.123283386230469e-05
delete time:3.218650817871094e-05
delete time:2.574920654296875e-05
delete time:3.4332275390625e-05
delete time:3.123283386230469e-05
delete time:3.838539123535156e-05
delete time:2.3603439331054688e-05
delete time:1.9550323486328125e-05
delete time:3.266334533691406e-05
delete time:2.9087066650390625e-05
delete time:2.4318695068359375e-05
delete time:2.6941299438476562e-05
delete time:2.8371810913085938e-05
delete time:3.4809112548828125e-05
delete time:3.600120544433594e-05
delete time:3.5762786865234375e-05
delete time:3.170967102050781e-05
delete time:3.4809112548828125e-05
delete time:3.0994415283203125e-05
delete time:3.0994415283203125e-05
delete time:3.170967102050781e-05
delete time:3.4809112548828125e-05
delete time:3.075599670410156e-05
delete time:3.0040740966796875e-05
delete time:3.5762786865234375e-05
delete time:2.5272369384765625e-05
delete time:2.7179718017578125e-05
delete time:4.363059997558594e-05
delete time:2.8371810913085938e-05
delete time:3.647804260253906e-05
delete time:3.0040740966796875e-05
delete time:4.124641418457031e-05
delete time:3.814697265625e-05
delete time:2.3126602172851562e-05
delete time:3.218650817871094e-05
delete time:2.6702880859375e-05
delete time:3.838539123535156e-05
delete time:3.0279159545898438e-05
delete time:2.3365020751953125e-05
delete time:3.3855438232421875e-05
delete time:3.0994415283203125e-05
delete time:3.3855438232421875e-05
delete time:1.6927719116210938e-05
delete time:3.218650817871094e-05
delete time:3.910064697265625e-05
delete time:4.792213439941406e-05
delete time:2.9325485229492188e-05
delete time:2.8371810913085938e-05
delete time:3.886222839355469e-05
delete time:3.4809112548828125e-05
delete time:2.9087066650390625e-05
delete time:3.814697265625e-05
delete time:2.6464462280273438e-05
delete time:3.361701965332031e-05
delete time:3.409385681152344e-05
delete time:3.409385681152344e-05
delete time:3.337860107421875e-05
delete time:2.9802322387695312e-05
delete time:2.288818359375e-05
delete time:4.601478576660156e-05
delete time:3.0279159545898438e-05
delete time:3.170967102050781e-05
delete time:2.3365020751953125e-05
delete time:3.0517578125e-05
delete time:3.7670135498046875e-05
delete time:3.170967102050781e-05
delete time:2.6941299438476562e-05
delete time:2.7894973754882812e-05
delete time:2.5033950805664062e-05
delete time:1.9073486328125e-05
delete time:3.3855438232421875e-05
delete time:3.6716461181640625e-05
delete time:3.457069396972656e-05
delete time:2.9325485229492188e-05
delete time:2.5510787963867188e-05
delete time:4.029273986816406e-05
delete time:2.86102294921875e-05
delete time:2.574920654296875e-05
delete time:2.3603439331054688e-05
delete time:1.8596649169921875e-05
delete time:3.0517578125e-05
delete time:2.9087066650390625e-05
delete time:2.288818359375e-05
delete time:2.6702880859375e-05
delete time:4.220008850097656e-05
delete time:4.029273986816406e-05
delete time:2.5987625122070312e-05
delete time:2.6464462280273438e-05
delete time:2.765655517578125e-05
delete time:2.5272369384765625e-05
delete time:2.9802322387695312e-05
delete time:1.5735626220703125e-05
delete time:3.4809112548828125e-05
delete time:2.8371810913085938e-05
delete time:2.86102294921875e-05
delete time:1.9311904907226562e-05
delete time:3.266334533691406e-05
delete time:3.647804260253906e-05
delete time:2.8133392333984375e-05
delete time:3.0994415283203125e-05
delete time:3.6716461181640625e-05
delete time:2.6464462280273438e-05
delete time:3.647804260253906e-05
delete time:3.147125244140625e-05
delete time:3.337860107421875e-05
delete time:2.7179718017578125e-05
delete time:2.384185791015625e-05
delete time:2.0742416381835938e-05
delete time:3.4809112548828125e-05
delete time:2.6941299438476562e-05
delete time:3.2901763916015625e-05
delete time:3.361701965332031e-05
delete time:4.2438507080078125e-05
delete time:2.9087066650390625e-05
delete time:3.266334533691406e-05
delete time:3.5762786865234375e-05
delete time:2.765655517578125e-05
delete time:2.6702880859375e-05
delete time:3.790855407714844e-05
delete time:2.8848648071289062e-05
delete time:2.4318695068359375e-05
delete time:3.1948089599609375e-05
delete time:2.193450927734375e-05
delete time:2.3126602172851562e-05
delete time:3.647804260253906e-05
delete time:2.5510787963867188e-05
delete time:2.0742416381835938e-05
delete time:2.7179718017578125e-05
delete time:2.6226043701171875e-05
delete time:3.9577484130859375e-05
delete time:3.409385681152344e-05
delete time:2.6226043701171875e-05
delete time:2.1457672119140625e-05
delete time:2.86102294921875e-05
delete time:4.38690185546875e-05
delete time:4.482269287109375e-05
delete time:3.0279159545898438e-05
delete time:3.5762786865234375e-05
delete time:2.574920654296875e-05
delete time:3.0279159545898438e-05
delete time:3.170967102050781e-05
delete time:2.8371810913085938e-05
delete time:4.124641418457031e-05
delete time:2.0742416381835938e-05
delete time:2.9325485229492188e-05
delete time:3.337860107421875e-05
delete time:3.743171691894531e-05
delete time:3.695487976074219e-05
delete time:2.3126602172851562e-05
delete time:2.9087066650390625e-05
delete time:3.314018249511719e-05
delete time:3.123283386230469e-05
delete time:2.86102294921875e-05
delete time:3.838539123535156e-05
delete time:3.504753112792969e-05
delete time:3.1948089599609375e-05
delete time:3.695487976074219e-05
delete time:3.337860107421875e-05
delete time:3.337860107421875e-05
delete time:3.6716461181640625e-05
delete time:3.6716461181640625e-05
delete time:2.6464462280273438e-05
delete time:2.765655517578125e-05
delete time:2.47955322265625e-05
delete time:3.7670135498046875e-05
delete time:2.8371810913085938e-05
delete time:3.0040740966796875e-05
delete time:3.409385681152344e-05
delete time:3.910064697265625e-05
delete time:2.9087066650390625e-05
delete time:2.9802322387695312e-05
delete time:2.7179718017578125e-05
delete time:4.2438507080078125e-05
delete time:2.8848648071289062e-05
delete time:2.1457672119140625e-05
delete time:1.52587890625e-05
delete time:2.7418136596679688e-05
delete time:3.218650817871094e-05
delete time:3.361701965332031e-05
delete time:4.2438507080078125e-05
delete time:3.337860107421875e-05
delete time:3.0517578125e-05
delete time:3.790855407714844e-05
delete time:3.075599670410156e-05
delete time:2.6702880859375e-05
delete time:3.6716461181640625e-05
delete time:2.8848648071289062e-05
delete time:2.0503997802734375e-05
delete time:2.3365020751953125e-05
delete time:3.600120544433594e-05
delete time:3.62396240234375e-05
delete time:3.218650817871094e-05
delete time:3.0517578125e-05
delete time:2.7418136596679688e-05
delete time:3.838539123535156e-05
delete time:2.002716064453125e-05
delete time:2.8848648071289062e-05
delete time:4.458427429199219e-05
delete time:2.7418136596679688e-05
delete time:4.172325134277344e-05
delete time:3.266334533691406e-05
delete time:2.3603439331054688e-05
delete time:3.147125244140625e-05
delete time:2.4080276489257812e-05
delete time:3.981590270996094e-05
delete time:3.0994415283203125e-05
delete time:3.4332275390625e-05
delete time:3.457069396972656e-05
delete time:3.24249267578125e-05
delete time:2.765655517578125e-05
delete time:2.4318695068359375e-05
delete time:2.1219253540039062e-05
delete time:3.147125244140625e-05
delete time:4.38690185546875e-05
delete time:3.409385681152344e-05
delete time:1.7642974853515625e-05
delete time:2.7418136596679688e-05
delete time:2.193450927734375e-05
delete time:2.193450927734375e-05
delete time:2.3126602172851562e-05
delete time:3.337860107421875e-05
delete time:2.6226043701171875e-05
delete time:2.3603439331054688e-05
delete time:3.266334533691406e-05
delete time:2.5987625122070312e-05
delete time:3.910064697265625e-05
delete time:4.076957702636719e-05
delete time:2.5272369384765625e-05
delete time:4.029273986816406e-05
delete time:2.9325485229492188e-05
delete time:2.3603439331054688e-05
delete time:3.123283386230469e-05
delete time:3.910064697265625e-05
delete time:3.170967102050781e-05
delete time:3.409385681152344e-05
delete time:2.3603439331054688e-05
delete time:3.7670135498046875e-05
delete time:2.47955322265625e-05
delete time:3.147125244140625e-05
delete time:2.0265579223632812e-05
delete time:2.5272369384765625e-05
delete time:1.6927719116210938e-05
delete time:2.002716064453125e-05
delete time:3.147125244140625e-05
delete time:3.695487976074219e-05
delete time:1.7404556274414062e-05
delete time:2.8371810913085938e-05
delete time:2.6702880859375e-05
delete time:2.288818359375e-05
delete time:3.266334533691406e-05
delete time:2.765655517578125e-05
delete time:2.86102294921875e-05
delete time:2.6941299438476562e-05
delete time:2.1457672119140625e-05
delete time:2.6226043701171875e-05
delete time:2.47955322265625e-05
delete time:3.719329833984375e-05
delete time:3.457069396972656e-05
delete time:4.100799560546875e-05
delete time:3.24249267578125e-05
delete time:2.193450927734375e-05
delete time:2.6464462280273438e-05
delete time:2.6941299438476562e-05
delete time:2.9325485229492188e-05
delete time:1.9788742065429688e-05
delete time:2.6226043701171875e-05
delete time:3.457069396972656e-05
delete time:2.7418136596679688e-05
delete time:2.8133392333984375e-05
delete time:3.170967102050781e-05
delete time:2.47955322265625e-05
delete time:3.7670135498046875e-05
delete time:2.9802322387695312e-05
delete time:2.6941299438476562e-05
delete time:3.147125244140625e-05
delete time:3.0517578125e-05
delete time:3.719329833984375e-05
delete time:4.124641418457031e-05
delete time:3.2901763916015625e-05
delete time:2.4557113647460938e-05
delete time:3.504753112792969e-05
delete time:1.5497207641601562e-05
delete time:3.695487976074219e-05
delete time:3.886222839355469e-05
delete time:3.981590270996094e-05
delete time:3.170967102050781e-05
delete time:2.6702880859375e-05
delete time:3.2901763916015625e-05
delete time:3.981590270996094e-05
delete time:2.6941299438476562e-05
delete time:2.9087066650390625e-05
delete time:3.1948089599609375e-05
delete time:2.6702880859375e-05
delete time:3.3855438232421875e-05
delete time:3.504753112792969e-05
delete time:2.9802322387695312e-05
delete time:3.218650817871094e-05
delete time:3.5762786865234375e-05
delete time:2.956390380859375e-05
delete time:2.6464462280273438e-05
delete time:3.0279159545898438e-05
delete time:2.4080276489257812e-05
delete time:2.5272369384765625e-05
delete time:2.6941299438476562e-05
delete time:4.38690185546875e-05
delete time:3.409385681152344e-05
delete time:3.719329833984375e-05
delete time:2.1457672119140625e-05
delete time:2.4557113647460938e-05
delete time:3.0040740966796875e-05
delete time:3.528594970703125e-05
delete time:3.0040740966796875e-05
delete time:2.574920654296875e-05
delete time:2.7179718017578125e-05
delete time:3.170967102050781e-05
delete time:2.47955322265625e-05
delete time:2.956390380859375e-05
delete time:3.528594970703125e-05
delete time:3.8623809814453125e-05
delete time:2.6941299438476562e-05
delete time:3.2901763916015625e-05
delete time:3.075599670410156e-05
delete time:2.6464462280273438e-05
delete time:3.814697265625e-05
delete time:3.147125244140625e-05
delete time:2.4318695068359375e-05
delete time:3.337860107421875e-05
delete time:3.314018249511719e-05
delete time:3.552436828613281e-05
delete time:2.4080276489257812e-05
delete time:4.363059997558594e-05
delete time:2.86102294921875e-05
delete time:3.4332275390625e-05
delete time:2.956390380859375e-05
delete time:3.552436828613281e-05
delete time:1.7404556274414062e-05
delete time:2.9802322387695312e-05
delete time:2.8371810913085938e-05
delete time:2.1219253540039062e-05
delete time:1.7404556274414062e-05
delete time:3.361701965332031e-05
delete time:4.076957702636719e-05
delete time:2.288818359375e-05
delete time:3.552436828613281e-05
delete time:3.0279159545898438e-05
delete time:3.0279159545898438e-05
delete time:2.2172927856445312e-05
delete time:3.0040740966796875e-05
delete time:3.0517578125e-05
delete time:2.288818359375e-05
delete time:3.457069396972656e-05
delete time:2.5033950805664062e-05
delete time:2.574920654296875e-05
delete time:4.363059997558594e-05
delete time:2.2411346435546875e-05
delete time:2.6941299438476562e-05
delete time:2.47955322265625e-05
delete time:2.9802322387695312e-05
delete time:2.47955322265625e-05
delete time:2.09808349609375e-05
delete time:4.553794860839844e-05
delete time:2.4557113647460938e-05
delete time:3.910064697265625e-05
delete time:2.8371810913085938e-05
delete time:1.811981201171875e-05
delete time:3.123283386230469e-05
delete time:3.1948089599609375e-05
delete time:2.8133392333984375e-05
delete time:3.743171691894531e-05
delete time:2.3126602172851562e-05
delete time:1.9073486328125e-05
delete time:2.86102294921875e-05
delete time:2.7894973754882812e-05
delete time:3.0517578125e-05
delete time:2.384185791015625e-05
delete time:1.8596649169921875e-05
delete time:2.7894973754882812e-05
delete time:2.9802322387695312e-05
delete time:3.504753112792969e-05
delete time:3.790855407714844e-05
delete time:3.314018249511719e-05
delete time:3.123283386230469e-05
delete time:3.170967102050781e-05
delete time:3.409385681152344e-05
delete time:2.0742416381835938e-05
delete time:2.7418136596679688e-05
delete time:2.2649765014648438e-05
delete time:3.528594970703125e-05
delete time:3.528594970703125e-05
delete time:2.6464462280273438e-05
delete time:2.8848648071289062e-05
delete time:2.8848648071289062e-05
delete time:3.4332275390625e-05
delete time:2.2411346435546875e-05
delete time:2.6702880859375e-05
delete time:3.123283386230469e-05
delete time:2.5033950805664062e-05
delete time:4.482269287109375e-05
delete time:2.2411346435546875e-05
delete time:2.9802322387695312e-05
delete time:1.8358230590820312e-05
delete time:2.8848648071289062e-05
delete time:2.7418136596679688e-05
delete time:3.075599670410156e-05
delete time:5.1975250244140625e-05
delete time:1.9788742065429688e-05
delete time:3.4332275390625e-05
delete time:2.6941299438476562e-05
delete time:3.2901763916015625e-05
delete time:2.2172927856445312e-05
delete time:2.6941299438476562e-05
delete time:2.2172927856445312e-05
delete time:3.933906555175781e-05
delete time:1.8358230590820312e-05
delete time:1.8358230590820312e-05
delete time:3.075599670410156e-05
delete time:2.3126602172851562e-05
delete time:3.8623809814453125e-05
delete time:2.4080276489257812e-05
delete time:3.170967102050781e-05
delete time:4.482269287109375e-05
delete time:2.3365020751953125e-05
delete time:1.8835067749023438e-05
delete time:4.982948303222656e-05
delete time:2.4557113647460938e-05
delete time:2.7179718017578125e-05
delete time:2.8848648071289062e-05
delete time:3.7670135498046875e-05
delete time:3.695487976074219e-05
delete time:2.956390380859375e-05
delete time:4.100799560546875e-05
delete time:2.5033950805664062e-05
delete time:3.170967102050781e-05
delete time:3.24249267578125e-05
delete time:3.0040740966796875e-05
delete time:3.24249267578125e-05
delete time:2.5272369384765625e-05
delete time:2.4557113647460938e-05
delete time:2.6702880859375e-05
delete time:3.62396240234375e-05
delete time:2.5510787963867188e-05
delete time:2.47955322265625e-05
delete time:2.574920654296875e-05
delete time:4.220008850097656e-05
delete time:2.3603439331054688e-05
delete time:3.5762786865234375e-05
delete time:3.528594970703125e-05
delete time:1.4543533325195312e-05
delete time:3.170967102050781e-05
delete time:3.1948089599609375e-05
delete time:3.24249267578125e-05
delete time:2.8133392333984375e-05
delete time:2.288818359375e-05
delete time:2.4318695068359375e-05
delete time:3.933906555175781e-05
delete time:2.5987625122070312e-05
delete time:4.1484832763671875e-05
delete time:2.47955322265625e-05
delete time:2.09808349609375e-05
delete time:2.5033950805664062e-05
delete time:2.7894973754882812e-05
delete time:2.7179718017578125e-05
delete time:2.5272369384765625e-05
delete time:2.7418136596679688e-05
delete time:2.7179718017578125e-05
delete time:3.361701965332031e-05
delete time:4.00543212890625e-05
delete time:3.457069396972656e-05
delete time:1.9073486328125e-05
delete time:2.765655517578125e-05
delete time:2.8848648071289062e-05
delete time:2.86102294921875e-05
delete time:3.0517578125e-05
delete time:2.6226043701171875e-05
delete time:2.9325485229492188e-05
delete time:2.5987625122070312e-05
delete time:1.8596649169921875e-05
delete time:2.86102294921875e-05
delete time:3.552436828613281e-05
delete time:3.647804260253906e-05
delete time:3.0040740966796875e-05
delete time:3.647804260253906e-05
delete time:3.0279159545898438e-05
delete time:2.09808349609375e-05
delete time:3.3855438232421875e-05
delete time:4.220008850097656e-05
delete time:2.288818359375e-05
delete time:2.8848648071289062e-05
delete time:3.8623809814453125e-05
delete time:2.4557113647460938e-05
delete time:2.8371810913085938e-05
delete time:3.170967102050781e-05
delete time:3.1948089599609375e-05
delete time:3.981590270996094e-05
delete time:2.0265579223632812e-05
delete time:2.6226043701171875e-05
delete time:2.7894973754882812e-05
delete time:2.6941299438476562e-05
delete time:3.218650817871094e-05
delete time:2.4080276489257812e-05
delete time:2.9325485229492188e-05
delete time:3.600120544433594e-05
delete time:3.552436828613281e-05
delete time:2.9802322387695312e-05
delete time:2.9087066650390625e-05
delete time:1.9311904907226562e-05
delete time:3.0994415283203125e-05
delete time:2.3365020751953125e-05
delete time:2.6464462280273438e-05
delete time:2.002716064453125e-05
delete time:2.8133392333984375e-05
delete time:2.3603439331054688e-05
delete time:2.4318695068359375e-05
delete time:2.6702880859375e-05
delete time:3.910064697265625e-05
delete time:2.1457672119140625e-05
delete time:2.574920654296875e-05
delete time:2.1696090698242188e-05
delete time:3.886222839355469e-05
delete time:3.4332275390625e-05
delete time:1.8835067749023438e-05
delete time:2.0742416381835938e-05
delete time:3.743171691894531e-05
delete time:2.7179718017578125e-05
delete time:3.7670135498046875e-05
delete time:3.4809112548828125e-05
delete time:2.6702880859375e-05
delete time:2.1696090698242188e-05
delete time:3.719329833984375e-05
delete time:3.0040740966796875e-05
delete time:2.8848648071289062e-05
delete time:2.574920654296875e-05
delete time:2.9087066650390625e-05
delete time:3.0040740966796875e-05
delete time:2.193450927734375e-05
delete time:2.09808349609375e-05
delete time:1.7404556274414062e-05
delete time:2.6464462280273438e-05
delete time:2.8371810913085938e-05
delete time:3.4332275390625e-05
delete time:4.124641418457031e-05
delete time:3.1948089599609375e-05
delete time:3.743171691894531e-05
delete time:3.4809112548828125e-05
delete time:3.552436828613281e-05
delete time:2.6702880859375e-05
delete time:3.0994415283203125e-05
delete time:3.647804260253906e-05
delete time:2.288818359375e-05
delete time:3.0279159545898438e-05
delete time:1.8835067749023438e-05
delete time:2.6226043701171875e-05
delete time:3.3855438232421875e-05
delete time:3.3855438232421875e-05
delete time:2.9325485229492188e-05
delete time:5.14984130859375e-05
delete time:2.8133392333984375e-05
delete time:3.0517578125e-05
delete time:2.6464462280273438e-05
delete time:3.170967102050781e-05
delete time:2.6941299438476562e-05
delete time:2.956390380859375e-05
delete time:2.8371810913085938e-05
delete time:2.5272369384765625e-05
delete time:2.5272369384765625e-05
delete time:2.1219253540039062e-05
delete time:2.9325485229492188e-05
delete time:3.0994415283203125e-05
delete time:2.5987625122070312e-05
delete time:2.6226043701171875e-05
delete time:4.38690185546875e-05
delete time:3.1948089599609375e-05
delete time:2.4557113647460938e-05
delete time:2.6464462280273438e-05
delete time:2.5510787963867188e-05
delete time:3.814697265625e-05
delete time:1.7642974853515625e-05
delete time:3.552436828613281e-05
delete time:1.7642974853515625e-05
delete time:2.5033950805664062e-05
delete time:3.0279159545898438e-05
delete time:3.4809112548828125e-05
delete time:2.4080276489257812e-05
delete time:2.384185791015625e-05
delete time:2.9325485229492188e-05
delete time:2.002716064453125e-05
delete time:3.409385681152344e-05
delete time:3.457069396972656e-05
delete time:4.100799560546875e-05
delete time:2.8133392333984375e-05
delete time:1.8358230590820312e-05
delete time:3.4332275390625e-05
delete time:2.09808349609375e-05
delete time:2.2649765014648438e-05
delete time:2.4557113647460938e-05
delete time:2.384185791015625e-05
delete time:2.002716064453125e-05
delete time:2.4318695068359375e-05
delete time:1.33514404296875e-05
delete time:4.291534423828125e-05
delete time:2.574920654296875e-05
delete time:2.6941299438476562e-05
delete time:2.6941299438476562e-05
delete time:2.5510787963867188e-05
delete time:2.8371810913085938e-05
delete time:3.123283386230469e-05
delete time:2.8848648071289062e-05
delete time:1.7881393432617188e-05
delete time:2.86102294921875e-05
delete time:2.7179718017578125e-05
delete time:2.4080276489257812e-05
delete time:1.71661376953125e-05
delete time:1.7404556274414062e-05
delete time:2.574920654296875e-05
delete time:3.337860107421875e-05
delete time:3.457069396972656e-05
delete time:3.337860107421875e-05
delete time:3.409385681152344e-05
delete time:3.337860107421875e-05
delete time:3.24249267578125e-05
delete time:2.4318695068359375e-05
delete time:2.7418136596679688e-05
delete time:2.956390380859375e-05
delete time:2.0503997802734375e-05
delete time:2.3603439331054688e-05
delete time:4.482269287109375e-05
delete time:3.719329833984375e-05
delete time:3.3855438232421875e-05
delete time:3.695487976074219e-05
delete time:2.8133392333984375e-05
delete time:2.288818359375e-05
delete time:2.9325485229492188e-05
delete time:1.7642974853515625e-05
delete time:3.218650817871094e-05
delete time:2.6464462280273438e-05
delete time:2.5987625122070312e-05
delete time:2.5272369384765625e-05
delete time:2.574920654296875e-05
delete time:2.2172927856445312e-05
delete time:2.09808349609375e-05
delete time:2.6464462280273438e-05
delete time:2.765655517578125e-05
delete time:2.0503997802734375e-05
delete time:3.743171691894531e-05
delete time:3.719329833984375e-05
delete time:3.7670135498046875e-05
delete time:2.5510787963867188e-05
delete time:2.8371810913085938e-05
delete time:2.288818359375e-05
delete time:4.482269287109375e-05
delete time:2.9325485229492188e-05
delete time:2.765655517578125e-05
delete time:2.09808349609375e-05
delete time:2.9325485229492188e-05
delete time:3.647804260253906e-05
delete time:2.4318695068359375e-05
delete time:2.5510787963867188e-05
delete time:2.384185791015625e-05
delete time:2.574920654296875e-05
delete time:2.3365020751953125e-05
delete time:2.3126602172851562e-05
delete time:3.886222839355469e-05
delete time:4.1961669921875e-05
delete time:2.4318695068359375e-05
delete time:2.09808349609375e-05
delete time:2.7894973754882812e-05
delete time:3.337860107421875e-05
delete time:2.6226043701171875e-05
delete time:2.2649765014648438e-05
delete time:4.029273986816406e-05
delete time:3.814697265625e-05
delete time:2.193450927734375e-05
delete time:2.2172927856445312e-05
delete time:3.552436828613281e-05
delete time:2.1696090698242188e-05
delete time:3.4809112548828125e-05
delete time:2.6226043701171875e-05
delete time:2.47955322265625e-05
delete time:2.1457672119140625e-05
delete time:3.528594970703125e-05
delete time:3.528594970703125e-05
delete time:3.409385681152344e-05
delete time:3.2901763916015625e-05
delete time:4.2438507080078125e-05
delete time:1.8358230590820312e-05
delete time:2.6702880859375e-05
delete time:1.621246337890625e-05
delete time:3.528594970703125e-05
delete time:3.8623809814453125e-05
delete time:2.5987625122070312e-05
delete time:2.3126602172851562e-05
delete time:2.7418136596679688e-05
delete time:3.0040740966796875e-05
delete time:2.9325485229492188e-05
delete time:2.4557113647460938e-05
delete time:2.0265579223632812e-05
delete time:5.078315734863281e-05
delete time:3.719329833984375e-05
delete time:2.09808349609375e-05
delete time:2.6702880859375e-05
delete time:2.4080276489257812e-05
delete time:2.574920654296875e-05
delete time:3.5762786865234375e-05
delete time:2.0265579223632812e-05
delete time:2.5987625122070312e-05
delete time:1.8835067749023438e-05
delete time:3.814697265625e-05
delete time:2.4557113647460938e-05
delete time:3.528594970703125e-05
delete time:3.838539123535156e-05
delete time:2.6941299438476562e-05
delete time:3.170967102050781e-05
delete time:4.2438507080078125e-05
delete time:2.002716064453125e-05
delete time:3.790855407714844e-05
delete time:4.1484832763671875e-05
delete time:2.1696090698242188e-05
delete time:2.002716064453125e-05
delete time:3.123283386230469e-05
delete time:2.5272369384765625e-05
delete time:2.47955322265625e-05
delete time:4.38690185546875e-05
delete time:3.719329833984375e-05
delete time:1.3589859008789062e-05
delete time:3.8623809814453125e-05
delete time:2.1457672119140625e-05
delete time:3.0279159545898438e-05
delete time:2.288818359375e-05
delete time:2.0742416381835938e-05
delete time:1.9073486328125e-05
delete time:3.719329833984375e-05
delete time:1.8835067749023438e-05
delete time:4.172325134277344e-05
delete time:2.47955322265625e-05
delete time:2.47955322265625e-05
delete time:3.409385681152344e-05
delete time:1.811981201171875e-05
delete time:2.5033950805664062e-05
delete time:2.6702880859375e-05
delete time:1.7881393432617188e-05
delete time:2.8848648071289062e-05
delete time:2.193450927734375e-05
delete time:2.2649765014648438e-05
delete time:3.814697265625e-05
delete time:2.288818359375e-05
delete time:5.078315734863281e-05
delete time:2.4318695068359375e-05
delete time:2.8133392333984375e-05
delete time:2.8848648071289062e-05
delete time:2.86102294921875e-05
delete time:2.6464462280273438e-05
delete time:3.0517578125e-05
delete time:3.5762786865234375e-05
delete time:2.384185791015625e-05
delete time:4.076957702636719e-05
delete time:2.8848648071289062e-05
delete time:2.9087066650390625e-05
delete time:2.7418136596679688e-05
delete time:4.0531158447265625e-05
delete time:2.86102294921875e-05
delete time:2.9325485229492188e-05
delete time:3.266334533691406e-05
delete time:3.0517578125e-05
delete time:3.314018249511719e-05
delete time:2.5272369384765625e-05
delete time:1.9311904907226562e-05
delete time:2.0503997802734375e-05
delete time:4.124641418457031e-05
delete time:2.5272369384765625e-05
delete time:3.0040740966796875e-05
delete time:2.2649765014648438e-05
delete time:2.6464462280273438e-05
delete time:1.71661376953125e-05
delete time:3.647804260253906e-05
delete time:1.5497207641601562e-05
delete time:3.5762786865234375e-05
delete time:3.647804260253906e-05
delete time:2.5987625122070312e-05
delete time:2.1457672119140625e-05
delete time:2.9802322387695312e-05
delete time:2.9802322387695312e-05
delete time:3.5762786865234375e-05
delete time:2.4557113647460938e-05
delete time:1.8596649169921875e-05
delete time:2.5510787963867188e-05
delete time:2.5272369384765625e-05
delete time:2.4318695068359375e-05
delete time:2.574920654296875e-05
delete time:1.7404556274414062e-05
delete time:3.719329833984375e-05
delete time:2.3603439331054688e-05
delete time:3.0040740966796875e-05
delete time:2.2649765014648438e-05
delete time:5.626678466796875e-05
delete time:2.5033950805664062e-05
delete time:2.3365020751953125e-05
delete time:3.838539123535156e-05
delete time:2.574920654296875e-05
delete time:1.811981201171875e-05
delete time:2.7179718017578125e-05
delete time:2.5033950805664062e-05
delete time:3.62396240234375e-05
delete time:2.2411346435546875e-05
delete time:3.314018249511719e-05
delete time:4.482269287109375e-05
delete time:2.574920654296875e-05
delete time:2.0503997802734375e-05
delete time:3.314018249511719e-05
delete time:3.9577484130859375e-05
delete time:2.9802322387695312e-05
delete time:2.7179718017578125e-05
delete time:2.193450927734375e-05
delete time:2.384185791015625e-05
delete time:3.528594970703125e-05
delete time:3.337860107421875e-05
delete time:2.8133392333984375e-05
delete time:2.5272369384765625e-05
delete time:3.0994415283203125e-05
delete time:2.5033950805664062e-05
delete time:3.647804260253906e-05
delete time:2.5987625122070312e-05
delete time:1.6450881958007812e-05
delete time:3.5762786865234375e-05
delete time:1.8596649169921875e-05
delete time:2.47955322265625e-05
delete time:4.100799560546875e-05
delete time:2.4080276489257812e-05
delete time:2.3126602172851562e-05
delete time:2.956390380859375e-05
delete time:2.0503997802734375e-05
delete time:2.002716064453125e-05
delete time:2.2649765014648438e-05
delete time:2.1696090698242188e-05
delete time:2.6464462280273438e-05
delete time:2.6702880859375e-05
delete time:2.3126602172851562e-05
delete time:3.24249267578125e-05
delete time:2.1457672119140625e-05
delete time:2.1457672119140625e-05
delete time:2.193450927734375e-05
delete time:1.9788742065429688e-05
delete time:2.8848648071289062e-05
delete time:2.9087066650390625e-05
delete time:1.7881393432617188e-05
delete time:3.3855438232421875e-05
delete time:2.5510787963867188e-05
delete time:2.574920654296875e-05
delete time:1.9550323486328125e-05
delete time:2.1457672119140625e-05
delete time:1.4066696166992188e-05
delete time:2.6226043701171875e-05
delete time:3.218650817871094e-05
delete time:3.0040740966796875e-05
delete time:2.5987625122070312e-05
delete time:3.314018249511719e-05
delete time:2.574920654296875e-05
delete time:2.5987625122070312e-05
delete time:3.123283386230469e-05
delete time:1.6927719116210938e-05
delete time:3.2901763916015625e-05
delete time:2.3126602172851562e-05
delete time:1.9073486328125e-05
delete time:2.6226043701171875e-05
delete time:3.8623809814453125e-05
delete time:2.5987625122070312e-05
delete time:2.86102294921875e-05
delete time:2.8848648071289062e-05
delete time:2.7418136596679688e-05
delete time:2.5033950805664062e-05
delete time:4.124641418457031e-05
delete time:3.5762786865234375e-05
delete time:2.384185791015625e-05
delete time:2.86102294921875e-05
delete time:3.5762786865234375e-05
delete time:1.8358230590820312e-05
delete time:2.6941299438476562e-05
delete time:2.2649765014648438e-05
delete time:1.621246337890625e-05
delete time:3.814697265625e-05
delete time:2.1219253540039062e-05
delete time:2.3126602172851562e-05
delete time:3.9577484130859375e-05
delete time:2.0742416381835938e-05
delete time:2.2649765014648438e-05
delete time:2.8848648071289062e-05
delete time:3.0279159545898438e-05
delete time:2.0503997802734375e-05
delete time:1.8596649169921875e-05
delete time:1.811981201171875e-05
delete time:2.6941299438476562e-05
delete time:1.7881393432617188e-05
delete time:2.2411346435546875e-05
delete time:3.3855438232421875e-05
delete time:2.384185791015625e-05
delete time:3.266334533691406e-05
delete time:2.5033950805664062e-05
delete time:2.86102294921875e-05
delete time:1.9788742065429688e-05
delete time:1.9311904907226562e-05
delete time:2.9325485229492188e-05
delete time:1.8835067749023438e-05
delete time:5.1021575927734375e-05
delete time:2.765655517578125e-05
delete time:1.9311904907226562e-05
delete time:2.2649765014648438e-05
delete time:2.5272369384765625e-05
delete time:2.8133392333984375e-05
delete time:2.9325485229492188e-05
delete time:2.288818359375e-05
delete time:2.8133392333984375e-05
delete time:2.9325485229492188e-05
delete time:2.3365020751953125e-05
delete time:2.6226043701171875e-05
delete time:2.5510787963867188e-05
delete time:4.100799560546875e-05
delete time:2.5510787963867188e-05
delete time:2.86102294921875e-05
delete time:2.1457672119140625e-05
delete time:3.218650817871094e-05
delete time:3.24249267578125e-05
delete time:2.765655517578125e-05
delete time:1.621246337890625e-05
delete time:2.1219253540039062e-05
delete time:3.62396240234375e-05
delete time:4.029273986816406e-05
delete time:2.09808349609375e-05
delete time:3.123283386230469e-05
delete time:4.00543212890625e-05
delete time:2.6464462280273438e-05
delete time:2.2172927856445312e-05
delete time:2.288818359375e-05
delete time:3.743171691894531e-05
delete time:1.8835067749023438e-05
delete time:3.0279159545898438e-05
delete time:2.47955322265625e-05
delete time:2.384185791015625e-05
delete time:2.7179718017578125e-05
delete time:2.4318695068359375e-05
delete time:1.6689300537109375e-05
delete time:2.765655517578125e-05
delete time:3.147125244140625e-05
delete time:1.4781951904296875e-05
delete time:1.7881393432617188e-05
delete time:2.9325485229492188e-05
delete time:1.7642974853515625e-05
delete time:1.7642974853515625e-05
delete time:2.5272369384765625e-05
delete time:1.7642974853515625e-05
delete time:2.47955322265625e-05
delete time:3.24249267578125e-05
delete time:2.2649765014648438e-05
delete time:2.9087066650390625e-05
delete time:3.981590270996094e-05
delete time:2.5272369384765625e-05
delete time:2.1457672119140625e-05
delete time:2.288818359375e-05
delete time:2.288818359375e-05
delete time:1.621246337890625e-05
delete time:2.765655517578125e-05
delete time:2.1457672119140625e-05
delete time:2.09808349609375e-05
delete time:3.4809112548828125e-05
delete time:3.4809112548828125e-05
delete time:2.47955322265625e-05
delete time:4.7206878662109375e-05
delete time:2.6226043701171875e-05
delete time:3.62396240234375e-05
delete time:1.7404556274414062e-05
delete time:2.288818359375e-05
delete time:2.002716064453125e-05
delete time:3.266334533691406e-05
delete time:2.7179718017578125e-05
delete time:2.2172927856445312e-05
delete time:1.6689300537109375e-05
delete time:2.1696090698242188e-05
delete time:2.1219253540039062e-05
delete time:2.765655517578125e-05
delete time:4.1484832763671875e-05
delete time:2.2172927856445312e-05
delete time:2.6226043701171875e-05
delete time:3.457069396972656e-05
delete time:1.5974044799804688e-05
delete time:4.00543212890625e-05
delete time:2.3126602172851562e-05
delete time:2.0503997802734375e-05
delete time:1.9788742065429688e-05
delete time:2.1219253540039062e-05
delete time:2.9325485229492188e-05
delete time:2.1457672119140625e-05
delete time:2.193450927734375e-05
delete time:2.8371810913085938e-05
delete time:2.2649765014648438e-05
delete time:2.5033950805664062e-05
delete time:3.886222839355469e-05
delete time:2.4080276489257812e-05
delete time:2.0742416381835938e-05
delete time:2.1219253540039062e-05
delete time:2.4080276489257812e-05
delete time:1.9073486328125e-05
delete time:1.71661376953125e-05
delete time:2.4318695068359375e-05
delete time:3.4809112548828125e-05
delete time:2.7418136596679688e-05
delete time:2.5272369384765625e-05
delete time:2.1219253540039062e-05
delete time:2.384185791015625e-05
delete time:3.2901763916015625e-05
delete time:2.1457672119140625e-05
delete time:1.9311904907226562e-05
delete time:2.5510787963867188e-05
delete time:2.1457672119140625e-05
delete time:2.8371810913085938e-05
delete time:2.0265579223632812e-05
delete time:1.7404556274414062e-05
delete time:1.71661376953125e-05
delete time:1.9550323486328125e-05
delete time:4.172325134277344e-05
delete time:3.5762786865234375e-05
delete time:2.0265579223632812e-05
delete time:3.361701965332031e-05
delete time:4.291534423828125e-05
delete time:2.1696090698242188e-05
delete time:1.9788742065429688e-05
delete time:1.5497207641601562e-05
delete time:2.2649765014648438e-05
delete time:4.363059997558594e-05
delete time:2.5987625122070312e-05
delete time:1.7404556274414062e-05
delete time:2.47955322265625e-05
delete time:4.100799560546875e-05
delete time:2.7418136596679688e-05
delete time:2.7894973754882812e-05
delete time:2.3365020751953125e-05
delete time:1.7404556274414062e-05
delete time:1.6927719116210938e-05
delete time:1.5735626220703125e-05
delete time:2.2649765014648438e-05
delete time:1.621246337890625e-05
delete time:1.5497207641601562e-05
delete time:1.3113021850585938e-05
delete time:4.6253204345703125e-05
delete time:2.193450927734375e-05
delete time:1.8596649169921875e-05
delete time:1.8835067749023438e-05
delete time:2.7179718017578125e-05
delete time:2.1219253540039062e-05
delete time:2.7418136596679688e-05
delete time:2.4318695068359375e-05
delete time:2.193450927734375e-05
delete time:4.029273986816406e-05
delete time:3.600120544433594e-05
delete time:1.2874603271484375e-05
delete time:1.9311904907226562e-05
delete time:1.33514404296875e-05
delete time:2.956390380859375e-05
delete time:2.002716064453125e-05
delete time:1.3113021850585938e-05
delete time:2.9325485229492188e-05
delete time:2.8371810913085938e-05
delete time:4.76837158203125e-05
delete time:3.3855438232421875e-05
delete time:2.5272369384765625e-05
delete time:3.0279159545898438e-05
delete time:4.4345855712890625e-05
delete time:1.2159347534179688e-05
delete time:2.3603439331054688e-05
delete time:1.3589859008789062e-05
delete time:3.170967102050781e-05
delete time:3.2901763916015625e-05
delete time:2.5987625122070312e-05
delete time:1.2159347534179688e-05
delete time:1.5020370483398438e-05
delete time:2.0742416381835938e-05
delete time:2.956390380859375e-05
delete time:4.315376281738281e-05
delete time:3.0994415283203125e-05
delete time:2.9802322387695312e-05
delete time:4.315376281738281e-05
delete time:4.982948303222656e-05
delete time:3.2901763916015625e-05
delete time:3.7670135498046875e-05
delete time:2.2172927856445312e-05
delete time:2.5987625122070312e-05
delete time:3.1948089599609375e-05
delete time:3.910064697265625e-05
delete time:3.457069396972656e-05
delete time:3.0279159545898438e-05
delete time:3.3855438232421875e-05
delete time:2.1457672119140625e-05
delete time:2.8848648071289062e-05
delete time:2.8133392333984375e-05
delete time:2.47955322265625e-05
delete time:2.8848648071289062e-05
delete time:2.384185791015625e-05
delete time:4.220008850097656e-05
delete time:2.765655517578125e-05
delete time:2.6464462280273438e-05
delete time:3.170967102050781e-05
delete time:2.7179718017578125e-05
delete time:3.218650817871094e-05
delete time:2.9802322387695312e-05
delete time:2.956390380859375e-05
delete time:2.2649765014648438e-05
delete time:2.86102294921875e-05
delete time:3.1948089599609375e-05
delete time:2.7894973754882812e-05
delete time:2.3365020751953125e-05
delete time:2.9087066650390625e-05
delete time:2.7894973754882812e-05
delete time:1.7881393432617188e-05
delete time:4.291534423828125e-05
delete time:3.528594970703125e-05
delete time:2.5987625122070312e-05
delete time:2.5987625122070312e-05
delete time:2.3603439331054688e-05
delete time:2.3126602172851562e-05
delete time:3.5762786865234375e-05
delete time:2.6226043701171875e-05
delete time:3.838539123535156e-05
delete time:4.4345855712890625e-05
delete time:2.0742416381835938e-05
delete time:3.361701965332031e-05
delete time:3.266334533691406e-05
delete time:2.6226043701171875e-05
delete time:2.5987625122070312e-05
delete time:1.9788742065429688e-05
delete time:2.956390380859375e-05
delete time:2.1457672119140625e-05
delete time:3.4809112548828125e-05
delete time:4.887580871582031e-05
delete time:3.6716461181640625e-05
delete time:3.4809112548828125e-05
delete time:3.409385681152344e-05
delete time:2.4318695068359375e-05
delete time:3.0040740966796875e-05
delete time:2.765655517578125e-05
delete time:2.4318695068359375e-05
delete time:2.6702880859375e-05
delete time:1.3589859008789062e-05
delete time:3.0994415283203125e-05
delete time:2.3365020751953125e-05
delete time:3.790855407714844e-05
delete time:1.7642974853515625e-05
delete time:2.7179718017578125e-05
delete time:3.147125244140625e-05
delete time:4.1484832763671875e-05
delete time:3.6716461181640625e-05
delete time:2.956390380859375e-05
delete time:2.1696090698242188e-05
delete time:2.2649765014648438e-05
delete time:2.6226043701171875e-05
delete time:2.2172927856445312e-05
delete time:3.552436828613281e-05
delete time:3.0517578125e-05
delete time:3.123283386230469e-05
delete time:3.218650817871094e-05
delete time:3.075599670410156e-05
delete time:1.2636184692382812e-05
delete time:3.719329833984375e-05
delete time:3.814697265625e-05
delete time:2.4557113647460938e-05
delete time:2.5987625122070312e-05
delete time:2.6464462280273438e-05
delete time:3.0040740966796875e-05
delete time:3.933906555175781e-05
delete time:2.956390380859375e-05
delete time:3.2901763916015625e-05
delete time:4.291534423828125e-05
delete time:2.193450927734375e-05
delete time:3.814697265625e-05
delete time:2.2411346435546875e-05
delete time:3.361701965332031e-05
delete time:3.147125244140625e-05
delete time:2.6941299438476562e-05
delete time:2.384185791015625e-05
delete time:2.7894973754882812e-05
delete time:3.218650817871094e-05
delete time:2.6226043701171875e-05
delete time:2.1219253540039062e-05
delete time:2.6226043701171875e-05
delete time:2.7418136596679688e-05
delete time:4.100799560546875e-05
delete time:3.123283386230469e-05
delete time:2.6941299438476562e-05
delete time:2.9325485229492188e-05
delete time:2.7894973754882812e-05
delete time:2.4080276489257812e-05
delete time:3.409385681152344e-05
delete time:2.4318695068359375e-05
delete time:3.7670135498046875e-05
delete time:2.9802322387695312e-05
delete time:2.3126602172851562e-05
delete time:3.719329833984375e-05
delete time:2.3603439331054688e-05
delete time:2.6941299438476562e-05
delete time:3.552436828613281e-05
delete time:3.457069396972656e-05
delete time:4.1484832763671875e-05
delete time:2.4080276489257812e-05
delete time:2.4318695068359375e-05
delete time:1.7642974853515625e-05
delete time:2.1457672119140625e-05
delete time:3.457069396972656e-05
delete time:2.09808349609375e-05
delete time:3.504753112792969e-05
delete time:3.337860107421875e-05
delete time:2.47955322265625e-05
delete time:2.86102294921875e-05
delete time:3.218650817871094e-05
delete time:2.5272369384765625e-05
delete time:3.314018249511719e-05
delete time:4.220008850097656e-05
delete time:2.3126602172851562e-05
delete time:3.409385681152344e-05
delete time:2.7418136596679688e-05
delete time:2.2649765014648438e-05
delete time:4.4345855712890625e-05
delete time:2.7418136596679688e-05
delete time:2.9325485229492188e-05
delete time:3.0994415283203125e-05
delete time:3.62396240234375e-05
delete time:3.266334533691406e-05
delete time:2.8371810913085938e-05
delete time:3.2901763916015625e-05
delete time:2.7418136596679688e-05
delete time:3.814697265625e-05
delete time:3.3855438232421875e-05
delete time:1.4781951904296875e-05
delete time:1.5974044799804688e-05
delete time:3.4332275390625e-05
delete time:3.147125244140625e-05
delete time:2.8848648071289062e-05
delete time:3.4809112548828125e-05
delete time:3.147125244140625e-05
delete time:2.6941299438476562e-05
delete time:3.4809112548828125e-05
delete time:2.9802322387695312e-05
delete time:3.552436828613281e-05
delete time:2.1457672119140625e-05
delete time:3.528594970703125e-05
delete time:3.600120544433594e-05
delete time:2.5272369384765625e-05
delete time:2.4557113647460938e-05
delete time:2.5033950805664062e-05
delete time:4.2438507080078125e-05
delete time:3.2901763916015625e-05
delete time:3.4332275390625e-05
delete time:2.2411346435546875e-05
delete time:2.6702880859375e-05
delete time:2.86102294921875e-05
delete time:2.3603439331054688e-05
delete time:2.5272369384765625e-05
delete time:3.24249267578125e-05
delete time:2.9087066650390625e-05
delete time:2.765655517578125e-05
delete time:2.765655517578125e-05
delete time:2.765655517578125e-05
delete time:2.8133392333984375e-05
delete time:2.5510787963867188e-05
delete time:2.47955322265625e-05
delete time:2.3603439331054688e-05
delete time:2.5510787963867188e-05
delete time:2.288818359375e-05
delete time:2.3603439331054688e-05
delete time:2.6226043701171875e-05
delete time:2.1219253540039062e-05
delete time:2.3126602172851562e-05
delete time:3.7670135498046875e-05
delete time:2.7179718017578125e-05
delete time:3.409385681152344e-05
delete time:2.9087066650390625e-05
delete time:3.600120544433594e-05
delete time:2.8133392333984375e-05
delete time:3.337860107421875e-05
delete time:3.790855407714844e-05
delete time:2.4557113647460938e-05
delete time:2.6702880859375e-05
delete time:3.695487976074219e-05
delete time:2.384185791015625e-05
delete time:3.647804260253906e-05
delete time:2.6702880859375e-05
delete time:3.552436828613281e-05
delete time:2.6464462280273438e-05
delete time:4.291534423828125e-05
delete time:2.5510787963867188e-05
delete time:2.193450927734375e-05
delete time:4.506111145019531e-05
delete time:2.6226043701171875e-05
delete time:2.6941299438476562e-05
delete time:2.193450927734375e-05
delete time:2.7179718017578125e-05
delete time:2.9087066650390625e-05
delete time:3.170967102050781e-05
delete time:2.193450927734375e-05
delete time:3.552436828613281e-05
delete time:2.86102294921875e-05
delete time:3.8623809814453125e-05
delete time:2.7418136596679688e-05
delete time:3.314018249511719e-05
delete time:2.5510787963867188e-05
delete time:2.3126602172851562e-05
delete time:2.8371810913085938e-05
delete time:2.384185791015625e-05
delete time:2.09808349609375e-05
delete time:2.4080276489257812e-05
delete time:2.09808349609375e-05
delete time:2.7894973754882812e-05
delete time:3.2901763916015625e-05
delete time:3.695487976074219e-05
delete time:3.218650817871094e-05
delete time:2.3126602172851562e-05
delete time:2.5272369384765625e-05
delete time:2.2172927856445312e-05
delete time:4.2438507080078125e-05
delete time:2.9087066650390625e-05
delete time:3.981590270996094e-05
delete time:2.9802322387695312e-05
delete time:4.315376281738281e-05
delete time:2.288818359375e-05
delete time:2.6226043701171875e-05
delete time:2.002716064453125e-05
delete time:3.314018249511719e-05
delete time:2.7894973754882812e-05
delete time:4.2438507080078125e-05
delete time:3.123283386230469e-05
delete time:2.3126602172851562e-05
delete time:3.790855407714844e-05
delete time:2.7179718017578125e-05
delete time:3.838539123535156e-05
delete time:2.3603439331054688e-05
delete time:3.266334533691406e-05
delete time:2.3126602172851562e-05
delete time:3.0517578125e-05
delete time:2.0503997802734375e-05
delete time:3.695487976074219e-05
delete time:2.3603439331054688e-05
delete time:2.288818359375e-05
delete time:1.8835067749023438e-05
delete time:3.910064697265625e-05
delete time:3.123283386230469e-05
delete time:3.218650817871094e-05
delete time:2.5033950805664062e-05
delete time:3.337860107421875e-05
delete time:3.8623809814453125e-05
delete time:2.2411346435546875e-05
delete time:3.24249267578125e-05
delete time:2.1219253540039062e-05
delete time:2.6464462280273438e-05
delete time:4.172325134277344e-05
delete time:2.2649765014648438e-05
delete time:3.314018249511719e-05
delete time:3.504753112792969e-05
delete time:3.218650817871094e-05
delete time:3.266334533691406e-05
delete time:2.6226043701171875e-05
delete time:2.9325485229492188e-05
delete time:2.193450927734375e-05
delete time:2.2411346435546875e-05
delete time:2.3603439331054688e-05
delete time:3.528594970703125e-05
delete time:2.5272369384765625e-05
delete time:3.9577484130859375e-05
delete time:3.9577484130859375e-05
delete time:3.790855407714844e-05
delete time:2.0265579223632812e-05
delete time:3.552436828613281e-05
delete time:2.4557113647460938e-05
delete time:2.86102294921875e-05
delete time:3.2901763916015625e-05
delete time:1.621246337890625e-05
delete time:2.8371810913085938e-05
delete time:3.457069396972656e-05
delete time:3.8623809814453125e-05
delete time:1.9073486328125e-05
delete time:2.384185791015625e-05
delete time:4.076957702636719e-05
delete time:2.1219253540039062e-05
delete time:2.7179718017578125e-05
delete time:3.838539123535156e-05
delete time:4.00543212890625e-05
delete time:2.288818359375e-05
delete time:2.384185791015625e-05
delete time:4.076957702636719e-05
delete time:2.3365020751953125e-05
delete time:2.5033950805664062e-05
delete time:3.62396240234375e-05
delete time:2.765655517578125e-05
delete time:3.528594970703125e-05
delete time:2.0503997802734375e-05
delete time:3.170967102050781e-05
delete time:4.220008850097656e-05
delete time:3.600120544433594e-05
delete time:2.4318695068359375e-05
delete time:3.457069396972656e-05
delete time:2.3603439331054688e-05
delete time:2.09808349609375e-05
delete time:2.1219253540039062e-05
delete time:1.9073486328125e-05
delete time:3.218650817871094e-05
delete time:2.4557113647460938e-05
delete time:2.574920654296875e-05
delete time:2.09808349609375e-05
delete time:1.9788742065429688e-05
delete time:1.8358230590820312e-05
delete time:2.956390380859375e-05
delete time:4.172325134277344e-05
delete time:2.384185791015625e-05
delete time:3.123283386230469e-05
delete time:3.9577484130859375e-05
delete time:3.337860107421875e-05
delete time:3.62396240234375e-05
delete time:3.361701965332031e-05
delete time:3.266334533691406e-05
delete time:2.2649765014648438e-05
delete time:3.2901763916015625e-05
delete time:3.337860107421875e-05
delete time:2.1457672119140625e-05
delete time:4.076957702636719e-05
delete time:2.86102294921875e-05
delete time:1.811981201171875e-05
delete time:1.8596649169921875e-05
delete time:3.409385681152344e-05
delete time:3.337860107421875e-05
delete time:1.8835067749023438e-05
delete time:2.7894973754882812e-05
delete time:3.24249267578125e-05
delete time:2.5272369384765625e-05
delete time:3.62396240234375e-05
delete time:2.6464462280273438e-05
delete time:2.193450927734375e-05
delete time:3.504753112792969e-05
delete time:2.6941299438476562e-05
delete time:3.0994415283203125e-05
delete time:2.3603439331054688e-05
delete time:3.314018249511719e-05
delete time:2.4080276489257812e-05
delete time:2.288818359375e-05
delete time:4.673004150390625e-05
delete time:3.0279159545898438e-05
delete time:2.8848648071289062e-05
delete time:2.9325485229492188e-05
delete time:3.743171691894531e-05
delete time:3.504753112792969e-05
delete time:2.1457672119140625e-05
delete time:1.6689300537109375e-05
delete time:3.552436828613281e-05
delete time:3.075599670410156e-05
delete time:2.1457672119140625e-05
delete time:3.457069396972656e-05
delete time:2.1696090698242188e-05
delete time:2.574920654296875e-05
delete time:2.3126602172851562e-05
delete time:5.173683166503906e-05
delete time:2.09808349609375e-05
delete time:3.6716461181640625e-05
delete time:3.838539123535156e-05
delete time:3.2901763916015625e-05
delete time:3.600120544433594e-05
delete time:2.5033950805664062e-05
delete time:2.1219253540039062e-05
delete time:3.170967102050781e-05
delete time:2.5510787963867188e-05
delete time:2.3126602172851562e-05
delete time:2.1219253540039062e-05
delete time:2.4080276489257812e-05
delete time:4.267692565917969e-05
delete time:4.291534423828125e-05
delete time:3.4332275390625e-05
delete time:3.075599670410156e-05
delete time:3.4332275390625e-05
delete time:2.4557113647460938e-05
delete time:4.696846008300781e-05
delete time:2.3365020751953125e-05
delete time:2.8371810913085938e-05
delete time:2.2649765014648438e-05
delete time:2.0742416381835938e-05
delete time:2.956390380859375e-05
delete time:2.47955322265625e-05
delete time:2.384185791015625e-05
delete time:1.3828277587890625e-05
delete time:3.409385681152344e-05
delete time:3.504753112792969e-05
delete time:2.8371810913085938e-05
delete time:4.649162292480469e-05
delete time:2.1219253540039062e-05
delete time:2.6941299438476562e-05
delete time:2.0742416381835938e-05
delete time:2.3365020751953125e-05
delete time:3.695487976074219e-05
delete time:2.5510787963867188e-05
delete time:3.314018249511719e-05
delete time:3.0040740966796875e-05
delete time:3.62396240234375e-05
delete time:3.1948089599609375e-05
delete time:2.4318695068359375e-05
delete time:1.9550323486328125e-05
delete time:4.076957702636719e-05
delete time:2.3365020751953125e-05
delete time:2.0265579223632812e-05
delete time:3.0517578125e-05
delete time:3.4809112548828125e-05
delete time:2.09808349609375e-05
delete time:2.0503997802734375e-05
delete time:2.9802322387695312e-05
delete time:3.552436828613281e-05
delete time:2.6226043701171875e-05
delete time:2.288818359375e-05
delete time:2.5033950805664062e-05
delete time:3.266334533691406e-05
delete time:3.409385681152344e-05
delete time:2.5272369384765625e-05
delete time:2.1219253540039062e-05
delete time:1.9550323486328125e-05
delete time:3.0279159545898438e-05
delete time:2.5272369384765625e-05
delete time:3.1948089599609375e-05
delete time:2.1219253540039062e-05
delete time:2.0265579223632812e-05
delete time:2.3126602172851562e-05
delete time:2.0503997802734375e-05
delete time:2.288818359375e-05
delete time:2.8133392333984375e-05
delete time:2.384185791015625e-05
delete time:2.574920654296875e-05
delete time:3.504753112792969e-05
delete time:3.504753112792969e-05
delete time:3.838539123535156e-05
delete time:3.170967102050781e-05
delete time:2.2649765014648438e-05
delete time:3.8623809814453125e-05
delete time:3.695487976074219e-05
delete time:2.1457672119140625e-05
delete time:1.9311904907226562e-05
delete time:3.409385681152344e-05
delete time:2.5272369384765625e-05
delete time:3.743171691894531e-05
delete time:2.8133392333984375e-05
delete time:2.5510787963867188e-05
delete time:3.814697265625e-05
delete time:3.838539123535156e-05
delete time:3.528594970703125e-05
delete time:3.743171691894531e-05
delete time:1.9311904907226562e-05
delete time:3.504753112792969e-05
delete time:2.956390380859375e-05
delete time:2.3603439331054688e-05
delete time:2.9325485229492188e-05
delete time:2.8371810913085938e-05
delete time:2.3603439331054688e-05
delete time:2.1457672119140625e-05
delete time:3.409385681152344e-05
delete time:1.6927719116210938e-05
delete time:4.00543212890625e-05
delete time:3.147125244140625e-05
delete time:3.647804260253906e-05
delete time:2.3603439331054688e-05
delete time:4.220008850097656e-05
delete time:2.1457672119140625e-05
delete time:3.5762786865234375e-05
delete time:2.1457672119140625e-05
delete time:3.218650817871094e-05
delete time:3.266334533691406e-05
delete time:2.47955322265625e-05
delete time:2.0265579223632812e-05
delete time:3.337860107421875e-05
delete time:3.814697265625e-05
delete time:2.193450927734375e-05
delete time:3.62396240234375e-05
delete time:2.47955322265625e-05
delete time:3.8623809814453125e-05
delete time:3.123283386230469e-05
delete time:2.5272369384765625e-05
delete time:2.86102294921875e-05
delete time:4.172325134277344e-05
delete time:2.193450927734375e-05
delete time:2.3365020751953125e-05
delete time:2.5987625122070312e-05
delete time:2.0503997802734375e-05
delete time:2.1457672119140625e-05
delete time:3.361701965332031e-05
delete time:3.0994415283203125e-05
delete time:2.8848648071289062e-05
delete time:3.838539123535156e-05
delete time:2.002716064453125e-05
delete time:1.8596649169921875e-05
delete time:1.9788742065429688e-05
delete time:3.9577484130859375e-05
delete time:3.8623809814453125e-05
delete time:1.811981201171875e-05
delete time:3.6716461181640625e-05
delete time:3.314018249511719e-05
delete time:2.7894973754882812e-05
delete time:3.528594970703125e-05
delete time:3.409385681152344e-05
delete time:2.3126602172851562e-05
delete time:2.8848648071289062e-05
delete time:2.4557113647460938e-05
delete time:3.7670135498046875e-05
delete time:1.811981201171875e-05
delete time:3.7670135498046875e-05
delete time:2.9325485229492188e-05
delete time:2.0742416381835938e-05
delete time:1.7404556274414062e-05
delete time:2.1457672119140625e-05
delete time:2.0265579223632812e-05
delete time:2.2411346435546875e-05
delete time:4.0531158447265625e-05
delete time:1.9788742065429688e-05
delete time:2.1457672119140625e-05
delete time:2.1457672119140625e-05
delete time:3.838539123535156e-05
delete time:3.6716461181640625e-05
delete time:1.621246337890625e-05
delete time:4.00543212890625e-05
delete time:2.0503997802734375e-05
delete time:2.9087066650390625e-05
delete time:2.193450927734375e-05
delete time:2.5272369384765625e-05
delete time:2.5510787963867188e-05
delete time:3.8623809814453125e-05
delete time:2.09808349609375e-05
delete time:1.5497207641601562e-05
delete time:2.9802322387695312e-05
delete time:2.0742416381835938e-05
delete time:3.814697265625e-05
delete time:2.193450927734375e-05
delete time:1.7642974853515625e-05
delete time:3.528594970703125e-05
delete time:2.4080276489257812e-05
delete time:1.8358230590820312e-05
delete time:3.647804260253906e-05
delete time:3.0994415283203125e-05
delete time:2.956390380859375e-05
delete time:3.0040740966796875e-05
delete time:3.314018249511719e-05
delete time:3.62396240234375e-05
delete time:4.8160552978515625e-05
delete time:2.3365020751953125e-05
delete time:2.384185791015625e-05
delete time:2.384185791015625e-05
delete time:4.363059997558594e-05
delete time:3.075599670410156e-05
delete time:2.574920654296875e-05
delete time:3.600120544433594e-05
delete time:3.337860107421875e-05
delete time:1.9311904907226562e-05
delete time:1.9073486328125e-05
delete time:3.147125244140625e-05
delete time:3.3855438232421875e-05
delete time:2.1219253540039062e-05
delete time:3.5762786865234375e-05
delete time:2.7894973754882812e-05
delete time:2.9802322387695312e-05
delete time:4.172325134277344e-05
delete time:3.910064697265625e-05
delete time:2.0503997802734375e-05
delete time:2.8133392333984375e-05
delete time:2.3126602172851562e-05
delete time:2.288818359375e-05
delete time:3.910064697265625e-05
delete time:1.9788742065429688e-05
delete time:3.6716461181640625e-05
delete time:2.8848648071289062e-05
delete time:3.719329833984375e-05
delete time:2.4318695068359375e-05
delete time:3.1948089599609375e-05
delete time:3.552436828613281e-05
delete time:3.62396240234375e-05
delete time:2.8848648071289062e-05
delete time:3.075599670410156e-05
delete time:2.3126602172851562e-05
delete time:1.811981201171875e-05
delete time:2.765655517578125e-05
delete time:2.002716064453125e-05
delete time:3.910064697265625e-05
delete time:2.1457672119140625e-05
delete time:2.2172927856445312e-05
delete time:3.5762786865234375e-05
delete time:3.62396240234375e-05
delete time:4.0531158447265625e-05
delete time:3.266334533691406e-05
delete time:3.719329833984375e-05
delete time:4.00543212890625e-05
delete time:3.838539123535156e-05
delete time:3.0279159545898438e-05
delete time:2.5510787963867188e-05
delete time:1.9788742065429688e-05
delete time:2.6941299438476562e-05
delete time:1.8358230590820312e-05
delete time:2.86102294921875e-05
delete time:2.3365020751953125e-05
delete time:1.811981201171875e-05
delete time:3.838539123535156e-05
delete time:2.193450927734375e-05
delete time:3.7670135498046875e-05
delete time:3.528594970703125e-05
delete time:2.3126602172851562e-05
delete time:2.0503997802734375e-05
delete time:2.1457672119140625e-05
delete time:2.5033950805664062e-05
delete time:3.5762786865234375e-05
delete time:2.956390380859375e-05
delete time:4.220008850097656e-05
delete time:2.6464462280273438e-05
delete time:4.863739013671875e-05
delete time:4.38690185546875e-05
delete time:2.5272369384765625e-05
delete time:3.123283386230469e-05
delete time:1.9788742065429688e-05
delete time:3.647804260253906e-05
delete time:2.0265579223632812e-05
delete time:3.933906555175781e-05
delete time:2.1219253540039062e-05
delete time:2.956390380859375e-05
delete time:2.9802322387695312e-05
delete time:4.7206878662109375e-05
delete time:3.409385681152344e-05
delete time:2.4080276489257812e-05
delete time:3.337860107421875e-05
delete time:2.0503997802734375e-05
delete time:2.2411346435546875e-05
delete time:4.9114227294921875e-05
delete time:4.2438507080078125e-05
delete time:3.457069396972656e-05
delete time:1.8358230590820312e-05
delete time:3.457069396972656e-05
delete time:2.4557113647460938e-05
delete time:2.0503997802734375e-05
delete time:1.8358230590820312e-05
delete time:1.7881393432617188e-05
delete time:3.4332275390625e-05
delete time:1.9311904907226562e-05
delete time:3.528594970703125e-05
delete time:1.9788742065429688e-05
delete time:2.9802322387695312e-05
delete time:1.9311904907226562e-05
delete time:2.002716064453125e-05
delete time:4.029273986816406e-05
delete time:2.5272369384765625e-05
delete time:3.838539123535156e-05
delete time:3.7670135498046875e-05
delete time:1.8835067749023438e-05
delete time:2.288818359375e-05
delete time:3.170967102050781e-05
delete time:3.552436828613281e-05
delete time:1.9550323486328125e-05
delete time:3.147125244140625e-05
delete time:2.384185791015625e-05
delete time:2.1219253540039062e-05
delete time:4.076957702636719e-05
delete time:3.218650817871094e-05
delete time:3.3855438232421875e-05
delete time:3.9577484130859375e-05
delete time:3.3855438232421875e-05
delete time:2.384185791015625e-05
delete time:3.4332275390625e-05
delete time:3.0279159545898438e-05
delete time:4.363059997558594e-05
delete time:3.4332275390625e-05
delete time:3.886222839355469e-05
delete time:2.3126602172851562e-05
delete time:2.1219253540039062e-05
delete time:2.4080276489257812e-05
delete time:3.4809112548828125e-05
delete time:2.2411346435546875e-05
delete time:3.4809112548828125e-05
delete time:2.288818359375e-05
delete time:3.1948089599609375e-05
delete time:2.6941299438476562e-05
delete time:3.0994415283203125e-05
delete time:2.2649765014648438e-05
delete time:3.9577484130859375e-05
delete time:2.5987625122070312e-05
delete time:3.1948089599609375e-05
delete time:3.361701965332031e-05
delete time:2.3365020751953125e-05
delete time:2.8133392333984375e-05
delete time:3.528594970703125e-05
delete time:1.7642974853515625e-05
delete time:3.361701965332031e-05
delete time:3.266334533691406e-05
delete time:2.09808349609375e-05
delete time:2.2649765014648438e-05
delete time:2.2649765014648438e-05
delete time:2.0265579223632812e-05
delete time:4.744529724121094e-05
delete time:3.24249267578125e-05
delete time:2.002716064453125e-05
delete time:2.8848648071289062e-05
delete time:2.1219253540039062e-05
delete time:4.00543212890625e-05
delete time:2.3126602172851562e-05
delete time:3.743171691894531e-05
delete time:3.266334533691406e-05
delete time:2.3126602172851562e-05
delete time:2.002716064453125e-05
delete time:3.790855407714844e-05
delete time:3.7670135498046875e-05
delete time:2.574920654296875e-05
delete time:2.8371810913085938e-05
delete time:3.647804260253906e-05
delete time:2.09808349609375e-05
delete time:4.839897155761719e-05
delete time:3.4809112548828125e-05
delete time:3.6716461181640625e-05
delete time:3.6716461181640625e-05
delete time:2.5510787963867188e-05
delete time:4.363059997558594e-05
delete time:2.6941299438476562e-05
delete time:2.8848648071289062e-05
delete time:4.00543212890625e-05
delete time:2.09808349609375e-05
delete time:2.3126602172851562e-05
delete time:3.528594970703125e-05
delete time:3.409385681152344e-05
delete time:3.647804260253906e-05
delete time:2.0265579223632812e-05
delete time:3.0279159545898438e-05
delete time:3.814697265625e-05
delete time:2.9087066650390625e-05
delete time:4.00543212890625e-05
delete time:3.337860107421875e-05
delete time:1.8358230590820312e-05
delete time:3.838539123535156e-05
delete time:2.1696090698242188e-05
delete time:1.9311904907226562e-05
delete time:3.6716461181640625e-05
delete time:2.1696090698242188e-05
delete time:2.4557113647460938e-05
delete time:4.0531158447265625e-05
delete time:1.9550323486328125e-05
delete time:2.765655517578125e-05
delete time:2.765655517578125e-05
delete time:2.86102294921875e-05
delete time:3.266334533691406e-05
delete time:2.7418136596679688e-05
delete time:2.574920654296875e-05
delete time:2.1696090698242188e-05
delete time:5.1021575927734375e-05
delete time:2.2172927856445312e-05
delete time:2.1219253540039062e-05
delete time:3.0040740966796875e-05
delete time:3.838539123535156e-05
delete time:3.0279159545898438e-05
delete time:3.3855438232421875e-05
delete time:3.0279159545898438e-05
delete time:2.4318695068359375e-05
delete time:3.0040740966796875e-05
delete time:1.9788742065429688e-05
delete time:3.170967102050781e-05
delete time:2.9802322387695312e-05
delete time:5.6743621826171875e-05
delete time:2.9802322387695312e-05
delete time:2.7894973754882812e-05
delete time:3.147125244140625e-05
delete time:3.170967102050781e-05
delete time:1.8358230590820312e-05
delete time:1.8596649169921875e-05
delete time:1.9311904907226562e-05
delete time:1.9073486328125e-05
delete time:3.3855438232421875e-05
delete time:3.361701965332031e-05
delete time:2.7894973754882812e-05
delete time:2.47955322265625e-05
delete time:4.029273986816406e-05
delete time:2.288818359375e-05
delete time:2.5510787963867188e-05
delete time:2.4318695068359375e-05
delete time:2.0503997802734375e-05
delete time:2.0742416381835938e-05
delete time:3.552436828613281e-05
delete time:4.315376281738281e-05
delete time:2.0265579223632812e-05
delete time:3.647804260253906e-05
delete time:2.3603439331054688e-05
delete time:1.9311904907226562e-05
delete time:2.5987625122070312e-05
delete time:3.314018249511719e-05
delete time:4.2438507080078125e-05
delete time:3.147125244140625e-05
delete time:2.6941299438476562e-05
delete time:3.743171691894531e-05
delete time:2.1696090698242188e-05
delete time:2.6702880859375e-05
delete time:3.910064697265625e-05
delete time:1.9788742065429688e-05
delete time:1.8835067749023438e-05
delete time:2.193450927734375e-05
delete time:1.9311904907226562e-05
delete time:2.1696090698242188e-05
delete time:2.9087066650390625e-05
delete time:2.3126602172851562e-05
delete time:4.601478576660156e-05
delete time:2.09808349609375e-05
delete time:2.3365020751953125e-05
delete time:1.9073486328125e-05
delete time:3.0279159545898438e-05
delete time:5.125999450683594e-05
delete time:4.1484832763671875e-05
delete time:4.00543212890625e-05
delete time:2.6702880859375e-05
delete time:2.6226043701171875e-05
delete time:4.744529724121094e-05
delete time:2.765655517578125e-05
delete time:2.765655517578125e-05
delete time:1.8596649169921875e-05
delete time:2.86102294921875e-05
delete time:3.552436828613281e-05
delete time:3.552436828613281e-05
delete time:2.002716064453125e-05
delete time:2.6941299438476562e-05
delete time:2.7418136596679688e-05
delete time:2.4080276489257812e-05
delete time:3.409385681152344e-05
delete time:4.172325134277344e-05
delete time:2.8133392333984375e-05
delete time:3.62396240234375e-05
delete time:2.002716064453125e-05
delete time:2.1457672119140625e-05
delete time:2.09808349609375e-05
delete time:2.384185791015625e-05
delete time:2.5987625122070312e-05
delete time:2.6941299438476562e-05
delete time:4.267692565917969e-05
delete time:2.7894973754882812e-05
delete time:3.6716461181640625e-05
delete time:1.7404556274414062e-05
delete time:3.2901763916015625e-05
delete time:2.1219253540039062e-05
delete time:3.0040740966796875e-05
delete time:1.9311904907226562e-05
delete time:1.6689300537109375e-05
delete time:3.361701965332031e-05
delete time:3.647804260253906e-05
delete time:2.574920654296875e-05
delete time:3.147125244140625e-05
delete time:2.002716064453125e-05
delete time:2.288818359375e-05
delete time:1.8835067749023438e-05
delete time:2.574920654296875e-05
delete time:2.6226043701171875e-05
delete time:2.1696090698242188e-05
delete time:1.9788742065429688e-05
delete time:1.8835067749023438e-05
delete time:3.361701965332031e-05
delete time:3.6716461181640625e-05
delete time:2.956390380859375e-05
delete time:2.1696090698242188e-05
delete time:3.62396240234375e-05
delete time:4.124641418457031e-05
delete time:1.9550323486328125e-05
delete time:2.5510787963867188e-05
delete time:3.0994415283203125e-05
delete time:2.8371810913085938e-05
delete time:2.384185791015625e-05
delete time:2.956390380859375e-05
delete time:2.6941299438476562e-05
delete time:2.1457672119140625e-05
delete time:3.123283386230469e-05
delete time:4.172325134277344e-05
delete time:3.4809112548828125e-05
delete time:4.0531158447265625e-05
delete time:2.1457672119140625e-05
delete time:3.504753112792969e-05
delete time:3.0279159545898438e-05
delete time:3.314018249511719e-05
delete time:2.002716064453125e-05
delete time:3.5762786865234375e-05
delete time:2.3365020751953125e-05
delete time:3.147125244140625e-05
delete time:2.9087066650390625e-05
delete time:2.4080276489257812e-05
delete time:2.384185791015625e-05
delete time:2.6464462280273438e-05
delete time:2.0265579223632812e-05
delete time:2.2172927856445312e-05
delete time:1.8835067749023438e-05
delete time:2.9325485229492188e-05
delete time:3.719329833984375e-05
delete time:3.457069396972656e-05
delete time:2.5510787963867188e-05
delete time:3.170967102050781e-05
delete time:3.075599670410156e-05
delete time:2.5510787963867188e-05
delete time:1.7404556274414062e-05
delete time:2.2172927856445312e-05
delete time:4.315376281738281e-05
delete time:2.8371810913085938e-05
delete time:2.0265579223632812e-05
delete time:4.100799560546875e-05
delete time:4.482269287109375e-05
delete time:3.4809112548828125e-05
delete time:2.002716064453125e-05
delete time:1.6450881958007812e-05
delete time:2.1219253540039062e-05
delete time:2.0503997802734375e-05
delete time:4.220008850097656e-05
delete time:3.361701965332031e-05
delete time:2.6464462280273438e-05
delete time:2.7418136596679688e-05
delete time:2.7418136596679688e-05
delete time:1.9788742065429688e-05
delete time:2.1696090698242188e-05
delete time:2.1219253540039062e-05
delete time:3.790855407714844e-05
delete time:2.7894973754882812e-05
delete time:3.0040740966796875e-05
delete time:3.933906555175781e-05
delete time:4.363059997558594e-05
delete time:6.008148193359375e-05
delete time:2.6464462280273438e-05
delete time:1.5735626220703125e-05
delete time:1.9311904907226562e-05
delete time:1.71661376953125e-05
delete time:4.124641418457031e-05
delete time:2.765655517578125e-05
delete time:2.0503997802734375e-05
delete time:3.695487976074219e-05
delete time:2.002716064453125e-05
delete time:3.6716461181640625e-05
delete time:2.1696090698242188e-05
delete time:3.0279159545898438e-05
delete time:4.673004150390625e-05
delete time:3.62396240234375e-05
delete time:4.315376281738281e-05
delete time:5.3882598876953125e-05
delete time:3.62396240234375e-05
delete time:3.2901763916015625e-05
delete time:1.8358230590820312e-05
delete time:4.0531158447265625e-05
delete time:4.267692565917969e-05
delete time:2.7894973754882812e-05
delete time:2.2411346435546875e-05
delete time:2.5033950805664062e-05
delete time:2.2649765014648438e-05
delete time:4.100799560546875e-05
delete time:3.314018249511719e-05
delete time:2.2649765014648438e-05
delete time:4.935264587402344e-05
delete time:2.3126602172851562e-05
delete time:3.62396240234375e-05
delete time:2.002716064453125e-05
delete time:3.647804260253906e-05
delete time:3.933906555175781e-05
delete time:2.1696090698242188e-05
delete time:2.6941299438476562e-05
delete time:4.410743713378906e-05
delete time:3.361701965332031e-05
delete time:3.790855407714844e-05
delete time:4.839897155761719e-05
delete time:1.9788742065429688e-05
delete time:3.409385681152344e-05
delete time:1.7881393432617188e-05
delete time:2.7894973754882812e-05
delete time:4.1484832763671875e-05
delete time:2.09808349609375e-05
delete time:2.2411346435546875e-05
delete time:1.9550323486328125e-05
delete time:2.193450927734375e-05
delete time:1.5735626220703125e-05
delete time:1.8835067749023438e-05
delete time:3.075599670410156e-05
delete time:2.0265579223632812e-05
delete time:1.7642974853515625e-05
delete time:1.9311904907226562e-05
delete time:1.9073486328125e-05
delete time:2.09808349609375e-05
delete time:2.8371810913085938e-05
delete time:4.291534423828125e-05
delete time:1.6450881958007812e-05
delete time:4.673004150390625e-05
delete time:2.765655517578125e-05
delete time:3.0994415283203125e-05
delete time:2.002716064453125e-05
delete time:1.6927719116210938e-05
delete time:2.8371810913085938e-05
delete time:3.719329833984375e-05
delete time:3.504753112792969e-05
delete time:3.8623809814453125e-05
delete time:1.9788742065429688e-05
delete time:2.0503997802734375e-05
delete time:2.3126602172851562e-05
delete time:1.430511474609375e-05
delete time:1.7404556274414062e-05
delete time:2.6702880859375e-05
delete time:2.4557113647460938e-05
delete time:1.5020370483398438e-05
delete time:4.220008850097656e-05
delete time:1.9788742065429688e-05
delete time:2.5510787963867188e-05
delete time:3.814697265625e-05
delete time:1.811981201171875e-05
delete time:3.7670135498046875e-05
delete time:1.5020370483398438e-05
delete time:1.9550323486328125e-05
delete time:2.0503997802734375e-05
delete time:1.71661376953125e-05
delete time:4.1961669921875e-05
delete time:5.0067901611328125e-05
delete time:2.9325485229492188e-05
delete time:2.5033950805664062e-05
delete time:3.933906555175781e-05
delete time:1.3828277587890625e-05
delete time:2.765655517578125e-05
delete time:3.0517578125e-05
delete time:6.198883056640625e-05
delete time:2.2411346435546875e-05
delete time:3.075599670410156e-05
delete time:3.719329833984375e-05
delete time:3.814697265625e-05
delete time:3.790855407714844e-05
delete time:3.552436828613281e-05
delete time:5.1021575927734375e-05
delete time:4.124641418457031e-05
delete time:2.765655517578125e-05
delete time:1.52587890625e-05
delete time:3.170967102050781e-05
delete time:3.0040740966796875e-05
delete time:3.743171691894531e-05
delete time:2.7418136596679688e-05
delete time:6.198883056640625e-05
delete time:4.00543212890625e-05
delete time:3.552436828613281e-05
delete time:3.24249267578125e-05
delete time:2.002716064453125e-05
delete time:3.147125244140625e-05
delete time:1.9788742065429688e-05
delete time:3.1948089599609375e-05
delete time:1.8596649169921875e-05
delete time:2.7179718017578125e-05
delete time:2.002716064453125e-05
delete time:1.9311904907226562e-05
delete time:2.0742416381835938e-05
delete time:4.76837158203125e-05
delete time:4.839897155761719e-05
delete time:2.574920654296875e-05
delete time:3.1948089599609375e-05
delete time:2.8371810913085938e-05
delete time:4.7206878662109375e-05
delete time:3.743171691894531e-05
delete time:2.0503997802734375e-05
delete time:3.0040740966796875e-05
delete time:3.218650817871094e-05
delete time:2.6941299438476562e-05
delete time:4.291534423828125e-05
delete time:3.552436828613281e-05
delete time:3.4809112548828125e-05
delete time:3.457069396972656e-05
delete time:5.2928924560546875e-05
delete time:2.956390380859375e-05
delete time:2.2411346435546875e-05
delete time:2.9325485229492188e-05
delete time:1.811981201171875e-05
delete time:5.1021575927734375e-05
delete time:5.030632019042969e-05
delete time:3.5762786865234375e-05
delete time:2.9802322387695312e-05
delete time:1.7642974853515625e-05
delete time:2.5272369384765625e-05
delete time:3.647804260253906e-05
delete time:2.1457672119140625e-05
delete time:3.0279159545898438e-05
delete time:5.793571472167969e-05
delete time:2.9802322387695312e-05
delete time:3.123283386230469e-05
delete time:3.0279159545898438e-05
delete time:5.054473876953125e-05
delete time:1.8358230590820312e-05
delete time:2.7418136596679688e-05
delete time:3.4332275390625e-05
delete time:4.2438507080078125e-05
delete time:5.435943603515625e-05
delete time:4.4345855712890625e-05
delete time:2.6464462280273438e-05
delete time:2.6226043701171875e-05
delete time:2.7418136596679688e-05
delete time:2.3603439331054688e-05
delete time:2.4557113647460938e-05
delete time:2.7179718017578125e-05
delete time:1.8596649169921875e-05
delete time:3.981590270996094e-05
delete time:2.956390380859375e-05
delete time:4.4345855712890625e-05
delete time:4.2438507080078125e-05
delete time:4.9114227294921875e-05
delete time:4.6253204345703125e-05
delete time:5.1975250244140625e-05
delete time:1.9311904907226562e-05
delete time:4.553794860839844e-05
delete time:5.125999450683594e-05
delete time:1.71661376953125e-05
delete time:2.5987625122070312e-05
delete time:4.9114227294921875e-05
delete time:2.6941299438476562e-05
delete time:3.647804260253906e-05
delete time:3.504753112792969e-05
delete time:3.0994415283203125e-05
delete time:1.9073486328125e-05
delete time:3.24249267578125e-05
delete time:3.218650817871094e-05
delete time:3.504753112792969e-05
delete time:2.3603439331054688e-05
delete time:3.24249267578125e-05
delete time:3.647804260253906e-05
delete time:5.435943603515625e-05
delete time:4.410743713378906e-05
delete time:3.814697265625e-05
delete time:4.100799560546875e-05
delete time:3.981590270996094e-05
delete time:2.7894973754882812e-05
delete time:3.504753112792969e-05
delete time:4.673004150390625e-05
delete time:3.4332275390625e-05
delete time:1.71661376953125e-05
delete time:1.6689300537109375e-05
delete time:2.6226043701171875e-05
delete time:4.887580871582031e-05
delete time:3.1948089599609375e-05
delete time:1.811981201171875e-05
delete time:2.956390380859375e-05
delete time:5.555152893066406e-05
delete time:5.53131103515625e-05
delete time:5.0067901611328125e-05
delete time:2.6702880859375e-05
delete time:5.125999450683594e-05
delete time:2.3126602172851562e-05
delete time:1.7881393432617188e-05
delete time:6.127357482910156e-05
delete time:4.744529724121094e-05
delete time:4.673004150390625e-05
delete time:5.364418029785156e-05
delete time:2.002716064453125e-05
delete time:3.409385681152344e-05
delete time:3.218650817871094e-05
delete time:3.8623809814453125e-05
delete time:5.054473876953125e-05
delete time:3.3855438232421875e-05
delete time:4.5299530029296875e-05
delete time:5.030632019042969e-05
delete time:2.7418136596679688e-05
delete time:2.9802322387695312e-05
delete time:5.245208740234375e-05
delete time:2.9325485229492188e-05
delete time:5.412101745605469e-05
delete time:3.7670135498046875e-05
delete time:2.7179718017578125e-05
delete time:3.910064697265625e-05
delete time:2.4080276489257812e-05
delete time:1.9550323486328125e-05
delete time:3.075599670410156e-05
delete time:3.361701965332031e-05
delete time:3.409385681152344e-05
delete time:4.7206878662109375e-05
delete time:3.2901763916015625e-05
delete time:1.9311904907226562e-05
delete time:3.337860107421875e-05
delete time:3.361701965332031e-05
delete time:2.09808349609375e-05
delete time:1.71661376953125e-05
delete time:4.792213439941406e-05
delete time:2.4557113647460938e-05
delete time:2.6226043701171875e-05
delete time:2.8848648071289062e-05
delete time:3.4332275390625e-05
delete time:3.600120544433594e-05
delete time:2.9087066650390625e-05
delete time:3.0517578125e-05
delete time:4.8160552978515625e-05
delete time:2.6702880859375e-05
delete time:5.6743621826171875e-05
delete time:3.24249267578125e-05
delete time:1.8596649169921875e-05
delete time:2.765655517578125e-05
delete time:3.62396240234375e-05
delete time:4.5299530029296875e-05
delete time:1.7881393432617188e-05
delete time:1.8835067749023438e-05
delete time:5.2928924560546875e-05
delete time:4.4345855712890625e-05
delete time:3.4332275390625e-05
delete time:2.9325485229492188e-05
delete time:2.6702880859375e-05
delete time:1.9788742065429688e-05
delete time:4.363059997558594e-05
delete time:5.1021575927734375e-05
delete time:6.365776062011719e-05
delete time:3.123283386230469e-05
delete time:3.647804260253906e-05
delete time:3.0040740966796875e-05
delete time:3.5762786865234375e-05
delete time:3.3855438232421875e-05
delete time:4.291534423828125e-05
delete time:3.409385681152344e-05
delete time:1.7881393432617188e-05
delete time:2.4318695068359375e-05
delete time:2.956390380859375e-05
delete time:3.24249267578125e-05
delete time:4.649162292480469e-05
delete time:2.9325485229492188e-05
delete time:3.814697265625e-05
delete time:2.956390380859375e-05
delete time:1.7881393432617188e-05
delete time:3.814697265625e-05
delete time:3.600120544433594e-05
delete time:3.504753112792969e-05
delete time:3.0279159545898438e-05
delete time:2.6464462280273438e-05
delete time:1.5735626220703125e-05
delete time:2.7418136596679688e-05
delete time:4.38690185546875e-05
delete time:3.24249267578125e-05
delete time:2.7179718017578125e-05
delete time:3.552436828613281e-05
delete time:1.52587890625e-05
delete time:3.170967102050781e-05
delete time:4.363059997558594e-05
delete time:3.62396240234375e-05
delete time:4.458427429199219e-05
delete time:2.765655517578125e-05
delete time:4.9591064453125e-05
delete time:2.5033950805664062e-05
delete time:2.5272369384765625e-05
delete time:3.552436828613281e-05
delete time:1.5735626220703125e-05
delete time:5.125999450683594e-05
delete time:3.790855407714844e-05
delete time:3.0517578125e-05
delete time:1.9311904907226562e-05
delete time:4.38690185546875e-05
delete time:3.1948089599609375e-05
delete time:3.647804260253906e-05
delete time:3.1948089599609375e-05
delete time:5.2928924560546875e-05
delete time:3.3855438232421875e-05
delete time:4.076957702636719e-05
delete time:4.601478576660156e-05
delete time:3.0994415283203125e-05
delete time:3.719329833984375e-05
delete time:2.6226043701171875e-05
delete time:2.5987625122070312e-05
delete time:3.409385681152344e-05
delete time:5.507469177246094e-05
delete time:3.337860107421875e-05
delete time:2.0265579223632812e-05
delete time:4.601478576660156e-05
delete time:2.7418136596679688e-05
delete time:3.7670135498046875e-05
delete time:3.2901763916015625e-05
delete time:4.1484832763671875e-05
delete time:4.315376281738281e-05
delete time:5.1975250244140625e-05
delete time:2.9325485229492188e-05
delete time:3.0279159545898438e-05
delete time:4.863739013671875e-05
delete time:5.14984130859375e-05
delete time:2.574920654296875e-05
delete time:2.2411346435546875e-05
delete time:2.9087066650390625e-05
delete time:2.7894973754882812e-05
delete time:5.8650970458984375e-05
delete time:3.528594970703125e-05
delete time:6.079673767089844e-05
delete time:2.956390380859375e-05
delete time:2.0265579223632812e-05
delete time:2.6941299438476562e-05
delete time:3.8623809814453125e-05
delete time:3.8623809814453125e-05
delete time:2.47955322265625e-05
delete time:3.457069396972656e-05
delete time:4.649162292480469e-05
delete time:5.269050598144531e-05
delete time:6.198883056640625e-05
delete time:2.384185791015625e-05
delete time:3.5762786865234375e-05
delete time:3.314018249511719e-05
delete time:4.4345855712890625e-05
delete time:2.5272369384765625e-05
delete time:3.2901763916015625e-05
delete time:4.8160552978515625e-05
delete time:3.838539123535156e-05
delete time:4.982948303222656e-05
delete time:2.8371810913085938e-05
delete time:4.172325134277344e-05
delete time:2.6464462280273438e-05
delete time:5.173683166503906e-05
delete time:4.315376281738281e-05
delete time:2.86102294921875e-05
delete time:1.9788742065429688e-05
delete time:3.1948089599609375e-05
delete time:3.409385681152344e-05
delete time:3.457069396972656e-05
delete time:3.981590270996094e-05
delete time:3.218650817871094e-05
delete time:3.218650817871094e-05
delete time:3.743171691894531e-05
delete time:5.030632019042969e-05
delete time:3.933906555175781e-05
delete time:3.4809112548828125e-05
delete time:4.744529724121094e-05
delete time:3.743171691894531e-05
delete time:4.1961669921875e-05
delete time:3.552436828613281e-05
delete time:2.7894973754882812e-05
delete time:3.910064697265625e-05
delete time:3.9577484130859375e-05
delete time:1.9788742065429688e-05
delete time:3.123283386230469e-05
delete time:3.075599670410156e-05
delete time:3.266334533691406e-05
delete time:3.457069396972656e-05
delete time:4.4345855712890625e-05
delete time:3.814697265625e-05
delete time:3.3855438232421875e-05
delete time:3.0517578125e-05
delete time:6.008148193359375e-05
delete time:3.7670135498046875e-05
delete time:2.193450927734375e-05
delete time:2.2411346435546875e-05
delete time:4.363059997558594e-05
delete time:3.075599670410156e-05
delete time:3.457069396972656e-05
delete time:2.4557113647460938e-05
delete time:2.86102294921875e-05
delete time:3.4332275390625e-05
delete time:3.838539123535156e-05
delete time:2.6226043701171875e-05
delete time:3.504753112792969e-05
delete time:3.1948089599609375e-05
delete time:2.384185791015625e-05
delete time:2.956390380859375e-05
delete time:3.361701965332031e-05
delete time:3.62396240234375e-05
delete time:2.4557113647460938e-05
delete time:3.361701965332031e-05
delete time:3.1948089599609375e-05
delete time:4.982948303222656e-05
delete time:3.361701965332031e-05
delete time:3.409385681152344e-05
delete time:5.316734313964844e-05
delete time:3.814697265625e-05
delete time:3.218650817871094e-05
delete time:2.5510787963867188e-05
delete time:4.172325134277344e-05
delete time:3.3855438232421875e-05
delete time:2.7418136596679688e-05
delete time:2.384185791015625e-05
delete time:2.5033950805664062e-05
delete time:4.00543212890625e-05
delete time:4.220008850097656e-05
delete time:3.409385681152344e-05
delete time:2.9325485229492188e-05
delete time:2.5272369384765625e-05
delete time:3.0279159545898438e-05
delete time:3.814697265625e-05
delete time:3.910064697265625e-05
delete time:5.030632019042969e-05
delete time:2.4557113647460938e-05
delete time:2.6941299438476562e-05
delete time:2.5987625122070312e-05
delete time:3.337860107421875e-05
delete time:5.435943603515625e-05
delete time:5.459785461425781e-05
delete time:3.981590270996094e-05
delete time:4.863739013671875e-05
delete time:3.266334533691406e-05
delete time:4.2438507080078125e-05
delete time:4.863739013671875e-05
delete time:4.482269287109375e-05
delete time:4.076957702636719e-05
delete time:2.6702880859375e-05
delete time:2.956390380859375e-05
delete time:3.0040740966796875e-05
delete time:4.6253204345703125e-05
delete time:5.14984130859375e-05
delete time:5.1975250244140625e-05
delete time:4.1961669921875e-05
delete time:2.4080276489257812e-05
delete time:3.504753112792969e-05
delete time:3.2901763916015625e-05
delete time:3.600120544433594e-05
delete time:3.0279159545898438e-05
delete time:4.553794860839844e-05
delete time:4.0531158447265625e-05
delete time:3.0994415283203125e-05
delete time:4.315376281738281e-05
delete time:3.62396240234375e-05
delete time:2.1696090698242188e-05
delete time:2.7179718017578125e-05
delete time:3.886222839355469e-05
delete time:4.482269287109375e-05
delete time:4.291534423828125e-05
delete time:5.2928924560546875e-05
delete time:5.269050598144531e-05
delete time:3.409385681152344e-05
delete time:2.6941299438476562e-05
delete time:4.839897155761719e-05
delete time:5.817413330078125e-05
delete time:3.314018249511719e-05
delete time:3.2901763916015625e-05
delete time:2.9802322387695312e-05
delete time:5.4836273193359375e-05
delete time:2.4318695068359375e-05
delete time:3.552436828613281e-05
delete time:4.291534423828125e-05
delete time:5.245208740234375e-05
delete time:3.8623809814453125e-05
delete time:2.2649765014648438e-05
delete time:4.553794860839844e-05
delete time:2.7179718017578125e-05
delete time:4.887580871582031e-05
delete time:2.5272369384765625e-05
delete time:2.8848648071289062e-05
delete time:4.863739013671875e-05
delete time:2.3365020751953125e-05
delete time:2.2172927856445312e-05
delete time:3.552436828613281e-05
delete time:2.6702880859375e-05
delete time:3.409385681152344e-05
delete time:2.8848648071289062e-05
delete time:5.5789947509765625e-05
delete time:2.9802322387695312e-05
delete time:3.123283386230469e-05
delete time:3.147125244140625e-05
delete time:3.4809112548828125e-05
delete time:3.123283386230469e-05
delete time:4.673004150390625e-05
delete time:2.9802322387695312e-05
delete time:3.0517578125e-05
delete time:5.1021575927734375e-05
delete time:3.266334533691406e-05
delete time:4.172325134277344e-05
delete time:3.647804260253906e-05
delete time:3.266334533691406e-05
delete time:3.3855438232421875e-05
delete time:2.2172927856445312e-05
delete time:4.363059997558594e-05
delete time:5.14984130859375e-05
delete time:2.765655517578125e-05
delete time:5.435943603515625e-05
delete time:2.8133392333984375e-05
delete time:2.9802322387695312e-05
delete time:3.361701965332031e-05
delete time:3.838539123535156e-05
delete time:3.6716461181640625e-05
delete time:5.269050598144531e-05
delete time:4.792213439941406e-05
delete time:2.7418136596679688e-05
delete time:2.8371810913085938e-05
delete time:3.170967102050781e-05
delete time:3.3855438232421875e-05
delete time:4.291534423828125e-05
delete time:3.075599670410156e-05
delete time:3.218650817871094e-05
delete time:2.0742416381835938e-05
delete time:4.0531158447265625e-05
delete time:3.24249267578125e-05
delete time:5.1975250244140625e-05
delete time:4.220008850097656e-05
delete time:2.6941299438476562e-05
delete time:4.1484832763671875e-05
delete time:3.0279159545898438e-05
delete time:3.0040740966796875e-05
delete time:3.600120544433594e-05
delete time:3.361701965332031e-05
delete time:3.0517578125e-05
delete time:2.6702880859375e-05
delete time:3.24249267578125e-05
delete time:2.5510787963867188e-05
delete time:2.6941299438476562e-05
delete time:3.337860107421875e-05
delete time:2.5033950805664062e-05
delete time:5.53131103515625e-05
delete time:2.5272369384765625e-05
delete time:3.4809112548828125e-05
delete time:2.384185791015625e-05
delete time:3.719329833984375e-05
delete time:2.4318695068359375e-05
delete time:3.0279159545898438e-05
delete time:2.6464462280273438e-05
delete time:4.673004150390625e-05
delete time:2.8133392333984375e-05
delete time:2.9087066650390625e-05
delete time:3.0994415283203125e-05
delete time:3.719329833984375e-05
delete time:4.100799560546875e-05
delete time:3.147125244140625e-05
delete time:2.7894973754882812e-05
delete time:2.9087066650390625e-05
delete time:4.00543212890625e-05
delete time:4.482269287109375e-05
delete time:3.409385681152344e-05
delete time:3.457069396972656e-05
delete time:3.4809112548828125e-05
delete time:3.552436828613281e-05
delete time:2.6464462280273438e-05
delete time:3.9577484130859375e-05
delete time:4.601478576660156e-05
delete time:2.6464462280273438e-05
delete time:4.482269287109375e-05
delete time:2.574920654296875e-05
delete time:3.314018249511719e-05
delete time:2.9802322387695312e-05
delete time:3.1948089599609375e-05
delete time:3.743171691894531e-05
delete time:4.0531158447265625e-05
delete time:3.147125244140625e-05
delete time:3.123283386230469e-05
delete time:3.0517578125e-05
delete time:3.5762786865234375e-05
delete time:1.71661376953125e-05
delete time:3.62396240234375e-05
delete time:2.6226043701171875e-05
delete time:2.765655517578125e-05
delete time:5.269050598144531e-05
delete time:3.695487976074219e-05
delete time:4.57763671875e-05
delete time:4.363059997558594e-05
delete time:3.7670135498046875e-05
delete time:4.0531158447265625e-05
delete time:3.0040740966796875e-05
delete time:2.9087066650390625e-05
delete time:3.337860107421875e-05
delete time:3.457069396972656e-05
delete time:5.817413330078125e-05
delete time:3.0279159545898438e-05
delete time:4.410743713378906e-05
delete time:2.6702880859375e-05
delete time:3.123283386230469e-05
delete time:4.5299530029296875e-05
delete time:4.601478576660156e-05
delete time:3.838539123535156e-05
delete time:2.956390380859375e-05
delete time:2.8371810913085938e-05
delete time:4.863739013671875e-05
delete time:3.9577484130859375e-05
delete time:3.552436828613281e-05
delete time:4.7206878662109375e-05
delete time:4.506111145019531e-05
delete time:2.5272369384765625e-05
delete time:4.029273986816406e-05
delete time:3.9577484130859375e-05
delete time:2.9802322387695312e-05
delete time:3.4332275390625e-05
delete time:4.482269287109375e-05
delete time:3.0279159545898438e-05
delete time:3.790855407714844e-05
delete time:2.4318695068359375e-05
delete time:3.933906555175781e-05
delete time:3.170967102050781e-05
delete time:2.9802322387695312e-05
delete time:4.553794860839844e-05
delete time:5.269050598144531e-05
delete time:3.886222839355469e-05
delete time:3.0994415283203125e-05
delete time:5.7697296142578125e-05
delete time:5.8650970458984375e-05
delete time:1.8835067749023438e-05
delete time:2.9802322387695312e-05
delete time:3.409385681152344e-05
delete time:3.457069396972656e-05
delete time:5.316734313964844e-05
delete time:5.1021575927734375e-05
delete time:2.3365020751953125e-05
delete time:2.9802322387695312e-05
delete time:2.9325485229492188e-05
delete time:3.24249267578125e-05
delete time:3.24249267578125e-05
delete time:3.0279159545898438e-05
delete time:3.8623809814453125e-05
delete time:3.838539123535156e-05
delete time:3.4809112548828125e-05
delete time:2.0503997802734375e-05
delete time:5.412101745605469e-05
delete time:2.4557113647460938e-05
delete time:3.314018249511719e-05
delete time:3.314018249511719e-05
delete time:2.6464462280273438e-05
delete time:6.580352783203125e-05
delete time:3.4332275390625e-05
delete time:3.5762786865234375e-05
delete time:3.5762786865234375e-05
delete time:5.1975250244140625e-05
delete time:3.4809112548828125e-05
delete time:5.0067901611328125e-05
delete time:4.6253204345703125e-05
delete time:4.57763671875e-05
delete time:2.9325485229492188e-05
delete time:2.384185791015625e-05
delete time:2.2411346435546875e-05
delete time:2.6464462280273438e-05
delete time:4.76837158203125e-05
delete time:5.364418029785156e-05
delete time:4.696846008300781e-05
delete time:2.8133392333984375e-05
delete time:2.8371810913085938e-05
delete time:5.14984130859375e-05
delete time:4.792213439941406e-05
delete time:4.839897155761719e-05
delete time:5.1975250244140625e-05
delete time:4.4345855712890625e-05
delete time:4.291534423828125e-05
delete time:2.956390380859375e-05
delete time:3.6716461181640625e-05
delete time:3.6716461181640625e-05
delete time:5.2928924560546875e-05
delete time:5.0067901611328125e-05
delete time:2.288818359375e-05
delete time:3.3855438232421875e-05
delete time:2.9802322387695312e-05
delete time:1.9073486328125e-05
delete time:2.0503997802734375e-05
delete time:5.269050598144531e-05
delete time:2.9325485229492188e-05
delete time:5.0067901611328125e-05
delete time:2.86102294921875e-05
delete time:2.47955322265625e-05
delete time:3.0994415283203125e-05
delete time:3.075599670410156e-05
delete time:5.459785461425781e-05
delete time:4.1961669921875e-05
delete time:4.2438507080078125e-05
delete time:4.267692565917969e-05
delete time:3.528594970703125e-05
delete time:4.673004150390625e-05
delete time:2.7418136596679688e-05
delete time:1.9788742065429688e-05
delete time:2.6702880859375e-05
delete time:3.361701965332031e-05
delete time:2.5510787963867188e-05
delete time:2.9325485229492188e-05
delete time:3.24249267578125e-05
delete time:2.9087066650390625e-05
delete time:2.9087066650390625e-05
delete time:2.9087066650390625e-05
delete time:5.3882598876953125e-05
delete time:3.0994415283203125e-05
delete time:2.5987625122070312e-05
delete time:5.14984130859375e-05
delete time:2.4557113647460938e-05
delete time:2.6464462280273438e-05
delete time:4.220008850097656e-05
delete time:4.3392181396484375e-05
delete time:2.4557113647460938e-05
delete time:3.528594970703125e-05
delete time:2.6941299438476562e-05
delete time:4.267692565917969e-05
delete time:5.269050598144531e-05
delete time:2.2411346435546875e-05
delete time:2.8848648071289062e-05
delete time:3.337860107421875e-05
delete time:3.0994415283203125e-05
delete time:5.173683166503906e-05
delete time:4.7206878662109375e-05
delete time:2.2172927856445312e-05
delete time:3.457069396972656e-05
delete time:2.9325485229492188e-05
delete time:3.147125244140625e-05
delete time:4.124641418457031e-05
delete time:2.384185791015625e-05
delete time:3.075599670410156e-05
delete time:5.7697296142578125e-05
delete time:3.314018249511719e-05
delete time:4.482269287109375e-05
delete time:3.075599670410156e-05
delete time:2.002716064453125e-05
delete time:2.4557113647460938e-05
delete time:2.7894973754882812e-05
delete time:3.6716461181640625e-05
delete time:2.574920654296875e-05
delete time:2.7418136596679688e-05
delete time:2.8133392333984375e-05
delete time:2.7894973754882812e-05
delete time:3.3855438232421875e-05
delete time:5.3882598876953125e-05
delete time:3.0040740966796875e-05
delete time:3.695487976074219e-05
delete time:3.409385681152344e-05
delete time:4.76837158203125e-05
delete time:3.0040740966796875e-05
delete time:2.956390380859375e-05
delete time:2.5272369384765625e-05
delete time:2.7418136596679688e-05
delete time:3.8623809814453125e-05
delete time:3.504753112792969e-05
delete time:2.8371810913085938e-05
delete time:3.0994415283203125e-05
delete time:4.9114227294921875e-05
delete time:5.269050598144531e-05
delete time:5.4836273193359375e-05
delete time:5.221366882324219e-05
delete time:5.1975250244140625e-05
delete time:2.5033950805664062e-05
delete time:5.221366882324219e-05
delete time:2.86102294921875e-05
delete time:3.2901763916015625e-05
delete time:4.601478576660156e-05
delete time:3.457069396972656e-05
delete time:2.5510787963867188e-05
delete time:2.9802322387695312e-05
delete time:4.0531158447265625e-05
delete time:5.1975250244140625e-05
delete time:4.220008850097656e-05
delete time:3.0994415283203125e-05
delete time:4.4345855712890625e-05
delete time:3.24249267578125e-05
delete time:4.887580871582031e-05
delete time:3.24249267578125e-05
delete time:3.170967102050781e-05
delete time:4.696846008300781e-05
delete time:2.956390380859375e-05
delete time:1.8358230590820312e-05
delete time:2.5510787963867188e-05
delete time:2.6941299438476562e-05
delete time:3.7670135498046875e-05
delete time:3.62396240234375e-05
delete time:3.7670135498046875e-05
delete time:3.7670135498046875e-05
delete time:4.506111145019531e-05
delete time:3.314018249511719e-05
delete time:5.078315734863281e-05
delete time:2.574920654296875e-05
delete time:3.409385681152344e-05
delete time:3.457069396972656e-05
delete time:3.075599670410156e-05
delete time:3.337860107421875e-05
delete time:5.53131103515625e-05
delete time:3.838539123535156e-05
delete time:4.172325134277344e-05
delete time:2.6464462280273438e-05
delete time:2.574920654296875e-05
delete time:3.4809112548828125e-05
delete time:5.555152893066406e-05
delete time:5.53131103515625e-05
delete time:4.935264587402344e-05
delete time:1.7642974853515625e-05
delete time:5.5789947509765625e-05
delete time:3.4809112548828125e-05
delete time:5.173683166503906e-05
delete time:2.9802322387695312e-05
delete time:4.1484832763671875e-05
delete time:2.765655517578125e-05
delete time:4.553794860839844e-05
delete time:3.838539123535156e-05
delete time:5.173683166503906e-05
delete time:3.838539123535156e-05
delete time:3.4332275390625e-05
delete time:2.9325485229492188e-05
delete time:2.8133392333984375e-05
delete time:3.528594970703125e-05
delete time:2.574920654296875e-05
delete time:5.340576171875e-05
delete time:5.555152893066406e-05
delete time:2.7179718017578125e-05
delete time:5.1975250244140625e-05
delete time:6.103515625e-05
delete time:3.337860107421875e-05
delete time:3.695487976074219e-05
delete time:4.553794860839844e-05
delete time:5.245208740234375e-05
delete time:2.574920654296875e-05
delete time:2.86102294921875e-05
delete time:3.8623809814453125e-05
delete time:2.4557113647460938e-05
delete time:3.743171691894531e-05
delete time:5.1021575927734375e-05
delete time:3.504753112792969e-05
delete time:5.125999450683594e-05
delete time:3.910064697265625e-05
delete time:3.695487976074219e-05
delete time:2.6941299438476562e-05
delete time:1.9788742065429688e-05
delete time:4.9591064453125e-05
delete time:3.409385681152344e-05
delete time:3.170967102050781e-05
delete time:2.8848648071289062e-05
delete time:5.364418029785156e-05
delete time:3.075599670410156e-05
delete time:2.9802322387695312e-05
delete time:5.14984130859375e-05
delete time:5.030632019042969e-05
delete time:2.5510787963867188e-05
delete time:2.2411346435546875e-05
delete time:4.029273986816406e-05
delete time:4.482269287109375e-05
delete time:4.029273986816406e-05
delete time:3.5762786865234375e-05
delete time:5.14984130859375e-05
delete time:3.0279159545898438e-05
delete time:2.86102294921875e-05
delete time:3.3855438232421875e-05
delete time:5.459785461425781e-05
delete time:4.792213439941406e-05
delete time:5.030632019042969e-05
delete time:3.647804260253906e-05
delete time:4.7206878662109375e-05
delete time:3.170967102050781e-05
delete time:3.170967102050781e-05
delete time:3.361701965332031e-05
delete time:5.1975250244140625e-05
delete time:3.337860107421875e-05
delete time:3.600120544433594e-05
delete time:5.1975250244140625e-05
delete time:3.886222839355469e-05
delete time:2.7418136596679688e-05
delete time:3.981590270996094e-05
delete time:5.269050598144531e-05
delete time:5.6743621826171875e-05
delete time:3.0994415283203125e-05
delete time:3.409385681152344e-05
delete time:1.8835067749023438e-05
delete time:1.9311904907226562e-05
delete time:2.765655517578125e-05
delete time:4.029273986816406e-05
delete time:4.363059997558594e-05
delete time:4.410743713378906e-05
delete time:4.220008850097656e-05
delete time:5.078315734863281e-05
delete time:3.695487976074219e-05
delete time:4.792213439941406e-05
delete time:3.337860107421875e-05
delete time:4.267692565917969e-05
delete time:4.7206878662109375e-05
delete time:3.266334533691406e-05
delete time:5.125999450683594e-05
delete time:3.5762786865234375e-05
delete time:4.38690185546875e-05
delete time:3.1948089599609375e-05
delete time:2.7894973754882812e-05
delete time:3.457069396972656e-05
delete time:5.269050598144531e-05
delete time:2.5987625122070312e-05
delete time:3.409385681152344e-05
delete time:2.2411346435546875e-05
delete time:2.5987625122070312e-05
delete time:3.933906555175781e-05
delete time:2.8848648071289062e-05
delete time:2.7894973754882812e-05
delete time:2.956390380859375e-05
delete time:3.170967102050781e-05
delete time:5.7220458984375e-05
delete time:2.6226043701171875e-05
delete time:5.078315734863281e-05
delete time:4.935264587402344e-05
delete time:5.626678466796875e-05
delete time:4.410743713378906e-05
delete time:5.173683166503906e-05
delete time:3.886222839355469e-05
delete time:4.506111145019531e-05
delete time:3.170967102050781e-05
delete time:3.910064697265625e-05
delete time:3.24249267578125e-05
delete time:3.504753112792969e-05
delete time:2.9802322387695312e-05
delete time:3.552436828613281e-05
delete time:3.4809112548828125e-05
delete time:4.172325134277344e-05
delete time:4.7206878662109375e-05
delete time:3.147125244140625e-05
delete time:2.7179718017578125e-05
delete time:3.147125244140625e-05
delete time:6.699562072753906e-05
delete time:3.0040740966796875e-05
delete time:5.1021575927734375e-05
delete time:2.6464462280273438e-05
delete time:3.504753112792969e-05
delete time:4.673004150390625e-05
delete time:3.075599670410156e-05
delete time:4.4345855712890625e-05
delete time:3.0994415283203125e-05
delete time:2.3126602172851562e-05
delete time:3.552436828613281e-05
delete time:3.2901763916015625e-05
delete time:2.5510787963867188e-05
delete time:3.361701965332031e-05
delete time:3.910064697265625e-05
delete time:4.2438507080078125e-05
delete time:3.0994415283203125e-05
delete time:3.075599670410156e-05
delete time:3.0517578125e-05
delete time:3.0517578125e-05
delete time:4.673004150390625e-05
delete time:3.075599670410156e-05
delete time:5.698204040527344e-05
delete time:3.7670135498046875e-05
delete time:2.6702880859375e-05
delete time:2.8133392333984375e-05
delete time:3.647804260253906e-05
delete time:2.8133392333984375e-05
delete time:3.361701965332031e-05
delete time:3.0517578125e-05
delete time:3.218650817871094e-05
delete time:3.0279159545898438e-05
delete time:4.839897155761719e-05
delete time:3.4332275390625e-05
delete time:2.8371810913085938e-05
delete time:2.86102294921875e-05
delete time:2.5510787963867188e-05
delete time:3.4809112548828125e-05
delete time:5.4836273193359375e-05
delete time:3.600120544433594e-05
delete time:3.218650817871094e-05
delete time:4.8160552978515625e-05
delete time:3.361701965332031e-05
delete time:2.09808349609375e-05
delete time:5.626678466796875e-05
delete time:2.9087066650390625e-05
delete time:5.2928924560546875e-05
delete time:3.0517578125e-05
delete time:2.288818359375e-05
delete time:4.76837158203125e-05
delete time:3.314018249511719e-05
delete time:3.743171691894531e-05
delete time:4.553794860839844e-05
delete time:3.075599670410156e-05
delete time:2.1219253540039062e-05
delete time:2.7418136596679688e-05
delete time:3.457069396972656e-05
delete time:5.459785461425781e-05
delete time:3.266334533691406e-05
delete time:2.8371810913085938e-05
delete time:2.765655517578125e-05
delete time:4.172325134277344e-05
delete time:4.9114227294921875e-05
delete time:5.0067901611328125e-05
delete time:1.9073486328125e-05
delete time:6.0558319091796875e-05
delete time:4.9591064453125e-05
delete time:2.4318695068359375e-05
delete time:3.647804260253906e-05
delete time:2.3126602172851562e-05
delete time:2.6941299438476562e-05
delete time:2.6941299438476562e-05
delete time:4.1961669921875e-05
delete time:1.9550323486328125e-05
delete time:4.8160552978515625e-05
delete time:5.1021575927734375e-05
delete time:4.410743713378906e-05
delete time:2.8371810913085938e-05
delete time:3.933906555175781e-05
delete time:4.76837158203125e-05
delete time:3.314018249511719e-05
delete time:3.910064697265625e-05
delete time:4.267692565917969e-05
delete time:4.458427429199219e-05
delete time:3.504753112792969e-05
delete time:1.8835067749023438e-05
delete time:2.7894973754882812e-05
delete time:4.7206878662109375e-05
delete time:2.574920654296875e-05
delete time:3.361701965332031e-05
delete time:5.173683166503906e-05
delete time:2.574920654296875e-05
delete time:3.743171691894531e-05
delete time:4.553794860839844e-05
delete time:3.2901763916015625e-05
delete time:2.7179718017578125e-05
delete time:2.8133392333984375e-05
delete time:3.457069396972656e-05
delete time:3.6716461181640625e-05
delete time:6.389617919921875e-05
delete time:2.6464462280273438e-05
delete time:4.029273986816406e-05
delete time:4.601478576660156e-05
delete time:4.315376281738281e-05
delete time:3.504753112792969e-05
delete time:4.76837158203125e-05
delete time:2.956390380859375e-05
delete time:3.409385681152344e-05
delete time:5.507469177246094e-05
delete time:3.8623809814453125e-05
delete time:4.076957702636719e-05
delete time:3.6716461181640625e-05
delete time:4.363059997558594e-05
delete time:3.075599670410156e-05
delete time:2.9325485229492188e-05
delete time:3.3855438232421875e-05
delete time:5.793571472167969e-05
delete time:4.315376281738281e-05
delete time:3.409385681152344e-05
delete time:6.437301635742188e-05
delete time:5.412101745605469e-05
delete time:4.935264587402344e-05
delete time:2.765655517578125e-05
delete time:6.151199340820312e-05
delete time:2.9802322387695312e-05
delete time:3.457069396972656e-05
delete time:3.647804260253906e-05
delete time:5.507469177246094e-05
delete time:5.841255187988281e-05
delete time:4.1961669921875e-05
delete time:5.316734313964844e-05
delete time:2.3365020751953125e-05
delete time:4.9591064453125e-05
delete time:2.9087066650390625e-05
delete time:3.218650817871094e-05
delete time:3.409385681152344e-05
delete time:5.817413330078125e-05
delete time:4.887580871582031e-05
delete time:2.6941299438476562e-05
delete time:4.6253204345703125e-05
delete time:4.00543212890625e-05
delete time:2.956390380859375e-05
delete time:3.337860107421875e-05
delete time:2.9802322387695312e-05
delete time:3.62396240234375e-05
delete time:4.57763671875e-05
delete time:2.5510787963867188e-05
delete time:2.9802322387695312e-05
delete time:4.410743713378906e-05
delete time:3.743171691894531e-05
delete time:6.389617919921875e-05
delete time:2.9325485229492188e-05
delete time:3.361701965332031e-05
delete time:3.62396240234375e-05
delete time:5.412101745605469e-05
delete time:4.4345855712890625e-05
delete time:2.3603439331054688e-05
delete time:3.504753112792969e-05
delete time:4.601478576660156e-05
delete time:3.2901763916015625e-05
delete time:3.2901763916015625e-05
delete time:3.1948089599609375e-05
delete time:2.2411346435546875e-05
delete time:4.315376281738281e-05
delete time:4.1961669921875e-05
delete time:4.7206878662109375e-05
delete time:4.0531158447265625e-05
delete time:5.1021575927734375e-05
delete time:6.008148193359375e-05
delete time:3.8623809814453125e-05
delete time:2.7418136596679688e-05
delete time:3.504753112792969e-05
delete time:2.9087066650390625e-05
delete time:4.124641418457031e-05
delete time:4.7206878662109375e-05
delete time:3.337860107421875e-05
delete time:3.0517578125e-05
delete time:3.409385681152344e-05
delete time:5.888938903808594e-05
delete time:2.2411346435546875e-05
delete time:3.504753112792969e-05
delete time:2.9325485229492188e-05
delete time:4.76837158203125e-05
delete time:3.2901763916015625e-05
delete time:4.220008850097656e-05
delete time:3.5762786865234375e-05
delete time:4.1961669921875e-05
delete time:5.555152893066406e-05
delete time:5.030632019042969e-05
delete time:3.600120544433594e-05
delete time:3.886222839355469e-05
delete time:2.9325485229492188e-05
delete time:4.291534423828125e-05
delete time:5.269050598144531e-05
delete time:2.8848648071289062e-05
delete time:3.123283386230469e-05
delete time:2.5510787963867188e-05
delete time:2.9087066650390625e-05
delete time:4.696846008300781e-05
delete time:3.409385681152344e-05
delete time:6.079673767089844e-05
delete time:2.7894973754882812e-05
delete time:3.5762786865234375e-05
delete time:2.7894973754882812e-05
delete time:3.147125244140625e-05
delete time:2.5987625122070312e-05
delete time:3.457069396972656e-05
delete time:4.124641418457031e-05
delete time:3.8623809814453125e-05
delete time:3.24249267578125e-05
delete time:2.8133392333984375e-05
delete time:3.6716461181640625e-05
delete time:4.38690185546875e-05
delete time:3.743171691894531e-05
delete time:5.221366882324219e-05
delete time:4.5299530029296875e-05
delete time:3.695487976074219e-05
delete time:3.075599670410156e-05
delete time:1.8358230590820312e-05
delete time:2.8133392333984375e-05
delete time:6.079673767089844e-05
delete time:3.7670135498046875e-05
delete time:4.9114227294921875e-05
delete time:3.9577484130859375e-05
delete time:2.7179718017578125e-05
delete time:3.9577484130859375e-05
delete time:3.457069396972656e-05
delete time:3.314018249511719e-05
delete time:5.2928924560546875e-05
delete time:4.220008850097656e-05
delete time:2.3603439331054688e-05
delete time:3.600120544433594e-05
delete time:3.7670135498046875e-05
delete time:3.5762786865234375e-05
delete time:3.337860107421875e-05
delete time:3.838539123535156e-05
delete time:4.649162292480469e-05
delete time:2.3603439331054688e-05
delete time:2.5510787963867188e-05
delete time:3.8623809814453125e-05
delete time:5.14984130859375e-05
delete time:3.266334533691406e-05
delete time:3.6716461181640625e-05
delete time:4.673004150390625e-05
delete time:5.6743621826171875e-05
delete time:3.552436828613281e-05
delete time:2.7418136596679688e-05
delete time:3.1948089599609375e-05
delete time:2.193450927734375e-05
delete time:2.9087066650390625e-05
delete time:4.00543212890625e-05
delete time:3.8623809814453125e-05
delete time:5.3882598876953125e-05
delete time:3.218650817871094e-05
delete time:3.743171691894531e-05
delete time:4.553794860839844e-05
delete time:2.7179718017578125e-05
delete time:3.7670135498046875e-05
delete time:3.790855407714844e-05
delete time:2.7418136596679688e-05
delete time:4.506111145019531e-05
delete time:4.57763671875e-05
delete time:5.173683166503906e-05
delete time:3.1948089599609375e-05
delete time:7.557868957519531e-05
delete time:2.9087066650390625e-05
delete time:5.2928924560546875e-05
delete time:6.246566772460938e-05
delete time:4.863739013671875e-05
delete time:5.1021575927734375e-05
delete time:3.4332275390625e-05
delete time:3.838539123535156e-05
delete time:5.340576171875e-05
delete time:2.6464462280273438e-05
delete time:3.933906555175781e-05
delete time:4.7206878662109375e-05
delete time:4.220008850097656e-05
delete time:4.935264587402344e-05
delete time:3.600120544433594e-05
delete time:2.8371810913085938e-05
delete time:2.0742416381835938e-05
delete time:2.9325485229492188e-05
delete time:3.6716461181640625e-05
delete time:4.9591064453125e-05
delete time:3.147125244140625e-05
delete time:4.7206878662109375e-05
delete time:3.3855438232421875e-05
delete time:3.123283386230469e-05
delete time:3.5762786865234375e-05
delete time:4.673004150390625e-05
delete time:4.7206878662109375e-05
delete time:3.147125244140625e-05
delete time:3.814697265625e-05
delete time:5.125999450683594e-05
delete time:3.0040740966796875e-05
delete time:3.314018249511719e-05
delete time:5.459785461425781e-05
delete time:4.1961669921875e-05
delete time:2.765655517578125e-05
delete time:4.1484832763671875e-05
delete time:4.3392181396484375e-05
delete time:2.956390380859375e-05
delete time:2.9802322387695312e-05
delete time:3.8623809814453125e-05
delete time:3.719329833984375e-05
delete time:3.528594970703125e-05
delete time:3.2901763916015625e-05
delete time:2.0503997802734375e-05
delete time:4.696846008300781e-05
delete time:4.792213439941406e-05
delete time:4.0531158447265625e-05
delete time:3.62396240234375e-05
delete time:2.9802322387695312e-05
delete time:3.147125244140625e-05
delete time:2.7418136596679688e-05
delete time:4.649162292480469e-05
delete time:4.9114227294921875e-05
delete time:3.0279159545898438e-05
delete time:2.8133392333984375e-05
delete time:3.361701965332031e-05
delete time:3.0994415283203125e-05
delete time:6.198883056640625e-05
delete time:4.100799560546875e-05
delete time:3.62396240234375e-05
delete time:2.5510787963867188e-05
delete time:2.956390380859375e-05
delete time:5.650520324707031e-05
delete time:2.7418136596679688e-05
delete time:3.886222839355469e-05
delete time:4.2438507080078125e-05
delete time:4.0531158447265625e-05
delete time:2.0503997802734375e-05
delete time:4.7206878662109375e-05
delete time:5.1975250244140625e-05
delete time:4.363059997558594e-05
delete time:2.86102294921875e-05
delete time:4.76837158203125e-05
delete time:3.552436828613281e-05
delete time:5.53131103515625e-05
delete time:3.457069396972656e-05
delete time:5.030632019042969e-05
delete time:3.3855438232421875e-05
delete time:5.3882598876953125e-05
delete time:2.4318695068359375e-05
delete time:4.839897155761719e-05
delete time:3.910064697265625e-05
delete time:3.3855438232421875e-05
delete time:6.151199340820312e-05
delete time:2.956390380859375e-05
delete time:4.8160552978515625e-05
delete time:3.647804260253906e-05
delete time:4.124641418457031e-05
delete time:4.291534423828125e-05
delete time:3.337860107421875e-05
delete time:3.3855438232421875e-05
delete time:2.6941299438476562e-05
delete time:4.1961669921875e-05
delete time:3.147125244140625e-05
delete time:3.695487976074219e-05
delete time:4.5299530029296875e-05
delete time:2.574920654296875e-05
delete time:3.790855407714844e-05
delete time:3.314018249511719e-05
delete time:4.1484832763671875e-05
delete time:3.4809112548828125e-05
delete time:3.218650817871094e-05
delete time:3.7670135498046875e-05
delete time:3.361701965332031e-05
delete time:4.00543212890625e-05
delete time:3.933906555175781e-05
delete time:4.315376281738281e-05
delete time:3.0279159545898438e-05
delete time:5.054473876953125e-05
delete time:5.125999450683594e-05
delete time:2.7418136596679688e-05
delete time:3.170967102050781e-05
delete time:5.125999450683594e-05
delete time:5.340576171875e-05
delete time:3.719329833984375e-05
delete time:2.8848648071289062e-05
delete time:3.528594970703125e-05
delete time:2.956390380859375e-05
delete time:2.86102294921875e-05
delete time:3.147125244140625e-05
delete time:3.218650817871094e-05
delete time:3.62396240234375e-05
delete time:6.771087646484375e-05
delete time:3.5762786865234375e-05
delete time:4.553794860839844e-05
delete time:1.8835067749023438e-05
delete time:5.030632019042969e-05
delete time:4.744529724121094e-05
delete time:3.409385681152344e-05
delete time:3.0279159545898438e-05
delete time:2.8371810913085938e-05
delete time:5.125999450683594e-05
delete time:4.982948303222656e-05
delete time:4.935264587402344e-05
delete time:4.00543212890625e-05
delete time:3.910064697265625e-05
delete time:4.863739013671875e-05
delete time:4.124641418457031e-05
delete time:3.314018249511719e-05
delete time:4.315376281738281e-05
delete time:2.9325485229492188e-05
delete time:4.458427429199219e-05
delete time:2.9325485229492188e-05
delete time:3.552436828613281e-05
delete time:3.24249267578125e-05
delete time:3.0040740966796875e-05
delete time:2.9802322387695312e-05
delete time:2.7894973754882812e-05
delete time:4.291534423828125e-05
delete time:3.2901763916015625e-05
delete time:2.5272369384765625e-05
delete time:2.3365020751953125e-05
delete time:3.0517578125e-05
delete time:3.7670135498046875e-05
delete time:3.123283386230469e-05
delete time:2.86102294921875e-05
delete time:2.5272369384765625e-05
delete time:3.528594970703125e-05
delete time:3.910064697265625e-05
delete time:3.123283386230469e-05
delete time:6.29425048828125e-05
delete time:3.8623809814453125e-05
delete time:3.4332275390625e-05
delete time:3.62396240234375e-05
delete time:4.315376281738281e-05
delete time:2.8848648071289062e-05
delete time:3.4809112548828125e-05
delete time:5.6743621826171875e-05
delete time:2.2649765014648438e-05
delete time:2.8371810913085938e-05
delete time:2.956390380859375e-05
delete time:3.6716461181640625e-05
delete time:3.0040740966796875e-05
delete time:5.0067901611328125e-05
delete time:4.1484832763671875e-05
delete time:2.2649765014648438e-05
delete time:3.123283386230469e-05
delete time:3.814697265625e-05
delete time:3.62396240234375e-05
delete time:3.9577484130859375e-05
delete time:4.673004150390625e-05
delete time:4.696846008300781e-05
delete time:5.316734313964844e-05
delete time:2.2172927856445312e-05
delete time:2.9802322387695312e-05
delete time:3.6716461181640625e-05
delete time:2.5987625122070312e-05
delete time:4.458427429199219e-05
delete time:3.790855407714844e-05
delete time:4.100799560546875e-05
delete time:3.600120544433594e-05
delete time:3.7670135498046875e-05
delete time:3.933906555175781e-05
delete time:5.5789947509765625e-05
delete time:2.2649765014648438e-05
delete time:3.719329833984375e-05
delete time:4.601478576660156e-05
delete time:3.123283386230469e-05
delete time:3.457069396972656e-05
delete time:3.2901763916015625e-05
delete time:2.4080276489257812e-05
delete time:4.649162292480469e-05
delete time:3.314018249511719e-05
delete time:2.956390380859375e-05
delete time:2.8848648071289062e-05
delete time:3.6716461181640625e-05
delete time:4.935264587402344e-05
delete time:4.982948303222656e-05
delete time:4.5299530029296875e-05
delete time:5.1975250244140625e-05
delete time:3.6716461181640625e-05
delete time:3.1948089599609375e-05
delete time:6.008148193359375e-05
delete time:5.1021575927734375e-05
delete time:3.838539123535156e-05
delete time:8.082389831542969e-05
delete time:3.552436828613281e-05
delete time:0.00013446807861328125
delete time:3.24249267578125e-05
delete time:4.744529724121094e-05
delete time:5.1975250244140625e-05
delete time:7.033348083496094e-05
delete time:4.410743713378906e-05
delete time:4.6253204345703125e-05
delete time:6.008148193359375e-05
delete time:2.574920654296875e-05
delete time:4.863739013671875e-05
delete time:3.337860107421875e-05
delete time:3.409385681152344e-05
delete time:4.124641418457031e-05
delete time:2.8848648071289062e-05
delete time:3.528594970703125e-05
delete time:3.886222839355469e-05
delete time:4.410743713378906e-05
delete time:3.910064697265625e-05
delete time:3.3855438232421875e-05
delete time:3.4809112548828125e-05
delete time:5.507469177246094e-05
delete time:4.076957702636719e-05
delete time:2.0265579223632812e-05
delete time:5.936622619628906e-05
delete time:4.38690185546875e-05
delete time:5.054473876953125e-05
delete time:3.7670135498046875e-05
delete time:3.4809112548828125e-05
delete time:5.435943603515625e-05
delete time:4.410743713378906e-05
delete time:4.124641418457031e-05
delete time:4.100799560546875e-05
delete time:4.38690185546875e-05
delete time:2.765655517578125e-05
delete time:5.316734313964844e-05
delete time:4.00543212890625e-05
delete time:3.6716461181640625e-05
delete time:4.9591064453125e-05
delete time:3.3855438232421875e-05
delete time:3.147125244140625e-05
delete time:3.552436828613281e-05
delete time:3.981590270996094e-05
delete time:3.814697265625e-05
delete time:5.7697296142578125e-05
delete time:3.2901763916015625e-05
delete time:2.765655517578125e-05
delete time:4.6253204345703125e-05
delete time:2.3603439331054688e-05
delete time:3.4332275390625e-05
delete time:3.3855438232421875e-05
delete time:3.337860107421875e-05
delete time:5.078315734863281e-05
delete time:4.76837158203125e-05
delete time:3.7670135498046875e-05
delete time:2.574920654296875e-05
delete time:2.574920654296875e-05
delete time:2.384185791015625e-05
delete time:4.315376281738281e-05
delete time:3.314018249511719e-05
delete time:3.552436828613281e-05
delete time:6.318092346191406e-05
delete time:2.9325485229492188e-05
delete time:3.075599670410156e-05
delete time:2.7418136596679688e-05
delete time:3.3855438232421875e-05
delete time:7.05718994140625e-05
delete time:3.2901763916015625e-05
delete time:4.100799560546875e-05
delete time:5.745887756347656e-05
delete time:3.647804260253906e-05
delete time:2.9802322387695312e-05
delete time:2.6226043701171875e-05
delete time:3.5762786865234375e-05
delete time:5.817413330078125e-05
delete time:2.5272369384765625e-05
delete time:4.7206878662109375e-05
delete time:2.8133392333984375e-05
delete time:5.507469177246094e-05
delete time:5.507469177246094e-05
delete time:3.0279159545898438e-05
delete time:3.647804260253906e-05
delete time:3.0517578125e-05
delete time:3.695487976074219e-05
delete time:3.814697265625e-05
delete time:3.910064697265625e-05
delete time:4.4345855712890625e-05
delete time:3.528594970703125e-05
delete time:3.981590270996094e-05
delete time:5.602836608886719e-05
delete time:2.09808349609375e-05
delete time:3.62396240234375e-05
delete time:5.698204040527344e-05
delete time:3.552436828613281e-05
delete time:4.3392181396484375e-05
delete time:5.245208740234375e-05
delete time:3.6716461181640625e-05
delete time:2.7418136596679688e-05
delete time:4.482269287109375e-05
delete time:5.125999450683594e-05
delete time:6.937980651855469e-05
delete time:3.528594970703125e-05
delete time:2.9325485229492188e-05
delete time:3.933906555175781e-05
delete time:2.9087066650390625e-05
delete time:5.7697296142578125e-05
delete time:5.1021575927734375e-05
delete time:4.029273986816406e-05
delete time:4.029273986816406e-05
delete time:3.0994415283203125e-05
delete time:3.361701965332031e-05
delete time:3.0994415283203125e-05
delete time:3.218650817871094e-05
delete time:4.00543212890625e-05
delete time:4.57763671875e-05
delete time:3.600120544433594e-05
delete time:4.076957702636719e-05
delete time:3.814697265625e-05
delete time:5.030632019042969e-05
delete time:2.8133392333984375e-05
delete time:1.9788742065429688e-05
delete time:3.4809112548828125e-05
delete time:3.147125244140625e-05
delete time:2.86102294921875e-05
delete time:5.4836273193359375e-05
delete time:2.8133392333984375e-05
delete time:2.384185791015625e-05
delete time:2.47955322265625e-05
delete time:2.8848648071289062e-05
delete time:3.647804260253906e-05
delete time:2.6464462280273438e-05
delete time:5.7697296142578125e-05
delete time:3.337860107421875e-05
delete time:3.743171691894531e-05
delete time:5.745887756347656e-05
delete time:3.8623809814453125e-05
delete time:4.38690185546875e-05
delete time:4.863739013671875e-05
delete time:2.2172927856445312e-05
delete time:3.647804260253906e-05
delete time:3.4809112548828125e-05
delete time:3.266334533691406e-05
delete time:3.0517578125e-05
delete time:3.4809112548828125e-05
delete time:4.267692565917969e-05
delete time:3.910064697265625e-05
delete time:3.0994415283203125e-05
delete time:2.4318695068359375e-05
delete time:3.504753112792969e-05
delete time:2.8848648071289062e-05
delete time:3.361701965332031e-05
delete time:4.100799560546875e-05
delete time:2.9087066650390625e-05
delete time:3.5762786865234375e-05
delete time:3.552436828613281e-05
delete time:4.1961669921875e-05
delete time:2.6226043701171875e-05
delete time:4.839897155761719e-05
delete time:2.8848648071289062e-05
delete time:2.3603439331054688e-05
delete time:3.4809112548828125e-05
delete time:2.4080276489257812e-05
delete time:3.7670135498046875e-05
delete time:3.910064697265625e-05
delete time:3.5762786865234375e-05
delete time:1.8596649169921875e-05
delete time:2.7418136596679688e-05
delete time:3.0517578125e-05
delete time:3.1948089599609375e-05
delete time:3.218650817871094e-05
delete time:3.62396240234375e-05
delete time:3.266334533691406e-05
delete time:3.6716461181640625e-05
delete time:4.220008850097656e-05
delete time:2.384185791015625e-05
delete time:2.1696090698242188e-05
delete time:3.6716461181640625e-05
delete time:3.743171691894531e-05
delete time:2.86102294921875e-05
delete time:2.2649765014648438e-05
delete time:2.4557113647460938e-05
delete time:3.3855438232421875e-05
delete time:4.1961669921875e-05
delete time:1.52587890625e-05
delete time:2.8133392333984375e-05
delete time:3.314018249511719e-05
delete time:4.3392181396484375e-05
delete time:2.765655517578125e-05
delete time:2.8371810913085938e-05
delete time:2.5987625122070312e-05
delete time:5.745887756347656e-05
delete time:3.4809112548828125e-05
delete time:3.218650817871094e-05
delete time:3.0994415283203125e-05
delete time:2.765655517578125e-05
delete time:3.0279159545898438e-05
delete time:1.9311904907226562e-05
delete time:5.14984130859375e-05
delete time:3.457069396972656e-05
delete time:5.1021575927734375e-05
delete time:4.744529724121094e-05
delete time:3.4332275390625e-05
delete time:5.53131103515625e-05
delete time:2.384185791015625e-05
delete time:5.53131103515625e-05
delete time:4.673004150390625e-05
delete time:3.0279159545898438e-05
delete time:2.4318695068359375e-05
delete time:3.504753112792969e-05
delete time:3.266334533691406e-05
delete time:5.459785461425781e-05
delete time:5.91278076171875e-05
delete time:4.0531158447265625e-05
delete time:2.1457672119140625e-05
delete time:3.933906555175781e-05
delete time:4.1484832763671875e-05
delete time:2.6226043701171875e-05
delete time:2.574920654296875e-05
delete time:2.8848648071289062e-05
delete time:4.458427429199219e-05
delete time:3.838539123535156e-05
delete time:3.600120544433594e-05
delete time:3.2901763916015625e-05
delete time:5.7220458984375e-05
delete time:3.719329833984375e-05
delete time:4.2438507080078125e-05
delete time:4.38690185546875e-05
delete time:3.5762786865234375e-05
delete time:5.459785461425781e-05
delete time:3.886222839355469e-05
delete time:3.3855438232421875e-05
delete time:2.3126602172851562e-05
delete time:7.176399230957031e-05
delete time:3.719329833984375e-05
delete time:3.4809112548828125e-05
delete time:4.935264587402344e-05
delete time:4.8160552978515625e-05
delete time:4.982948303222656e-05
delete time:4.1484832763671875e-05
delete time:2.5272369384765625e-05
delete time:4.9114227294921875e-05
delete time:4.076957702636719e-05
delete time:5.316734313964844e-05
delete time:4.744529724121094e-05
delete time:3.075599670410156e-05
delete time:3.886222839355469e-05
delete time:3.266334533691406e-05
delete time:4.9114227294921875e-05
delete time:3.695487976074219e-05
delete time:3.4332275390625e-05
delete time:3.695487976074219e-05
delete time:4.7206878662109375e-05
delete time:4.673004150390625e-05
delete time:3.7670135498046875e-05
delete time:3.743171691894531e-05
delete time:3.528594970703125e-05
delete time:3.814697265625e-05
delete time:3.0517578125e-05
delete time:4.172325134277344e-05
delete time:3.528594970703125e-05
delete time:5.793571472167969e-05
delete time:2.193450927734375e-05
delete time:3.075599670410156e-05
delete time:3.409385681152344e-05
delete time:2.8133392333984375e-05
delete time:3.695487976074219e-05
delete time:3.4332275390625e-05
delete time:3.6716461181640625e-05
delete time:6.079673767089844e-05
delete time:2.9325485229492188e-05
delete time:4.8160552978515625e-05
delete time:4.38690185546875e-05
delete time:3.3855438232421875e-05
delete time:2.6941299438476562e-05
delete time:2.7179718017578125e-05
delete time:2.5033950805664062e-05
delete time:3.552436828613281e-05
delete time:4.7206878662109375e-05
delete time:3.981590270996094e-05
delete time:3.7670135498046875e-05
delete time:3.0994415283203125e-05
delete time:4.172325134277344e-05
delete time:4.5299530029296875e-05
delete time:3.719329833984375e-05
delete time:3.314018249511719e-05
delete time:4.6253204345703125e-05
delete time:3.4809112548828125e-05
delete time:4.935264587402344e-05
delete time:2.6226043701171875e-05
delete time:3.528594970703125e-05
delete time:2.47955322265625e-05
delete time:4.124641418457031e-05
delete time:5.91278076171875e-05
delete time:4.863739013671875e-05
delete time:3.981590270996094e-05
delete time:5.3882598876953125e-05
delete time:5.3882598876953125e-05
delete time:2.574920654296875e-05
delete time:4.315376281738281e-05
delete time:3.743171691894531e-05
delete time:2.4318695068359375e-05
delete time:4.3392181396484375e-05
delete time:1.9550323486328125e-05
delete time:3.695487976074219e-05
delete time:4.2438507080078125e-05
delete time:3.3855438232421875e-05
delete time:2.7894973754882812e-05
delete time:3.0994415283203125e-05
delete time:3.0279159545898438e-05
delete time:3.147125244140625e-05
delete time:3.695487976074219e-05
delete time:4.410743713378906e-05
delete time:3.4809112548828125e-05
delete time:5.412101745605469e-05
delete time:3.6716461181640625e-05
delete time:4.410743713378906e-05
delete time:3.647804260253906e-05
delete time:3.4809112548828125e-05
delete time:4.410743713378906e-05
delete time:2.2411346435546875e-05
delete time:3.0040740966796875e-05
delete time:3.9577484130859375e-05
delete time:2.9087066650390625e-05
delete time:3.933906555175781e-05
delete time:3.5762786865234375e-05
delete time:4.649162292480469e-05
delete time:5.793571472167969e-05
delete time:4.0531158447265625e-05
delete time:2.5987625122070312e-05
delete time:3.4332275390625e-05
delete time:2.5272369384765625e-05
delete time:3.695487976074219e-05
delete time:3.0994415283203125e-05
delete time:4.9114227294921875e-05
delete time:4.696846008300781e-05
delete time:3.0994415283203125e-05
delete time:3.504753112792969e-05
delete time:3.743171691894531e-05
delete time:2.765655517578125e-05
delete time:2.384185791015625e-05
delete time:3.361701965332031e-05
delete time:2.9087066650390625e-05
delete time:2.8371810913085938e-05
delete time:2.6702880859375e-05
delete time:3.218650817871094e-05
delete time:5.5789947509765625e-05
delete time:2.5033950805664062e-05
delete time:2.4557113647460938e-05
delete time:4.267692565917969e-05
delete time:3.886222839355469e-05
delete time:5.435943603515625e-05
delete time:3.170967102050781e-05
delete time:2.9325485229492188e-05
delete time:4.267692565917969e-05
delete time:3.600120544433594e-05
delete time:3.24249267578125e-05
delete time:2.4557113647460938e-05
delete time:3.337860107421875e-05
delete time:4.458427429199219e-05
delete time:3.719329833984375e-05
delete time:2.9087066650390625e-05
delete time:2.47955322265625e-05
delete time:3.266334533691406e-05
delete time:3.361701965332031e-05
delete time:5.125999450683594e-05
delete time:5.91278076171875e-05
delete time:3.0994415283203125e-05
delete time:3.409385681152344e-05
delete time:2.86102294921875e-05
delete time:2.5510787963867188e-05
delete time:4.410743713378906e-05
delete time:3.7670135498046875e-05
delete time:3.075599670410156e-05
delete time:3.0994415283203125e-05
delete time:2.288818359375e-05
delete time:3.6716461181640625e-05
delete time:3.600120544433594e-05
delete time:6.556510925292969e-05
delete time:3.981590270996094e-05
delete time:2.7418136596679688e-05
delete time:2.0503997802734375e-05
delete time:5.4836273193359375e-05
delete time:5.4836273193359375e-05
delete time:5.14984130859375e-05
delete time:5.626678466796875e-05
delete time:2.2649765014648438e-05
delete time:3.981590270996094e-05
delete time:2.2172927856445312e-05
delete time:5.1021575927734375e-05
delete time:5.078315734863281e-05
delete time:3.0517578125e-05
delete time:3.4809112548828125e-05
delete time:3.790855407714844e-05
delete time:5.555152893066406e-05
delete time:2.86102294921875e-05
delete time:2.8133392333984375e-05
delete time:5.14984130859375e-05
delete time:3.743171691894531e-05
delete time:4.839897155761719e-05
delete time:4.029273986816406e-05
delete time:3.1948089599609375e-05
delete time:2.9802322387695312e-05
delete time:2.5987625122070312e-05
delete time:2.9802322387695312e-05
delete time:3.24249267578125e-05
delete time:5.221366882324219e-05
delete time:2.2172927856445312e-05
delete time:3.981590270996094e-05
delete time:2.9087066650390625e-05
delete time:4.220008850097656e-05
delete time:2.0503997802734375e-05
delete time:5.2928924560546875e-05
delete time:2.6702880859375e-05
delete time:2.9325485229492188e-05
delete time:3.9577484130859375e-05
delete time:4.76837158203125e-05
delete time:5.7220458984375e-05
delete time:3.814697265625e-05
delete time:4.792213439941406e-05
delete time:3.24249267578125e-05
delete time:2.5272369384765625e-05
delete time:4.1961669921875e-05
delete time:3.552436828613281e-05
delete time:5.793571472167969e-05
delete time:5.054473876953125e-05
delete time:4.863739013671875e-05
delete time:3.075599670410156e-05
delete time:4.1961669921875e-05
delete time:5.221366882324219e-05
delete time:4.5299530029296875e-05
delete time:2.86102294921875e-05
delete time:1.9550323486328125e-05
delete time:3.075599670410156e-05
delete time:1.5735626220703125e-05
delete time:3.4332275390625e-05
delete time:3.266334533691406e-05
delete time:5.5789947509765625e-05
delete time:3.600120544433594e-05
delete time:4.076957702636719e-05
delete time:4.363059997558594e-05
delete time:5.1021575927734375e-05
delete time:2.1696090698242188e-05
delete time:3.814697265625e-05
delete time:3.075599670410156e-05
delete time:3.528594970703125e-05
delete time:2.9087066650390625e-05
delete time:2.9325485229492188e-05
delete time:3.743171691894531e-05
delete time:5.4836273193359375e-05
delete time:3.3855438232421875e-05
delete time:4.363059997558594e-05
delete time:5.435943603515625e-05
delete time:3.0517578125e-05
delete time:3.409385681152344e-05
delete time:4.1484832763671875e-05
delete time:3.790855407714844e-05
delete time:3.075599670410156e-05
delete time:3.6716461181640625e-05
delete time:3.5762786865234375e-05
delete time:3.314018249511719e-05
delete time:3.719329833984375e-05
delete time:4.839897155761719e-05
delete time:3.361701965332031e-05
delete time:3.981590270996094e-05
delete time:4.982948303222656e-05
delete time:4.57763671875e-05
delete time:3.0040740966796875e-05
delete time:3.0279159545898438e-05
delete time:3.409385681152344e-05
delete time:5.245208740234375e-05
delete time:3.552436828613281e-05
delete time:4.029273986816406e-05
delete time:3.266334533691406e-05
delete time:2.2649765014648438e-05
delete time:5.2928924560546875e-05
delete time:4.1484832763671875e-05
delete time:3.266334533691406e-05
delete time:4.267692565917969e-05
delete time:3.4332275390625e-05
delete time:4.363059997558594e-05
delete time:3.838539123535156e-05
delete time:3.314018249511719e-05
delete time:4.76837158203125e-05
delete time:4.696846008300781e-05
delete time:3.361701965332031e-05
delete time:5.269050598144531e-05
delete time:4.076957702636719e-05
delete time:3.814697265625e-05
delete time:3.695487976074219e-05
delete time:4.673004150390625e-05
delete time:2.86102294921875e-05
delete time:2.2411346435546875e-05
delete time:5.078315734863281e-05
delete time:2.9802322387695312e-05
delete time:4.792213439941406e-05
delete time:4.3392181396484375e-05
delete time:2.6941299438476562e-05
delete time:3.504753112792969e-05
delete time:4.5299530029296875e-05
delete time:2.0503997802734375e-05
delete time:3.647804260253906e-05
delete time:2.9802322387695312e-05
delete time:3.2901763916015625e-05
delete time:5.030632019042969e-05
delete time:4.3392181396484375e-05
delete time:5.364418029785156e-05
delete time:3.2901763916015625e-05
delete time:2.5033950805664062e-05
delete time:2.4557113647460938e-05
delete time:4.601478576660156e-05
delete time:4.029273986816406e-05
delete time:4.482269287109375e-05
delete time:3.62396240234375e-05
delete time:3.314018249511719e-05
delete time:3.218650817871094e-05
delete time:3.504753112792969e-05
delete time:3.2901763916015625e-05
delete time:6.461143493652344e-05
delete time:4.172325134277344e-05
delete time:3.218650817871094e-05
delete time:3.647804260253906e-05
delete time:2.4557113647460938e-05
delete time:3.647804260253906e-05
delete time:3.361701965332031e-05
delete time:4.172325134277344e-05
delete time:6.318092346191406e-05
delete time:4.363059997558594e-05
delete time:3.6716461181640625e-05
delete time:2.002716064453125e-05
delete time:3.6716461181640625e-05
delete time:2.7418136596679688e-05
delete time:4.57763671875e-05
delete time:3.0040740966796875e-05
delete time:6.389617919921875e-05
delete time:5.8650970458984375e-05
delete time:3.218650817871094e-05
delete time:3.62396240234375e-05
delete time:2.4557113647460938e-05
delete time:3.314018249511719e-05
delete time:4.029273986816406e-05
delete time:3.0517578125e-05
delete time:4.601478576660156e-05
delete time:3.1948089599609375e-05
delete time:2.8848648071289062e-05
delete time:5.340576171875e-05
delete time:2.5272369384765625e-05
delete time:3.838539123535156e-05
delete time:4.649162292480469e-05
delete time:5.459785461425781e-05
delete time:3.814697265625e-05
delete time:3.62396240234375e-05
delete time:4.100799560546875e-05
delete time:2.5272369384765625e-05
delete time:3.075599670410156e-05
delete time:4.839897155761719e-05
delete time:5.1975250244140625e-05
delete time:5.364418029785156e-05
delete time:3.7670135498046875e-05
delete time:3.7670135498046875e-05
delete time:4.3392181396484375e-05
delete time:4.267692565917969e-05
delete time:3.4809112548828125e-05
delete time:5.030632019042969e-05
delete time:3.3855438232421875e-05
delete time:2.7894973754882812e-05
delete time:2.6464462280273438e-05
delete time:4.982948303222656e-05
delete time:2.5033950805664062e-05
delete time:4.220008850097656e-05
delete time:3.4332275390625e-05
delete time:4.982948303222656e-05
delete time:2.384185791015625e-05
delete time:3.170967102050781e-05
delete time:3.814697265625e-05
delete time:1.8358230590820312e-05
delete time:2.3126602172851562e-05
delete time:3.361701965332031e-05
delete time:2.9087066650390625e-05
delete time:4.601478576660156e-05
delete time:2.5987625122070312e-05
delete time:4.458427429199219e-05
delete time:2.9325485229492188e-05
delete time:4.3392181396484375e-05
delete time:3.981590270996094e-05
delete time:3.6716461181640625e-05
delete time:3.24249267578125e-05
delete time:3.409385681152344e-05
delete time:4.291534423828125e-05
delete time:3.170967102050781e-05
delete time:4.553794860839844e-05
delete time:4.9114227294921875e-05
delete time:3.6716461181640625e-05
delete time:3.743171691894531e-05
delete time:3.147125244140625e-05
delete time:3.647804260253906e-05
delete time:2.8371810913085938e-05
delete time:5.602836608886719e-05
delete time:4.601478576660156e-05
delete time:3.075599670410156e-05
delete time:3.910064697265625e-05
delete time:2.3126602172851562e-05
delete time:4.38690185546875e-05
delete time:4.100799560546875e-05
delete time:2.8371810913085938e-05
delete time:3.814697265625e-05
delete time:2.8133392333984375e-05
delete time:2.7179718017578125e-05
delete time:2.4557113647460938e-05
delete time:4.267692565917969e-05
delete time:2.8133392333984375e-05
delete time:2.8133392333984375e-05
delete time:3.719329833984375e-05
delete time:2.9087066650390625e-05
delete time:3.8623809814453125e-05
delete time:5.340576171875e-05
delete time:2.86102294921875e-05
delete time:4.57763671875e-05
delete time:4.3392181396484375e-05
delete time:4.029273986816406e-05
delete time:3.814697265625e-05
delete time:2.3365020751953125e-05
delete time:3.4809112548828125e-05
delete time:3.361701965332031e-05
delete time:2.956390380859375e-05
delete time:2.7179718017578125e-05
delete time:4.696846008300781e-05
delete time:3.8623809814453125e-05
delete time:4.601478576660156e-05
delete time:4.410743713378906e-05
delete time:2.8848648071289062e-05
delete time:1.7642974853515625e-05
delete time:3.981590270996094e-05
delete time:3.24249267578125e-05
delete time:2.47955322265625e-05
delete time:3.62396240234375e-05
delete time:3.7670135498046875e-05
delete time:3.2901763916015625e-05
delete time:5.221366882324219e-05
delete time:3.0517578125e-05
delete time:5.245208740234375e-05
delete time:5.459785461425781e-05
delete time:4.673004150390625e-05
delete time:3.075599670410156e-05
delete time:2.1696090698242188e-05
delete time:4.172325134277344e-05
delete time:3.457069396972656e-05
delete time:5.984306335449219e-05
delete time:2.956390380859375e-05
delete time:2.6226043701171875e-05
delete time:2.7179718017578125e-05
delete time:2.5987625122070312e-05
delete time:4.8160552978515625e-05
delete time:5.7697296142578125e-05
delete time:3.457069396972656e-05
delete time:3.337860107421875e-05
delete time:3.075599670410156e-05
delete time:2.1219253540039062e-05
delete time:3.3855438232421875e-05
delete time:2.9087066650390625e-05
delete time:3.528594970703125e-05
delete time:4.506111145019531e-05
delete time:2.7179718017578125e-05
delete time:5.9604644775390625e-05
delete time:3.552436828613281e-05
delete time:6.008148193359375e-05
delete time:3.24249267578125e-05
delete time:4.0531158447265625e-05
delete time:2.6702880859375e-05
delete time:2.384185791015625e-05
delete time:3.218650817871094e-05
delete time:5.340576171875e-05
delete time:4.172325134277344e-05
delete time:3.0994415283203125e-05
delete time:4.601478576660156e-05
delete time:3.600120544433594e-05
delete time:3.266334533691406e-05
delete time:2.1696090698242188e-05
delete time:4.5299530029296875e-05
delete time:4.100799560546875e-05
delete time:2.9325485229492188e-05
delete time:4.1961669921875e-05
delete time:3.814697265625e-05
delete time:3.4332275390625e-05
delete time:3.457069396972656e-05
delete time:3.9577484130859375e-05
delete time:3.3855438232421875e-05
delete time:3.0279159545898438e-05
delete time:4.029273986816406e-05
delete time:5.7220458984375e-05
delete time:3.457069396972656e-05
delete time:3.933906555175781e-05
delete time:3.838539123535156e-05
delete time:3.361701965332031e-05
delete time:5.3882598876953125e-05
delete time:3.62396240234375e-05
delete time:3.981590270996094e-05
delete time:2.6941299438476562e-05
delete time:2.1696090698242188e-05
delete time:4.220008850097656e-05
delete time:3.814697265625e-05
delete time:3.0040740966796875e-05
delete time:4.76837158203125e-05
delete time:3.3855438232421875e-05
delete time:3.4809112548828125e-05
delete time:3.504753112792969e-05
delete time:2.3126602172851562e-05
delete time:3.838539123535156e-05
delete time:3.6716461181640625e-05
delete time:4.839897155761719e-05
delete time:3.814697265625e-05
delete time:3.0040740966796875e-05
delete time:3.719329833984375e-05
delete time:3.528594970703125e-05
delete time:1.8835067749023438e-05
delete time:1.6689300537109375e-05
delete time:4.076957702636719e-05
delete time:4.744529724121094e-05
delete time:3.147125244140625e-05
delete time:3.814697265625e-05
delete time:5.4836273193359375e-05
delete time:3.743171691894531e-05
delete time:3.814697265625e-05
delete time:3.504753112792969e-05
delete time:4.9114227294921875e-05
delete time:4.673004150390625e-05
delete time:4.1484832763671875e-05
delete time:2.3126602172851562e-05
delete time:5.6743621826171875e-05
delete time:3.5762786865234375e-05
delete time:2.6941299438476562e-05
delete time:3.790855407714844e-05
delete time:2.1457672119140625e-05
delete time:2.6941299438476562e-05
delete time:4.100799560546875e-05
delete time:3.8623809814453125e-05
delete time:4.9114227294921875e-05
delete time:3.147125244140625e-05
delete time:4.649162292480469e-05
delete time:5.5789947509765625e-05
delete time:3.504753112792969e-05
delete time:2.7418136596679688e-05
delete time:4.267692565917969e-05
delete time:2.4318695068359375e-05
delete time:3.075599670410156e-05
delete time:3.933906555175781e-05
delete time:3.218650817871094e-05
delete time:3.910064697265625e-05
delete time:3.457069396972656e-05
delete time:3.075599670410156e-05
delete time:4.0531158447265625e-05
delete time:3.5762786865234375e-05
delete time:2.9087066650390625e-05
delete time:4.935264587402344e-05
delete time:4.6253204345703125e-05
delete time:5.173683166503906e-05
delete time:1.8358230590820312e-05
delete time:3.504753112792969e-05
delete time:2.7418136596679688e-05
delete time:2.6702880859375e-05
delete time:3.6716461181640625e-05
delete time:3.0040740966796875e-05
delete time:4.076957702636719e-05
delete time:3.0994415283203125e-05
delete time:4.6253204345703125e-05
delete time:4.5299530029296875e-05
delete time:3.814697265625e-05
delete time:3.981590270996094e-05
delete time:3.457069396972656e-05
delete time:3.5762786865234375e-05
delete time:3.695487976074219e-05
delete time:3.743171691894531e-05
delete time:3.647804260253906e-05
delete time:2.7894973754882812e-05
delete time:2.002716064453125e-05
delete time:3.266334533691406e-05
delete time:2.0265579223632812e-05
delete time:5.793571472167969e-05
delete time:3.695487976074219e-05
delete time:2.3603439331054688e-05
delete time:3.910064697265625e-05
delete time:4.315376281738281e-05
delete time:6.103515625e-05
delete time:2.956390380859375e-05
delete time:3.170967102050781e-05
delete time:3.0040740966796875e-05
delete time:3.147125244140625e-05
delete time:3.147125244140625e-05
delete time:4.1484832763671875e-05
delete time:3.8623809814453125e-05
delete time:5.7697296142578125e-05
delete time:2.9802322387695312e-05
delete time:5.1975250244140625e-05
delete time:4.553794860839844e-05
delete time:3.600120544433594e-05
delete time:3.504753112792969e-05
delete time:6.246566772460938e-05
delete time:3.504753112792969e-05
delete time:4.744529724121094e-05
delete time:4.482269287109375e-05
delete time:3.600120544433594e-05
delete time:2.4557113647460938e-05
delete time:3.147125244140625e-05
delete time:3.910064697265625e-05
delete time:5.459785461425781e-05
delete time:3.743171691894531e-05
delete time:4.458427429199219e-05
delete time:2.9802322387695312e-05
delete time:5.2928924560546875e-05
delete time:3.170967102050781e-05
delete time:5.3882598876953125e-05
delete time:3.933906555175781e-05
delete time:4.6253204345703125e-05
delete time:4.649162292480469e-05
delete time:3.409385681152344e-05
delete time:4.1484832763671875e-05
delete time:3.600120544433594e-05
delete time:3.457069396972656e-05
delete time:3.8623809814453125e-05
delete time:2.8848648071289062e-05
delete time:3.743171691894531e-05
delete time:3.337860107421875e-05
delete time:2.9325485229492188e-05
delete time:3.0040740966796875e-05
delete time:4.076957702636719e-05
delete time:3.7670135498046875e-05
delete time:3.4332275390625e-05
delete time:4.744529724121094e-05
delete time:3.933906555175781e-05
delete time:3.814697265625e-05
delete time:2.6226043701171875e-05
delete time:4.887580871582031e-05
delete time:5.221366882324219e-05
delete time:2.5510787963867188e-05
delete time:4.0531158447265625e-05
delete time:3.647804260253906e-05
delete time:3.457069396972656e-05
delete time:2.384185791015625e-05
delete time:3.743171691894531e-05
delete time:4.267692565917969e-05
delete time:3.600120544433594e-05
delete time:2.8133392333984375e-05
delete time:3.170967102050781e-05
delete time:4.887580871582031e-05
delete time:3.6716461181640625e-05
delete time:4.649162292480469e-05
delete time:3.552436828613281e-05
delete time:4.124641418457031e-05
delete time:4.553794860839844e-05
delete time:6.723403930664062e-05
delete time:3.4332275390625e-05
delete time:4.38690185546875e-05
delete time:3.361701965332031e-05
delete time:3.1948089599609375e-05
delete time:3.695487976074219e-05
delete time:3.933906555175781e-05
delete time:3.3855438232421875e-05
delete time:3.314018249511719e-05
delete time:4.172325134277344e-05
delete time:3.981590270996094e-05
delete time:2.384185791015625e-05
delete time:3.24249267578125e-05
delete time:3.838539123535156e-05
delete time:3.4809112548828125e-05
delete time:6.461143493652344e-05
delete time:5.0067901611328125e-05
delete time:3.337860107421875e-05
delete time:3.528594970703125e-05
delete time:3.7670135498046875e-05
delete time:3.552436828613281e-05
delete time:5.1975250244140625e-05
delete time:3.528594970703125e-05
delete time:5.364418029785156e-05
delete time:5.507469177246094e-05
delete time:1.9311904907226562e-05
delete time:4.100799560546875e-05
delete time:3.743171691894531e-05
delete time:4.2438507080078125e-05
delete time:3.886222839355469e-05
delete time:3.337860107421875e-05
delete time:5.841255187988281e-05
delete time:3.6716461181640625e-05
delete time:6.246566772460938e-05
delete time:5.984306335449219e-05
delete time:5.8650970458984375e-05
delete time:4.696846008300781e-05
delete time:3.337860107421875e-05
delete time:2.8848648071289062e-05
delete time:3.3855438232421875e-05
delete time:2.6226043701171875e-05
delete time:5.2928924560546875e-05
delete time:3.075599670410156e-05
delete time:3.886222839355469e-05
delete time:2.6464462280273438e-05
delete time:3.4809112548828125e-05
delete time:5.984306335449219e-05
delete time:3.123283386230469e-05
delete time:2.6226043701171875e-05
delete time:3.147125244140625e-05
delete time:3.886222839355469e-05
delete time:5.3882598876953125e-05
delete time:2.3126602172851562e-05
delete time:3.7670135498046875e-05
delete time:4.9591064453125e-05
delete time:4.9114227294921875e-05
delete time:2.6941299438476562e-05
delete time:3.5762786865234375e-05
delete time:4.4345855712890625e-05
delete time:3.4809112548828125e-05
delete time:5.2928924560546875e-05
delete time:3.814697265625e-05
delete time:3.218650817871094e-05
delete time:5.2928924560546875e-05
delete time:3.337860107421875e-05
delete time:4.1961669921875e-05
delete time:3.8623809814453125e-05
delete time:3.600120544433594e-05
delete time:3.552436828613281e-05
delete time:3.6716461181640625e-05
delete time:3.528594970703125e-05
delete time:3.8623809814453125e-05
delete time:3.4809112548828125e-05
delete time:3.719329833984375e-05
delete time:2.3603439331054688e-05
delete time:2.9802322387695312e-05
delete time:4.315376281738281e-05
delete time:3.695487976074219e-05
delete time:3.314018249511719e-05
delete time:3.5762786865234375e-05
delete time:3.123283386230469e-05
delete time:2.9802322387695312e-05
delete time:2.4557113647460938e-05
delete time:4.1961669921875e-05
delete time:4.601478576660156e-05
delete time:4.291534423828125e-05
delete time:3.552436828613281e-05
delete time:3.337860107421875e-05
delete time:4.5299530029296875e-05
delete time:4.267692565917969e-05
delete time:4.57763671875e-05
delete time:4.00543212890625e-05
delete time:2.8133392333984375e-05
delete time:3.0517578125e-05
delete time:3.0040740966796875e-05
delete time:3.0994415283203125e-05
delete time:2.8848648071289062e-05
delete time:4.291534423828125e-05
delete time:4.553794860839844e-05
delete time:2.9087066650390625e-05
delete time:2.8133392333984375e-05
delete time:4.9114227294921875e-05
delete time:3.170967102050781e-05
delete time:2.384185791015625e-05
delete time:2.6702880859375e-05
delete time:3.838539123535156e-05
delete time:5.841255187988281e-05
delete time:3.4332275390625e-05
delete time:3.218650817871094e-05
delete time:3.24249267578125e-05
delete time:2.2172927856445312e-05
delete time:3.4332275390625e-05
delete time:2.6226043701171875e-05
delete time:3.838539123535156e-05
delete time:2.47955322265625e-05
delete time:2.6702880859375e-05
delete time:3.1948089599609375e-05
delete time:3.600120544433594e-05
delete time:3.361701965332031e-05
delete time:5.030632019042969e-05
delete time:2.7179718017578125e-05
delete time:4.7206878662109375e-05
delete time:5.173683166503906e-05
delete time:3.337860107421875e-05
delete time:3.409385681152344e-05
delete time:3.266334533691406e-05
delete time:4.839897155761719e-05
delete time:4.649162292480469e-05
delete time:3.337860107421875e-05
delete time:3.337860107421875e-05
delete time:3.552436828613281e-05
delete time:3.743171691894531e-05
delete time:4.649162292480469e-05
delete time:4.1484832763671875e-05
delete time:4.57763671875e-05
delete time:3.123283386230469e-05
delete time:3.147125244140625e-05
delete time:3.266334533691406e-05
delete time:3.266334533691406e-05
delete time:3.5762786865234375e-05
delete time:6.365776062011719e-05
delete time:3.981590270996094e-05
delete time:3.981590270996094e-05
delete time:4.267692565917969e-05
delete time:4.863739013671875e-05
delete time:4.029273986816406e-05
delete time:5.412101745605469e-05
delete time:3.719329833984375e-05
delete time:5.030632019042969e-05
delete time:3.814697265625e-05
delete time:4.506111145019531e-05
delete time:2.1219253540039062e-05
delete time:2.6464462280273438e-05
delete time:4.649162292480469e-05
delete time:3.743171691894531e-05
delete time:2.9087066650390625e-05
delete time:3.528594970703125e-05
delete time:3.3855438232421875e-05
delete time:3.528594970703125e-05
delete time:3.695487976074219e-05
delete time:2.5510787963867188e-05
delete time:3.528594970703125e-05
delete time:3.1948089599609375e-05
delete time:5.555152893066406e-05
delete time:2.0742416381835938e-05
delete time:2.2172927856445312e-05
delete time:5.14984130859375e-05
delete time:3.743171691894531e-05
delete time:3.910064697265625e-05
delete time:3.695487976074219e-05
delete time:2.86102294921875e-05
delete time:3.2901763916015625e-05
delete time:5.555152893066406e-05
delete time:1.7881393432617188e-05
delete time:4.5299530029296875e-05
delete time:3.647804260253906e-05
delete time:3.0040740966796875e-05
delete time:3.719329833984375e-05
delete time:3.647804260253906e-05
delete time:4.9114227294921875e-05
delete time:2.3126602172851562e-05
delete time:4.220008850097656e-05
delete time:3.266334533691406e-05
delete time:3.552436828613281e-05
delete time:3.695487976074219e-05
delete time:5.14984130859375e-05
delete time:3.1948089599609375e-05
delete time:3.0994415283203125e-05
delete time:3.814697265625e-05
delete time:3.695487976074219e-05
delete time:2.7894973754882812e-05
delete time:4.0531158447265625e-05
delete time:4.076957702636719e-05
delete time:3.0517578125e-05
delete time:4.1484832763671875e-05
delete time:3.7670135498046875e-05
delete time:2.5987625122070312e-05
delete time:3.933906555175781e-05
delete time:3.8623809814453125e-05
delete time:5.555152893066406e-05
delete time:5.2928924560546875e-05
delete time:2.7418136596679688e-05
delete time:3.409385681152344e-05
delete time:3.5762786865234375e-05
delete time:2.9802322387695312e-05
delete time:6.604194641113281e-05
delete time:2.2172927856445312e-05
delete time:3.075599670410156e-05
delete time:3.600120544433594e-05
delete time:3.933906555175781e-05
delete time:3.7670135498046875e-05
delete time:2.3603439331054688e-05
delete time:4.172325134277344e-05
delete time:4.839897155761719e-05
delete time:4.458427429199219e-05
delete time:3.1948089599609375e-05
delete time:2.7418136596679688e-05
delete time:2.3603439331054688e-05
delete time:4.57763671875e-05
delete time:4.506111145019531e-05
delete time:4.4345855712890625e-05
delete time:4.124641418457031e-05
delete time:5.364418029785156e-05
delete time:3.457069396972656e-05
delete time:1.7881393432617188e-05
delete time:3.552436828613281e-05
delete time:2.5987625122070312e-05
delete time:4.2438507080078125e-05
delete time:5.7220458984375e-05
delete time:3.8623809814453125e-05
delete time:4.9114227294921875e-05
delete time:2.7418136596679688e-05
delete time:2.2172927856445312e-05
delete time:2.3126602172851562e-05
delete time:3.4332275390625e-05
delete time:2.9087066650390625e-05
delete time:3.266334533691406e-05
delete time:3.361701965332031e-05
delete time:3.4809112548828125e-05
delete time:2.7179718017578125e-05
delete time:4.8160552978515625e-05
delete time:4.1484832763671875e-05
delete time:3.0517578125e-05
delete time:2.5033950805664062e-05
delete time:2.8848648071289062e-05
delete time:3.790855407714844e-05
delete time:3.123283386230469e-05
delete time:3.3855438232421875e-05
delete time:2.3126602172851562e-05
delete time:5.7697296142578125e-05
delete time:3.0517578125e-05
delete time:3.4809112548828125e-05
delete time:5.14984130859375e-05
delete time:4.458427429199219e-05
delete time:3.4332275390625e-05
delete time:4.601478576660156e-05
delete time:3.7670135498046875e-05
delete time:3.695487976074219e-05
delete time:5.650520324707031e-05
delete time:4.7206878662109375e-05
delete time:2.9325485229492188e-05
delete time:5.269050598144531e-05
delete time:4.7206878662109375e-05
delete time:3.647804260253906e-05
delete time:3.5762786865234375e-05
delete time:3.314018249511719e-05
delete time:3.314018249511719e-05
delete time:3.4332275390625e-05
delete time:3.075599670410156e-05
delete time:2.288818359375e-05
delete time:4.2438507080078125e-05
delete time:4.696846008300781e-05
delete time:3.719329833984375e-05
delete time:2.7894973754882812e-05
delete time:3.695487976074219e-05
delete time:4.601478576660156e-05
delete time:3.9577484130859375e-05
delete time:2.8848648071289062e-05
delete time:3.0279159545898438e-05
delete time:3.695487976074219e-05
delete time:2.4557113647460938e-05
delete time:2.8371810913085938e-05
delete time:3.3855438232421875e-05
delete time:3.1948089599609375e-05
delete time:3.886222839355469e-05
delete time:3.695487976074219e-05
delete time:3.743171691894531e-05
delete time:3.7670135498046875e-05
delete time:4.029273986816406e-05
delete time:3.170967102050781e-05
delete time:4.076957702636719e-05
delete time:4.744529724121094e-05
delete time:3.170967102050781e-05
delete time:2.09808349609375e-05
delete time:3.743171691894531e-05
delete time:4.1484832763671875e-05
delete time:4.029273986816406e-05
delete time:2.3365020751953125e-05
delete time:2.5033950805664062e-05
delete time:5.9604644775390625e-05
delete time:3.147125244140625e-05
delete time:3.266334533691406e-05
delete time:3.218650817871094e-05
delete time:2.288818359375e-05
delete time:2.9802322387695312e-05
delete time:3.147125244140625e-05
delete time:3.2901763916015625e-05
delete time:2.8848648071289062e-05
delete time:2.0742416381835938e-05
delete time:3.266334533691406e-05
delete time:4.1961669921875e-05
delete time:3.695487976074219e-05
delete time:3.981590270996094e-05
delete time:4.3392181396484375e-05
delete time:3.600120544433594e-05
delete time:3.123283386230469e-05
delete time:2.765655517578125e-05
delete time:2.3365020751953125e-05
delete time:4.315376281738281e-05
delete time:3.147125244140625e-05
delete time:5.555152893066406e-05
delete time:4.1484832763671875e-05
delete time:3.1948089599609375e-05
delete time:3.647804260253906e-05
delete time:5.7697296142578125e-05
delete time:2.5510787963867188e-05
delete time:4.5299530029296875e-05
delete time:2.9325485229492188e-05
delete time:3.457069396972656e-05
delete time:4.506111145019531e-05
delete time:3.2901763916015625e-05
delete time:3.266334533691406e-05
delete time:2.3126602172851562e-05
delete time:2.7418136596679688e-05
delete time:2.574920654296875e-05
delete time:1.8596649169921875e-05
delete time:3.2901763916015625e-05
delete time:4.4345855712890625e-05
delete time:3.790855407714844e-05
delete time:5.269050598144531e-05
delete time:3.123283386230469e-05
delete time:4.673004150390625e-05
delete time:3.5762786865234375e-05
delete time:4.76837158203125e-05
delete time:4.887580871582031e-05
delete time:3.266334533691406e-05
delete time:2.8133392333984375e-05
delete time:4.220008850097656e-05
delete time:4.57763671875e-05
delete time:4.482269287109375e-05
delete time:2.8133392333984375e-05
delete time:5.125999450683594e-05
delete time:3.123283386230469e-05
delete time:2.956390380859375e-05
delete time:2.7179718017578125e-05
delete time:4.9591064453125e-05
delete time:3.790855407714844e-05
delete time:3.1948089599609375e-05
delete time:2.3603439331054688e-05
delete time:3.0517578125e-05
delete time:3.7670135498046875e-05
delete time:3.62396240234375e-05
delete time:5.841255187988281e-05
delete time:2.4318695068359375e-05
delete time:4.410743713378906e-05
delete time:3.695487976074219e-05
delete time:2.574920654296875e-05
delete time:4.649162292480469e-05
delete time:4.5299530029296875e-05
delete time:4.124641418457031e-05
delete time:4.2438507080078125e-05
delete time:2.3126602172851562e-05
delete time:3.5762786865234375e-05
delete time:4.1961669921875e-05
delete time:2.288818359375e-05
delete time:4.5299530029296875e-05
delete time:3.6716461181640625e-05
delete time:2.4318695068359375e-05
delete time:2.4080276489257812e-05
delete time:3.24249267578125e-05
delete time:3.3855438232421875e-05
delete time:3.075599670410156e-05
delete time:3.0994415283203125e-05
delete time:3.0279159545898438e-05
delete time:4.76837158203125e-05
delete time:3.6716461181640625e-05
delete time:4.363059997558594e-05
delete time:3.647804260253906e-05
delete time:2.4318695068359375e-05
delete time:5.984306335449219e-05
delete time:2.86102294921875e-05
delete time:3.62396240234375e-05
delete time:3.981590270996094e-05
delete time:3.1948089599609375e-05
delete time:3.24249267578125e-05
delete time:4.363059997558594e-05
delete time:4.506111145019531e-05
delete time:4.267692565917969e-05
delete time:4.00543212890625e-05
delete time:6.318092346191406e-05
delete time:3.647804260253906e-05
delete time:3.838539123535156e-05
delete time:2.8133392333984375e-05
delete time:1.811981201171875e-05
delete time:3.814697265625e-05
delete time:4.935264587402344e-05
delete time:2.4318695068359375e-05
delete time:4.38690185546875e-05
delete time:2.193450927734375e-05
delete time:2.4557113647460938e-05
delete time:4.029273986816406e-05
delete time:3.647804260253906e-05
delete time:3.528594970703125e-05
delete time:5.245208740234375e-05
delete time:6.079673767089844e-05
delete time:5.7220458984375e-05
delete time:3.647804260253906e-05
delete time:4.935264587402344e-05
delete time:3.4809112548828125e-05
delete time:3.170967102050781e-05
delete time:3.838539123535156e-05
delete time:3.0040740966796875e-05
delete time:3.528594970703125e-05
delete time:2.3126602172851562e-05
delete time:3.0517578125e-05
delete time:3.528594970703125e-05
delete time:4.673004150390625e-05
delete time:4.00543212890625e-05
delete time:3.075599670410156e-05
delete time:3.8623809814453125e-05
delete time:4.601478576660156e-05
delete time:3.409385681152344e-05
delete time:4.839897155761719e-05
delete time:4.029273986816406e-05
delete time:3.62396240234375e-05
delete time:5.745887756347656e-05
delete time:2.9802322387695312e-05
delete time:2.5272369384765625e-05
delete time:3.0517578125e-05
delete time:3.9577484130859375e-05
delete time:3.5762786865234375e-05
delete time:3.075599670410156e-05
delete time:3.1948089599609375e-05
delete time:3.695487976074219e-05
delete time:3.981590270996094e-05
delete time:3.7670135498046875e-05
delete time:3.886222839355469e-05
delete time:5.793571472167969e-05
delete time:3.910064697265625e-05
delete time:2.47955322265625e-05
delete time:3.743171691894531e-05
delete time:2.3365020751953125e-05
delete time:5.650520324707031e-05
delete time:3.7670135498046875e-05
delete time:2.8848648071289062e-05
delete time:2.8848648071289062e-05
delete time:3.719329833984375e-05
delete time:3.528594970703125e-05
delete time:4.0531158447265625e-05
delete time:2.3603439331054688e-05
delete time:4.267692565917969e-05
delete time:4.220008850097656e-05
delete time:5.173683166503906e-05
delete time:3.0994415283203125e-05
delete time:5.0067901611328125e-05
delete time:3.0279159545898438e-05
delete time:3.838539123535156e-05
delete time:3.314018249511719e-05
delete time:2.7418136596679688e-05
delete time:2.3126602172851562e-05
delete time:4.5299530029296875e-05
delete time:2.3365020751953125e-05
delete time:5.91278076171875e-05
delete time:3.933906555175781e-05
delete time:5.793571472167969e-05
delete time:5.4836273193359375e-05
delete time:2.002716064453125e-05
delete time:3.457069396972656e-05
delete time:3.3855438232421875e-05
delete time:3.62396240234375e-05
delete time:3.9577484130859375e-05
delete time:5.91278076171875e-05
delete time:4.124641418457031e-05
delete time:3.5762786865234375e-05
delete time:3.266334533691406e-05
delete time:2.2411346435546875e-05
delete time:2.0265579223632812e-05
delete time:3.552436828613281e-05
delete time:4.458427429199219e-05
delete time:2.9325485229492188e-05
delete time:3.910064697265625e-05
delete time:2.4557113647460938e-05
delete time:3.409385681152344e-05
delete time:2.9802322387695312e-05
delete time:3.647804260253906e-05
delete time:3.4809112548828125e-05
delete time:2.7179718017578125e-05
delete time:2.4557113647460938e-05
delete time:3.361701965332031e-05
delete time:5.7697296142578125e-05
delete time:4.1484832763671875e-05
delete time:3.314018249511719e-05
delete time:2.9802322387695312e-05
delete time:2.193450927734375e-05
delete time:3.3855438232421875e-05
delete time:3.8623809814453125e-05
delete time:3.457069396972656e-05
delete time:4.887580871582031e-05
delete time:3.981590270996094e-05
delete time:3.695487976074219e-05
delete time:4.029273986816406e-05
delete time:5.0067901611328125e-05
delete time:3.337860107421875e-05
delete time:3.075599670410156e-05
delete time:2.2649765014648438e-05
delete time:2.2172927856445312e-05
delete time:3.814697265625e-05
delete time:2.8133392333984375e-05
delete time:3.719329833984375e-05
delete time:2.09808349609375e-05
delete time:4.00543212890625e-05
delete time:3.0517578125e-05
delete time:3.504753112792969e-05
delete time:4.315376281738281e-05
delete time:3.504753112792969e-05
delete time:3.075599670410156e-05
delete time:3.600120544433594e-05
delete time:5.793571472167969e-05
delete time:3.8623809814453125e-05
delete time:3.504753112792969e-05
delete time:2.7179718017578125e-05
delete time:3.838539123535156e-05
delete time:2.7894973754882812e-05
delete time:3.123283386230469e-05
delete time:2.574920654296875e-05
delete time:3.981590270996094e-05
delete time:3.528594970703125e-05
delete time:2.1219253540039062e-05
delete time:2.2411346435546875e-05
delete time:3.457069396972656e-05
delete time:3.0040740966796875e-05
delete time:4.220008850097656e-05
delete time:3.814697265625e-05
delete time:4.172325134277344e-05
delete time:4.315376281738281e-05
delete time:3.170967102050781e-05
delete time:3.933906555175781e-05
delete time:3.5762786865234375e-05
delete time:3.814697265625e-05
delete time:2.956390380859375e-05
delete time:5.125999450683594e-05
delete time:3.790855407714844e-05
delete time:2.9087066650390625e-05
delete time:6.175041198730469e-05
delete time:3.314018249511719e-05
delete time:4.363059997558594e-05
delete time:4.00543212890625e-05
delete time:4.291534423828125e-05
delete time:4.482269287109375e-05
delete time:4.76837158203125e-05
delete time:4.100799560546875e-05
delete time:5.078315734863281e-05
delete time:3.8623809814453125e-05
delete time:4.291534423828125e-05
delete time:1.811981201171875e-05
delete time:2.765655517578125e-05
delete time:4.9114227294921875e-05
delete time:3.0994415283203125e-05
delete time:4.315376281738281e-05
delete time:3.9577484130859375e-05
delete time:3.2901763916015625e-05
delete time:3.170967102050781e-05
delete time:6.127357482910156e-05
delete time:3.9577484130859375e-05
delete time:5.054473876953125e-05
delete time:2.4318695068359375e-05
delete time:4.863739013671875e-05
delete time:4.220008850097656e-05
delete time:3.528594970703125e-05
delete time:4.8160552978515625e-05
delete time:3.147125244140625e-05
delete time:3.0517578125e-05
delete time:2.2172927856445312e-05
delete time:3.5762786865234375e-05
delete time:2.5987625122070312e-05
delete time:2.5510787963867188e-05
delete time:4.482269287109375e-05
delete time:3.3855438232421875e-05
delete time:3.7670135498046875e-05
delete time:3.552436828613281e-05
delete time:3.4809112548828125e-05
delete time:4.100799560546875e-05
delete time:3.2901763916015625e-05
delete time:4.267692565917969e-05
delete time:3.0517578125e-05
delete time:5.7220458984375e-05
delete time:3.7670135498046875e-05
delete time:3.409385681152344e-05
delete time:1.9311904907226562e-05
delete time:4.076957702636719e-05
delete time:3.075599670410156e-05
delete time:2.0503997802734375e-05
delete time:3.361701965332031e-05
delete time:2.5510787963867188e-05
delete time:3.361701965332031e-05
delete time:3.170967102050781e-05
delete time:6.4849853515625e-05
delete time:3.337860107421875e-05
delete time:3.123283386230469e-05
delete time:3.457069396972656e-05
delete time:3.552436828613281e-05
delete time:2.6702880859375e-05
delete time:4.00543212890625e-05
delete time:4.57763671875e-05
delete time:6.246566772460938e-05
delete time:3.7670135498046875e-05
delete time:3.9577484130859375e-05
delete time:3.266334533691406e-05
delete time:3.2901763916015625e-05
delete time:5.459785461425781e-05
delete time:3.337860107421875e-05
delete time:6.270408630371094e-05
delete time:5.340576171875e-05
delete time:5.793571472167969e-05
delete time:3.790855407714844e-05
delete time:4.00543212890625e-05
delete time:5.030632019042969e-05
delete time:3.743171691894531e-05
delete time:4.029273986816406e-05
delete time:3.719329833984375e-05
delete time:3.814697265625e-05
delete time:3.409385681152344e-05
delete time:3.0517578125e-05
delete time:1.8835067749023438e-05
delete time:3.838539123535156e-05
delete time:4.7206878662109375e-05
delete time:3.24249267578125e-05
delete time:4.887580871582031e-05
delete time:3.337860107421875e-05
delete time:2.765655517578125e-05
delete time:2.9802322387695312e-05
delete time:2.86102294921875e-05
delete time:3.552436828613281e-05
delete time:2.193450927734375e-05
delete time:2.6226043701171875e-05
delete time:3.743171691894531e-05
delete time:2.8848648071289062e-05
delete time:2.2411346435546875e-05
delete time:3.0040740966796875e-05
delete time:2.86102294921875e-05
delete time:2.5272369384765625e-05
delete time:4.076957702636719e-05
delete time:4.1484832763671875e-05
delete time:3.5762786865234375e-05
delete time:4.220008850097656e-05
delete time:4.0531158447265625e-05
delete time:3.218650817871094e-05
delete time:3.719329833984375e-05
delete time:3.0279159545898438e-05
delete time:4.982948303222656e-05
delete time:3.3855438232421875e-05
delete time:2.09808349609375e-05
delete time:6.246566772460938e-05
delete time:3.4809112548828125e-05
delete time:2.7179718017578125e-05
delete time:2.5510787963867188e-05
delete time:2.5987625122070312e-05
delete time:3.790855407714844e-05
delete time:5.173683166503906e-05
delete time:2.574920654296875e-05
delete time:5.269050598144531e-05
delete time:3.0517578125e-05
delete time:6.771087646484375e-05
delete time:4.8160552978515625e-05
delete time:2.5987625122070312e-05
delete time:3.838539123535156e-05
delete time:5.173683166503906e-05
delete time:2.9325485229492188e-05
delete time:2.2172927856445312e-05
delete time:4.8160552978515625e-05
delete time:3.528594970703125e-05
delete time:3.528594970703125e-05
delete time:4.9591064453125e-05
delete time:4.863739013671875e-05
delete time:4.029273986816406e-05
delete time:3.647804260253906e-05
delete time:3.62396240234375e-05
delete time:2.5987625122070312e-05
delete time:4.649162292480469e-05
delete time:3.5762786865234375e-05
delete time:5.626678466796875e-05
delete time:2.2649765014648438e-05
delete time:3.910064697265625e-05
delete time:2.4557113647460938e-05
delete time:3.218650817871094e-05
delete time:2.956390380859375e-05
delete time:3.814697265625e-05
delete time:5.7697296142578125e-05
delete time:4.291534423828125e-05
delete time:4.029273986816406e-05
delete time:4.38690185546875e-05
delete time:2.09808349609375e-05
delete time:4.792213439941406e-05
delete time:4.4345855712890625e-05
delete time:2.1219253540039062e-05
delete time:5.5789947509765625e-05
delete time:3.337860107421875e-05
delete time:2.5033950805664062e-05
delete time:2.47955322265625e-05
delete time:2.7418136596679688e-05
delete time:3.1948089599609375e-05
delete time:3.0517578125e-05
delete time:4.100799560546875e-05
delete time:3.600120544433594e-05
delete time:4.029273986816406e-05
delete time:4.482269287109375e-05
delete time:2.193450927734375e-05
delete time:4.076957702636719e-05
delete time:4.100799560546875e-05
delete time:2.6464462280273438e-05
delete time:2.5987625122070312e-05
delete time:4.6253204345703125e-05
delete time:3.0994415283203125e-05
delete time:3.266334533691406e-05
delete time:3.933906555175781e-05
delete time:2.2411346435546875e-05
delete time:2.1457672119140625e-05
delete time:4.696846008300781e-05
delete time:2.6941299438476562e-05
delete time:3.528594970703125e-05
delete time:2.2649765014648438e-05
delete time:4.76837158203125e-05
delete time:2.002716064453125e-05
delete time:2.47955322265625e-05
delete time:4.100799560546875e-05
delete time:2.956390380859375e-05
delete time:3.647804260253906e-05
delete time:2.7418136596679688e-05
delete time:1.9311904907226562e-05
delete time:3.552436828613281e-05
delete time:2.765655517578125e-05
delete time:4.5299530029296875e-05
delete time:1.9311904907226562e-05
delete time:2.4557113647460938e-05
delete time:3.600120544433594e-05
delete time:4.9591064453125e-05
delete time:4.1484832763671875e-05
delete time:1.8835067749023438e-05
delete time:4.57763671875e-05
delete time:3.170967102050781e-05
delete time:1.9788742065429688e-05
delete time:2.8133392333984375e-05
delete time:2.6226043701171875e-05
delete time:3.123283386230469e-05
delete time:3.337860107421875e-05
delete time:3.933906555175781e-05
delete time:2.09808349609375e-05
delete time:1.6689300537109375e-05
delete time:3.6716461181640625e-05
delete time:3.743171691894531e-05
delete time:3.886222839355469e-05
delete time:4.1484832763671875e-05
delete time:3.552436828613281e-05
delete time:3.552436828613281e-05
delete time:3.218650817871094e-05
delete time:3.4809112548828125e-05
delete time:4.315376281738281e-05
delete time:4.172325134277344e-05
delete time:4.935264587402344e-05
delete time:2.2649765014648438e-05
delete time:6.580352783203125e-05
delete time:2.86102294921875e-05
delete time:3.1948089599609375e-05
delete time:3.790855407714844e-05
delete time:2.0503997802734375e-05
delete time:3.4332275390625e-05
delete time:1.9550323486328125e-05
delete time:5.173683166503906e-05
delete time:2.2649765014648438e-05
delete time:4.9114227294921875e-05
delete time:3.6716461181640625e-05
delete time:3.409385681152344e-05
delete time:3.2901763916015625e-05
delete time:4.8160552978515625e-05
delete time:2.7418136596679688e-05
delete time:4.6253204345703125e-05
delete time:3.123283386230469e-05
delete time:3.5762786865234375e-05
delete time:3.4332275390625e-05
delete time:4.9591064453125e-05
delete time:4.57763671875e-05
delete time:2.7179718017578125e-05
delete time:3.2901763916015625e-05
delete time:2.193450927734375e-05
delete time:2.9087066650390625e-05
delete time:2.7179718017578125e-05
delete time:1.71661376953125e-05
delete time:3.552436828613281e-05
delete time:4.124641418457031e-05
delete time:2.0742416381835938e-05
delete time:5.7220458984375e-05
delete time:4.553794860839844e-05
delete time:3.600120544433594e-05
delete time:2.6941299438476562e-05
delete time:5.626678466796875e-05
delete time:5.245208740234375e-05
delete time:4.744529724121094e-05
delete time:5.555152893066406e-05
delete time:2.765655517578125e-05
delete time:2.3126602172851562e-05
delete time:3.3855438232421875e-05
delete time:3.7670135498046875e-05
delete time:3.0994415283203125e-05
delete time:2.1219253540039062e-05
delete time:5.459785461425781e-05
delete time:4.6253204345703125e-05
delete time:3.504753112792969e-05
delete time:4.553794860839844e-05
delete time:4.4345855712890625e-05
delete time:4.76837158203125e-05
delete time:2.9087066650390625e-05
delete time:3.981590270996094e-05
delete time:3.814697265625e-05
delete time:3.3855438232421875e-05
delete time:3.0040740966796875e-05
delete time:3.0994415283203125e-05
delete time:2.8848648071289062e-05
delete time:3.314018249511719e-05
delete time:3.266334533691406e-05
delete time:2.5510787963867188e-05
delete time:3.266334533691406e-05
delete time:2.8133392333984375e-05
delete time:1.9073486328125e-05
delete time:3.3855438232421875e-05
delete time:3.314018249511719e-05
delete time:2.4557113647460938e-05
delete time:2.9802322387695312e-05
delete time:3.457069396972656e-05
delete time:3.409385681152344e-05
delete time:3.314018249511719e-05
delete time:4.649162292480469e-05
delete time:3.62396240234375e-05
delete time:5.2928924560546875e-05
delete time:2.8133392333984375e-05
delete time:4.2438507080078125e-05
delete time:3.62396240234375e-05
delete time:3.695487976074219e-05
delete time:2.384185791015625e-05
delete time:4.601478576660156e-05
delete time:5.14984130859375e-05
delete time:4.363059997558594e-05
delete time:2.6226043701171875e-05
delete time:3.838539123535156e-05
delete time:2.5033950805664062e-05
delete time:2.8133392333984375e-05
delete time:3.24249267578125e-05
delete time:2.574920654296875e-05
delete time:2.8371810913085938e-05
delete time:2.9087066650390625e-05
delete time:4.792213439941406e-05
delete time:3.838539123535156e-05
delete time:3.910064697265625e-05
delete time:3.981590270996094e-05
delete time:3.504753112792969e-05
delete time:2.6464462280273438e-05
delete time:4.8160552978515625e-05
delete time:2.9325485229492188e-05
delete time:3.075599670410156e-05
delete time:2.6941299438476562e-05
delete time:3.314018249511719e-05
delete time:2.8848648071289062e-05
delete time:3.3855438232421875e-05
delete time:2.9802322387695312e-05
delete time:4.363059997558594e-05
delete time:2.6941299438476562e-05
delete time:2.9325485229492188e-05
delete time:5.91278076171875e-05
delete time:4.601478576660156e-05
delete time:3.504753112792969e-05
delete time:4.172325134277344e-05
delete time:3.147125244140625e-05
delete time:3.7670135498046875e-05
delete time:4.38690185546875e-05
delete time:3.266334533691406e-05
delete time:3.886222839355469e-05
delete time:4.4345855712890625e-05
delete time:4.172325134277344e-05
delete time:3.814697265625e-05
delete time:1.9550323486328125e-05
delete time:4.6253204345703125e-05
delete time:2.4318695068359375e-05
delete time:3.6716461181640625e-05
delete time:2.47955322265625e-05
delete time:2.6702880859375e-05
delete time:5.221366882324219e-05
delete time:3.552436828613281e-05
delete time:2.4557113647460938e-05
delete time:3.2901763916015625e-05
delete time:3.62396240234375e-05
delete time:2.5510787963867188e-05
delete time:2.7894973754882812e-05
delete time:3.4809112548828125e-05
delete time:3.528594970703125e-05
delete time:2.6226043701171875e-05
delete time:3.647804260253906e-05
delete time:3.218650817871094e-05
delete time:2.4080276489257812e-05
delete time:1.7881393432617188e-05
delete time:3.6716461181640625e-05
delete time:3.719329833984375e-05
delete time:5.221366882324219e-05
delete time:4.00543212890625e-05
delete time:2.2172927856445312e-05
delete time:3.361701965332031e-05
delete time:3.1948089599609375e-05
delete time:3.075599670410156e-05
delete time:4.029273986816406e-05
delete time:2.9802322387695312e-05
delete time:3.933906555175781e-05
delete time:6.651878356933594e-05
delete time:5.459785461425781e-05
delete time:3.170967102050781e-05
delete time:4.601478576660156e-05
delete time:6.031990051269531e-05
delete time:2.8848648071289062e-05
delete time:2.1219253540039062e-05
delete time:2.193450927734375e-05
delete time:2.1696090698242188e-05
delete time:2.1696090698242188e-05
delete time:2.4318695068359375e-05
delete time:2.8371810913085938e-05
delete time:1.5974044799804688e-05
delete time:3.4332275390625e-05
delete time:2.1219253540039062e-05
delete time:2.956390380859375e-05
delete time:3.719329833984375e-05
delete time:2.9325485229492188e-05
delete time:3.24249267578125e-05
delete time:2.6702880859375e-05
delete time:3.552436828613281e-05
delete time:2.574920654296875e-05
delete time:2.86102294921875e-05
delete time:3.314018249511719e-05
delete time:2.193450927734375e-05
delete time:3.170967102050781e-05
delete time:3.314018249511719e-05
delete time:3.528594970703125e-05
delete time:3.0040740966796875e-05
delete time:3.361701965332031e-05
delete time:6.461143493652344e-05
delete time:5.340576171875e-05
delete time:2.4080276489257812e-05
delete time:2.7418136596679688e-05
delete time:3.695487976074219e-05
delete time:5.936622619628906e-05
delete time:6.413459777832031e-05
delete time:3.0517578125e-05
delete time:5.793571472167969e-05
delete time:3.62396240234375e-05
delete time:4.029273986816406e-05
delete time:1.7642974853515625e-05
delete time:3.0279159545898438e-05
delete time:2.6464462280273438e-05
delete time:3.5762786865234375e-05
delete time:3.2901763916015625e-05
delete time:3.886222839355469e-05
delete time:2.86102294921875e-05
delete time:2.384185791015625e-05
delete time:2.8848648071289062e-05
delete time:2.4557113647460938e-05
delete time:3.170967102050781e-05
delete time:4.100799560546875e-05
delete time:3.170967102050781e-05
delete time:3.981590270996094e-05
delete time:2.3365020751953125e-05
delete time:4.9591064453125e-05
delete time:3.4332275390625e-05
delete time:3.24249267578125e-05
delete time:2.5510787963867188e-05
delete time:3.4809112548828125e-05
delete time:2.9087066650390625e-05
delete time:2.956390380859375e-05
delete time:5.507469177246094e-05
delete time:5.316734313964844e-05
delete time:3.075599670410156e-05
delete time:4.1961669921875e-05
delete time:2.288818359375e-05
delete time:4.673004150390625e-05
delete time:3.600120544433594e-05
delete time:3.075599670410156e-05
delete time:5.269050598144531e-05
delete time:1.9788742065429688e-05
delete time:2.4318695068359375e-05
delete time:5.817413330078125e-05
delete time:3.981590270996094e-05
delete time:4.1961669921875e-05
delete time:4.9114227294921875e-05
delete time:2.4080276489257812e-05
delete time:2.5272369384765625e-05
delete time:4.1484832763671875e-05
delete time:2.5033950805664062e-05
delete time:3.457069396972656e-05
delete time:4.57763671875e-05
delete time:3.62396240234375e-05
delete time:5.0067901611328125e-05
delete time:6.747245788574219e-05
delete time:2.9325485229492188e-05
delete time:4.696846008300781e-05
delete time:5.269050598144531e-05
delete time:3.1948089599609375e-05
delete time:3.0517578125e-05
delete time:2.7894973754882812e-05
delete time:2.384185791015625e-05
delete time:2.5510787963867188e-05
delete time:3.170967102050781e-05
delete time:4.076957702636719e-05
delete time:2.2172927856445312e-05
delete time:2.5987625122070312e-05
delete time:3.9577484130859375e-05
delete time:3.4809112548828125e-05
delete time:2.3603439331054688e-05
delete time:2.8371810913085938e-05
delete time:2.1457672119140625e-05
delete time:1.8358230590820312e-05
delete time:3.62396240234375e-05
delete time:2.5987625122070312e-05
delete time:3.0040740966796875e-05
delete time:5.2928924560546875e-05
delete time:3.4332275390625e-05
delete time:5.1975250244140625e-05
delete time:4.291534423828125e-05
delete time:2.2172927856445312e-05
delete time:5.507469177246094e-05
delete time:3.62396240234375e-05
delete time:3.62396240234375e-05
delete time:2.6702880859375e-05
delete time:3.7670135498046875e-05
delete time:3.6716461181640625e-05
delete time:3.695487976074219e-05
delete time:3.647804260253906e-05
delete time:2.1457672119140625e-05
delete time:3.5762786865234375e-05
delete time:2.2649765014648438e-05
delete time:4.410743713378906e-05
delete time:5.459785461425781e-05
delete time:3.910064697265625e-05
delete time:3.719329833984375e-05
delete time:4.4345855712890625e-05
delete time:1.8835067749023438e-05
delete time:2.1696090698242188e-05
delete time:2.9325485229492188e-05
delete time:3.2901763916015625e-05
delete time:3.8623809814453125e-05
delete time:3.409385681152344e-05
delete time:4.076957702636719e-05
delete time:5.8650970458984375e-05
delete time:3.552436828613281e-05
delete time:3.4809112548828125e-05
delete time:2.002716064453125e-05
delete time:3.0040740966796875e-05
delete time:2.5510787963867188e-05
delete time:5.340576171875e-05
delete time:3.218650817871094e-05
delete time:3.552436828613281e-05
delete time:4.076957702636719e-05
delete time:5.2928924560546875e-05
delete time:2.47955322265625e-05
delete time:3.218650817871094e-05
delete time:3.0994415283203125e-05
delete time:2.3365020751953125e-05
delete time:3.790855407714844e-05
delete time:2.47955322265625e-05
delete time:2.4318695068359375e-05
delete time:5.1021575927734375e-05
delete time:2.765655517578125e-05
delete time:3.0517578125e-05
delete time:2.5510787963867188e-05
delete time:2.5510787963867188e-05
delete time:3.504753112792969e-05
delete time:2.5033950805664062e-05
delete time:2.9802322387695312e-05
delete time:3.647804260253906e-05
delete time:2.956390380859375e-05
delete time:3.337860107421875e-05
delete time:2.765655517578125e-05
delete time:5.1975250244140625e-05
delete time:2.7894973754882812e-05
delete time:3.7670135498046875e-05
delete time:3.2901763916015625e-05
delete time:1.9788742065429688e-05
delete time:4.76837158203125e-05
delete time:3.170967102050781e-05
delete time:3.075599670410156e-05
delete time:3.695487976074219e-05
delete time:3.314018249511719e-05
delete time:3.3855438232421875e-05
delete time:3.528594970703125e-05
delete time:4.935264587402344e-05
delete time:3.4809112548828125e-05
delete time:3.218650817871094e-05
delete time:2.86102294921875e-05
delete time:4.744529724121094e-05
delete time:2.6226043701171875e-05
delete time:4.506111145019531e-05
delete time:3.075599670410156e-05
delete time:4.673004150390625e-05
delete time:2.5272369384765625e-05
delete time:4.076957702636719e-05
delete time:2.2411346435546875e-05
delete time:3.790855407714844e-05
delete time:4.363059997558594e-05
delete time:3.838539123535156e-05
delete time:1.52587890625e-05
delete time:2.4318695068359375e-05
delete time:3.790855407714844e-05
delete time:6.008148193359375e-05
delete time:3.504753112792969e-05
delete time:3.838539123535156e-05
delete time:2.6226043701171875e-05
delete time:3.504753112792969e-05
delete time:1.811981201171875e-05
delete time:3.528594970703125e-05
delete time:5.841255187988281e-05
delete time:3.123283386230469e-05
delete time:3.1948089599609375e-05
delete time:3.0517578125e-05
delete time:3.8623809814453125e-05
delete time:3.170967102050781e-05
delete time:5.4836273193359375e-05
delete time:3.24249267578125e-05
delete time:4.267692565917969e-05
delete time:4.839897155761719e-05
delete time:3.1948089599609375e-05
delete time:3.123283386230469e-05
delete time:3.0040740966796875e-05
delete time:2.193450927734375e-05
delete time:1.9788742065429688e-05
delete time:3.62396240234375e-05
delete time:3.5762786865234375e-05
delete time:4.982948303222656e-05
delete time:2.47955322265625e-05
delete time:3.457069396972656e-05
delete time:3.7670135498046875e-05
delete time:5.984306335449219e-05
delete time:4.5299530029296875e-05
delete time:3.075599670410156e-05
delete time:2.2411346435546875e-05
delete time:2.4557113647460938e-05
delete time:3.910064697265625e-05
delete time:2.6464462280273438e-05
delete time:3.743171691894531e-05
delete time:2.5272369384765625e-05
delete time:2.2649765014648438e-05
delete time:5.984306335449219e-05
delete time:3.123283386230469e-05
delete time:5.054473876953125e-05
delete time:2.8848648071289062e-05
delete time:2.5033950805664062e-05
delete time:2.6226043701171875e-05
delete time:4.601478576660156e-05
delete time:2.3365020751953125e-05
delete time:2.4080276489257812e-05
delete time:3.409385681152344e-05
delete time:2.4318695068359375e-05
delete time:4.00543212890625e-05
delete time:3.0040740966796875e-05
delete time:2.8371810913085938e-05
delete time:3.719329833984375e-05
delete time:3.147125244140625e-05
delete time:2.4318695068359375e-05
delete time:2.2172927856445312e-05
delete time:3.457069396972656e-05
delete time:3.2901763916015625e-05
delete time:3.24249267578125e-05
delete time:3.409385681152344e-05
delete time:3.719329833984375e-05
delete time:2.5033950805664062e-05
delete time:3.170967102050781e-05
delete time:2.9325485229492188e-05
delete time:2.384185791015625e-05
delete time:4.9114227294921875e-05
delete time:3.337860107421875e-05
delete time:3.3855438232421875e-05
delete time:3.337860107421875e-05
delete time:2.0742416381835938e-05
delete time:3.123283386230469e-05
delete time:3.743171691894531e-05
delete time:2.6941299438476562e-05
delete time:2.7179718017578125e-05
delete time:2.3603439331054688e-05
delete time:2.193450927734375e-05
delete time:4.887580871582031e-05
delete time:4.458427429199219e-05
delete time:3.719329833984375e-05
delete time:2.193450927734375e-05
delete time:5.1975250244140625e-05
delete time:2.1696090698242188e-05
delete time:2.7179718017578125e-05
delete time:4.863739013671875e-05
delete time:2.5987625122070312e-05
delete time:4.315376281738281e-05
delete time:2.288818359375e-05
delete time:3.1948089599609375e-05
delete time:6.818771362304688e-05
delete time:3.409385681152344e-05
delete time:2.0742416381835938e-05
delete time:2.3603439331054688e-05
delete time:2.0503997802734375e-05
delete time:2.0265579223632812e-05
delete time:5.269050598144531e-05
delete time:3.552436828613281e-05
delete time:4.172325134277344e-05
delete time:5.1021575927734375e-05
delete time:3.719329833984375e-05
delete time:4.744529724121094e-05
delete time:4.124641418457031e-05
delete time:3.0279159545898438e-05
delete time:5.0067901611328125e-05
delete time:2.956390380859375e-05
delete time:2.8371810913085938e-05
delete time:3.218650817871094e-05
delete time:4.38690185546875e-05
delete time:3.075599670410156e-05
delete time:3.0517578125e-05
delete time:2.0742416381835938e-05
delete time:2.5272369384765625e-05
delete time:2.2411346435546875e-05
delete time:3.62396240234375e-05
delete time:3.719329833984375e-05
delete time:3.695487976074219e-05
delete time:3.695487976074219e-05
delete time:2.2411346435546875e-05
delete time:3.600120544433594e-05
delete time:2.6226043701171875e-05
delete time:2.86102294921875e-05
delete time:5.221366882324219e-05
delete time:3.147125244140625e-05
delete time:2.8371810913085938e-05
delete time:2.8133392333984375e-05
delete time:4.792213439941406e-05
delete time:3.2901763916015625e-05
delete time:2.3365020751953125e-05
delete time:2.765655517578125e-05
delete time:3.218650817871094e-05
delete time:4.9114227294921875e-05
delete time:4.9114227294921875e-05
delete time:4.935264587402344e-05
delete time:2.3603439331054688e-05
delete time:3.24249267578125e-05
delete time:4.363059997558594e-05
delete time:2.1696090698242188e-05
delete time:2.2411346435546875e-05
delete time:3.3855438232421875e-05
delete time:4.57763671875e-05
delete time:3.361701965332031e-05
delete time:3.2901763916015625e-05
delete time:1.9073486328125e-05
delete time:2.5510787963867188e-05
delete time:3.886222839355469e-05
delete time:3.9577484130859375e-05
delete time:2.7894973754882812e-05
delete time:3.0040740966796875e-05
delete time:4.887580871582031e-05
delete time:4.4345855712890625e-05
delete time:2.7179718017578125e-05
delete time:3.123283386230469e-05
delete time:2.6464462280273438e-05
delete time:2.09808349609375e-05
delete time:5.030632019042969e-05
delete time:2.9325485229492188e-05
delete time:1.8835067749023438e-05
delete time:4.2438507080078125e-05
delete time:2.3603439331054688e-05
delete time:4.6253204345703125e-05
delete time:3.3855438232421875e-05
delete time:2.8371810913085938e-05
delete time:3.5762786865234375e-05
delete time:4.839897155761719e-05
delete time:5.0067901611328125e-05
delete time:3.337860107421875e-05
delete time:3.123283386230469e-05
delete time:3.314018249511719e-05
delete time:3.504753112792969e-05
delete time:2.288818359375e-05
delete time:3.504753112792969e-05
delete time:2.9802322387695312e-05
delete time:5.626678466796875e-05
delete time:5.0067901611328125e-05
delete time:2.4318695068359375e-05
delete time:3.4809112548828125e-05
delete time:2.765655517578125e-05
delete time:4.2438507080078125e-05
delete time:6.318092346191406e-05
delete time:5.507469177246094e-05
delete time:2.7894973754882812e-05
delete time:3.504753112792969e-05
delete time:2.9802322387695312e-05
delete time:3.695487976074219e-05
delete time:3.504753112792969e-05
delete time:3.1948089599609375e-05
delete time:3.457069396972656e-05
delete time:2.2411346435546875e-05
delete time:3.647804260253906e-05
delete time:1.7881393432617188e-05
delete time:2.7894973754882812e-05
delete time:2.1457672119140625e-05
delete time:3.695487976074219e-05
delete time:1.5974044799804688e-05
delete time:3.0279159545898438e-05
delete time:3.4332275390625e-05
delete time:4.2438507080078125e-05
delete time:3.170967102050781e-05
delete time:4.076957702636719e-05
delete time:2.7418136596679688e-05
delete time:2.4318695068359375e-05
delete time:3.218650817871094e-05
delete time:3.337860107421875e-05
delete time:2.86102294921875e-05
delete time:3.552436828613281e-05
delete time:2.9325485229492188e-05
delete time:3.552436828613281e-05
delete time:3.457069396972656e-05
delete time:2.9087066650390625e-05
delete time:2.574920654296875e-05
delete time:2.956390380859375e-05
delete time:3.3855438232421875e-05
delete time:6.341934204101562e-05
delete time:3.5762786865234375e-05
delete time:3.266334533691406e-05
delete time:4.76837158203125e-05
delete time:3.719329833984375e-05
delete time:3.552436828613281e-05
delete time:2.6226043701171875e-05
delete time:2.7179718017578125e-05
delete time:3.170967102050781e-05
delete time:3.1948089599609375e-05
delete time:2.8371810913085938e-05
delete time:3.814697265625e-05
delete time:2.86102294921875e-05
delete time:3.504753112792969e-05
delete time:3.314018249511719e-05
delete time:2.1457672119140625e-05
delete time:3.528594970703125e-05
delete time:3.147125244140625e-05
delete time:5.316734313964844e-05
delete time:3.886222839355469e-05
delete time:3.5762786865234375e-05
delete time:3.743171691894531e-05
delete time:3.0040740966796875e-05
delete time:2.9325485229492188e-05
delete time:4.4345855712890625e-05
delete time:2.288818359375e-05
delete time:2.002716064453125e-05
delete time:3.218650817871094e-05
delete time:2.384185791015625e-05
delete time:3.1948089599609375e-05
delete time:3.647804260253906e-05
delete time:2.7894973754882812e-05
delete time:4.863739013671875e-05
delete time:4.792213439941406e-05
delete time:2.8371810913085938e-05
delete time:2.8133392333984375e-05
delete time:6.651878356933594e-05
delete time:4.6253204345703125e-05
delete time:5.1021575927734375e-05
delete time:2.956390380859375e-05
delete time:3.218650817871094e-05
delete time:2.7418136596679688e-05
delete time:4.744529724121094e-05
delete time:3.6716461181640625e-05
delete time:5.340576171875e-05
delete time:2.002716064453125e-05
delete time:3.409385681152344e-05
delete time:4.696846008300781e-05
delete time:3.24249267578125e-05
delete time:2.384185791015625e-05
delete time:4.935264587402344e-05
delete time:3.0040740966796875e-05
delete time:2.2649765014648438e-05
delete time:3.218650817871094e-05
delete time:3.3855438232421875e-05
delete time:4.0531158447265625e-05
delete time:2.6941299438476562e-05
delete time:2.193450927734375e-05
delete time:3.361701965332031e-05
delete time:4.57763671875e-05
delete time:4.76837158203125e-05
delete time:3.4332275390625e-05
delete time:2.193450927734375e-05
delete time:3.337860107421875e-05
delete time:3.2901763916015625e-05
delete time:2.765655517578125e-05
delete time:2.3126602172851562e-05
delete time:3.0279159545898438e-05
delete time:3.719329833984375e-05
delete time:2.0742416381835938e-05
delete time:3.838539123535156e-05
delete time:2.2172927856445312e-05
delete time:2.3603439331054688e-05
delete time:2.1696090698242188e-05
delete time:4.410743713378906e-05
delete time:5.173683166503906e-05
delete time:6.604194641113281e-05
delete time:2.6464462280273438e-05
delete time:2.3603439331054688e-05
delete time:2.956390380859375e-05
delete time:4.458427429199219e-05
delete time:2.7894973754882812e-05
delete time:3.695487976074219e-05
delete time:3.1948089599609375e-05
delete time:3.409385681152344e-05
delete time:2.9087066650390625e-05
delete time:3.1948089599609375e-05
delete time:4.57763671875e-05
delete time:3.075599670410156e-05
delete time:2.1696090698242188e-05
delete time:4.673004150390625e-05
delete time:3.3855438232421875e-05
delete time:3.266334533691406e-05
delete time:2.86102294921875e-05
delete time:5.125999450683594e-05
delete time:3.0279159545898438e-05
delete time:3.528594970703125e-05
delete time:5.412101745605469e-05
delete time:4.8160552978515625e-05
delete time:3.1948089599609375e-05
delete time:2.7894973754882812e-05
delete time:3.8623809814453125e-05
delete time:3.218650817871094e-05
delete time:3.600120544433594e-05
delete time:3.600120544433594e-05
delete time:2.0265579223632812e-05
delete time:3.123283386230469e-05
delete time:2.47955322265625e-05
delete time:2.3365020751953125e-05
delete time:2.9087066650390625e-05
delete time:2.956390380859375e-05
delete time:1.9788742065429688e-05
delete time:3.7670135498046875e-05
delete time:2.1219253540039062e-05
delete time:5.1021575927734375e-05
delete time:5.030632019042969e-05
delete time:2.5033950805664062e-05
delete time:2.8133392333984375e-05
delete time:4.482269287109375e-05
delete time:2.7894973754882812e-05
delete time:3.5762786865234375e-05
delete time:1.9550323486328125e-05
delete time:3.266334533691406e-05
delete time:3.337860107421875e-05
delete time:5.4836273193359375e-05
delete time:3.147125244140625e-05
delete time:2.5033950805664062e-05
delete time:5.269050598144531e-05
delete time:2.1219253540039062e-05
delete time:3.719329833984375e-05
delete time:2.3365020751953125e-05
delete time:2.2649765014648438e-05
delete time:3.4332275390625e-05
delete time:2.6941299438476562e-05
delete time:3.314018249511719e-05
delete time:3.647804260253906e-05
delete time:3.314018249511719e-05
delete time:3.24249267578125e-05
delete time:1.8358230590820312e-05
delete time:2.6226043701171875e-05
delete time:2.8133392333984375e-05
delete time:3.24249267578125e-05
delete time:4.029273986816406e-05
delete time:4.410743713378906e-05
delete time:3.2901763916015625e-05
delete time:2.4080276489257812e-05
delete time:6.508827209472656e-05
delete time:3.552436828613281e-05
delete time:2.9802322387695312e-05
delete time:3.647804260253906e-05
delete time:3.24249267578125e-05
delete time:2.09808349609375e-05
delete time:4.9114227294921875e-05
delete time:2.9325485229492188e-05
delete time:2.384185791015625e-05
delete time:3.0279159545898438e-05
delete time:2.9325485229492188e-05
delete time:1.9311904907226562e-05
delete time:4.482269287109375e-05
delete time:4.4345855712890625e-05
delete time:2.09808349609375e-05
delete time:3.600120544433594e-05
delete time:5.459785461425781e-05
delete time:3.981590270996094e-05
delete time:3.314018249511719e-05
delete time:5.316734313964844e-05
delete time:3.314018249511719e-05
delete time:3.552436828613281e-05
delete time:2.384185791015625e-05
delete time:3.6716461181640625e-05
delete time:2.765655517578125e-05
delete time:3.314018249511719e-05
delete time:2.288818359375e-05
delete time:3.075599670410156e-05
delete time:2.3365020751953125e-05
delete time:2.7179718017578125e-05
delete time:2.0742416381835938e-05
delete time:2.8371810913085938e-05
delete time:2.9802322387695312e-05
delete time:4.7206878662109375e-05
delete time:2.9087066650390625e-05
delete time:2.9802322387695312e-05
delete time:2.09808349609375e-05
delete time:2.4557113647460938e-05
delete time:4.839897155761719e-05
delete time:3.647804260253906e-05
delete time:2.3126602172851562e-05
delete time:6.246566772460938e-05
delete time:4.482269287109375e-05
delete time:2.0503997802734375e-05
delete time:2.8371810913085938e-05
delete time:3.170967102050781e-05
delete time:3.790855407714844e-05
delete time:1.9788742065429688e-05
delete time:1.9311904907226562e-05
delete time:2.9325485229492188e-05
delete time:2.7894973754882812e-05
delete time:2.0742416381835938e-05
delete time:1.9788742065429688e-05
delete time:5.245208740234375e-05
delete time:1.8835067749023438e-05
delete time:5.1975250244140625e-05
delete time:3.600120544433594e-05
delete time:3.337860107421875e-05
delete time:3.790855407714844e-05
delete time:2.193450927734375e-05
delete time:3.24249267578125e-05
delete time:3.361701965332031e-05
delete time:2.9802322387695312e-05
delete time:2.6702880859375e-05
delete time:4.887580871582031e-05
delete time:2.6702880859375e-05
delete time:1.9550323486328125e-05
delete time:2.8848648071289062e-05
delete time:5.412101745605469e-05
delete time:3.409385681152344e-05
delete time:3.0517578125e-05
delete time:2.6464462280273438e-05
delete time:2.0742416381835938e-05
delete time:4.9591064453125e-05
delete time:4.6253204345703125e-05
delete time:4.1961669921875e-05
delete time:1.8358230590820312e-05
delete time:3.62396240234375e-05
delete time:5.0067901611328125e-05
delete time:4.887580871582031e-05
delete time:3.314018249511719e-05
delete time:4.744529724121094e-05
delete time:3.147125244140625e-05
delete time:3.695487976074219e-05
delete time:2.86102294921875e-05
delete time:3.552436828613281e-05
delete time:2.0265579223632812e-05
delete time:3.719329833984375e-05
delete time:3.62396240234375e-05
delete time:2.7894973754882812e-05
delete time:1.621246337890625e-05
delete time:3.0517578125e-05
delete time:2.3126602172851562e-05
delete time:2.6702880859375e-05
delete time:3.2901763916015625e-05
delete time:5.412101745605469e-05
delete time:6.127357482910156e-05
delete time:5.698204040527344e-05
delete time:2.6941299438476562e-05
delete time:2.7179718017578125e-05
delete time:2.384185791015625e-05
delete time:3.123283386230469e-05
delete time:4.863739013671875e-05
delete time:5.269050598144531e-05
delete time:3.552436828613281e-05
delete time:3.62396240234375e-05
delete time:5.1021575927734375e-05
delete time:2.3126602172851562e-05
delete time:3.0279159545898438e-05
delete time:2.384185791015625e-05
delete time:3.457069396972656e-05
delete time:4.9591064453125e-05
delete time:2.6464462280273438e-05
delete time:2.7418136596679688e-05
delete time:2.2649765014648438e-05
delete time:3.337860107421875e-05
delete time:5.14984130859375e-05
delete time:4.792213439941406e-05
delete time:3.1948089599609375e-05
delete time:4.8160552978515625e-05
delete time:5.1021575927734375e-05
delete time:2.2172927856445312e-05
delete time:3.0994415283203125e-05
delete time:4.124641418457031e-05
delete time:2.9325485229492188e-05
delete time:3.0517578125e-05
delete time:2.2411346435546875e-05
delete time:2.4080276489257812e-05
delete time:3.62396240234375e-05
delete time:3.24249267578125e-05
delete time:4.38690185546875e-05
delete time:3.0040740966796875e-05
delete time:2.2411346435546875e-05
delete time:5.2928924560546875e-05
delete time:4.8160552978515625e-05
delete time:3.5762786865234375e-05
delete time:2.384185791015625e-05
delete time:2.765655517578125e-05
delete time:2.9325485229492188e-05
delete time:1.9550323486328125e-05
delete time:3.314018249511719e-05
delete time:3.2901763916015625e-05
delete time:3.147125244140625e-05
delete time:2.86102294921875e-05
delete time:5.2928924560546875e-05
delete time:3.0517578125e-05
delete time:2.5987625122070312e-05
delete time:5.221366882324219e-05
delete time:3.933906555175781e-05
delete time:4.9114227294921875e-05
delete time:4.863739013671875e-05
delete time:2.1219253540039062e-05
delete time:5.459785461425781e-05
delete time:3.2901763916015625e-05
delete time:2.956390380859375e-05
delete time:1.6927719116210938e-05
delete time:3.5762786865234375e-05
delete time:3.314018249511719e-05
delete time:3.528594970703125e-05
delete time:2.5987625122070312e-05
delete time:2.6941299438476562e-05
delete time:5.555152893066406e-05
delete time:4.673004150390625e-05
delete time:2.4318695068359375e-05
delete time:3.457069396972656e-05
delete time:2.5033950805664062e-05
delete time:2.7418136596679688e-05
delete time:4.00543212890625e-05
delete time:4.38690185546875e-05
delete time:2.3126602172851562e-05
delete time:3.314018249511719e-05
delete time:1.8358230590820312e-05
delete time:2.3365020751953125e-05
delete time:1.7881393432617188e-05
delete time:3.123283386230469e-05
delete time:1.7642974853515625e-05
delete time:2.9087066650390625e-05
delete time:4.744529724121094e-05
delete time:3.0040740966796875e-05
delete time:2.4318695068359375e-05
delete time:2.7179718017578125e-05
delete time:2.8848648071289062e-05
delete time:3.0279159545898438e-05
delete time:2.7418136596679688e-05
delete time:1.9073486328125e-05
delete time:4.76837158203125e-05
delete time:2.6941299438476562e-05
delete time:2.1219253540039062e-05
delete time:1.6689300537109375e-05
delete time:3.361701965332031e-05
delete time:2.765655517578125e-05
delete time:3.4809112548828125e-05
delete time:2.8371810913085938e-05
delete time:2.193450927734375e-05
delete time:4.839897155761719e-05
delete time:2.9802322387695312e-05
delete time:5.173683166503906e-05
delete time:3.4809112548828125e-05
delete time:3.504753112792969e-05
delete time:5.030632019042969e-05
delete time:2.5033950805664062e-05
delete time:4.291534423828125e-05
delete time:2.8133392333984375e-05
delete time:2.47955322265625e-05
delete time:2.384185791015625e-05
delete time:1.7404556274414062e-05
delete time:2.7894973754882812e-05
delete time:3.6716461181640625e-05
delete time:2.9325485229492188e-05
delete time:2.5987625122070312e-05
delete time:3.5762786865234375e-05
delete time:2.8371810913085938e-05
delete time:3.504753112792969e-05
delete time:2.9802322387695312e-05
delete time:2.6941299438476562e-05
delete time:5.364418029785156e-05
delete time:2.4318695068359375e-05
delete time:4.792213439941406e-05
delete time:2.9087066650390625e-05
delete time:2.6226043701171875e-05
delete time:5.269050598144531e-05
delete time:2.1457672119140625e-05
delete time:2.7894973754882812e-05
delete time:4.8160552978515625e-05
delete time:2.6464462280273438e-05
delete time:2.0503997802734375e-05
delete time:5.1975250244140625e-05
delete time:2.4318695068359375e-05
delete time:2.09808349609375e-05
delete time:3.600120544433594e-05
delete time:4.7206878662109375e-05
delete time:3.1948089599609375e-05
delete time:2.86102294921875e-05
delete time:2.002716064453125e-05
delete time:2.2411346435546875e-05
delete time:1.6927719116210938e-05
delete time:2.7418136596679688e-05
delete time:1.8835067749023438e-05
delete time:2.2172927856445312e-05
delete time:2.2411346435546875e-05
delete time:3.552436828613281e-05
delete time:2.6226043701171875e-05
delete time:2.0503997802734375e-05
delete time:2.765655517578125e-05
delete time:2.1219253540039062e-05
delete time:5.6743621826171875e-05
delete time:2.8371810913085938e-05
delete time:2.4557113647460938e-05
delete time:1.5497207641601562e-05
delete time:3.337860107421875e-05
delete time:3.314018249511719e-05
delete time:2.3126602172851562e-05
delete time:2.5033950805664062e-05
delete time:2.6941299438476562e-05
delete time:2.4557113647460938e-05
delete time:4.458427429199219e-05
delete time:4.9591064453125e-05
delete time:4.792213439941406e-05
delete time:2.002716064453125e-05
delete time:2.1696090698242188e-05
delete time:2.384185791015625e-05
delete time:2.7418136596679688e-05
delete time:4.5299530029296875e-05
delete time:2.3365020751953125e-05
delete time:2.2172927856445312e-05
delete time:3.504753112792969e-05
delete time:3.170967102050781e-05
delete time:2.288818359375e-05
delete time:3.6716461181640625e-05
delete time:4.982948303222656e-05
delete time:2.002716064453125e-05
delete time:2.0742416381835938e-05
delete time:1.9788742065429688e-05
delete time:2.2649765014648438e-05
delete time:3.600120544433594e-05
delete time:1.9788742065429688e-05
delete time:4.1961669921875e-05
delete time:5.1975250244140625e-05
delete time:2.384185791015625e-05
delete time:1.9311904907226562e-05
delete time:2.1457672119140625e-05
delete time:1.811981201171875e-05
delete time:2.5272369384765625e-05
delete time:1.8358230590820312e-05
delete time:3.5762786865234375e-05
delete time:3.218650817871094e-05
delete time:4.8160552978515625e-05
delete time:4.601478576660156e-05
delete time:1.6689300537109375e-05
delete time:2.1457672119140625e-05
delete time:2.6941299438476562e-05
delete time:2.0742416381835938e-05
delete time:5.078315734863281e-05
delete time:1.6927719116210938e-05
delete time:1.9073486328125e-05
delete time:5.4836273193359375e-05
delete time:2.6226043701171875e-05
delete time:3.170967102050781e-05
delete time:3.314018249511719e-05
delete time:5.5789947509765625e-05
delete time:2.7179718017578125e-05
delete time:1.7642974853515625e-05
delete time:2.2411346435546875e-05
delete time:1.8596649169921875e-05
delete time:3.457069396972656e-05
delete time:2.47955322265625e-05
delete time:1.5735626220703125e-05
delete time:3.0994415283203125e-05
delete time:1.6927719116210938e-05
delete time:3.3855438232421875e-05
delete time:3.314018249511719e-05
delete time:4.601478576660156e-05
delete time:3.5762786865234375e-05
delete time:4.410743713378906e-05
delete time:2.47955322265625e-05
delete time:5.1021575927734375e-05
delete time:4.863739013671875e-05
delete time:2.0503997802734375e-05
delete time:4.458427429199219e-05
delete time:4.3392181396484375e-05
delete time:3.4332275390625e-05
delete time:3.0994415283203125e-05
delete time:4.553794860839844e-05
delete time:4.839897155761719e-05
delete time:3.4332275390625e-05
delete time:4.839897155761719e-05
delete time:2.6941299438476562e-05
delete time:5.078315734863281e-05
delete time:2.5033950805664062e-05
delete time:2.288818359375e-05
delete time:4.601478576660156e-05
delete time:3.0040740966796875e-05
delete time:2.765655517578125e-05
delete time:2.8848648071289062e-05
delete time:2.0742416381835938e-05
delete time:3.886222839355469e-05
delete time:2.5987625122070312e-05
delete time:2.9087066650390625e-05
delete time:2.956390380859375e-05
delete time:6.246566772460938e-05
delete time:1.9788742065429688e-05
delete time:1.5735626220703125e-05
delete time:4.696846008300781e-05
delete time:4.315376281738281e-05
delete time:6.222724914550781e-05
delete time:4.124641418457031e-05
delete time:2.8133392333984375e-05
delete time:3.2901763916015625e-05
delete time:4.8160552978515625e-05
delete time:2.6226043701171875e-05
delete time:3.1948089599609375e-05
delete time:3.743171691894531e-05
delete time:5.054473876953125e-05
delete time:2.8371810913085938e-05
delete time:1.5497207641601562e-05
delete time:4.4345855712890625e-05
delete time:2.574920654296875e-05
delete time:3.314018249511719e-05
delete time:4.38690185546875e-05
delete time:3.170967102050781e-05
delete time:5.3882598876953125e-05
delete time:3.743171691894531e-05
delete time:4.4345855712890625e-05
delete time:3.552436828613281e-05
delete time:4.315376281738281e-05
delete time:3.0040740966796875e-05
delete time:4.076957702636719e-05
delete time:3.981590270996094e-05
delete time:2.7179718017578125e-05
delete time:4.7206878662109375e-05
delete time:2.4557113647460938e-05
delete time:5.269050598144531e-05
delete time:5.3882598876953125e-05
delete time:2.47955322265625e-05
delete time:3.790855407714844e-05
delete time:3.838539123535156e-05
delete time:5.245208740234375e-05
delete time:2.5510787963867188e-05
delete time:3.0040740966796875e-05
delete time:5.245208740234375e-05
delete time:2.765655517578125e-05
delete time:2.5033950805664062e-05
delete time:3.0994415283203125e-05
delete time:2.9325485229492188e-05
delete time:3.409385681152344e-05
delete time:4.267692565917969e-05
delete time:3.4809112548828125e-05
delete time:3.6716461181640625e-05
delete time:3.814697265625e-05
delete time:3.5762786865234375e-05
delete time:1.621246337890625e-05
delete time:2.86102294921875e-05
delete time:4.00543212890625e-05
delete time:2.9325485229492188e-05
delete time:3.5762786865234375e-05
delete time:4.935264587402344e-05
delete time:4.172325134277344e-05
delete time:2.7894973754882812e-05
delete time:2.8133392333984375e-05
delete time:4.124641418457031e-05
delete time:2.5510787963867188e-05
delete time:4.267692565917969e-05
delete time:2.002716064453125e-05
delete time:2.7894973754882812e-05
delete time:2.3365020751953125e-05
delete time:3.0040740966796875e-05
delete time:2.2649765014648438e-05
delete time:3.314018249511719e-05
delete time:3.0279159545898438e-05
delete time:4.458427429199219e-05
delete time:2.7418136596679688e-05
delete time:1.430511474609375e-05
delete time:3.0994415283203125e-05
delete time:6.031990051269531e-05
delete time:2.7179718017578125e-05
delete time:3.361701965332031e-05
delete time:2.9802322387695312e-05
delete time:4.410743713378906e-05
delete time:4.887580871582031e-05
delete time:3.743171691894531e-05
delete time:4.5299530029296875e-05
delete time:3.3855438232421875e-05
delete time:3.123283386230469e-05
delete time:2.6941299438476562e-05
delete time:2.86102294921875e-05
delete time:3.0517578125e-05
delete time:3.552436828613281e-05
delete time:2.7418136596679688e-05
delete time:4.5299530029296875e-05
delete time:3.838539123535156e-05
delete time:3.7670135498046875e-05
delete time:2.7179718017578125e-05
delete time:2.4080276489257812e-05
delete time:3.719329833984375e-05
delete time:2.765655517578125e-05
delete time:2.6464462280273438e-05
delete time:3.5762786865234375e-05
delete time:2.9325485229492188e-05
delete time:3.838539123535156e-05
delete time:2.5510787963867188e-05
delete time:3.743171691894531e-05
delete time:3.6716461181640625e-05
delete time:4.410743713378906e-05
delete time:2.6702880859375e-05
delete time:3.0279159545898438e-05
delete time:2.765655517578125e-05
delete time:5.078315734863281e-05
delete time:3.4809112548828125e-05
delete time:4.982948303222656e-05
delete time:3.457069396972656e-05
delete time:3.552436828613281e-05
delete time:2.6464462280273438e-05
delete time:3.123283386230469e-05
delete time:4.1484832763671875e-05
delete time:3.075599670410156e-05
delete time:4.1484832763671875e-05
delete time:4.100799560546875e-05
delete time:2.8371810913085938e-05
delete time:4.291534423828125e-05
delete time:3.7670135498046875e-05
delete time:3.075599670410156e-05
delete time:2.5510787963867188e-05
delete time:3.0040740966796875e-05
delete time:3.4332275390625e-05
delete time:2.8848648071289062e-05
delete time:3.647804260253906e-05
delete time:3.6716461181640625e-05
delete time:0.00011396408081054688
delete time:5.745887756347656e-05
delete time:5.0067901611328125e-05
delete time:3.075599670410156e-05
delete time:2.7418136596679688e-05
delete time:5.555152893066406e-05
delete time:3.886222839355469e-05
delete time:2.86102294921875e-05
delete time:4.315376281738281e-05
delete time:3.2901763916015625e-05
delete time:4.076957702636719e-05
delete time:3.0279159545898438e-05
delete time:4.482269287109375e-05
delete time:1.4066696166992188e-05
delete time:3.933906555175781e-05
delete time:3.4809112548828125e-05
delete time:3.0279159545898438e-05
delete time:5.745887756347656e-05
delete time:4.1961669921875e-05
delete time:3.337860107421875e-05
delete time:3.361701965332031e-05
delete time:3.62396240234375e-05
delete time:4.553794860839844e-05
delete time:1.9311904907226562e-05
delete time:2.7179718017578125e-05
delete time:2.47955322265625e-05
delete time:3.218650817871094e-05
delete time:4.410743713378906e-05
delete time:2.1696090698242188e-05
delete time:2.4080276489257812e-05
delete time:3.0040740966796875e-05
delete time:3.123283386230469e-05
delete time:3.314018249511719e-05
delete time:3.814697265625e-05
delete time:3.266334533691406e-05
delete time:3.504753112792969e-05
delete time:3.5762786865234375e-05
delete time:2.8133392333984375e-05
delete time:5.14984130859375e-05
delete time:3.0040740966796875e-05
delete time:2.8133392333984375e-05
delete time:2.4557113647460938e-05
delete time:2.5033950805664062e-05
delete time:3.170967102050781e-05
delete time:3.457069396972656e-05
delete time:3.123283386230469e-05
delete time:2.5510787963867188e-05
delete time:3.5762786865234375e-05
delete time:5.221366882324219e-05
delete time:5.0067901611328125e-05
delete time:2.2411346435546875e-05
delete time:5.14984130859375e-05
delete time:3.743171691894531e-05
delete time:3.5762786865234375e-05
delete time:3.62396240234375e-05
delete time:3.2901763916015625e-05
delete time:2.288818359375e-05
delete time:4.57763671875e-05
delete time:3.0994415283203125e-05
delete time:3.9577484130859375e-05
delete time:2.7894973754882812e-05
delete time:2.9802322387695312e-05
delete time:2.9325485229492188e-05
delete time:3.4332275390625e-05
delete time:4.291534423828125e-05
delete time:3.8623809814453125e-05
delete time:3.170967102050781e-05
delete time:2.9802322387695312e-05
delete time:3.600120544433594e-05
delete time:4.100799560546875e-05
delete time:3.504753112792969e-05
delete time:3.0279159545898438e-05
delete time:2.4557113647460938e-05
delete time:2.9087066650390625e-05
delete time:2.6941299438476562e-05
delete time:3.409385681152344e-05
delete time:3.719329833984375e-05
delete time:3.2901763916015625e-05
delete time:3.337860107421875e-05
delete time:2.193450927734375e-05
delete time:2.6226043701171875e-05
delete time:4.00543212890625e-05
delete time:2.4080276489257812e-05
delete time:2.47955322265625e-05
delete time:3.7670135498046875e-05
delete time:3.647804260253906e-05
delete time:5.507469177246094e-05
delete time:2.6464462280273438e-05
delete time:3.933906555175781e-05
delete time:3.337860107421875e-05
delete time:2.3603439331054688e-05
delete time:4.38690185546875e-05
delete time:3.981590270996094e-05
delete time:3.123283386230469e-05
delete time:3.814697265625e-05
delete time:2.1696090698242188e-05
delete time:4.267692565917969e-05
delete time:2.7179718017578125e-05
delete time:5.125999450683594e-05
delete time:2.6226043701171875e-05
delete time:5.221366882324219e-05
delete time:4.315376281738281e-05
delete time:5.2928924560546875e-05
delete time:3.1948089599609375e-05
delete time:2.5510787963867188e-05
delete time:4.673004150390625e-05
delete time:3.409385681152344e-05
delete time:2.8371810913085938e-05
delete time:3.314018249511719e-05
delete time:4.7206878662109375e-05
delete time:5.1021575927734375e-05
delete time:2.6702880859375e-05
delete time:4.363059997558594e-05
delete time:3.5762786865234375e-05
delete time:4.172325134277344e-05
delete time:2.4318695068359375e-05
delete time:2.7894973754882812e-05
delete time:3.3855438232421875e-05
delete time:3.600120544433594e-05
delete time:4.267692565917969e-05
delete time:4.38690185546875e-05
delete time:2.3365020751953125e-05
delete time:3.457069396972656e-05
delete time:3.552436828613281e-05
delete time:2.6941299438476562e-05
delete time:3.3855438232421875e-05
delete time:3.743171691894531e-05
delete time:3.62396240234375e-05
delete time:3.0279159545898438e-05
delete time:4.124641418457031e-05
delete time:3.0994415283203125e-05
delete time:3.4332275390625e-05
delete time:2.5510787963867188e-05
delete time:3.600120544433594e-05
delete time:3.600120544433594e-05
delete time:4.935264587402344e-05
delete time:4.00543212890625e-05
delete time:4.506111145019531e-05
delete time:4.38690185546875e-05
delete time:2.2649765014648438e-05
delete time:4.2438507080078125e-05
delete time:3.3855438232421875e-05
delete time:3.886222839355469e-05
delete time:3.147125244140625e-05
delete time:2.3365020751953125e-05
delete time:2.8848648071289062e-05
delete time:3.337860107421875e-05
delete time:5.459785461425781e-05
delete time:3.3855438232421875e-05
delete time:2.574920654296875e-05
delete time:2.6464462280273438e-05
delete time:3.4332275390625e-05
delete time:2.9325485229492188e-05
delete time:3.695487976074219e-05
delete time:3.814697265625e-05
delete time:3.0517578125e-05
delete time:5.53131103515625e-05
delete time:2.384185791015625e-05
delete time:1.9550323486328125e-05
delete time:3.552436828613281e-05
delete time:4.1961669921875e-05
delete time:3.218650817871094e-05
delete time:4.410743713378906e-05
delete time:3.4332275390625e-05
delete time:3.719329833984375e-05
delete time:2.47955322265625e-05
delete time:2.5033950805664062e-05
delete time:3.504753112792969e-05
delete time:2.4080276489257812e-05
delete time:0.00035190582275390625
delete time:0.0001087188720703125
delete time:0.00011682510375976562
delete time:5.841255187988281e-05
delete time:8.606910705566406e-05
delete time:0.00013756752014160156
delete time:0.00010156631469726562
delete time:6.771087646484375e-05
delete time:9.775161743164062e-05
delete time:4.291534423828125e-05
delete time:0.00012302398681640625
delete time:6.890296936035156e-05
delete time:5.650520324707031e-05
delete time:6.198883056640625e-05
delete time:6.198883056640625e-05
delete time:5.3882598876953125e-05
delete time:4.601478576660156e-05
delete time:9.560585021972656e-05
delete time:0.0001201629638671875
delete time:6.127357482910156e-05
delete time:6.270408630371094e-05
delete time:6.604194641113281e-05
delete time:5.936622619628906e-05
delete time:6.198883056640625e-05
delete time:6.794929504394531e-05
delete time:3.981590270996094e-05
delete time:9.679794311523438e-05
delete time:2.6702880859375e-05
delete time:0.00010824203491210938
delete time:5.9604644775390625e-05
delete time:7.796287536621094e-05
delete time:3.147125244140625e-05
delete time:4.649162292480469e-05
delete time:3.933906555175781e-05
delete time:4.935264587402344e-05
delete time:3.147125244140625e-05
delete time:6.508827209472656e-05
delete time:6.914138793945312e-05
delete time:2.956390380859375e-05
delete time:5.53131103515625e-05
delete time:2.7418136596679688e-05
delete time:4.553794860839844e-05
delete time:4.029273986816406e-05
delete time:2.956390380859375e-05
delete time:4.38690185546875e-05
delete time:3.8623809814453125e-05
delete time:3.8623809814453125e-05
delete time:4.9114227294921875e-05
delete time:4.2438507080078125e-05
delete time:3.743171691894531e-05
delete time:6.151199340820312e-05
delete time:6.103515625e-05
delete time:7.319450378417969e-05
delete time:3.910064697265625e-05
delete time:2.8848648071289062e-05
delete time:5.030632019042969e-05
delete time:6.508827209472656e-05
delete time:4.9114227294921875e-05
delete time:4.38690185546875e-05
delete time:4.887580871582031e-05
delete time:3.528594970703125e-05
delete time:6.67572021484375e-05
delete time:3.743171691894531e-05
delete time:4.792213439941406e-05
delete time:3.314018249511719e-05
delete time:3.314018249511719e-05
delete time:4.8160552978515625e-05
delete time:4.553794860839844e-05
delete time:4.1961669921875e-05
delete time:4.3392181396484375e-05
delete time:8.869171142578125e-05
delete time:3.743171691894531e-05
delete time:3.0994415283203125e-05
delete time:4.696846008300781e-05
delete time:6.175041198730469e-05
delete time:4.506111145019531e-05
delete time:2.1696090698242188e-05
delete time:3.4332275390625e-05
delete time:6.556510925292969e-05
delete time:5.173683166503906e-05
delete time:5.125999450683594e-05
delete time:3.337860107421875e-05
delete time:4.5299530029296875e-05
delete time:3.600120544433594e-05
delete time:5.3882598876953125e-05
delete time:3.814697265625e-05
delete time:3.6716461181640625e-05
delete time:3.9577484130859375e-05
delete time:3.528594970703125e-05
delete time:3.552436828613281e-05
delete time:3.504753112792969e-05
delete time:3.314018249511719e-05
delete time:4.315376281738281e-05
delete time:3.62396240234375e-05
delete time:5.459785461425781e-05
delete time:5.91278076171875e-05
delete time:4.4345855712890625e-05
delete time:5.269050598144531e-05
delete time:3.409385681152344e-05
delete time:3.4809112548828125e-05
delete time:5.6743621826171875e-05
delete time:2.4318695068359375e-05
delete time:3.552436828613281e-05
delete time:3.6716461181640625e-05
delete time:3.695487976074219e-05
delete time:3.1948089599609375e-05
delete time:3.933906555175781e-05
delete time:5.602836608886719e-05
delete time:4.076957702636719e-05
delete time:3.528594970703125e-05
delete time:3.981590270996094e-05
delete time:3.504753112792969e-05
delete time:4.291534423828125e-05
delete time:6.532669067382812e-05
delete time:3.6716461181640625e-05
delete time:4.1961669921875e-05
delete time:2.4318695068359375e-05
delete time:4.410743713378906e-05
delete time:3.647804260253906e-05
delete time:2.3126602172851562e-05
delete time:4.100799560546875e-05
delete time:5.6743621826171875e-05
delete time:6.67572021484375e-05
delete time:2.6464462280273438e-05
delete time:4.38690185546875e-05
delete time:3.361701965332031e-05
delete time:5.173683166503906e-05
delete time:2.4080276489257812e-05
delete time:2.9325485229492188e-05
delete time:4.696846008300781e-05
delete time:3.075599670410156e-05
delete time:3.8623809814453125e-05
delete time:3.147125244140625e-05
delete time:4.172325134277344e-05
delete time:4.7206878662109375e-05
delete time:4.1484832763671875e-05
delete time:8.153915405273438e-05
delete time:4.363059997558594e-05
delete time:3.266334533691406e-05
delete time:3.838539123535156e-05
delete time:5.5789947509765625e-05
delete time:4.696846008300781e-05
delete time:5.2928924560546875e-05
delete time:3.743171691894531e-05
delete time:3.24249267578125e-05
delete time:2.6464462280273438e-05
delete time:3.814697265625e-05
delete time:2.7179718017578125e-05
delete time:5.054473876953125e-05
delete time:6.389617919921875e-05
delete time:2.8371810913085938e-05
delete time:3.337860107421875e-05
delete time:3.719329833984375e-05
delete time:4.029273986816406e-05
delete time:2.765655517578125e-05
delete time:7.033348083496094e-05
delete time:3.8623809814453125e-05
delete time:4.601478576660156e-05
delete time:3.147125244140625e-05
delete time:3.5762786865234375e-05
delete time:3.9577484130859375e-05
delete time:3.528594970703125e-05
delete time:3.1948089599609375e-05
delete time:3.8623809814453125e-05
delete time:3.62396240234375e-05
delete time:3.886222839355469e-05
delete time:4.029273986816406e-05
delete time:3.4332275390625e-05
delete time:6.723403930664062e-05
delete time:2.1457672119140625e-05
delete time:3.743171691894531e-05
delete time:4.9591064453125e-05
delete time:3.314018249511719e-05
delete time:7.200241088867188e-05
delete time:2.574920654296875e-05
delete time:3.719329833984375e-05
delete time:3.647804260253906e-05
delete time:2.9802322387695312e-05
delete time:4.0531158447265625e-05
delete time:4.6253204345703125e-05
delete time:3.4332275390625e-05
delete time:4.1961669921875e-05
delete time:3.695487976074219e-05
delete time:5.0067901611328125e-05
delete time:3.719329833984375e-05
delete time:3.814697265625e-05
delete time:2.7418136596679688e-05
delete time:5.269050598144531e-05
delete time:5.0067901611328125e-05
delete time:2.2411346435546875e-05
delete time:4.458427429199219e-05
delete time:3.075599670410156e-05
delete time:5.2928924560546875e-05
delete time:4.076957702636719e-05
delete time:3.8623809814453125e-05
delete time:2.47955322265625e-05
delete time:4.982948303222656e-05
delete time:4.38690185546875e-05
delete time:2.9325485229492188e-05
delete time:3.0517578125e-05
delete time:2.47955322265625e-05
delete time:2.193450927734375e-05
delete time:3.4332275390625e-05
delete time:3.790855407714844e-05
delete time:2.6941299438476562e-05
delete time:2.1696090698242188e-05
delete time:2.9087066650390625e-05
delete time:4.8160552978515625e-05
delete time:5.173683166503906e-05
delete time:3.266334533691406e-05
delete time:2.5033950805664062e-05
delete time:2.8848648071289062e-05
delete time:3.123283386230469e-05
delete time:3.170967102050781e-05
delete time:3.2901763916015625e-05
delete time:2.4557113647460938e-05
delete time:3.838539123535156e-05
delete time:3.790855407714844e-05
delete time:3.123283386230469e-05
delete time:3.4809112548828125e-05
delete time:2.8371810913085938e-05
delete time:5.030632019042969e-05
delete time:3.3855438232421875e-05
delete time:3.123283386230469e-05
delete time:3.6716461181640625e-05
delete time:4.172325134277344e-05
delete time:3.695487976074219e-05
delete time:3.790855407714844e-05
delete time:4.935264587402344e-05
delete time:3.0279159545898438e-05
delete time:5.125999450683594e-05
delete time:4.673004150390625e-05
delete time:6.079673767089844e-05
delete time:3.24249267578125e-05
delete time:2.47955322265625e-05
delete time:2.5272369384765625e-05
delete time:4.673004150390625e-05
delete time:2.9087066650390625e-05
delete time:2.86102294921875e-05
delete time:3.218650817871094e-05
delete time:3.695487976074219e-05
delete time:3.314018249511719e-05
delete time:4.6253204345703125e-05
delete time:2.8371810913085938e-05
delete time:4.673004150390625e-05
delete time:4.863739013671875e-05
delete time:3.123283386230469e-05
delete time:3.886222839355469e-05
delete time:3.528594970703125e-05
delete time:3.0279159545898438e-05
delete time:3.0040740966796875e-05
delete time:4.887580871582031e-05
delete time:4.315376281738281e-05
delete time:3.337860107421875e-05
delete time:2.6464462280273438e-05
delete time:3.933906555175781e-05
delete time:3.457069396972656e-05
delete time:4.1961669921875e-05
delete time:3.5762786865234375e-05
delete time:3.504753112792969e-05
delete time:3.719329833984375e-05
delete time:4.267692565917969e-05
delete time:3.075599670410156e-05
delete time:4.410743713378906e-05
delete time:3.2901763916015625e-05
delete time:2.7418136596679688e-05
delete time:4.1484832763671875e-05
delete time:3.170967102050781e-05
delete time:2.8371810913085938e-05
delete time:2.8848648071289062e-05
delete time:2.2172927856445312e-05
delete time:3.3855438232421875e-05
delete time:3.218650817871094e-05
delete time:3.337860107421875e-05
delete time:3.314018249511719e-05
delete time:3.457069396972656e-05
delete time:3.266334533691406e-05
delete time:2.9087066650390625e-05
delete time:2.5987625122070312e-05
delete time:3.361701965332031e-05
delete time:4.887580871582031e-05
delete time:3.0040740966796875e-05
delete time:3.075599670410156e-05
delete time:2.3603439331054688e-05
delete time:3.361701965332031e-05
delete time:3.790855407714844e-05
delete time:3.457069396972656e-05
delete time:3.0994415283203125e-05
delete time:4.7206878662109375e-05
delete time:4.315376281738281e-05
delete time:2.4318695068359375e-05
delete time:4.792213439941406e-05
delete time:3.504753112792969e-05
delete time:3.24249267578125e-05
delete time:4.8160552978515625e-05
delete time:3.4332275390625e-05
delete time:3.6716461181640625e-05
delete time:2.3365020751953125e-05
delete time:2.765655517578125e-05
delete time:2.8371810913085938e-05
delete time:3.5762786865234375e-05
delete time:5.173683166503906e-05
delete time:2.2411346435546875e-05
delete time:2.5987625122070312e-05
delete time:2.765655517578125e-05
delete time:3.266334533691406e-05
delete time:4.649162292480469e-05
delete time:3.266334533691406e-05
delete time:2.6702880859375e-05
delete time:3.981590270996094e-05
delete time:5.698204040527344e-05
delete time:4.76837158203125e-05
delete time:2.9087066650390625e-05
delete time:2.5987625122070312e-05
delete time:3.790855407714844e-05
delete time:3.528594970703125e-05
delete time:3.409385681152344e-05
delete time:3.1948089599609375e-05
delete time:4.696846008300781e-05
delete time:4.792213439941406e-05
delete time:3.647804260253906e-05
delete time:2.5033950805664062e-05
delete time:3.886222839355469e-05
delete time:3.361701965332031e-05
delete time:3.2901763916015625e-05
delete time:2.1219253540039062e-05
delete time:2.47955322265625e-05
delete time:3.337860107421875e-05
delete time:2.6941299438476562e-05
delete time:2.3365020751953125e-05
delete time:3.123283386230469e-05
delete time:3.075599670410156e-05
delete time:2.86102294921875e-05
delete time:5.054473876953125e-05
delete time:3.361701965332031e-05
delete time:4.839897155761719e-05
delete time:2.7418136596679688e-05
delete time:3.24249267578125e-05
delete time:3.504753112792969e-05
delete time:3.647804260253906e-05
delete time:5.030632019042969e-05
delete time:2.0742416381835938e-05
delete time:3.147125244140625e-05
delete time:2.6464462280273438e-05
delete time:2.956390380859375e-05
delete time:3.218650817871094e-05
delete time:4.410743713378906e-05
delete time:2.7894973754882812e-05
delete time:3.838539123535156e-05
delete time:2.7418136596679688e-05
delete time:4.029273986816406e-05
delete time:2.2649765014648438e-05
delete time:2.4557113647460938e-05
delete time:3.62396240234375e-05
delete time:4.673004150390625e-05
delete time:3.314018249511719e-05
delete time:3.0040740966796875e-05
delete time:3.337860107421875e-05
delete time:3.981590270996094e-05
delete time:2.9087066650390625e-05
delete time:5.412101745605469e-05
delete time:3.910064697265625e-05
delete time:2.86102294921875e-05
delete time:4.220008850097656e-05
delete time:3.170967102050781e-05
delete time:3.5762786865234375e-05
delete time:3.528594970703125e-05
delete time:2.4557113647460938e-05
delete time:3.314018249511719e-05
delete time:4.935264587402344e-05
delete time:4.00543212890625e-05
delete time:2.5033950805664062e-05
delete time:2.9087066650390625e-05
delete time:2.3603439331054688e-05
delete time:4.124641418457031e-05
delete time:3.337860107421875e-05
delete time:3.7670135498046875e-05
delete time:4.267692565917969e-05
delete time:2.288818359375e-05
delete time:4.696846008300781e-05
delete time:4.601478576660156e-05
delete time:3.1948089599609375e-05
delete time:2.8848648071289062e-05
delete time:2.5510787963867188e-05
delete time:4.76837158203125e-05
delete time:3.910064697265625e-05
delete time:3.0994415283203125e-05
delete time:4.982948303222656e-05
delete time:4.38690185546875e-05
delete time:3.647804260253906e-05
delete time:4.6253204345703125e-05
delete time:3.218650817871094e-05
delete time:4.57763671875e-05
delete time:3.6716461181640625e-05
delete time:4.38690185546875e-05
delete time:2.6464462280273438e-05
delete time:4.9114227294921875e-05
delete time:5.269050598144531e-05
delete time:3.361701965332031e-05
delete time:3.266334533691406e-05
delete time:2.765655517578125e-05
delete time:3.9577484130859375e-05
delete time:4.9591064453125e-05
delete time:3.24249267578125e-05
delete time:5.1021575927734375e-05
delete time:2.4557113647460938e-05
delete time:3.838539123535156e-05
delete time:4.3392181396484375e-05
delete time:2.9087066650390625e-05
delete time:3.7670135498046875e-05
delete time:3.170967102050781e-05
delete time:2.5272369384765625e-05
delete time:2.765655517578125e-05
delete time:5.435943603515625e-05
delete time:3.361701965332031e-05
delete time:2.2649765014648438e-05
delete time:2.7179718017578125e-05
delete time:2.8133392333984375e-05
delete time:5.8650970458984375e-05
delete time:3.409385681152344e-05
delete time:2.3126602172851562e-05
delete time:2.8848648071289062e-05
delete time:4.649162292480469e-05
delete time:3.4332275390625e-05
delete time:3.910064697265625e-05
delete time:3.0279159545898438e-05
delete time:2.6702880859375e-05
delete time:4.76837158203125e-05
delete time:2.5510787963867188e-05
delete time:2.5510787963867188e-05
delete time:2.384185791015625e-05
delete time:3.123283386230469e-05
delete time:4.982948303222656e-05
delete time:4.1961669921875e-05
delete time:2.956390380859375e-05
delete time:4.1961669921875e-05
delete time:3.170967102050781e-05
delete time:4.982948303222656e-05
delete time:5.3882598876953125e-05
delete time:3.62396240234375e-05
delete time:3.981590270996094e-05
delete time:4.553794860839844e-05
delete time:3.24249267578125e-05
delete time:2.8371810913085938e-05
delete time:2.5510787963867188e-05
delete time:4.839897155761719e-05
delete time:4.076957702636719e-05
delete time:2.5987625122070312e-05
delete time:4.601478576660156e-05
delete time:2.8848648071289062e-05
delete time:3.6716461181640625e-05
delete time:4.00543212890625e-05
delete time:2.7179718017578125e-05
delete time:3.838539123535156e-05
delete time:4.6253204345703125e-05
delete time:5.125999450683594e-05
delete time:4.9114227294921875e-05
delete time:3.337860107421875e-05
delete time:4.076957702636719e-05
delete time:2.3126602172851562e-05
delete time:2.956390380859375e-05
delete time:3.743171691894531e-05
delete time:3.719329833984375e-05
delete time:3.3855438232421875e-05
delete time:2.8133392333984375e-05
delete time:3.552436828613281e-05
delete time:3.886222839355469e-05
delete time:3.218650817871094e-05
delete time:4.172325134277344e-05
delete time:2.765655517578125e-05
delete time:3.147125244140625e-05
delete time:3.814697265625e-05
delete time:3.790855407714844e-05
delete time:4.7206878662109375e-05
delete time:3.0994415283203125e-05
delete time:4.6253204345703125e-05
delete time:4.744529724121094e-05
delete time:2.9325485229492188e-05
delete time:4.38690185546875e-05
delete time:3.600120544433594e-05
delete time:2.8133392333984375e-05
delete time:4.863739013671875e-05
delete time:5.054473876953125e-05
delete time:2.9802322387695312e-05
delete time:2.5510787963867188e-05
delete time:3.361701965332031e-05
delete time:3.4332275390625e-05
delete time:4.649162292480469e-05
delete time:3.981590270996094e-05
delete time:4.00543212890625e-05
delete time:3.4809112548828125e-05
delete time:4.76837158203125e-05
delete time:3.743171691894531e-05
delete time:4.7206878662109375e-05
delete time:2.9802322387695312e-05
delete time:3.337860107421875e-05
delete time:2.8133392333984375e-05
delete time:3.075599670410156e-05
delete time:2.4318695068359375e-05
delete time:3.24249267578125e-05
delete time:2.6941299438476562e-05
delete time:3.314018249511719e-05
delete time:4.7206878662109375e-05
delete time:3.0279159545898438e-05
delete time:2.765655517578125e-05
delete time:3.147125244140625e-05
delete time:3.5762786865234375e-05
delete time:4.6253204345703125e-05
delete time:3.719329833984375e-05
delete time:3.0279159545898438e-05
delete time:2.47955322265625e-05
delete time:3.790855407714844e-05
delete time:2.8133392333984375e-05
delete time:4.076957702636719e-05
delete time:3.337860107421875e-05
delete time:2.7418136596679688e-05
delete time:3.337860107421875e-05
delete time:3.218650817871094e-05
delete time:4.291534423828125e-05
delete time:2.7418136596679688e-05
delete time:3.0279159545898438e-05
delete time:3.361701965332031e-05
delete time:2.5987625122070312e-05
delete time:4.2438507080078125e-05
delete time:3.528594970703125e-05
delete time:3.409385681152344e-05
delete time:4.76837158203125e-05
delete time:2.8848648071289062e-05
delete time:4.1961669921875e-05
delete time:3.7670135498046875e-05
delete time:3.314018249511719e-05
delete time:4.2438507080078125e-05
delete time:3.361701965332031e-05
delete time:2.9802322387695312e-05
delete time:4.1961669921875e-05
delete time:3.1948089599609375e-05
delete time:3.7670135498046875e-05
delete time:3.743171691894531e-05
delete time:3.4332275390625e-05
delete time:2.4557113647460938e-05
delete time:4.4345855712890625e-05
delete time:4.863739013671875e-05
delete time:2.8371810913085938e-05
delete time:3.266334533691406e-05
delete time:3.0279159545898438e-05
delete time:2.5987625122070312e-05
delete time:3.075599670410156e-05
delete time:4.076957702636719e-05
delete time:3.147125244140625e-05
delete time:2.9802322387695312e-05
delete time:3.0040740966796875e-05
delete time:3.0994415283203125e-05
delete time:2.6226043701171875e-05
delete time:3.814697265625e-05
delete time:4.673004150390625e-05
delete time:5.054473876953125e-05
delete time:4.315376281738281e-05
delete time:2.6941299438476562e-05
delete time:3.814697265625e-05
delete time:3.147125244140625e-05
delete time:3.170967102050781e-05
delete time:5.078315734863281e-05
delete time:3.9577484130859375e-05
delete time:4.076957702636719e-05
delete time:4.172325134277344e-05
delete time:2.0742416381835938e-05
delete time:2.6464462280273438e-05
delete time:4.8160552978515625e-05
delete time:3.24249267578125e-05
delete time:3.647804260253906e-05
delete time:2.8848648071289062e-05
delete time:3.218650817871094e-05
delete time:2.765655517578125e-05
delete time:3.337860107421875e-05
delete time:2.9087066650390625e-05
delete time:3.361701965332031e-05
delete time:2.9802322387695312e-05
delete time:3.981590270996094e-05
delete time:3.337860107421875e-05
delete time:4.673004150390625e-05
delete time:3.790855407714844e-05
delete time:4.38690185546875e-05
delete time:2.8371810913085938e-05
delete time:3.075599670410156e-05
delete time:4.982948303222656e-05
delete time:3.528594970703125e-05
delete time:3.600120544433594e-05
delete time:3.123283386230469e-05
delete time:5.173683166503906e-05
delete time:2.4080276489257812e-05
delete time:4.00543212890625e-05
delete time:2.8371810913085938e-05
delete time:4.124641418457031e-05
delete time:2.5272369384765625e-05
delete time:2.6702880859375e-05
delete time:4.029273986816406e-05
delete time:3.337860107421875e-05
delete time:3.6716461181640625e-05
delete time:3.361701965332031e-05
delete time:3.0040740966796875e-05
delete time:4.291534423828125e-05
delete time:4.2438507080078125e-05
delete time:3.695487976074219e-05
delete time:2.5987625122070312e-05
delete time:3.409385681152344e-05
delete time:2.9802322387695312e-05
delete time:2.4080276489257812e-05
delete time:4.5299530029296875e-05
delete time:4.00543212890625e-05
delete time:3.2901763916015625e-05
delete time:3.409385681152344e-05
delete time:2.7894973754882812e-05
delete time:2.7894973754882812e-05
delete time:5.888938903808594e-05
delete time:3.552436828613281e-05
delete time:2.7179718017578125e-05
delete time:4.57763671875e-05
delete time:3.600120544433594e-05
delete time:3.647804260253906e-05
delete time:3.314018249511719e-05
delete time:2.9087066650390625e-05
delete time:5.340576171875e-05
delete time:2.4318695068359375e-05
delete time:4.291534423828125e-05
delete time:3.886222839355469e-05
delete time:3.910064697265625e-05
delete time:3.0279159545898438e-05
delete time:2.7179718017578125e-05
delete time:2.9802322387695312e-05
delete time:2.6941299438476562e-05
delete time:3.218650817871094e-05
delete time:3.6716461181640625e-05
delete time:4.220008850097656e-05
delete time:3.337860107421875e-05
delete time:3.314018249511719e-05
delete time:4.267692565917969e-05
delete time:2.86102294921875e-05
delete time:3.9577484130859375e-05
delete time:2.86102294921875e-05
delete time:2.47955322265625e-05
delete time:2.002716064453125e-05
delete time:4.982948303222656e-05
delete time:3.075599670410156e-05
delete time:4.2438507080078125e-05
delete time:3.4809112548828125e-05
delete time:2.956390380859375e-05
delete time:2.3603439331054688e-05
delete time:3.814697265625e-05
delete time:2.47955322265625e-05
delete time:3.5762786865234375e-05
delete time:3.0279159545898438e-05
delete time:2.6226043701171875e-05
delete time:3.0517578125e-05
delete time:3.218650817871094e-05
delete time:2.193450927734375e-05
delete time:6.198883056640625e-05
delete time:3.719329833984375e-05
delete time:2.9325485229492188e-05
delete time:3.409385681152344e-05
delete time:2.7894973754882812e-05
delete time:3.170967102050781e-05
delete time:3.4332275390625e-05
delete time:3.314018249511719e-05
delete time:3.457069396972656e-05
delete time:2.956390380859375e-05
delete time:2.3603439331054688e-05
delete time:4.482269287109375e-05
delete time:3.24249267578125e-05
delete time:3.0994415283203125e-05
delete time:4.00543212890625e-05
delete time:2.8371810913085938e-05
delete time:2.8848648071289062e-05
delete time:2.7179718017578125e-05
delete time:4.458427429199219e-05
delete time:3.790855407714844e-05
delete time:3.695487976074219e-05
delete time:3.2901763916015625e-05
delete time:2.86102294921875e-05
delete time:3.361701965332031e-05
delete time:3.123283386230469e-05
delete time:2.7179718017578125e-05
delete time:4.220008850097656e-05
delete time:2.9802322387695312e-05
delete time:3.743171691894531e-05
delete time:3.4809112548828125e-05
delete time:4.863739013671875e-05
delete time:3.24249267578125e-05
delete time:3.0279159545898438e-05
delete time:3.4332275390625e-05
delete time:3.790855407714844e-05
delete time:3.0279159545898438e-05
delete time:1.5020370483398438e-05
delete time:3.719329833984375e-05
delete time:4.4345855712890625e-05
delete time:1.811981201171875e-05
delete time:2.2411346435546875e-05
delete time:2.7418136596679688e-05
delete time:3.838539123535156e-05
delete time:4.506111145019531e-05
delete time:3.600120544433594e-05
delete time:2.8848648071289062e-05
delete time:2.86102294921875e-05
delete time:3.361701965332031e-05
delete time:3.600120544433594e-05
delete time:3.600120544433594e-05
delete time:5.1975250244140625e-05
delete time:4.5299530029296875e-05
delete time:3.886222839355469e-05
delete time:1.52587890625e-05
delete time:3.123283386230469e-05
delete time:2.3365020751953125e-05
delete time:2.9087066650390625e-05
delete time:3.3855438232421875e-05
delete time:3.8623809814453125e-05
delete time:2.5272369384765625e-05
delete time:3.457069396972656e-05
delete time:3.790855407714844e-05
delete time:3.3855438232421875e-05
delete time:4.982948303222656e-05
delete time:2.6226043701171875e-05
delete time:2.956390380859375e-05
delete time:3.838539123535156e-05
delete time:3.1948089599609375e-05
delete time:5.5789947509765625e-05
delete time:4.3392181396484375e-05
delete time:4.315376281738281e-05
delete time:3.743171691894531e-05
delete time:4.935264587402344e-05
delete time:1.71661376953125e-05
delete time:3.9577484130859375e-05
delete time:2.6464462280273438e-05
delete time:5.507469177246094e-05
delete time:4.172325134277344e-05
delete time:4.9114227294921875e-05
delete time:5.6743621826171875e-05
delete time:4.553794860839844e-05
delete time:3.8623809814453125e-05
delete time:2.7894973754882812e-05
delete time:5.984306335449219e-05
delete time:2.7418136596679688e-05
delete time:2.1457672119140625e-05
delete time:3.9577484130859375e-05
delete time:4.029273986816406e-05
delete time:5.269050598144531e-05
delete time:3.981590270996094e-05
delete time:3.218650817871094e-05
delete time:2.8848648071289062e-05
delete time:3.2901763916015625e-05
delete time:2.8848648071289062e-05
delete time:2.09808349609375e-05
delete time:3.814697265625e-05
delete time:2.8133392333984375e-05
delete time:3.266334533691406e-05
delete time:2.3126602172851562e-05
delete time:2.574920654296875e-05
delete time:3.8623809814453125e-05
delete time:3.24249267578125e-05
delete time:3.790855407714844e-05
delete time:2.0742416381835938e-05
delete time:4.0531158447265625e-05
delete time:3.6716461181640625e-05
delete time:2.7418136596679688e-05
delete time:3.147125244140625e-05
delete time:3.457069396972656e-05
delete time:3.314018249511719e-05
delete time:2.4557113647460938e-05
delete time:2.47955322265625e-05
delete time:2.6941299438476562e-05
delete time:3.0279159545898438e-05
delete time:3.504753112792969e-05
delete time:2.6702880859375e-05
delete time:3.075599670410156e-05
delete time:4.00543212890625e-05
delete time:4.744529724121094e-05
delete time:2.9087066650390625e-05
delete time:3.719329833984375e-05
delete time:3.075599670410156e-05
delete time:5.3882598876953125e-05
delete time:2.7179718017578125e-05
delete time:3.3855438232421875e-05
delete time:3.647804260253906e-05
delete time:3.2901763916015625e-05
delete time:2.7418136596679688e-05
delete time:5.0067901611328125e-05
delete time:4.363059997558594e-05
delete time:2.8848648071289062e-05
delete time:2.2172927856445312e-05
delete time:1.8835067749023438e-05
delete time:3.981590270996094e-05
delete time:3.075599670410156e-05
delete time:2.86102294921875e-05
delete time:3.743171691894531e-05
delete time:4.410743713378906e-05
delete time:3.838539123535156e-05
delete time:3.0279159545898438e-05
delete time:3.218650817871094e-05
delete time:3.266334533691406e-05
delete time:3.170967102050781e-05
delete time:3.3855438232421875e-05
delete time:3.8623809814453125e-05
delete time:1.9788742065429688e-05
delete time:4.8160552978515625e-05
delete time:2.8133392333984375e-05
delete time:4.38690185546875e-05
delete time:3.528594970703125e-05
delete time:2.574920654296875e-05
delete time:3.695487976074219e-05
delete time:3.24249267578125e-05
delete time:4.458427429199219e-05
delete time:4.6253204345703125e-05
delete time:2.9087066650390625e-05
delete time:4.792213439941406e-05
delete time:2.8133392333984375e-05
delete time:5.030632019042969e-05
delete time:4.029273986816406e-05
delete time:4.220008850097656e-05
delete time:2.7418136596679688e-05
delete time:2.3126602172851562e-05
delete time:2.6226043701171875e-05
delete time:2.5272369384765625e-05
delete time:3.361701965332031e-05
delete time:2.6702880859375e-05
delete time:3.24249267578125e-05
delete time:4.291534423828125e-05
delete time:3.0517578125e-05
delete time:3.814697265625e-05
delete time:3.9577484130859375e-05
delete time:3.314018249511719e-05
delete time:3.218650817871094e-05
delete time:4.9591064453125e-05
delete time:4.315376281738281e-05
delete time:3.218650817871094e-05
delete time:3.790855407714844e-05
delete time:2.7894973754882812e-05
delete time:2.2172927856445312e-05
delete time:2.3126602172851562e-05
delete time:2.9087066650390625e-05
delete time:4.076957702636719e-05
delete time:3.4332275390625e-05
delete time:2.8848648071289062e-05
delete time:3.838539123535156e-05
delete time:3.910064697265625e-05
delete time:2.8133392333984375e-05
delete time:2.1219253540039062e-05
delete time:3.743171691894531e-05
delete time:3.4809112548828125e-05
delete time:2.384185791015625e-05
delete time:2.6702880859375e-05
delete time:3.314018249511719e-05
delete time:2.0742416381835938e-05
delete time:2.765655517578125e-05
delete time:3.266334533691406e-05
delete time:3.170967102050781e-05
delete time:2.956390380859375e-05
delete time:3.7670135498046875e-05
delete time:5.3882598876953125e-05
delete time:3.075599670410156e-05
delete time:3.933906555175781e-05
delete time:3.314018249511719e-05
delete time:3.0040740966796875e-05
delete time:3.0517578125e-05
delete time:3.743171691894531e-05
delete time:3.075599670410156e-05
delete time:3.123283386230469e-05
delete time:4.029273986816406e-05
delete time:3.62396240234375e-05
delete time:2.5272369384765625e-05
delete time:4.482269287109375e-05
delete time:2.9802322387695312e-05
delete time:4.887580871582031e-05
delete time:3.24249267578125e-05
delete time:2.5033950805664062e-05
delete time:5.53131103515625e-05
delete time:4.267692565917969e-05
delete time:2.574920654296875e-05
delete time:3.504753112792969e-05
delete time:3.743171691894531e-05
delete time:3.62396240234375e-05
delete time:4.8160552978515625e-05
delete time:4.9591064453125e-05
delete time:2.3365020751953125e-05
delete time:5.269050598144531e-05
delete time:3.147125244140625e-05
delete time:4.3392181396484375e-05
delete time:4.0531158447265625e-05
delete time:3.910064697265625e-05
delete time:3.0279159545898438e-05
delete time:2.574920654296875e-05
delete time:3.886222839355469e-05
delete time:3.838539123535156e-05
delete time:3.075599670410156e-05
delete time:3.170967102050781e-05
delete time:3.552436828613281e-05
delete time:4.100799560546875e-05
delete time:3.933906555175781e-05
delete time:2.384185791015625e-05
delete time:2.8848648071289062e-05
delete time:2.5987625122070312e-05
delete time:3.695487976074219e-05
delete time:2.9087066650390625e-05
delete time:2.5033950805664062e-05
delete time:3.457069396972656e-05
delete time:1.9073486328125e-05
delete time:2.3603439331054688e-05
delete time:2.5033950805664062e-05
delete time:2.2172927856445312e-05
delete time:4.673004150390625e-05
delete time:3.719329833984375e-05
delete time:2.86102294921875e-05
delete time:3.5762786865234375e-05
delete time:2.7418136596679688e-05
delete time:3.695487976074219e-05
delete time:2.8371810913085938e-05
delete time:3.6716461181640625e-05
delete time:2.9087066650390625e-05
delete time:2.4080276489257812e-05
delete time:3.361701965332031e-05
delete time:2.3603439331054688e-05
delete time:2.8371810913085938e-05
delete time:3.6716461181640625e-05
delete time:3.5762786865234375e-05
delete time:3.814697265625e-05
delete time:3.075599670410156e-05
delete time:4.935264587402344e-05
delete time:2.9087066650390625e-05
delete time:4.220008850097656e-05
delete time:3.62396240234375e-05
delete time:3.075599670410156e-05
delete time:2.6464462280273438e-05
delete time:4.2438507080078125e-05
delete time:4.410743713378906e-05
delete time:3.0040740966796875e-05
delete time:3.62396240234375e-05
delete time:3.337860107421875e-05
delete time:3.814697265625e-05
delete time:2.3365020751953125e-05
delete time:4.887580871582031e-05
delete time:3.170967102050781e-05
delete time:2.8133392333984375e-05
delete time:3.1948089599609375e-05
delete time:3.123283386230469e-05
delete time:3.075599670410156e-05
delete time:2.7418136596679688e-05
delete time:4.6253204345703125e-05
delete time:3.886222839355469e-05
delete time:2.8371810913085938e-05
delete time:2.9802322387695312e-05
delete time:3.0040740966796875e-05
delete time:3.647804260253906e-05
delete time:2.8848648071289062e-05
delete time:2.7894973754882812e-05
delete time:2.8371810913085938e-05
delete time:3.2901763916015625e-05
delete time:5.698204040527344e-05
delete time:2.956390380859375e-05
delete time:3.552436828613281e-05
delete time:2.0742416381835938e-05
delete time:2.86102294921875e-05
delete time:2.384185791015625e-05
delete time:3.170967102050781e-05
delete time:3.0040740966796875e-05
delete time:3.1948089599609375e-05
delete time:4.124641418457031e-05
delete time:5.0067901611328125e-05
delete time:3.123283386230469e-05
delete time:5.173683166503906e-05
delete time:4.38690185546875e-05
delete time:4.363059997558594e-05
delete time:3.075599670410156e-05
delete time:2.193450927734375e-05
delete time:2.3365020751953125e-05
delete time:2.9802322387695312e-05
delete time:2.86102294921875e-05
delete time:4.553794860839844e-05
delete time:4.291534423828125e-05
delete time:4.267692565917969e-05
delete time:3.314018249511719e-05
delete time:3.337860107421875e-05
delete time:3.337860107421875e-05
delete time:3.266334533691406e-05
delete time:3.886222839355469e-05
delete time:2.002716064453125e-05
delete time:2.5510787963867188e-05
delete time:2.9325485229492188e-05
delete time:4.100799560546875e-05
delete time:2.6464462280273438e-05
delete time:3.719329833984375e-05
delete time:5.5789947509765625e-05
delete time:3.0279159545898438e-05
delete time:3.0279159545898438e-05
delete time:3.2901763916015625e-05
delete time:2.6464462280273438e-05
delete time:3.0994415283203125e-05
delete time:3.4332275390625e-05
delete time:3.6716461181640625e-05
delete time:3.361701965332031e-05
delete time:3.600120544433594e-05
delete time:3.314018249511719e-05
delete time:4.9114227294921875e-05
delete time:2.765655517578125e-05
delete time:4.887580871582031e-05
delete time:2.8133392333984375e-05
delete time:3.719329833984375e-05
delete time:4.839897155761719e-05
delete time:2.6941299438476562e-05
delete time:4.3392181396484375e-05
delete time:3.743171691894531e-05
delete time:3.266334533691406e-05
delete time:3.719329833984375e-05
delete time:4.1484832763671875e-05
delete time:2.8371810913085938e-05
delete time:3.0517578125e-05
delete time:3.147125244140625e-05
delete time:3.123283386230469e-05
delete time:3.075599670410156e-05
delete time:2.2649765014648438e-05
delete time:4.410743713378906e-05
delete time:3.0040740966796875e-05
delete time:2.8848648071289062e-05
delete time:5.269050598144531e-05
delete time:4.1484832763671875e-05
delete time:2.47955322265625e-05
delete time:3.24249267578125e-05
delete time:2.5987625122070312e-05
delete time:2.86102294921875e-05
delete time:4.0531158447265625e-05
delete time:3.337860107421875e-05
delete time:3.552436828613281e-05
delete time:2.47955322265625e-05
delete time:3.123283386230469e-05
delete time:4.076957702636719e-05
delete time:2.2649765014648438e-05
delete time:4.029273986816406e-05
delete time:3.0279159545898438e-05
delete time:4.0531158447265625e-05
delete time:3.8623809814453125e-05
delete time:2.8848648071289062e-05
delete time:3.695487976074219e-05
delete time:2.6941299438476562e-05
delete time:3.123283386230469e-05
delete time:3.0279159545898438e-05
delete time:3.600120544433594e-05
delete time:3.3855438232421875e-05
delete time:3.4332275390625e-05
delete time:3.218650817871094e-05
delete time:3.2901763916015625e-05
delete time:2.9802322387695312e-05
delete time:3.0517578125e-05
delete time:3.314018249511719e-05
delete time:3.147125244140625e-05
delete time:3.075599670410156e-05
delete time:4.9114227294921875e-05
delete time:2.7179718017578125e-05
delete time:2.2649765014648438e-05
delete time:3.838539123535156e-05
delete time:1.9788742065429688e-05
delete time:4.649162292480469e-05
delete time:3.24249267578125e-05
delete time:4.3392181396484375e-05
delete time:3.170967102050781e-05
delete time:3.552436828613281e-05
delete time:3.0040740966796875e-05
delete time:2.5510787963867188e-05
delete time:4.57763671875e-05
delete time:3.075599670410156e-05
delete time:2.8371810913085938e-05
delete time:2.8133392333984375e-05
delete time:4.1961669921875e-05
delete time:2.1457672119140625e-05
delete time:3.9577484130859375e-05
delete time:2.4557113647460938e-05
delete time:4.982948303222656e-05
delete time:3.147125244140625e-05
delete time:3.147125244140625e-05
delete time:3.314018249511719e-05
delete time:5.221366882324219e-05
delete time:4.410743713378906e-05
delete time:2.288818359375e-05
delete time:3.838539123535156e-05
delete time:2.6702880859375e-05
delete time:3.5762786865234375e-05
delete time:3.0994415283203125e-05
delete time:2.9325485229492188e-05
delete time:3.218650817871094e-05
delete time:4.38690185546875e-05
delete time:3.719329833984375e-05
delete time:3.0517578125e-05
delete time:4.363059997558594e-05
delete time:2.9325485229492188e-05
delete time:2.956390380859375e-05
delete time:2.5987625122070312e-05
delete time:4.1961669921875e-05
delete time:3.933906555175781e-05
delete time:2.09808349609375e-05
delete time:2.5033950805664062e-05
delete time:3.0994415283203125e-05
delete time:3.123283386230469e-05
delete time:2.8133392333984375e-05
delete time:3.719329833984375e-05
delete time:2.86102294921875e-05
delete time:4.291534423828125e-05
delete time:4.4345855712890625e-05
delete time:4.839897155761719e-05
delete time:2.9325485229492188e-05
delete time:3.790855407714844e-05
delete time:3.910064697265625e-05
delete time:3.1948089599609375e-05
delete time:4.3392181396484375e-05
delete time:4.1961669921875e-05
delete time:2.5272369384765625e-05
delete time:4.38690185546875e-05
delete time:3.409385681152344e-05
delete time:2.9325485229492188e-05
delete time:4.0531158447265625e-05
delete time:2.765655517578125e-05
delete time:4.1961669921875e-05
delete time:4.57763671875e-05
delete time:4.00543212890625e-05
delete time:2.1457672119140625e-05
delete time:3.647804260253906e-05
delete time:4.076957702636719e-05
delete time:3.647804260253906e-05
delete time:4.482269287109375e-05
delete time:4.1484832763671875e-05
delete time:3.0279159545898438e-05
delete time:2.956390380859375e-05
delete time:2.7179718017578125e-05
delete time:3.0517578125e-05
delete time:2.9325485229492188e-05
delete time:4.38690185546875e-05
delete time:5.030632019042969e-05
delete time:4.00543212890625e-05
delete time:3.170967102050781e-05
delete time:2.8848648071289062e-05
delete time:3.4332275390625e-05
delete time:2.2649765014648438e-05
delete time:4.482269287109375e-05
delete time:3.504753112792969e-05
delete time:2.7418136596679688e-05
delete time:2.7418136596679688e-05
delete time:4.1484832763671875e-05
delete time:3.504753112792969e-05
delete time:2.7418136596679688e-05
delete time:4.57763671875e-05
delete time:5.2928924560546875e-05
delete time:3.647804260253906e-05
delete time:2.4318695068359375e-05
delete time:3.838539123535156e-05
delete time:4.124641418457031e-05
delete time:5.030632019042969e-05
delete time:2.193450927734375e-05
delete time:4.7206878662109375e-05
delete time:4.506111145019531e-05
delete time:3.5762786865234375e-05
delete time:2.288818359375e-05
delete time:2.1219253540039062e-05
delete time:2.8848648071289062e-05
delete time:2.9802322387695312e-05
delete time:3.24249267578125e-05
delete time:3.0279159545898438e-05
delete time:2.47955322265625e-05
delete time:2.7179718017578125e-05
delete time:3.0279159545898438e-05
delete time:2.8371810913085938e-05
delete time:2.7418136596679688e-05
delete time:2.8848648071289062e-05
delete time:2.6702880859375e-05
delete time:3.3855438232421875e-05
delete time:3.409385681152344e-05
delete time:3.0279159545898438e-05
delete time:2.1696090698242188e-05
delete time:2.8848648071289062e-05
delete time:3.62396240234375e-05
delete time:2.9325485229492188e-05
delete time:3.504753112792969e-05
delete time:2.765655517578125e-05
delete time:2.8371810913085938e-05
delete time:2.86102294921875e-05
delete time:2.7179718017578125e-05
delete time:3.123283386230469e-05
delete time:1.5974044799804688e-05
delete time:2.8848648071289062e-05
delete time:2.2172927856445312e-05
delete time:3.266334533691406e-05
delete time:5.340576171875e-05
delete time:4.935264587402344e-05
delete time:2.1696090698242188e-05
delete time:3.4809112548828125e-05
delete time:3.790855407714844e-05
delete time:2.6941299438476562e-05
delete time:4.7206878662109375e-05
delete time:4.7206878662109375e-05
delete time:4.3392181396484375e-05
delete time:4.267692565917969e-05
delete time:4.458427429199219e-05
delete time:3.24249267578125e-05
delete time:3.0279159545898438e-05
delete time:4.291534423828125e-05
delete time:2.5510787963867188e-05
delete time:2.5510787963867188e-05
delete time:3.3855438232421875e-05
delete time:3.147125244140625e-05
delete time:3.266334533691406e-05
delete time:2.7894973754882812e-05
delete time:2.2172927856445312e-05
delete time:3.4809112548828125e-05
delete time:5.435943603515625e-05
delete time:3.0994415283203125e-05
delete time:4.1484832763671875e-05
delete time:3.600120544433594e-05
delete time:3.457069396972656e-05
delete time:4.5299530029296875e-05
delete time:5.5789947509765625e-05
delete time:3.814697265625e-05
delete time:4.076957702636719e-05
delete time:4.029273986816406e-05
delete time:4.076957702636719e-05
delete time:4.0531158447265625e-05
delete time:4.363059997558594e-05
delete time:2.0742416381835938e-05
delete time:4.649162292480469e-05
delete time:3.933906555175781e-05
delete time:3.9577484130859375e-05
delete time:4.0531158447265625e-05
delete time:2.6226043701171875e-05
delete time:3.218650817871094e-05
delete time:2.5510787963867188e-05
delete time:4.1961669921875e-05
delete time:2.1696090698242188e-05
delete time:2.5510787963867188e-05
delete time:3.0040740966796875e-05
delete time:2.86102294921875e-05
delete time:3.0279159545898438e-05
delete time:2.8371810913085938e-05
delete time:3.933906555175781e-05
delete time:3.886222839355469e-05
delete time:3.0279159545898438e-05
delete time:2.09808349609375e-05
delete time:3.504753112792969e-05
delete time:3.8623809814453125e-05
delete time:2.288818359375e-05
delete time:3.62396240234375e-05
delete time:4.124641418457031e-05
delete time:5.030632019042969e-05
delete time:3.2901763916015625e-05
delete time:3.123283386230469e-05
delete time:3.147125244140625e-05
delete time:2.5033950805664062e-05
delete time:3.814697265625e-05
delete time:2.7418136596679688e-05
delete time:4.267692565917969e-05
delete time:3.62396240234375e-05
delete time:2.4557113647460938e-05
delete time:3.337860107421875e-05
delete time:4.172325134277344e-05
delete time:3.361701965332031e-05
delete time:3.4809112548828125e-05
delete time:2.765655517578125e-05
delete time:5.2928924560546875e-05
delete time:2.4080276489257812e-05
delete time:4.2438507080078125e-05
delete time:2.8371810913085938e-05
delete time:2.6702880859375e-05
delete time:4.2438507080078125e-05
delete time:4.839897155761719e-05
delete time:4.410743713378906e-05
delete time:4.839897155761719e-05
delete time:4.744529724121094e-05
delete time:3.743171691894531e-05
delete time:5.4836273193359375e-05
delete time:3.218650817871094e-05
delete time:3.743171691894531e-05
delete time:2.4080276489257812e-05
delete time:2.6702880859375e-05
delete time:3.743171691894531e-05
delete time:3.075599670410156e-05
delete time:3.0040740966796875e-05
delete time:2.574920654296875e-05
delete time:2.7179718017578125e-05
delete time:3.170967102050781e-05
delete time:2.9325485229492188e-05
delete time:2.956390380859375e-05
delete time:4.1484832763671875e-05
delete time:5.984306335449219e-05
delete time:3.6716461181640625e-05
delete time:1.8358230590820312e-05
delete time:2.956390380859375e-05
delete time:2.1219253540039062e-05
delete time:2.1457672119140625e-05
delete time:2.765655517578125e-05
delete time:4.410743713378906e-05
delete time:3.147125244140625e-05
delete time:3.4809112548828125e-05
delete time:4.291534423828125e-05
delete time:3.123283386230469e-05
delete time:4.2438507080078125e-05
delete time:6.890296936035156e-05
delete time:2.8133392333984375e-05
delete time:2.86102294921875e-05
delete time:2.9325485229492188e-05
delete time:3.4332275390625e-05
delete time:3.0040740966796875e-05
delete time:2.4557113647460938e-05
delete time:2.4318695068359375e-05
delete time:3.910064697265625e-05
delete time:4.839897155761719e-05
delete time:3.838539123535156e-05
delete time:3.409385681152344e-05
delete time:2.4080276489257812e-05
delete time:3.337860107421875e-05
delete time:3.123283386230469e-05
delete time:2.6941299438476562e-05
delete time:3.0517578125e-05
delete time:4.792213439941406e-05
delete time:4.291534423828125e-05
delete time:2.9087066650390625e-05
delete time:2.384185791015625e-05
delete time:3.838539123535156e-05
delete time:2.1219253540039062e-05
delete time:3.62396240234375e-05
delete time:3.647804260253906e-05
delete time:3.4809112548828125e-05
delete time:2.6702880859375e-05
delete time:3.0279159545898438e-05
delete time:3.0040740966796875e-05
delete time:3.62396240234375e-05
delete time:2.6941299438476562e-05
delete time:3.0994415283203125e-05
delete time:2.6941299438476562e-05
delete time:4.553794860839844e-05
delete time:2.7418136596679688e-05
delete time:4.172325134277344e-05
delete time:2.956390380859375e-05
delete time:3.4809112548828125e-05
delete time:2.5272369384765625e-05
delete time:2.384185791015625e-05
delete time:2.956390380859375e-05
delete time:2.8848648071289062e-05
delete time:3.790855407714844e-05
delete time:3.457069396972656e-05
delete time:3.123283386230469e-05
delete time:3.170967102050781e-05
delete time:2.6226043701171875e-05
delete time:2.1219253540039062e-05
delete time:3.600120544433594e-05
delete time:4.482269287109375e-05
delete time:3.8623809814453125e-05
delete time:2.86102294921875e-05
delete time:3.886222839355469e-05
delete time:3.337860107421875e-05
delete time:4.935264587402344e-05
delete time:4.291534423828125e-05
delete time:3.5762786865234375e-05
delete time:2.6702880859375e-05
delete time:3.4809112548828125e-05
delete time:2.6464462280273438e-05
delete time:3.5762786865234375e-05
delete time:2.4318695068359375e-05
delete time:3.409385681152344e-05
delete time:2.6226043701171875e-05
delete time:2.6941299438476562e-05
delete time:3.123283386230469e-05
delete time:2.3126602172851562e-05
delete time:2.288818359375e-05
delete time:3.9577484130859375e-05
delete time:3.3855438232421875e-05
delete time:3.552436828613281e-05
delete time:1.9788742065429688e-05
delete time:3.4332275390625e-05
delete time:4.863739013671875e-05
delete time:3.981590270996094e-05
delete time:2.9802322387695312e-05
delete time:3.504753112792969e-05
delete time:3.147125244140625e-05
delete time:4.315376281738281e-05
delete time:2.765655517578125e-05
delete time:3.170967102050781e-05
delete time:3.5762786865234375e-05
delete time:2.5272369384765625e-05
delete time:3.552436828613281e-05
delete time:3.528594970703125e-05
delete time:2.4080276489257812e-05
delete time:4.744529724121094e-05
delete time:2.86102294921875e-05
delete time:2.4318695068359375e-05
delete time:3.123283386230469e-05
delete time:2.4557113647460938e-05
delete time:2.574920654296875e-05
delete time:2.3126602172851562e-05
delete time:3.314018249511719e-05
delete time:3.337860107421875e-05
delete time:2.6226043701171875e-05
delete time:2.2649765014648438e-05
delete time:5.2928924560546875e-05
delete time:4.1484832763671875e-05
delete time:3.147125244140625e-05
delete time:3.1948089599609375e-05
delete time:2.765655517578125e-05
delete time:4.291534423828125e-05
delete time:2.3603439331054688e-05
delete time:2.7179718017578125e-05
delete time:4.363059997558594e-05
delete time:3.3855438232421875e-05
delete time:3.504753112792969e-05
delete time:3.0040740966796875e-05
delete time:3.123283386230469e-05
delete time:2.7179718017578125e-05
delete time:4.3392181396484375e-05
delete time:4.363059997558594e-05
delete time:4.124641418457031e-05
delete time:5.8650970458984375e-05
delete time:3.337860107421875e-05
delete time:3.600120544433594e-05
delete time:2.7179718017578125e-05
delete time:3.266334533691406e-05
delete time:3.0994415283203125e-05
delete time:3.075599670410156e-05
delete time:2.765655517578125e-05
delete time:3.0517578125e-05
delete time:3.6716461181640625e-05
delete time:2.3603439331054688e-05
delete time:3.981590270996094e-05
delete time:4.506111145019531e-05
delete time:3.933906555175781e-05
delete time:3.0994415283203125e-05
delete time:6.008148193359375e-05
delete time:3.9577484130859375e-05
delete time:3.147125244140625e-05
delete time:3.0517578125e-05
delete time:3.123283386230469e-05
delete time:2.9087066650390625e-05
delete time:2.09808349609375e-05
delete time:3.361701965332031e-05
delete time:2.5987625122070312e-05
delete time:3.457069396972656e-05
delete time:3.6716461181640625e-05
delete time:2.09808349609375e-05
delete time:2.5987625122070312e-05
delete time:4.172325134277344e-05
delete time:2.2411346435546875e-05
delete time:3.743171691894531e-05
delete time:3.0040740966796875e-05
delete time:3.1948089599609375e-05
delete time:3.218650817871094e-05
delete time:4.0531158447265625e-05
delete time:2.9325485229492188e-05
delete time:2.7418136596679688e-05
delete time:3.337860107421875e-05
delete time:3.790855407714844e-05
delete time:4.601478576660156e-05
delete time:3.695487976074219e-05
delete time:3.600120544433594e-05
delete time:3.552436828613281e-05
delete time:2.956390380859375e-05
delete time:3.7670135498046875e-05
delete time:3.266334533691406e-05
delete time:3.457069396972656e-05
delete time:2.5510787963867188e-05
delete time:3.457069396972656e-05
delete time:2.9087066650390625e-05
delete time:3.3855438232421875e-05
delete time:3.7670135498046875e-05
delete time:3.0517578125e-05
delete time:3.647804260253906e-05
delete time:3.933906555175781e-05
delete time:3.8623809814453125e-05
delete time:4.220008850097656e-05
delete time:2.2411346435546875e-05
delete time:3.0040740966796875e-05
delete time:2.3603439331054688e-05
delete time:3.9577484130859375e-05
delete time:3.337860107421875e-05
delete time:3.552436828613281e-05
delete time:2.9087066650390625e-05
delete time:3.528594970703125e-05
delete time:3.2901763916015625e-05
delete time:4.649162292480469e-05
delete time:2.8848648071289062e-05
delete time:2.7418136596679688e-05
delete time:2.5987625122070312e-05
delete time:2.5987625122070312e-05
delete time:2.9325485229492188e-05
delete time:2.5510787963867188e-05
delete time:2.4557113647460938e-05
delete time:2.8133392333984375e-05
delete time:2.9325485229492188e-05
delete time:2.2172927856445312e-05
delete time:2.2649765014648438e-05
delete time:4.2438507080078125e-05
delete time:3.886222839355469e-05
delete time:3.075599670410156e-05
delete time:3.0517578125e-05
delete time:3.24249267578125e-05
delete time:2.86102294921875e-05
delete time:4.315376281738281e-05
delete time:3.123283386230469e-05
delete time:2.3126602172851562e-05
delete time:2.574920654296875e-05
delete time:3.6716461181640625e-05
delete time:2.3365020751953125e-05
delete time:2.86102294921875e-05
delete time:4.863739013671875e-05
delete time:5.1021575927734375e-05
delete time:2.09808349609375e-05
delete time:2.9802322387695312e-05
delete time:4.506111145019531e-05
delete time:3.647804260253906e-05
delete time:3.910064697265625e-05
delete time:3.647804260253906e-05
delete time:2.3603439331054688e-05
delete time:3.647804260253906e-05
delete time:2.288818359375e-05
delete time:4.1484832763671875e-05
delete time:3.62396240234375e-05
delete time:2.8371810913085938e-05
delete time:2.288818359375e-05
delete time:2.4080276489257812e-05
delete time:3.075599670410156e-05
delete time:2.5033950805664062e-05
delete time:2.8848648071289062e-05
delete time:3.4809112548828125e-05
delete time:2.2172927856445312e-05
delete time:4.0531158447265625e-05
delete time:3.528594970703125e-05
delete time:3.0279159545898438e-05
delete time:3.8623809814453125e-05
delete time:2.9802322387695312e-05
delete time:2.8371810913085938e-05
delete time:3.0994415283203125e-05
delete time:2.6941299438476562e-05
delete time:3.075599670410156e-05
delete time:4.863739013671875e-05
delete time:3.2901763916015625e-05
delete time:2.3603439331054688e-05
delete time:4.100799560546875e-05
delete time:3.409385681152344e-05
delete time:3.719329833984375e-05
delete time:2.4080276489257812e-05
delete time:3.743171691894531e-05
delete time:4.458427429199219e-05
delete time:3.361701965332031e-05
delete time:4.363059997558594e-05
delete time:3.123283386230469e-05
delete time:4.410743713378906e-05
delete time:2.956390380859375e-05
delete time:3.1948089599609375e-05
delete time:3.647804260253906e-05
delete time:3.838539123535156e-05
delete time:3.886222839355469e-05
delete time:3.314018249511719e-05
delete time:3.719329833984375e-05
delete time:4.5299530029296875e-05
delete time:2.8371810913085938e-05
delete time:2.8848648071289062e-05
delete time:3.409385681152344e-05
delete time:2.9325485229492188e-05
delete time:2.5510787963867188e-05
delete time:3.838539123535156e-05
delete time:3.170967102050781e-05
delete time:2.8133392333984375e-05
delete time:2.6941299438476562e-05
delete time:3.62396240234375e-05
delete time:3.0994415283203125e-05
delete time:2.765655517578125e-05
delete time:3.147125244140625e-05
delete time:3.695487976074219e-05
delete time:2.4080276489257812e-05
delete time:3.600120544433594e-05
delete time:2.3126602172851562e-05
delete time:4.482269287109375e-05
delete time:2.7179718017578125e-05
delete time:3.62396240234375e-05
delete time:3.0040740966796875e-05
delete time:2.7179718017578125e-05
delete time:4.1961669921875e-05
delete time:5.53131103515625e-05
delete time:3.457069396972656e-05
delete time:3.075599670410156e-05
delete time:2.47955322265625e-05
delete time:2.9087066650390625e-05
delete time:2.6702880859375e-05
delete time:3.814697265625e-05
delete time:3.647804260253906e-05
delete time:1.7404556274414062e-05
delete time:3.0994415283203125e-05
delete time:3.0994415283203125e-05
delete time:3.4809112548828125e-05
delete time:3.2901763916015625e-05
delete time:2.765655517578125e-05
delete time:3.361701965332031e-05
delete time:3.337860107421875e-05
delete time:4.029273986816406e-05
delete time:4.1484832763671875e-05
delete time:4.1961669921875e-05
delete time:2.6702880859375e-05
delete time:1.8596649169921875e-05
delete time:3.1948089599609375e-05
delete time:2.5033950805664062e-05
delete time:2.7418136596679688e-05
delete time:3.457069396972656e-05
delete time:3.24249267578125e-05
delete time:2.5987625122070312e-05
delete time:3.0994415283203125e-05
delete time:5.435943603515625e-05
delete time:2.09808349609375e-05
delete time:4.9591064453125e-05
delete time:3.552436828613281e-05
delete time:2.1219253540039062e-05
delete time:2.5272369384765625e-05
delete time:3.719329833984375e-05
delete time:3.5762786865234375e-05
delete time:4.2438507080078125e-05
delete time:2.9325485229492188e-05
delete time:3.4809112548828125e-05
delete time:2.3126602172851562e-05
delete time:2.86102294921875e-05
delete time:2.6464462280273438e-05
delete time:3.123283386230469e-05
delete time:2.9087066650390625e-05
delete time:2.5033950805664062e-05
delete time:2.3126602172851562e-05
delete time:2.193450927734375e-05
delete time:4.124641418457031e-05
delete time:3.933906555175781e-05
delete time:3.123283386230469e-05
delete time:2.1696090698242188e-05
delete time:3.4809112548828125e-05
delete time:3.218650817871094e-05
delete time:3.9577484130859375e-05
delete time:2.9802322387695312e-05
delete time:2.0265579223632812e-05
delete time:2.8371810913085938e-05
delete time:2.9325485229492188e-05
delete time:5.054473876953125e-05
delete time:3.075599670410156e-05
delete time:2.384185791015625e-05
delete time:2.765655517578125e-05
delete time:2.8848648071289062e-05
delete time:3.170967102050781e-05
delete time:3.743171691894531e-05
delete time:3.123283386230469e-05
delete time:3.0517578125e-05
delete time:2.4080276489257812e-05
delete time:2.5272369384765625e-05
delete time:3.218650817871094e-05
delete time:3.123283386230469e-05
delete time:2.765655517578125e-05
delete time:1.9788742065429688e-05
delete time:2.7418136596679688e-05
delete time:2.956390380859375e-05
delete time:3.8623809814453125e-05
delete time:2.47955322265625e-05
delete time:3.910064697265625e-05
delete time:2.7179718017578125e-05
delete time:2.5272369384765625e-05
delete time:3.886222839355469e-05
delete time:2.5272369384765625e-05
delete time:2.86102294921875e-05
delete time:2.5510787963867188e-05
delete time:2.9325485229492188e-05
delete time:2.5510787963867188e-05
delete time:3.3855438232421875e-05
delete time:3.457069396972656e-05
delete time:2.5272369384765625e-05
delete time:2.3365020751953125e-05
delete time:2.4557113647460938e-05
delete time:2.86102294921875e-05
delete time:3.743171691894531e-05
delete time:3.361701965332031e-05
delete time:4.410743713378906e-05
delete time:2.7418136596679688e-05
delete time:5.364418029785156e-05
delete time:4.1484832763671875e-05
delete time:4.57763671875e-05
delete time:2.2172927856445312e-05
delete time:2.8133392333984375e-05
delete time:3.0994415283203125e-05
delete time:3.170967102050781e-05
delete time:2.4318695068359375e-05
delete time:4.7206878662109375e-05
delete time:6.413459777832031e-05
delete time:3.170967102050781e-05
delete time:5.626678466796875e-05
delete time:5.5789947509765625e-05
delete time:3.910064697265625e-05
delete time:4.9591064453125e-05
delete time:2.6702880859375e-05
delete time:4.2438507080078125e-05
delete time:3.790855407714844e-05
delete time:2.8371810913085938e-05
delete time:2.1696090698242188e-05
delete time:2.5033950805664062e-05
delete time:2.6941299438476562e-05
delete time:3.647804260253906e-05
delete time:2.574920654296875e-05
delete time:3.4809112548828125e-05
delete time:3.409385681152344e-05
delete time:2.6226043701171875e-05
delete time:2.6464462280273438e-05
delete time:2.3365020751953125e-05
delete time:3.075599670410156e-05
delete time:4.553794860839844e-05
delete time:2.6226043701171875e-05
delete time:3.933906555175781e-05
delete time:2.7179718017578125e-05
delete time:2.8848648071289062e-05
delete time:2.3126602172851562e-05
delete time:4.4345855712890625e-05
delete time:4.1961669921875e-05
delete time:4.482269287109375e-05
delete time:2.765655517578125e-05
delete time:2.384185791015625e-05
delete time:3.2901763916015625e-05
delete time:3.170967102050781e-05
delete time:4.029273986816406e-05
delete time:3.337860107421875e-05
delete time:1.9550323486328125e-05
delete time:4.839897155761719e-05
delete time:3.0279159545898438e-05
delete time:3.0040740966796875e-05
delete time:3.147125244140625e-05
delete time:3.0517578125e-05
delete time:4.363059997558594e-05
delete time:3.838539123535156e-05
delete time:2.2411346435546875e-05
delete time:3.7670135498046875e-05
delete time:2.5272369384765625e-05
delete time:2.8371810913085938e-05
delete time:4.696846008300781e-05
delete time:3.2901763916015625e-05
delete time:2.4557113647460938e-05
delete time:2.956390380859375e-05
delete time:3.0279159545898438e-05
delete time:3.4809112548828125e-05
delete time:2.6226043701171875e-05
delete time:1.5020370483398438e-05
delete time:2.3603439331054688e-05
delete time:4.172325134277344e-05
delete time:2.7179718017578125e-05
delete time:2.1457672119140625e-05
delete time:2.7179718017578125e-05
delete time:2.6226043701171875e-05
delete time:3.147125244140625e-05
delete time:3.123283386230469e-05
delete time:2.9802322387695312e-05
delete time:4.38690185546875e-05
delete time:4.0531158447265625e-05
delete time:3.075599670410156e-05
delete time:2.7418136596679688e-05
delete time:3.1948089599609375e-05
delete time:4.1484832763671875e-05
delete time:3.910064697265625e-05
delete time:2.5987625122070312e-05
delete time:2.4557113647460938e-05
delete time:3.5762786865234375e-05
delete time:4.267692565917969e-05
delete time:4.38690185546875e-05
delete time:2.9802322387695312e-05
delete time:2.4318695068359375e-05
delete time:4.2438507080078125e-05
delete time:3.647804260253906e-05
delete time:2.47955322265625e-05
delete time:3.0517578125e-05
delete time:2.8848648071289062e-05
delete time:4.076957702636719e-05
delete time:3.4332275390625e-05
delete time:2.2411346435546875e-05
delete time:4.315376281738281e-05
delete time:3.933906555175781e-05
delete time:4.00543212890625e-05
delete time:4.1484832763671875e-05
delete time:2.7894973754882812e-05
delete time:3.5762786865234375e-05
delete time:1.5497207641601562e-05
delete time:2.09808349609375e-05
delete time:2.2411346435546875e-05
delete time:3.0517578125e-05
delete time:3.409385681152344e-05
delete time:4.673004150390625e-05
delete time:3.123283386230469e-05
delete time:2.86102294921875e-05
delete time:2.5987625122070312e-05
delete time:3.790855407714844e-05
delete time:2.86102294921875e-05
delete time:2.86102294921875e-05
delete time:3.409385681152344e-05
delete time:3.0040740966796875e-05
delete time:2.47955322265625e-05
delete time:2.7418136596679688e-05
delete time:2.9802322387695312e-05
delete time:2.1696090698242188e-05
delete time:2.9802322387695312e-05
delete time:2.9325485229492188e-05
delete time:3.5762786865234375e-05
delete time:2.4318695068359375e-05
delete time:2.7179718017578125e-05
delete time:4.1961669921875e-05
delete time:4.076957702636719e-05
delete time:2.9802322387695312e-05
delete time:4.1961669921875e-05
delete time:2.956390380859375e-05
delete time:2.5272369384765625e-05
delete time:2.47955322265625e-05
delete time:3.7670135498046875e-05
delete time:2.3365020751953125e-05
delete time:2.1219253540039062e-05
delete time:3.0517578125e-05
delete time:2.2172927856445312e-05
delete time:3.0994415283203125e-05
delete time:2.765655517578125e-05
delete time:3.933906555175781e-05
delete time:2.765655517578125e-05
delete time:4.696846008300781e-05
delete time:2.6941299438476562e-05
delete time:3.0040740966796875e-05
delete time:3.8623809814453125e-05
delete time:3.147125244140625e-05
delete time:3.6716461181640625e-05
delete time:2.6941299438476562e-05
delete time:2.4557113647460938e-05
delete time:3.0517578125e-05
delete time:2.0742416381835938e-05
delete time:3.3855438232421875e-05
delete time:2.0742416381835938e-05
delete time:2.9325485229492188e-05
delete time:2.09808349609375e-05
delete time:2.3126602172851562e-05
delete time:3.218650817871094e-05
delete time:3.1948089599609375e-05
delete time:4.0531158447265625e-05
delete time:3.0517578125e-05
delete time:4.3392181396484375e-05
delete time:2.956390380859375e-05
delete time:3.170967102050781e-05
delete time:3.0994415283203125e-05
delete time:3.933906555175781e-05
delete time:2.765655517578125e-05
delete time:2.0503997802734375e-05
delete time:2.8371810913085938e-05
delete time:3.314018249511719e-05
delete time:2.8371810913085938e-05
delete time:2.4318695068359375e-05
delete time:3.528594970703125e-05
delete time:4.3392181396484375e-05
delete time:2.6941299438476562e-05
delete time:2.7894973754882812e-05
delete time:2.956390380859375e-05
delete time:3.0279159545898438e-05
delete time:2.3126602172851562e-05
delete time:3.218650817871094e-05
delete time:2.7418136596679688e-05
delete time:4.506111145019531e-05
delete time:2.956390380859375e-05
delete time:3.457069396972656e-05
delete time:2.5033950805664062e-05
delete time:3.0517578125e-05
delete time:2.5272369384765625e-05
delete time:3.886222839355469e-05
delete time:3.218650817871094e-05
delete time:3.4809112548828125e-05
delete time:4.0531158447265625e-05
delete time:2.5033950805664062e-05
delete time:2.09808349609375e-05
delete time:2.3365020751953125e-05
delete time:2.2411346435546875e-05
delete time:2.6941299438476562e-05
delete time:3.7670135498046875e-05
delete time:2.4557113647460938e-05
delete time:2.47955322265625e-05
delete time:4.1484832763671875e-05
delete time:4.863739013671875e-05
delete time:2.1696090698242188e-05
delete time:4.410743713378906e-05
delete time:4.172325134277344e-05
delete time:4.1961669921875e-05
delete time:2.956390380859375e-05
delete time:2.9802322387695312e-05
delete time:3.528594970703125e-05
delete time:3.337860107421875e-05
delete time:3.24249267578125e-05
delete time:3.1948089599609375e-05
delete time:3.8623809814453125e-05
delete time:2.8848648071289062e-05
delete time:2.5987625122070312e-05
delete time:3.5762786865234375e-05
delete time:3.1948089599609375e-05
delete time:3.24249267578125e-05
delete time:2.193450927734375e-05
delete time:2.8848648071289062e-05
delete time:2.9802322387695312e-05
delete time:3.62396240234375e-05
delete time:4.124641418457031e-05
delete time:4.601478576660156e-05
delete time:2.7179718017578125e-05
delete time:3.361701965332031e-05
delete time:2.5272369384765625e-05
delete time:3.409385681152344e-05
delete time:2.4557113647460938e-05
delete time:3.886222839355469e-05
delete time:3.1948089599609375e-05
delete time:4.1961669921875e-05
delete time:4.172325134277344e-05
delete time:2.5510787963867188e-05
delete time:3.457069396972656e-05
delete time:3.0279159545898438e-05
delete time:2.6702880859375e-05
delete time:3.170967102050781e-05
delete time:2.5033950805664062e-05
delete time:2.6941299438476562e-05
delete time:2.384185791015625e-05
delete time:2.8848648071289062e-05
delete time:2.4557113647460938e-05
delete time:2.9087066650390625e-05
delete time:2.7179718017578125e-05
delete time:2.6226043701171875e-05
delete time:3.7670135498046875e-05
delete time:3.8623809814453125e-05
delete time:2.3365020751953125e-05
delete time:2.8133392333984375e-05
delete time:3.170967102050781e-05
delete time:3.814697265625e-05
delete time:2.4557113647460938e-05
delete time:2.4080276489257812e-05
delete time:3.0994415283203125e-05
delete time:2.2411346435546875e-05
delete time:2.7418136596679688e-05
delete time:3.600120544433594e-05
delete time:2.0742416381835938e-05
delete time:2.5272369384765625e-05
delete time:3.2901763916015625e-05
delete time:2.4318695068359375e-05
delete time:2.8371810913085938e-05
delete time:2.193450927734375e-05
delete time:2.9325485229492188e-05
delete time:3.409385681152344e-05
delete time:3.218650817871094e-05
delete time:2.288818359375e-05
delete time:2.8848648071289062e-05
delete time:1.8358230590820312e-05
delete time:3.790855407714844e-05
delete time:2.384185791015625e-05
delete time:1.5735626220703125e-05
delete time:2.765655517578125e-05
delete time:2.5272369384765625e-05
delete time:4.3392181396484375e-05
delete time:2.7418136596679688e-05
delete time:3.9577484130859375e-05
delete time:3.7670135498046875e-05
delete time:3.0279159545898438e-05
delete time:3.8623809814453125e-05
delete time:2.7894973754882812e-05
delete time:2.574920654296875e-05
delete time:3.4809112548828125e-05
delete time:3.314018249511719e-05
delete time:4.2438507080078125e-05
delete time:3.647804260253906e-05
delete time:2.5033950805664062e-05
delete time:2.1696090698242188e-05
delete time:3.886222839355469e-05
delete time:2.765655517578125e-05
delete time:3.0279159545898438e-05
delete time:2.8371810913085938e-05
delete time:2.4080276489257812e-05
delete time:4.553794860839844e-05
delete time:2.9087066650390625e-05
delete time:2.288818359375e-05
delete time:4.6253204345703125e-05
delete time:3.4809112548828125e-05
delete time:2.5272369384765625e-05
delete time:3.719329833984375e-05
delete time:2.7418136596679688e-05
delete time:2.7179718017578125e-05
delete time:4.172325134277344e-05
delete time:2.2172927856445312e-05
delete time:3.2901763916015625e-05
delete time:2.0265579223632812e-05
delete time:3.0517578125e-05
delete time:2.765655517578125e-05
delete time:3.0994415283203125e-05
delete time:2.3603439331054688e-05
delete time:2.5033950805664062e-05
delete time:3.170967102050781e-05
delete time:2.6941299438476562e-05
delete time:3.2901763916015625e-05
delete time:2.8371810913085938e-05
delete time:3.2901763916015625e-05
delete time:2.7179718017578125e-05
delete time:2.956390380859375e-05
delete time:3.0994415283203125e-05
delete time:2.9802322387695312e-05
delete time:3.8623809814453125e-05
delete time:3.0517578125e-05
delete time:3.4809112548828125e-05
delete time:3.981590270996094e-05
delete time:2.3126602172851562e-05
delete time:3.0517578125e-05
delete time:3.9577484130859375e-05
delete time:5.173683166503906e-05
delete time:2.5033950805664062e-05
delete time:4.00543212890625e-05
delete time:3.552436828613281e-05
delete time:4.1961669921875e-05
delete time:2.4080276489257812e-05
delete time:5.1021575927734375e-05
delete time:3.170967102050781e-05
delete time:3.337860107421875e-05
delete time:3.123283386230469e-05
delete time:3.218650817871094e-05
delete time:3.0040740966796875e-05
delete time:2.6702880859375e-05
delete time:3.2901763916015625e-05
delete time:2.9325485229492188e-05
delete time:4.100799560546875e-05
delete time:3.0279159545898438e-05
delete time:3.2901763916015625e-05
delete time:3.314018249511719e-05
delete time:3.1948089599609375e-05
delete time:4.5299530029296875e-05
delete time:3.0040740966796875e-05
delete time:2.6941299438476562e-05
delete time:2.4557113647460938e-05
delete time:3.5762786865234375e-05
delete time:4.124641418457031e-05
delete time:4.506111145019531e-05
delete time:2.7418136596679688e-05
delete time:2.765655517578125e-05
delete time:4.506111145019531e-05
delete time:2.6941299438476562e-05
delete time:3.528594970703125e-05
delete time:4.029273986816406e-05
delete time:4.4345855712890625e-05
delete time:4.315376281738281e-05
delete time:3.3855438232421875e-05
delete time:4.982948303222656e-05
delete time:3.123283386230469e-05
delete time:2.4557113647460938e-05
delete time:3.170967102050781e-05
delete time:3.337860107421875e-05
delete time:2.2649765014648438e-05
delete time:2.9087066650390625e-05
delete time:4.2438507080078125e-05
delete time:2.7179718017578125e-05
delete time:2.765655517578125e-05
delete time:3.600120544433594e-05
delete time:3.266334533691406e-05
delete time:2.7418136596679688e-05
delete time:4.315376281738281e-05
delete time:3.552436828613281e-05
delete time:2.9325485229492188e-05
delete time:2.1457672119140625e-05
delete time:3.552436828613281e-05
delete time:3.0279159545898438e-05
delete time:3.8623809814453125e-05
delete time:3.5762786865234375e-05
delete time:2.9802322387695312e-05
delete time:3.409385681152344e-05
delete time:4.1484832763671875e-05
delete time:2.9802322387695312e-05
delete time:2.9087066650390625e-05
delete time:4.315376281738281e-05
delete time:2.6226043701171875e-05
delete time:3.7670135498046875e-05
delete time:2.9325485229492188e-05
delete time:3.504753112792969e-05
delete time:3.266334533691406e-05
delete time:4.9591064453125e-05
delete time:3.147125244140625e-05
delete time:3.409385681152344e-05
delete time:2.6702880859375e-05
delete time:2.9802322387695312e-05
delete time:2.7418136596679688e-05
delete time:2.7894973754882812e-05
delete time:2.5510787963867188e-05
delete time:5.173683166503906e-05
delete time:2.47955322265625e-05
delete time:4.267692565917969e-05
delete time:3.24249267578125e-05
delete time:1.9788742065429688e-05
delete time:3.075599670410156e-05
delete time:3.3855438232421875e-05
delete time:4.458427429199219e-05
delete time:2.8133392333984375e-05
delete time:2.5510787963867188e-05
delete time:2.765655517578125e-05
delete time:4.839897155761719e-05
delete time:3.075599670410156e-05
delete time:3.1948089599609375e-05
delete time:2.8371810913085938e-05
delete time:3.552436828613281e-05
delete time:2.8133392333984375e-05
delete time:3.2901763916015625e-05
delete time:2.2649765014648438e-05
delete time:3.457069396972656e-05
delete time:2.6702880859375e-05
delete time:2.09808349609375e-05
delete time:2.6464462280273438e-05
delete time:3.3855438232421875e-05
delete time:3.1948089599609375e-05
delete time:2.8133392333984375e-05
delete time:2.8133392333984375e-05
delete time:2.8133392333984375e-05
delete time:2.8371810913085938e-05
delete time:4.57763671875e-05
delete time:3.504753112792969e-05
delete time:3.170967102050781e-05
delete time:4.76837158203125e-05
delete time:2.956390380859375e-05
delete time:2.4318695068359375e-05
delete time:2.5272369384765625e-05
delete time:2.956390380859375e-05
delete time:3.075599670410156e-05
delete time:2.7418136596679688e-05
delete time:3.838539123535156e-05
delete time:2.2411346435546875e-05
delete time:3.743171691894531e-05
delete time:3.4809112548828125e-05
delete time:3.0040740966796875e-05
delete time:2.3603439331054688e-05
delete time:3.8623809814453125e-05
delete time:1.9788742065429688e-05
delete time:2.9087066650390625e-05
delete time:2.47955322265625e-05
delete time:3.695487976074219e-05
delete time:3.24249267578125e-05
delete time:2.765655517578125e-05
delete time:2.86102294921875e-05
delete time:2.956390380859375e-05
delete time:3.3855438232421875e-05
delete time:2.956390380859375e-05
delete time:2.765655517578125e-05
delete time:3.266334533691406e-05
delete time:2.7894973754882812e-05
delete time:3.361701965332031e-05
delete time:2.9087066650390625e-05
delete time:2.7418136596679688e-05
delete time:4.363059997558594e-05
delete time:2.5987625122070312e-05
delete time:2.4557113647460938e-05
delete time:4.553794860839844e-05
delete time:2.4557113647460938e-05
delete time:3.6716461181640625e-05
delete time:3.3855438232421875e-05
delete time:2.9802322387695312e-05
delete time:3.1948089599609375e-05
delete time:2.2649765014648438e-05
delete time:3.600120544433594e-05
delete time:2.4080276489257812e-05
delete time:3.1948089599609375e-05
delete time:3.147125244140625e-05
delete time:3.337860107421875e-05
delete time:3.504753112792969e-05
delete time:3.457069396972656e-05
delete time:3.838539123535156e-05
delete time:4.673004150390625e-05
delete time:4.100799560546875e-05
delete time:2.4318695068359375e-05
delete time:2.9325485229492188e-05
delete time:2.86102294921875e-05
delete time:3.933906555175781e-05
delete time:2.86102294921875e-05
delete time:2.5272369384765625e-05
delete time:3.2901763916015625e-05
delete time:2.8848648071289062e-05
delete time:3.62396240234375e-05
delete time:2.6464462280273438e-05
delete time:4.076957702636719e-05
delete time:3.886222839355469e-05
delete time:2.5033950805664062e-05
delete time:2.4557113647460938e-05
delete time:3.123283386230469e-05
delete time:3.647804260253906e-05
delete time:3.170967102050781e-05
delete time:3.62396240234375e-05
delete time:3.933906555175781e-05
delete time:4.076957702636719e-05
delete time:2.6226043701171875e-05
delete time:1.9311904907226562e-05
delete time:2.6941299438476562e-05
delete time:2.0503997802734375e-05
delete time:2.4557113647460938e-05
delete time:3.314018249511719e-05
delete time:3.838539123535156e-05
delete time:3.0040740966796875e-05
delete time:3.075599670410156e-05
delete time:2.7894973754882812e-05
delete time:2.4080276489257812e-05
delete time:4.029273986816406e-05
delete time:4.5299530029296875e-05
delete time:2.7418136596679688e-05
delete time:2.9325485229492188e-05
delete time:2.8133392333984375e-05
delete time:3.7670135498046875e-05
delete time:2.6702880859375e-05
delete time:4.4345855712890625e-05
delete time:3.8623809814453125e-05
delete time:2.4557113647460938e-05
delete time:2.47955322265625e-05
delete time:3.6716461181640625e-05
delete time:2.6941299438476562e-05
delete time:3.0040740966796875e-05
delete time:2.6702880859375e-05
delete time:3.0517578125e-05
delete time:3.1948089599609375e-05
delete time:3.0279159545898438e-05
delete time:2.5033950805664062e-05
delete time:2.765655517578125e-05
delete time:1.9311904907226562e-05
delete time:3.7670135498046875e-05
delete time:3.0994415283203125e-05
delete time:3.361701965332031e-05
delete time:2.9087066650390625e-05
delete time:2.4318695068359375e-05
delete time:4.3392181396484375e-05
delete time:3.4332275390625e-05
delete time:2.7179718017578125e-05
delete time:3.075599670410156e-05
delete time:3.361701965332031e-05
delete time:3.9577484130859375e-05
delete time:4.649162292480469e-05
delete time:3.266334533691406e-05
delete time:3.528594970703125e-05
delete time:4.935264587402344e-05
delete time:3.0517578125e-05
delete time:2.9802322387695312e-05
delete time:3.218650817871094e-05
delete time:3.4332275390625e-05
delete time:2.7179718017578125e-05
delete time:2.9325485229492188e-05
delete time:3.3855438232421875e-05
delete time:2.4557113647460938e-05
delete time:2.9087066650390625e-05
delete time:3.0040740966796875e-05
delete time:3.457069396972656e-05
delete time:2.4557113647460938e-05
delete time:3.314018249511719e-05
delete time:2.2411346435546875e-05
delete time:2.4557113647460938e-05
delete time:2.5987625122070312e-05
delete time:2.5987625122070312e-05
delete time:3.6716461181640625e-05
delete time:3.552436828613281e-05
delete time:2.4557113647460938e-05
delete time:2.4318695068359375e-05
delete time:2.5272369384765625e-05
delete time:2.8133392333984375e-05
delete time:4.792213439941406e-05
delete time:4.38690185546875e-05
delete time:2.9087066650390625e-05
delete time:2.9325485229492188e-05
delete time:2.384185791015625e-05
delete time:3.814697265625e-05
delete time:2.8848648071289062e-05
delete time:2.5033950805664062e-05
delete time:3.2901763916015625e-05
delete time:2.7179718017578125e-05
delete time:3.790855407714844e-05
delete time:2.3126602172851562e-05
delete time:3.147125244140625e-05
delete time:4.696846008300781e-05
delete time:3.886222839355469e-05
delete time:2.956390380859375e-05
delete time:3.266334533691406e-05
delete time:3.647804260253906e-05
delete time:3.409385681152344e-05
delete time:2.9802322387695312e-05
delete time:2.9325485229492188e-05
delete time:2.86102294921875e-05
delete time:1.6927719116210938e-05
delete time:3.24249267578125e-05
delete time:3.838539123535156e-05
delete time:2.6702880859375e-05
delete time:3.409385681152344e-05
delete time:2.7894973754882812e-05
delete time:3.910064697265625e-05
delete time:2.6464462280273438e-05
delete time:2.4318695068359375e-05
delete time:4.100799560546875e-05
delete time:2.4557113647460938e-05
delete time:3.647804260253906e-05
delete time:2.384185791015625e-05
delete time:2.8133392333984375e-05
delete time:3.814697265625e-05
delete time:3.504753112792969e-05
delete time:3.743171691894531e-05
delete time:4.100799560546875e-05
delete time:3.695487976074219e-05
delete time:4.9114227294921875e-05
delete time:3.2901763916015625e-05
delete time:4.076957702636719e-05
delete time:3.719329833984375e-05
delete time:4.6253204345703125e-05
delete time:4.1484832763671875e-05
delete time:3.3855438232421875e-05
delete time:4.5299530029296875e-05
delete time:2.9802322387695312e-05
delete time:2.6702880859375e-05
delete time:4.1484832763671875e-05
delete time:3.814697265625e-05
delete time:2.6226043701171875e-05
delete time:2.5510787963867188e-05
delete time:2.574920654296875e-05
delete time:4.00543212890625e-05
delete time:4.696846008300781e-05
delete time:3.981590270996094e-05
delete time:3.528594970703125e-05
delete time:3.552436828613281e-05
delete time:2.3603439331054688e-05
delete time:3.123283386230469e-05
delete time:2.5510787963867188e-05
delete time:2.4080276489257812e-05
delete time:2.8371810913085938e-05
delete time:3.0040740966796875e-05
delete time:2.4318695068359375e-05
delete time:2.7894973754882812e-05
delete time:3.0517578125e-05
delete time:4.553794860839844e-05
delete time:2.9802322387695312e-05
delete time:2.574920654296875e-05
delete time:4.8160552978515625e-05
delete time:4.3392181396484375e-05
delete time:2.1457672119140625e-05
delete time:2.574920654296875e-05
delete time:3.0040740966796875e-05
delete time:4.0531158447265625e-05
delete time:3.337860107421875e-05
delete time:3.147125244140625e-05
delete time:2.6226043701171875e-05
delete time:2.5987625122070312e-05
delete time:2.7179718017578125e-05
delete time:2.8848648071289062e-05
delete time:4.2438507080078125e-05
delete time:2.574920654296875e-05
delete time:2.86102294921875e-05
delete time:4.029273986816406e-05
delete time:2.6464462280273438e-05
delete time:3.314018249511719e-05
delete time:2.956390380859375e-05
delete time:3.361701965332031e-05
delete time:2.6702880859375e-05
delete time:4.38690185546875e-05
delete time:2.9802322387695312e-05
delete time:3.0279159545898438e-05
delete time:2.5987625122070312e-05
delete time:3.910064697265625e-05
delete time:2.6702880859375e-05
delete time:2.1696090698242188e-05
delete time:3.0279159545898438e-05
delete time:2.3126602172851562e-05
delete time:4.076957702636719e-05
delete time:2.9802322387695312e-05
delete time:2.3365020751953125e-05
delete time:3.0517578125e-05
delete time:3.218650817871094e-05
delete time:2.7179718017578125e-05
delete time:2.6464462280273438e-05
delete time:3.337860107421875e-05
delete time:2.5272369384765625e-05
delete time:2.193450927734375e-05
delete time:2.6941299438476562e-05
delete time:3.123283386230469e-05
delete time:3.314018249511719e-05
delete time:3.075599670410156e-05
delete time:2.956390380859375e-05
delete time:3.218650817871094e-05
delete time:2.5987625122070312e-05
delete time:2.5272369384765625e-05
delete time:2.9087066650390625e-05
delete time:3.62396240234375e-05
delete time:3.790855407714844e-05
delete time:3.075599670410156e-05
delete time:3.361701965332031e-05
delete time:3.075599670410156e-05
delete time:3.0517578125e-05
delete time:5.316734313964844e-05
delete time:2.384185791015625e-05
delete time:4.029273986816406e-05
delete time:3.170967102050781e-05
delete time:3.147125244140625e-05
delete time:3.218650817871094e-05
delete time:3.0994415283203125e-05
delete time:2.7418136596679688e-05
delete time:2.3126602172851562e-05
delete time:3.409385681152344e-05
delete time:3.361701965332031e-05
delete time:3.695487976074219e-05
delete time:4.4345855712890625e-05
delete time:2.7894973754882812e-05
delete time:4.267692565917969e-05
delete time:4.38690185546875e-05
delete time:4.124641418457031e-05
delete time:4.2438507080078125e-05
delete time:3.337860107421875e-05
delete time:2.4080276489257812e-05
delete time:3.266334533691406e-05
delete time:4.982948303222656e-05
delete time:2.765655517578125e-05
delete time:5.221366882324219e-05
delete time:3.552436828613281e-05
delete time:2.2411346435546875e-05
delete time:3.218650817871094e-05
delete time:3.647804260253906e-05
delete time:5.435943603515625e-05
delete time:2.86102294921875e-05
delete time:4.744529724121094e-05
delete time:2.6702880859375e-05
delete time:2.288818359375e-05
delete time:2.956390380859375e-05
delete time:2.3126602172851562e-05
delete time:2.765655517578125e-05
delete time:4.076957702636719e-05
delete time:3.838539123535156e-05
delete time:4.124641418457031e-05
delete time:3.314018249511719e-05
delete time:3.075599670410156e-05
delete time:3.0517578125e-05
delete time:2.6702880859375e-05
delete time:4.100799560546875e-05
delete time:1.7642974853515625e-05
delete time:3.24249267578125e-05
delete time:3.170967102050781e-05
delete time:3.314018249511719e-05
delete time:2.002716064453125e-05
delete time:3.719329833984375e-05
delete time:4.744529724121094e-05
delete time:4.935264587402344e-05
delete time:2.9802322387695312e-05
delete time:2.7418136596679688e-05
delete time:2.4318695068359375e-05
delete time:3.24249267578125e-05
delete time:4.2438507080078125e-05
delete time:3.4332275390625e-05
delete time:3.24249267578125e-05
delete time:4.3392181396484375e-05
delete time:6.29425048828125e-05
delete time:3.743171691894531e-05
delete time:2.574920654296875e-05
delete time:3.218650817871094e-05
delete time:3.24249267578125e-05
delete time:3.170967102050781e-05
delete time:2.6702880859375e-05
delete time:4.6253204345703125e-05
delete time:3.24249267578125e-05
delete time:4.029273986816406e-05
delete time:4.887580871582031e-05
delete time:2.8371810913085938e-05
delete time:3.814697265625e-05
delete time:3.0517578125e-05
delete time:3.1948089599609375e-05
delete time:2.193450927734375e-05
delete time:2.47955322265625e-05
delete time:3.62396240234375e-05
delete time:4.839897155761719e-05
delete time:3.8623809814453125e-05
delete time:2.3365020751953125e-05
delete time:3.075599670410156e-05
delete time:2.1696090698242188e-05
delete time:2.9087066650390625e-05
delete time:4.029273986816406e-05
delete time:3.1948089599609375e-05
delete time:5.125999450683594e-05
delete time:3.528594970703125e-05
delete time:1.811981201171875e-05
delete time:1.9550323486328125e-05
delete time:4.3392181396484375e-05
delete time:2.5987625122070312e-05
delete time:3.409385681152344e-05
delete time:3.933906555175781e-05
delete time:3.147125244140625e-05
delete time:3.838539123535156e-05
delete time:2.4318695068359375e-05
delete time:1.9073486328125e-05
delete time:3.790855407714844e-05
delete time:2.7179718017578125e-05
delete time:3.218650817871094e-05
delete time:2.8371810913085938e-05
delete time:2.9087066650390625e-05
delete time:3.147125244140625e-05
delete time:2.47955322265625e-05
delete time:3.6716461181640625e-05
delete time:2.956390380859375e-05
delete time:1.71661376953125e-05
delete time:3.123283386230469e-05
delete time:4.2438507080078125e-05
delete time:2.6941299438476562e-05
delete time:4.220008850097656e-05
delete time:2.6226043701171875e-05
delete time:3.790855407714844e-05
delete time:2.8371810913085938e-05
delete time:2.6702880859375e-05
delete time:4.506111145019531e-05
delete time:4.220008850097656e-05
delete time:3.2901763916015625e-05
delete time:4.649162292480469e-05
delete time:3.62396240234375e-05
delete time:3.266334533691406e-05
delete time:3.719329833984375e-05
delete time:3.123283386230469e-05
delete time:2.8371810913085938e-05
delete time:3.838539123535156e-05
delete time:4.0531158447265625e-05
delete time:4.792213439941406e-05
delete time:3.62396240234375e-05
delete time:2.8848648071289062e-05
delete time:2.7418136596679688e-05
delete time:4.2438507080078125e-05
delete time:1.6927719116210938e-05
delete time:2.9325485229492188e-05
delete time:2.765655517578125e-05
delete time:4.6253204345703125e-05
delete time:2.9087066650390625e-05
delete time:4.792213439941406e-05
delete time:5.4836273193359375e-05
delete time:2.5987625122070312e-05
delete time:3.62396240234375e-05
delete time:5.626678466796875e-05
delete time:2.765655517578125e-05
delete time:2.5272369384765625e-05
delete time:2.5272369384765625e-05
delete time:4.9114227294921875e-05
delete time:3.981590270996094e-05
delete time:3.600120544433594e-05
delete time:3.0040740966796875e-05
delete time:3.647804260253906e-05
delete time:3.218650817871094e-05
delete time:2.6702880859375e-05
delete time:2.8133392333984375e-05
delete time:2.47955322265625e-05
delete time:2.8371810913085938e-05
delete time:2.3365020751953125e-05
delete time:3.2901763916015625e-05
delete time:3.886222839355469e-05
delete time:2.8371810913085938e-05
delete time:1.5497207641601562e-05
delete time:2.86102294921875e-05
delete time:2.9087066650390625e-05
delete time:2.5272369384765625e-05
delete time:3.814697265625e-05
delete time:3.409385681152344e-05
delete time:3.552436828613281e-05
delete time:3.647804260253906e-05
delete time:4.553794860839844e-05
delete time:2.8133392333984375e-05
delete time:5.650520324707031e-05
delete time:2.6941299438476562e-05
delete time:3.3855438232421875e-05
delete time:3.4809112548828125e-05
delete time:3.4809112548828125e-05
delete time:3.790855407714844e-05
delete time:5.078315734863281e-05
delete time:3.695487976074219e-05
delete time:2.4318695068359375e-05
delete time:1.8596649169921875e-05
delete time:4.57763671875e-05
delete time:3.0279159545898438e-05
delete time:3.123283386230469e-05
delete time:2.9802322387695312e-05
delete time:3.981590270996094e-05
delete time:2.9802322387695312e-05
delete time:4.649162292480469e-05
delete time:2.9325485229492188e-05
delete time:2.9087066650390625e-05
delete time:3.218650817871094e-05
delete time:2.5510787963867188e-05
delete time:4.124641418457031e-05
delete time:4.9591064453125e-05
delete time:4.792213439941406e-05
delete time:3.409385681152344e-05
delete time:3.743171691894531e-05
delete time:4.029273986816406e-05
delete time:5.1975250244140625e-05
delete time:2.3365020751953125e-05
delete time:2.6226043701171875e-05
delete time:3.170967102050781e-05
delete time:2.384185791015625e-05
delete time:3.314018249511719e-05
delete time:3.910064697265625e-05
delete time:3.147125244140625e-05
delete time:4.553794860839844e-05
delete time:2.4080276489257812e-05
delete time:5.030632019042969e-05
delete time:2.47955322265625e-05
delete time:3.170967102050781e-05
delete time:3.3855438232421875e-05
delete time:2.8848648071289062e-05
delete time:3.0279159545898438e-05
delete time:4.410743713378906e-05
delete time:3.2901763916015625e-05
delete time:5.364418029785156e-05
delete time:2.193450927734375e-05
delete time:2.6226043701171875e-05
delete time:3.4809112548828125e-05
delete time:4.029273986816406e-05
delete time:2.4557113647460938e-05
delete time:2.86102294921875e-05
delete time:3.409385681152344e-05
delete time:2.2411346435546875e-05
delete time:4.649162292480469e-05
delete time:3.1948089599609375e-05
delete time:2.8848648071289062e-05
delete time:3.457069396972656e-05
delete time:3.4809112548828125e-05
delete time:4.0531158447265625e-05
delete time:2.5272369384765625e-05
delete time:3.933906555175781e-05
delete time:2.8133392333984375e-05
delete time:5.14984130859375e-05
delete time:2.6464462280273438e-05
delete time:2.8133392333984375e-05
delete time:2.5272369384765625e-05
delete time:2.9087066650390625e-05
delete time:2.574920654296875e-05
delete time:4.673004150390625e-05
delete time:3.62396240234375e-05
delete time:2.7894973754882812e-05
delete time:4.863739013671875e-05
delete time:4.2438507080078125e-05
delete time:2.4080276489257812e-05
delete time:2.5987625122070312e-05
delete time:3.1948089599609375e-05
delete time:4.935264587402344e-05
delete time:3.838539123535156e-05
delete time:3.981590270996094e-05
delete time:2.288818359375e-05
delete time:2.5272369384765625e-05
delete time:2.765655517578125e-05
delete time:3.075599670410156e-05
delete time:3.24249267578125e-05
delete time:4.267692565917969e-05
delete time:3.886222839355469e-05
delete time:3.337860107421875e-05
delete time:3.6716461181640625e-05
delete time:4.458427429199219e-05
delete time:2.9087066650390625e-05
delete time:3.266334533691406e-05
delete time:3.62396240234375e-05
delete time:3.6716461181640625e-05
delete time:2.6226043701171875e-05
delete time:2.6464462280273438e-05
delete time:3.600120544433594e-05
delete time:4.5299530029296875e-05
delete time:4.1961669921875e-05
delete time:3.266334533691406e-05
delete time:2.574920654296875e-05
delete time:3.933906555175781e-05
delete time:5.412101745605469e-05
delete time:3.3855438232421875e-05
delete time:3.218650817871094e-05
delete time:2.4080276489257812e-05
delete time:2.09808349609375e-05
delete time:2.765655517578125e-05
delete time:2.4080276489257812e-05
delete time:3.504753112792969e-05
delete time:3.337860107421875e-05
delete time:3.4332275390625e-05
delete time:3.218650817871094e-05
delete time:3.361701965332031e-05
delete time:4.9591064453125e-05
delete time:3.0994415283203125e-05
delete time:3.4809112548828125e-05
delete time:2.86102294921875e-05
delete time:2.8848648071289062e-05
delete time:3.314018249511719e-05
delete time:3.0040740966796875e-05
delete time:5.14984130859375e-05
delete time:2.2172927856445312e-05
delete time:2.7418136596679688e-05
delete time:3.600120544433594e-05
delete time:2.3365020751953125e-05
delete time:2.5272369384765625e-05
delete time:2.5510787963867188e-05
delete time:4.57763671875e-05
delete time:3.8623809814453125e-05
delete time:4.458427429199219e-05
delete time:4.506111145019531e-05
delete time:3.123283386230469e-05
delete time:2.6464462280273438e-05
delete time:3.62396240234375e-05
delete time:3.790855407714844e-05
delete time:2.574920654296875e-05
delete time:2.574920654296875e-05
delete time:3.504753112792969e-05
delete time:3.7670135498046875e-05
delete time:2.5272369384765625e-05
delete time:4.839897155761719e-05
delete time:2.6464462280273438e-05
delete time:5.340576171875e-05
delete time:4.458427429199219e-05
delete time:2.3603439331054688e-05
delete time:3.0279159545898438e-05
delete time:3.5762786865234375e-05
delete time:2.7894973754882812e-05
delete time:5.078315734863281e-05
delete time:2.8848648071289062e-05
delete time:4.100799560546875e-05
delete time:2.9802322387695312e-05
delete time:3.24249267578125e-05
delete time:2.1219253540039062e-05
delete time:2.7418136596679688e-05
delete time:4.363059997558594e-05
delete time:2.47955322265625e-05
delete time:3.409385681152344e-05
delete time:5.269050598144531e-05
delete time:2.9802322387695312e-05
delete time:2.0265579223632812e-05
delete time:2.8371810913085938e-05
delete time:2.86102294921875e-05
delete time:2.3126602172851562e-05
delete time:3.266334533691406e-05
delete time:2.4080276489257812e-05
delete time:3.123283386230469e-05
delete time:2.9802322387695312e-05
delete time:3.0040740966796875e-05
delete time:3.695487976074219e-05
delete time:2.3126602172851562e-05
delete time:3.4809112548828125e-05
delete time:3.24249267578125e-05
delete time:2.2411346435546875e-05
delete time:2.6702880859375e-05
delete time:3.528594970703125e-05
delete time:2.9325485229492188e-05
delete time:3.3855438232421875e-05
delete time:3.552436828613281e-05
delete time:2.5510787963867188e-05
delete time:4.744529724121094e-05
delete time:4.4345855712890625e-05
delete time:2.7418136596679688e-05
delete time:3.910064697265625e-05
delete time:2.3603439331054688e-05
delete time:4.100799560546875e-05
delete time:2.5033950805664062e-05
delete time:3.24249267578125e-05
delete time:2.288818359375e-05
delete time:3.933906555175781e-05
delete time:4.0531158447265625e-05
delete time:2.6226043701171875e-05
delete time:3.361701965332031e-05
delete time:2.5033950805664062e-05
delete time:2.384185791015625e-05
delete time:3.600120544433594e-05
delete time:2.6226043701171875e-05
delete time:3.0994415283203125e-05
delete time:2.0742416381835938e-05
delete time:4.863739013671875e-05
delete time:3.4809112548828125e-05
delete time:4.458427429199219e-05
delete time:2.6226043701171875e-05
delete time:4.410743713378906e-05
delete time:3.409385681152344e-05
delete time:3.314018249511719e-05
delete time:3.337860107421875e-05
delete time:2.2411346435546875e-05
delete time:3.218650817871094e-05
delete time:3.266334533691406e-05
delete time:3.9577484130859375e-05
delete time:3.24249267578125e-05
delete time:3.9577484130859375e-05
delete time:2.2411346435546875e-05
delete time:3.0040740966796875e-05
delete time:2.8133392333984375e-05
delete time:4.076957702636719e-05
delete time:4.315376281738281e-05
delete time:3.9577484130859375e-05
delete time:4.696846008300781e-05
delete time:2.9087066650390625e-05
delete time:2.9087066650390625e-05
delete time:2.1696090698242188e-05
delete time:2.8133392333984375e-05
delete time:2.8133392333984375e-05
delete time:3.790855407714844e-05
delete time:2.5272369384765625e-05
delete time:3.838539123535156e-05
delete time:4.482269287109375e-05
delete time:2.2411346435546875e-05
delete time:3.719329833984375e-05
delete time:4.076957702636719e-05
delete time:3.4809112548828125e-05
delete time:4.673004150390625e-05
delete time:4.76837158203125e-05
delete time:2.6464462280273438e-05
delete time:2.86102294921875e-05
delete time:2.7418136596679688e-05
delete time:1.9073486328125e-05
delete time:2.8848648071289062e-05
delete time:3.409385681152344e-05
delete time:2.4557113647460938e-05
delete time:4.100799560546875e-05
delete time:2.09808349609375e-05
delete time:2.6941299438476562e-05
delete time:4.3392181396484375e-05
delete time:2.765655517578125e-05
delete time:3.743171691894531e-05
delete time:3.3855438232421875e-05
delete time:3.528594970703125e-05
delete time:2.9325485229492188e-05
delete time:2.6464462280273438e-05
delete time:3.0994415283203125e-05
delete time:4.291534423828125e-05
delete time:2.9087066650390625e-05
delete time:2.574920654296875e-05
delete time:4.458427429199219e-05
delete time:4.076957702636719e-05
delete time:2.8848648071289062e-05
delete time:2.5033950805664062e-05
delete time:3.62396240234375e-05
delete time:3.0040740966796875e-05
delete time:4.029273986816406e-05
delete time:2.9325485229492188e-05
delete time:2.574920654296875e-05
delete time:2.4318695068359375e-05
delete time:2.574920654296875e-05
delete time:2.4080276489257812e-05
delete time:4.172325134277344e-05
delete time:3.170967102050781e-05
delete time:2.574920654296875e-05
delete time:3.2901763916015625e-05
delete time:3.123283386230469e-05
delete time:3.0994415283203125e-05
delete time:4.601478576660156e-05
delete time:3.981590270996094e-05
delete time:2.4080276489257812e-05
delete time:2.9325485229492188e-05
delete time:2.47955322265625e-05
delete time:3.600120544433594e-05
delete time:4.076957702636719e-05
delete time:3.1948089599609375e-05
delete time:3.6716461181640625e-05
delete time:4.1484832763671875e-05
delete time:2.5987625122070312e-05
delete time:4.00543212890625e-05
delete time:3.1948089599609375e-05
delete time:2.9325485229492188e-05
delete time:2.4080276489257812e-05
delete time:2.3126602172851562e-05
delete time:4.649162292480469e-05
delete time:3.814697265625e-05
delete time:3.528594970703125e-05
delete time:4.2438507080078125e-05
delete time:4.76837158203125e-05
delete time:3.5762786865234375e-05
delete time:2.4080276489257812e-05
delete time:4.0531158447265625e-05
delete time:2.3365020751953125e-05
delete time:4.6253204345703125e-05
delete time:2.8848648071289062e-05
delete time:3.4332275390625e-05
delete time:4.696846008300781e-05
delete time:1.9788742065429688e-05
delete time:4.291534423828125e-05
delete time:3.218650817871094e-05
delete time:2.1219253540039062e-05
delete time:2.765655517578125e-05
delete time:2.5510787963867188e-05
delete time:3.147125244140625e-05
delete time:2.4080276489257812e-05
delete time:3.123283386230469e-05
delete time:2.9087066650390625e-05
delete time:3.647804260253906e-05
delete time:3.1948089599609375e-05
delete time:3.0994415283203125e-05
delete time:3.337860107421875e-05
delete time:2.9087066650390625e-05
delete time:2.5272369384765625e-05
delete time:2.4318695068359375e-05
delete time:4.482269287109375e-05
delete time:2.47955322265625e-05
delete time:2.9802322387695312e-05
delete time:2.9087066650390625e-05
delete time:2.5272369384765625e-05
delete time:2.6941299438476562e-05
delete time:3.0040740966796875e-05
delete time:2.5987625122070312e-05
delete time:4.2438507080078125e-05
delete time:2.8371810913085938e-05
delete time:3.933906555175781e-05
delete time:2.6941299438476562e-05
delete time:5.53131103515625e-05
delete time:3.0994415283203125e-05
delete time:3.123283386230469e-05
delete time:3.123283386230469e-05
delete time:2.86102294921875e-05
delete time:2.7418136596679688e-05
delete time:4.553794860839844e-05
delete time:2.765655517578125e-05
delete time:4.0531158447265625e-05
delete time:2.6226043701171875e-05
delete time:3.5762786865234375e-05
delete time:4.076957702636719e-05
delete time:5.340576171875e-05
delete time:3.0279159545898438e-05
delete time:3.361701965332031e-05
delete time:4.100799560546875e-05
delete time:2.86102294921875e-05
delete time:4.553794860839844e-05
delete time:2.6702880859375e-05
delete time:2.5510787963867188e-05
delete time:2.6464462280273438e-05
delete time:2.6226043701171875e-05
delete time:2.384185791015625e-05
delete time:3.24249267578125e-05
delete time:2.8371810913085938e-05
delete time:4.410743713378906e-05
delete time:3.0994415283203125e-05
delete time:2.09808349609375e-05
delete time:2.8371810913085938e-05
delete time:3.743171691894531e-05
delete time:2.7894973754882812e-05
delete time:3.361701965332031e-05
delete time:2.09808349609375e-05
delete time:2.6226043701171875e-05
delete time:4.291534423828125e-05
delete time:2.7894973754882812e-05
delete time:3.0517578125e-05
delete time:3.886222839355469e-05
delete time:3.0994415283203125e-05
delete time:4.315376281738281e-05
delete time:2.9087066650390625e-05
delete time:1.7404556274414062e-05
delete time:2.09808349609375e-05
delete time:3.314018249511719e-05
delete time:4.696846008300781e-05
delete time:2.3603439331054688e-05
delete time:3.9577484130859375e-05
delete time:2.9802322387695312e-05
delete time:3.9577484130859375e-05
delete time:2.288818359375e-05
delete time:3.0517578125e-05
delete time:2.3603439331054688e-05
delete time:2.4080276489257812e-05
delete time:2.5033950805664062e-05
delete time:3.266334533691406e-05
delete time:3.886222839355469e-05
delete time:3.266334533691406e-05
delete time:2.574920654296875e-05
delete time:3.8623809814453125e-05
delete time:3.743171691894531e-05
delete time:2.2172927856445312e-05
delete time:2.6941299438476562e-05
delete time:2.3126602172851562e-05
delete time:3.24249267578125e-05
delete time:3.075599670410156e-05
delete time:3.600120544433594e-05
delete time:2.7418136596679688e-05
delete time:3.886222839355469e-05
delete time:2.7179718017578125e-05
delete time:3.62396240234375e-05
delete time:3.886222839355469e-05
delete time:2.7894973754882812e-05
delete time:2.7179718017578125e-05
delete time:3.790855407714844e-05
delete time:2.0265579223632812e-05
delete time:3.075599670410156e-05
delete time:3.123283386230469e-05
delete time:2.9325485229492188e-05
delete time:5.030632019042969e-05
delete time:3.743171691894531e-05
delete time:2.2411346435546875e-05
delete time:4.744529724121094e-05
delete time:2.4080276489257812e-05
delete time:2.193450927734375e-05
delete time:5.3882598876953125e-05
delete time:2.5272369384765625e-05
delete time:2.4557113647460938e-05
delete time:3.266334533691406e-05
delete time:2.86102294921875e-05
delete time:4.100799560546875e-05
delete time:5.340576171875e-05
delete time:3.719329833984375e-05
delete time:2.3126602172851562e-05
delete time:3.075599670410156e-05
delete time:2.9087066650390625e-05
delete time:2.86102294921875e-05
delete time:4.124641418457031e-05
delete time:4.458427429199219e-05
delete time:2.574920654296875e-05
delete time:2.765655517578125e-05
delete time:2.6941299438476562e-05
delete time:2.47955322265625e-05
delete time:2.956390380859375e-05
delete time:4.124641418457031e-05
delete time:3.0279159545898438e-05
delete time:2.5272369384765625e-05
delete time:2.5033950805664062e-05
delete time:1.9550323486328125e-05
delete time:3.0040740966796875e-05
delete time:3.361701965332031e-05
delete time:2.956390380859375e-05
delete time:2.765655517578125e-05
delete time:3.552436828613281e-05
delete time:3.4332275390625e-05
delete time:3.504753112792969e-05
delete time:2.9325485229492188e-05
delete time:2.4557113647460938e-05
delete time:3.075599670410156e-05
delete time:3.337860107421875e-05
delete time:3.5762786865234375e-05
delete time:2.9087066650390625e-05
delete time:2.0503997802734375e-05
delete time:2.193450927734375e-05
delete time:4.1484832763671875e-05
delete time:3.552436828613281e-05
delete time:2.8848648071289062e-05
delete time:2.288818359375e-05
delete time:4.00543212890625e-05
delete time:3.695487976074219e-05
delete time:3.2901763916015625e-05
delete time:2.1457672119140625e-05
delete time:1.7881393432617188e-05
delete time:3.24249267578125e-05
delete time:4.887580871582031e-05
delete time:2.5987625122070312e-05
delete time:2.3603439331054688e-05
delete time:3.1948089599609375e-05
delete time:3.0279159545898438e-05
delete time:3.266334533691406e-05
delete time:3.8623809814453125e-05
delete time:2.9087066650390625e-05
delete time:2.47955322265625e-05
delete time:2.3126602172851562e-05
delete time:2.9802322387695312e-05
delete time:2.9325485229492188e-05
delete time:4.744529724121094e-05
delete time:2.3126602172851562e-05
delete time:3.552436828613281e-05
delete time:3.838539123535156e-05
delete time:2.574920654296875e-05
delete time:2.86102294921875e-05
delete time:2.47955322265625e-05
delete time:3.886222839355469e-05
delete time:3.790855407714844e-05
delete time:2.9802322387695312e-05
delete time:2.5510787963867188e-05
delete time:2.5033950805664062e-05
delete time:3.147125244140625e-05
delete time:4.4345855712890625e-05
delete time:2.0742416381835938e-05
delete time:2.86102294921875e-05
delete time:2.5272369384765625e-05
delete time:3.0279159545898438e-05
delete time:2.765655517578125e-05
delete time:2.6702880859375e-05
delete time:2.765655517578125e-05
delete time:2.8371810913085938e-05
delete time:2.6702880859375e-05
delete time:3.62396240234375e-05
delete time:3.2901763916015625e-05
delete time:1.7642974853515625e-05
delete time:2.6941299438476562e-05
delete time:4.935264587402344e-05
delete time:3.0994415283203125e-05
delete time:2.5987625122070312e-05
delete time:2.3365020751953125e-05
delete time:3.0994415283203125e-05
delete time:2.4318695068359375e-05
delete time:3.0040740966796875e-05
delete time:3.62396240234375e-05
delete time:2.4557113647460938e-05
delete time:3.337860107421875e-05
delete time:2.6941299438476562e-05
delete time:3.7670135498046875e-05
delete time:2.765655517578125e-05
delete time:4.839897155761719e-05
delete time:2.8133392333984375e-05
delete time:2.4318695068359375e-05
delete time:2.2649765014648438e-05
delete time:2.5510787963867188e-05
delete time:3.790855407714844e-05
delete time:2.8848648071289062e-05
delete time:5.14984130859375e-05
delete time:4.458427429199219e-05
delete time:3.910064697265625e-05
delete time:3.2901763916015625e-05
delete time:2.5510787963867188e-05
delete time:2.7179718017578125e-05
delete time:2.765655517578125e-05
delete time:2.765655517578125e-05
delete time:4.100799560546875e-05
delete time:2.7179718017578125e-05
delete time:3.62396240234375e-05
delete time:3.218650817871094e-05
delete time:3.170967102050781e-05
delete time:2.3365020751953125e-05
delete time:2.384185791015625e-05
delete time:3.62396240234375e-05
delete time:2.6464462280273438e-05
delete time:2.384185791015625e-05
delete time:2.4318695068359375e-05
delete time:4.00543212890625e-05
delete time:3.457069396972656e-05
delete time:2.288818359375e-05
delete time:4.2438507080078125e-05
delete time:4.5299530029296875e-05
delete time:3.981590270996094e-05
delete time:2.7418136596679688e-05
delete time:5.078315734863281e-05
delete time:2.384185791015625e-05
delete time:1.9311904907226562e-05
delete time:3.886222839355469e-05
delete time:3.266334533691406e-05
delete time:3.600120544433594e-05
delete time:2.574920654296875e-05
delete time:2.0503997802734375e-05
delete time:2.86102294921875e-05
delete time:2.384185791015625e-05
delete time:3.314018249511719e-05
delete time:2.1696090698242188e-05
delete time:3.814697265625e-05
delete time:3.0994415283203125e-05
delete time:2.002716064453125e-05
delete time:3.600120544433594e-05
delete time:3.62396240234375e-05
delete time:2.6226043701171875e-05
delete time:2.2411346435546875e-05
delete time:2.193450927734375e-05
delete time:2.9325485229492188e-05
delete time:4.649162292480469e-05
delete time:1.8835067749023438e-05
delete time:5.435943603515625e-05
delete time:3.552436828613281e-05
delete time:4.00543212890625e-05
delete time:2.9087066650390625e-05
delete time:2.5033950805664062e-05
delete time:2.5033950805664062e-05
delete time:2.4318695068359375e-05
delete time:4.220008850097656e-05
delete time:3.3855438232421875e-05
delete time:2.3603439331054688e-05
delete time:2.4080276489257812e-05
delete time:3.147125244140625e-05
delete time:3.266334533691406e-05
delete time:3.814697265625e-05
delete time:3.0040740966796875e-05
delete time:2.384185791015625e-05
delete time:3.8623809814453125e-05
delete time:2.8848648071289062e-05
delete time:2.7894973754882812e-05
delete time:3.981590270996094e-05
delete time:2.9802322387695312e-05
delete time:3.4332275390625e-05
delete time:3.409385681152344e-05
delete time:2.956390380859375e-05
delete time:3.147125244140625e-05
delete time:2.6226043701171875e-05
delete time:4.100799560546875e-05
delete time:2.6702880859375e-05
delete time:2.5510787963867188e-05
delete time:3.409385681152344e-05
delete time:2.86102294921875e-05
delete time:3.504753112792969e-05
delete time:3.7670135498046875e-05
delete time:4.076957702636719e-05
delete time:3.910064697265625e-05
delete time:2.6226043701171875e-05
delete time:3.719329833984375e-05
delete time:2.5272369384765625e-05
delete time:2.8133392333984375e-05
delete time:2.86102294921875e-05
delete time:3.528594970703125e-05
delete time:3.0279159545898438e-05
delete time:5.054473876953125e-05
delete time:3.0040740966796875e-05
delete time:2.2172927856445312e-05
delete time:3.743171691894531e-05
delete time:3.552436828613281e-05
delete time:3.886222839355469e-05
delete time:2.4080276489257812e-05
delete time:3.218650817871094e-05
delete time:2.193450927734375e-05
delete time:1.7642974853515625e-05
delete time:2.7179718017578125e-05
delete time:3.218650817871094e-05
delete time:3.0994415283203125e-05
delete time:2.4080276489257812e-05
delete time:3.552436828613281e-05
delete time:2.9802322387695312e-05
delete time:2.7179718017578125e-05
delete time:4.76837158203125e-05
delete time:4.482269287109375e-05
delete time:3.0040740966796875e-05
delete time:5.650520324707031e-05
delete time:1.9550323486328125e-05
delete time:4.38690185546875e-05
delete time:2.3365020751953125e-05
delete time:3.743171691894531e-05
delete time:3.1948089599609375e-05
delete time:3.0517578125e-05
delete time:2.956390380859375e-05
delete time:3.2901763916015625e-05
delete time:2.0503997802734375e-05
delete time:3.0517578125e-05
delete time:3.0517578125e-05
delete time:2.4080276489257812e-05
delete time:3.0040740966796875e-05
delete time:2.3365020751953125e-05
delete time:2.4557113647460938e-05
delete time:2.5272369384765625e-05
delete time:3.337860107421875e-05
delete time:3.981590270996094e-05
delete time:2.4557113647460938e-05
delete time:3.075599670410156e-05
delete time:2.2172927856445312e-05
delete time:4.291534423828125e-05
delete time:3.504753112792969e-05
delete time:3.3855438232421875e-05
delete time:3.695487976074219e-05
delete time:2.7894973754882812e-05
delete time:2.6226043701171875e-05
delete time:2.8133392333984375e-05
delete time:2.765655517578125e-05
delete time:3.647804260253906e-05
delete time:4.124641418457031e-05
delete time:3.457069396972656e-05
delete time:3.0279159545898438e-05
delete time:4.2438507080078125e-05
delete time:3.743171691894531e-05
delete time:3.981590270996094e-05
delete time:4.673004150390625e-05
delete time:2.9802322387695312e-05
delete time:4.124641418457031e-05
delete time:3.314018249511719e-05
delete time:3.933906555175781e-05
delete time:2.6464462280273438e-05
delete time:2.6702880859375e-05
delete time:2.1457672119140625e-05
delete time:3.0279159545898438e-05
delete time:5.078315734863281e-05
delete time:2.3603439331054688e-05
delete time:3.743171691894531e-05
delete time:3.886222839355469e-05
delete time:3.3855438232421875e-05
delete time:2.765655517578125e-05
delete time:2.5987625122070312e-05
delete time:2.5987625122070312e-05
delete time:2.86102294921875e-05
delete time:3.2901763916015625e-05
delete time:5.030632019042969e-05
delete time:3.218650817871094e-05
delete time:4.00543212890625e-05
delete time:2.5272369384765625e-05
delete time:3.0040740966796875e-05
delete time:2.9325485229492188e-05
delete time:3.981590270996094e-05
delete time:3.8623809814453125e-05
delete time:2.9325485229492188e-05
delete time:3.719329833984375e-05
delete time:2.956390380859375e-05
delete time:2.3365020751953125e-05
delete time:2.8133392333984375e-05
delete time:3.3855438232421875e-05
delete time:2.2411346435546875e-05
delete time:3.838539123535156e-05
delete time:3.24249267578125e-05
delete time:4.315376281738281e-05
delete time:2.7894973754882812e-05
delete time:4.744529724121094e-05
delete time:2.09808349609375e-05
delete time:2.0265579223632812e-05
delete time:5.2928924560546875e-05
delete time:2.5510787963867188e-05
delete time:2.5987625122070312e-05
delete time:3.123283386230469e-05
delete time:3.8623809814453125e-05
delete time:2.5987625122070312e-05
delete time:3.0040740966796875e-05
delete time:3.361701965332031e-05
delete time:2.3126602172851562e-05
delete time:2.8371810913085938e-05
delete time:3.3855438232421875e-05
delete time:3.790855407714844e-05
delete time:2.5033950805664062e-05
delete time:2.9325485229492188e-05
delete time:5.340576171875e-05
delete time:2.47955322265625e-05
delete time:3.0279159545898438e-05
delete time:3.0517578125e-05
delete time:2.9802322387695312e-05
delete time:3.170967102050781e-05
delete time:3.552436828613281e-05
delete time:2.384185791015625e-05
delete time:2.1457672119140625e-05
delete time:2.956390380859375e-05
delete time:2.0265579223632812e-05
delete time:3.457069396972656e-05
delete time:3.62396240234375e-05
delete time:3.0517578125e-05
delete time:3.552436828613281e-05
delete time:2.3365020751953125e-05
delete time:2.09808349609375e-05
delete time:3.0279159545898438e-05
delete time:3.409385681152344e-05
delete time:4.291534423828125e-05
delete time:2.6941299438476562e-05
delete time:2.9087066650390625e-05
delete time:3.647804260253906e-05
delete time:1.6689300537109375e-05
delete time:1.8358230590820312e-05
delete time:3.2901763916015625e-05
delete time:2.5033950805664062e-05
delete time:5.030632019042969e-05
delete time:4.553794860839844e-05
delete time:2.4318695068359375e-05
delete time:3.3855438232421875e-05
delete time:3.9577484130859375e-05
delete time:2.7418136596679688e-05
delete time:3.147125244140625e-05
delete time:3.0994415283203125e-05
delete time:2.9802322387695312e-05
delete time:2.4557113647460938e-05
delete time:3.7670135498046875e-05
delete time:3.1948089599609375e-05
delete time:4.863739013671875e-05
delete time:2.47955322265625e-05
delete time:3.528594970703125e-05
delete time:3.8623809814453125e-05
delete time:2.2411346435546875e-05
delete time:3.838539123535156e-05
delete time:2.6226043701171875e-05
delete time:3.1948089599609375e-05
delete time:1.9311904907226562e-05
delete time:2.09808349609375e-05
delete time:3.6716461181640625e-05
delete time:3.6716461181640625e-05
delete time:3.2901763916015625e-05
delete time:3.075599670410156e-05
delete time:3.528594970703125e-05
delete time:2.2411346435546875e-05
delete time:3.24249267578125e-05
delete time:3.886222839355469e-05
delete time:2.2172927856445312e-05
delete time:3.3855438232421875e-05
delete time:3.647804260253906e-05
delete time:4.649162292480469e-05
delete time:3.5762786865234375e-05
delete time:3.0994415283203125e-05
delete time:2.288818359375e-05
delete time:2.9802322387695312e-05
delete time:3.814697265625e-05
delete time:2.86102294921875e-05
delete time:3.409385681152344e-05
delete time:3.147125244140625e-05
delete time:4.3392181396484375e-05
delete time:2.3365020751953125e-05
delete time:5.316734313964844e-05
delete time:4.935264587402344e-05
delete time:2.1219253540039062e-05
delete time:2.3603439331054688e-05
delete time:4.4345855712890625e-05
delete time:2.7179718017578125e-05
delete time:2.765655517578125e-05
delete time:2.9087066650390625e-05
delete time:3.647804260253906e-05
delete time:2.5272369384765625e-05
delete time:2.4080276489257812e-05
delete time:3.0279159545898438e-05
delete time:2.574920654296875e-05
delete time:3.4809112548828125e-05
delete time:4.3392181396484375e-05
delete time:3.0994415283203125e-05
delete time:2.6941299438476562e-05
delete time:2.9802322387695312e-05
delete time:2.47955322265625e-05
delete time:2.7418136596679688e-05
delete time:4.1484832763671875e-05
delete time:3.981590270996094e-05
delete time:3.647804260253906e-05
delete time:2.8848648071289062e-05
delete time:3.838539123535156e-05
delete time:2.7179718017578125e-05
delete time:2.6941299438476562e-05
delete time:3.24249267578125e-05
delete time:3.743171691894531e-05
delete time:3.147125244140625e-05
delete time:2.2411346435546875e-05
delete time:2.8133392333984375e-05
delete time:3.504753112792969e-05
delete time:3.4332275390625e-05
delete time:2.8133392333984375e-05
delete time:3.1948089599609375e-05
delete time:2.7418136596679688e-05
delete time:4.6253204345703125e-05
delete time:4.124641418457031e-05
delete time:3.695487976074219e-05
delete time:3.0994415283203125e-05
delete time:4.553794860839844e-05
delete time:4.029273986816406e-05
delete time:1.9311904907226562e-05
delete time:3.1948089599609375e-05
delete time:2.7894973754882812e-05
delete time:3.5762786865234375e-05
delete time:2.9325485229492188e-05
delete time:3.9577484130859375e-05
delete time:3.5762786865234375e-05
delete time:3.361701965332031e-05
delete time:4.0531158447265625e-05
delete time:4.029273986816406e-05
delete time:2.956390380859375e-05
delete time:2.7418136596679688e-05
delete time:3.528594970703125e-05
delete time:3.838539123535156e-05
delete time:4.1484832763671875e-05
delete time:3.457069396972656e-05
delete time:2.4557113647460938e-05
delete time:2.1696090698242188e-05
delete time:4.5299530029296875e-05
delete time:4.38690185546875e-05
delete time:4.3392181396484375e-05
delete time:2.956390380859375e-05
delete time:3.0994415283203125e-05
delete time:1.9550323486328125e-05
delete time:3.9577484130859375e-05
delete time:3.457069396972656e-05
delete time:3.0279159545898438e-05
delete time:3.24249267578125e-05
delete time:4.1961669921875e-05
delete time:2.3365020751953125e-05
delete time:2.5987625122070312e-05
delete time:2.4557113647460938e-05
delete time:3.647804260253906e-05
delete time:2.6464462280273438e-05
delete time:2.4080276489257812e-05
delete time:2.8371810913085938e-05
delete time:3.361701965332031e-05
delete time:2.8133392333984375e-05
delete time:3.62396240234375e-05
delete time:2.1696090698242188e-05
delete time:2.3365020751953125e-05
delete time:3.695487976074219e-05
delete time:3.075599670410156e-05
delete time:2.5272369384765625e-05
delete time:4.0531158447265625e-05
delete time:3.790855407714844e-05
delete time:3.1948089599609375e-05
delete time:3.337860107421875e-05
delete time:2.9087066650390625e-05
delete time:2.384185791015625e-05
delete time:2.86102294921875e-05
delete time:2.288818359375e-05
delete time:3.170967102050781e-05
delete time:5.316734313964844e-05
delete time:5.507469177246094e-05
delete time:3.981590270996094e-05
delete time:2.765655517578125e-05
delete time:3.6716461181640625e-05
delete time:3.0517578125e-05
delete time:4.291534423828125e-05
delete time:2.86102294921875e-05
delete time:2.765655517578125e-05
delete time:4.00543212890625e-05
delete time:2.9802322387695312e-05
delete time:2.6226043701171875e-05
delete time:2.8371810913085938e-05
delete time:3.0994415283203125e-05
delete time:2.2411346435546875e-05
delete time:3.3855438232421875e-05
delete time:3.647804260253906e-05
delete time:2.9325485229492188e-05
delete time:2.193450927734375e-05
delete time:2.9802322387695312e-05
delete time:2.3365020751953125e-05
delete time:3.4809112548828125e-05
delete time:2.8371810913085938e-05
delete time:2.1696090698242188e-05
delete time:2.3365020751953125e-05
delete time:2.7894973754882812e-05
delete time:2.7418136596679688e-05
delete time:2.6226043701171875e-05
delete time:3.981590270996094e-05
delete time:3.4332275390625e-05
delete time:3.2901763916015625e-05
delete time:4.315376281738281e-05
delete time:3.337860107421875e-05
delete time:2.8848648071289062e-05
delete time:3.2901763916015625e-05
delete time:2.9087066650390625e-05
delete time:2.86102294921875e-05
delete time:3.7670135498046875e-05
delete time:3.075599670410156e-05
delete time:3.9577484130859375e-05
delete time:2.8133392333984375e-05
delete time:3.147125244140625e-05
delete time:2.6226043701171875e-05
delete time:2.7179718017578125e-05
delete time:1.8835067749023438e-05
delete time:3.814697265625e-05
delete time:3.719329833984375e-05
delete time:3.743171691894531e-05
delete time:2.765655517578125e-05
delete time:3.075599670410156e-05
delete time:3.504753112792969e-05
delete time:4.1484832763671875e-05
delete time:3.4809112548828125e-05
delete time:2.6464462280273438e-05
delete time:2.7179718017578125e-05
delete time:3.337860107421875e-05
delete time:3.24249267578125e-05
delete time:3.337860107421875e-05
delete time:2.8371810913085938e-05
delete time:3.0040740966796875e-05
delete time:2.47955322265625e-05
delete time:2.384185791015625e-05
delete time:3.6716461181640625e-05
delete time:2.193450927734375e-05
delete time:3.814697265625e-05
delete time:2.5033950805664062e-05
delete time:3.337860107421875e-05
delete time:3.24249267578125e-05
delete time:2.4318695068359375e-05
delete time:2.6464462280273438e-05
delete time:3.266334533691406e-05
delete time:5.3882598876953125e-05
delete time:2.8848648071289062e-05
delete time:2.6226043701171875e-05
delete time:3.4332275390625e-05
delete time:3.147125244140625e-05
delete time:4.00543212890625e-05
delete time:3.695487976074219e-05
delete time:3.314018249511719e-05
delete time:2.5510787963867188e-05
delete time:2.6464462280273438e-05
delete time:2.3365020751953125e-05
delete time:3.1948089599609375e-05
delete time:3.123283386230469e-05
delete time:2.0265579223632812e-05
delete time:3.0279159545898438e-05
delete time:2.9325485229492188e-05
delete time:4.506111145019531e-05
delete time:3.4809112548828125e-05
delete time:1.6450881958007812e-05
delete time:2.6464462280273438e-05
delete time:2.288818359375e-05
delete time:4.0531158447265625e-05
delete time:2.6464462280273438e-05
delete time:2.6702880859375e-05
delete time:2.765655517578125e-05
delete time:2.1696090698242188e-05
delete time:3.24249267578125e-05
delete time:3.933906555175781e-05
delete time:2.7894973754882812e-05
delete time:4.0531158447265625e-05
delete time:2.956390380859375e-05
delete time:2.3365020751953125e-05
delete time:3.24249267578125e-05
delete time:2.0742416381835938e-05
delete time:2.9087066650390625e-05
delete time:3.2901763916015625e-05
delete time:4.935264587402344e-05
delete time:1.9311904907226562e-05
delete time:3.457069396972656e-05
delete time:3.981590270996094e-05
delete time:3.528594970703125e-05
delete time:4.00543212890625e-05
delete time:3.886222839355469e-05
delete time:2.5272369384765625e-05
delete time:2.5987625122070312e-05
delete time:4.2438507080078125e-05
delete time:3.6716461181640625e-05
delete time:4.8160552978515625e-05
delete time:3.0517578125e-05
delete time:2.5272369384765625e-05
delete time:2.3365020751953125e-05
delete time:3.075599670410156e-05
delete time:4.6253204345703125e-05
delete time:2.6941299438476562e-05
delete time:3.123283386230469e-05
delete time:4.4345855712890625e-05
delete time:3.1948089599609375e-05
delete time:3.457069396972656e-05
delete time:2.4318695068359375e-05
delete time:2.8133392333984375e-05
delete time:1.71661376953125e-05
delete time:3.528594970703125e-05
delete time:3.3855438232421875e-05
delete time:2.6702880859375e-05
delete time:2.86102294921875e-05
delete time:2.5510787963867188e-05
delete time:3.170967102050781e-05
delete time:3.266334533691406e-05
delete time:3.170967102050781e-05
delete time:2.8133392333984375e-05
delete time:2.6464462280273438e-05
delete time:2.002716064453125e-05
delete time:3.528594970703125e-05
delete time:2.8848648071289062e-05
delete time:2.6941299438476562e-05
delete time:3.266334533691406e-05
delete time:4.506111145019531e-05
delete time:2.09808349609375e-05
delete time:3.361701965332031e-05
delete time:2.3126602172851562e-05
delete time:4.267692565917969e-05
delete time:2.288818359375e-05
delete time:2.8371810913085938e-05
delete time:2.47955322265625e-05
delete time:2.9325485229492188e-05
delete time:4.4345855712890625e-05
delete time:3.4332275390625e-05
delete time:3.695487976074219e-05
delete time:2.2411346435546875e-05
delete time:3.123283386230469e-05
delete time:3.170967102050781e-05
delete time:3.409385681152344e-05
delete time:2.3365020751953125e-05
delete time:2.1219253540039062e-05
delete time:2.4557113647460938e-05
delete time:4.5299530029296875e-05
delete time:2.6941299438476562e-05
delete time:2.7418136596679688e-05
delete time:2.4318695068359375e-05
delete time:3.0279159545898438e-05
delete time:2.6941299438476562e-05
delete time:2.5033950805664062e-05
delete time:2.765655517578125e-05
delete time:1.9550323486328125e-05
delete time:2.002716064453125e-05
delete time:3.314018249511719e-05
delete time:4.506111145019531e-05
delete time:2.574920654296875e-05
delete time:3.743171691894531e-05
delete time:3.743171691894531e-05
delete time:2.3603439331054688e-05
delete time:3.24249267578125e-05
delete time:3.075599670410156e-05
delete time:2.4318695068359375e-05
delete time:2.9325485229492188e-05
delete time:2.2649765014648438e-05
delete time:2.86102294921875e-05
delete time:2.4318695068359375e-05
delete time:2.4318695068359375e-05
delete time:2.765655517578125e-05
delete time:3.218650817871094e-05
delete time:2.8371810913085938e-05
delete time:2.1457672119140625e-05
delete time:2.86102294921875e-05
delete time:2.47955322265625e-05
delete time:4.2438507080078125e-05
delete time:2.1219253540039062e-05
delete time:3.910064697265625e-05
delete time:3.457069396972656e-05
delete time:2.4080276489257812e-05
delete time:3.3855438232421875e-05
delete time:3.600120544433594e-05
delete time:3.838539123535156e-05
delete time:3.790855407714844e-05
delete time:2.8371810913085938e-05
delete time:3.647804260253906e-05
delete time:2.1696090698242188e-05
delete time:3.8623809814453125e-05
delete time:2.1219253540039062e-05
delete time:2.6464462280273438e-05
delete time:3.4809112548828125e-05
delete time:3.790855407714844e-05
delete time:2.9325485229492188e-05
delete time:3.719329833984375e-05
delete time:1.7642974853515625e-05
delete time:3.123283386230469e-05
delete time:2.2649765014648438e-05
delete time:1.4781951904296875e-05
delete time:2.956390380859375e-05
delete time:2.2172927856445312e-05
delete time:2.9325485229492188e-05
delete time:3.4809112548828125e-05
delete time:3.814697265625e-05
delete time:2.7418136596679688e-05
delete time:2.1219253540039062e-05
delete time:3.6716461181640625e-05
delete time:3.838539123535156e-05
delete time:2.1219253540039062e-05
delete time:3.933906555175781e-05
delete time:2.2172927856445312e-05
delete time:2.4318695068359375e-05
delete time:3.314018249511719e-05
delete time:2.4557113647460938e-05
delete time:2.1696090698242188e-05
delete time:2.5510787963867188e-05
delete time:2.4318695068359375e-05
delete time:4.00543212890625e-05
delete time:2.2649765014648438e-05
delete time:3.457069396972656e-05
delete time:2.1457672119140625e-05
delete time:3.147125244140625e-05
delete time:2.7179718017578125e-05
delete time:2.1457672119140625e-05
delete time:2.8371810913085938e-05
delete time:3.910064697265625e-05
delete time:3.075599670410156e-05
delete time:3.838539123535156e-05
delete time:2.5987625122070312e-05
delete time:2.4557113647460938e-05
delete time:3.9577484130859375e-05
delete time:2.8133392333984375e-05
delete time:3.0040740966796875e-05
delete time:1.8358230590820312e-05
delete time:2.6941299438476562e-05
delete time:2.3603439331054688e-05
delete time:4.4345855712890625e-05
delete time:3.457069396972656e-05
delete time:2.574920654296875e-05
delete time:2.3365020751953125e-05
delete time:2.3365020751953125e-05
delete time:3.790855407714844e-05
delete time:2.1457672119140625e-05
delete time:2.8848648071289062e-05
delete time:3.218650817871094e-05
delete time:3.266334533691406e-05
delete time:4.792213439941406e-05
delete time:3.0517578125e-05
delete time:3.695487976074219e-05
delete time:2.3365020751953125e-05
delete time:3.2901763916015625e-05
delete time:2.3126602172851562e-05
delete time:3.361701965332031e-05
delete time:2.0742416381835938e-05
delete time:3.0994415283203125e-05
delete time:3.409385681152344e-05
delete time:3.2901763916015625e-05
delete time:2.3365020751953125e-05
delete time:3.3855438232421875e-05
delete time:2.574920654296875e-05
delete time:2.5033950805664062e-05
delete time:2.6226043701171875e-05
delete time:2.47955322265625e-05
delete time:2.8848648071289062e-05
delete time:2.47955322265625e-05
delete time:4.0531158447265625e-05
delete time:3.647804260253906e-05
delete time:2.6941299438476562e-05
delete time:2.6941299438476562e-05
delete time:2.9325485229492188e-05
delete time:2.6226043701171875e-05
delete time:3.743171691894531e-05
delete time:5.1975250244140625e-05
delete time:2.2649765014648438e-05
delete time:4.506111145019531e-05
delete time:3.2901763916015625e-05
delete time:2.4557113647460938e-05
delete time:3.552436828613281e-05
delete time:2.4080276489257812e-05
delete time:4.029273986816406e-05
delete time:3.457069396972656e-05
delete time:3.170967102050781e-05
delete time:3.314018249511719e-05
delete time:2.956390380859375e-05
delete time:3.743171691894531e-05
delete time:3.3855438232421875e-05
delete time:2.5987625122070312e-05
delete time:2.9325485229492188e-05
delete time:3.075599670410156e-05
delete time:2.3365020751953125e-05
delete time:2.5510787963867188e-05
delete time:3.719329833984375e-05
delete time:2.6702880859375e-05
delete time:3.981590270996094e-05
delete time:2.09808349609375e-05
delete time:2.4080276489257812e-05
delete time:3.170967102050781e-05
delete time:2.4080276489257812e-05
delete time:2.288818359375e-05
delete time:2.6226043701171875e-05
delete time:4.458427429199219e-05
delete time:2.47955322265625e-05
delete time:4.3392181396484375e-05
delete time:2.5272369384765625e-05
delete time:2.5272369384765625e-05
delete time:3.337860107421875e-05
delete time:2.9087066650390625e-05
delete time:2.9325485229492188e-05
delete time:2.5272369384765625e-05
delete time:4.1484832763671875e-05
delete time:2.47955322265625e-05
delete time:2.2649765014648438e-05
delete time:4.100799560546875e-05
delete time:2.2411346435546875e-05
delete time:4.506111145019531e-05
delete time:2.574920654296875e-05
delete time:3.528594970703125e-05
delete time:2.9087066650390625e-05
delete time:3.218650817871094e-05
delete time:3.1948089599609375e-05
delete time:3.695487976074219e-05
delete time:3.0040740966796875e-05
delete time:3.528594970703125e-05
delete time:3.7670135498046875e-05
delete time:2.6941299438476562e-05
delete time:3.647804260253906e-05
delete time:3.7670135498046875e-05
delete time:2.5510787963867188e-05
delete time:3.814697265625e-05
delete time:2.3603439331054688e-05
delete time:2.9325485229492188e-05
delete time:2.5987625122070312e-05
delete time:2.7179718017578125e-05
delete time:3.147125244140625e-05
delete time:3.24249267578125e-05
delete time:2.956390380859375e-05
delete time:3.933906555175781e-05
delete time:3.266334533691406e-05
delete time:2.002716064453125e-05
delete time:3.0994415283203125e-05
delete time:2.7179718017578125e-05
delete time:3.409385681152344e-05
delete time:2.6464462280273438e-05
delete time:2.2172927856445312e-05
delete time:4.291534423828125e-05
delete time:2.7179718017578125e-05
delete time:2.4557113647460938e-05
delete time:2.6702880859375e-05
delete time:2.5987625122070312e-05
delete time:2.6941299438476562e-05
delete time:2.4318695068359375e-05
delete time:2.5033950805664062e-05
delete time:3.24249267578125e-05
delete time:3.552436828613281e-05
delete time:2.6464462280273438e-05
delete time:2.47955322265625e-05
delete time:3.528594970703125e-05
delete time:3.814697265625e-05
delete time:3.981590270996094e-05
delete time:2.47955322265625e-05
delete time:2.8848648071289062e-05
delete time:3.337860107421875e-05
delete time:3.886222839355469e-05
delete time:2.1696090698242188e-05
delete time:2.765655517578125e-05
delete time:2.1457672119140625e-05
delete time:2.6464462280273438e-05
delete time:2.47955322265625e-05
delete time:2.574920654296875e-05
delete time:2.4318695068359375e-05
delete time:3.4332275390625e-05
delete time:2.288818359375e-05
delete time:2.6226043701171875e-05
delete time:3.147125244140625e-05
delete time:2.574920654296875e-05
delete time:4.267692565917969e-05
delete time:2.4318695068359375e-05
delete time:2.288818359375e-05
delete time:2.86102294921875e-05
delete time:2.47955322265625e-05
delete time:3.24249267578125e-05
delete time:1.9788742065429688e-05
delete time:2.6464462280273438e-05
delete time:2.4318695068359375e-05
delete time:3.1948089599609375e-05
delete time:2.574920654296875e-05
delete time:3.838539123535156e-05
delete time:1.7642974853515625e-05
delete time:2.0265579223632812e-05
delete time:2.3365020751953125e-05
delete time:4.029273986816406e-05
delete time:2.1457672119140625e-05
delete time:4.029273986816406e-05
delete time:2.9325485229492188e-05
delete time:2.6464462280273438e-05
delete time:4.1484832763671875e-05
delete time:2.2172927856445312e-05
delete time:2.0503997802734375e-05
delete time:3.0040740966796875e-05
delete time:2.1219253540039062e-05
delete time:2.193450927734375e-05
delete time:2.9087066650390625e-05
delete time:2.2649765014648438e-05
delete time:2.9325485229492188e-05
delete time:2.2172927856445312e-05
delete time:2.3365020751953125e-05
delete time:3.1948089599609375e-05
delete time:3.0994415283203125e-05
delete time:4.363059997558594e-05
delete time:3.170967102050781e-05
delete time:3.600120544433594e-05
delete time:4.1961669921875e-05
delete time:3.552436828613281e-05
delete time:3.5762786865234375e-05
delete time:2.6941299438476562e-05
delete time:2.384185791015625e-05
delete time:2.5272369384765625e-05
delete time:3.933906555175781e-05
delete time:3.361701965332031e-05
delete time:2.6941299438476562e-05
delete time:2.9087066650390625e-05
delete time:2.765655517578125e-05
delete time:2.6702880859375e-05
delete time:2.6702880859375e-05
delete time:3.123283386230469e-05
delete time:2.2172927856445312e-05
delete time:3.9577484130859375e-05
delete time:2.86102294921875e-05
delete time:2.9325485229492188e-05
delete time:3.123283386230469e-05
delete time:2.1457672119140625e-05
delete time:2.956390380859375e-05
delete time:2.574920654296875e-05
delete time:2.09808349609375e-05
delete time:2.5033950805664062e-05
delete time:3.409385681152344e-05
delete time:3.266334533691406e-05
delete time:2.0742416381835938e-05
delete time:3.3855438232421875e-05
delete time:2.765655517578125e-05
delete time:2.47955322265625e-05
delete time:3.5762786865234375e-05
delete time:2.5272369384765625e-05
delete time:3.504753112792969e-05
delete time:2.193450927734375e-05
delete time:2.0265579223632812e-05
delete time:3.8623809814453125e-05
delete time:3.814697265625e-05
delete time:2.7418136596679688e-05
delete time:4.1961669921875e-05
delete time:3.5762786865234375e-05
delete time:3.7670135498046875e-05
delete time:2.956390380859375e-05
delete time:2.47955322265625e-05
delete time:2.7894973754882812e-05
delete time:3.552436828613281e-05
delete time:3.4332275390625e-05
delete time:3.552436828613281e-05
delete time:3.719329833984375e-05
delete time:2.6464462280273438e-05
delete time:3.4332275390625e-05
delete time:2.956390380859375e-05
delete time:3.218650817871094e-05
delete time:2.5033950805664062e-05
delete time:3.4332275390625e-05
delete time:3.910064697265625e-05
delete time:2.8371810913085938e-05
delete time:2.1696090698242188e-05
delete time:4.482269287109375e-05
delete time:2.5033950805664062e-05
delete time:3.075599670410156e-05
delete time:3.0279159545898438e-05
delete time:1.621246337890625e-05
delete time:3.9577484130859375e-05
delete time:2.384185791015625e-05
delete time:2.765655517578125e-05
delete time:2.3126602172851562e-05
delete time:3.361701965332031e-05
delete time:2.7418136596679688e-05
delete time:3.695487976074219e-05
delete time:3.695487976074219e-05
delete time:3.0279159545898438e-05
delete time:1.71661376953125e-05
delete time:2.7894973754882812e-05
delete time:5.0067901611328125e-05
delete time:3.552436828613281e-05
delete time:2.6941299438476562e-05
delete time:2.5272369384765625e-05
delete time:3.2901763916015625e-05
delete time:4.5299530029296875e-05
delete time:4.220008850097656e-05
delete time:2.8133392333984375e-05
delete time:2.765655517578125e-05
delete time:2.6226043701171875e-05
delete time:2.384185791015625e-05
delete time:2.3365020751953125e-05
delete time:2.7418136596679688e-05
delete time:2.47955322265625e-05
delete time:1.9073486328125e-05
delete time:3.552436828613281e-05
delete time:2.3365020751953125e-05
delete time:2.2649765014648438e-05
delete time:3.4809112548828125e-05
delete time:2.6702880859375e-05
delete time:3.147125244140625e-05
delete time:2.7179718017578125e-05
delete time:2.7894973754882812e-05
delete time:3.2901763916015625e-05
delete time:3.695487976074219e-05
delete time:3.504753112792969e-05
delete time:2.47955322265625e-05
delete time:2.3603439331054688e-05
delete time:1.9073486328125e-05
delete time:3.147125244140625e-05
delete time:4.1484832763671875e-05
delete time:2.1219253540039062e-05
delete time:2.1457672119140625e-05
delete time:2.5272369384765625e-05
delete time:3.6716461181640625e-05
delete time:4.029273986816406e-05
delete time:3.218650817871094e-05
delete time:3.218650817871094e-05
delete time:3.6716461181640625e-05
delete time:2.6941299438476562e-05
delete time:2.0503997802734375e-05
delete time:2.86102294921875e-05
delete time:3.981590270996094e-05
delete time:2.9802322387695312e-05
delete time:3.075599670410156e-05
delete time:3.6716461181640625e-05
delete time:4.291534423828125e-05
delete time:2.9802322387695312e-05
delete time:3.266334533691406e-05
delete time:3.0040740966796875e-05
delete time:2.7894973754882812e-05
delete time:2.47955322265625e-05
delete time:2.86102294921875e-05
delete time:2.4080276489257812e-05
delete time:2.288818359375e-05
delete time:4.0531158447265625e-05
delete time:3.814697265625e-05
delete time:2.9087066650390625e-05
delete time:3.600120544433594e-05
delete time:3.457069396972656e-05
delete time:3.3855438232421875e-05
delete time:3.314018249511719e-05
delete time:2.6941299438476562e-05
delete time:2.956390380859375e-05
delete time:3.504753112792969e-05
delete time:2.7179718017578125e-05
delete time:3.337860107421875e-05
delete time:2.47955322265625e-05
delete time:1.811981201171875e-05
delete time:3.3855438232421875e-05
delete time:2.6702880859375e-05
delete time:2.6702880859375e-05
delete time:2.956390380859375e-05
delete time:3.933906555175781e-05
delete time:4.696846008300781e-05
delete time:2.3603439331054688e-05
delete time:2.574920654296875e-05
delete time:2.384185791015625e-05
delete time:2.6702880859375e-05
delete time:1.6450881958007812e-05
delete time:4.315376281738281e-05
delete time:3.1948089599609375e-05
delete time:2.288818359375e-05
delete time:2.384185791015625e-05
delete time:2.47955322265625e-05
delete time:2.9087066650390625e-05
delete time:3.552436828613281e-05
delete time:1.8835067749023438e-05
delete time:2.5272369384765625e-05
delete time:4.506111145019531e-05
delete time:3.719329833984375e-05
delete time:2.47955322265625e-05
delete time:3.3855438232421875e-05
delete time:2.7418136596679688e-05
delete time:3.457069396972656e-05
delete time:2.002716064453125e-05
delete time:2.4318695068359375e-05
delete time:2.6702880859375e-05
delete time:2.6226043701171875e-05
delete time:2.2411346435546875e-05
delete time:3.075599670410156e-05
delete time:4.1484832763671875e-05
delete time:2.4557113647460938e-05
delete time:3.075599670410156e-05
delete time:3.2901763916015625e-05
delete time:3.838539123535156e-05
delete time:1.7642974853515625e-05
delete time:5.364418029785156e-05
delete time:2.7894973754882812e-05
delete time:3.719329833984375e-05
delete time:2.9087066650390625e-05
delete time:3.2901763916015625e-05
delete time:2.7179718017578125e-05
delete time:2.47955322265625e-05
delete time:2.3126602172851562e-05
delete time:2.47955322265625e-05
delete time:2.956390380859375e-05
delete time:2.5510787963867188e-05
delete time:4.315376281738281e-05
delete time:2.2411346435546875e-05
delete time:3.3855438232421875e-05
delete time:2.4557113647460938e-05
delete time:3.147125244140625e-05
delete time:4.458427429199219e-05
delete time:2.5272369384765625e-05
delete time:3.600120544433594e-05
delete time:2.8133392333984375e-05
delete time:3.552436828613281e-05
delete time:3.147125244140625e-05
delete time:3.4809112548828125e-05
delete time:2.5272369384765625e-05
delete time:1.8835067749023438e-05
delete time:2.0742416381835938e-05
delete time:2.5987625122070312e-05
delete time:2.0265579223632812e-05
delete time:2.8848648071289062e-05
delete time:2.9325485229492188e-05
delete time:1.7642974853515625e-05
delete time:2.4318695068359375e-05
delete time:1.9788742065429688e-05
delete time:3.266334533691406e-05
delete time:3.24249267578125e-05
delete time:4.363059997558594e-05
delete time:4.291534423828125e-05
delete time:2.8848648071289062e-05
delete time:2.8133392333984375e-05
delete time:3.9577484130859375e-05
delete time:2.193450927734375e-05
delete time:2.9802322387695312e-05
delete time:2.47955322265625e-05
delete time:3.552436828613281e-05
delete time:4.0531158447265625e-05
delete time:3.9577484130859375e-05
delete time:2.8848648071289062e-05
delete time:2.574920654296875e-05
delete time:2.6702880859375e-05
delete time:4.863739013671875e-05
delete time:3.266334533691406e-05
delete time:2.3365020751953125e-05
delete time:3.600120544433594e-05
delete time:3.314018249511719e-05
delete time:1.5735626220703125e-05
delete time:3.0517578125e-05
delete time:2.574920654296875e-05
delete time:2.7179718017578125e-05
delete time:2.7418136596679688e-05
delete time:1.8596649169921875e-05
delete time:2.7179718017578125e-05
delete time:2.4318695068359375e-05
delete time:2.6464462280273438e-05
delete time:3.314018249511719e-05
delete time:2.6464462280273438e-05
delete time:3.457069396972656e-05
delete time:2.6702880859375e-05
delete time:3.361701965332031e-05
delete time:2.2411346435546875e-05
delete time:2.9325485229492188e-05
delete time:2.5272369384765625e-05
delete time:2.5272369384765625e-05
delete time:2.6464462280273438e-05
delete time:2.6464462280273438e-05
delete time:2.3126602172851562e-05
delete time:2.9325485229492188e-05
delete time:2.6702880859375e-05
delete time:3.600120544433594e-05
delete time:2.5510787963867188e-05
delete time:2.6702880859375e-05
delete time:4.315376281738281e-05
delete time:4.863739013671875e-05
delete time:3.123283386230469e-05
delete time:2.4557113647460938e-05
delete time:4.220008850097656e-05
delete time:2.3126602172851562e-05
delete time:2.6702880859375e-05
delete time:3.790855407714844e-05
delete time:1.7881393432617188e-05
delete time:2.6702880859375e-05
delete time:4.1484832763671875e-05
delete time:2.8133392333984375e-05
delete time:3.0040740966796875e-05
delete time:2.6941299438476562e-05
delete time:2.6226043701171875e-05
delete time:2.1219253540039062e-05
delete time:2.9325485229492188e-05
delete time:4.00543212890625e-05
delete time:2.6464462280273438e-05
delete time:3.62396240234375e-05
delete time:2.6941299438476562e-05
delete time:3.337860107421875e-05
delete time:2.9087066650390625e-05
delete time:3.0994415283203125e-05
delete time:4.6253204345703125e-05
delete time:2.5510787963867188e-05
delete time:3.600120544433594e-05
delete time:2.8133392333984375e-05
delete time:3.886222839355469e-05
delete time:2.2649765014648438e-05
delete time:2.8848648071289062e-05
delete time:2.1696090698242188e-05
delete time:2.47955322265625e-05
delete time:3.838539123535156e-05
delete time:2.86102294921875e-05
delete time:3.24249267578125e-05
delete time:2.384185791015625e-05
delete time:3.3855438232421875e-05
delete time:3.1948089599609375e-05
delete time:3.409385681152344e-05
delete time:3.743171691894531e-05
delete time:3.981590270996094e-05
delete time:3.0040740966796875e-05
delete time:3.4809112548828125e-05
delete time:2.0503997802734375e-05
delete time:2.6464462280273438e-05
delete time:3.4809112548828125e-05
delete time:2.4318695068359375e-05
delete time:3.504753112792969e-05
delete time:2.288818359375e-05
delete time:3.933906555175781e-05
delete time:2.765655517578125e-05
delete time:2.5987625122070312e-05
delete time:2.384185791015625e-05
delete time:3.075599670410156e-05
delete time:2.3603439331054688e-05
delete time:2.765655517578125e-05
delete time:2.3603439331054688e-05
delete time:4.1961669921875e-05
delete time:2.9325485229492188e-05
delete time:1.811981201171875e-05
delete time:2.6702880859375e-05
delete time:1.5735626220703125e-05
delete time:3.457069396972656e-05
delete time:2.4080276489257812e-05
delete time:2.574920654296875e-05
delete time:3.814697265625e-05
delete time:2.8371810913085938e-05
delete time:2.765655517578125e-05
delete time:3.170967102050781e-05
delete time:2.6464462280273438e-05
delete time:2.9087066650390625e-05
delete time:3.886222839355469e-05
delete time:3.457069396972656e-05
delete time:2.86102294921875e-05
delete time:1.7642974853515625e-05
delete time:2.86102294921875e-05
delete time:2.1219253540039062e-05
delete time:3.147125244140625e-05
delete time:2.1457672119140625e-05
delete time:2.7418136596679688e-05
delete time:3.910064697265625e-05
delete time:2.3603439331054688e-05
delete time:3.4332275390625e-05
delete time:4.100799560546875e-05
delete time:2.384185791015625e-05
delete time:2.7418136596679688e-05
delete time:3.790855407714844e-05
delete time:2.288818359375e-05
delete time:3.314018249511719e-05
delete time:2.0742416381835938e-05
delete time:3.266334533691406e-05
delete time:2.384185791015625e-05
delete time:2.86102294921875e-05
delete time:4.00543212890625e-05
delete time:3.147125244140625e-05
delete time:2.47955322265625e-05
delete time:3.0517578125e-05
delete time:2.6464462280273438e-05
delete time:3.1948089599609375e-05
delete time:3.314018249511719e-05
delete time:1.6689300537109375e-05
delete time:2.9087066650390625e-05
delete time:2.4318695068359375e-05
delete time:5.245208740234375e-05
delete time:2.3126602172851562e-05
delete time:3.814697265625e-05
delete time:3.5762786865234375e-05
delete time:3.361701965332031e-05
delete time:3.0040740966796875e-05
delete time:2.2649765014648438e-05
delete time:4.291534423828125e-05
delete time:3.075599670410156e-05
delete time:2.956390380859375e-05
delete time:2.1219253540039062e-05
delete time:2.6464462280273438e-05
delete time:2.002716064453125e-05
delete time:2.3126602172851562e-05
delete time:2.1219253540039062e-05
delete time:3.4809112548828125e-05
delete time:2.4080276489257812e-05
delete time:2.9802322387695312e-05
delete time:3.24249267578125e-05
delete time:1.5020370483398438e-05
delete time:3.24249267578125e-05
delete time:2.5272369384765625e-05
delete time:2.6941299438476562e-05
delete time:3.409385681152344e-05
delete time:3.123283386230469e-05
delete time:2.6226043701171875e-05
delete time:3.790855407714844e-05
delete time:2.4080276489257812e-05
delete time:2.384185791015625e-05
delete time:3.528594970703125e-05
delete time:3.743171691894531e-05
delete time:2.6464462280273438e-05
delete time:2.1219253540039062e-05
delete time:2.47955322265625e-05
delete time:3.552436828613281e-05
delete time:2.86102294921875e-05
delete time:1.9311904907226562e-05
delete time:4.1484832763671875e-05
delete time:2.1696090698242188e-05
delete time:3.1948089599609375e-05
delete time:3.0994415283203125e-05
delete time:3.933906555175781e-05
delete time:2.0742416381835938e-05
delete time:2.47955322265625e-05
delete time:3.123283386230469e-05
delete time:3.147125244140625e-05
delete time:2.193450927734375e-05
delete time:2.8133392333984375e-05
delete time:3.2901763916015625e-05
delete time:2.2649765014648438e-05
delete time:3.0517578125e-05
delete time:2.47955322265625e-05
delete time:3.8623809814453125e-05
delete time:2.1696090698242188e-05
delete time:2.5033950805664062e-05
delete time:2.8848648071289062e-05
delete time:2.3603439331054688e-05
delete time:3.170967102050781e-05
delete time:2.7418136596679688e-05
delete time:3.0279159545898438e-05
delete time:2.2172927856445312e-05
delete time:2.5272369384765625e-05
delete time:3.361701965332031e-05
delete time:2.1219253540039062e-05
delete time:2.6941299438476562e-05
delete time:3.457069396972656e-05
delete time:2.1457672119140625e-05
delete time:2.574920654296875e-05
delete time:2.6226043701171875e-05
delete time:2.3603439331054688e-05
delete time:2.7179718017578125e-05
delete time:2.6464462280273438e-05
delete time:4.029273986816406e-05
delete time:3.695487976074219e-05
delete time:2.3126602172851562e-05
delete time:2.3126602172851562e-05
delete time:2.8848648071289062e-05
delete time:4.076957702636719e-05
delete time:3.409385681152344e-05
delete time:2.6226043701171875e-05
delete time:3.600120544433594e-05
delete time:2.0742416381835938e-05
delete time:2.4318695068359375e-05
delete time:2.3603439331054688e-05
delete time:4.0531158447265625e-05
delete time:1.9073486328125e-05
delete time:2.7894973754882812e-05
delete time:2.1457672119140625e-05
delete time:2.2172927856445312e-05
delete time:3.337860107421875e-05
delete time:3.5762786865234375e-05
delete time:3.075599670410156e-05
delete time:1.8596649169921875e-05
delete time:3.314018249511719e-05
delete time:3.1948089599609375e-05
delete time:2.3603439331054688e-05
delete time:2.288818359375e-05
delete time:2.7894973754882812e-05
delete time:4.1484832763671875e-05
delete time:2.5272369384765625e-05
delete time:2.2649765014648438e-05
delete time:2.8371810913085938e-05
delete time:2.47955322265625e-05
delete time:2.4318695068359375e-05
delete time:4.1961669921875e-05
delete time:2.0742416381835938e-05
delete time:3.075599670410156e-05
delete time:2.574920654296875e-05
delete time:3.170967102050781e-05
delete time:3.0279159545898438e-05
delete time:4.076957702636719e-05
delete time:2.3603439331054688e-05
delete time:3.266334533691406e-05
delete time:2.7179718017578125e-05
delete time:2.193450927734375e-05
delete time:2.47955322265625e-05
delete time:2.6941299438476562e-05
delete time:3.528594970703125e-05
delete time:3.075599670410156e-05
delete time:2.6464462280273438e-05
delete time:2.2649765014648438e-05
delete time:3.457069396972656e-05
delete time:2.1457672119140625e-05
delete time:2.193450927734375e-05
delete time:2.9325485229492188e-05
delete time:2.6702880859375e-05
delete time:4.2438507080078125e-05
delete time:3.075599670410156e-05
delete time:2.6464462280273438e-05
delete time:3.337860107421875e-05
delete time:3.2901763916015625e-05
delete time:3.0279159545898438e-05
delete time:2.9087066650390625e-05
delete time:3.743171691894531e-05
delete time:3.170967102050781e-05
delete time:3.62396240234375e-05
delete time:3.719329833984375e-05
delete time:3.0517578125e-05
delete time:2.1457672119140625e-05
delete time:2.4557113647460938e-05
delete time:4.1961669921875e-05
delete time:2.6702880859375e-05
delete time:2.7418136596679688e-05
delete time:2.6702880859375e-05
delete time:2.193450927734375e-05
delete time:2.9802322387695312e-05
delete time:2.5033950805664062e-05
delete time:2.765655517578125e-05
delete time:3.814697265625e-05
delete time:2.384185791015625e-05
delete time:3.552436828613281e-05
delete time:2.7418136596679688e-05
delete time:3.123283386230469e-05
delete time:2.6702880859375e-05
delete time:2.3365020751953125e-05
delete time:2.1219253540039062e-05
delete time:2.288818359375e-05
delete time:2.9802322387695312e-05
delete time:3.337860107421875e-05
delete time:2.0742416381835938e-05
delete time:2.7179718017578125e-05
delete time:3.218650817871094e-05
delete time:2.6226043701171875e-05
delete time:3.457069396972656e-05
delete time:2.6702880859375e-05
delete time:4.100799560546875e-05
delete time:3.1948089599609375e-05
delete time:2.2649765014648438e-05
delete time:3.218650817871094e-05
delete time:3.6716461181640625e-05
delete time:3.743171691894531e-05
delete time:2.8133392333984375e-05
delete time:4.1484832763671875e-05
delete time:2.956390380859375e-05
delete time:2.7894973754882812e-05
delete time:1.3589859008789062e-05
delete time:2.4318695068359375e-05
delete time:2.288818359375e-05
delete time:3.24249267578125e-05
delete time:3.24249267578125e-05
delete time:2.384185791015625e-05
delete time:2.9802322387695312e-05
delete time:2.5987625122070312e-05
delete time:2.9087066650390625e-05
delete time:2.574920654296875e-05
delete time:1.8835067749023438e-05
delete time:3.123283386230469e-05
delete time:3.4809112548828125e-05
delete time:2.7894973754882812e-05
delete time:2.8133392333984375e-05
delete time:1.8835067749023438e-05
delete time:2.6702880859375e-05
delete time:2.7894973754882812e-05
delete time:2.193450927734375e-05
delete time:2.8371810913085938e-05
delete time:2.288818359375e-05
delete time:2.7179718017578125e-05
delete time:2.574920654296875e-05
delete time:3.552436828613281e-05
delete time:2.9802322387695312e-05
delete time:4.220008850097656e-05
delete time:3.123283386230469e-05
delete time:3.0040740966796875e-05
delete time:2.47955322265625e-05
delete time:3.218650817871094e-05
delete time:1.6689300537109375e-05
delete time:2.956390380859375e-05
delete time:3.552436828613281e-05
delete time:3.504753112792969e-05
delete time:1.7881393432617188e-05
delete time:2.6702880859375e-05
delete time:1.9788742065429688e-05
delete time:2.1696090698242188e-05
delete time:2.956390380859375e-05
delete time:2.86102294921875e-05
delete time:3.0040740966796875e-05
delete time:1.9788742065429688e-05
delete time:2.6464462280273438e-05
delete time:1.7881393432617188e-05
delete time:3.0040740966796875e-05
delete time:2.9802322387695312e-05
delete time:2.8848648071289062e-05
delete time:2.4318695068359375e-05
delete time:3.886222839355469e-05
delete time:2.3603439331054688e-05
delete time:3.4809112548828125e-05
delete time:3.266334533691406e-05
delete time:3.3855438232421875e-05
delete time:2.6464462280273438e-05
delete time:2.86102294921875e-05
delete time:2.3603439331054688e-05
delete time:2.7894973754882812e-05
delete time:2.6941299438476562e-05
delete time:4.1961669921875e-05
delete time:2.86102294921875e-05
delete time:3.075599670410156e-05
delete time:3.1948089599609375e-05
delete time:4.029273986816406e-05
delete time:3.170967102050781e-05
delete time:3.170967102050781e-05
delete time:2.47955322265625e-05
delete time:2.8848648071289062e-05
delete time:2.3126602172851562e-05
delete time:2.47955322265625e-05
delete time:3.552436828613281e-05
delete time:2.09808349609375e-05
delete time:3.5762786865234375e-05
delete time:2.6941299438476562e-05
delete time:2.7894973754882812e-05
delete time:2.2172927856445312e-05
delete time:2.7894973754882812e-05
delete time:3.814697265625e-05
delete time:2.8371810913085938e-05
delete time:3.552436828613281e-05
delete time:3.123283386230469e-05
delete time:3.218650817871094e-05
delete time:4.00543212890625e-05
delete time:3.337860107421875e-05
delete time:2.5510787963867188e-05
delete time:2.09808349609375e-05
delete time:2.574920654296875e-05
delete time:2.6464462280273438e-05
delete time:2.6226043701171875e-05
delete time:3.552436828613281e-05
delete time:3.24249267578125e-05
delete time:2.3603439331054688e-05
delete time:2.5510787963867188e-05
delete time:1.9550323486328125e-05
delete time:3.170967102050781e-05
delete time:2.3126602172851562e-05
delete time:3.504753112792969e-05
delete time:3.504753112792969e-05
delete time:2.8848648071289062e-05
delete time:3.0994415283203125e-05
delete time:2.5510787963867188e-05
delete time:2.1696090698242188e-05
delete time:1.9550323486328125e-05
delete time:3.075599670410156e-05
delete time:2.5987625122070312e-05
delete time:2.9802322387695312e-05
delete time:3.2901763916015625e-05
delete time:2.6226043701171875e-05
delete time:4.124641418457031e-05
delete time:1.6689300537109375e-05
delete time:2.6226043701171875e-05
delete time:2.1696090698242188e-05
delete time:2.5510787963867188e-05
delete time:2.2649765014648438e-05
delete time:2.1219253540039062e-05
delete time:3.337860107421875e-05
delete time:2.4557113647460938e-05
delete time:2.6464462280273438e-05
delete time:4.1961669921875e-05
delete time:2.002716064453125e-05
delete time:2.574920654296875e-05
delete time:3.0040740966796875e-05
delete time:3.647804260253906e-05
delete time:2.0742416381835938e-05
delete time:3.790855407714844e-05
delete time:2.8133392333984375e-05
delete time:3.2901763916015625e-05
delete time:2.0265579223632812e-05
delete time:2.2649765014648438e-05
delete time:2.956390380859375e-05
delete time:3.62396240234375e-05
delete time:2.0265579223632812e-05
delete time:2.7179718017578125e-05
delete time:1.9550323486328125e-05
delete time:3.1948089599609375e-05
delete time:2.3365020751953125e-05
delete time:3.552436828613281e-05
delete time:2.384185791015625e-05
delete time:3.0279159545898438e-05
delete time:2.86102294921875e-05
delete time:3.457069396972656e-05
delete time:3.0279159545898438e-05
delete time:2.0503997802734375e-05
delete time:3.361701965332031e-05
delete time:3.266334533691406e-05
delete time:3.1948089599609375e-05
delete time:3.0279159545898438e-05
delete time:3.1948089599609375e-05
delete time:2.7179718017578125e-05
delete time:3.2901763916015625e-05
delete time:1.7404556274414062e-05
delete time:2.8371810913085938e-05
delete time:1.9550323486328125e-05
delete time:2.2172927856445312e-05
delete time:2.1219253540039062e-05
delete time:1.8835067749023438e-05
delete time:2.5272369384765625e-05
delete time:3.0040740966796875e-05
delete time:2.2649765014648438e-05
delete time:1.811981201171875e-05
delete time:2.002716064453125e-05
delete time:1.9073486328125e-05
delete time:3.933906555175781e-05
delete time:2.6702880859375e-05
delete time:2.47955322265625e-05
delete time:3.504753112792969e-05
delete time:4.076957702636719e-05
delete time:2.3126602172851562e-05
delete time:3.24249267578125e-05
delete time:3.1948089599609375e-05
delete time:3.647804260253906e-05
delete time:2.4318695068359375e-05
delete time:3.266334533691406e-05
delete time:3.552436828613281e-05
delete time:3.266334533691406e-05
delete time:2.5987625122070312e-05
delete time:2.9802322387695312e-05
delete time:1.5735626220703125e-05
delete time:3.361701965332031e-05
delete time:3.528594970703125e-05
delete time:3.838539123535156e-05
delete time:2.8133392333984375e-05
delete time:1.9311904907226562e-05
delete time:3.3855438232421875e-05
delete time:2.1696090698242188e-05
delete time:3.1948089599609375e-05
delete time:1.71661376953125e-05
delete time:2.384185791015625e-05
delete time:2.2411346435546875e-05
delete time:2.7418136596679688e-05
delete time:3.6716461181640625e-05
delete time:3.218650817871094e-05
delete time:4.00543212890625e-05
delete time:3.361701965332031e-05
delete time:2.0503997802734375e-05
delete time:2.5033950805664062e-05
delete time:2.9802322387695312e-05
delete time:3.695487976074219e-05
delete time:3.9577484130859375e-05
delete time:2.4318695068359375e-05
delete time:2.8133392333984375e-05
delete time:2.288818359375e-05
delete time:2.7179718017578125e-05
delete time:2.7894973754882812e-05
delete time:2.1219253540039062e-05
delete time:3.933906555175781e-05
delete time:2.574920654296875e-05
delete time:3.0279159545898438e-05
delete time:3.266334533691406e-05
delete time:2.2649765014648438e-05
delete time:1.9073486328125e-05
delete time:2.7179718017578125e-05
delete time:3.24249267578125e-05
delete time:2.3126602172851562e-05
delete time:2.0742416381835938e-05
delete time:3.814697265625e-05
delete time:2.7894973754882812e-05
delete time:3.814697265625e-05
delete time:2.7418136596679688e-05
delete time:2.9802322387695312e-05
delete time:3.552436828613281e-05
delete time:3.123283386230469e-05
delete time:1.7404556274414062e-05
delete time:4.38690185546875e-05
delete time:3.123283386230469e-05
delete time:3.0040740966796875e-05
delete time:2.6941299438476562e-05
delete time:3.910064697265625e-05
delete time:2.9087066650390625e-05
delete time:2.1219253540039062e-05
delete time:3.4332275390625e-05
delete time:2.5987625122070312e-05
delete time:2.09808349609375e-05
delete time:2.7179718017578125e-05
delete time:2.956390380859375e-05
delete time:2.9802322387695312e-05
delete time:2.4080276489257812e-05
delete time:3.123283386230469e-05
delete time:3.0040740966796875e-05
delete time:1.811981201171875e-05
delete time:3.123283386230469e-05
delete time:2.3365020751953125e-05
delete time:1.6927719116210938e-05
delete time:2.0503997802734375e-05
delete time:3.3855438232421875e-05
delete time:2.47955322265625e-05
delete time:1.8358230590820312e-05
delete time:3.075599670410156e-05
delete time:2.86102294921875e-05
delete time:3.7670135498046875e-05
delete time:3.314018249511719e-05
delete time:2.3603439331054688e-05
delete time:4.220008850097656e-05
delete time:3.4809112548828125e-05
delete time:2.9087066650390625e-05
delete time:2.193450927734375e-05
delete time:4.00543212890625e-05
delete time:3.147125244140625e-05
delete time:2.574920654296875e-05
delete time:2.7894973754882812e-05
delete time:2.0265579223632812e-05
delete time:1.8835067749023438e-05
delete time:3.218650817871094e-05
delete time:3.147125244140625e-05
delete time:1.9311904907226562e-05
delete time:4.553794860839844e-05
delete time:3.2901763916015625e-05
delete time:2.7418136596679688e-05
delete time:3.24249267578125e-05
delete time:2.9087066650390625e-05
delete time:2.5987625122070312e-05
delete time:2.4080276489257812e-05
delete time:3.409385681152344e-05
delete time:3.147125244140625e-05
delete time:2.5987625122070312e-05
delete time:2.5987625122070312e-05
delete time:2.3603439331054688e-05
delete time:2.9325485229492188e-05
delete time:1.9550323486328125e-05
delete time:3.218650817871094e-05
delete time:1.8835067749023438e-05
delete time:1.8835067749023438e-05
delete time:2.1457672119140625e-05
delete time:3.8623809814453125e-05
delete time:3.9577484130859375e-05
delete time:2.193450927734375e-05
delete time:3.0279159545898438e-05
delete time:2.9325485229492188e-05
delete time:1.9788742065429688e-05
delete time:1.8835067749023438e-05
delete time:2.0503997802734375e-05
delete time:2.6464462280273438e-05
delete time:2.7179718017578125e-05
delete time:2.5987625122070312e-05
delete time:3.5762786865234375e-05
delete time:2.6226043701171875e-05
delete time:1.7642974853515625e-05
delete time:2.0265579223632812e-05
delete time:2.86102294921875e-05
delete time:3.600120544433594e-05
delete time:3.8623809814453125e-05
delete time:2.6941299438476562e-05
delete time:2.1457672119140625e-05
delete time:2.3603439331054688e-05
delete time:1.8835067749023438e-05
delete time:2.2172927856445312e-05
delete time:3.2901763916015625e-05
delete time:2.2411346435546875e-05
delete time:4.38690185546875e-05
delete time:2.9802322387695312e-05
delete time:1.7881393432617188e-05
delete time:3.314018249511719e-05
delete time:2.002716064453125e-05
delete time:2.5510787963867188e-05
delete time:1.9073486328125e-05
delete time:3.647804260253906e-05
delete time:2.3365020751953125e-05
delete time:1.621246337890625e-05
delete time:3.1948089599609375e-05
delete time:1.9073486328125e-05
delete time:2.8848648071289062e-05
delete time:2.7418136596679688e-05
delete time:3.0517578125e-05
delete time:3.314018249511719e-05
delete time:3.170967102050781e-05
delete time:2.1457672119140625e-05
delete time:2.4318695068359375e-05
delete time:3.9577484130859375e-05
delete time:2.0503997802734375e-05
delete time:2.4080276489257812e-05
delete time:2.3126602172851562e-05
delete time:2.1219253540039062e-05
delete time:1.8596649169921875e-05
delete time:2.193450927734375e-05
delete time:3.3855438232421875e-05
delete time:2.3126602172851562e-05
delete time:2.5510787963867188e-05
delete time:3.62396240234375e-05
delete time:2.4080276489257812e-05
delete time:3.123283386230469e-05
delete time:2.3365020751953125e-05
delete time:2.5987625122070312e-05
delete time:2.5272369384765625e-05
delete time:2.8133392333984375e-05
delete time:2.6702880859375e-05
delete time:2.4557113647460938e-05
delete time:1.7881393432617188e-05
delete time:2.3126602172851562e-05
delete time:2.0503997802734375e-05
delete time:3.123283386230469e-05
delete time:1.7881393432617188e-05
delete time:2.8133392333984375e-05
delete time:2.2172927856445312e-05
delete time:2.574920654296875e-05
delete time:2.288818359375e-05
delete time:2.1219253540039062e-05
delete time:4.553794860839844e-05
delete time:2.2411346435546875e-05
delete time:3.0279159545898438e-05
delete time:2.0503997802734375e-05
delete time:2.8133392333984375e-05
delete time:3.361701965332031e-05
delete time:3.170967102050781e-05
delete time:2.1219253540039062e-05
delete time:3.0279159545898438e-05
delete time:1.8596649169921875e-05
delete time:3.0040740966796875e-05
delete time:2.2649765014648438e-05
delete time:1.9788742065429688e-05
delete time:3.147125244140625e-05
delete time:3.790855407714844e-05
delete time:1.7642974853515625e-05
delete time:3.2901763916015625e-05
delete time:4.482269287109375e-05
delete time:2.4318695068359375e-05
delete time:3.457069396972656e-05
delete time:3.886222839355469e-05
delete time:2.5510787963867188e-05
delete time:2.574920654296875e-05
delete time:2.384185791015625e-05
delete time:3.647804260253906e-05
delete time:3.147125244140625e-05
delete time:3.147125244140625e-05
delete time:3.361701965332031e-05
delete time:1.52587890625e-05
delete time:2.574920654296875e-05
delete time:2.765655517578125e-05
delete time:2.765655517578125e-05
delete time:2.7179718017578125e-05
delete time:2.8371810913085938e-05
delete time:3.24249267578125e-05
delete time:2.0503997802734375e-05
delete time:1.9073486328125e-05
delete time:1.811981201171875e-05
delete time:3.337860107421875e-05
delete time:2.6464462280273438e-05
delete time:3.743171691894531e-05
delete time:2.765655517578125e-05
delete time:3.552436828613281e-05
delete time:2.86102294921875e-05
delete time:3.123283386230469e-05
delete time:3.695487976074219e-05
delete time:4.00543212890625e-05
delete time:1.7404556274414062e-05
delete time:3.409385681152344e-05
delete time:3.600120544433594e-05
delete time:1.71661376953125e-05
delete time:2.5033950805664062e-05
delete time:2.288818359375e-05
delete time:2.2649765014648438e-05
delete time:2.4080276489257812e-05
delete time:2.47955322265625e-05
delete time:3.1948089599609375e-05
delete time:2.8848648071289062e-05
delete time:3.0040740966796875e-05
delete time:1.6927719116210938e-05
delete time:2.1457672119140625e-05
delete time:3.075599670410156e-05
delete time:2.4557113647460938e-05
delete time:2.7418136596679688e-05
delete time:2.6226043701171875e-05
delete time:2.9802322387695312e-05
delete time:3.075599670410156e-05
delete time:2.3603439331054688e-05
delete time:2.7179718017578125e-05
delete time:3.4809112548828125e-05
delete time:2.0265579223632812e-05
delete time:1.811981201171875e-05
delete time:3.123283386230469e-05
delete time:2.765655517578125e-05
delete time:2.765655517578125e-05
delete time:2.3603439331054688e-05
delete time:2.3365020751953125e-05
delete time:2.4318695068359375e-05
delete time:3.0279159545898438e-05
delete time:2.6941299438476562e-05
delete time:1.7881393432617188e-05
delete time:2.9802322387695312e-05
delete time:3.0040740966796875e-05
delete time:2.765655517578125e-05
delete time:2.2649765014648438e-05
delete time:3.504753112792969e-05
delete time:2.9802322387695312e-05
delete time:2.5272369384765625e-05
delete time:4.673004150390625e-05
delete time:3.170967102050781e-05
delete time:2.8133392333984375e-05
delete time:2.09808349609375e-05
delete time:3.4809112548828125e-05
delete time:3.0994415283203125e-05
delete time:3.0279159545898438e-05
delete time:1.7881393432617188e-05
delete time:2.7894973754882812e-05
delete time:2.8133392333984375e-05
delete time:3.838539123535156e-05
delete time:2.8133392333984375e-05
delete time:4.3392181396484375e-05
delete time:3.910064697265625e-05
delete time:2.1696090698242188e-05
delete time:2.3126602172851562e-05
delete time:2.5510787963867188e-05
delete time:3.552436828613281e-05
delete time:2.1696090698242188e-05
delete time:2.9802322387695312e-05
delete time:2.8371810913085938e-05
delete time:3.457069396972656e-05
delete time:3.933906555175781e-05
delete time:3.5762786865234375e-05
delete time:4.124641418457031e-05
delete time:2.8133392333984375e-05
delete time:3.147125244140625e-05
delete time:3.337860107421875e-05
delete time:2.9802322387695312e-05
delete time:3.4332275390625e-05
delete time:3.147125244140625e-05
delete time:3.528594970703125e-05
delete time:2.47955322265625e-05
delete time:3.600120544433594e-05
delete time:2.3365020751953125e-05
delete time:2.6941299438476562e-05
delete time:3.62396240234375e-05
delete time:3.933906555175781e-05
delete time:2.1457672119140625e-05
delete time:4.1961669921875e-05
delete time:2.7894973754882812e-05
delete time:3.0279159545898438e-05
delete time:3.0279159545898438e-05
delete time:3.5762786865234375e-05
delete time:3.409385681152344e-05
delete time:3.337860107421875e-05
delete time:2.9325485229492188e-05
delete time:2.7418136596679688e-05
delete time:2.7418136596679688e-05
delete time:3.981590270996094e-05
delete time:3.5762786865234375e-05
delete time:1.9550323486328125e-05
delete time:4.553794860839844e-05
delete time:2.2649765014648438e-05
delete time:2.6941299438476562e-05
delete time:2.6941299438476562e-05
delete time:3.0517578125e-05
delete time:3.24249267578125e-05
delete time:3.1948089599609375e-05
delete time:3.123283386230469e-05
delete time:3.0279159545898438e-05
delete time:2.7894973754882812e-05
delete time:2.9087066650390625e-05
delete time:3.170967102050781e-05
delete time:4.291534423828125e-05
delete time:2.193450927734375e-05
delete time:2.47955322265625e-05
delete time:2.956390380859375e-05
delete time:2.8371810913085938e-05
delete time:3.337860107421875e-05
delete time:3.9577484130859375e-05
delete time:3.4332275390625e-05
delete time:2.3603439331054688e-05
delete time:2.4557113647460938e-05
delete time:3.7670135498046875e-05
delete time:3.170967102050781e-05
delete time:3.0994415283203125e-05
delete time:3.314018249511719e-05
delete time:2.9325485229492188e-05
delete time:3.5762786865234375e-05
delete time:4.100799560546875e-05
delete time:2.1219253540039062e-05
delete time:3.170967102050781e-05
delete time:2.4557113647460938e-05
delete time:3.337860107421875e-05
delete time:2.9325485229492188e-05
delete time:3.147125244140625e-05
delete time:3.62396240234375e-05
delete time:3.0279159545898438e-05
delete time:3.24249267578125e-05
delete time:2.7179718017578125e-05
delete time:2.1696090698242188e-05
delete time:2.4080276489257812e-05
delete time:1.9311904907226562e-05
delete time:2.9325485229492188e-05
delete time:3.266334533691406e-05
delete time:2.5272369384765625e-05
delete time:2.86102294921875e-05
delete time:4.172325134277344e-05
delete time:2.0503997802734375e-05
delete time:2.956390380859375e-05
delete time:3.266334533691406e-05
delete time:4.076957702636719e-05
delete time:2.9087066650390625e-05
delete time:3.147125244140625e-05
delete time:2.2172927856445312e-05
delete time:2.7894973754882812e-05
delete time:2.2649765014648438e-05
delete time:2.4557113647460938e-05
delete time:2.4318695068359375e-05
delete time:4.38690185546875e-05
delete time:2.6941299438476562e-05
delete time:4.267692565917969e-05
delete time:3.24249267578125e-05
delete time:3.0517578125e-05
delete time:2.2649765014648438e-05
delete time:2.0503997802734375e-05
delete time:3.695487976074219e-05
delete time:2.9325485229492188e-05
delete time:3.743171691894531e-05
delete time:2.4080276489257812e-05
delete time:4.029273986816406e-05
delete time:2.9087066650390625e-05
delete time:4.3392181396484375e-05
delete time:2.6226043701171875e-05
delete time:3.981590270996094e-05
delete time:2.7418136596679688e-05
delete time:2.6226043701171875e-05
delete time:3.123283386230469e-05
delete time:3.8623809814453125e-05
delete time:2.86102294921875e-05
delete time:4.696846008300781e-05
delete time:3.695487976074219e-05
delete time:3.266334533691406e-05
delete time:5.3882598876953125e-05
delete time:3.123283386230469e-05
delete time:2.3365020751953125e-05
delete time:4.506111145019531e-05
delete time:3.5762786865234375e-05
delete time:2.5033950805664062e-05
delete time:2.9802322387695312e-05
delete time:4.029273986816406e-05
delete time:2.765655517578125e-05
delete time:2.9087066650390625e-05
delete time:2.8848648071289062e-05
delete time:2.7894973754882812e-05
delete time:2.8848648071289062e-05
delete time:3.218650817871094e-05
delete time:3.62396240234375e-05
delete time:2.8133392333984375e-05
delete time:2.3365020751953125e-05
delete time:2.7179718017578125e-05
delete time:2.956390380859375e-05
delete time:2.5510787963867188e-05
delete time:2.7179718017578125e-05
delete time:3.743171691894531e-05
delete time:2.4318695068359375e-05
delete time:3.9577484130859375e-05
delete time:3.147125244140625e-05
delete time:2.86102294921875e-05
delete time:4.363059997558594e-05
delete time:2.9325485229492188e-05
delete time:2.1457672119140625e-05
delete time:2.6226043701171875e-05
delete time:3.1948089599609375e-05
delete time:2.384185791015625e-05
delete time:4.220008850097656e-05
delete time:3.266334533691406e-05
delete time:4.172325134277344e-05
delete time:3.266334533691406e-05
delete time:2.9325485229492188e-05
delete time:2.193450927734375e-05
delete time:2.5987625122070312e-05
delete time:3.0040740966796875e-05
delete time:4.649162292480469e-05
delete time:3.0517578125e-05
delete time:2.6941299438476562e-05
delete time:3.123283386230469e-05
delete time:3.0279159545898438e-05
delete time:4.5299530029296875e-05
delete time:2.9087066650390625e-05
delete time:3.7670135498046875e-05
delete time:3.075599670410156e-05
delete time:2.5272369384765625e-05
delete time:2.4318695068359375e-05
delete time:2.6702880859375e-05
delete time:3.600120544433594e-05
delete time:3.0279159545898438e-05
delete time:2.3126602172851562e-05
delete time:2.6464462280273438e-05
delete time:4.0531158447265625e-05
delete time:4.267692565917969e-05
delete time:3.147125244140625e-05
delete time:3.123283386230469e-05
delete time:2.3603439331054688e-05
delete time:3.3855438232421875e-05
delete time:2.4080276489257812e-05
delete time:0.0001685619354248047
delete time:3.266334533691406e-05
delete time:2.6464462280273438e-05
delete time:2.1457672119140625e-05
delete time:3.170967102050781e-05
delete time:3.218650817871094e-05
delete time:2.6226043701171875e-05
delete time:2.9325485229492188e-05
delete time:2.4080276489257812e-05
delete time:2.193450927734375e-05
delete time:2.9325485229492188e-05
delete time:2.0742416381835938e-05
delete time:2.6702880859375e-05
delete time:2.5987625122070312e-05
delete time:4.220008850097656e-05
delete time:4.5299530029296875e-05
delete time:2.288818359375e-05
delete time:2.7894973754882812e-05
delete time:5.364418029785156e-05
delete time:3.0994415283203125e-05
delete time:3.170967102050781e-05
delete time:3.4332275390625e-05
delete time:4.4345855712890625e-05
delete time:2.1696090698242188e-05
delete time:3.5762786865234375e-05
delete time:3.0279159545898438e-05
delete time:3.0040740966796875e-05
delete time:3.0517578125e-05
delete time:3.0279159545898438e-05
delete time:2.5510787963867188e-05
delete time:2.0265579223632812e-05
delete time:3.4809112548828125e-05
delete time:3.886222839355469e-05
delete time:2.956390380859375e-05
delete time:1.8358230590820312e-05
delete time:2.2411346435546875e-05
delete time:3.4809112548828125e-05
delete time:2.1696090698242188e-05
delete time:3.0040740966796875e-05
delete time:3.123283386230469e-05
delete time:2.7179718017578125e-05
delete time:2.7179718017578125e-05
delete time:3.3855438232421875e-05
delete time:2.47955322265625e-05
delete time:3.123283386230469e-05
delete time:2.7894973754882812e-05
delete time:3.123283386230469e-05
delete time:4.57763671875e-05
delete time:3.266334533691406e-05
delete time:3.1948089599609375e-05
delete time:2.7418136596679688e-05
delete time:2.3126602172851562e-05
delete time:4.839897155761719e-05
delete time:3.552436828613281e-05
delete time:1.8835067749023438e-05
delete time:2.193450927734375e-05
delete time:2.956390380859375e-05
delete time:3.7670135498046875e-05
delete time:2.8371810913085938e-05
delete time:2.4080276489257812e-05
delete time:3.314018249511719e-05
delete time:2.9325485229492188e-05
delete time:3.337860107421875e-05
delete time:2.6464462280273438e-05
delete time:3.123283386230469e-05
delete time:3.0994415283203125e-05
delete time:2.9325485229492188e-05
delete time:2.2411346435546875e-05
delete time:2.6941299438476562e-05
delete time:2.288818359375e-05
delete time:2.765655517578125e-05
delete time:3.218650817871094e-05
delete time:3.981590270996094e-05
delete time:2.8371810913085938e-05
delete time:3.719329833984375e-05
delete time:3.0517578125e-05
delete time:2.5033950805664062e-05
delete time:3.933906555175781e-05
delete time:4.601478576660156e-05
delete time:2.9325485229492188e-05
delete time:2.5033950805664062e-05
delete time:3.0517578125e-05
delete time:2.6226043701171875e-05
delete time:2.1457672119140625e-05
delete time:3.814697265625e-05
delete time:6.4849853515625e-05
delete time:2.2649765014648438e-05
delete time:4.1961669921875e-05
delete time:4.482269287109375e-05
delete time:2.574920654296875e-05
delete time:3.266334533691406e-05
delete time:3.0517578125e-05
delete time:3.266334533691406e-05
delete time:2.7179718017578125e-05
delete time:3.075599670410156e-05
delete time:2.956390380859375e-05
delete time:2.956390380859375e-05
delete time:2.7179718017578125e-05
delete time:2.9802322387695312e-05
delete time:4.076957702636719e-05
delete time:2.7894973754882812e-05
delete time:2.6464462280273438e-05
delete time:3.8623809814453125e-05
delete time:2.193450927734375e-05
delete time:4.124641418457031e-05
delete time:3.4809112548828125e-05
delete time:2.7179718017578125e-05
delete time:3.337860107421875e-05
delete time:2.9087066650390625e-05
delete time:2.2649765014648438e-05
delete time:3.62396240234375e-05
delete time:2.7418136596679688e-05
delete time:2.1696090698242188e-05
delete time:3.0994415283203125e-05
delete time:3.314018249511719e-05
delete time:2.9325485229492188e-05
delete time:3.1948089599609375e-05
delete time:1.9311904907226562e-05
delete time:2.9802322387695312e-05
delete time:3.5762786865234375e-05
delete time:2.765655517578125e-05
delete time:1.8358230590820312e-05
delete time:3.743171691894531e-05
delete time:2.193450927734375e-05
delete time:5.435943603515625e-05
delete time:4.57763671875e-05
delete time:2.9325485229492188e-05
delete time:4.1484832763671875e-05
delete time:3.4809112548828125e-05
delete time:3.7670135498046875e-05
delete time:3.504753112792969e-05
delete time:3.0517578125e-05
delete time:2.193450927734375e-05
delete time:3.170967102050781e-05
delete time:2.3365020751953125e-05
delete time:2.765655517578125e-05
delete time:2.9087066650390625e-05
delete time:3.0040740966796875e-05
delete time:2.6702880859375e-05
delete time:4.5299530029296875e-05
delete time:3.743171691894531e-05
delete time:2.3603439331054688e-05
delete time:2.765655517578125e-05
delete time:2.384185791015625e-05
delete time:2.47955322265625e-05
delete time:4.935264587402344e-05
delete time:3.4332275390625e-05
delete time:3.24249267578125e-05
delete time:1.7404556274414062e-05
delete time:1.9311904907226562e-05
delete time:3.337860107421875e-05
delete time:2.5987625122070312e-05
delete time:3.0517578125e-05
delete time:2.9802322387695312e-05
delete time:3.266334533691406e-05
delete time:3.266334533691406e-05
delete time:3.457069396972656e-05
delete time:2.47955322265625e-05
delete time:2.2411346435546875e-05
delete time:2.6226043701171875e-05
delete time:3.528594970703125e-05
delete time:2.7179718017578125e-05
delete time:4.0531158447265625e-05
delete time:3.24249267578125e-05
delete time:2.4318695068359375e-05
delete time:2.7418136596679688e-05
delete time:3.4332275390625e-05
delete time:2.7418136596679688e-05
delete time:3.0517578125e-05
delete time:3.409385681152344e-05
delete time:3.218650817871094e-05
delete time:2.7418136596679688e-05
delete time:3.910064697265625e-05
delete time:4.1484832763671875e-05
delete time:2.9802322387695312e-05
delete time:3.075599670410156e-05
delete time:3.790855407714844e-05
delete time:4.673004150390625e-05
delete time:3.409385681152344e-05
delete time:2.3365020751953125e-05
delete time:2.9325485229492188e-05
delete time:3.24249267578125e-05
delete time:2.4557113647460938e-05
delete time:3.3855438232421875e-05
delete time:2.9325485229492188e-05
delete time:3.504753112792969e-05
delete time:3.1948089599609375e-05
delete time:3.5762786865234375e-05
delete time:2.1457672119140625e-05
delete time:2.4080276489257812e-05
delete time:3.3855438232421875e-05
delete time:5.53131103515625e-05
delete time:3.123283386230469e-05
delete time:3.1948089599609375e-05
delete time:3.361701965332031e-05
delete time:3.337860107421875e-05
delete time:2.7894973754882812e-05
delete time:3.123283386230469e-05
delete time:2.8133392333984375e-05
delete time:2.9802322387695312e-05
delete time:3.361701965332031e-05
delete time:2.4318695068359375e-05
delete time:2.384185791015625e-05
delete time:3.62396240234375e-05
delete time:2.5272369384765625e-05
delete time:3.695487976074219e-05
delete time:4.76837158203125e-05
delete time:2.5272369384765625e-05
delete time:3.528594970703125e-05
delete time:2.765655517578125e-05
delete time:2.1457672119140625e-05
delete time:3.0994415283203125e-05
delete time:3.075599670410156e-05
delete time:3.218650817871094e-05
delete time:3.147125244140625e-05
delete time:4.0531158447265625e-05
delete time:3.4809112548828125e-05
delete time:3.24249267578125e-05
delete time:2.6702880859375e-05
delete time:2.384185791015625e-05
delete time:2.6941299438476562e-05
delete time:2.1696090698242188e-05
delete time:2.7894973754882812e-05
delete time:4.100799560546875e-05
delete time:3.123283386230469e-05
delete time:3.123283386230469e-05
delete time:2.5987625122070312e-05
delete time:1.621246337890625e-05
delete time:2.8133392333984375e-05
delete time:4.6253204345703125e-05
delete time:3.3855438232421875e-05
delete time:3.147125244140625e-05
delete time:3.24249267578125e-05
delete time:2.4557113647460938e-05
delete time:4.029273986816406e-05
delete time:2.765655517578125e-05
delete time:3.0040740966796875e-05
delete time:2.9802322387695312e-05
delete time:2.384185791015625e-05
delete time:2.8848648071289062e-05
delete time:2.6226043701171875e-05
delete time:2.86102294921875e-05
delete time:3.266334533691406e-05
delete time:3.314018249511719e-05
delete time:2.765655517578125e-05
delete time:2.9087066650390625e-05
delete time:2.6702880859375e-05
delete time:4.315376281738281e-05
delete time:2.5987625122070312e-05
delete time:2.5033950805664062e-05
delete time:3.170967102050781e-05
delete time:3.5762786865234375e-05
delete time:2.4557113647460938e-05
delete time:3.218650817871094e-05
delete time:3.743171691894531e-05
delete time:2.4080276489257812e-05
delete time:2.5033950805664062e-05
delete time:2.1696090698242188e-05
delete time:3.24249267578125e-05
delete time:3.075599670410156e-05
delete time:3.981590270996094e-05
delete time:2.8371810913085938e-05
delete time:2.8371810913085938e-05
delete time:4.1484832763671875e-05
delete time:3.2901763916015625e-05
delete time:2.9087066650390625e-05
delete time:2.8133392333984375e-05
delete time:3.457069396972656e-05
delete time:2.5987625122070312e-05
delete time:3.170967102050781e-05
delete time:4.029273986816406e-05
delete time:3.743171691894531e-05
delete time:3.361701965332031e-05
delete time:2.765655517578125e-05
delete time:3.2901763916015625e-05
delete time:4.6253204345703125e-05
delete time:3.886222839355469e-05
delete time:2.9325485229492188e-05
delete time:3.0994415283203125e-05
delete time:2.765655517578125e-05
delete time:2.4318695068359375e-05
delete time:3.0279159545898438e-05
delete time:2.6702880859375e-05
delete time:4.029273986816406e-05
delete time:2.574920654296875e-05
delete time:2.956390380859375e-05
delete time:3.147125244140625e-05
delete time:4.482269287109375e-05
delete time:3.814697265625e-05
delete time:2.9325485229492188e-05
delete time:3.314018249511719e-05
delete time:4.363059997558594e-05
delete time:6.508827209472656e-05
delete time:3.719329833984375e-05
delete time:4.124641418457031e-05
delete time:2.9325485229492188e-05
delete time:3.266334533691406e-05
delete time:3.743171691894531e-05
delete time:3.600120544433594e-05
delete time:3.24249267578125e-05
delete time:2.9802322387695312e-05
delete time:3.552436828613281e-05
delete time:2.2172927856445312e-05
delete time:2.765655517578125e-05
delete time:2.9802322387695312e-05
delete time:2.6702880859375e-05
delete time:2.5272369384765625e-05
delete time:5.1975250244140625e-05
delete time:3.0279159545898438e-05
delete time:3.6716461181640625e-05
delete time:3.0517578125e-05
delete time:3.075599670410156e-05
delete time:2.3126602172851562e-05
delete time:2.002716064453125e-05
delete time:3.0994415283203125e-05
delete time:3.0040740966796875e-05
delete time:2.3603439331054688e-05
delete time:2.47955322265625e-05
delete time:3.075599670410156e-05
delete time:3.0279159545898438e-05
delete time:3.409385681152344e-05
delete time:3.814697265625e-05
delete time:4.482269287109375e-05
delete time:3.528594970703125e-05
delete time:2.8848648071289062e-05
delete time:3.695487976074219e-05
delete time:3.552436828613281e-05
delete time:2.5987625122070312e-05
delete time:4.1484832763671875e-05
delete time:2.956390380859375e-05
delete time:2.5987625122070312e-05
delete time:4.982948303222656e-05
delete time:2.4318695068359375e-05
delete time:2.956390380859375e-05
delete time:2.5272369384765625e-05
delete time:2.956390380859375e-05
delete time:2.7179718017578125e-05
delete time:3.0279159545898438e-05
delete time:3.314018249511719e-05
delete time:5.412101745605469e-05
delete time:3.3855438232421875e-05
delete time:3.337860107421875e-05
delete time:2.1219253540039062e-05
delete time:4.220008850097656e-05
delete time:3.147125244140625e-05
delete time:3.719329833984375e-05
delete time:2.5510787963867188e-05
delete time:3.504753112792969e-05
delete time:4.506111145019531e-05
delete time:4.673004150390625e-05
delete time:2.288818359375e-05
delete time:3.838539123535156e-05
delete time:3.838539123535156e-05
delete time:2.8133392333984375e-05
delete time:3.3855438232421875e-05
delete time:2.3603439331054688e-05
delete time:2.3603439331054688e-05
delete time:3.695487976074219e-05
delete time:3.123283386230469e-05
delete time:2.956390380859375e-05
delete time:2.4080276489257812e-05
delete time:2.8848648071289062e-05
delete time:5.6743621826171875e-05
delete time:2.956390380859375e-05
delete time:3.7670135498046875e-05
delete time:3.504753112792969e-05
delete time:2.574920654296875e-05
delete time:2.956390380859375e-05
delete time:2.86102294921875e-05
delete time:4.76837158203125e-05
delete time:2.1219253540039062e-05
delete time:2.2172927856445312e-05
delete time:4.0531158447265625e-05
delete time:2.6941299438476562e-05
delete time:3.4809112548828125e-05
delete time:3.0279159545898438e-05
delete time:3.4332275390625e-05
delete time:3.504753112792969e-05
delete time:3.7670135498046875e-05
delete time:3.147125244140625e-05
delete time:3.266334533691406e-05
delete time:3.981590270996094e-05
delete time:2.7894973754882812e-05
delete time:2.765655517578125e-05
delete time:3.528594970703125e-05
delete time:4.1484832763671875e-05
delete time:3.790855407714844e-05
delete time:2.956390380859375e-05
delete time:2.4557113647460938e-05
delete time:4.3392181396484375e-05
delete time:3.838539123535156e-05
delete time:2.4080276489257812e-05
delete time:4.792213439941406e-05
delete time:2.47955322265625e-05
delete time:3.218650817871094e-05
delete time:2.7894973754882812e-05
delete time:2.7418136596679688e-05
delete time:2.7179718017578125e-05
delete time:3.170967102050781e-05
delete time:3.0994415283203125e-05
delete time:3.218650817871094e-05
delete time:3.361701965332031e-05
delete time:2.0503997802734375e-05
delete time:5.1975250244140625e-05
delete time:2.9802322387695312e-05
delete time:3.7670135498046875e-05
delete time:3.409385681152344e-05
delete time:3.147125244140625e-05
delete time:3.24249267578125e-05
delete time:3.600120544433594e-05
delete time:3.266334533691406e-05
delete time:3.695487976074219e-05
delete time:3.886222839355469e-05
delete time:2.7894973754882812e-05
delete time:2.7418136596679688e-05
delete time:2.5510787963867188e-05
delete time:3.552436828613281e-05
delete time:4.363059997558594e-05
delete time:2.3126602172851562e-05
delete time:3.647804260253906e-05
delete time:3.0994415283203125e-05
delete time:2.6702880859375e-05
delete time:3.62396240234375e-05
delete time:2.3126602172851562e-05
delete time:4.57763671875e-05
delete time:3.7670135498046875e-05
delete time:2.7179718017578125e-05
delete time:2.9802322387695312e-05
delete time:4.9114227294921875e-05
delete time:2.5272369384765625e-05
delete time:2.86102294921875e-05
delete time:3.528594970703125e-05
delete time:3.0279159545898438e-05
delete time:4.076957702636719e-05
delete time:3.886222839355469e-05
delete time:2.5033950805664062e-05
delete time:2.8848648071289062e-05
delete time:2.7179718017578125e-05
delete time:3.647804260253906e-05
delete time:3.170967102050781e-05
delete time:3.147125244140625e-05
delete time:3.314018249511719e-05
delete time:4.792213439941406e-05
delete time:2.1457672119140625e-05
delete time:3.7670135498046875e-05
delete time:2.765655517578125e-05
delete time:3.147125244140625e-05
delete time:3.075599670410156e-05
delete time:3.2901763916015625e-05
delete time:3.24249267578125e-05
delete time:3.0279159545898438e-05
delete time:2.9802322387695312e-05
delete time:2.6226043701171875e-05
delete time:2.7418136596679688e-05
delete time:3.2901763916015625e-05
delete time:2.7179718017578125e-05
delete time:2.6941299438476562e-05
delete time:2.86102294921875e-05
delete time:3.528594970703125e-05
delete time:3.4332275390625e-05
delete time:4.57763671875e-05
delete time:3.600120544433594e-05
delete time:3.62396240234375e-05
delete time:3.3855438232421875e-05
delete time:2.8848648071289062e-05
delete time:3.0994415283203125e-05
delete time:3.218650817871094e-05
delete time:3.62396240234375e-05
delete time:2.0265579223632812e-05
delete time:3.1948089599609375e-05
delete time:3.5762786865234375e-05
delete time:2.9087066650390625e-05
delete time:4.458427429199219e-05
delete time:2.7179718017578125e-05
delete time:3.981590270996094e-05
delete time:3.5762786865234375e-05
delete time:3.0994415283203125e-05
delete time:2.574920654296875e-05
delete time:3.504753112792969e-05
delete time:3.409385681152344e-05
delete time:2.3603439331054688e-05
delete time:3.8623809814453125e-05
delete time:3.266334533691406e-05
delete time:2.7179718017578125e-05
delete time:4.458427429199219e-05
delete time:3.0517578125e-05
delete time:2.288818359375e-05
delete time:3.695487976074219e-05
delete time:2.8133392333984375e-05
delete time:2.4318695068359375e-05
delete time:3.2901763916015625e-05
delete time:3.4809112548828125e-05
delete time:3.552436828613281e-05
delete time:3.743171691894531e-05
delete time:3.457069396972656e-05
delete time:3.075599670410156e-05
delete time:2.574920654296875e-05
delete time:2.765655517578125e-05
delete time:4.744529724121094e-05
delete time:3.910064697265625e-05
delete time:2.5272369384765625e-05
delete time:2.3126602172851562e-05
delete time:2.9802322387695312e-05
delete time:3.0517578125e-05
delete time:2.193450927734375e-05
delete time:3.337860107421875e-05
delete time:3.886222839355469e-05
delete time:2.765655517578125e-05
delete time:2.8371810913085938e-05
delete time:3.62396240234375e-05
delete time:2.9087066650390625e-05
delete time:4.315376281738281e-05
delete time:2.5272369384765625e-05
delete time:2.574920654296875e-05
delete time:2.7179718017578125e-05
delete time:2.6226043701171875e-05
delete time:3.1948089599609375e-05
delete time:3.6716461181640625e-05
delete time:3.600120544433594e-05
delete time:2.574920654296875e-05
delete time:3.743171691894531e-05
delete time:2.8371810913085938e-05
delete time:4.00543212890625e-05
delete time:2.956390380859375e-05
delete time:2.4080276489257812e-05
delete time:3.0040740966796875e-05
delete time:2.8133392333984375e-05
delete time:3.123283386230469e-05
delete time:3.1948089599609375e-05
delete time:2.5272369384765625e-05
delete time:2.4080276489257812e-05
delete time:4.267692565917969e-05
delete time:4.744529724121094e-05
delete time:2.9087066650390625e-05
delete time:4.792213439941406e-05
delete time:3.528594970703125e-05
delete time:3.528594970703125e-05
delete time:3.0517578125e-05
delete time:2.6464462280273438e-05
delete time:2.6702880859375e-05
delete time:2.6226043701171875e-05
delete time:4.6253204345703125e-05
delete time:2.765655517578125e-05
delete time:4.649162292480469e-05
delete time:2.6941299438476562e-05
delete time:2.574920654296875e-05
delete time:2.9325485229492188e-05
delete time:3.7670135498046875e-05
delete time:2.765655517578125e-05
delete time:3.4809112548828125e-05
delete time:3.814697265625e-05
delete time:3.337860107421875e-05
delete time:2.9802322387695312e-05
delete time:2.86102294921875e-05
delete time:3.337860107421875e-05
delete time:2.288818359375e-05
delete time:2.5510787963867188e-05
delete time:2.86102294921875e-05
delete time:4.673004150390625e-05
delete time:2.9802322387695312e-05
delete time:3.409385681152344e-05
delete time:3.4809112548828125e-05
delete time:3.838539123535156e-05
delete time:2.6702880859375e-05
delete time:4.220008850097656e-05
delete time:3.218650817871094e-05
delete time:2.765655517578125e-05
delete time:3.266334533691406e-05
delete time:5.1021575927734375e-05
delete time:3.5762786865234375e-05
delete time:3.838539123535156e-05
delete time:2.8133392333984375e-05
delete time:3.075599670410156e-05
delete time:3.314018249511719e-05
delete time:2.7179718017578125e-05
delete time:3.0994415283203125e-05
delete time:2.8371810913085938e-05
delete time:4.315376281738281e-05
delete time:4.553794860839844e-05
delete time:4.100799560546875e-05
delete time:2.8848648071289062e-05
delete time:2.86102294921875e-05
delete time:3.075599670410156e-05
delete time:2.86102294921875e-05
delete time:3.0279159545898438e-05
delete time:3.600120544433594e-05
delete time:2.574920654296875e-05
delete time:4.076957702636719e-05
delete time:3.2901763916015625e-05
delete time:3.4809112548828125e-05
delete time:2.384185791015625e-05
delete time:3.147125244140625e-05
delete time:2.4080276489257812e-05
delete time:4.744529724121094e-05
delete time:2.7179718017578125e-05
delete time:2.8371810913085938e-05
delete time:4.982948303222656e-05
delete time:2.7418136596679688e-05
delete time:2.8371810913085938e-05
delete time:3.24249267578125e-05
delete time:3.266334533691406e-05
delete time:5.0067901611328125e-05
delete time:2.8371810913085938e-05
delete time:2.8371810913085938e-05
delete time:2.002716064453125e-05
delete time:3.0994415283203125e-05
delete time:3.504753112792969e-05
delete time:2.384185791015625e-05
delete time:3.3855438232421875e-05
delete time:3.552436828613281e-05
delete time:3.0279159545898438e-05
delete time:2.4557113647460938e-05
delete time:3.24249267578125e-05
delete time:3.719329833984375e-05
delete time:3.170967102050781e-05
delete time:3.0279159545898438e-05
delete time:1.621246337890625e-05
delete time:3.719329833984375e-05
delete time:3.5762786865234375e-05
delete time:3.266334533691406e-05
delete time:2.2411346435546875e-05
delete time:2.5033950805664062e-05
delete time:2.9087066650390625e-05
delete time:2.8133392333984375e-05
delete time:3.552436828613281e-05
delete time:3.361701965332031e-05
delete time:2.2411346435546875e-05
delete time:3.552436828613281e-05
delete time:2.4080276489257812e-05
delete time:5.0067901611328125e-05
delete time:3.361701965332031e-05
delete time:4.4345855712890625e-05
delete time:4.57763671875e-05
delete time:2.8848648071289062e-05
delete time:4.982948303222656e-05
delete time:2.956390380859375e-05
delete time:2.4080276489257812e-05
delete time:4.2438507080078125e-05
delete time:1.9550323486328125e-05
delete time:2.7179718017578125e-05
delete time:3.0040740966796875e-05
delete time:3.1948089599609375e-05
delete time:2.9325485229492188e-05
delete time:3.457069396972656e-05
delete time:2.8371810913085938e-05
delete time:3.2901763916015625e-05
delete time:3.719329833984375e-05
delete time:2.7418136596679688e-05
delete time:2.6226043701171875e-05
delete time:2.8848648071289062e-05
delete time:4.744529724121094e-05
delete time:3.218650817871094e-05
delete time:3.6716461181640625e-05
delete time:2.86102294921875e-05
delete time:2.2172927856445312e-05
delete time:3.743171691894531e-05
delete time:5.078315734863281e-05
delete time:3.457069396972656e-05
delete time:2.6702880859375e-05
delete time:3.361701965332031e-05
delete time:2.9325485229492188e-05
delete time:3.3855438232421875e-05
delete time:1.9788742065429688e-05
delete time:3.838539123535156e-05
delete time:2.193450927734375e-05
delete time:2.1457672119140625e-05
delete time:3.8623809814453125e-05
delete time:3.552436828613281e-05
delete time:3.814697265625e-05
delete time:1.9550323486328125e-05
delete time:2.09808349609375e-05
delete time:3.0040740966796875e-05
delete time:3.2901763916015625e-05
delete time:2.8371810913085938e-05
delete time:2.574920654296875e-05
delete time:2.8133392333984375e-05
delete time:3.409385681152344e-05
delete time:3.457069396972656e-05
delete time:2.5987625122070312e-05
delete time:2.7894973754882812e-05
delete time:3.814697265625e-05
delete time:3.552436828613281e-05
delete time:2.4080276489257812e-05
delete time:2.6941299438476562e-05
delete time:3.0517578125e-05
delete time:2.9087066650390625e-05
delete time:2.8133392333984375e-05
delete time:2.5510787963867188e-05
delete time:2.5510787963867188e-05
delete time:2.4318695068359375e-05
delete time:3.933906555175781e-05
delete time:2.9802322387695312e-05
delete time:2.288818359375e-05
delete time:2.3126602172851562e-05
delete time:4.076957702636719e-05
delete time:3.314018249511719e-05
delete time:2.4080276489257812e-05
delete time:2.384185791015625e-05
delete time:2.7418136596679688e-05
delete time:3.24249267578125e-05
delete time:3.0279159545898438e-05
delete time:3.0994415283203125e-05
delete time:2.5510787963867188e-05
delete time:3.5762786865234375e-05
delete time:3.266334533691406e-05
delete time:2.9325485229492188e-05
delete time:2.6702880859375e-05
delete time:2.6702880859375e-05
delete time:2.193450927734375e-05
delete time:2.765655517578125e-05
delete time:3.0517578125e-05
delete time:2.6464462280273438e-05
delete time:2.8371810913085938e-05
delete time:2.9087066650390625e-05
delete time:3.9577484130859375e-05
delete time:2.574920654296875e-05
delete time:2.288818359375e-05
delete time:2.47955322265625e-05
delete time:2.5272369384765625e-05
delete time:2.1457672119140625e-05
delete time:2.8133392333984375e-05
delete time:4.315376281738281e-05
delete time:4.291534423828125e-05
delete time:3.814697265625e-05
delete time:2.288818359375e-05
delete time:3.24249267578125e-05
delete time:2.956390380859375e-05
delete time:3.1948089599609375e-05
delete time:2.574920654296875e-05
delete time:2.1696090698242188e-05
delete time:2.765655517578125e-05
delete time:2.8371810913085938e-05
delete time:2.5987625122070312e-05
delete time:2.3126602172851562e-05
delete time:3.147125244140625e-05
delete time:4.410743713378906e-05
delete time:3.9577484130859375e-05
delete time:2.2649765014648438e-05
delete time:2.8133392333984375e-05
delete time:3.600120544433594e-05
delete time:2.8133392333984375e-05
delete time:2.6226043701171875e-05
delete time:2.1219253540039062e-05
delete time:2.5272369384765625e-05
delete time:3.147125244140625e-05
delete time:2.574920654296875e-05
delete time:2.5033950805664062e-05
delete time:2.7894973754882812e-05
delete time:3.218650817871094e-05
delete time:3.266334533691406e-05
delete time:3.147125244140625e-05
delete time:4.124641418457031e-05
delete time:3.62396240234375e-05
delete time:2.2649765014648438e-05
delete time:3.123283386230469e-05
delete time:2.7418136596679688e-05
delete time:2.7894973754882812e-05
delete time:3.314018249511719e-05
delete time:2.5987625122070312e-05
delete time:3.0279159545898438e-05
delete time:2.4080276489257812e-05
delete time:3.24249267578125e-05
delete time:2.3365020751953125e-05
delete time:1.9550323486328125e-05
delete time:4.172325134277344e-05
delete time:2.3126602172851562e-05
delete time:2.7418136596679688e-05
delete time:2.6941299438476562e-05
delete time:3.838539123535156e-05
delete time:2.574920654296875e-05
delete time:3.0279159545898438e-05
delete time:4.076957702636719e-05
delete time:2.5510787963867188e-05
delete time:3.933906555175781e-05
delete time:3.170967102050781e-05
delete time:3.552436828613281e-05
delete time:3.886222839355469e-05
delete time:3.719329833984375e-05
delete time:3.528594970703125e-05
delete time:2.956390380859375e-05
delete time:2.193450927734375e-05
delete time:2.4080276489257812e-05
delete time:2.3603439331054688e-05
delete time:3.0517578125e-05
delete time:3.600120544433594e-05
delete time:2.7894973754882812e-05
delete time:3.314018249511719e-05
delete time:2.0742416381835938e-05
delete time:3.790855407714844e-05
delete time:2.4080276489257812e-05
delete time:2.5987625122070312e-05
delete time:3.0040740966796875e-05
delete time:2.3603439331054688e-05
delete time:2.6941299438476562e-05
delete time:2.47955322265625e-05
delete time:4.5299530029296875e-05
delete time:2.5987625122070312e-05
delete time:2.3126602172851562e-05
delete time:2.1219253540039062e-05
delete time:3.600120544433594e-05
delete time:2.8133392333984375e-05
delete time:3.6716461181640625e-05
delete time:3.647804260253906e-05
delete time:3.838539123535156e-05
delete time:2.9087066650390625e-05
delete time:1.5974044799804688e-05
delete time:2.765655517578125e-05
delete time:2.4080276489257812e-05
delete time:2.765655517578125e-05
delete time:3.4332275390625e-05
delete time:2.6702880859375e-05
delete time:3.504753112792969e-05
delete time:2.288818359375e-05
delete time:2.4080276489257812e-05
delete time:3.3855438232421875e-05
delete time:4.172325134277344e-05
delete time:2.09808349609375e-05
delete time:2.2172927856445312e-05
delete time:3.123283386230469e-05
delete time:3.457069396972656e-05
delete time:2.2649765014648438e-05
delete time:3.457069396972656e-05
delete time:2.2172927856445312e-05
delete time:3.5762786865234375e-05
delete time:2.3126602172851562e-05
delete time:2.1457672119140625e-05
delete time:2.2411346435546875e-05
delete time:2.574920654296875e-05
delete time:1.811981201171875e-05
delete time:2.4080276489257812e-05
delete time:2.4080276489257812e-05
delete time:3.5762786865234375e-05
delete time:2.384185791015625e-05
delete time:3.0040740966796875e-05
delete time:2.47955322265625e-05
delete time:3.314018249511719e-05
delete time:3.6716461181640625e-05
delete time:2.7179718017578125e-05
delete time:2.002716064453125e-05
delete time:3.1948089599609375e-05
delete time:2.6226043701171875e-05
delete time:2.6464462280273438e-05
delete time:3.647804260253906e-05
delete time:3.62396240234375e-05
delete time:3.147125244140625e-05
delete time:2.5272369384765625e-05
delete time:3.647804260253906e-05
delete time:3.2901763916015625e-05
delete time:2.5987625122070312e-05
delete time:3.075599670410156e-05
delete time:2.6702880859375e-05
delete time:2.86102294921875e-05
delete time:2.3365020751953125e-05
delete time:2.2649765014648438e-05
delete time:3.552436828613281e-05
delete time:3.123283386230469e-05
delete time:3.4332275390625e-05
delete time:1.7642974853515625e-05
delete time:2.3365020751953125e-05
delete time:3.337860107421875e-05
delete time:2.6941299438476562e-05
delete time:2.8848648071289062e-05
delete time:2.3365020751953125e-05
delete time:3.218650817871094e-05
delete time:2.7418136596679688e-05
delete time:2.956390380859375e-05
delete time:3.743171691894531e-05
delete time:2.6941299438476562e-05
delete time:4.0531158447265625e-05
delete time:3.8623809814453125e-05
delete time:3.647804260253906e-05
delete time:1.7881393432617188e-05
delete time:2.3603439331054688e-05
delete time:1.9550323486328125e-05
delete time:3.147125244140625e-05
delete time:2.8133392333984375e-05
delete time:3.933906555175781e-05
delete time:3.123283386230469e-05
delete time:3.218650817871094e-05
delete time:3.266334533691406e-05
delete time:3.4332275390625e-05
delete time:3.0040740966796875e-05
delete time:3.170967102050781e-05
delete time:3.218650817871094e-05
delete time:1.9311904907226562e-05
delete time:3.123283386230469e-05
delete time:2.0265579223632812e-05
delete time:2.2649765014648438e-05
delete time:2.9802322387695312e-05
delete time:3.8623809814453125e-05
delete time:2.5272369384765625e-05
delete time:3.7670135498046875e-05
delete time:4.100799560546875e-05
delete time:3.9577484130859375e-05
delete time:3.457069396972656e-05
delete time:3.6716461181640625e-05
delete time:2.1219253540039062e-05
delete time:4.57763671875e-05
delete time:2.7179718017578125e-05
delete time:3.0517578125e-05
delete time:3.0040740966796875e-05
delete time:3.6716461181640625e-05
delete time:2.47955322265625e-05
delete time:2.193450927734375e-05
delete time:2.09808349609375e-05
delete time:2.193450927734375e-05
delete time:3.457069396972656e-05
delete time:2.1457672119140625e-05
delete time:3.361701965332031e-05
delete time:2.47955322265625e-05
delete time:2.5033950805664062e-05
delete time:2.574920654296875e-05
delete time:2.288818359375e-05
delete time:2.47955322265625e-05
delete time:3.0994415283203125e-05
delete time:2.4557113647460938e-05
delete time:1.8835067749023438e-05
delete time:3.337860107421875e-05
delete time:3.8623809814453125e-05
delete time:3.3855438232421875e-05
delete time:2.47955322265625e-05
delete time:2.7894973754882812e-05
delete time:3.0040740966796875e-05
delete time:3.600120544433594e-05
delete time:2.7179718017578125e-05
delete time:2.86102294921875e-05
delete time:3.266334533691406e-05
delete time:3.337860107421875e-05
delete time:2.193450927734375e-05
delete time:3.552436828613281e-05
delete time:3.910064697265625e-05
delete time:2.7894973754882812e-05
delete time:2.288818359375e-05
delete time:2.7179718017578125e-05
delete time:2.574920654296875e-05
delete time:3.0040740966796875e-05
delete time:3.647804260253906e-05
delete time:2.7179718017578125e-05
delete time:3.0517578125e-05
delete time:2.8371810913085938e-05
delete time:2.4318695068359375e-05
delete time:2.9325485229492188e-05
delete time:3.314018249511719e-05
delete time:3.5762786865234375e-05
delete time:3.0517578125e-05
delete time:3.528594970703125e-05
delete time:2.9802322387695312e-05
delete time:3.170967102050781e-05
delete time:2.7418136596679688e-05
delete time:3.8623809814453125e-05
delete time:2.765655517578125e-05
delete time:2.765655517578125e-05
delete time:2.1696090698242188e-05
delete time:2.5033950805664062e-05
delete time:3.218650817871094e-05
delete time:3.170967102050781e-05
delete time:3.600120544433594e-05
delete time:3.0279159545898438e-05
delete time:3.361701965332031e-05
delete time:2.4080276489257812e-05
delete time:1.811981201171875e-05
delete time:4.100799560546875e-05
delete time:2.7894973754882812e-05
delete time:2.7894973754882812e-05
delete time:4.172325134277344e-05
delete time:3.24249267578125e-05
delete time:2.956390380859375e-05
delete time:2.7418136596679688e-05
delete time:4.363059997558594e-05
delete time:2.384185791015625e-05
delete time:2.4080276489257812e-05
delete time:3.170967102050781e-05
delete time:3.886222839355469e-05
delete time:3.0040740966796875e-05
delete time:2.5033950805664062e-05
delete time:2.9087066650390625e-05
delete time:3.7670135498046875e-05
delete time:2.47955322265625e-05
delete time:3.0994415283203125e-05
delete time:3.314018249511719e-05
delete time:3.933906555175781e-05
delete time:2.3365020751953125e-05
delete time:3.0040740966796875e-05
delete time:2.4080276489257812e-05
delete time:3.170967102050781e-05
delete time:2.4080276489257812e-05
delete time:3.266334533691406e-05
delete time:2.6941299438476562e-05
delete time:3.24249267578125e-05
delete time:2.2411346435546875e-05
delete time:2.5272369384765625e-05
delete time:3.170967102050781e-05
delete time:3.337860107421875e-05
delete time:2.3365020751953125e-05
delete time:4.100799560546875e-05
delete time:3.147125244140625e-05
delete time:1.6927719116210938e-05
delete time:3.266334533691406e-05
delete time:2.6941299438476562e-05
delete time:2.6702880859375e-05
delete time:4.2438507080078125e-05
delete time:3.647804260253906e-05
delete time:3.9577484130859375e-05
delete time:2.6702880859375e-05
delete time:3.337860107421875e-05
delete time:2.3365020751953125e-05
delete time:3.24249267578125e-05
delete time:2.574920654296875e-05
delete time:3.409385681152344e-05
delete time:2.1457672119140625e-05
delete time:2.956390380859375e-05
delete time:3.218650817871094e-05
delete time:3.2901763916015625e-05
delete time:2.1696090698242188e-05
delete time:2.2172927856445312e-05
delete time:4.506111145019531e-05
delete time:3.0994415283203125e-05
delete time:3.147125244140625e-05
delete time:2.5272369384765625e-05
delete time:2.384185791015625e-05
delete time:1.5735626220703125e-05
delete time:3.886222839355469e-05
delete time:3.6716461181640625e-05
delete time:2.9802322387695312e-05
delete time:3.409385681152344e-05
delete time:2.47955322265625e-05
delete time:3.528594970703125e-05
delete time:2.574920654296875e-05
delete time:3.266334533691406e-05
delete time:2.6702880859375e-05
delete time:2.8848648071289062e-05
delete time:2.2649765014648438e-05
delete time:3.1948089599609375e-05
delete time:2.7418136596679688e-05
delete time:3.147125244140625e-05
delete time:3.743171691894531e-05
delete time:2.86102294921875e-05
delete time:2.956390380859375e-05
delete time:2.5510787963867188e-05
delete time:2.0503997802734375e-05
delete time:2.6226043701171875e-05
delete time:2.5510787963867188e-05
delete time:3.0517578125e-05
delete time:2.4318695068359375e-05
delete time:3.218650817871094e-05
delete time:2.86102294921875e-05
delete time:2.2649765014648438e-05
delete time:2.2172927856445312e-05
delete time:2.4557113647460938e-05
delete time:2.3603439331054688e-05
delete time:1.9788742065429688e-05
delete time:2.3603439331054688e-05
delete time:2.7179718017578125e-05
delete time:2.6941299438476562e-05
delete time:2.9325485229492188e-05
delete time:2.8371810913085938e-05
delete time:3.266334533691406e-05
delete time:4.1484832763671875e-05
delete time:3.409385681152344e-05
delete time:2.1219253540039062e-05
delete time:3.361701965332031e-05
delete time:2.5033950805664062e-05
delete time:2.9087066650390625e-05
delete time:2.6464462280273438e-05
delete time:2.2649765014648438e-05
delete time:2.7894973754882812e-05
delete time:3.528594970703125e-05
delete time:2.3365020751953125e-05
delete time:2.7179718017578125e-05
delete time:1.9311904907226562e-05
delete time:3.5762786865234375e-05
delete time:3.0279159545898438e-05
delete time:2.7179718017578125e-05
delete time:2.574920654296875e-05
delete time:2.3603439331054688e-05
delete time:2.9802322387695312e-05
delete time:3.24249267578125e-05
delete time:3.170967102050781e-05
delete time:3.0040740966796875e-05
delete time:3.075599670410156e-05
delete time:3.838539123535156e-05
delete time:1.5735626220703125e-05
delete time:3.3855438232421875e-05
delete time:3.409385681152344e-05
delete time:3.528594970703125e-05
delete time:2.574920654296875e-05
delete time:3.0517578125e-05
delete time:1.8596649169921875e-05
delete time:3.1948089599609375e-05
delete time:3.695487976074219e-05
delete time:2.09808349609375e-05
delete time:2.7179718017578125e-05
delete time:3.6716461181640625e-05
delete time:2.2172927856445312e-05
delete time:3.886222839355469e-05
delete time:1.71661376953125e-05
delete time:2.47955322265625e-05
delete time:3.4332275390625e-05
delete time:2.3126602172851562e-05
delete time:2.5987625122070312e-05
delete time:2.765655517578125e-05
delete time:3.337860107421875e-05
delete time:3.361701965332031e-05
delete time:2.5510787963867188e-05
delete time:2.384185791015625e-05
delete time:3.695487976074219e-05
delete time:1.71661376953125e-05
delete time:2.8133392333984375e-05
delete time:2.193450927734375e-05
delete time:3.1948089599609375e-05
delete time:3.2901763916015625e-05
delete time:3.1948089599609375e-05
delete time:1.8835067749023438e-05
delete time:2.0742416381835938e-05
delete time:3.0040740966796875e-05
delete time:1.7881393432617188e-05
delete time:3.170967102050781e-05
delete time:2.1219253540039062e-05
delete time:3.170967102050781e-05
delete time:2.6464462280273438e-05
delete time:3.3855438232421875e-05
delete time:3.2901763916015625e-05
delete time:2.6226043701171875e-05
delete time:4.172325134277344e-05
delete time:3.337860107421875e-05
delete time:2.5987625122070312e-05
delete time:3.457069396972656e-05
delete time:2.5510787963867188e-05
delete time:3.981590270996094e-05
delete time:2.86102294921875e-05
delete time:3.170967102050781e-05
delete time:2.86102294921875e-05
delete time:3.361701965332031e-05
delete time:3.337860107421875e-05
delete time:3.314018249511719e-05
delete time:2.4557113647460938e-05
delete time:3.4809112548828125e-05
delete time:2.2411346435546875e-05
delete time:2.8371810913085938e-05
delete time:3.361701965332031e-05
delete time:2.5272369384765625e-05
delete time:3.0517578125e-05
delete time:2.765655517578125e-05
delete time:2.47955322265625e-05
delete time:2.0503997802734375e-05
delete time:2.7894973754882812e-05
delete time:1.8358230590820312e-05
delete time:4.076957702636719e-05
delete time:2.5987625122070312e-05
delete time:4.2438507080078125e-05
delete time:2.2411346435546875e-05
delete time:2.8371810913085938e-05
delete time:3.1948089599609375e-05
delete time:3.4332275390625e-05
delete time:2.6226043701171875e-05
delete time:3.266334533691406e-05
delete time:2.5510787963867188e-05
delete time:2.5987625122070312e-05
delete time:3.314018249511719e-05
delete time:2.1696090698242188e-05
delete time:4.076957702636719e-05
delete time:3.5762786865234375e-05
delete time:2.4080276489257812e-05
delete time:3.0279159545898438e-05
delete time:3.695487976074219e-05
delete time:2.4557113647460938e-05
delete time:2.4557113647460938e-05
delete time:3.409385681152344e-05
delete time:2.384185791015625e-05
delete time:2.4318695068359375e-05
delete time:3.838539123535156e-05
delete time:2.956390380859375e-05
delete time:3.24249267578125e-05
delete time:1.8835067749023438e-05
delete time:3.3855438232421875e-05
delete time:2.9802322387695312e-05
delete time:2.86102294921875e-05
delete time:3.147125244140625e-05
delete time:3.9577484130859375e-05
delete time:2.5987625122070312e-05
delete time:2.9802322387695312e-05
delete time:4.2438507080078125e-05
delete time:3.218650817871094e-05
delete time:3.0517578125e-05
delete time:3.3855438232421875e-05
delete time:3.0040740966796875e-05
delete time:2.4080276489257812e-05
delete time:2.9802322387695312e-05
delete time:2.4557113647460938e-05
delete time:2.765655517578125e-05
delete time:2.0503997802734375e-05
delete time:3.337860107421875e-05
delete time:3.266334533691406e-05
delete time:2.47955322265625e-05
delete time:3.600120544433594e-05
delete time:3.218650817871094e-05
delete time:3.218650817871094e-05
delete time:3.600120544433594e-05
delete time:3.0279159545898438e-05
delete time:2.4080276489257812e-05
delete time:2.86102294921875e-05
delete time:2.4080276489257812e-05
delete time:4.482269287109375e-05
delete time:3.4332275390625e-05
delete time:3.1948089599609375e-05
delete time:2.288818359375e-05
delete time:1.9311904907226562e-05
delete time:2.9325485229492188e-05
delete time:2.4080276489257812e-05
delete time:3.528594970703125e-05
delete time:2.2411346435546875e-05
delete time:2.3126602172851562e-05
delete time:2.1219253540039062e-05
delete time:2.9802322387695312e-05
delete time:4.315376281738281e-05
delete time:5.435943603515625e-05
delete time:3.9577484130859375e-05
delete time:3.457069396972656e-05
delete time:3.790855407714844e-05
delete time:3.266334533691406e-05
delete time:3.457069396972656e-05
delete time:1.430511474609375e-05
delete time:3.1948089599609375e-05
delete time:3.123283386230469e-05
delete time:2.5033950805664062e-05
delete time:2.4080276489257812e-05
delete time:2.193450927734375e-05
delete time:3.123283386230469e-05
delete time:3.528594970703125e-05
delete time:3.170967102050781e-05
delete time:3.337860107421875e-05
delete time:2.8848648071289062e-05
delete time:2.5272369384765625e-05
delete time:3.123283386230469e-05
delete time:3.266334533691406e-05
delete time:3.814697265625e-05
delete time:2.5272369384765625e-05
delete time:3.62396240234375e-05
delete time:2.1696090698242188e-05
delete time:3.647804260253906e-05
delete time:3.361701965332031e-05
delete time:2.8371810913085938e-05
delete time:1.811981201171875e-05
delete time:2.5987625122070312e-05
delete time:2.3365020751953125e-05
delete time:3.123283386230469e-05
delete time:4.1484832763671875e-05
delete time:3.552436828613281e-05
delete time:2.193450927734375e-05
delete time:3.147125244140625e-05
delete time:2.1696090698242188e-05
delete time:1.6927719116210938e-05
delete time:2.09808349609375e-05
delete time:4.00543212890625e-05
delete time:3.719329833984375e-05
delete time:1.6450881958007812e-05
delete time:3.0994415283203125e-05
delete time:3.075599670410156e-05
delete time:2.8848648071289062e-05
delete time:3.337860107421875e-05
delete time:2.8371810913085938e-05
delete time:2.0265579223632812e-05
delete time:2.86102294921875e-05
delete time:2.3126602172851562e-05
delete time:2.9325485229492188e-05
delete time:1.5974044799804688e-05
delete time:3.3855438232421875e-05
delete time:3.1948089599609375e-05
delete time:3.170967102050781e-05
delete time:3.7670135498046875e-05
delete time:1.9311904907226562e-05
delete time:2.5033950805664062e-05
delete time:2.7179718017578125e-05
delete time:2.4080276489257812e-05
delete time:2.6941299438476562e-05
delete time:3.123283386230469e-05
delete time:3.1948089599609375e-05
delete time:2.4318695068359375e-05
delete time:2.9087066650390625e-05
delete time:3.314018249511719e-05
delete time:3.6716461181640625e-05
delete time:3.62396240234375e-05
delete time:2.8848648071289062e-05
delete time:3.24249267578125e-05
delete time:3.361701965332031e-05
delete time:2.6941299438476562e-05
delete time:3.075599670410156e-05
delete time:4.673004150390625e-05
delete time:3.743171691894531e-05
delete time:2.1457672119140625e-05
delete time:1.9550323486328125e-05
delete time:3.0517578125e-05
delete time:2.7418136596679688e-05
delete time:2.9325485229492188e-05
delete time:3.600120544433594e-05
delete time:3.4332275390625e-05
delete time:3.170967102050781e-05
delete time:3.743171691894531e-05
delete time:2.1457672119140625e-05
delete time:3.2901763916015625e-05
delete time:3.337860107421875e-05
delete time:3.3855438232421875e-05
delete time:3.647804260253906e-05
delete time:2.1457672119140625e-05
delete time:2.7894973754882812e-05
delete time:2.3126602172851562e-05
delete time:3.528594970703125e-05
delete time:3.0279159545898438e-05
delete time:2.6941299438476562e-05
delete time:3.123283386230469e-05
delete time:2.7418136596679688e-05
delete time:3.24249267578125e-05
delete time:3.361701965332031e-05
delete time:2.6226043701171875e-05
delete time:2.8371810913085938e-05
delete time:3.457069396972656e-05
delete time:2.4557113647460938e-05
delete time:2.4557113647460938e-05
delete time:2.7894973754882812e-05
delete time:1.8358230590820312e-05
delete time:3.7670135498046875e-05
delete time:2.5272369384765625e-05
delete time:2.0742416381835938e-05
delete time:2.384185791015625e-05
delete time:3.695487976074219e-05
delete time:3.170967102050781e-05
delete time:2.193450927734375e-05
delete time:2.1219253540039062e-05
delete time:3.933906555175781e-05
delete time:3.123283386230469e-05
delete time:3.1948089599609375e-05
delete time:3.4809112548828125e-05
delete time:3.5762786865234375e-05
delete time:1.8358230590820312e-05
delete time:3.6716461181640625e-05
delete time:3.075599670410156e-05
delete time:3.24249267578125e-05
delete time:2.0742416381835938e-05
delete time:2.9087066650390625e-05
delete time:2.7179718017578125e-05
delete time:3.5762786865234375e-05
delete time:3.218650817871094e-05
delete time:3.075599670410156e-05
delete time:2.3365020751953125e-05
delete time:2.5510787963867188e-05
delete time:2.8848648071289062e-05
delete time:1.7404556274414062e-05
delete time:3.123283386230469e-05
delete time:2.5987625122070312e-05
delete time:4.1484832763671875e-05
delete time:3.504753112792969e-05
delete time:2.4557113647460938e-05
delete time:3.600120544433594e-05
delete time:3.147125244140625e-05
delete time:3.790855407714844e-05
delete time:2.384185791015625e-05
delete time:3.266334533691406e-05
delete time:3.528594970703125e-05
delete time:2.8371810913085938e-05
delete time:3.743171691894531e-05
delete time:3.457069396972656e-05
delete time:2.574920654296875e-05
delete time:3.361701965332031e-05
delete time:3.0517578125e-05
delete time:2.3603439331054688e-05
delete time:1.621246337890625e-05
delete time:3.62396240234375e-05
delete time:1.8835067749023438e-05
delete time:2.5272369384765625e-05
delete time:4.363059997558594e-05
delete time:2.86102294921875e-05
delete time:2.2411346435546875e-05
delete time:3.0040740966796875e-05
delete time:3.0279159545898438e-05
delete time:2.6226043701171875e-05
delete time:3.552436828613281e-05
delete time:2.9802322387695312e-05
delete time:1.4781951904296875e-05
delete time:1.9073486328125e-05
delete time:2.4557113647460938e-05
delete time:3.1948089599609375e-05
delete time:2.9325485229492188e-05
delete time:2.002716064453125e-05
delete time:3.504753112792969e-05
delete time:3.5762786865234375e-05
delete time:3.600120544433594e-05
delete time:2.2172927856445312e-05
delete time:2.384185791015625e-05
delete time:2.9087066650390625e-05
delete time:3.266334533691406e-05
delete time:2.2649765014648438e-05
delete time:3.3855438232421875e-05
delete time:2.9325485229492188e-05
delete time:2.9802322387695312e-05
delete time:1.6689300537109375e-05
delete time:1.8835067749023438e-05
delete time:3.147125244140625e-05
delete time:3.361701965332031e-05
delete time:2.956390380859375e-05
delete time:2.2649765014648438e-05
delete time:2.1696090698242188e-05
delete time:3.3855438232421875e-05
delete time:3.504753112792969e-05
delete time:2.002716064453125e-05
delete time:2.2411346435546875e-05
delete time:2.1696090698242188e-05
delete time:2.8848648071289062e-05
delete time:3.1948089599609375e-05
delete time:3.528594970703125e-05
delete time:2.7179718017578125e-05
delete time:3.62396240234375e-05
delete time:2.7894973754882812e-05
delete time:3.5762786865234375e-05
delete time:2.574920654296875e-05
delete time:3.552436828613281e-05
delete time:3.314018249511719e-05
delete time:3.4332275390625e-05
delete time:3.886222839355469e-05
delete time:2.9802322387695312e-05
delete time:3.457069396972656e-05
delete time:3.528594970703125e-05
delete time:3.552436828613281e-05
delete time:2.7179718017578125e-05
delete time:3.24249267578125e-05
delete time:3.24249267578125e-05
delete time:2.956390380859375e-05
delete time:2.765655517578125e-05
delete time:3.0994415283203125e-05
delete time:3.3855438232421875e-05
delete time:3.4332275390625e-05
delete time:3.0994415283203125e-05
delete time:3.0517578125e-05
delete time:2.0742416381835938e-05
delete time:2.0742416381835938e-05
delete time:2.9802322387695312e-05
delete time:6.079673767089844e-05
delete time:2.8371810913085938e-05
delete time:3.62396240234375e-05
delete time:3.933906555175781e-05
delete time:2.6702880859375e-05
delete time:2.0265579223632812e-05
delete time:3.3855438232421875e-05
delete time:2.4557113647460938e-05
delete time:2.9802322387695312e-05
delete time:2.6702880859375e-05
delete time:3.719329833984375e-05
delete time:3.600120544433594e-05
delete time:4.029273986816406e-05
delete time:3.0517578125e-05
delete time:3.600120544433594e-05
delete time:1.5020370483398438e-05
delete time:3.8623809814453125e-05
delete time:2.86102294921875e-05
delete time:4.029273986816406e-05
delete time:2.5033950805664062e-05
delete time:4.1961669921875e-05
delete time:1.6927719116210938e-05
delete time:3.218650817871094e-05
delete time:4.0531158447265625e-05
delete time:3.337860107421875e-05
delete time:2.956390380859375e-05
delete time:3.0279159545898438e-05
delete time:2.8371810913085938e-05
delete time:1.2636184692382812e-05
delete time:3.2901763916015625e-05
delete time:2.9087066650390625e-05
delete time:2.1696090698242188e-05
delete time:2.7179718017578125e-05
delete time:2.5987625122070312e-05
delete time:2.5033950805664062e-05
delete time:2.9087066650390625e-05
delete time:3.24249267578125e-05
delete time:2.765655517578125e-05
delete time:2.47955322265625e-05
delete time:3.743171691894531e-05
delete time:2.86102294921875e-05
delete time:3.0994415283203125e-05
delete time:2.574920654296875e-05
delete time:2.1696090698242188e-05
delete time:2.9325485229492188e-05
delete time:1.9788742065429688e-05
delete time:3.147125244140625e-05
delete time:2.765655517578125e-05
delete time:1.5497207641601562e-05
delete time:2.47955322265625e-05
delete time:3.0279159545898438e-05
delete time:3.218650817871094e-05
delete time:2.6702880859375e-05
delete time:3.409385681152344e-05
delete time:3.62396240234375e-05
delete time:2.2411346435546875e-05
delete time:2.2649765014648438e-05
delete time:3.075599670410156e-05
delete time:1.6927719116210938e-05
delete time:2.0265579223632812e-05
delete time:2.9802322387695312e-05
delete time:2.574920654296875e-05
delete time:3.933906555175781e-05
delete time:2.956390380859375e-05
delete time:3.314018249511719e-05
delete time:4.553794860839844e-05
delete time:2.3603439331054688e-05
delete time:4.124641418457031e-05
delete time:3.1948089599609375e-05
delete time:3.170967102050781e-05
delete time:3.314018249511719e-05
delete time:2.9325485229492188e-05
delete time:2.8133392333984375e-05
delete time:2.9325485229492188e-05
delete time:2.2172927856445312e-05
delete time:3.504753112792969e-05
delete time:3.1948089599609375e-05
delete time:2.86102294921875e-05
delete time:3.0517578125e-05
delete time:2.47955322265625e-05
delete time:2.6464462280273438e-05
delete time:2.384185791015625e-05
delete time:3.147125244140625e-05
delete time:2.4080276489257812e-05
delete time:2.956390380859375e-05
delete time:3.600120544433594e-05
delete time:3.0517578125e-05
delete time:2.8848648071289062e-05
delete time:3.4332275390625e-05
delete time:2.4318695068359375e-05
delete time:3.5762786865234375e-05
delete time:2.7894973754882812e-05
delete time:3.933906555175781e-05
delete time:2.7418136596679688e-05
delete time:3.24249267578125e-05
delete time:3.266334533691406e-05
delete time:3.838539123535156e-05
delete time:3.457069396972656e-05
delete time:2.3603439331054688e-05
delete time:1.7404556274414062e-05
delete time:2.0265579223632812e-05
delete time:1.9073486328125e-05
delete time:2.9802322387695312e-05
delete time:2.8848648071289062e-05
delete time:3.647804260253906e-05
delete time:3.075599670410156e-05
delete time:1.8596649169921875e-05
delete time:3.0279159545898438e-05
delete time:2.7894973754882812e-05
delete time:2.288818359375e-05
delete time:3.1948089599609375e-05
delete time:2.6941299438476562e-05
delete time:3.62396240234375e-05
delete time:2.8848648071289062e-05
delete time:3.6716461181640625e-05
delete time:2.3603439331054688e-05
delete time:3.3855438232421875e-05
delete time:3.695487976074219e-05
delete time:3.4809112548828125e-05
delete time:2.7418136596679688e-05
delete time:3.3855438232421875e-05
delete time:3.719329833984375e-05
delete time:3.5762786865234375e-05
delete time:2.8371810913085938e-05
delete time:2.1696090698242188e-05
delete time:3.790855407714844e-05
delete time:2.9802322387695312e-05
delete time:1.6689300537109375e-05
delete time:3.170967102050781e-05
delete time:3.409385681152344e-05
delete time:3.337860107421875e-05
delete time:3.0994415283203125e-05
delete time:3.695487976074219e-05
delete time:3.457069396972656e-05
delete time:3.528594970703125e-05
delete time:2.9325485229492188e-05
delete time:3.24249267578125e-05
delete time:2.86102294921875e-05
delete time:1.71661376953125e-05
delete time:2.6226043701171875e-05
delete time:3.743171691894531e-05
delete time:2.9325485229492188e-05
delete time:1.9550323486328125e-05
delete time:2.384185791015625e-05
delete time:3.170967102050781e-05
delete time:3.337860107421875e-05
delete time:1.71661376953125e-05
delete time:2.86102294921875e-05
delete time:3.0040740966796875e-05
delete time:2.8133392333984375e-05
delete time:2.1219253540039062e-05
delete time:2.86102294921875e-05
delete time:3.552436828613281e-05
delete time:3.62396240234375e-05
delete time:2.6702880859375e-05
delete time:3.743171691894531e-05
delete time:3.814697265625e-05
delete time:4.00543212890625e-05
delete time:3.0517578125e-05
delete time:3.0517578125e-05
delete time:2.956390380859375e-05
delete time:2.7894973754882812e-05
delete time:3.123283386230469e-05
delete time:3.075599670410156e-05
delete time:2.3603439331054688e-05
delete time:2.2411346435546875e-05
delete time:2.6941299438476562e-05
delete time:3.528594970703125e-05
delete time:2.2649765014648438e-05
delete time:3.147125244140625e-05
delete time:3.409385681152344e-05
delete time:2.7418136596679688e-05
delete time:2.574920654296875e-05
delete time:2.6464462280273438e-05
delete time:2.6941299438476562e-05
delete time:2.47955322265625e-05
delete time:3.218650817871094e-05
delete time:3.528594970703125e-05
delete time:3.1948089599609375e-05
delete time:3.409385681152344e-05
delete time:3.528594970703125e-05
delete time:3.409385681152344e-05
delete time:2.8133392333984375e-05
delete time:1.7404556274414062e-05
delete time:3.0517578125e-05
delete time:3.2901763916015625e-05
delete time:2.956390380859375e-05
delete time:2.3126602172851562e-05
delete time:3.123283386230469e-05
delete time:3.266334533691406e-05
delete time:3.0994415283203125e-05
delete time:2.9325485229492188e-05
delete time:4.124641418457031e-05
delete time:3.337860107421875e-05
delete time:3.409385681152344e-05
delete time:4.0531158447265625e-05
delete time:3.0040740966796875e-05
delete time:1.811981201171875e-05
delete time:2.3126602172851562e-05
delete time:4.792213439941406e-05
delete time:4.4345855712890625e-05
delete time:3.62396240234375e-05
delete time:2.6702880859375e-05
delete time:3.075599670410156e-05
delete time:3.0517578125e-05
delete time:2.9087066650390625e-05
delete time:2.6702880859375e-05
delete time:2.9087066650390625e-05
delete time:3.0994415283203125e-05
delete time:2.2411346435546875e-05
delete time:2.574920654296875e-05
delete time:2.7179718017578125e-05
delete time:2.3365020751953125e-05
delete time:4.2438507080078125e-05
delete time:3.1948089599609375e-05
delete time:3.552436828613281e-05
delete time:2.7418136596679688e-05
delete time:2.574920654296875e-05
delete time:3.62396240234375e-05
delete time:2.5987625122070312e-05
delete time:4.76837158203125e-05
delete time:4.100799560546875e-05
delete time:2.2649765014648438e-05
delete time:3.552436828613281e-05
delete time:3.552436828613281e-05
delete time:3.314018249511719e-05
delete time:3.3855438232421875e-05
delete time:3.4809112548828125e-05
delete time:3.647804260253906e-05
delete time:2.956390380859375e-05
delete time:2.3603439331054688e-05
delete time:2.765655517578125e-05
delete time:2.5272369384765625e-05
delete time:2.9325485229492188e-05
delete time:3.24249267578125e-05
delete time:3.123283386230469e-05
delete time:2.956390380859375e-05
delete time:3.123283386230469e-05
delete time:2.6702880859375e-05
delete time:3.147125244140625e-05
delete time:2.574920654296875e-05
delete time:2.2649765014648438e-05
delete time:3.314018249511719e-05
delete time:3.266334533691406e-05
delete time:2.3365020751953125e-05
delete time:2.3126602172851562e-05
delete time:3.123283386230469e-05
delete time:3.170967102050781e-05
delete time:2.8371810913085938e-05
delete time:2.5033950805664062e-05
delete time:5.507469177246094e-05
delete time:3.4332275390625e-05
delete time:2.2172927856445312e-05
delete time:3.1948089599609375e-05
delete time:3.0040740966796875e-05
delete time:3.266334533691406e-05
delete time:2.7418136596679688e-05
delete time:2.1457672119140625e-05
delete time:3.24249267578125e-05
delete time:2.4318695068359375e-05
delete time:3.170967102050781e-05
delete time:2.8371810913085938e-05
delete time:2.3365020751953125e-05
delete time:3.3855438232421875e-05
delete time:2.8133392333984375e-05
delete time:2.384185791015625e-05
delete time:2.86102294921875e-05
delete time:2.6226043701171875e-05
delete time:3.24249267578125e-05
delete time:3.457069396972656e-05
delete time:3.147125244140625e-05
delete time:3.719329833984375e-05
delete time:1.6927719116210938e-05
delete time:4.315376281738281e-05
delete time:3.2901763916015625e-05
delete time:2.5987625122070312e-05
delete time:3.1948089599609375e-05
delete time:1.9788742065429688e-05
delete time:3.24249267578125e-05
delete time:3.3855438232421875e-05
delete time:2.002716064453125e-05
delete time:4.076957702636719e-05
delete time:3.266334533691406e-05
delete time:2.956390380859375e-05
delete time:2.2411346435546875e-05
delete time:3.123283386230469e-05
delete time:3.218650817871094e-05
delete time:2.5033950805664062e-05
delete time:3.123283386230469e-05
delete time:2.86102294921875e-05
delete time:3.123283386230469e-05
delete time:3.24249267578125e-05
delete time:2.5272369384765625e-05
delete time:1.8596649169921875e-05
delete time:1.9073486328125e-05
delete time:3.457069396972656e-05
delete time:2.6464462280273438e-05
delete time:2.9087066650390625e-05
delete time:3.552436828613281e-05
delete time:3.337860107421875e-05
delete time:3.790855407714844e-05
delete time:2.0742416381835938e-05
delete time:3.337860107421875e-05
delete time:3.743171691894531e-05
delete time:1.8596649169921875e-05
delete time:2.574920654296875e-05
delete time:3.504753112792969e-05
delete time:2.8848648071289062e-05
delete time:2.8848648071289062e-05
delete time:2.2649765014648438e-05
delete time:2.3603439331054688e-05
delete time:3.170967102050781e-05
delete time:3.075599670410156e-05
delete time:2.09808349609375e-05
delete time:3.0040740966796875e-05
delete time:3.4332275390625e-05
delete time:2.8133392333984375e-05
delete time:3.170967102050781e-05
delete time:3.7670135498046875e-05
delete time:3.0279159545898438e-05
delete time:3.1948089599609375e-05
delete time:3.528594970703125e-05
delete time:3.981590270996094e-05
delete time:2.5272369384765625e-05
delete time:2.1457672119140625e-05
delete time:2.47955322265625e-05
delete time:3.600120544433594e-05
delete time:4.029273986816406e-05
delete time:3.2901763916015625e-05
delete time:3.528594970703125e-05
delete time:2.6464462280273438e-05
delete time:2.6226043701171875e-05
delete time:3.743171691894531e-05
delete time:3.409385681152344e-05
delete time:3.528594970703125e-05
delete time:3.552436828613281e-05
delete time:1.811981201171875e-05
delete time:2.8848648071289062e-05
delete time:3.0279159545898438e-05
delete time:2.5033950805664062e-05
delete time:4.410743713378906e-05
delete time:3.910064697265625e-05
delete time:3.790855407714844e-05
delete time:2.7179718017578125e-05
delete time:3.4332275390625e-05
delete time:3.695487976074219e-05
delete time:3.24249267578125e-05
delete time:4.00543212890625e-05
delete time:2.09808349609375e-05
delete time:2.8371810913085938e-05
delete time:2.1219253540039062e-05
delete time:3.933906555175781e-05
delete time:3.4809112548828125e-05
delete time:3.7670135498046875e-05
delete time:3.647804260253906e-05
delete time:2.0503997802734375e-05
delete time:2.0742416381835938e-05
delete time:3.337860107421875e-05
delete time:3.266334533691406e-05
delete time:2.6941299438476562e-05
delete time:3.123283386230469e-05
delete time:3.075599670410156e-05
delete time:1.8596649169921875e-05
delete time:2.1219253540039062e-05
delete time:2.0503997802734375e-05
delete time:3.910064697265625e-05
delete time:3.0279159545898438e-05
delete time:2.574920654296875e-05
delete time:2.2172927856445312e-05
delete time:3.170967102050781e-05
delete time:3.266334533691406e-05
delete time:4.100799560546875e-05
delete time:3.0994415283203125e-05
delete time:3.24249267578125e-05
delete time:2.8371810913085938e-05
delete time:2.765655517578125e-05
delete time:3.147125244140625e-05
delete time:1.9788742065429688e-05
delete time:3.24249267578125e-05
delete time:3.7670135498046875e-05
delete time:2.5272369384765625e-05
delete time:2.6941299438476562e-05
delete time:2.5510787963867188e-05
delete time:3.409385681152344e-05
delete time:3.981590270996094e-05
delete time:2.5272369384765625e-05
delete time:3.0279159545898438e-05
delete time:6.937980651855469e-05
delete time:3.7670135498046875e-05
delete time:3.9577484130859375e-05
delete time:5.030632019042969e-05
delete time:2.6464462280273438e-05
delete time:3.218650817871094e-05
delete time:3.814697265625e-05
delete time:2.6464462280273438e-05
delete time:3.1948089599609375e-05
delete time:3.9577484130859375e-05
delete time:2.6941299438476562e-05
delete time:2.6226043701171875e-05
delete time:4.696846008300781e-05
delete time:4.649162292480469e-05
delete time:2.2411346435546875e-05
delete time:4.410743713378906e-05
delete time:2.09808349609375e-05
delete time:3.0517578125e-05
delete time:1.8835067749023438e-05
delete time:3.933906555175781e-05
delete time:3.7670135498046875e-05
delete time:1.5974044799804688e-05
delete time:2.4318695068359375e-05
delete time:1.9073486328125e-05
delete time:1.9311904907226562e-05
delete time:3.695487976074219e-05
delete time:2.3126602172851562e-05
delete time:2.0503997802734375e-05
delete time:3.552436828613281e-05
delete time:3.0517578125e-05
delete time:4.2438507080078125e-05
delete time:4.9114227294921875e-05
delete time:2.0265579223632812e-05
delete time:2.6702880859375e-05
delete time:3.5762786865234375e-05
delete time:4.458427429199219e-05
delete time:4.1961669921875e-05
delete time:3.9577484130859375e-05
delete time:3.504753112792969e-05
delete time:3.1948089599609375e-05
delete time:3.218650817871094e-05
delete time:3.123283386230469e-05
delete time:3.743171691894531e-05
delete time:2.0265579223632812e-05
delete time:3.337860107421875e-05
delete time:1.7404556274414062e-05
delete time:3.4332275390625e-05
delete time:2.6464462280273438e-05
delete time:3.743171691894531e-05
delete time:1.9311904907226562e-05
delete time:4.57763671875e-05
delete time:3.528594970703125e-05
delete time:3.314018249511719e-05
delete time:1.6689300537109375e-05
delete time:1.811981201171875e-05
delete time:2.574920654296875e-05
delete time:3.457069396972656e-05
delete time:3.170967102050781e-05
delete time:1.71661376953125e-05
delete time:1.7404556274414062e-05
delete time:2.5510787963867188e-05
delete time:3.1948089599609375e-05
delete time:3.719329833984375e-05
delete time:3.504753112792969e-05
delete time:3.457069396972656e-05
delete time:1.6927719116210938e-05
delete time:2.4318695068359375e-05
delete time:3.218650817871094e-05
delete time:3.552436828613281e-05
delete time:4.8160552978515625e-05
delete time:2.2411346435546875e-05
delete time:4.506111145019531e-05
delete time:2.8133392333984375e-05
delete time:1.5497207641601562e-05
delete time:2.4080276489257812e-05
delete time:3.2901763916015625e-05
delete time:2.6702880859375e-05
delete time:2.002716064453125e-05
delete time:2.956390380859375e-05
delete time:1.5974044799804688e-05
delete time:3.337860107421875e-05
delete time:2.8371810913085938e-05
delete time:3.886222839355469e-05
delete time:1.9073486328125e-05
delete time:2.3126602172851562e-05
delete time:3.790855407714844e-05
delete time:2.1457672119140625e-05
delete time:3.981590270996094e-05
delete time:3.695487976074219e-05
delete time:2.6226043701171875e-05
delete time:3.337860107421875e-05
delete time:2.193450927734375e-05
delete time:3.552436828613281e-05
delete time:3.266334533691406e-05
delete time:2.002716064453125e-05
delete time:3.147125244140625e-05
delete time:4.8160552978515625e-05
delete time:3.314018249511719e-05
delete time:1.9788742065429688e-05
delete time:2.1457672119140625e-05
delete time:3.62396240234375e-05
delete time:2.956390380859375e-05
delete time:4.553794860839844e-05
delete time:2.09808349609375e-05
delete time:2.9087066650390625e-05
delete time:3.266334533691406e-05
delete time:3.1948089599609375e-05
delete time:3.337860107421875e-05
delete time:2.8848648071289062e-05
delete time:3.218650817871094e-05
delete time:4.124641418457031e-05
delete time:2.0265579223632812e-05
delete time:3.4332275390625e-05
delete time:3.075599670410156e-05
delete time:3.361701965332031e-05
delete time:3.24249267578125e-05
delete time:3.62396240234375e-05
delete time:1.9788742065429688e-05
delete time:3.886222839355469e-05
delete time:3.743171691894531e-05
delete time:4.363059997558594e-05
delete time:3.5762786865234375e-05
delete time:4.38690185546875e-05
delete time:2.288818359375e-05
delete time:1.9550323486328125e-05
delete time:2.002716064453125e-05
delete time:3.886222839355469e-05
delete time:3.6716461181640625e-05
delete time:3.910064697265625e-05
delete time:3.457069396972656e-05
delete time:2.86102294921875e-05
delete time:2.6702880859375e-05
delete time:3.075599670410156e-05
delete time:3.719329833984375e-05
delete time:2.8133392333984375e-05
delete time:4.100799560546875e-05
delete time:1.71661376953125e-05
delete time:3.409385681152344e-05
delete time:3.7670135498046875e-05
delete time:3.4809112548828125e-05
delete time:4.410743713378906e-05
delete time:3.5762786865234375e-05
delete time:3.528594970703125e-05
delete time:3.123283386230469e-05
delete time:4.100799560546875e-05
delete time:3.9577484130859375e-05
delete time:4.315376281738281e-05
delete time:3.814697265625e-05
delete time:2.4557113647460938e-05
delete time:3.0279159545898438e-05
delete time:3.981590270996094e-05
delete time:3.695487976074219e-05
delete time:3.0994415283203125e-05
delete time:3.528594970703125e-05
delete time:3.719329833984375e-05
delete time:1.9073486328125e-05
delete time:3.147125244140625e-05
delete time:2.6941299438476562e-05
delete time:2.7179718017578125e-05
delete time:2.5272369384765625e-05
delete time:3.170967102050781e-05
delete time:3.838539123535156e-05
delete time:3.170967102050781e-05
delete time:2.5272369384765625e-05
delete time:1.811981201171875e-05
delete time:1.430511474609375e-05
delete time:1.9311904907226562e-05
delete time:1.6927719116210938e-05
delete time:3.147125244140625e-05
delete time:2.288818359375e-05
delete time:4.1484832763671875e-05
delete time:2.7418136596679688e-05
delete time:2.4318695068359375e-05
delete time:3.790855407714844e-05
delete time:1.6927719116210938e-05
delete time:1.4781951904296875e-05
delete time:4.124641418457031e-05
delete time:3.0279159545898438e-05
delete time:2.9325485229492188e-05
delete time:2.193450927734375e-05
delete time:3.3855438232421875e-05
delete time:1.3589859008789062e-05
delete time:2.7179718017578125e-05
delete time:3.5762786865234375e-05
delete time:2.9087066650390625e-05
delete time:3.504753112792969e-05
delete time:3.504753112792969e-05
delete time:3.933906555175781e-05
delete time:3.147125244140625e-05
delete time:3.790855407714844e-05
delete time:2.9802322387695312e-05
delete time:3.075599670410156e-05
delete time:3.3855438232421875e-05
delete time:3.4332275390625e-05
delete time:3.647804260253906e-05
delete time:2.7418136596679688e-05
delete time:4.124641418457031e-05
delete time:4.124641418457031e-05
delete time:6.198883056640625e-05
delete time:3.0517578125e-05
delete time:6.127357482910156e-05
delete time:3.0040740966796875e-05
delete time:5.6743621826171875e-05
delete time:2.9087066650390625e-05
delete time:3.7670135498046875e-05
delete time:3.4809112548828125e-05
delete time:4.363059997558594e-05
delete time:5.936622619628906e-05
delete time:2.5987625122070312e-05
delete time:3.147125244140625e-05
delete time:5.269050598144531e-05
delete time:2.5033950805664062e-05
delete time:2.6464462280273438e-05
delete time:3.910064697265625e-05
delete time:2.4080276489257812e-05
delete time:4.076957702636719e-05
delete time:3.409385681152344e-05
delete time:2.8371810913085938e-05
delete time:3.647804260253906e-05
delete time:3.5762786865234375e-05
delete time:3.147125244140625e-05
delete time:3.814697265625e-05
delete time:3.600120544433594e-05
delete time:2.2411346435546875e-05
delete time:6.079673767089844e-05
delete time:3.218650817871094e-05
delete time:3.600120544433594e-05
delete time:3.075599670410156e-05
delete time:2.5272369384765625e-05
delete time:4.0531158447265625e-05
delete time:2.0503997802734375e-05
delete time:4.5299530029296875e-05
delete time:4.291534423828125e-05
delete time:3.409385681152344e-05
delete time:3.695487976074219e-05
delete time:2.3126602172851562e-05
delete time:4.935264587402344e-05
delete time:3.838539123535156e-05
delete time:6.031990051269531e-05
delete time:3.1948089599609375e-05
delete time:3.8623809814453125e-05
delete time:2.86102294921875e-05
delete time:3.337860107421875e-05
delete time:2.8848648071289062e-05
delete time:4.172325134277344e-05
delete time:3.886222839355469e-05
delete time:3.9577484130859375e-05
delete time:3.600120544433594e-05
delete time:3.600120544433594e-05
delete time:2.956390380859375e-05
delete time:3.075599670410156e-05
delete time:3.4809112548828125e-05
delete time:2.3365020751953125e-05
delete time:3.457069396972656e-05
delete time:3.170967102050781e-05
delete time:3.24249267578125e-05
delete time:3.337860107421875e-05
delete time:5.245208740234375e-05
delete time:2.384185791015625e-05
delete time:2.7894973754882812e-05
delete time:3.9577484130859375e-05
delete time:4.124641418457031e-05
delete time:4.1961669921875e-05
delete time:2.384185791015625e-05
delete time:5.602836608886719e-05
delete time:3.719329833984375e-05
delete time:3.695487976074219e-05
delete time:2.9087066650390625e-05
delete time:3.1948089599609375e-05
delete time:3.790855407714844e-05
delete time:1.4543533325195312e-05
delete time:3.266334533691406e-05
delete time:3.075599670410156e-05
delete time:3.1948089599609375e-05
delete time:3.170967102050781e-05
delete time:3.790855407714844e-05
delete time:3.218650817871094e-05
delete time:3.361701965332031e-05
delete time:3.218650817871094e-05
delete time:2.4080276489257812e-05
delete time:3.266334533691406e-05
delete time:3.361701965332031e-05
delete time:2.4318695068359375e-05
delete time:4.00543212890625e-05
delete time:2.86102294921875e-05
delete time:2.9087066650390625e-05
delete time:3.7670135498046875e-05
delete time:2.8133392333984375e-05
delete time:1.3828277587890625e-05
delete time:3.170967102050781e-05
delete time:3.3855438232421875e-05
delete time:3.147125244140625e-05
delete time:3.0040740966796875e-05
delete time:2.0742416381835938e-05
delete time:2.5033950805664062e-05
delete time:3.552436828613281e-05
delete time:4.172325134277344e-05
delete time:2.1696090698242188e-05
delete time:3.600120544433594e-05
delete time:1.621246337890625e-05
delete time:3.4332275390625e-05
delete time:3.4809112548828125e-05
delete time:3.600120544433594e-05
delete time:2.3365020751953125e-05
delete time:3.695487976074219e-05
delete time:3.4809112548828125e-05
delete time:2.4557113647460938e-05
delete time:3.6716461181640625e-05
delete time:4.1484832763671875e-05
delete time:4.9114227294921875e-05
delete time:3.886222839355469e-05
delete time:2.4318695068359375e-05
delete time:3.62396240234375e-05
delete time:4.410743713378906e-05
delete time:2.7179718017578125e-05
delete time:2.7179718017578125e-05
delete time:2.2411346435546875e-05
delete time:3.314018249511719e-05
delete time:5.245208740234375e-05
delete time:2.5033950805664062e-05
delete time:2.86102294921875e-05
delete time:3.170967102050781e-05
delete time:2.7179718017578125e-05
delete time:4.57763671875e-05
delete time:3.600120544433594e-05
delete time:3.7670135498046875e-05
delete time:3.4332275390625e-05
delete time:2.9802322387695312e-05
delete time:3.0517578125e-05
delete time:3.314018249511719e-05
delete time:3.0994415283203125e-05
delete time:2.8133392333984375e-05
delete time:2.9325485229492188e-05
delete time:3.743171691894531e-05
delete time:4.482269287109375e-05
delete time:3.6716461181640625e-05
delete time:4.887580871582031e-05
delete time:3.981590270996094e-05
delete time:4.553794860839844e-05
delete time:4.0531158447265625e-05
delete time:3.8623809814453125e-05
delete time:4.6253204345703125e-05
delete time:3.8623809814453125e-05
delete time:5.269050598144531e-05
delete time:3.647804260253906e-05
delete time:3.0040740966796875e-05
delete time:5.0067901611328125e-05
delete time:3.0517578125e-05
delete time:5.269050598144531e-05
delete time:3.4809112548828125e-05
delete time:3.814697265625e-05
delete time:4.553794860839844e-05
delete time:4.100799560546875e-05
delete time:3.552436828613281e-05
delete time:3.409385681152344e-05
delete time:3.910064697265625e-05
delete time:1.8358230590820312e-05
delete time:5.316734313964844e-05
delete time:4.172325134277344e-05
delete time:2.956390380859375e-05
delete time:2.384185791015625e-05
delete time:3.838539123535156e-05
delete time:2.9325485229492188e-05
delete time:4.4345855712890625e-05
delete time:3.552436828613281e-05
delete time:4.7206878662109375e-05
delete time:3.361701965332031e-05
delete time:5.030632019042969e-05
delete time:3.647804260253906e-05
delete time:3.504753112792969e-05
delete time:4.458427429199219e-05
delete time:2.5987625122070312e-05
delete time:3.647804260253906e-05
delete time:3.1948089599609375e-05
delete time:3.0279159545898438e-05
delete time:2.6941299438476562e-05
delete time:3.0994415283203125e-05
delete time:3.457069396972656e-05
delete time:3.314018249511719e-05
delete time:3.2901763916015625e-05
delete time:3.3855438232421875e-05
delete time:4.124641418457031e-05
delete time:2.8371810913085938e-05
delete time:3.337860107421875e-05
delete time:3.266334533691406e-05
delete time:3.24249267578125e-05
delete time:2.384185791015625e-05
delete time:3.0040740966796875e-05
delete time:2.2649765014648438e-05
delete time:3.9577484130859375e-05
delete time:3.266334533691406e-05
delete time:4.124641418457031e-05
delete time:3.6716461181640625e-05
delete time:3.600120544433594e-05
delete time:3.1948089599609375e-05
delete time:3.886222839355469e-05
delete time:3.457069396972656e-05
delete time:3.790855407714844e-05
delete time:3.457069396972656e-05
delete time:4.100799560546875e-05
delete time:3.528594970703125e-05
delete time:3.600120544433594e-05
delete time:5.507469177246094e-05
delete time:3.409385681152344e-05
delete time:3.600120544433594e-05
delete time:2.6464462280273438e-05
delete time:3.0517578125e-05
delete time:2.9802322387695312e-05
delete time:2.0265579223632812e-05
delete time:4.673004150390625e-05
delete time:3.075599670410156e-05
delete time:2.4557113647460938e-05
delete time:3.5762786865234375e-05
delete time:3.790855407714844e-05
delete time:3.4332275390625e-05
delete time:2.6464462280273438e-05
delete time:3.4809112548828125e-05
delete time:4.744529724121094e-05
delete time:3.0040740966796875e-05
delete time:4.410743713378906e-05
delete time:2.5272369384765625e-05
delete time:3.3855438232421875e-05
delete time:4.100799560546875e-05
delete time:3.361701965332031e-05
delete time:2.9087066650390625e-05
delete time:3.0517578125e-05
delete time:4.601478576660156e-05
delete time:4.172325134277344e-05
delete time:3.6716461181640625e-05
delete time:2.6941299438476562e-05
delete time:3.600120544433594e-05
delete time:2.7894973754882812e-05
delete time:3.337860107421875e-05
delete time:2.956390380859375e-05
delete time:3.24249267578125e-05
delete time:3.314018249511719e-05
delete time:3.600120544433594e-05
delete time:3.4332275390625e-05
delete time:2.4557113647460938e-05
delete time:2.6226043701171875e-05
delete time:3.147125244140625e-05
delete time:3.504753112792969e-05
delete time:3.838539123535156e-05
delete time:2.6941299438476562e-05
delete time:2.3365020751953125e-05
delete time:3.886222839355469e-05
delete time:4.5299530029296875e-05
delete time:3.266334533691406e-05
delete time:2.7894973754882812e-05
delete time:4.220008850097656e-05
delete time:3.62396240234375e-05
delete time:3.7670135498046875e-05
delete time:3.719329833984375e-05
delete time:2.6941299438476562e-05
delete time:3.0994415283203125e-05
delete time:2.7179718017578125e-05
delete time:2.4318695068359375e-05
delete time:4.6253204345703125e-05
delete time:3.266334533691406e-05
delete time:2.3365020751953125e-05
delete time:3.1948089599609375e-05
delete time:4.3392181396484375e-05
delete time:3.266334533691406e-05
delete time:3.910064697265625e-05
delete time:3.647804260253906e-05
delete time:3.6716461181640625e-05
delete time:3.9577484130859375e-05
delete time:3.695487976074219e-05
delete time:3.743171691894531e-05
delete time:4.100799560546875e-05
delete time:2.956390380859375e-05
delete time:3.1948089599609375e-05
delete time:3.719329833984375e-05
delete time:3.3855438232421875e-05
delete time:3.4332275390625e-05
delete time:3.0517578125e-05
delete time:4.291534423828125e-05
delete time:4.5299530029296875e-05
delete time:3.933906555175781e-05
delete time:3.170967102050781e-05
delete time:3.0279159545898438e-05
delete time:3.314018249511719e-05
delete time:3.0517578125e-05
delete time:3.552436828613281e-05
delete time:3.24249267578125e-05
delete time:3.814697265625e-05
delete time:3.266334533691406e-05
delete time:2.8133392333984375e-05
delete time:2.5033950805664062e-05
delete time:2.8133392333984375e-05
delete time:3.0517578125e-05
delete time:2.9087066650390625e-05
delete time:3.0994415283203125e-05
delete time:3.218650817871094e-05
delete time:3.075599670410156e-05
delete time:2.288818359375e-05
delete time:2.765655517578125e-05
delete time:3.361701965332031e-05
delete time:3.147125244140625e-05
delete time:3.0040740966796875e-05
delete time:2.6702880859375e-05
delete time:3.361701965332031e-05
delete time:5.078315734863281e-05
delete time:3.147125244140625e-05
delete time:2.09808349609375e-05
delete time:3.4332275390625e-05
delete time:2.5272369384765625e-05
delete time:3.1948089599609375e-05
delete time:3.0994415283203125e-05
delete time:2.956390380859375e-05
delete time:3.170967102050781e-05
delete time:3.838539123535156e-05
delete time:4.458427429199219e-05
delete time:3.0279159545898438e-05
delete time:2.2411346435546875e-05
delete time:4.935264587402344e-05
delete time:2.6464462280273438e-05
delete time:3.337860107421875e-05
delete time:3.24249267578125e-05
delete time:3.4332275390625e-05
delete time:3.0994415283203125e-05
delete time:3.6716461181640625e-05
delete time:2.9802322387695312e-05
delete time:4.00543212890625e-05
delete time:2.8371810913085938e-05
delete time:4.982948303222656e-05
delete time:2.9802322387695312e-05
delete time:4.363059997558594e-05
delete time:2.956390380859375e-05
delete time:3.266334533691406e-05
delete time:3.528594970703125e-05
delete time:4.220008850097656e-05
delete time:2.765655517578125e-05
delete time:3.62396240234375e-05
delete time:2.956390380859375e-05
delete time:3.147125244140625e-05
delete time:3.147125244140625e-05
delete time:4.935264587402344e-05
delete time:3.123283386230469e-05
delete time:2.9325485229492188e-05
delete time:3.218650817871094e-05
delete time:4.863739013671875e-05
delete time:3.9577484130859375e-05
delete time:2.5272369384765625e-05
delete time:3.457069396972656e-05
delete time:3.814697265625e-05
delete time:3.123283386230469e-05
delete time:2.5272369384765625e-05
delete time:3.337860107421875e-05
delete time:2.4318695068359375e-05
delete time:4.3392181396484375e-05
delete time:3.838539123535156e-05
delete time:2.7894973754882812e-05
delete time:4.696846008300781e-05
delete time:4.029273986816406e-05
delete time:3.4332275390625e-05
delete time:3.933906555175781e-05
delete time:4.458427429199219e-05
delete time:2.86102294921875e-05
delete time:2.47955322265625e-05
delete time:3.552436828613281e-05
delete time:3.218650817871094e-05
delete time:5.745887756347656e-05
delete time:2.8371810913085938e-05
delete time:1.9311904907226562e-05
delete time:3.504753112792969e-05
delete time:3.0517578125e-05
delete time:3.147125244140625e-05
delete time:2.6464462280273438e-05
delete time:3.1948089599609375e-05
delete time:2.9802322387695312e-05
delete time:5.030632019042969e-05
delete time:3.361701965332031e-05
delete time:3.0517578125e-05
delete time:3.981590270996094e-05
delete time:4.839897155761719e-05
delete time:2.9087066650390625e-05
delete time:2.4318695068359375e-05
delete time:3.0040740966796875e-05
delete time:3.409385681152344e-05
delete time:6.079673767089844e-05
delete time:3.218650817871094e-05
delete time:2.574920654296875e-05
delete time:3.695487976074219e-05
delete time:2.5033950805664062e-05
delete time:3.266334533691406e-05
delete time:2.9802322387695312e-05
delete time:3.933906555175781e-05
delete time:2.86102294921875e-05
delete time:3.8623809814453125e-05
delete time:3.504753112792969e-05
delete time:2.5272369384765625e-05
delete time:3.6716461181640625e-05
delete time:3.1948089599609375e-05
delete time:2.3126602172851562e-05
delete time:3.409385681152344e-05
delete time:2.765655517578125e-05
delete time:3.0040740966796875e-05
delete time:2.6941299438476562e-05
delete time:2.574920654296875e-05
delete time:3.6716461181640625e-05
delete time:2.5987625122070312e-05
delete time:3.075599670410156e-05
delete time:4.029273986816406e-05
delete time:2.4318695068359375e-05
delete time:2.9087066650390625e-05
delete time:4.76837158203125e-05
delete time:2.574920654296875e-05
delete time:5.650520324707031e-05
delete time:3.910064697265625e-05
delete time:3.314018249511719e-05
delete time:3.0279159545898438e-05
delete time:3.743171691894531e-05
delete time:2.8133392333984375e-05
delete time:2.7894973754882812e-05
delete time:3.0040740966796875e-05
delete time:4.601478576660156e-05
delete time:3.1948089599609375e-05
delete time:3.790855407714844e-05
delete time:4.267692565917969e-05
delete time:3.62396240234375e-05
delete time:4.315376281738281e-05
delete time:3.24249267578125e-05
delete time:3.552436828613281e-05
delete time:2.6464462280273438e-05
delete time:4.38690185546875e-05
delete time:3.743171691894531e-05
delete time:4.100799560546875e-05
delete time:2.5510787963867188e-05
delete time:3.457069396972656e-05
delete time:2.6941299438476562e-05
delete time:4.3392181396484375e-05
delete time:2.4318695068359375e-05
delete time:3.4332275390625e-05
delete time:3.170967102050781e-05
delete time:3.719329833984375e-05
delete time:4.291534423828125e-05
delete time:3.314018249511719e-05
delete time:2.2411346435546875e-05
delete time:2.7418136596679688e-05
delete time:2.956390380859375e-05
delete time:3.147125244140625e-05
delete time:2.2411346435546875e-05
delete time:3.790855407714844e-05
delete time:3.4332275390625e-05
delete time:4.1484832763671875e-05
delete time:2.574920654296875e-05
delete time:2.86102294921875e-05
delete time:4.076957702636719e-05
delete time:2.5033950805664062e-05
delete time:3.3855438232421875e-05
delete time:3.695487976074219e-05
delete time:1.8835067749023438e-05
delete time:3.2901763916015625e-05
delete time:2.8848648071289062e-05
delete time:3.457069396972656e-05
delete time:4.6253204345703125e-05
delete time:3.790855407714844e-05
delete time:3.600120544433594e-05
delete time:2.765655517578125e-05
delete time:2.5272369384765625e-05
delete time:3.600120544433594e-05
delete time:2.3126602172851562e-05
delete time:4.76837158203125e-05
delete time:3.337860107421875e-05
delete time:3.218650817871094e-05
delete time:5.030632019042969e-05
delete time:3.0040740966796875e-05
delete time:3.3855438232421875e-05
delete time:4.9114227294921875e-05
delete time:3.9577484130859375e-05
delete time:2.5272369384765625e-05
delete time:3.0279159545898438e-05
delete time:4.124641418457031e-05
delete time:2.956390380859375e-05
delete time:3.552436828613281e-05
delete time:4.887580871582031e-05
delete time:3.5762786865234375e-05
delete time:2.9087066650390625e-05
delete time:3.790855407714844e-05
delete time:2.6226043701171875e-05
delete time:3.3855438232421875e-05
delete time:3.743171691894531e-05
delete time:3.24249267578125e-05
delete time:2.5033950805664062e-05
delete time:3.0994415283203125e-05
delete time:3.528594970703125e-05
delete time:3.838539123535156e-05
delete time:3.457069396972656e-05
delete time:3.0994415283203125e-05
delete time:2.3603439331054688e-05
delete time:3.7670135498046875e-05
delete time:3.218650817871094e-05
delete time:3.24249267578125e-05
delete time:3.3855438232421875e-05
delete time:2.9325485229492188e-05
delete time:3.24249267578125e-05
delete time:3.9577484130859375e-05
delete time:3.170967102050781e-05
delete time:2.5510787963867188e-05
delete time:2.4318695068359375e-05
delete time:4.00543212890625e-05
delete time:2.8848648071289062e-05
delete time:3.981590270996094e-05
delete time:2.7418136596679688e-05
delete time:2.8133392333984375e-05
delete time:2.8371810913085938e-05
delete time:3.910064697265625e-05
delete time:3.552436828613281e-05
delete time:2.6702880859375e-05
delete time:4.172325134277344e-05
delete time:3.62396240234375e-05
delete time:4.00543212890625e-05
delete time:2.574920654296875e-05
delete time:2.7179718017578125e-05
delete time:3.24249267578125e-05
delete time:3.743171691894531e-05
delete time:3.504753112792969e-05
delete time:3.3855438232421875e-05
delete time:3.314018249511719e-05
delete time:3.838539123535156e-05
delete time:4.57763671875e-05
delete time:3.790855407714844e-05
delete time:3.647804260253906e-05
delete time:3.3855438232421875e-05
delete time:2.7894973754882812e-05
delete time:1.9550323486328125e-05
delete time:2.1219253540039062e-05
delete time:3.600120544433594e-05
delete time:2.4318695068359375e-05
delete time:3.409385681152344e-05
delete time:3.123283386230469e-05
delete time:5.173683166503906e-05
delete time:2.7894973754882812e-05
delete time:4.100799560546875e-05
delete time:2.6464462280273438e-05
delete time:3.4809112548828125e-05
delete time:3.266334533691406e-05
delete time:4.00543212890625e-05
delete time:3.3855438232421875e-05
delete time:2.4557113647460938e-05
delete time:2.8848648071289062e-05
delete time:5.078315734863281e-05
delete time:3.361701965332031e-05
delete time:3.600120544433594e-05
delete time:2.8848648071289062e-05
delete time:3.24249267578125e-05
delete time:2.8371810913085938e-05
delete time:2.2411346435546875e-05
delete time:2.574920654296875e-05
delete time:3.361701965332031e-05
delete time:3.409385681152344e-05
delete time:3.838539123535156e-05
delete time:3.337860107421875e-05
delete time:2.956390380859375e-05
delete time:2.7418136596679688e-05
delete time:3.814697265625e-05
delete time:3.600120544433594e-05
delete time:4.887580871582031e-05
delete time:3.62396240234375e-05
delete time:2.956390380859375e-05
delete time:2.7418136596679688e-05
delete time:3.0040740966796875e-05
delete time:3.600120544433594e-05
delete time:3.790855407714844e-05
delete time:2.47955322265625e-05
delete time:4.9591064453125e-05
delete time:3.6716461181640625e-05
delete time:2.86102294921875e-05
delete time:3.1948089599609375e-05
delete time:3.719329833984375e-05
delete time:3.528594970703125e-05
delete time:3.7670135498046875e-05
delete time:2.9325485229492188e-05
delete time:2.7894973754882812e-05
delete time:2.5987625122070312e-05
delete time:3.4332275390625e-05
delete time:2.574920654296875e-05
delete time:4.887580871582031e-05
delete time:2.8848648071289062e-05
delete time:3.3855438232421875e-05
delete time:3.2901763916015625e-05
delete time:3.719329833984375e-05
delete time:4.2438507080078125e-05
delete time:2.6226043701171875e-05
delete time:3.552436828613281e-05
delete time:3.504753112792969e-05
delete time:2.9802322387695312e-05
delete time:2.7418136596679688e-05
delete time:2.1457672119140625e-05
delete time:3.075599670410156e-05
delete time:2.8133392333984375e-05
delete time:2.3603439331054688e-05
delete time:2.574920654296875e-05
delete time:2.3365020751953125e-05
delete time:3.123283386230469e-05
delete time:3.218650817871094e-05
delete time:3.123283386230469e-05
delete time:1.8596649169921875e-05
delete time:3.266334533691406e-05
delete time:3.886222839355469e-05
delete time:2.8848648071289062e-05
delete time:3.743171691894531e-05
delete time:3.075599670410156e-05
delete time:2.9325485229492188e-05
delete time:2.47955322265625e-05
delete time:1.7881393432617188e-05
delete time:4.124641418457031e-05
delete time:3.9577484130859375e-05
delete time:2.574920654296875e-05
delete time:5.078315734863281e-05
delete time:3.0040740966796875e-05
delete time:4.839897155761719e-05
delete time:4.887580871582031e-05
delete time:3.62396240234375e-05
delete time:2.9087066650390625e-05
delete time:2.002716064453125e-05
delete time:3.266334533691406e-05
delete time:4.0531158447265625e-05
delete time:2.7418136596679688e-05
delete time:2.1696090698242188e-05
delete time:4.267692565917969e-05
delete time:2.7894973754882812e-05
delete time:3.528594970703125e-05
delete time:3.147125244140625e-05
delete time:3.5762786865234375e-05
delete time:3.600120544433594e-05
delete time:4.601478576660156e-05
delete time:3.528594970703125e-05
delete time:3.170967102050781e-05
delete time:3.3855438232421875e-05
delete time:2.47955322265625e-05
delete time:3.552436828613281e-05
delete time:4.506111145019531e-05
delete time:2.2411346435546875e-05
delete time:3.719329833984375e-05
delete time:3.504753112792969e-05
delete time:2.9087066650390625e-05
delete time:2.5033950805664062e-05
delete time:3.2901763916015625e-05
delete time:2.9325485229492188e-05
delete time:3.409385681152344e-05
delete time:3.1948089599609375e-05
delete time:1.7881393432617188e-05
delete time:3.314018249511719e-05
delete time:4.315376281738281e-05
delete time:2.8133392333984375e-05
delete time:3.790855407714844e-05
delete time:3.170967102050781e-05
delete time:2.4080276489257812e-05
delete time:2.6941299438476562e-05
delete time:3.337860107421875e-05
delete time:3.0040740966796875e-05
delete time:3.075599670410156e-05
delete time:2.9802322387695312e-05
delete time:2.5033950805664062e-05
delete time:3.0517578125e-05
delete time:3.2901763916015625e-05
delete time:2.7418136596679688e-05
delete time:2.3603439331054688e-05
delete time:2.8371810913085938e-05
delete time:3.218650817871094e-05
delete time:2.8133392333984375e-05
delete time:3.5762786865234375e-05
delete time:4.4345855712890625e-05
delete time:3.910064697265625e-05
delete time:3.147125244140625e-05
delete time:4.076957702636719e-05
delete time:3.457069396972656e-05
delete time:3.886222839355469e-05
delete time:3.0040740966796875e-05
delete time:4.1484832763671875e-05
delete time:3.6716461181640625e-05
delete time:5.364418029785156e-05
delete time:3.147125244140625e-05
delete time:3.075599670410156e-05
delete time:3.266334533691406e-05
delete time:3.4809112548828125e-05
delete time:3.24249267578125e-05
delete time:4.9591064453125e-05
delete time:3.600120544433594e-05
delete time:2.9325485229492188e-05
delete time:2.8371810913085938e-05
delete time:2.6226043701171875e-05
delete time:3.814697265625e-05
delete time:3.3855438232421875e-05
delete time:5.650520324707031e-05
delete time:3.4332275390625e-05
delete time:3.123283386230469e-05
delete time:2.4080276489257812e-05
delete time:5.745887756347656e-05
delete time:3.981590270996094e-05
delete time:3.075599670410156e-05
delete time:2.288818359375e-05
delete time:3.0994415283203125e-05
delete time:3.600120544433594e-05
delete time:2.8133392333984375e-05
delete time:6.318092346191406e-05
delete time:8.273124694824219e-05
delete time:5.507469177246094e-05
delete time:4.792213439941406e-05
delete time:3.8623809814453125e-05
delete time:2.956390380859375e-05
delete time:3.0994415283203125e-05
delete time:2.6941299438476562e-05
delete time:5.435943603515625e-05
delete time:2.86102294921875e-05
delete time:4.100799560546875e-05
delete time:3.743171691894531e-05
delete time:3.62396240234375e-05
delete time:4.363059997558594e-05
delete time:4.1484832763671875e-05
delete time:3.0040740966796875e-05
delete time:3.0279159545898438e-05
delete time:3.910064697265625e-05
delete time:2.8371810913085938e-05
delete time:3.814697265625e-05
delete time:3.3855438232421875e-05
delete time:4.673004150390625e-05
delete time:3.0994415283203125e-05
delete time:3.3855438232421875e-05
delete time:2.5272369384765625e-05
delete time:2.47955322265625e-05
delete time:4.7206878662109375e-05
delete time:3.552436828613281e-05
delete time:3.981590270996094e-05
delete time:3.266334533691406e-05
delete time:4.1961669921875e-05
delete time:3.814697265625e-05
delete time:3.719329833984375e-05
delete time:4.9591064453125e-05
delete time:2.7179718017578125e-05
delete time:3.361701965332031e-05
delete time:5.0067901611328125e-05
delete time:5.435943603515625e-05
delete time:2.9325485229492188e-05
delete time:3.790855407714844e-05
delete time:5.221366882324219e-05
delete time:2.3603439331054688e-05
delete time:3.4809112548828125e-05
delete time:4.696846008300781e-05
delete time:4.5299530029296875e-05
delete time:2.765655517578125e-05
delete time:4.506111145019531e-05
delete time:3.24249267578125e-05
delete time:4.38690185546875e-05
delete time:3.910064697265625e-05
delete time:3.123283386230469e-05
delete time:3.504753112792969e-05
delete time:4.029273986816406e-05
delete time:2.8133392333984375e-05
delete time:3.4809112548828125e-05
delete time:5.435943603515625e-05
delete time:3.695487976074219e-05
delete time:2.7179718017578125e-05
delete time:4.5299530029296875e-05
delete time:2.9325485229492188e-05
delete time:4.506111145019531e-05
delete time:3.7670135498046875e-05
delete time:2.47955322265625e-05
delete time:4.029273986816406e-05
delete time:3.4332275390625e-05
delete time:2.09808349609375e-05
delete time:4.1484832763671875e-05
delete time:3.075599670410156e-05
delete time:2.2411346435546875e-05
delete time:2.6941299438476562e-05
delete time:3.147125244140625e-05
delete time:4.410743713378906e-05
delete time:3.147125244140625e-05
delete time:2.5033950805664062e-05
delete time:3.7670135498046875e-05
delete time:4.410743713378906e-05
delete time:3.4809112548828125e-05
delete time:3.933906555175781e-05
delete time:3.552436828613281e-05
delete time:2.7894973754882812e-05
delete time:3.0279159545898438e-05
delete time:3.4809112548828125e-05
delete time:3.695487976074219e-05
delete time:2.5033950805664062e-05
delete time:4.172325134277344e-05
delete time:4.4345855712890625e-05
delete time:3.361701965332031e-05
delete time:3.552436828613281e-05
delete time:4.029273986816406e-05
delete time:3.0279159545898438e-05
delete time:3.790855407714844e-05
delete time:4.291534423828125e-05
delete time:4.2438507080078125e-05
delete time:2.8371810913085938e-05
delete time:5.221366882324219e-05
delete time:3.337860107421875e-05
delete time:3.266334533691406e-05
delete time:3.361701965332031e-05
delete time:3.4809112548828125e-05
delete time:3.218650817871094e-05
delete time:3.218650817871094e-05
delete time:3.147125244140625e-05
delete time:3.218650817871094e-05
delete time:4.1961669921875e-05
delete time:3.7670135498046875e-05
delete time:4.38690185546875e-05
delete time:3.504753112792969e-05
delete time:3.218650817871094e-05
delete time:2.9802322387695312e-05
delete time:3.3855438232421875e-05
delete time:3.62396240234375e-05
delete time:3.790855407714844e-05
delete time:5.125999450683594e-05
delete time:4.267692565917969e-05
delete time:2.9802322387695312e-05
delete time:2.8133392333984375e-05
delete time:3.8623809814453125e-05
delete time:2.9325485229492188e-05
delete time:4.4345855712890625e-05
delete time:2.7418136596679688e-05
delete time:3.838539123535156e-05
delete time:3.170967102050781e-05
delete time:3.0279159545898438e-05
delete time:3.4809112548828125e-05
delete time:3.838539123535156e-05
delete time:3.4332275390625e-05
delete time:3.552436828613281e-05
delete time:3.218650817871094e-05
delete time:3.24249267578125e-05
delete time:4.124641418457031e-05
delete time:4.029273986816406e-05
delete time:2.574920654296875e-05
delete time:3.218650817871094e-05
delete time:5.1021575927734375e-05
delete time:4.410743713378906e-05
delete time:2.6702880859375e-05
delete time:2.7894973754882812e-05
delete time:3.2901763916015625e-05
delete time:3.1948089599609375e-05
delete time:3.814697265625e-05
delete time:3.6716461181640625e-05
delete time:4.9591064453125e-05
delete time:3.409385681152344e-05
delete time:3.123283386230469e-05
delete time:3.528594970703125e-05
delete time:3.981590270996094e-05
delete time:3.3855438232421875e-05
delete time:3.552436828613281e-05
delete time:3.0517578125e-05
delete time:2.9802322387695312e-05
delete time:4.38690185546875e-05
delete time:2.7418136596679688e-05
delete time:4.100799560546875e-05
delete time:3.361701965332031e-05
delete time:2.86102294921875e-05
delete time:3.886222839355469e-05
delete time:3.170967102050781e-05
delete time:2.384185791015625e-05
delete time:3.5762786865234375e-05
delete time:2.7179718017578125e-05
delete time:4.00543212890625e-05
delete time:3.3855438232421875e-05
delete time:3.409385681152344e-05
delete time:4.839897155761719e-05
delete time:3.62396240234375e-05
delete time:4.982948303222656e-05
delete time:3.218650817871094e-05
delete time:2.8848648071289062e-05
delete time:3.314018249511719e-05
delete time:3.6716461181640625e-05
delete time:2.5510787963867188e-05
delete time:3.337860107421875e-05
delete time:4.839897155761719e-05
delete time:2.86102294921875e-05
delete time:5.340576171875e-05
delete time:3.266334533691406e-05
delete time:3.170967102050781e-05
delete time:3.528594970703125e-05
delete time:2.384185791015625e-05
delete time:3.504753112792969e-05
delete time:4.506111145019531e-05
delete time:2.384185791015625e-05
delete time:3.4809112548828125e-05
delete time:3.24249267578125e-05
delete time:4.935264587402344e-05
delete time:3.2901763916015625e-05
delete time:2.7418136596679688e-05
delete time:3.2901763916015625e-05
delete time:3.4332275390625e-05
delete time:2.9802322387695312e-05
delete time:4.2438507080078125e-05
delete time:3.337860107421875e-05
delete time:4.1484832763671875e-05
delete time:3.266334533691406e-05
delete time:2.4557113647460938e-05
delete time:2.9087066650390625e-05
delete time:2.3365020751953125e-05
delete time:4.863739013671875e-05
delete time:2.6226043701171875e-05
delete time:1.9550323486328125e-05
delete time:2.5033950805664062e-05
delete time:3.218650817871094e-05
delete time:2.4318695068359375e-05
delete time:3.0279159545898438e-05
delete time:3.4332275390625e-05
delete time:2.8371810913085938e-05
delete time:4.00543212890625e-05
delete time:3.123283386230469e-05
delete time:4.9114227294921875e-05
delete time:2.765655517578125e-05
delete time:2.3603439331054688e-05
delete time:3.8623809814453125e-05
delete time:2.0742416381835938e-05
delete time:3.2901763916015625e-05
delete time:4.9114227294921875e-05
delete time:3.504753112792969e-05
delete time:2.7894973754882812e-05
delete time:3.337860107421875e-05
delete time:4.100799560546875e-05
delete time:3.266334533691406e-05
delete time:2.765655517578125e-05
delete time:4.696846008300781e-05
delete time:2.9325485229492188e-05
delete time:2.7179718017578125e-05
delete time:4.410743713378906e-05
delete time:3.075599670410156e-05
delete time:3.600120544433594e-05
delete time:3.0517578125e-05
delete time:3.314018249511719e-05
delete time:5.269050598144531e-05
delete time:2.7179718017578125e-05
delete time:2.5987625122070312e-05
delete time:3.4809112548828125e-05
delete time:2.9325485229492188e-05
delete time:5.0067901611328125e-05
delete time:4.7206878662109375e-05
delete time:3.4332275390625e-05
delete time:3.5762786865234375e-05
delete time:3.409385681152344e-05
delete time:3.7670135498046875e-05
delete time:3.4809112548828125e-05
delete time:2.6941299438476562e-05
delete time:2.8371810913085938e-05
delete time:4.673004150390625e-05
delete time:5.340576171875e-05
delete time:3.337860107421875e-05
delete time:2.9802322387695312e-05
delete time:3.838539123535156e-05
delete time:4.315376281738281e-05
delete time:3.504753112792969e-05
delete time:3.600120544433594e-05
delete time:2.9802322387695312e-05
delete time:2.765655517578125e-05
delete time:3.695487976074219e-05
delete time:3.552436828613281e-05
delete time:3.719329833984375e-05
delete time:3.0279159545898438e-05
delete time:3.6716461181640625e-05
delete time:2.86102294921875e-05
delete time:2.4080276489257812e-05
delete time:3.170967102050781e-05
delete time:2.1219253540039062e-05
delete time:3.814697265625e-05
delete time:3.838539123535156e-05
delete time:2.765655517578125e-05
delete time:2.9087066650390625e-05
delete time:2.8848648071289062e-05
delete time:2.4080276489257812e-05
delete time:3.4332275390625e-05
delete time:2.0742416381835938e-05
delete time:3.600120544433594e-05
delete time:3.695487976074219e-05
delete time:3.075599670410156e-05
delete time:3.147125244140625e-05
delete time:2.9087066650390625e-05
delete time:5.316734313964844e-05
delete time:3.933906555175781e-05
delete time:3.62396240234375e-05
delete time:3.1948089599609375e-05
delete time:3.838539123535156e-05
delete time:4.220008850097656e-05
delete time:3.4809112548828125e-05
delete time:3.1948089599609375e-05
delete time:3.147125244140625e-05
delete time:3.814697265625e-05
delete time:3.2901763916015625e-05
delete time:3.0040740966796875e-05
delete time:4.744529724121094e-05
delete time:2.5033950805664062e-05
delete time:3.695487976074219e-05
delete time:5.125999450683594e-05
delete time:4.00543212890625e-05
delete time:3.0279159545898438e-05
delete time:3.9577484130859375e-05
delete time:4.410743713378906e-05
delete time:3.814697265625e-05
delete time:4.649162292480469e-05
delete time:3.266334533691406e-05
delete time:3.266334533691406e-05
delete time:3.2901763916015625e-05
delete time:3.838539123535156e-05
delete time:3.981590270996094e-05
delete time:3.147125244140625e-05
delete time:3.24249267578125e-05
delete time:3.170967102050781e-05
delete time:4.172325134277344e-05
delete time:3.337860107421875e-05
delete time:2.7179718017578125e-05
delete time:3.337860107421875e-05
delete time:2.5987625122070312e-05
delete time:3.361701965332031e-05
delete time:4.8160552978515625e-05
delete time:3.3855438232421875e-05
delete time:2.956390380859375e-05
delete time:4.291534423828125e-05
delete time:2.9325485229492188e-05
delete time:4.887580871582031e-05
delete time:2.3126602172851562e-05
delete time:2.8371810913085938e-05
delete time:4.792213439941406e-05
delete time:2.5987625122070312e-05
delete time:3.62396240234375e-05
delete time:2.8133392333984375e-05
delete time:3.4332275390625e-05
delete time:3.886222839355469e-05
delete time:3.600120544433594e-05
delete time:2.574920654296875e-05
delete time:5.0067901611328125e-05
delete time:4.649162292480469e-05
delete time:5.14984130859375e-05
delete time:3.0279159545898438e-05
delete time:2.9802322387695312e-05
delete time:2.8848648071289062e-05
delete time:2.6226043701171875e-05
delete time:2.3126602172851562e-05
delete time:2.4557113647460938e-05
delete time:3.4809112548828125e-05
delete time:3.314018249511719e-05
delete time:3.695487976074219e-05
delete time:3.075599670410156e-05
delete time:4.9114227294921875e-05
delete time:5.340576171875e-05
delete time:2.765655517578125e-05
delete time:4.029273986816406e-05
delete time:3.457069396972656e-05
delete time:2.5510787963867188e-05
delete time:2.8371810913085938e-05
delete time:4.315376281738281e-05
delete time:3.790855407714844e-05
delete time:4.1484832763671875e-05
delete time:4.410743713378906e-05
delete time:3.838539123535156e-05
delete time:2.6941299438476562e-05
delete time:4.553794860839844e-05
delete time:4.458427429199219e-05
delete time:4.315376281738281e-05
delete time:2.8848648071289062e-05
delete time:2.6702880859375e-05
delete time:2.574920654296875e-05
delete time:3.3855438232421875e-05
delete time:3.552436828613281e-05
delete time:3.62396240234375e-05
delete time:3.886222839355469e-05
delete time:3.743171691894531e-05
delete time:2.7418136596679688e-05
delete time:4.696846008300781e-05
delete time:3.266334533691406e-05
delete time:3.409385681152344e-05
delete time:3.743171691894531e-05
delete time:4.410743713378906e-05
delete time:2.1219253540039062e-05
delete time:4.6253204345703125e-05
delete time:3.790855407714844e-05
delete time:4.887580871582031e-05
delete time:3.0994415283203125e-05
delete time:2.4318695068359375e-05
delete time:3.4332275390625e-05
delete time:3.1948089599609375e-05
delete time:3.8623809814453125e-05
delete time:3.886222839355469e-05
delete time:3.886222839355469e-05
delete time:4.1484832763671875e-05
delete time:3.7670135498046875e-05
delete time:2.7894973754882812e-05
delete time:2.7179718017578125e-05
delete time:4.291534423828125e-05
delete time:3.719329833984375e-05
delete time:3.8623809814453125e-05
delete time:3.337860107421875e-05
delete time:2.5510787963867188e-05
delete time:1.9788742065429688e-05
delete time:3.0040740966796875e-05
delete time:4.100799560546875e-05
delete time:3.7670135498046875e-05
delete time:5.364418029785156e-05
delete time:3.361701965332031e-05
delete time:3.886222839355469e-05
delete time:3.218650817871094e-05
delete time:3.504753112792969e-05
delete time:2.86102294921875e-05
delete time:2.7894973754882812e-05
delete time:3.981590270996094e-05
delete time:3.0040740966796875e-05
delete time:1.9073486328125e-05
delete time:3.4809112548828125e-05
delete time:3.4809112548828125e-05
delete time:2.5987625122070312e-05
delete time:2.8848648071289062e-05
delete time:2.5987625122070312e-05
delete time:4.267692565917969e-05
delete time:2.2172927856445312e-05
delete time:3.528594970703125e-05
delete time:3.2901763916015625e-05
delete time:3.4332275390625e-05
delete time:3.600120544433594e-05
delete time:3.933906555175781e-05
delete time:3.0279159545898438e-05
delete time:3.1948089599609375e-05
delete time:3.6716461181640625e-05
delete time:2.6702880859375e-05
delete time:2.86102294921875e-05
delete time:2.4557113647460938e-05
delete time:4.315376281738281e-05
delete time:3.075599670410156e-05
delete time:3.504753112792969e-05
delete time:3.1948089599609375e-05
delete time:4.410743713378906e-05
delete time:4.291534423828125e-05
delete time:2.288818359375e-05
delete time:4.291534423828125e-05
delete time:3.4332275390625e-05
delete time:2.9325485229492188e-05
delete time:3.9577484130859375e-05
delete time:2.9802322387695312e-05
delete time:2.9325485229492188e-05
delete time:2.86102294921875e-05
delete time:3.1948089599609375e-05
delete time:4.458427429199219e-05
delete time:3.528594970703125e-05
delete time:5.340576171875e-05
delete time:3.695487976074219e-05
delete time:3.814697265625e-05
delete time:2.9802322387695312e-05
delete time:3.147125244140625e-05
delete time:4.9591064453125e-05
delete time:2.1696090698242188e-05
delete time:2.1219253540039062e-05
delete time:3.8623809814453125e-05
delete time:3.1948089599609375e-05
delete time:2.5510787963867188e-05
delete time:3.0994415283203125e-05
delete time:4.76837158203125e-05
delete time:2.6464462280273438e-05
delete time:3.600120544433594e-05
delete time:2.8133392333984375e-05
delete time:3.5762786865234375e-05
delete time:3.62396240234375e-05
delete time:3.0994415283203125e-05
delete time:4.291534423828125e-05
delete time:3.147125244140625e-05
delete time:2.7179718017578125e-05
delete time:3.647804260253906e-05
delete time:2.6702880859375e-05
delete time:3.2901763916015625e-05
delete time:3.4809112548828125e-05
delete time:2.9325485229492188e-05
delete time:3.147125244140625e-05
delete time:3.075599670410156e-05
delete time:2.8848648071289062e-05
delete time:2.6464462280273438e-05
delete time:3.790855407714844e-05
delete time:3.218650817871094e-05
delete time:3.2901763916015625e-05
delete time:3.075599670410156e-05
delete time:3.886222839355469e-05
delete time:4.2438507080078125e-05
delete time:4.0531158447265625e-05
delete time:4.506111145019531e-05
delete time:3.4809112548828125e-05
delete time:3.528594970703125e-05
delete time:2.9802322387695312e-05
delete time:2.9087066650390625e-05
delete time:2.956390380859375e-05
delete time:4.029273986816406e-05
delete time:2.2411346435546875e-05
delete time:2.9087066650390625e-05
delete time:3.314018249511719e-05
delete time:3.647804260253906e-05
delete time:3.075599670410156e-05
delete time:2.4318695068359375e-05
delete time:2.86102294921875e-05
delete time:3.0994415283203125e-05
delete time:3.147125244140625e-05
delete time:3.218650817871094e-05
delete time:4.2438507080078125e-05
delete time:3.266334533691406e-05
delete time:4.076957702636719e-05
delete time:3.3855438232421875e-05
delete time:3.266334533691406e-05
delete time:2.956390380859375e-05
delete time:3.743171691894531e-05
delete time:3.910064697265625e-05
delete time:3.695487976074219e-05
delete time:2.574920654296875e-05
delete time:3.266334533691406e-05
delete time:4.267692565917969e-05
delete time:2.9087066650390625e-05
delete time:3.743171691894531e-05
delete time:3.218650817871094e-05
delete time:3.504753112792969e-05
delete time:4.172325134277344e-05
delete time:4.3392181396484375e-05
delete time:2.765655517578125e-05
delete time:3.790855407714844e-05
delete time:5.0067901611328125e-05
delete time:2.7418136596679688e-05
delete time:2.5033950805664062e-05
delete time:2.86102294921875e-05
delete time:3.8623809814453125e-05
delete time:4.029273986816406e-05
delete time:2.574920654296875e-05
delete time:3.147125244140625e-05
delete time:2.7179718017578125e-05
delete time:4.00543212890625e-05
delete time:3.743171691894531e-05
delete time:4.4345855712890625e-05
delete time:3.695487976074219e-05
delete time:2.1696090698242188e-05
delete time:4.291534423828125e-05
delete time:3.719329833984375e-05
delete time:3.123283386230469e-05
delete time:3.2901763916015625e-05
delete time:2.8371810913085938e-05
delete time:2.8848648071289062e-05
delete time:3.695487976074219e-05
delete time:3.62396240234375e-05
delete time:3.3855438232421875e-05
delete time:2.5987625122070312e-05
delete time:3.314018249511719e-05
delete time:4.5299530029296875e-05
delete time:4.76837158203125e-05
delete time:3.9577484130859375e-05
delete time:2.3365020751953125e-05
delete time:3.24249267578125e-05
delete time:3.3855438232421875e-05
delete time:3.2901763916015625e-05
delete time:2.6702880859375e-05
delete time:2.3365020751953125e-05
delete time:3.361701965332031e-05
delete time:3.266334533691406e-05
delete time:2.3365020751953125e-05
delete time:4.839897155761719e-05
delete time:3.0279159545898438e-05
delete time:3.457069396972656e-05
delete time:4.8160552978515625e-05
delete time:2.86102294921875e-05
delete time:3.2901763916015625e-05
delete time:4.7206878662109375e-05
delete time:3.337860107421875e-05
delete time:4.076957702636719e-05
delete time:3.361701965332031e-05
delete time:2.6941299438476562e-05
delete time:3.4809112548828125e-05
delete time:2.8848648071289062e-05
delete time:3.719329833984375e-05
delete time:3.7670135498046875e-05
delete time:3.0279159545898438e-05
delete time:4.029273986816406e-05
delete time:3.7670135498046875e-05
delete time:4.8160552978515625e-05
delete time:4.124641418457031e-05
delete time:3.886222839355469e-05
delete time:3.7670135498046875e-05
delete time:3.075599670410156e-05
delete time:3.790855407714844e-05
delete time:2.0265579223632812e-05
delete time:5.0067901611328125e-05
delete time:2.6941299438476562e-05
delete time:3.123283386230469e-05
delete time:4.100799560546875e-05
delete time:3.6716461181640625e-05
delete time:3.2901763916015625e-05
delete time:3.123283386230469e-05
delete time:2.384185791015625e-05
delete time:2.4080276489257812e-05
delete time:3.1948089599609375e-05
delete time:3.218650817871094e-05
delete time:3.743171691894531e-05
delete time:4.291534423828125e-05
delete time:3.266334533691406e-05
delete time:3.910064697265625e-05
delete time:3.147125244140625e-05
delete time:2.4557113647460938e-05
delete time:4.00543212890625e-05
delete time:2.5033950805664062e-05
delete time:3.457069396972656e-05
delete time:2.7418136596679688e-05
delete time:3.218650817871094e-05
delete time:3.790855407714844e-05
delete time:3.457069396972656e-05
delete time:3.5762786865234375e-05
delete time:4.2438507080078125e-05
delete time:3.910064697265625e-05
delete time:3.8623809814453125e-05
delete time:3.743171691894531e-05
delete time:2.574920654296875e-05
delete time:4.744529724121094e-05
delete time:4.744529724121094e-05
delete time:3.0040740966796875e-05
delete time:4.4345855712890625e-05
delete time:2.384185791015625e-05
delete time:3.552436828613281e-05
delete time:2.8133392333984375e-05
delete time:3.1948089599609375e-05
delete time:5.412101745605469e-05
delete time:2.7179718017578125e-05
delete time:3.314018249511719e-05
delete time:2.6941299438476562e-05
delete time:2.5272369384765625e-05
delete time:2.574920654296875e-05
delete time:2.6702880859375e-05
delete time:3.790855407714844e-05
delete time:2.7894973754882812e-05
delete time:3.6716461181640625e-05
delete time:2.4557113647460938e-05
delete time:3.0040740966796875e-05
delete time:2.4318695068359375e-05
delete time:3.123283386230469e-05
delete time:3.3855438232421875e-05
delete time:3.910064697265625e-05
delete time:2.3126602172851562e-05
delete time:3.24249267578125e-05
delete time:4.315376281738281e-05
delete time:3.790855407714844e-05
delete time:3.0279159545898438e-05
delete time:3.409385681152344e-05
delete time:2.8371810913085938e-05
delete time:3.314018249511719e-05
delete time:4.1961669921875e-05
delete time:3.5762786865234375e-05
delete time:3.528594970703125e-05
delete time:2.1219253540039062e-05
delete time:4.8160552978515625e-05
delete time:4.291534423828125e-05
delete time:3.3855438232421875e-05
delete time:3.4332275390625e-05
delete time:3.552436828613281e-05
delete time:3.409385681152344e-05
delete time:2.2649765014648438e-05
delete time:3.361701965332031e-05
delete time:3.5762786865234375e-05
delete time:5.125999450683594e-05
delete time:2.5510787963867188e-05
delete time:2.4080276489257812e-05
delete time:5.4836273193359375e-05
delete time:2.4557113647460938e-05
delete time:3.790855407714844e-05
delete time:2.5510787963867188e-05
delete time:4.267692565917969e-05
delete time:5.173683166503906e-05
delete time:2.1696090698242188e-05
delete time:3.886222839355469e-05
delete time:2.6226043701171875e-05
delete time:2.47955322265625e-05
delete time:3.457069396972656e-05
delete time:3.314018249511719e-05
delete time:2.574920654296875e-05
delete time:3.4809112548828125e-05
delete time:2.3126602172851562e-05
delete time:2.8848648071289062e-05
delete time:5.245208740234375e-05
delete time:2.9087066650390625e-05
delete time:3.7670135498046875e-05
delete time:3.4332275390625e-05
delete time:3.266334533691406e-05
delete time:3.0517578125e-05
delete time:3.457069396972656e-05
delete time:3.743171691894531e-05
delete time:4.029273986816406e-05
delete time:3.552436828613281e-05
delete time:3.528594970703125e-05
delete time:3.3855438232421875e-05
delete time:3.0279159545898438e-05
delete time:2.09808349609375e-05
delete time:6.723403930664062e-05
delete time:3.337860107421875e-05
delete time:2.8133392333984375e-05
delete time:3.3855438232421875e-05
delete time:4.9114227294921875e-05
delete time:3.24249267578125e-05
delete time:3.647804260253906e-05
delete time:2.7179718017578125e-05
delete time:4.506111145019531e-05
delete time:2.3126602172851562e-05
delete time:3.8623809814453125e-05
delete time:2.7894973754882812e-05
delete time:2.288818359375e-05
delete time:3.5762786865234375e-05
delete time:2.9087066650390625e-05
delete time:3.4809112548828125e-05
delete time:3.2901763916015625e-05
delete time:3.0994415283203125e-05
delete time:2.8848648071289062e-05
delete time:2.9802322387695312e-05
delete time:3.2901763916015625e-05
delete time:3.147125244140625e-05
delete time:3.0994415283203125e-05
delete time:4.124641418457031e-05
delete time:3.5762786865234375e-05
delete time:3.0994415283203125e-05
delete time:3.0994415283203125e-05
delete time:3.314018249511719e-05
delete time:4.8160552978515625e-05
delete time:3.814697265625e-05
delete time:3.981590270996094e-05
delete time:3.695487976074219e-05
delete time:3.0040740966796875e-05
delete time:3.337860107421875e-05
delete time:4.2438507080078125e-05
delete time:2.8133392333984375e-05
delete time:3.4332275390625e-05
delete time:2.288818359375e-05
delete time:4.696846008300781e-05
delete time:3.2901763916015625e-05
delete time:3.170967102050781e-05
delete time:5.0067901611328125e-05
delete time:3.4809112548828125e-05
delete time:2.9802322387695312e-05
delete time:3.2901763916015625e-05
delete time:3.528594970703125e-05
delete time:3.2901763916015625e-05
delete time:2.765655517578125e-05
delete time:3.7670135498046875e-05
delete time:3.314018249511719e-05
delete time:2.6226043701171875e-05
delete time:4.029273986816406e-05
delete time:3.337860107421875e-05
delete time:4.363059997558594e-05
delete time:3.7670135498046875e-05
delete time:3.0040740966796875e-05
delete time:4.887580871582031e-05
delete time:4.029273986816406e-05
delete time:4.100799560546875e-05
delete time:3.218650817871094e-05
delete time:2.8133392333984375e-05
delete time:3.337860107421875e-05
delete time:4.792213439941406e-05
delete time:3.743171691894531e-05
delete time:3.647804260253906e-05
delete time:3.1948089599609375e-05
delete time:3.123283386230469e-05
delete time:4.029273986816406e-05
delete time:3.147125244140625e-05
delete time:3.3855438232421875e-05
delete time:3.647804260253906e-05
delete time:3.3855438232421875e-05
delete time:3.838539123535156e-05
delete time:3.647804260253906e-05
delete time:1.9550323486328125e-05
delete time:2.8371810913085938e-05
delete time:2.8848648071289062e-05
delete time:2.8371810913085938e-05
delete time:2.5033950805664062e-05
delete time:4.5299530029296875e-05
delete time:2.9087066650390625e-05
delete time:3.814697265625e-05
delete time:3.0994415283203125e-05
delete time:3.457069396972656e-05
delete time:3.0279159545898438e-05
delete time:3.838539123535156e-05
delete time:2.384185791015625e-05
delete time:2.3603439331054688e-05
delete time:2.8133392333984375e-05
delete time:3.981590270996094e-05
delete time:2.2649765014648438e-05
delete time:2.5987625122070312e-05
delete time:2.956390380859375e-05
delete time:4.0531158447265625e-05
delete time:2.5510787963867188e-05
delete time:3.266334533691406e-05
delete time:4.696846008300781e-05
delete time:4.1484832763671875e-05
delete time:2.384185791015625e-05
delete time:4.982948303222656e-05
delete time:4.172325134277344e-05
delete time:3.123283386230469e-05
delete time:4.38690185546875e-05
delete time:3.790855407714844e-05
delete time:4.029273986816406e-05
delete time:3.504753112792969e-05
delete time:2.9325485229492188e-05
delete time:2.956390380859375e-05
delete time:3.409385681152344e-05
delete time:3.409385681152344e-05
delete time:2.9802322387695312e-05
delete time:3.647804260253906e-05
delete time:2.1457672119140625e-05
delete time:3.0040740966796875e-05
delete time:2.6226043701171875e-05
delete time:4.863739013671875e-05
delete time:2.956390380859375e-05
delete time:3.0517578125e-05
delete time:4.220008850097656e-05
delete time:2.3126602172851562e-05
delete time:3.0517578125e-05
delete time:4.5299530029296875e-05
delete time:4.935264587402344e-05
delete time:3.9577484130859375e-05
delete time:4.315376281738281e-05
delete time:2.8133392333984375e-05
delete time:4.57763671875e-05
delete time:3.24249267578125e-05
delete time:2.47955322265625e-05
delete time:4.982948303222656e-05
delete time:4.0531158447265625e-05
delete time:2.6464462280273438e-05
delete time:2.4318695068359375e-05
delete time:4.1484832763671875e-05
delete time:4.2438507080078125e-05
delete time:2.956390380859375e-05
delete time:3.62396240234375e-05
delete time:2.5987625122070312e-05
delete time:3.981590270996094e-05
delete time:4.6253204345703125e-05
delete time:3.075599670410156e-05
delete time:3.266334533691406e-05
delete time:3.147125244140625e-05
delete time:3.695487976074219e-05
delete time:3.695487976074219e-05
delete time:3.4809112548828125e-05
delete time:3.838539123535156e-05
delete time:2.5510787963867188e-05
delete time:3.528594970703125e-05
delete time:3.170967102050781e-05
delete time:2.8371810913085938e-05
delete time:1.7881393432617188e-05
delete time:2.2172927856445312e-05
delete time:2.4080276489257812e-05
delete time:4.458427429199219e-05
delete time:2.956390380859375e-05
delete time:3.24249267578125e-05
delete time:3.910064697265625e-05
delete time:3.0517578125e-05
delete time:3.8623809814453125e-05
delete time:3.743171691894531e-05
delete time:3.0517578125e-05
delete time:3.6716461181640625e-05
delete time:3.361701965332031e-05
delete time:3.337860107421875e-05
delete time:2.6226043701171875e-05
delete time:3.8623809814453125e-05
delete time:4.9591064453125e-05
delete time:4.267692565917969e-05
delete time:3.218650817871094e-05
delete time:3.1948089599609375e-05
delete time:4.3392181396484375e-05
delete time:2.765655517578125e-05
delete time:2.3126602172851562e-05
delete time:2.6464462280273438e-05
delete time:4.029273986816406e-05
delete time:4.124641418457031e-05
delete time:3.0279159545898438e-05
delete time:5.888938903808594e-05
delete time:4.792213439941406e-05
delete time:3.62396240234375e-05
delete time:4.1484832763671875e-05
delete time:3.5762786865234375e-05
delete time:2.4318695068359375e-05
delete time:5.14984130859375e-05
delete time:2.6464462280273438e-05
delete time:2.0742416381835938e-05
delete time:4.458427429199219e-05
delete time:2.5272369384765625e-05
delete time:2.3603439331054688e-05
delete time:3.3855438232421875e-05
delete time:3.123283386230469e-05
delete time:2.4318695068359375e-05
delete time:3.3855438232421875e-05
delete time:3.409385681152344e-05
delete time:4.9114227294921875e-05
delete time:2.8133392333984375e-05
delete time:3.266334533691406e-05
delete time:4.673004150390625e-05
delete time:3.147125244140625e-05
delete time:3.3855438232421875e-05
delete time:1.9073486328125e-05
delete time:2.8371810913085938e-05
delete time:4.744529724121094e-05
delete time:3.123283386230469e-05
delete time:2.765655517578125e-05
delete time:2.9087066650390625e-05
delete time:2.8371810913085938e-05
delete time:2.6226043701171875e-05
delete time:2.5510787963867188e-05
delete time:3.528594970703125e-05
delete time:2.86102294921875e-05
delete time:2.5987625122070312e-05
delete time:3.552436828613281e-05
delete time:3.1948089599609375e-05
delete time:3.62396240234375e-05
delete time:3.123283386230469e-05
delete time:3.8623809814453125e-05
delete time:3.1948089599609375e-05
delete time:4.267692565917969e-05
delete time:3.933906555175781e-05
delete time:4.6253204345703125e-05
delete time:3.8623809814453125e-05
delete time:4.029273986816406e-05
delete time:4.839897155761719e-05
delete time:3.123283386230469e-05
delete time:2.9325485229492188e-05
delete time:2.9087066650390625e-05
delete time:2.002716064453125e-05
delete time:3.218650817871094e-05
delete time:3.504753112792969e-05
delete time:2.47955322265625e-05
delete time:3.123283386230469e-05
delete time:4.935264587402344e-05
delete time:2.8133392333984375e-05
delete time:3.075599670410156e-05
delete time:4.38690185546875e-05
delete time:4.696846008300781e-05
delete time:3.62396240234375e-05
delete time:3.7670135498046875e-05
delete time:3.600120544433594e-05
delete time:3.647804260253906e-05
delete time:3.0279159545898438e-05
delete time:3.4809112548828125e-05
delete time:3.790855407714844e-05
delete time:2.4557113647460938e-05
delete time:3.1948089599609375e-05
delete time:3.147125244140625e-05
delete time:3.600120544433594e-05
delete time:2.86102294921875e-05
delete time:3.1948089599609375e-05
delete time:3.147125244140625e-05
delete time:4.124641418457031e-05
delete time:4.982948303222656e-05
delete time:4.172325134277344e-05
delete time:2.5272369384765625e-05
delete time:4.8160552978515625e-05
delete time:2.86102294921875e-05
delete time:4.00543212890625e-05
delete time:2.5987625122070312e-05
delete time:3.4332275390625e-05
delete time:5.173683166503906e-05
delete time:2.765655517578125e-05
delete time:4.410743713378906e-05
delete time:2.8371810913085938e-05
delete time:3.743171691894531e-05
delete time:4.696846008300781e-05
delete time:3.314018249511719e-05
delete time:4.482269287109375e-05
delete time:2.288818359375e-05
delete time:4.553794860839844e-05
delete time:2.4080276489257812e-05
delete time:3.0040740966796875e-05
delete time:3.814697265625e-05
delete time:3.314018249511719e-05
delete time:4.458427429199219e-05
delete time:3.504753112792969e-05
delete time:3.9577484130859375e-05
delete time:3.8623809814453125e-05
delete time:3.814697265625e-05
delete time:3.409385681152344e-05
delete time:3.504753112792969e-05
delete time:3.4332275390625e-05
delete time:3.0994415283203125e-05
delete time:4.076957702636719e-05
delete time:2.7418136596679688e-05
delete time:3.361701965332031e-05
delete time:2.7894973754882812e-05
delete time:2.4557113647460938e-05
delete time:3.743171691894531e-05
delete time:4.029273986816406e-05
delete time:3.528594970703125e-05
delete time:3.170967102050781e-05
delete time:4.124641418457031e-05
delete time:4.124641418457031e-05
delete time:3.314018249511719e-05
delete time:2.8848648071289062e-05
delete time:3.910064697265625e-05
delete time:3.528594970703125e-05
delete time:3.6716461181640625e-05
delete time:2.8133392333984375e-05
delete time:2.5987625122070312e-05
delete time:4.100799560546875e-05
delete time:4.744529724121094e-05
delete time:3.4809112548828125e-05
delete time:2.765655517578125e-05
delete time:3.457069396972656e-05
delete time:3.4332275390625e-05
delete time:2.8371810913085938e-05
delete time:3.552436828613281e-05
delete time:2.4080276489257812e-05
delete time:2.7894973754882812e-05
delete time:3.743171691894531e-05
delete time:4.9591064453125e-05
delete time:2.765655517578125e-05
delete time:3.1948089599609375e-05
delete time:4.100799560546875e-05
delete time:2.8848648071289062e-05
delete time:2.6702880859375e-05
delete time:3.3855438232421875e-05
delete time:4.4345855712890625e-05
delete time:3.409385681152344e-05
delete time:2.9802322387695312e-05
delete time:3.147125244140625e-05
delete time:3.075599670410156e-05
delete time:2.6464462280273438e-05
delete time:2.9087066650390625e-05
delete time:1.8358230590820312e-05
delete time:3.719329833984375e-05
delete time:3.361701965332031e-05
delete time:4.291534423828125e-05
delete time:2.9802322387695312e-05
delete time:3.0040740966796875e-05
delete time:4.744529724121094e-05
delete time:3.24249267578125e-05
delete time:2.8371810913085938e-05
delete time:4.792213439941406e-05
delete time:3.504753112792969e-05
delete time:3.314018249511719e-05
delete time:3.218650817871094e-05
delete time:4.124641418457031e-05
delete time:3.7670135498046875e-05
delete time:3.24249267578125e-05
delete time:3.0279159545898438e-05
delete time:3.6716461181640625e-05
delete time:3.2901763916015625e-05
delete time:3.0517578125e-05
delete time:4.5299530029296875e-05
delete time:2.09808349609375e-05
delete time:3.266334533691406e-05
delete time:2.8133392333984375e-05
delete time:2.86102294921875e-05
delete time:3.147125244140625e-05
delete time:2.7418136596679688e-05
delete time:2.4080276489257812e-05
delete time:5.125999450683594e-05
delete time:2.47955322265625e-05
delete time:2.8371810913085938e-05
delete time:4.1961669921875e-05
delete time:3.0040740966796875e-05
delete time:2.956390380859375e-05
delete time:2.6226043701171875e-05
delete time:3.886222839355469e-05
delete time:3.600120544433594e-05
delete time:3.647804260253906e-05
delete time:3.0279159545898438e-05
delete time:3.24249267578125e-05
delete time:2.3603439331054688e-05
delete time:4.076957702636719e-05
delete time:2.6702880859375e-05
delete time:3.361701965332031e-05
delete time:3.695487976074219e-05
delete time:2.4318695068359375e-05
delete time:2.6941299438476562e-05
delete time:3.4809112548828125e-05
delete time:3.981590270996094e-05
delete time:3.409385681152344e-05
delete time:3.3855438232421875e-05
delete time:3.933906555175781e-05
delete time:2.9087066650390625e-05
delete time:4.553794860839844e-05
delete time:3.0994415283203125e-05
delete time:2.4080276489257812e-05
delete time:3.62396240234375e-05
delete time:4.649162292480469e-05
delete time:2.7418136596679688e-05
delete time:2.4318695068359375e-05
delete time:3.933906555175781e-05
delete time:3.1948089599609375e-05
delete time:2.2649765014648438e-05
delete time:3.314018249511719e-05
delete time:3.361701965332031e-05
delete time:3.0517578125e-05
delete time:3.457069396972656e-05
delete time:3.62396240234375e-05
delete time:2.4080276489257812e-05
delete time:2.86102294921875e-05
delete time:4.172325134277344e-05
delete time:3.24249267578125e-05
delete time:4.0531158447265625e-05
delete time:3.1948089599609375e-05
delete time:2.5510787963867188e-05
delete time:3.147125244140625e-05
delete time:2.8848648071289062e-05
delete time:2.8848648071289062e-05
delete time:2.574920654296875e-05
delete time:3.409385681152344e-05
delete time:3.933906555175781e-05
delete time:2.7894973754882812e-05
delete time:2.5987625122070312e-05
delete time:3.0994415283203125e-05
delete time:3.218650817871094e-05
delete time:3.314018249511719e-05
delete time:3.647804260253906e-05
delete time:2.9087066650390625e-05
delete time:4.4345855712890625e-05
delete time:3.0517578125e-05
delete time:2.7418136596679688e-05
delete time:5.269050598144531e-05
delete time:3.0279159545898438e-05
delete time:2.8848648071289062e-05
delete time:3.1948089599609375e-05
delete time:2.8133392333984375e-05
delete time:3.0279159545898438e-05
delete time:4.0531158447265625e-05
delete time:4.315376281738281e-05
delete time:3.218650817871094e-05
delete time:3.743171691894531e-05
delete time:4.076957702636719e-05
delete time:3.314018249511719e-05
delete time:4.363059997558594e-05
delete time:4.220008850097656e-05
delete time:3.7670135498046875e-05
delete time:3.3855438232421875e-05
delete time:2.956390380859375e-05
delete time:4.553794860839844e-05
delete time:4.00543212890625e-05
delete time:3.1948089599609375e-05
delete time:3.409385681152344e-05
delete time:3.838539123535156e-05
delete time:2.8133392333984375e-05
delete time:3.409385681152344e-05
delete time:3.4332275390625e-05
delete time:2.8371810913085938e-05
delete time:3.0994415283203125e-05
delete time:3.719329833984375e-05
delete time:2.4557113647460938e-05
delete time:3.933906555175781e-05
delete time:2.6941299438476562e-05
delete time:3.600120544433594e-05
delete time:3.1948089599609375e-05
delete time:1.9550323486328125e-05
delete time:4.601478576660156e-05
delete time:3.147125244140625e-05
delete time:3.1948089599609375e-05
delete time:2.765655517578125e-05
delete time:2.1457672119140625e-05
delete time:4.935264587402344e-05
delete time:3.266334533691406e-05
delete time:2.9802322387695312e-05
delete time:4.3392181396484375e-05
delete time:3.0040740966796875e-05
delete time:2.8848648071289062e-05
delete time:3.266334533691406e-05
delete time:3.8623809814453125e-05
delete time:3.409385681152344e-05
delete time:4.220008850097656e-05
delete time:2.2411346435546875e-05
delete time:3.24249267578125e-05
delete time:4.1961669921875e-05
delete time:3.0040740966796875e-05
delete time:3.218650817871094e-05
delete time:2.7179718017578125e-05
delete time:3.719329833984375e-05
delete time:3.528594970703125e-05
delete time:2.4557113647460938e-05
delete time:4.982948303222656e-05
delete time:4.9114227294921875e-05
delete time:3.5762786865234375e-05
delete time:4.172325134277344e-05
delete time:3.4809112548828125e-05
delete time:2.9325485229492188e-05
delete time:2.2649765014648438e-05
delete time:4.3392181396484375e-05
delete time:4.100799560546875e-05
delete time:3.0040740966796875e-05
delete time:2.5987625122070312e-05
delete time:3.743171691894531e-05
delete time:3.409385681152344e-05
delete time:3.790855407714844e-05
delete time:3.0279159545898438e-05
delete time:2.9087066650390625e-05
delete time:2.3126602172851562e-05
delete time:2.5987625122070312e-05
delete time:3.933906555175781e-05
delete time:3.600120544433594e-05
delete time:2.1457672119140625e-05
delete time:3.814697265625e-05
delete time:4.482269287109375e-05
delete time:3.719329833984375e-05
delete time:3.266334533691406e-05
delete time:3.0279159545898438e-05
delete time:2.956390380859375e-05
delete time:4.124641418457031e-05
delete time:4.029273986816406e-05
delete time:3.170967102050781e-05
delete time:3.9577484130859375e-05
delete time:3.62396240234375e-05
delete time:2.8371810913085938e-05
delete time:3.647804260253906e-05
delete time:2.1457672119140625e-05
delete time:2.956390380859375e-05
delete time:2.6941299438476562e-05
delete time:3.2901763916015625e-05
delete time:3.552436828613281e-05
delete time:3.62396240234375e-05
delete time:3.647804260253906e-05
delete time:3.337860107421875e-05
delete time:5.2928924560546875e-05
delete time:3.5762786865234375e-05
delete time:3.9577484130859375e-05
delete time:4.2438507080078125e-05
delete time:3.0279159545898438e-05
delete time:3.814697265625e-05
delete time:3.1948089599609375e-05
delete time:3.2901763916015625e-05
delete time:2.4557113647460938e-05
delete time:3.838539123535156e-05
delete time:3.8623809814453125e-05
delete time:3.4809112548828125e-05
delete time:3.838539123535156e-05
delete time:2.9087066650390625e-05
delete time:5.2928924560546875e-05
delete time:3.24249267578125e-05
delete time:3.361701965332031e-05
delete time:3.886222839355469e-05
delete time:1.9550323486328125e-05
delete time:3.314018249511719e-05
delete time:2.86102294921875e-05
delete time:3.838539123535156e-05
delete time:3.361701965332031e-05
delete time:2.7179718017578125e-05
delete time:3.361701965332031e-05
delete time:3.814697265625e-05
delete time:3.600120544433594e-05
delete time:3.528594970703125e-05
delete time:3.552436828613281e-05
delete time:2.86102294921875e-05
delete time:2.288818359375e-05
delete time:2.6941299438476562e-05
delete time:3.0040740966796875e-05
delete time:3.123283386230469e-05
delete time:3.170967102050781e-05
delete time:2.86102294921875e-05
delete time:2.956390380859375e-05
delete time:4.9591064453125e-05
delete time:3.0040740966796875e-05
delete time:3.24249267578125e-05
delete time:4.458427429199219e-05
delete time:2.9087066650390625e-05
delete time:3.314018249511719e-05
delete time:3.600120544433594e-05
delete time:3.361701965332031e-05
delete time:3.695487976074219e-05
delete time:4.8160552978515625e-05
delete time:2.5987625122070312e-05
delete time:3.0279159545898438e-05
delete time:3.266334533691406e-05
delete time:2.8848648071289062e-05
delete time:3.647804260253906e-05
delete time:3.695487976074219e-05
delete time:3.0517578125e-05
delete time:4.00543212890625e-05
delete time:3.24249267578125e-05
delete time:2.6941299438476562e-05
delete time:2.9802322387695312e-05
delete time:3.409385681152344e-05
delete time:3.933906555175781e-05
delete time:1.9550323486328125e-05
delete time:2.6941299438476562e-05
delete time:3.814697265625e-05
delete time:3.075599670410156e-05
delete time:2.9802322387695312e-05
delete time:3.457069396972656e-05
delete time:4.315376281738281e-05
delete time:4.7206878662109375e-05
delete time:4.0531158447265625e-05
delete time:2.86102294921875e-05
delete time:3.0994415283203125e-05
delete time:3.504753112792969e-05
delete time:4.124641418457031e-05
delete time:2.6464462280273438e-05
delete time:3.314018249511719e-05
delete time:2.6702880859375e-05
delete time:2.86102294921875e-05
delete time:3.457069396972656e-05
delete time:3.647804260253906e-05
delete time:3.123283386230469e-05
delete time:1.621246337890625e-05
delete time:3.910064697265625e-05
delete time:3.695487976074219e-05
delete time:3.528594970703125e-05
delete time:3.8623809814453125e-05
delete time:4.458427429199219e-05
delete time:4.291534423828125e-05
delete time:3.361701965332031e-05
delete time:2.4318695068359375e-05
delete time:3.552436828613281e-05
delete time:4.410743713378906e-05
delete time:3.123283386230469e-05
delete time:2.8371810913085938e-05
delete time:2.7894973754882812e-05
delete time:2.5510787963867188e-05
delete time:2.8133392333984375e-05
delete time:3.1948089599609375e-05
delete time:3.24249267578125e-05
delete time:4.887580871582031e-05
delete time:3.743171691894531e-05
delete time:2.5510787963867188e-05
delete time:3.0994415283203125e-05
delete time:2.1219253540039062e-05
delete time:2.47955322265625e-05
delete time:2.9087066650390625e-05
delete time:2.4557113647460938e-05
delete time:4.363059997558594e-05
delete time:3.266334533691406e-05
delete time:1.8596649169921875e-05
delete time:3.838539123535156e-05
delete time:2.5033950805664062e-05
delete time:2.6464462280273438e-05
delete time:2.4080276489257812e-05
delete time:3.5762786865234375e-05
delete time:2.574920654296875e-05
delete time:4.57763671875e-05
delete time:4.3392181396484375e-05
delete time:3.790855407714844e-05
delete time:4.291534423828125e-05
delete time:2.6702880859375e-05
delete time:3.24249267578125e-05
delete time:3.790855407714844e-05
delete time:3.719329833984375e-05
delete time:2.4080276489257812e-05
delete time:3.361701965332031e-05
delete time:3.361701965332031e-05
delete time:3.1948089599609375e-05
delete time:1.6927719116210938e-05
delete time:2.8371810913085938e-05
delete time:2.0742416381835938e-05
delete time:3.24249267578125e-05
delete time:2.7418136596679688e-05
delete time:2.3365020751953125e-05
delete time:2.8848648071289062e-05
delete time:3.8623809814453125e-05
delete time:2.8848648071289062e-05
delete time:2.5033950805664062e-05
delete time:2.5510787963867188e-05
delete time:2.86102294921875e-05
delete time:2.5987625122070312e-05
delete time:3.743171691894531e-05
delete time:2.9802322387695312e-05
delete time:3.147125244140625e-05
delete time:3.0994415283203125e-05
delete time:2.2172927856445312e-05
delete time:2.86102294921875e-05
delete time:3.2901763916015625e-05
delete time:3.170967102050781e-05
delete time:2.002716064453125e-05
delete time:3.123283386230469e-05
delete time:3.24249267578125e-05
delete time:4.1961669921875e-05
delete time:3.147125244140625e-05
delete time:3.0517578125e-05
delete time:4.482269287109375e-05
delete time:3.933906555175781e-05
delete time:3.5762786865234375e-05
delete time:4.363059997558594e-05
delete time:2.86102294921875e-05
delete time:2.2649765014648438e-05
delete time:4.1484832763671875e-05
delete time:4.38690185546875e-05
delete time:2.7179718017578125e-05
delete time:4.076957702636719e-05
delete time:2.956390380859375e-05
delete time:3.0994415283203125e-05
delete time:4.1484832763671875e-05
delete time:2.956390380859375e-05
delete time:2.1457672119140625e-05
delete time:2.2649765014648438e-05
delete time:2.6941299438476562e-05
delete time:3.0040740966796875e-05
delete time:4.124641418457031e-05
delete time:3.147125244140625e-05
delete time:3.647804260253906e-05
delete time:2.9087066650390625e-05
delete time:3.3855438232421875e-05
delete time:2.6226043701171875e-05
delete time:3.8623809814453125e-05
delete time:3.123283386230469e-05
delete time:3.886222839355469e-05
delete time:3.743171691894531e-05
delete time:4.267692565917969e-05
delete time:2.2411346435546875e-05
delete time:2.384185791015625e-05
delete time:3.170967102050781e-05
delete time:1.8596649169921875e-05
delete time:3.2901763916015625e-05
delete time:3.337860107421875e-05
delete time:2.8371810913085938e-05
delete time:2.9325485229492188e-05
delete time:3.0994415283203125e-05
delete time:2.9087066650390625e-05
delete time:3.457069396972656e-05
delete time:3.7670135498046875e-05
delete time:3.790855407714844e-05
delete time:2.8848648071289062e-05
delete time:3.24249267578125e-05
delete time:3.6716461181640625e-05
delete time:3.457069396972656e-05
delete time:3.2901763916015625e-05
delete time:1.9550323486328125e-05
delete time:3.695487976074219e-05
delete time:3.361701965332031e-05
delete time:3.337860107421875e-05
delete time:4.601478576660156e-05
delete time:3.0279159545898438e-05
delete time:3.266334533691406e-05
delete time:2.7894973754882812e-05
delete time:3.4332275390625e-05
delete time:2.7418136596679688e-05
delete time:3.695487976074219e-05
delete time:4.00543212890625e-05
delete time:4.220008850097656e-05
delete time:4.1484832763671875e-05
delete time:4.482269287109375e-05
delete time:4.172325134277344e-05
delete time:3.2901763916015625e-05
delete time:2.7894973754882812e-05
delete time:5.1021575927734375e-05
delete time:2.8848648071289062e-05
delete time:2.3365020751953125e-05
delete time:2.7894973754882812e-05
delete time:2.7418136596679688e-05
delete time:3.814697265625e-05
delete time:4.5299530029296875e-05
delete time:3.3855438232421875e-05
delete time:4.220008850097656e-05
delete time:2.6702880859375e-05
delete time:3.266334533691406e-05
delete time:2.86102294921875e-05
delete time:3.075599670410156e-05
delete time:3.719329833984375e-05
delete time:2.3365020751953125e-05
delete time:3.075599670410156e-05
delete time:2.8848648071289062e-05
delete time:2.6226043701171875e-05
delete time:3.743171691894531e-05
delete time:3.814697265625e-05
delete time:3.1948089599609375e-05
delete time:4.00543212890625e-05
delete time:3.600120544433594e-05
delete time:3.504753112792969e-05
delete time:2.7418136596679688e-05
delete time:3.0279159545898438e-05
delete time:2.765655517578125e-05
delete time:2.8848648071289062e-05
delete time:3.337860107421875e-05
delete time:2.86102294921875e-05
delete time:3.600120544433594e-05
delete time:3.0279159545898438e-05
delete time:3.0517578125e-05
delete time:2.0742416381835938e-05
delete time:2.9087066650390625e-05
delete time:5.078315734863281e-05
delete time:3.314018249511719e-05
delete time:2.0742416381835938e-05
delete time:2.3603439331054688e-05
delete time:3.790855407714844e-05
delete time:3.123283386230469e-05
delete time:2.574920654296875e-05
delete time:2.288818359375e-05
delete time:2.5510787963867188e-05
delete time:3.0040740966796875e-05
delete time:3.5762786865234375e-05
delete time:2.5510787963867188e-05
delete time:3.147125244140625e-05
delete time:2.4318695068359375e-05
delete time:3.147125244140625e-05
delete time:2.86102294921875e-05
delete time:4.3392181396484375e-05
delete time:2.7179718017578125e-05
delete time:3.1948089599609375e-05
delete time:3.0517578125e-05
delete time:1.9788742065429688e-05
delete time:2.9325485229492188e-05
delete time:3.8623809814453125e-05
delete time:2.8848648071289062e-05
delete time:2.9087066650390625e-05
delete time:2.4557113647460938e-05
delete time:3.504753112792969e-05
delete time:2.8371810913085938e-05
delete time:3.2901763916015625e-05
delete time:2.6941299438476562e-05
delete time:4.291534423828125e-05
delete time:4.029273986816406e-05
delete time:2.956390380859375e-05
delete time:4.1484832763671875e-05
delete time:3.5762786865234375e-05
delete time:4.6253204345703125e-05
delete time:2.5272369384765625e-05
delete time:2.6702880859375e-05
delete time:4.601478576660156e-05
delete time:3.886222839355469e-05
delete time:3.719329833984375e-05
delete time:3.5762786865234375e-05
delete time:3.528594970703125e-05
delete time:4.172325134277344e-05
delete time:3.2901763916015625e-05
delete time:3.0517578125e-05
delete time:3.170967102050781e-05
delete time:3.3855438232421875e-05
delete time:3.6716461181640625e-05
delete time:2.4080276489257812e-05
delete time:2.288818359375e-05
delete time:3.6716461181640625e-05
delete time:2.7179718017578125e-05
delete time:2.9087066650390625e-05
delete time:2.8848648071289062e-05
delete time:4.363059997558594e-05
delete time:3.9577484130859375e-05
delete time:3.981590270996094e-05
delete time:2.1696090698242188e-05
delete time:3.4332275390625e-05
delete time:3.170967102050781e-05
delete time:3.337860107421875e-05
delete time:3.6716461181640625e-05
delete time:2.6702880859375e-05
delete time:3.719329833984375e-05
delete time:3.886222839355469e-05
delete time:3.981590270996094e-05
delete time:4.506111145019531e-05
delete time:2.574920654296875e-05
delete time:3.0279159545898438e-05
delete time:4.172325134277344e-05
delete time:3.123283386230469e-05
delete time:2.6226043701171875e-05
delete time:3.695487976074219e-05
delete time:3.266334533691406e-05
delete time:2.765655517578125e-05
delete time:2.5272369384765625e-05
delete time:4.839897155761719e-05
delete time:2.765655517578125e-05
delete time:2.8133392333984375e-05
delete time:3.2901763916015625e-05
delete time:3.0279159545898438e-05
delete time:3.218650817871094e-05
delete time:3.0040740966796875e-05
delete time:3.314018249511719e-05
delete time:3.5762786865234375e-05
delete time:2.5987625122070312e-05
delete time:4.00543212890625e-05
delete time:2.8133392333984375e-05
delete time:3.981590270996094e-05
delete time:2.8133392333984375e-05
delete time:3.361701965332031e-05
delete time:3.123283386230469e-05
delete time:3.1948089599609375e-05
delete time:2.9087066650390625e-05
delete time:3.2901763916015625e-05
delete time:3.361701965332031e-05
delete time:2.9087066650390625e-05
delete time:3.0994415283203125e-05
delete time:2.956390380859375e-05
delete time:3.719329833984375e-05
delete time:2.86102294921875e-05
delete time:3.123283386230469e-05
delete time:3.457069396972656e-05
delete time:3.0040740966796875e-05
delete time:3.457069396972656e-05
delete time:3.409385681152344e-05
delete time:3.147125244140625e-05
delete time:4.3392181396484375e-05
delete time:2.47955322265625e-05
delete time:3.838539123535156e-05
delete time:3.695487976074219e-05
delete time:3.24249267578125e-05
delete time:3.0040740966796875e-05
delete time:2.288818359375e-05
delete time:3.719329833984375e-05
delete time:2.6702880859375e-05
delete time:2.1696090698242188e-05
delete time:3.337860107421875e-05
delete time:3.8623809814453125e-05
delete time:2.5272369384765625e-05
delete time:3.266334533691406e-05
delete time:3.24249267578125e-05
delete time:2.9087066650390625e-05
delete time:3.552436828613281e-05
delete time:2.8133392333984375e-05
delete time:3.337860107421875e-05
delete time:4.38690185546875e-05
delete time:3.075599670410156e-05
delete time:3.7670135498046875e-05
delete time:2.574920654296875e-05
delete time:4.5299530029296875e-05
delete time:2.47955322265625e-05
delete time:2.2649765014648438e-05
delete time:2.574920654296875e-05
delete time:2.0742416381835938e-05
delete time:3.552436828613281e-05
delete time:3.2901763916015625e-05
delete time:2.7894973754882812e-05
delete time:1.9073486328125e-05
delete time:2.3603439331054688e-05
delete time:3.719329833984375e-05
delete time:2.3365020751953125e-05
delete time:3.528594970703125e-05
delete time:4.482269287109375e-05
delete time:1.9788742065429688e-05
delete time:2.765655517578125e-05
delete time:2.3603439331054688e-05
delete time:2.2649765014648438e-05
delete time:2.1696090698242188e-05
delete time:2.4318695068359375e-05
delete time:4.315376281738281e-05
delete time:3.719329833984375e-05
delete time:2.9802322387695312e-05
delete time:3.8623809814453125e-05
delete time:2.193450927734375e-05
delete time:3.6716461181640625e-05
delete time:2.574920654296875e-05
delete time:2.9325485229492188e-05
delete time:3.886222839355469e-05
delete time:4.100799560546875e-05
delete time:2.6702880859375e-05
delete time:2.6941299438476562e-05
delete time:3.8623809814453125e-05
delete time:3.0279159545898438e-05
delete time:5.435943603515625e-05
delete time:3.910064697265625e-05
delete time:3.170967102050781e-05
delete time:3.62396240234375e-05
delete time:3.2901763916015625e-05
delete time:2.956390380859375e-05
delete time:3.409385681152344e-05
delete time:3.0040740966796875e-05
delete time:4.506111145019531e-05
delete time:3.647804260253906e-05
delete time:4.220008850097656e-05
delete time:2.5510787963867188e-05
delete time:2.288818359375e-05
delete time:3.647804260253906e-05
delete time:2.47955322265625e-05
delete time:3.4809112548828125e-05
delete time:3.123283386230469e-05
delete time:2.765655517578125e-05
delete time:2.7894973754882812e-05
delete time:3.5762786865234375e-05
delete time:4.6253204345703125e-05
delete time:2.5510787963867188e-05
delete time:4.220008850097656e-05
delete time:2.2649765014648438e-05
delete time:4.839897155761719e-05
delete time:3.361701965332031e-05
delete time:2.6464462280273438e-05
delete time:2.4080276489257812e-05
delete time:4.2438507080078125e-05
delete time:2.956390380859375e-05
delete time:2.47955322265625e-05
delete time:3.457069396972656e-05
delete time:2.9802322387695312e-05
delete time:3.457069396972656e-05
delete time:2.288818359375e-05
delete time:3.886222839355469e-05
delete time:3.123283386230469e-05
delete time:2.765655517578125e-05
delete time:2.956390380859375e-05
delete time:3.147125244140625e-05
delete time:2.765655517578125e-05
delete time:4.291534423828125e-05
delete time:3.1948089599609375e-05
delete time:3.147125244140625e-05
delete time:3.0040740966796875e-05
delete time:3.7670135498046875e-05
delete time:4.076957702636719e-05
delete time:4.172325134277344e-05
delete time:2.4557113647460938e-05
delete time:3.9577484130859375e-05
delete time:3.0279159545898438e-05
delete time:3.910064697265625e-05
delete time:4.0531158447265625e-05
delete time:4.458427429199219e-05
delete time:3.981590270996094e-05
delete time:2.8133392333984375e-05
delete time:3.457069396972656e-05
delete time:4.029273986816406e-05
delete time:2.193450927734375e-05
delete time:2.5510787963867188e-05
delete time:5.626678466796875e-05
delete time:3.0279159545898438e-05
delete time:2.5033950805664062e-05
delete time:3.528594970703125e-05
delete time:2.956390380859375e-05
delete time:3.337860107421875e-05
delete time:2.9325485229492188e-05
delete time:3.170967102050781e-05
delete time:2.86102294921875e-05
delete time:3.314018249511719e-05
delete time:3.5762786865234375e-05
delete time:2.5510787963867188e-05
delete time:3.838539123535156e-05
delete time:2.2411346435546875e-05
delete time:3.743171691894531e-05
delete time:4.3392181396484375e-05
delete time:2.7894973754882812e-05
delete time:3.790855407714844e-05
delete time:2.8371810913085938e-05
delete time:2.9087066650390625e-05
delete time:2.8848648071289062e-05
delete time:4.601478576660156e-05
delete time:3.719329833984375e-05
delete time:2.6226043701171875e-05
delete time:4.124641418457031e-05
delete time:3.552436828613281e-05
delete time:3.552436828613281e-05
delete time:3.24249267578125e-05
delete time:4.00543212890625e-05
delete time:3.7670135498046875e-05
delete time:2.9802322387695312e-05
delete time:2.5272369384765625e-05
delete time:2.8133392333984375e-05
delete time:2.3365020751953125e-05
delete time:3.0517578125e-05
delete time:2.8848648071289062e-05
delete time:2.6702880859375e-05
delete time:3.504753112792969e-05
delete time:4.1961669921875e-05
delete time:2.8371810913085938e-05
delete time:3.409385681152344e-05
delete time:3.695487976074219e-05
delete time:3.6716461181640625e-05
delete time:3.0517578125e-05
delete time:4.38690185546875e-05
delete time:4.172325134277344e-05
delete time:4.3392181396484375e-05
delete time:2.0265579223632812e-05
delete time:3.790855407714844e-05
delete time:3.9577484130859375e-05
delete time:4.601478576660156e-05
delete time:3.266334533691406e-05
delete time:3.123283386230469e-05
delete time:3.743171691894531e-05
delete time:2.574920654296875e-05
delete time:2.86102294921875e-05
delete time:4.5299530029296875e-05
delete time:3.0517578125e-05
delete time:4.029273986816406e-05
delete time:4.076957702636719e-05
delete time:3.266334533691406e-05
delete time:3.0040740966796875e-05
delete time:3.1948089599609375e-05
delete time:2.5510787963867188e-05
delete time:2.0265579223632812e-05
delete time:3.218650817871094e-05
delete time:2.3365020751953125e-05
delete time:4.363059997558594e-05
delete time:2.2411346435546875e-05
delete time:2.8371810913085938e-05
delete time:2.9325485229492188e-05
delete time:2.7179718017578125e-05
delete time:1.8358230590820312e-05
delete time:4.029273986816406e-05
delete time:3.170967102050781e-05
delete time:3.719329833984375e-05
delete time:4.935264587402344e-05
delete time:3.314018249511719e-05
delete time:3.170967102050781e-05
delete time:3.266334533691406e-05
delete time:3.933906555175781e-05
delete time:4.839897155761719e-05
delete time:2.3126602172851562e-05
delete time:2.7894973754882812e-05
delete time:3.552436828613281e-05
delete time:4.172325134277344e-05
delete time:3.0517578125e-05
delete time:3.409385681152344e-05
delete time:3.1948089599609375e-05
delete time:3.528594970703125e-05
delete time:3.337860107421875e-05
delete time:4.172325134277344e-05
delete time:3.647804260253906e-05
delete time:2.4318695068359375e-05
delete time:3.1948089599609375e-05
delete time:3.0994415283203125e-05
delete time:2.5510787963867188e-05
delete time:3.695487976074219e-05
delete time:2.5987625122070312e-05
delete time:3.910064697265625e-05
delete time:2.6941299438476562e-05
delete time:3.0279159545898438e-05
delete time:2.8371810913085938e-05
delete time:3.910064697265625e-05
delete time:3.170967102050781e-05
delete time:2.9087066650390625e-05
delete time:3.0040740966796875e-05
delete time:3.409385681152344e-05
delete time:2.4318695068359375e-05
delete time:3.62396240234375e-05
delete time:2.6702880859375e-05
delete time:2.1696090698242188e-05
delete time:3.123283386230469e-05
delete time:2.765655517578125e-05
delete time:4.673004150390625e-05
delete time:3.6716461181640625e-05
delete time:3.0994415283203125e-05
delete time:2.8133392333984375e-05
delete time:2.9087066650390625e-05
delete time:4.1484832763671875e-05
delete time:3.147125244140625e-05
delete time:3.3855438232421875e-05
delete time:3.361701965332031e-05
delete time:3.24249267578125e-05
delete time:2.1696090698242188e-05
delete time:2.5987625122070312e-05
delete time:2.574920654296875e-05
delete time:3.814697265625e-05
delete time:2.5987625122070312e-05
delete time:2.47955322265625e-05
delete time:2.384185791015625e-05
delete time:3.0517578125e-05
delete time:2.5033950805664062e-05
delete time:3.266334533691406e-05
delete time:2.0265579223632812e-05
delete time:2.3365020751953125e-05
delete time:2.0265579223632812e-05
delete time:2.7418136596679688e-05
delete time:4.076957702636719e-05
delete time:3.9577484130859375e-05
delete time:3.24249267578125e-05
delete time:3.933906555175781e-05
delete time:3.0517578125e-05
delete time:2.8848648071289062e-05
delete time:4.1961669921875e-05
delete time:3.0040740966796875e-05
delete time:2.3126602172851562e-05
delete time:3.8623809814453125e-05
delete time:3.123283386230469e-05
delete time:4.2438507080078125e-05
delete time:3.910064697265625e-05
delete time:4.0531158447265625e-05
delete time:3.170967102050781e-05
delete time:2.6226043701171875e-05
delete time:3.147125244140625e-05
delete time:2.7179718017578125e-05
delete time:3.361701965332031e-05
delete time:3.910064697265625e-05
delete time:2.6941299438476562e-05
delete time:3.147125244140625e-05
delete time:3.552436828613281e-05
delete time:2.7418136596679688e-05
delete time:4.00543212890625e-05
delete time:3.147125244140625e-05
delete time:2.8848648071289062e-05
delete time:4.673004150390625e-05
delete time:3.1948089599609375e-05
delete time:3.528594970703125e-05
delete time:3.6716461181640625e-05
delete time:2.86102294921875e-05
delete time:2.5272369384765625e-05
delete time:2.1696090698242188e-05
delete time:3.075599670410156e-05
delete time:4.57763671875e-05
delete time:2.9087066650390625e-05
delete time:3.8623809814453125e-05
delete time:3.62396240234375e-05
delete time:2.3365020751953125e-05
delete time:3.1948089599609375e-05
delete time:4.57763671875e-05
delete time:2.8371810913085938e-05
delete time:3.743171691894531e-05
delete time:2.9802322387695312e-05
delete time:3.075599670410156e-05
delete time:3.361701965332031e-05
delete time:3.4809112548828125e-05
delete time:3.1948089599609375e-05
delete time:4.172325134277344e-05
delete time:2.8848648071289062e-05
delete time:3.457069396972656e-05
delete time:2.2649765014648438e-05
delete time:3.0040740966796875e-05
delete time:4.076957702636719e-05
delete time:2.2411346435546875e-05
delete time:3.600120544433594e-05
delete time:2.5987625122070312e-05
delete time:4.4345855712890625e-05
delete time:1.811981201171875e-05
delete time:3.218650817871094e-05
delete time:4.3392181396484375e-05
delete time:2.8371810913085938e-05
delete time:2.86102294921875e-05
delete time:4.00543212890625e-05
delete time:3.147125244140625e-05
delete time:2.6702880859375e-05
delete time:3.838539123535156e-05
delete time:3.9577484130859375e-05
delete time:2.956390380859375e-05
delete time:2.5033950805664062e-05
delete time:2.8848648071289062e-05
delete time:3.2901763916015625e-05
delete time:3.695487976074219e-05
delete time:2.8133392333984375e-05
delete time:2.1457672119140625e-05
delete time:2.86102294921875e-05
delete time:2.8133392333984375e-05
delete time:2.2649765014648438e-05
delete time:3.075599670410156e-05
delete time:3.552436828613281e-05
delete time:2.4318695068359375e-05
delete time:3.981590270996094e-05
delete time:4.0531158447265625e-05
delete time:4.2438507080078125e-05
delete time:3.4809112548828125e-05
delete time:3.719329833984375e-05
delete time:2.7179718017578125e-05
delete time:2.8371810913085938e-05
delete time:2.8848648071289062e-05
delete time:3.62396240234375e-05
delete time:4.4345855712890625e-05
delete time:2.765655517578125e-05
delete time:3.504753112792969e-05
delete time:3.218650817871094e-05
delete time:2.7894973754882812e-05
delete time:3.600120544433594e-05
delete time:2.5510787963867188e-05
delete time:2.5510787963867188e-05
delete time:3.314018249511719e-05
delete time:3.361701965332031e-05
delete time:2.3126602172851562e-05
delete time:3.361701965332031e-05
delete time:4.124641418457031e-05
delete time:3.0040740966796875e-05
delete time:2.765655517578125e-05
delete time:3.981590270996094e-05
delete time:3.719329833984375e-05
delete time:2.2172927856445312e-05
delete time:2.1457672119140625e-05
delete time:3.695487976074219e-05
delete time:3.457069396972656e-05
delete time:3.5762786865234375e-05
delete time:2.2411346435546875e-05
delete time:4.00543212890625e-05
delete time:2.1457672119140625e-05
delete time:3.62396240234375e-05
delete time:3.9577484130859375e-05
delete time:2.9325485229492188e-05
delete time:2.6226043701171875e-05
delete time:2.9325485229492188e-05
delete time:2.288818359375e-05
delete time:2.5033950805664062e-05
delete time:4.029273986816406e-05
delete time:2.8133392333984375e-05
delete time:2.8133392333984375e-05
delete time:3.62396240234375e-05
delete time:3.504753112792969e-05
delete time:2.8133392333984375e-05
delete time:3.24249267578125e-05
delete time:2.9325485229492188e-05
delete time:2.7894973754882812e-05
delete time:2.9325485229492188e-05
delete time:4.458427429199219e-05
delete time:3.314018249511719e-05
delete time:4.00543212890625e-05
delete time:3.0517578125e-05
delete time:3.337860107421875e-05
delete time:2.0503997802734375e-05
delete time:3.409385681152344e-05
delete time:3.170967102050781e-05
delete time:3.62396240234375e-05
delete time:2.6464462280273438e-05
delete time:3.0517578125e-05
delete time:3.7670135498046875e-05
delete time:2.1219253540039062e-05
delete time:3.314018249511719e-05
delete time:3.8623809814453125e-05
delete time:2.193450927734375e-05
delete time:2.3603439331054688e-05
delete time:2.1457672119140625e-05
delete time:3.504753112792969e-05
delete time:4.1484832763671875e-05
delete time:3.147125244140625e-05
delete time:2.6464462280273438e-05
delete time:3.147125244140625e-05
delete time:3.886222839355469e-05
delete time:2.2411346435546875e-05
delete time:2.2649765014648438e-05
delete time:3.0994415283203125e-05
delete time:2.7179718017578125e-05
delete time:3.075599670410156e-05
delete time:2.9087066650390625e-05
delete time:4.315376281738281e-05
delete time:3.528594970703125e-05
delete time:3.528594970703125e-05
delete time:2.8371810913085938e-05
delete time:3.0040740966796875e-05
delete time:3.147125244140625e-05
delete time:3.361701965332031e-05
delete time:2.5272369384765625e-05
delete time:3.337860107421875e-05
delete time:4.363059997558594e-05
delete time:2.8848648071289062e-05
delete time:2.9802322387695312e-05
delete time:2.5987625122070312e-05
delete time:2.3365020751953125e-05
delete time:3.5762786865234375e-05
delete time:4.673004150390625e-05
delete time:2.7894973754882812e-05
delete time:4.029273986816406e-05
delete time:2.8371810913085938e-05
delete time:4.0531158447265625e-05
delete time:2.9802322387695312e-05
delete time:4.410743713378906e-05
delete time:3.457069396972656e-05
delete time:2.956390380859375e-05
delete time:3.552436828613281e-05
delete time:2.8371810913085938e-05
delete time:3.0040740966796875e-05
delete time:2.956390380859375e-05
delete time:4.458427429199219e-05
delete time:2.2649765014648438e-05
delete time:3.838539123535156e-05
delete time:4.100799560546875e-05
delete time:2.7894973754882812e-05
delete time:3.814697265625e-05
delete time:3.1948089599609375e-05
delete time:3.075599670410156e-05
delete time:3.8623809814453125e-05
delete time:2.956390380859375e-05
delete time:4.076957702636719e-05
delete time:2.6702880859375e-05
delete time:2.2649765014648438e-05
delete time:3.552436828613281e-05
delete time:3.218650817871094e-05
delete time:3.2901763916015625e-05
delete time:2.0503997802734375e-05
delete time:3.600120544433594e-05
delete time:2.3603439331054688e-05
delete time:2.0742416381835938e-05
delete time:2.9802322387695312e-05
delete time:2.3126602172851562e-05
delete time:3.814697265625e-05
delete time:3.1948089599609375e-05
delete time:2.1219253540039062e-05
delete time:2.7179718017578125e-05
delete time:3.218650817871094e-05
delete time:3.743171691894531e-05
delete time:3.6716461181640625e-05
delete time:3.719329833984375e-05
delete time:2.6226043701171875e-05
delete time:2.2172927856445312e-05
delete time:3.314018249511719e-05
delete time:3.123283386230469e-05
delete time:3.695487976074219e-05
delete time:3.0517578125e-05
delete time:1.9788742065429688e-05
delete time:3.647804260253906e-05
delete time:4.172325134277344e-05
delete time:3.790855407714844e-05
delete time:3.0279159545898438e-05
delete time:2.7894973754882812e-05
delete time:4.0531158447265625e-05
delete time:3.314018249511719e-05
delete time:2.0503997802734375e-05
delete time:3.695487976074219e-05
delete time:3.600120544433594e-05
delete time:2.1457672119140625e-05
delete time:4.5299530029296875e-05
delete time:4.0531158447265625e-05
delete time:3.814697265625e-05
delete time:3.409385681152344e-05
delete time:4.553794860839844e-05
delete time:3.361701965332031e-05
delete time:3.981590270996094e-05
delete time:2.5033950805664062e-05
delete time:3.4332275390625e-05
delete time:3.0994415283203125e-05
delete time:3.0040740966796875e-05
delete time:4.696846008300781e-05
delete time:2.6941299438476562e-05
delete time:3.0517578125e-05
delete time:2.288818359375e-05
delete time:3.981590270996094e-05
delete time:3.123283386230469e-05
delete time:3.3855438232421875e-05
delete time:3.4332275390625e-05
delete time:3.552436828613281e-05
delete time:3.7670135498046875e-05
delete time:3.075599670410156e-05
delete time:3.552436828613281e-05
delete time:3.0994415283203125e-05
delete time:3.62396240234375e-05
delete time:4.076957702636719e-05
delete time:3.0040740966796875e-05
delete time:3.2901763916015625e-05
delete time:4.267692565917969e-05
delete time:4.029273986816406e-05
delete time:3.0040740966796875e-05
delete time:3.457069396972656e-05
delete time:2.8371810913085938e-05
delete time:2.9325485229492188e-05
delete time:3.886222839355469e-05
delete time:2.7894973754882812e-05
delete time:2.956390380859375e-05
delete time:2.5987625122070312e-05
delete time:3.361701965332031e-05
delete time:2.9802322387695312e-05
delete time:2.0265579223632812e-05
delete time:2.956390380859375e-05
delete time:2.956390380859375e-05
delete time:3.4332275390625e-05
delete time:3.552436828613281e-05
delete time:3.0994415283203125e-05
delete time:4.2438507080078125e-05
delete time:2.4080276489257812e-05
delete time:2.6464462280273438e-05
delete time:5.0067901611328125e-05
delete time:2.8371810913085938e-05
delete time:3.0040740966796875e-05
delete time:2.384185791015625e-05
delete time:2.6226043701171875e-05
delete time:3.147125244140625e-05
delete time:3.123283386230469e-05
delete time:3.814697265625e-05
delete time:2.8371810913085938e-05
delete time:3.886222839355469e-05
delete time:3.910064697265625e-05
delete time:4.100799560546875e-05
delete time:2.2411346435546875e-05
delete time:3.814697265625e-05
delete time:2.2649765014648438e-05
delete time:3.1948089599609375e-05
delete time:2.2649765014648438e-05
delete time:3.2901763916015625e-05
delete time:2.6226043701171875e-05
delete time:3.218650817871094e-05
delete time:3.886222839355469e-05
delete time:3.600120544433594e-05
delete time:3.4332275390625e-05
delete time:2.6702880859375e-05
delete time:3.719329833984375e-05
delete time:2.384185791015625e-05
delete time:3.3855438232421875e-05
delete time:2.2649765014648438e-05
delete time:3.6716461181640625e-05
delete time:3.0040740966796875e-05
delete time:3.218650817871094e-05
delete time:2.5510787963867188e-05
delete time:2.7418136596679688e-05
delete time:2.4557113647460938e-05
delete time:2.6464462280273438e-05
delete time:2.9087066650390625e-05
delete time:2.956390380859375e-05
delete time:3.504753112792969e-05
delete time:2.9087066650390625e-05
delete time:3.266334533691406e-05
delete time:2.0265579223632812e-05
delete time:3.981590270996094e-05
delete time:2.956390380859375e-05
delete time:2.47955322265625e-05
delete time:3.528594970703125e-05
delete time:4.076957702636719e-05
delete time:2.7418136596679688e-05
delete time:2.765655517578125e-05
delete time:3.0040740966796875e-05
delete time:3.695487976074219e-05
delete time:2.6941299438476562e-05
delete time:4.1961669921875e-05
delete time:3.62396240234375e-05
delete time:4.267692565917969e-05
delete time:2.765655517578125e-05
delete time:4.3392181396484375e-05
delete time:2.8848648071289062e-05
delete time:3.4809112548828125e-05
delete time:2.6464462280273438e-05
delete time:4.124641418457031e-05
delete time:4.792213439941406e-05
delete time:2.8133392333984375e-05
delete time:2.86102294921875e-05
delete time:3.170967102050781e-05
delete time:3.910064697265625e-05
delete time:3.910064697265625e-05
delete time:3.0994415283203125e-05
delete time:3.886222839355469e-05
delete time:3.5762786865234375e-05
delete time:4.1484832763671875e-05
delete time:3.0517578125e-05
delete time:3.409385681152344e-05
delete time:3.0994415283203125e-05
delete time:3.314018249511719e-05
delete time:2.86102294921875e-05
delete time:4.076957702636719e-05
delete time:2.0742416381835938e-05
delete time:2.9325485229492188e-05
delete time:3.552436828613281e-05
delete time:3.266334533691406e-05
delete time:3.0040740966796875e-05
delete time:3.7670135498046875e-05
delete time:3.075599670410156e-05
delete time:3.409385681152344e-05
delete time:4.458427429199219e-05
delete time:3.24249267578125e-05
delete time:3.5762786865234375e-05
delete time:3.314018249511719e-05
delete time:3.24249267578125e-05
delete time:3.3855438232421875e-05
delete time:3.3855438232421875e-05
delete time:3.7670135498046875e-05
delete time:2.0265579223632812e-05
delete time:2.765655517578125e-05
delete time:2.765655517578125e-05
delete time:3.314018249511719e-05
delete time:3.8623809814453125e-05
delete time:3.361701965332031e-05
delete time:4.553794860839844e-05
delete time:3.5762786865234375e-05
delete time:3.1948089599609375e-05
delete time:3.8623809814453125e-05
delete time:3.218650817871094e-05
delete time:3.790855407714844e-05
delete time:3.600120544433594e-05
delete time:2.288818359375e-05
delete time:2.8133392333984375e-05
delete time:3.9577484130859375e-05
delete time:2.6941299438476562e-05
delete time:3.8623809814453125e-05
delete time:3.790855407714844e-05
delete time:3.5762786865234375e-05
delete time:2.7418136596679688e-05
delete time:2.8371810913085938e-05
delete time:3.504753112792969e-05
delete time:3.62396240234375e-05
delete time:1.8358230590820312e-05
delete time:2.4318695068359375e-05
delete time:3.0040740966796875e-05
delete time:3.24249267578125e-05
delete time:2.574920654296875e-05
delete time:4.982948303222656e-05
delete time:3.123283386230469e-05
delete time:2.5987625122070312e-05
delete time:3.361701965332031e-05
delete time:3.719329833984375e-05
delete time:2.2649765014648438e-05
delete time:2.3603439331054688e-05
delete time:2.574920654296875e-05
delete time:2.8371810913085938e-05
delete time:4.124641418457031e-05
delete time:3.9577484130859375e-05
delete time:3.314018249511719e-05
delete time:1.9311904907226562e-05
delete time:3.075599670410156e-05
delete time:3.5762786865234375e-05
delete time:3.528594970703125e-05
delete time:2.5987625122070312e-05
delete time:1.9550323486328125e-05
delete time:3.075599670410156e-05
delete time:2.6464462280273438e-05
delete time:3.552436828613281e-05
delete time:3.409385681152344e-05
delete time:3.0517578125e-05
delete time:2.7179718017578125e-05
delete time:3.0517578125e-05
delete time:3.695487976074219e-05
delete time:3.0994415283203125e-05
delete time:2.6941299438476562e-05
delete time:2.1219253540039062e-05
delete time:3.743171691894531e-05
delete time:3.838539123535156e-05
delete time:2.9325485229492188e-05
delete time:3.337860107421875e-05
delete time:4.029273986816406e-05
delete time:4.1484832763671875e-05
delete time:2.384185791015625e-05
delete time:2.8848648071289062e-05
delete time:2.6464462280273438e-05
delete time:4.2438507080078125e-05
delete time:3.075599670410156e-05
delete time:2.8133392333984375e-05
delete time:2.8371810913085938e-05
delete time:2.5987625122070312e-05
delete time:4.5299530029296875e-05
delete time:3.0279159545898438e-05
delete time:2.47955322265625e-05
delete time:3.075599670410156e-05
delete time:2.9325485229492188e-05
delete time:3.0040740966796875e-05
delete time:3.695487976074219e-05
delete time:4.601478576660156e-05
delete time:3.814697265625e-05
delete time:2.8848648071289062e-05
delete time:1.9550323486328125e-05
delete time:3.147125244140625e-05
delete time:4.1484832763671875e-05
delete time:3.552436828613281e-05
delete time:2.1696090698242188e-05
delete time:4.1961669921875e-05
delete time:3.457069396972656e-05
delete time:2.7179718017578125e-05
delete time:3.123283386230469e-05
delete time:3.4332275390625e-05
delete time:3.528594970703125e-05
delete time:3.123283386230469e-05
delete time:4.7206878662109375e-05
delete time:2.4557113647460938e-05
delete time:3.981590270996094e-05
delete time:3.0994415283203125e-05
delete time:3.504753112792969e-05
delete time:5.221366882324219e-05
delete time:3.600120544433594e-05
delete time:2.6226043701171875e-05
delete time:4.124641418457031e-05
delete time:3.743171691894531e-05
delete time:3.552436828613281e-05
delete time:2.5987625122070312e-05
delete time:3.0517578125e-05
delete time:3.0994415283203125e-05
delete time:3.4809112548828125e-05
delete time:3.147125244140625e-05
delete time:2.47955322265625e-05
delete time:2.7894973754882812e-05
delete time:3.123283386230469e-05
delete time:3.933906555175781e-05
delete time:2.8848648071289062e-05
delete time:3.0517578125e-05
delete time:3.123283386230469e-05
delete time:3.266334533691406e-05
delete time:3.838539123535156e-05
delete time:3.719329833984375e-05
delete time:3.695487976074219e-05
delete time:3.933906555175781e-05
delete time:2.5272369384765625e-05
delete time:4.5299530029296875e-05
delete time:2.765655517578125e-05
delete time:3.409385681152344e-05
delete time:3.266334533691406e-05
delete time:3.0994415283203125e-05
delete time:3.170967102050781e-05
delete time:2.5033950805664062e-05
delete time:2.7894973754882812e-05
delete time:3.5762786865234375e-05
delete time:3.9577484130859375e-05
delete time:1.7404556274414062e-05
delete time:4.458427429199219e-05
delete time:3.218650817871094e-05
delete time:3.457069396972656e-05
delete time:3.0517578125e-05
delete time:2.4557113647460938e-05
delete time:2.384185791015625e-05
delete time:3.170967102050781e-05
delete time:2.9087066650390625e-05
delete time:3.981590270996094e-05
delete time:3.647804260253906e-05
delete time:3.218650817871094e-05
delete time:3.62396240234375e-05
delete time:2.5272369384765625e-05
delete time:2.956390380859375e-05
delete time:3.719329833984375e-05
delete time:2.5272369384765625e-05
delete time:3.814697265625e-05
delete time:2.6226043701171875e-05
delete time:2.8848648071289062e-05
delete time:4.2438507080078125e-05
delete time:3.62396240234375e-05
delete time:3.409385681152344e-05
delete time:2.765655517578125e-05
delete time:4.100799560546875e-05
delete time:2.574920654296875e-05
delete time:2.288818359375e-05
delete time:2.8371810913085938e-05
delete time:3.266334533691406e-05
delete time:3.147125244140625e-05
delete time:2.8133392333984375e-05
delete time:4.00543212890625e-05
delete time:2.3365020751953125e-05
delete time:3.8623809814453125e-05
delete time:2.7179718017578125e-05
delete time:2.288818359375e-05
delete time:4.029273986816406e-05
delete time:3.24249267578125e-05
delete time:2.4080276489257812e-05
delete time:2.7179718017578125e-05
delete time:3.409385681152344e-05
delete time:3.647804260253906e-05
delete time:3.409385681152344e-05
delete time:3.147125244140625e-05
delete time:2.7894973754882812e-05
delete time:3.2901763916015625e-05
delete time:2.9325485229492188e-05
delete time:3.3855438232421875e-05
delete time:3.5762786865234375e-05
delete time:2.8133392333984375e-05
delete time:3.647804260253906e-05
delete time:3.910064697265625e-05
delete time:2.7179718017578125e-05
delete time:3.266334533691406e-05
delete time:2.384185791015625e-05
delete time:2.6941299438476562e-05
delete time:3.409385681152344e-05
delete time:3.981590270996094e-05
delete time:2.47955322265625e-05
delete time:3.0517578125e-05
delete time:3.886222839355469e-05
delete time:4.458427429199219e-05
delete time:2.956390380859375e-05
delete time:2.7894973754882812e-05
delete time:3.695487976074219e-05
delete time:2.6226043701171875e-05
delete time:2.9087066650390625e-05
delete time:2.4318695068359375e-05
delete time:3.6716461181640625e-05
delete time:3.62396240234375e-05
delete time:3.337860107421875e-05
delete time:3.075599670410156e-05
delete time:3.0517578125e-05
delete time:2.0503997802734375e-05
delete time:2.7418136596679688e-05
delete time:3.337860107421875e-05
delete time:3.8623809814453125e-05
delete time:3.528594970703125e-05
delete time:4.100799560546875e-05
delete time:4.0531158447265625e-05
delete time:3.1948089599609375e-05
delete time:3.5762786865234375e-05
delete time:2.9087066650390625e-05
delete time:2.574920654296875e-05
delete time:3.4332275390625e-05
delete time:2.5987625122070312e-05
delete time:2.5987625122070312e-05
delete time:3.0994415283203125e-05
delete time:3.457069396972656e-05
delete time:3.933906555175781e-05
delete time:2.9325485229492188e-05
delete time:2.6226043701171875e-05
delete time:3.314018249511719e-05
delete time:3.0279159545898438e-05
delete time:2.86102294921875e-05
delete time:2.5987625122070312e-05
delete time:3.123283386230469e-05
delete time:3.361701965332031e-05
delete time:2.8371810913085938e-05
delete time:2.3365020751953125e-05
delete time:3.7670135498046875e-05
delete time:2.7179718017578125e-05
delete time:2.8371810913085938e-05
delete time:2.3603439331054688e-05
delete time:3.1948089599609375e-05
delete time:2.765655517578125e-05
delete time:3.1948089599609375e-05
delete time:3.218650817871094e-05
delete time:3.790855407714844e-05
delete time:2.3603439331054688e-05
delete time:3.266334533691406e-05
delete time:2.765655517578125e-05
delete time:2.6941299438476562e-05
delete time:3.075599670410156e-05
delete time:3.910064697265625e-05
delete time:3.24249267578125e-05
delete time:3.5762786865234375e-05
delete time:3.4809112548828125e-05
delete time:3.62396240234375e-05
delete time:3.504753112792969e-05
delete time:3.0279159545898438e-05
delete time:2.6464462280273438e-05
delete time:3.600120544433594e-05
delete time:4.172325134277344e-05
delete time:3.62396240234375e-05
delete time:2.9325485229492188e-05
delete time:3.695487976074219e-05
delete time:3.0994415283203125e-05
delete time:4.696846008300781e-05
delete time:3.7670135498046875e-05
delete time:2.47955322265625e-05
delete time:3.695487976074219e-05
delete time:3.552436828613281e-05
delete time:3.743171691894531e-05
delete time:2.8133392333984375e-05
delete time:3.0279159545898438e-05
delete time:4.124641418457031e-05
delete time:3.2901763916015625e-05
delete time:3.3855438232421875e-05
delete time:2.2172927856445312e-05
delete time:2.5033950805664062e-05
delete time:3.814697265625e-05
delete time:3.4809112548828125e-05
delete time:3.24249267578125e-05
delete time:3.528594970703125e-05
delete time:3.838539123535156e-05
delete time:4.029273986816406e-05
delete time:3.814697265625e-05
delete time:3.147125244140625e-05
delete time:3.695487976074219e-05
delete time:2.1457672119140625e-05
delete time:3.314018249511719e-05
delete time:2.8133392333984375e-05
delete time:2.0742416381835938e-05
delete time:3.361701965332031e-05
delete time:2.86102294921875e-05
delete time:2.6702880859375e-05
delete time:2.6702880859375e-05
delete time:2.6226043701171875e-05
delete time:2.956390380859375e-05
delete time:3.147125244140625e-05
delete time:2.86102294921875e-05
delete time:3.337860107421875e-05
delete time:2.6226043701171875e-05
delete time:2.6226043701171875e-05
delete time:3.743171691894531e-05
delete time:2.4080276489257812e-05
delete time:3.838539123535156e-05
delete time:3.600120544433594e-05
delete time:4.220008850097656e-05
delete time:2.4557113647460938e-05
delete time:4.172325134277344e-05
delete time:2.8371810913085938e-05
delete time:4.553794860839844e-05
delete time:2.4080276489257812e-05
delete time:2.6464462280273438e-05
delete time:3.361701965332031e-05
delete time:3.24249267578125e-05
delete time:2.3126602172851562e-05
delete time:2.4318695068359375e-05
delete time:2.7894973754882812e-05
delete time:3.075599670410156e-05
delete time:3.314018249511719e-05
delete time:4.172325134277344e-05
delete time:3.0517578125e-05
delete time:3.504753112792969e-05
delete time:3.528594970703125e-05
delete time:2.86102294921875e-05
delete time:3.147125244140625e-05
delete time:3.314018249511719e-05
delete time:2.9087066650390625e-05
delete time:3.5762786865234375e-05
delete time:3.600120544433594e-05
delete time:2.7894973754882812e-05
delete time:2.5033950805664062e-05
delete time:2.9087066650390625e-05
delete time:2.6941299438476562e-05
delete time:1.9550323486328125e-05
delete time:2.7894973754882812e-05
delete time:3.647804260253906e-05
delete time:2.8133392333984375e-05
delete time:3.2901763916015625e-05
delete time:4.649162292480469e-05
delete time:2.956390380859375e-05
delete time:2.9325485229492188e-05
delete time:3.0040740966796875e-05
delete time:3.0994415283203125e-05
delete time:2.193450927734375e-05
delete time:2.3603439331054688e-05
delete time:2.8133392333984375e-05
delete time:2.9802322387695312e-05
delete time:3.8623809814453125e-05
delete time:2.6226043701171875e-05
delete time:2.9325485229492188e-05
delete time:3.719329833984375e-05
delete time:2.6941299438476562e-05
delete time:2.4080276489257812e-05
delete time:2.956390380859375e-05
delete time:3.361701965332031e-05
delete time:2.6702880859375e-05
delete time:3.3855438232421875e-05
delete time:2.2649765014648438e-05
delete time:3.600120544433594e-05
delete time:3.3855438232421875e-05
delete time:2.4080276489257812e-05
delete time:2.4080276489257812e-05
delete time:3.1948089599609375e-05
delete time:1.7881393432617188e-05
delete time:2.5033950805664062e-05
delete time:3.814697265625e-05
delete time:3.62396240234375e-05
delete time:2.6941299438476562e-05
delete time:4.00543212890625e-05
delete time:3.695487976074219e-05
delete time:4.100799560546875e-05
delete time:3.0517578125e-05
delete time:3.695487976074219e-05
delete time:2.956390380859375e-05
delete time:2.8371810913085938e-05
delete time:3.4332275390625e-05
delete time:3.5762786865234375e-05
delete time:4.00543212890625e-05
delete time:2.765655517578125e-05
delete time:2.8848648071289062e-05
delete time:2.6226043701171875e-05
delete time:4.506111145019531e-05
delete time:3.886222839355469e-05
delete time:2.5510787963867188e-05
delete time:3.361701965332031e-05
delete time:3.314018249511719e-05
delete time:2.574920654296875e-05
delete time:2.0742416381835938e-05
delete time:3.0040740966796875e-05
delete time:4.458427429199219e-05
delete time:3.409385681152344e-05
delete time:3.170967102050781e-05
delete time:3.361701965332031e-05
delete time:3.075599670410156e-05
delete time:2.9802322387695312e-05
delete time:3.743171691894531e-05
delete time:3.5762786865234375e-05
delete time:2.3603439331054688e-05
delete time:2.7418136596679688e-05
delete time:3.3855438232421875e-05
delete time:3.528594970703125e-05
delete time:4.506111145019531e-05
delete time:3.4332275390625e-05
delete time:2.9802322387695312e-05
delete time:3.337860107421875e-05
delete time:3.838539123535156e-05
delete time:3.075599670410156e-05
delete time:2.7418136596679688e-05
delete time:3.743171691894531e-05
delete time:3.6716461181640625e-05
delete time:3.2901763916015625e-05
delete time:3.3855438232421875e-05
delete time:2.765655517578125e-05
delete time:3.6716461181640625e-05
delete time:2.5987625122070312e-05
delete time:3.0517578125e-05
delete time:3.361701965332031e-05
delete time:4.3392181396484375e-05
delete time:2.765655517578125e-05
delete time:3.0994415283203125e-05
delete time:4.100799560546875e-05
delete time:2.9325485229492188e-05
delete time:3.0994415283203125e-05
delete time:2.3126602172851562e-05
delete time:3.457069396972656e-05
delete time:2.2172927856445312e-05
delete time:3.170967102050781e-05
delete time:3.218650817871094e-05
delete time:3.3855438232421875e-05
delete time:3.218650817871094e-05
delete time:2.8133392333984375e-05
delete time:2.5510787963867188e-05
delete time:3.528594970703125e-05
delete time:3.0040740966796875e-05
delete time:2.8848648071289062e-05
delete time:3.790855407714844e-05
delete time:3.7670135498046875e-05
delete time:3.647804260253906e-05
delete time:2.8133392333984375e-05
delete time:3.0517578125e-05
delete time:2.1219253540039062e-05
delete time:3.170967102050781e-05
delete time:3.552436828613281e-05
delete time:3.886222839355469e-05
delete time:2.765655517578125e-05
delete time:3.719329833984375e-05
delete time:3.3855438232421875e-05
delete time:2.6464462280273438e-05
delete time:2.7894973754882812e-05
delete time:3.218650817871094e-05
delete time:2.8371810913085938e-05
delete time:3.266334533691406e-05
delete time:3.337860107421875e-05
delete time:2.384185791015625e-05
delete time:3.0279159545898438e-05
delete time:4.124641418457031e-05
delete time:2.6941299438476562e-05
delete time:2.4318695068359375e-05
delete time:2.86102294921875e-05
delete time:2.3126602172851562e-05
delete time:2.86102294921875e-05
delete time:2.765655517578125e-05
delete time:3.123283386230469e-05
delete time:3.266334533691406e-05
delete time:2.5987625122070312e-05
delete time:2.9325485229492188e-05
delete time:4.220008850097656e-05
delete time:3.266334533691406e-05
delete time:3.457069396972656e-05
delete time:2.5033950805664062e-05
delete time:4.363059997558594e-05
delete time:2.193450927734375e-05
delete time:2.5033950805664062e-05
delete time:3.147125244140625e-05
delete time:3.6716461181640625e-05
delete time:3.719329833984375e-05
delete time:2.4557113647460938e-05
delete time:4.76837158203125e-05
delete time:3.314018249511719e-05
delete time:4.124641418457031e-05
delete time:2.8848648071289062e-05
delete time:4.1484832763671875e-05
delete time:3.528594970703125e-05
delete time:3.147125244140625e-05
delete time:3.552436828613281e-05
delete time:3.075599670410156e-05
delete time:3.743171691894531e-05
delete time:4.3392181396484375e-05
delete time:2.4080276489257812e-05
delete time:3.337860107421875e-05
delete time:3.170967102050781e-05
delete time:4.315376281738281e-05
delete time:3.409385681152344e-05
delete time:2.5987625122070312e-05
delete time:2.1219253540039062e-05
delete time:2.86102294921875e-05
delete time:3.075599670410156e-05
delete time:3.910064697265625e-05
delete time:3.62396240234375e-05
delete time:4.124641418457031e-05
delete time:3.838539123535156e-05
delete time:3.24249267578125e-05
delete time:2.9802322387695312e-05
delete time:3.4809112548828125e-05
delete time:3.552436828613281e-05
delete time:4.029273986816406e-05
delete time:4.172325134277344e-05
delete time:3.0279159545898438e-05
delete time:4.9591064453125e-05
delete time:3.695487976074219e-05
delete time:4.267692565917969e-05
delete time:3.981590270996094e-05
delete time:4.1484832763671875e-05
delete time:3.981590270996094e-05
delete time:3.647804260253906e-05
delete time:3.1948089599609375e-05
delete time:2.8133392333984375e-05
delete time:3.790855407714844e-05
delete time:3.9577484130859375e-05
delete time:4.410743713378906e-05
delete time:3.4809112548828125e-05
delete time:3.4809112548828125e-05
delete time:3.552436828613281e-05
delete time:3.790855407714844e-05
delete time:4.100799560546875e-05
delete time:3.528594970703125e-05
delete time:3.123283386230469e-05
delete time:4.2438507080078125e-05
delete time:4.553794860839844e-05
delete time:3.457069396972656e-05
delete time:3.147125244140625e-05
delete time:2.193450927734375e-05
delete time:2.9325485229492188e-05
delete time:3.4809112548828125e-05
delete time:3.457069396972656e-05
delete time:3.838539123535156e-05
delete time:3.0517578125e-05
delete time:3.4809112548828125e-05
delete time:2.3603439331054688e-05
delete time:4.1961669921875e-05
delete time:3.361701965332031e-05
delete time:3.0040740966796875e-05
delete time:1.6689300537109375e-05
delete time:3.5762786865234375e-05
delete time:4.100799560546875e-05
delete time:2.002716064453125e-05
delete time:2.8371810913085938e-05
delete time:2.6941299438476562e-05
delete time:2.8371810913085938e-05
delete time:3.7670135498046875e-05
delete time:2.47955322265625e-05
delete time:4.124641418457031e-05
delete time:2.8848648071289062e-05
delete time:4.029273986816406e-05
delete time:3.147125244140625e-05
delete time:2.4557113647460938e-05
delete time:2.47955322265625e-05
delete time:3.337860107421875e-05
delete time:3.695487976074219e-05
delete time:3.0040740966796875e-05
delete time:1.7881393432617188e-05
delete time:3.838539123535156e-05
delete time:2.5272369384765625e-05
delete time:3.5762786865234375e-05
delete time:2.5510787963867188e-05
delete time:4.5299530029296875e-05
delete time:2.7179718017578125e-05
delete time:3.314018249511719e-05
delete time:3.361701965332031e-05
delete time:3.2901763916015625e-05
delete time:3.8623809814453125e-05
delete time:4.124641418457031e-05
delete time:4.124641418457031e-05
delete time:3.0517578125e-05
delete time:3.361701965332031e-05
delete time:4.172325134277344e-05
delete time:2.9087066650390625e-05
delete time:2.8371810913085938e-05
delete time:2.6226043701171875e-05
delete time:3.814697265625e-05
delete time:3.62396240234375e-05
delete time:3.337860107421875e-05
delete time:2.956390380859375e-05
delete time:4.267692565917969e-05
delete time:3.933906555175781e-05
delete time:3.0040740966796875e-05
delete time:4.172325134277344e-05
delete time:3.0040740966796875e-05
delete time:3.1948089599609375e-05
delete time:3.337860107421875e-05
delete time:3.719329833984375e-05
delete time:2.574920654296875e-05
delete time:3.0279159545898438e-05
delete time:3.0279159545898438e-05
delete time:3.314018249511719e-05
delete time:3.123283386230469e-05
delete time:2.7418136596679688e-05
delete time:3.123283386230469e-05
delete time:2.6464462280273438e-05
delete time:3.123283386230469e-05
delete time:3.075599670410156e-05
delete time:4.410743713378906e-05
delete time:3.528594970703125e-05
delete time:3.0994415283203125e-05
delete time:3.695487976074219e-05
delete time:2.9325485229492188e-05
delete time:3.504753112792969e-05
delete time:3.790855407714844e-05
delete time:2.7894973754882812e-05
delete time:3.695487976074219e-05
delete time:3.719329833984375e-05
delete time:3.123283386230469e-05
delete time:3.409385681152344e-05
delete time:2.9802322387695312e-05
delete time:2.86102294921875e-05
delete time:3.4809112548828125e-05
delete time:3.218650817871094e-05
delete time:3.409385681152344e-05
delete time:3.0279159545898438e-05
delete time:3.123283386230469e-05
delete time:3.457069396972656e-05
delete time:3.1948089599609375e-05
delete time:4.553794860839844e-05
delete time:3.743171691894531e-05
delete time:2.8848648071289062e-05
delete time:3.147125244140625e-05
delete time:2.288818359375e-05
delete time:3.1948089599609375e-05
delete time:3.147125244140625e-05
delete time:3.743171691894531e-05
delete time:2.6226043701171875e-05
delete time:3.814697265625e-05
delete time:3.719329833984375e-05
delete time:2.86102294921875e-05
delete time:4.100799560546875e-05
delete time:4.100799560546875e-05
delete time:3.4332275390625e-05
delete time:2.9802322387695312e-05
delete time:3.600120544433594e-05
delete time:3.337860107421875e-05
delete time:3.457069396972656e-05
delete time:3.218650817871094e-05
delete time:2.9087066650390625e-05
delete time:3.0517578125e-05
delete time:2.9325485229492188e-05
delete time:4.172325134277344e-05
delete time:3.24249267578125e-05
delete time:2.8848648071289062e-05
delete time:3.4809112548828125e-05
delete time:2.5510787963867188e-05
delete time:3.266334533691406e-05
delete time:4.792213439941406e-05
delete time:3.4332275390625e-05
delete time:3.719329833984375e-05
delete time:2.86102294921875e-05
delete time:3.5762786865234375e-05
delete time:3.0517578125e-05
delete time:2.9087066650390625e-05
delete time:3.4809112548828125e-05
delete time:2.5033950805664062e-05
delete time:3.24249267578125e-05
delete time:3.218650817871094e-05
delete time:3.314018249511719e-05
delete time:2.7418136596679688e-05
delete time:3.266334533691406e-05
delete time:2.1219253540039062e-05
delete time:3.457069396972656e-05
delete time:3.4332275390625e-05
delete time:3.2901763916015625e-05
delete time:3.123283386230469e-05
delete time:3.695487976074219e-05
delete time:3.981590270996094e-05
delete time:3.2901763916015625e-05
delete time:2.9802322387695312e-05
delete time:3.24249267578125e-05
delete time:2.6464462280273438e-05
delete time:2.09808349609375e-05
delete time:3.457069396972656e-05
delete time:2.5510787963867188e-05
delete time:3.4332275390625e-05
delete time:2.0503997802734375e-05
delete time:2.5510787963867188e-05
delete time:3.838539123535156e-05
delete time:4.029273986816406e-05
delete time:3.170967102050781e-05
delete time:3.1948089599609375e-05
delete time:2.6941299438476562e-05
delete time:3.0517578125e-05
delete time:2.8371810913085938e-05
delete time:4.458427429199219e-05
delete time:2.4318695068359375e-05
delete time:2.4318695068359375e-05
delete time:4.029273986816406e-05
delete time:2.5033950805664062e-05
delete time:3.6716461181640625e-05
delete time:3.266334533691406e-05
delete time:2.7179718017578125e-05
delete time:2.7418136596679688e-05
delete time:3.4332275390625e-05
delete time:3.790855407714844e-05
delete time:4.2438507080078125e-05
delete time:2.956390380859375e-05
delete time:3.1948089599609375e-05
delete time:2.86102294921875e-05
delete time:2.8371810913085938e-05
delete time:4.029273986816406e-05
delete time:2.4080276489257812e-05
delete time:3.7670135498046875e-05
delete time:3.719329833984375e-05
delete time:3.9577484130859375e-05
delete time:3.314018249511719e-05
delete time:3.075599670410156e-05
delete time:3.528594970703125e-05
delete time:3.409385681152344e-05
delete time:3.170967102050781e-05
delete time:2.47955322265625e-05
delete time:2.7179718017578125e-05
delete time:3.719329833984375e-05
delete time:2.47955322265625e-05
delete time:3.361701965332031e-05
delete time:2.956390380859375e-05
delete time:2.5987625122070312e-05
delete time:2.86102294921875e-05
delete time:2.6941299438476562e-05
delete time:3.719329833984375e-05
delete time:4.38690185546875e-05
delete time:3.743171691894531e-05
delete time:3.457069396972656e-05
delete time:3.719329833984375e-05
delete time:2.47955322265625e-05
delete time:3.4332275390625e-05
delete time:2.6464462280273438e-05
delete time:3.218650817871094e-05
delete time:4.38690185546875e-05
delete time:2.1696090698242188e-05
delete time:2.9325485229492188e-05
delete time:3.4332275390625e-05
delete time:3.552436828613281e-05
delete time:2.6464462280273438e-05
delete time:3.504753112792969e-05
delete time:2.9087066650390625e-05
delete time:3.8623809814453125e-05
delete time:3.457069396972656e-05
delete time:4.267692565917969e-05
delete time:2.8133392333984375e-05
delete time:3.814697265625e-05
delete time:3.528594970703125e-05
delete time:2.9325485229492188e-05
delete time:3.0040740966796875e-05
delete time:3.457069396972656e-05
delete time:3.8623809814453125e-05
delete time:2.5272369384765625e-05
delete time:3.457069396972656e-05
delete time:2.9087066650390625e-05
delete time:2.8371810913085938e-05
delete time:3.075599670410156e-05
delete time:2.8133392333984375e-05
delete time:3.147125244140625e-05
delete time:2.9802322387695312e-05
delete time:2.6226043701171875e-05
delete time:3.0279159545898438e-05
delete time:3.600120544433594e-05
delete time:3.0994415283203125e-05
delete time:2.4318695068359375e-05
delete time:2.47955322265625e-05
delete time:3.4332275390625e-05
delete time:3.2901763916015625e-05
delete time:3.1948089599609375e-05
delete time:2.4080276489257812e-05
delete time:3.62396240234375e-05
delete time:3.147125244140625e-05
delete time:2.7894973754882812e-05
delete time:2.7894973754882812e-05
delete time:2.6702880859375e-05
delete time:4.1961669921875e-05
delete time:2.956390380859375e-05
delete time:3.743171691894531e-05
delete time:3.266334533691406e-05
delete time:3.9577484130859375e-05
delete time:3.814697265625e-05
delete time:3.457069396972656e-05
delete time:2.86102294921875e-05
delete time:3.2901763916015625e-05
delete time:3.457069396972656e-05
delete time:3.6716461181640625e-05
delete time:3.075599670410156e-05
delete time:3.123283386230469e-05
delete time:3.361701965332031e-05
delete time:2.09808349609375e-05
delete time:3.886222839355469e-05
delete time:3.695487976074219e-05
delete time:2.6941299438476562e-05
delete time:3.933906555175781e-05
delete time:3.504753112792969e-05
delete time:2.9802322387695312e-05
delete time:3.910064697265625e-05
delete time:3.0517578125e-05
delete time:2.288818359375e-05
delete time:3.886222839355469e-05
delete time:3.266334533691406e-05
delete time:2.3126602172851562e-05
delete time:3.0279159545898438e-05
delete time:2.9325485229492188e-05
delete time:3.1948089599609375e-05
delete time:3.0279159545898438e-05
delete time:3.504753112792969e-05
delete time:3.147125244140625e-05
delete time:3.7670135498046875e-05
delete time:2.8133392333984375e-05
delete time:3.266334533691406e-05
delete time:3.0279159545898438e-05
delete time:2.765655517578125e-05
delete time:3.4332275390625e-05
delete time:2.6941299438476562e-05
delete time:3.600120544433594e-05
delete time:3.600120544433594e-05
delete time:2.8133392333984375e-05
delete time:2.7179718017578125e-05
delete time:3.0040740966796875e-05
delete time:2.9087066650390625e-05
delete time:2.4080276489257812e-05
delete time:2.6464462280273438e-05
delete time:3.0517578125e-05
delete time:3.218650817871094e-05
delete time:3.0279159545898438e-05
delete time:2.6702880859375e-05
delete time:3.170967102050781e-05
delete time:3.504753112792969e-05
delete time:2.8371810913085938e-05
delete time:3.7670135498046875e-05
delete time:3.24249267578125e-05
delete time:2.86102294921875e-05
delete time:3.7670135498046875e-05
delete time:4.00543212890625e-05
delete time:2.574920654296875e-05
delete time:3.075599670410156e-05
delete time:2.765655517578125e-05
delete time:2.8371810913085938e-05
delete time:2.5510787963867188e-05
delete time:3.0040740966796875e-05
delete time:3.266334533691406e-05
delete time:4.0531158447265625e-05
delete time:2.3365020751953125e-05
delete time:3.2901763916015625e-05
delete time:2.956390380859375e-05
delete time:3.0994415283203125e-05
delete time:4.1484832763671875e-05
delete time:3.600120544433594e-05
delete time:4.124641418457031e-05
delete time:2.9325485229492188e-05
delete time:2.9325485229492188e-05
delete time:3.266334533691406e-05
delete time:3.552436828613281e-05
delete time:3.981590270996094e-05
delete time:3.170967102050781e-05
delete time:3.2901763916015625e-05
delete time:2.4080276489257812e-05
delete time:2.5510787963867188e-05
delete time:3.266334533691406e-05
delete time:3.218650817871094e-05
delete time:3.7670135498046875e-05
delete time:3.170967102050781e-05
delete time:2.4318695068359375e-05
delete time:2.86102294921875e-05
delete time:4.2438507080078125e-05
delete time:2.9325485229492188e-05
delete time:3.62396240234375e-05
delete time:3.7670135498046875e-05
delete time:2.6464462280273438e-05
delete time:3.7670135498046875e-05
delete time:3.647804260253906e-05
delete time:3.814697265625e-05
delete time:2.7418136596679688e-05
delete time:3.0040740966796875e-05
delete time:4.100799560546875e-05
delete time:4.935264587402344e-05
delete time:5.125999450683594e-05
delete time:3.24249267578125e-05
delete time:3.4809112548828125e-05
delete time:2.7179718017578125e-05
delete time:3.5762786865234375e-05
delete time:4.220008850097656e-05
delete time:3.0994415283203125e-05
delete time:3.361701965332031e-05
delete time:3.600120544433594e-05
delete time:2.6702880859375e-05
delete time:2.8371810913085938e-05
delete time:3.0279159545898438e-05
delete time:3.5762786865234375e-05
delete time:2.5987625122070312e-05
delete time:2.3603439331054688e-05
delete time:3.1948089599609375e-05
delete time:3.719329833984375e-05
delete time:3.218650817871094e-05
delete time:2.9087066650390625e-05
delete time:3.24249267578125e-05
delete time:2.7894973754882812e-05
delete time:3.838539123535156e-05
delete time:2.384185791015625e-05
delete time:3.838539123535156e-05
delete time:3.0994415283203125e-05
delete time:3.075599670410156e-05
delete time:2.765655517578125e-05
delete time:3.266334533691406e-05
delete time:3.647804260253906e-05
delete time:3.528594970703125e-05
delete time:2.765655517578125e-05
delete time:2.8848648071289062e-05
delete time:3.719329833984375e-05
delete time:2.9087066650390625e-05
delete time:2.9802322387695312e-05
delete time:3.147125244140625e-05
delete time:3.266334533691406e-05
delete time:2.956390380859375e-05
delete time:3.838539123535156e-05
delete time:3.075599670410156e-05
delete time:2.956390380859375e-05
delete time:3.0517578125e-05
delete time:2.8133392333984375e-05
delete time:4.315376281738281e-05
delete time:3.24249267578125e-05
delete time:3.3855438232421875e-05
delete time:3.0517578125e-05
delete time:2.7179718017578125e-05
delete time:3.838539123535156e-05
delete time:2.6702880859375e-05
delete time:3.981590270996094e-05
delete time:3.790855407714844e-05
delete time:3.0040740966796875e-05
delete time:2.6702880859375e-05
delete time:3.0994415283203125e-05
delete time:4.291534423828125e-05
delete time:2.6941299438476562e-05
delete time:2.5987625122070312e-05
delete time:2.8848648071289062e-05
delete time:3.3855438232421875e-05
delete time:2.4318695068359375e-05
delete time:3.62396240234375e-05
delete time:2.8848648071289062e-05
delete time:2.5987625122070312e-05
delete time:3.075599670410156e-05
delete time:3.457069396972656e-05
delete time:3.4809112548828125e-05
delete time:2.1457672119140625e-05
delete time:3.170967102050781e-05
delete time:2.86102294921875e-05
delete time:2.0742416381835938e-05
delete time:2.6941299438476562e-05
delete time:3.0517578125e-05
delete time:2.5510787963867188e-05
delete time:3.4809112548828125e-05
delete time:3.910064697265625e-05
delete time:3.147125244140625e-05
delete time:3.4809112548828125e-05
delete time:1.9788742065429688e-05
delete time:2.6226043701171875e-05
delete time:2.3126602172851562e-05
delete time:2.9802322387695312e-05
delete time:3.075599670410156e-05
delete time:3.457069396972656e-05
delete time:3.0994415283203125e-05
delete time:3.0994415283203125e-05
delete time:3.62396240234375e-05
delete time:2.574920654296875e-05
delete time:4.029273986816406e-05
delete time:3.695487976074219e-05
delete time:3.3855438232421875e-05
delete time:2.956390380859375e-05
delete time:3.7670135498046875e-05
delete time:2.5987625122070312e-05
delete time:2.7894973754882812e-05
delete time:3.409385681152344e-05
delete time:3.123283386230469e-05
delete time:2.9087066650390625e-05
delete time:2.7894973754882812e-05
delete time:3.7670135498046875e-05
delete time:3.647804260253906e-05
delete time:2.9087066650390625e-05
delete time:2.5987625122070312e-05
delete time:3.123283386230469e-05
delete time:2.7179718017578125e-05
delete time:3.4332275390625e-05
delete time:3.1948089599609375e-05
delete time:3.266334533691406e-05
delete time:3.2901763916015625e-05
delete time:3.2901763916015625e-05
delete time:2.5510787963867188e-05
delete time:3.0279159545898438e-05
delete time:2.9087066650390625e-05
delete time:2.765655517578125e-05
delete time:3.147125244140625e-05
delete time:3.790855407714844e-05
delete time:3.5762786865234375e-05
delete time:3.075599670410156e-05
delete time:3.790855407714844e-05
delete time:4.291534423828125e-05
delete time:3.981590270996094e-05
delete time:2.9087066650390625e-05
delete time:3.647804260253906e-05
delete time:2.7894973754882812e-05
delete time:3.361701965332031e-05
delete time:2.3126602172851562e-05
delete time:2.5033950805664062e-05
delete time:2.7418136596679688e-05
delete time:2.2172927856445312e-05
delete time:2.765655517578125e-05
delete time:2.5272369384765625e-05
delete time:3.075599670410156e-05
delete time:3.695487976074219e-05
delete time:3.1948089599609375e-05
delete time:2.8848648071289062e-05
delete time:2.5033950805664062e-05
delete time:3.4332275390625e-05
delete time:2.956390380859375e-05
delete time:3.170967102050781e-05
delete time:2.9087066650390625e-05
delete time:2.7894973754882812e-05
delete time:3.314018249511719e-05
delete time:3.600120544433594e-05
delete time:3.218650817871094e-05
delete time:3.457069396972656e-05
delete time:2.3603439331054688e-05
delete time:3.337860107421875e-05
delete time:2.6226043701171875e-05
delete time:3.409385681152344e-05
delete time:2.9087066650390625e-05
delete time:3.457069396972656e-05
delete time:3.361701965332031e-05
delete time:5.030632019042969e-05
delete time:2.9087066650390625e-05
delete time:3.504753112792969e-05
delete time:2.765655517578125e-05
delete time:3.790855407714844e-05
delete time:3.123283386230469e-05
delete time:3.409385681152344e-05
delete time:3.1948089599609375e-05
delete time:2.8371810913085938e-05
delete time:2.6941299438476562e-05
delete time:3.147125244140625e-05
delete time:3.1948089599609375e-05
delete time:3.314018249511719e-05
delete time:2.8133392333984375e-05
delete time:3.504753112792969e-05
delete time:3.4332275390625e-05
delete time:2.9802322387695312e-05
delete time:2.574920654296875e-05
delete time:3.790855407714844e-05
delete time:3.1948089599609375e-05
delete time:2.8133392333984375e-05
delete time:3.933906555175781e-05
delete time:2.5033950805664062e-05
delete time:2.2649765014648438e-05
delete time:3.4809112548828125e-05
delete time:3.218650817871094e-05
delete time:3.314018249511719e-05
delete time:2.4557113647460938e-05
delete time:3.528594970703125e-05
delete time:3.5762786865234375e-05
delete time:2.8848648071289062e-05
delete time:4.649162292480469e-05
delete time:2.6941299438476562e-05
delete time:2.4080276489257812e-05
delete time:3.552436828613281e-05
delete time:3.2901763916015625e-05
delete time:2.5033950805664062e-05
delete time:3.4332275390625e-05
delete time:2.6941299438476562e-05
delete time:3.5762786865234375e-05
delete time:3.4809112548828125e-05
delete time:2.4557113647460938e-05
delete time:2.8848648071289062e-05
delete time:3.4809112548828125e-05
delete time:2.6702880859375e-05
delete time:2.5033950805664062e-05
delete time:2.9802322387695312e-05
delete time:2.2411346435546875e-05
delete time:3.8623809814453125e-05
delete time:2.86102294921875e-05
delete time:2.9087066650390625e-05
delete time:3.147125244140625e-05
delete time:3.24249267578125e-05
delete time:3.552436828613281e-05
delete time:3.314018249511719e-05
delete time:2.7179718017578125e-05
delete time:3.0994415283203125e-05
delete time:4.076957702636719e-05
delete time:3.337860107421875e-05
delete time:2.7894973754882812e-05
delete time:4.4345855712890625e-05
delete time:2.4318695068359375e-05
delete time:3.409385681152344e-05
delete time:2.6464462280273438e-05
delete time:2.8848648071289062e-05
delete time:3.075599670410156e-05
delete time:3.075599670410156e-05
delete time:3.814697265625e-05
delete time:3.9577484130859375e-05
delete time:3.552436828613281e-05
delete time:3.2901763916015625e-05
delete time:2.86102294921875e-05
delete time:2.9087066650390625e-05
delete time:3.3855438232421875e-05
delete time:3.170967102050781e-05
delete time:2.2649765014648438e-05
delete time:3.123283386230469e-05
delete time:2.5987625122070312e-05
delete time:4.267692565917969e-05
delete time:2.6226043701171875e-05
delete time:3.1948089599609375e-05
delete time:3.314018249511719e-05
delete time:2.8371810913085938e-05
delete time:2.7894973754882812e-05
delete time:3.24249267578125e-05
delete time:3.457069396972656e-05
delete time:3.528594970703125e-05
delete time:2.956390380859375e-05
delete time:2.6941299438476562e-05
delete time:2.5272369384765625e-05
delete time:3.0994415283203125e-05
delete time:2.5272369384765625e-05
delete time:4.0531158447265625e-05
delete time:3.2901763916015625e-05
delete time:3.0517578125e-05
delete time:3.147125244140625e-05
delete time:2.3365020751953125e-05
delete time:2.765655517578125e-05
delete time:2.0742416381835938e-05
delete time:3.886222839355469e-05
delete time:3.123283386230469e-05
delete time:3.790855407714844e-05
delete time:2.5510787963867188e-05
delete time:2.4080276489257812e-05
delete time:3.170967102050781e-05
delete time:3.838539123535156e-05
delete time:2.7894973754882812e-05
delete time:2.956390380859375e-05
delete time:3.62396240234375e-05
delete time:3.409385681152344e-05
delete time:1.9788742065429688e-05
delete time:2.7894973754882812e-05
delete time:3.314018249511719e-05
delete time:2.8133392333984375e-05
delete time:2.765655517578125e-05
delete time:3.719329833984375e-05
delete time:2.7418136596679688e-05
delete time:3.266334533691406e-05
delete time:2.86102294921875e-05
delete time:3.528594970703125e-05
delete time:4.696846008300781e-05
delete time:2.5987625122070312e-05
delete time:2.7418136596679688e-05
delete time:3.0279159545898438e-05
delete time:3.170967102050781e-05
delete time:2.6941299438476562e-05
delete time:3.218650817871094e-05
delete time:3.3855438232421875e-05
delete time:3.147125244140625e-05
delete time:3.457069396972656e-05
delete time:3.6716461181640625e-05
delete time:2.7179718017578125e-05
delete time:2.8848648071289062e-05
delete time:2.7179718017578125e-05
delete time:2.765655517578125e-05
delete time:3.504753112792969e-05
delete time:3.743171691894531e-05
delete time:3.1948089599609375e-05
delete time:2.384185791015625e-05
delete time:4.029273986816406e-05
delete time:2.09808349609375e-05
delete time:3.170967102050781e-05
delete time:4.0531158447265625e-05
delete time:2.9802322387695312e-05
delete time:3.457069396972656e-05
delete time:4.029273986816406e-05
delete time:2.5987625122070312e-05
delete time:2.9325485229492188e-05
delete time:2.47955322265625e-05
delete time:2.6941299438476562e-05
delete time:2.956390380859375e-05
delete time:3.814697265625e-05
delete time:2.956390380859375e-05
delete time:3.0517578125e-05
delete time:2.765655517578125e-05
delete time:2.1696090698242188e-05
delete time:3.5762786865234375e-05
delete time:3.790855407714844e-05
delete time:2.8371810913085938e-05
delete time:3.7670135498046875e-05
delete time:3.266334533691406e-05
delete time:2.9325485229492188e-05
delete time:3.6716461181640625e-05
delete time:3.910064697265625e-05
delete time:3.218650817871094e-05
delete time:3.24249267578125e-05
delete time:3.62396240234375e-05
delete time:3.790855407714844e-05
delete time:2.9325485229492188e-05
delete time:2.9325485229492188e-05
delete time:2.5987625122070312e-05
delete time:2.5987625122070312e-05
delete time:3.4809112548828125e-05
delete time:3.218650817871094e-05
delete time:3.457069396972656e-05
delete time:3.075599670410156e-05
delete time:2.574920654296875e-05
delete time:2.288818359375e-05
delete time:3.24249267578125e-05
delete time:3.0279159545898438e-05
delete time:3.361701965332031e-05
delete time:2.2649765014648438e-05
delete time:2.288818359375e-05
delete time:3.933906555175781e-05
delete time:2.5033950805664062e-05
delete time:3.24249267578125e-05
delete time:3.266334533691406e-05
delete time:3.6716461181640625e-05
delete time:2.0503997802734375e-05
delete time:3.0994415283203125e-05
delete time:3.504753112792969e-05
delete time:3.4809112548828125e-05
delete time:3.0040740966796875e-05
delete time:3.695487976074219e-05
delete time:3.123283386230469e-05
delete time:2.765655517578125e-05
delete time:2.6464462280273438e-05
delete time:2.6464462280273438e-05
delete time:3.838539123535156e-05
delete time:2.5033950805664062e-05
delete time:2.5272369384765625e-05
delete time:3.314018249511719e-05
delete time:2.3603439331054688e-05
delete time:3.457069396972656e-05
delete time:2.956390380859375e-05
delete time:3.504753112792969e-05
delete time:2.6941299438476562e-05
delete time:3.695487976074219e-05
delete time:3.910064697265625e-05
delete time:3.075599670410156e-05
delete time:2.6702880859375e-05
delete time:2.8848648071289062e-05
delete time:3.743171691894531e-05
delete time:3.743171691894531e-05
delete time:3.790855407714844e-05
delete time:2.7418136596679688e-05
delete time:2.956390380859375e-05
delete time:4.00543212890625e-05
delete time:4.482269287109375e-05
delete time:3.528594970703125e-05
delete time:3.123283386230469e-05
delete time:3.0040740966796875e-05
delete time:3.695487976074219e-05
delete time:2.2172927856445312e-05
delete time:3.337860107421875e-05
delete time:3.3855438232421875e-05
delete time:3.075599670410156e-05
delete time:3.123283386230469e-05
delete time:3.24249267578125e-05
delete time:2.7894973754882812e-05
delete time:3.0279159545898438e-05
delete time:2.7894973754882812e-05
delete time:4.100799560546875e-05
delete time:3.600120544433594e-05
delete time:2.9802322387695312e-05
delete time:3.123283386230469e-05
delete time:3.075599670410156e-05
delete time:3.0040740966796875e-05
delete time:3.123283386230469e-05
delete time:2.9802322387695312e-05
delete time:2.86102294921875e-05
delete time:3.7670135498046875e-05
delete time:3.24249267578125e-05
delete time:2.0742416381835938e-05
delete time:3.123283386230469e-05
delete time:3.361701965332031e-05
delete time:2.8371810913085938e-05
delete time:3.314018249511719e-05
delete time:2.6702880859375e-05
delete time:3.1948089599609375e-05
delete time:2.4080276489257812e-05
delete time:2.574920654296875e-05
delete time:2.7179718017578125e-05
delete time:2.8133392333984375e-05
delete time:3.647804260253906e-05
delete time:3.314018249511719e-05
delete time:3.910064697265625e-05
delete time:4.410743713378906e-05
delete time:2.7418136596679688e-05
delete time:3.0279159545898438e-05
delete time:2.5033950805664062e-05
delete time:3.0994415283203125e-05
delete time:3.337860107421875e-05
delete time:2.288818359375e-05
delete time:3.218650817871094e-05
delete time:2.7179718017578125e-05
delete time:3.361701965332031e-05
delete time:4.2438507080078125e-05
delete time:3.933906555175781e-05
delete time:3.6716461181640625e-05
delete time:2.4557113647460938e-05
delete time:3.457069396972656e-05
delete time:3.552436828613281e-05
delete time:2.5272369384765625e-05
delete time:2.8371810913085938e-05
delete time:3.0279159545898438e-05
delete time:2.6464462280273438e-05
delete time:3.409385681152344e-05
delete time:3.3855438232421875e-05
delete time:2.193450927734375e-05
delete time:3.0994415283203125e-05
delete time:2.2411346435546875e-05
delete time:4.172325134277344e-05
delete time:3.314018249511719e-05
delete time:2.4557113647460938e-05
delete time:3.552436828613281e-05
delete time:3.2901763916015625e-05
delete time:3.2901763916015625e-05
delete time:3.5762786865234375e-05
delete time:2.8133392333984375e-05
delete time:3.600120544433594e-05
delete time:3.337860107421875e-05
delete time:3.0994415283203125e-05
delete time:4.076957702636719e-05
delete time:3.5762786865234375e-05
delete time:2.6464462280273438e-05
delete time:3.4809112548828125e-05
delete time:3.170967102050781e-05
delete time:2.8371810913085938e-05
delete time:2.9325485229492188e-05
delete time:3.170967102050781e-05
delete time:2.765655517578125e-05
delete time:3.814697265625e-05
delete time:3.337860107421875e-05
delete time:3.457069396972656e-05
delete time:2.8848648071289062e-05
delete time:2.5510787963867188e-05
delete time:3.0994415283203125e-05
delete time:3.0517578125e-05
delete time:2.574920654296875e-05
delete time:2.86102294921875e-05
delete time:2.5510787963867188e-05
delete time:3.4332275390625e-05
delete time:3.0517578125e-05
delete time:3.7670135498046875e-05
delete time:3.24249267578125e-05
delete time:3.5762786865234375e-05
delete time:3.814697265625e-05
delete time:2.47955322265625e-05
delete time:3.170967102050781e-05
delete time:2.7179718017578125e-05
delete time:4.291534423828125e-05
delete time:2.6941299438476562e-05
delete time:2.9802322387695312e-05
delete time:3.4332275390625e-05
delete time:2.6464462280273438e-05
delete time:4.887580871582031e-05
delete time:3.361701965332031e-05
delete time:3.552436828613281e-05
delete time:3.123283386230469e-05
delete time:3.790855407714844e-05
delete time:3.24249267578125e-05
delete time:2.7179718017578125e-05
delete time:2.7894973754882812e-05
delete time:3.24249267578125e-05
delete time:2.7894973754882812e-05
delete time:3.1948089599609375e-05
delete time:2.6941299438476562e-05
delete time:2.6226043701171875e-05
delete time:3.0517578125e-05
delete time:2.3365020751953125e-05
delete time:3.314018249511719e-05
delete time:2.8371810913085938e-05
delete time:3.147125244140625e-05
delete time:2.9802322387695312e-05
delete time:2.6702880859375e-05
delete time:3.24249267578125e-05
delete time:3.528594970703125e-05
delete time:3.7670135498046875e-05
delete time:2.7418136596679688e-05
delete time:2.6226043701171875e-05
delete time:3.552436828613281e-05
delete time:2.5510787963867188e-05
delete time:1.9073486328125e-05
delete time:3.719329833984375e-05
delete time:4.0531158447265625e-05
delete time:2.6702880859375e-05
delete time:2.0503997802734375e-05
delete time:3.1948089599609375e-05
delete time:3.0040740966796875e-05
delete time:1.9550323486328125e-05
delete time:3.743171691894531e-05
delete time:2.765655517578125e-05
delete time:2.9325485229492188e-05
delete time:3.123283386230469e-05
delete time:3.3855438232421875e-05
delete time:3.5762786865234375e-05
delete time:3.0040740966796875e-05
delete time:2.8133392333984375e-05
delete time:3.218650817871094e-05
delete time:2.574920654296875e-05
delete time:2.193450927734375e-05
delete time:2.5033950805664062e-05
delete time:2.193450927734375e-05
delete time:3.361701965332031e-05
delete time:2.2172927856445312e-05
delete time:3.337860107421875e-05
delete time:4.0531158447265625e-05
delete time:3.266334533691406e-05
delete time:2.6226043701171875e-05
delete time:2.956390380859375e-05
delete time:2.3365020751953125e-05
delete time:4.029273986816406e-05
delete time:4.100799560546875e-05
delete time:3.337860107421875e-05
delete time:3.743171691894531e-05
delete time:2.6941299438476562e-05
delete time:3.123283386230469e-05
delete time:3.0517578125e-05
delete time:2.2172927856445312e-05
delete time:2.288818359375e-05
delete time:2.86102294921875e-05
delete time:2.2649765014648438e-05
delete time:2.7418136596679688e-05
delete time:3.0994415283203125e-05
delete time:2.574920654296875e-05
delete time:3.409385681152344e-05
delete time:2.9802322387695312e-05
delete time:2.7418136596679688e-05
delete time:2.5033950805664062e-05
delete time:3.0517578125e-05
delete time:3.2901763916015625e-05
delete time:2.6941299438476562e-05
delete time:3.790855407714844e-05
delete time:3.075599670410156e-05
delete time:3.314018249511719e-05
delete time:5.5789947509765625e-05
delete time:2.5272369384765625e-05
delete time:3.266334533691406e-05
delete time:2.6941299438476562e-05
delete time:2.4080276489257812e-05
delete time:2.0265579223632812e-05
delete time:3.0279159545898438e-05
delete time:2.7894973754882812e-05
delete time:2.9325485229492188e-05
delete time:3.123283386230469e-05
delete time:1.5497207641601562e-05
delete time:3.0517578125e-05
delete time:3.337860107421875e-05
delete time:3.3855438232421875e-05
delete time:3.933906555175781e-05
delete time:3.5762786865234375e-05
delete time:3.719329833984375e-05
delete time:3.0279159545898438e-05
delete time:3.0040740966796875e-05
delete time:3.218650817871094e-05
delete time:2.6702880859375e-05
delete time:3.0994415283203125e-05
delete time:2.0742416381835938e-05
delete time:3.647804260253906e-05
delete time:3.4332275390625e-05
delete time:4.0531158447265625e-05
delete time:2.86102294921875e-05
delete time:2.9802322387695312e-05
delete time:1.9311904907226562e-05
delete time:2.2649765014648438e-05
delete time:2.3603439331054688e-05
delete time:2.6941299438476562e-05
delete time:2.8848648071289062e-05
delete time:3.0040740966796875e-05
delete time:3.0040740966796875e-05
delete time:2.288818359375e-05
delete time:3.337860107421875e-05
delete time:3.5762786865234375e-05
delete time:2.8371810913085938e-05
delete time:2.8371810913085938e-05
delete time:3.719329833984375e-05
delete time:3.409385681152344e-05
delete time:4.0531158447265625e-05
delete time:3.457069396972656e-05
delete time:3.218650817871094e-05
delete time:3.4809112548828125e-05
delete time:3.695487976074219e-05
delete time:2.86102294921875e-05
delete time:3.0517578125e-05
delete time:3.838539123535156e-05
delete time:3.790855407714844e-05
delete time:3.123283386230469e-05
delete time:3.123283386230469e-05
delete time:2.4318695068359375e-05
delete time:2.47955322265625e-05
delete time:2.5033950805664062e-05
delete time:3.1948089599609375e-05
delete time:2.5272369384765625e-05
delete time:2.956390380859375e-05
delete time:3.147125244140625e-05
delete time:2.765655517578125e-05
delete time:3.528594970703125e-05
delete time:2.9325485229492188e-05
delete time:3.147125244140625e-05
delete time:2.5033950805664062e-05
delete time:2.6702880859375e-05
delete time:3.170967102050781e-05
delete time:2.5510787963867188e-05
delete time:2.8848648071289062e-05
delete time:2.765655517578125e-05
delete time:2.6941299438476562e-05
delete time:3.24249267578125e-05
delete time:2.9087066650390625e-05
delete time:1.9073486328125e-05
delete time:3.0040740966796875e-05
delete time:2.8371810913085938e-05
delete time:1.7404556274414062e-05
delete time:3.170967102050781e-05
delete time:2.7894973754882812e-05
delete time:2.4557113647460938e-05
delete time:3.123283386230469e-05
delete time:4.696846008300781e-05
delete time:2.4557113647460938e-05
delete time:3.409385681152344e-05
delete time:2.9087066650390625e-05
delete time:2.765655517578125e-05
delete time:2.384185791015625e-05
delete time:3.695487976074219e-05
delete time:2.8371810913085938e-05
delete time:2.7894973754882812e-05
delete time:3.075599670410156e-05
delete time:2.4080276489257812e-05
delete time:2.7894973754882812e-05
delete time:3.814697265625e-05
delete time:2.8371810913085938e-05
delete time:2.6702880859375e-05
delete time:3.5762786865234375e-05
delete time:2.5987625122070312e-05
delete time:3.4332275390625e-05
delete time:3.4332275390625e-05
delete time:2.6226043701171875e-05
delete time:3.6716461181640625e-05
delete time:3.528594970703125e-05
delete time:2.4557113647460938e-05
delete time:3.5762786865234375e-05
delete time:2.9325485229492188e-05
delete time:3.695487976074219e-05
delete time:3.1948089599609375e-05
delete time:3.2901763916015625e-05
delete time:2.765655517578125e-05
delete time:2.4318695068359375e-05
delete time:1.7881393432617188e-05
delete time:3.0994415283203125e-05
delete time:3.910064697265625e-05
delete time:4.315376281738281e-05
delete time:2.9325485229492188e-05
delete time:2.9087066650390625e-05
delete time:3.0517578125e-05
delete time:3.361701965332031e-05
delete time:3.361701965332031e-05
delete time:4.1961669921875e-05
delete time:3.24249267578125e-05
delete time:3.170967102050781e-05
delete time:2.6464462280273438e-05
delete time:3.814697265625e-05
delete time:2.8848648071289062e-05
delete time:3.552436828613281e-05
delete time:2.9802322387695312e-05
delete time:3.0994415283203125e-05
delete time:3.266334533691406e-05
delete time:3.0517578125e-05
delete time:2.3126602172851562e-05
delete time:3.814697265625e-05
delete time:2.4557113647460938e-05
delete time:2.9802322387695312e-05
delete time:2.0742416381835938e-05
delete time:3.0279159545898438e-05
delete time:3.075599670410156e-05
delete time:2.5033950805664062e-05
delete time:3.337860107421875e-05
delete time:2.002716064453125e-05
delete time:3.552436828613281e-05
delete time:3.4332275390625e-05
delete time:2.47955322265625e-05
delete time:2.7179718017578125e-05
delete time:2.7179718017578125e-05
delete time:1.621246337890625e-05
delete time:2.5272369384765625e-05
delete time:3.0040740966796875e-05
delete time:2.3603439331054688e-05
delete time:2.5272369384765625e-05
delete time:3.886222839355469e-05
delete time:3.3855438232421875e-05
delete time:2.765655517578125e-05
delete time:3.600120544433594e-05
delete time:3.409385681152344e-05
delete time:3.7670135498046875e-05
delete time:2.2649765014648438e-05
delete time:4.291534423828125e-05
delete time:2.6702880859375e-05
delete time:2.3365020751953125e-05
delete time:3.814697265625e-05
delete time:2.09808349609375e-05
delete time:3.647804260253906e-05
delete time:2.86102294921875e-05
delete time:2.956390380859375e-05
delete time:2.574920654296875e-05
delete time:2.384185791015625e-05
delete time:3.504753112792969e-05
delete time:2.9087066650390625e-05
delete time:2.9802322387695312e-05
delete time:2.4318695068359375e-05
delete time:3.814697265625e-05
delete time:3.743171691894531e-05
delete time:2.7418136596679688e-05
delete time:3.147125244140625e-05
delete time:3.4332275390625e-05
delete time:3.075599670410156e-05
delete time:2.0503997802734375e-05
delete time:2.6941299438476562e-05
delete time:2.4080276489257812e-05
delete time:3.337860107421875e-05
delete time:2.1696090698242188e-05
delete time:1.6450881958007812e-05
delete time:3.361701965332031e-05
delete time:2.6941299438476562e-05
delete time:3.075599670410156e-05
delete time:3.4332275390625e-05
delete time:2.5272369384765625e-05
delete time:3.409385681152344e-05
delete time:3.1948089599609375e-05
delete time:2.8848648071289062e-05
delete time:3.5762786865234375e-05
delete time:2.765655517578125e-05
delete time:3.266334533691406e-05
delete time:3.504753112792969e-05
delete time:3.552436828613281e-05
delete time:3.3855438232421875e-05
delete time:4.839897155761719e-05
delete time:3.1948089599609375e-05
delete time:3.838539123535156e-05
delete time:3.4809112548828125e-05
delete time:2.47955322265625e-05
delete time:3.814697265625e-05
delete time:2.4080276489257812e-05
delete time:3.075599670410156e-05
delete time:3.24249267578125e-05
delete time:2.5033950805664062e-05
delete time:3.2901763916015625e-05
delete time:3.647804260253906e-05
delete time:4.124641418457031e-05
delete time:3.123283386230469e-05
delete time:3.314018249511719e-05
delete time:2.4557113647460938e-05
delete time:2.9325485229492188e-05
delete time:3.361701965332031e-05
delete time:3.075599670410156e-05
delete time:3.0279159545898438e-05
delete time:2.765655517578125e-05
delete time:2.5987625122070312e-05
delete time:2.6702880859375e-05
delete time:3.123283386230469e-05
delete time:5.245208740234375e-05
delete time:1.5974044799804688e-05
delete time:3.3855438232421875e-05
delete time:3.409385681152344e-05
delete time:3.24249267578125e-05
delete time:3.147125244140625e-05
delete time:2.8848648071289062e-05
delete time:1.4781951904296875e-05
delete time:3.075599670410156e-05
delete time:2.6226043701171875e-05
delete time:2.9087066650390625e-05
delete time:1.6927719116210938e-05
delete time:2.2649765014648438e-05
delete time:2.6702880859375e-05
delete time:2.1696090698242188e-05
delete time:2.4557113647460938e-05
delete time:3.3855438232421875e-05
delete time:5.602836608886719e-05
delete time:4.887580871582031e-05
delete time:2.4318695068359375e-05
delete time:3.695487976074219e-05
delete time:2.8371810913085938e-05
delete time:2.9325485229492188e-05
delete time:3.337860107421875e-05
delete time:3.600120544433594e-05
delete time:2.956390380859375e-05
delete time:2.5272369384765625e-05
delete time:3.2901763916015625e-05
delete time:2.3365020751953125e-05
delete time:2.3126602172851562e-05
delete time:2.3603439331054688e-05
delete time:3.266334533691406e-05
delete time:3.457069396972656e-05
delete time:2.9802322387695312e-05
delete time:2.6702880859375e-05
delete time:4.57763671875e-05
delete time:2.2649765014648438e-05
delete time:4.220008850097656e-05
delete time:3.337860107421875e-05
delete time:2.956390380859375e-05
delete time:2.9325485229492188e-05
delete time:3.457069396972656e-05
delete time:3.0279159545898438e-05
delete time:4.076957702636719e-05
delete time:3.266334533691406e-05
delete time:2.2649765014648438e-05
delete time:2.193450927734375e-05
delete time:2.956390380859375e-05
delete time:3.910064697265625e-05
delete time:3.314018249511719e-05
delete time:2.8371810913085938e-05
delete time:3.0517578125e-05
delete time:2.7894973754882812e-05
delete time:3.361701965332031e-05
delete time:3.337860107421875e-05
delete time:2.2411346435546875e-05
delete time:3.457069396972656e-05
delete time:3.0994415283203125e-05
delete time:2.6226043701171875e-05
delete time:3.170967102050781e-05
delete time:3.170967102050781e-05
delete time:3.2901763916015625e-05
delete time:1.9073486328125e-05
delete time:2.7894973754882812e-05
delete time:3.170967102050781e-05
delete time:2.3126602172851562e-05
delete time:3.0994415283203125e-05
delete time:3.3855438232421875e-05
delete time:3.0040740966796875e-05
delete time:2.8133392333984375e-05
delete time:3.24249267578125e-05
delete time:2.6941299438476562e-05
delete time:3.600120544433594e-05
delete time:3.2901763916015625e-05
delete time:3.409385681152344e-05
delete time:3.0517578125e-05
delete time:2.1696090698242188e-05
delete time:2.1219253540039062e-05
delete time:2.2172927856445312e-05
delete time:2.5272369384765625e-05
delete time:2.5987625122070312e-05
delete time:2.2172927856445312e-05
delete time:2.7894973754882812e-05
delete time:3.647804260253906e-05
delete time:3.24249267578125e-05
delete time:2.09808349609375e-05
delete time:2.002716064453125e-05
delete time:3.790855407714844e-05
delete time:3.075599670410156e-05
delete time:3.147125244140625e-05
delete time:2.6226043701171875e-05
delete time:2.47955322265625e-05
delete time:2.3126602172851562e-05
delete time:2.765655517578125e-05
delete time:2.8371810913085938e-05
delete time:2.5033950805664062e-05
delete time:2.6941299438476562e-05
delete time:3.910064697265625e-05
delete time:4.00543212890625e-05
delete time:3.075599670410156e-05
delete time:2.6702880859375e-05
delete time:2.1696090698242188e-05
delete time:2.8371810913085938e-05
delete time:3.123283386230469e-05
delete time:2.6941299438476562e-05
delete time:3.790855407714844e-05
delete time:1.71661376953125e-05
delete time:3.504753112792969e-05
delete time:3.8623809814453125e-05
delete time:2.8848648071289062e-05
delete time:2.6702880859375e-05
delete time:2.9802322387695312e-05
delete time:2.2411346435546875e-05
delete time:2.8133392333984375e-05
delete time:2.574920654296875e-05
delete time:2.2172927856445312e-05
delete time:1.71661376953125e-05
delete time:2.002716064453125e-05
delete time:3.2901763916015625e-05
delete time:2.9087066650390625e-05
delete time:3.62396240234375e-05
delete time:3.147125244140625e-05
delete time:2.765655517578125e-05
delete time:2.5033950805664062e-05
delete time:4.6253204345703125e-05
delete time:3.0517578125e-05
delete time:3.24249267578125e-05
delete time:3.0040740966796875e-05
delete time:3.123283386230469e-05
delete time:1.52587890625e-05
delete time:1.9073486328125e-05
delete time:2.4080276489257812e-05
delete time:2.1457672119140625e-05
delete time:3.790855407714844e-05
delete time:3.0994415283203125e-05
delete time:3.314018249511719e-05
delete time:3.838539123535156e-05
delete time:3.0994415283203125e-05
delete time:2.6702880859375e-05
delete time:2.6464462280273438e-05
delete time:2.5510787963867188e-05
delete time:2.4080276489257812e-05
delete time:3.0279159545898438e-05
delete time:3.504753112792969e-05
delete time:1.6450881958007812e-05
delete time:3.0517578125e-05
delete time:3.0040740966796875e-05
delete time:2.8133392333984375e-05
delete time:3.4332275390625e-05
delete time:2.2411346435546875e-05
delete time:2.8133392333984375e-05
delete time:3.075599670410156e-05
delete time:2.5272369384765625e-05
delete time:3.266334533691406e-05
delete time:3.0994415283203125e-05
delete time:2.574920654296875e-05
delete time:2.5987625122070312e-05
delete time:3.0994415283203125e-05
delete time:1.5974044799804688e-05
delete time:2.384185791015625e-05
delete time:3.0040740966796875e-05
delete time:3.743171691894531e-05
delete time:2.6941299438476562e-05
delete time:3.314018249511719e-05
delete time:2.5272369384765625e-05
delete time:3.3855438232421875e-05
delete time:3.695487976074219e-05
delete time:2.8371810913085938e-05
delete time:2.765655517578125e-05
delete time:3.528594970703125e-05
delete time:2.9325485229492188e-05
delete time:3.2901763916015625e-05
delete time:3.361701965332031e-05
delete time:2.9087066650390625e-05
delete time:2.3603439331054688e-05
delete time:1.621246337890625e-05
delete time:1.7881393432617188e-05
delete time:3.528594970703125e-05
delete time:3.0994415283203125e-05
delete time:3.266334533691406e-05
delete time:3.170967102050781e-05
delete time:2.2172927856445312e-05
delete time:2.4557113647460938e-05
delete time:1.7404556274414062e-05
delete time:2.3603439331054688e-05
delete time:2.5510787963867188e-05
delete time:3.62396240234375e-05
delete time:2.6941299438476562e-05
delete time:3.5762786865234375e-05
delete time:2.6941299438476562e-05
delete time:3.8623809814453125e-05
delete time:2.765655517578125e-05
delete time:3.695487976074219e-05
delete time:3.0040740966796875e-05
delete time:2.0265579223632812e-05
delete time:2.2172927856445312e-05
delete time:2.5987625122070312e-05
delete time:2.8848648071289062e-05
delete time:2.4557113647460938e-05
delete time:2.3126602172851562e-05
delete time:2.6941299438476562e-05
delete time:4.4345855712890625e-05
delete time:2.765655517578125e-05
delete time:4.4345855712890625e-05
delete time:2.5272369384765625e-05
delete time:2.765655517578125e-05
delete time:2.3603439331054688e-05
delete time:3.8623809814453125e-05
delete time:2.1696090698242188e-05
delete time:3.075599670410156e-05
delete time:3.8623809814453125e-05
delete time:2.09808349609375e-05
delete time:2.384185791015625e-05
delete time:2.7894973754882812e-05
delete time:2.2649765014648438e-05
delete time:2.574920654296875e-05
delete time:2.9325485229492188e-05
delete time:2.6464462280273438e-05
delete time:2.5987625122070312e-05
delete time:3.695487976074219e-05
delete time:2.8848648071289062e-05
delete time:2.765655517578125e-05
delete time:3.218650817871094e-05
delete time:3.123283386230469e-05
delete time:2.1219253540039062e-05
delete time:2.3365020751953125e-05
delete time:3.62396240234375e-05
delete time:2.2172927856445312e-05
delete time:2.193450927734375e-05
delete time:3.600120544433594e-05
delete time:2.4318695068359375e-05
delete time:3.6716461181640625e-05
delete time:2.7179718017578125e-05
delete time:3.528594970703125e-05
delete time:2.9325485229492188e-05
delete time:3.314018249511719e-05
delete time:2.47955322265625e-05
delete time:2.9802322387695312e-05
delete time:2.8133392333984375e-05
delete time:4.4345855712890625e-05
delete time:3.0994415283203125e-05
delete time:2.5510787963867188e-05
delete time:2.6941299438476562e-05
delete time:2.6464462280273438e-05
delete time:2.9087066650390625e-05
delete time:4.100799560546875e-05
delete time:3.457069396972656e-05
delete time:2.6464462280273438e-05
delete time:3.361701965332031e-05
delete time:3.933906555175781e-05
delete time:2.1219253540039062e-05
delete time:1.4543533325195312e-05
delete time:2.5987625122070312e-05
delete time:2.288818359375e-05
delete time:3.695487976074219e-05
delete time:2.8371810913085938e-05
delete time:2.765655517578125e-05
delete time:2.574920654296875e-05
delete time:3.981590270996094e-05
delete time:2.7418136596679688e-05
delete time:2.6226043701171875e-05
delete time:3.4332275390625e-05
delete time:2.7179718017578125e-05
delete time:2.6941299438476562e-05
delete time:2.002716064453125e-05
delete time:3.0517578125e-05
delete time:1.811981201171875e-05
delete time:3.409385681152344e-05
delete time:3.9577484130859375e-05
delete time:3.337860107421875e-05
delete time:2.86102294921875e-05
delete time:3.600120544433594e-05
delete time:3.504753112792969e-05
delete time:2.09808349609375e-05
delete time:2.5510787963867188e-05
delete time:2.8133392333984375e-05
delete time:2.7894973754882812e-05
delete time:2.86102294921875e-05
delete time:2.956390380859375e-05
delete time:3.0517578125e-05
delete time:3.981590270996094e-05
delete time:3.1948089599609375e-05
delete time:3.0279159545898438e-05
delete time:2.8371810913085938e-05
delete time:2.6941299438476562e-05
delete time:2.6464462280273438e-05
delete time:2.956390380859375e-05
delete time:2.3603439331054688e-05
delete time:3.910064697265625e-05
delete time:2.288818359375e-05
delete time:2.4080276489257812e-05
delete time:2.3365020751953125e-05
delete time:2.4080276489257812e-05
delete time:2.86102294921875e-05
delete time:1.9788742065429688e-05
delete time:2.47955322265625e-05
delete time:3.337860107421875e-05
delete time:3.6716461181640625e-05
delete time:4.6253204345703125e-05
delete time:2.6464462280273438e-05
delete time:2.47955322265625e-05
delete time:3.0279159545898438e-05
delete time:2.5272369384765625e-05
delete time:1.6927719116210938e-05
delete time:1.6927719116210938e-05
delete time:2.574920654296875e-05
delete time:3.147125244140625e-05
delete time:3.147125244140625e-05
delete time:2.6226043701171875e-05
delete time:1.9788742065429688e-05
delete time:2.6226043701171875e-05
delete time:2.8848648071289062e-05
delete time:3.5762786865234375e-05
delete time:2.0742416381835938e-05
delete time:3.24249267578125e-05
delete time:2.9325485229492188e-05
delete time:3.075599670410156e-05
delete time:4.482269287109375e-05
delete time:2.0265579223632812e-05
delete time:1.6689300537109375e-05
delete time:2.7894973754882812e-05
delete time:2.2649765014648438e-05
delete time:2.6702880859375e-05
delete time:2.4557113647460938e-05
delete time:2.7894973754882812e-05
delete time:2.2172927856445312e-05
delete time:1.9311904907226562e-05
delete time:2.6941299438476562e-05
delete time:3.170967102050781e-05
delete time:2.3365020751953125e-05
delete time:3.170967102050781e-05
delete time:1.7881393432617188e-05
delete time:2.6464462280273438e-05
delete time:2.6941299438476562e-05
delete time:5.9604644775390625e-05
delete time:2.7179718017578125e-05
delete time:2.6941299438476562e-05
delete time:4.029273986816406e-05
delete time:3.457069396972656e-05
delete time:2.5510787963867188e-05
delete time:2.5987625122070312e-05
delete time:3.361701965332031e-05
delete time:3.743171691894531e-05
delete time:2.956390380859375e-05
delete time:3.5762786865234375e-05
delete time:2.1696090698242188e-05
delete time:2.7418136596679688e-05
delete time:2.6226043701171875e-05
delete time:2.8848648071289062e-05
delete time:2.7179718017578125e-05
delete time:1.6450881958007812e-05
delete time:2.5510787963867188e-05
delete time:3.6716461181640625e-05
delete time:1.811981201171875e-05
delete time:4.267692565917969e-05
delete time:3.075599670410156e-05
delete time:3.075599670410156e-05
delete time:3.4809112548828125e-05
delete time:3.2901763916015625e-05
delete time:3.1948089599609375e-05
delete time:2.2172927856445312e-05
delete time:2.956390380859375e-05
delete time:1.8596649169921875e-05
delete time:2.2411346435546875e-05
delete time:2.6941299438476562e-05
delete time:2.8371810913085938e-05
delete time:3.24249267578125e-05
delete time:2.2649765014648438e-05
delete time:2.765655517578125e-05
delete time:3.5762786865234375e-05
delete time:2.2172927856445312e-05
delete time:3.409385681152344e-05
delete time:4.744529724121094e-05
delete time:4.220008850097656e-05
delete time:2.9802322387695312e-05
delete time:2.6702880859375e-05
delete time:2.2172927856445312e-05
delete time:1.71661376953125e-05
delete time:2.4557113647460938e-05
delete time:2.86102294921875e-05
delete time:3.457069396972656e-05
delete time:2.6702880859375e-05
delete time:2.3126602172851562e-05
delete time:2.5272369384765625e-05
delete time:2.3365020751953125e-05
delete time:2.9325485229492188e-05
delete time:3.218650817871094e-05
delete time:1.9311904907226562e-05
delete time:2.0742416381835938e-05
delete time:3.123283386230469e-05
delete time:3.695487976074219e-05
delete time:3.62396240234375e-05
delete time:3.075599670410156e-05
delete time:3.314018249511719e-05
delete time:2.5510787963867188e-05
delete time:3.0040740966796875e-05
delete time:2.7894973754882812e-05
delete time:3.075599670410156e-05
delete time:2.2172927856445312e-05
delete time:4.863739013671875e-05
delete time:3.337860107421875e-05
delete time:2.6226043701171875e-05
delete time:2.193450927734375e-05
delete time:2.4318695068359375e-05
delete time:2.765655517578125e-05
delete time:3.552436828613281e-05
delete time:2.002716064453125e-05
delete time:3.147125244140625e-05
delete time:1.8358230590820312e-05
delete time:1.9788742065429688e-05
delete time:2.8133392333984375e-05
delete time:3.600120544433594e-05
delete time:3.147125244140625e-05
delete time:1.9550323486328125e-05
delete time:2.1457672119140625e-05
delete time:3.0994415283203125e-05
delete time:2.9087066650390625e-05
delete time:3.838539123535156e-05
delete time:4.0531158447265625e-05
delete time:2.8371810913085938e-05
delete time:2.7894973754882812e-05
delete time:2.3603439331054688e-05
delete time:2.765655517578125e-05
delete time:2.2411346435546875e-05
delete time:2.5272369384765625e-05
delete time:2.288818359375e-05
delete time:2.3603439331054688e-05
delete time:2.8133392333984375e-05
delete time:2.86102294921875e-05
delete time:3.0040740966796875e-05
delete time:2.9802322387695312e-05
delete time:2.9325485229492188e-05
delete time:3.0517578125e-05
delete time:3.218650817871094e-05
delete time:3.314018249511719e-05
delete time:2.8848648071289062e-05
delete time:2.8848648071289062e-05
delete time:3.123283386230469e-05
delete time:3.337860107421875e-05
delete time:2.0742416381835938e-05
delete time:3.6716461181640625e-05
delete time:4.863739013671875e-05
delete time:2.6702880859375e-05
delete time:2.8848648071289062e-05
delete time:3.314018249511719e-05
delete time:2.2649765014648438e-05
delete time:3.2901763916015625e-05
delete time:3.647804260253906e-05
delete time:2.5272369384765625e-05
delete time:2.5510787963867188e-05
delete time:5.0067901611328125e-05
delete time:4.482269287109375e-05
delete time:3.552436828613281e-05
delete time:3.0517578125e-05
delete time:4.4345855712890625e-05
delete time:2.3126602172851562e-05
delete time:2.4557113647460938e-05
delete time:2.6941299438476562e-05
delete time:2.5987625122070312e-05
delete time:1.4543533325195312e-05
delete time:3.4809112548828125e-05
delete time:2.5987625122070312e-05
delete time:2.09808349609375e-05
delete time:1.9311904907226562e-05
delete time:1.8596649169921875e-05
delete time:1.8835067749023438e-05
delete time:2.9325485229492188e-05
delete time:2.956390380859375e-05
delete time:2.6464462280273438e-05
delete time:2.9087066650390625e-05
delete time:2.5510787963867188e-05
delete time:3.24249267578125e-05
delete time:2.6941299438476562e-05
delete time:3.1948089599609375e-05
delete time:2.765655517578125e-05
delete time:4.3392181396484375e-05
delete time:2.47955322265625e-05
delete time:2.6702880859375e-05
delete time:3.170967102050781e-05
delete time:3.147125244140625e-05
delete time:4.0531158447265625e-05
delete time:3.647804260253906e-05
delete time:2.6226043701171875e-05
delete time:1.9550323486328125e-05
delete time:2.3603439331054688e-05
delete time:3.6716461181640625e-05
delete time:4.4345855712890625e-05
delete time:2.765655517578125e-05
delete time:4.172325134277344e-05
delete time:3.266334533691406e-05
delete time:3.266334533691406e-05
delete time:3.24249267578125e-05
delete time:3.2901763916015625e-05
delete time:2.7418136596679688e-05
delete time:2.4557113647460938e-05
delete time:1.7642974853515625e-05
delete time:2.3603439331054688e-05
delete time:3.337860107421875e-05
delete time:3.337860107421875e-05
delete time:1.9311904907226562e-05
delete time:3.0994415283203125e-05
delete time:3.218650817871094e-05
delete time:2.6464462280273438e-05
delete time:3.7670135498046875e-05
delete time:3.123283386230469e-05
delete time:2.7894973754882812e-05
delete time:2.7179718017578125e-05
delete time:3.457069396972656e-05
delete time:1.9550323486328125e-05
delete time:2.384185791015625e-05
delete time:3.0040740966796875e-05
delete time:2.8133392333984375e-05
delete time:2.1696090698242188e-05
delete time:2.5272369384765625e-05
delete time:2.8371810913085938e-05
delete time:2.574920654296875e-05
delete time:3.981590270996094e-05
delete time:2.1696090698242188e-05
delete time:1.8835067749023438e-05
delete time:2.5510787963867188e-05
delete time:3.218650817871094e-05
delete time:4.935264587402344e-05
delete time:1.8358230590820312e-05
delete time:3.0517578125e-05
delete time:1.6689300537109375e-05
delete time:2.3365020751953125e-05
delete time:1.6689300537109375e-05
delete time:3.4809112548828125e-05
delete time:3.504753112792969e-05
delete time:2.2172927856445312e-05
delete time:2.6226043701171875e-05
delete time:2.0265579223632812e-05
delete time:3.266334533691406e-05
delete time:2.288818359375e-05
delete time:3.409385681152344e-05
delete time:2.1696090698242188e-05
delete time:1.6689300537109375e-05
delete time:3.4332275390625e-05
delete time:2.9802322387695312e-05
delete time:1.7642974853515625e-05
delete time:3.266334533691406e-05
delete time:3.0279159545898438e-05
delete time:1.6927719116210938e-05
delete time:2.3126602172851562e-05
delete time:1.9550323486328125e-05
delete time:3.814697265625e-05
delete time:3.0040740966796875e-05
delete time:3.0517578125e-05
delete time:2.6226043701171875e-05
delete time:2.7179718017578125e-05
delete time:3.2901763916015625e-05
delete time:2.765655517578125e-05
delete time:4.1961669921875e-05
delete time:2.2172927856445312e-05
delete time:2.9087066650390625e-05
delete time:2.9325485229492188e-05
delete time:3.719329833984375e-05
delete time:2.5033950805664062e-05
delete time:3.5762786865234375e-05
delete time:2.4080276489257812e-05
delete time:3.0994415283203125e-05
delete time:2.5272369384765625e-05
delete time:3.1948089599609375e-05
delete time:1.8596649169921875e-05
delete time:1.9550323486328125e-05
delete time:3.123283386230469e-05
delete time:2.3365020751953125e-05
delete time:4.029273986816406e-05
delete time:1.9550323486328125e-05
delete time:2.5987625122070312e-05
delete time:1.7881393432617188e-05
delete time:2.0503997802734375e-05
delete time:4.5299530029296875e-05
delete time:4.363059997558594e-05
delete time:1.7881393432617188e-05
delete time:2.5987625122070312e-05
delete time:3.0040740966796875e-05
delete time:3.504753112792969e-05
delete time:2.4557113647460938e-05
delete time:2.2411346435546875e-05
delete time:3.4809112548828125e-05
delete time:2.2411346435546875e-05
delete time:2.4557113647460938e-05
delete time:3.0994415283203125e-05
delete time:2.6464462280273438e-05
delete time:3.0517578125e-05
delete time:3.0517578125e-05
delete time:1.6689300537109375e-05
delete time:1.9550323486328125e-05
delete time:2.574920654296875e-05
delete time:2.4557113647460938e-05
delete time:3.814697265625e-05
delete time:1.7881393432617188e-05
delete time:3.314018249511719e-05
delete time:2.3603439331054688e-05
delete time:2.7894973754882812e-05
delete time:2.2172927856445312e-05
delete time:2.288818359375e-05
delete time:2.7418136596679688e-05
delete time:2.3126602172851562e-05
delete time:2.5033950805664062e-05
delete time:2.6702880859375e-05
delete time:2.7179718017578125e-05
delete time:3.695487976074219e-05
delete time:3.4809112548828125e-05
delete time:2.6226043701171875e-05
delete time:3.838539123535156e-05
delete time:2.5033950805664062e-05
delete time:2.6702880859375e-05
delete time:1.9311904907226562e-05
delete time:2.09808349609375e-05
delete time:2.7418136596679688e-05
delete time:2.5272369384765625e-05
delete time:3.3855438232421875e-05
delete time:2.2649765014648438e-05
delete time:2.384185791015625e-05
delete time:2.6702880859375e-05
delete time:2.956390380859375e-05
delete time:3.0517578125e-05
delete time:3.1948089599609375e-05
delete time:3.0994415283203125e-05
delete time:4.220008850097656e-05
delete time:3.1948089599609375e-05
delete time:3.6716461181640625e-05
delete time:3.123283386230469e-05
delete time:2.8848648071289062e-05
delete time:2.7894973754882812e-05
delete time:2.193450927734375e-05
delete time:3.0040740966796875e-05
delete time:2.6226043701171875e-05
delete time:1.8358230590820312e-05
delete time:4.57763671875e-05
delete time:3.457069396972656e-05
delete time:2.4080276489257812e-05
delete time:2.3365020751953125e-05
delete time:3.361701965332031e-05
delete time:2.956390380859375e-05
delete time:2.4080276489257812e-05
delete time:2.8133392333984375e-05
delete time:3.933906555175781e-05
delete time:4.267692565917969e-05
delete time:3.457069396972656e-05
delete time:4.4345855712890625e-05
delete time:1.7881393432617188e-05
delete time:3.266334533691406e-05
delete time:2.5272369384765625e-05
delete time:2.956390380859375e-05
delete time:1.9788742065429688e-05
delete time:3.266334533691406e-05
delete time:3.361701965332031e-05
delete time:3.123283386230469e-05
delete time:3.1948089599609375e-05
delete time:3.170967102050781e-05
delete time:2.4318695068359375e-05
delete time:2.0742416381835938e-05
delete time:4.220008850097656e-05
delete time:2.5033950805664062e-05
delete time:2.47955322265625e-05
delete time:2.5033950805664062e-05
delete time:2.9802322387695312e-05
delete time:2.574920654296875e-05
delete time:2.0742416381835938e-05
delete time:2.1457672119140625e-05
delete time:2.47955322265625e-05
delete time:2.5987625122070312e-05
delete time:1.9311904907226562e-05
delete time:3.0517578125e-05
delete time:3.7670135498046875e-05
delete time:3.266334533691406e-05
delete time:2.0503997802734375e-05
delete time:2.2411346435546875e-05
delete time:2.1696090698242188e-05
delete time:2.4318695068359375e-05
delete time:2.6464462280273438e-05
delete time:1.8358230590820312e-05
delete time:4.1484832763671875e-05
delete time:2.6702880859375e-05
delete time:1.9073486328125e-05
delete time:2.47955322265625e-05
delete time:2.384185791015625e-05
delete time:2.86102294921875e-05
delete time:1.9311904907226562e-05
delete time:2.5033950805664062e-05
delete time:4.1484832763671875e-05
delete time:3.361701965332031e-05
delete time:3.218650817871094e-05
delete time:1.8835067749023438e-05
delete time:1.9311904907226562e-05
delete time:2.288818359375e-05
delete time:2.4318695068359375e-05
delete time:2.8133392333984375e-05
delete time:2.6226043701171875e-05
delete time:4.00543212890625e-05
delete time:2.4080276489257812e-05
delete time:2.9802322387695312e-05
delete time:2.09808349609375e-05
delete time:3.123283386230469e-05
delete time:1.9073486328125e-05
delete time:2.2411346435546875e-05
delete time:2.5033950805664062e-05
delete time:4.673004150390625e-05
delete time:2.0742416381835938e-05
delete time:2.1219253540039062e-05
delete time:2.002716064453125e-05
delete time:2.5033950805664062e-05
delete time:2.7894973754882812e-05
delete time:1.8596649169921875e-05
delete time:2.7894973754882812e-05
delete time:2.574920654296875e-05
delete time:2.6464462280273438e-05
delete time:2.2411346435546875e-05
delete time:2.4318695068359375e-05
delete time:3.123283386230469e-05
delete time:3.647804260253906e-05
delete time:2.8848648071289062e-05
delete time:2.6702880859375e-05
delete time:1.5020370483398438e-05
delete time:2.5272369384765625e-05
delete time:3.123283386230469e-05
delete time:3.910064697265625e-05
delete time:1.9311904907226562e-05
delete time:2.6702880859375e-05
delete time:2.7179718017578125e-05
delete time:2.1696090698242188e-05
delete time:1.4066696166992188e-05
delete time:1.8835067749023438e-05
delete time:2.2172927856445312e-05
delete time:4.5299530029296875e-05
delete time:2.7179718017578125e-05
delete time:3.790855407714844e-05
delete time:1.7881393432617188e-05
delete time:1.5735626220703125e-05
delete time:1.9073486328125e-05
delete time:3.933906555175781e-05
delete time:2.384185791015625e-05
delete time:2.47955322265625e-05
delete time:1.9550323486328125e-05
delete time:1.7642974853515625e-05
delete time:2.7179718017578125e-05
delete time:1.8358230590820312e-05
delete time:3.0994415283203125e-05
delete time:2.1696090698242188e-05
delete time:3.147125244140625e-05
delete time:4.4345855712890625e-05
delete time:1.621246337890625e-05
delete time:2.956390380859375e-05
delete time:3.337860107421875e-05
delete time:3.0279159545898438e-05
delete time:2.002716064453125e-05
delete time:4.172325134277344e-05
delete time:2.4557113647460938e-05
delete time:2.5987625122070312e-05
delete time:2.5510787963867188e-05
delete time:1.621246337890625e-05
delete time:2.4318695068359375e-05
delete time:4.029273986816406e-05
delete time:2.0265579223632812e-05
delete time:2.1219253540039062e-05
delete time:2.5987625122070312e-05
delete time:2.6941299438476562e-05
delete time:3.62396240234375e-05
delete time:2.5510787963867188e-05
delete time:2.574920654296875e-05
delete time:4.363059997558594e-05
delete time:1.7404556274414062e-05
delete time:2.86102294921875e-05
delete time:1.5020370483398438e-05
delete time:3.123283386230469e-05
delete time:2.002716064453125e-05
delete time:2.765655517578125e-05
delete time:3.147125244140625e-05
delete time:2.0265579223632812e-05
delete time:3.218650817871094e-05
delete time:2.574920654296875e-05
delete time:3.0994415283203125e-05
delete time:2.6941299438476562e-05
delete time:1.8596649169921875e-05
delete time:2.5272369384765625e-05
delete time:1.8835067749023438e-05
delete time:2.5272369384765625e-05
delete time:1.8596649169921875e-05
delete time:2.8371810913085938e-05
delete time:3.218650817871094e-05
delete time:2.1457672119140625e-05
delete time:2.193450927734375e-05
delete time:3.6716461181640625e-05
delete time:2.47955322265625e-05
delete time:3.1948089599609375e-05
delete time:4.1961669921875e-05
delete time:1.71661376953125e-05
delete time:4.7206878662109375e-05
delete time:3.838539123535156e-05
delete time:2.956390380859375e-05
delete time:1.8596649169921875e-05
delete time:2.1696090698242188e-05
delete time:3.4809112548828125e-05
delete time:3.266334533691406e-05
delete time:3.695487976074219e-05
delete time:2.2649765014648438e-05
delete time:3.528594970703125e-05
delete time:2.4557113647460938e-05
delete time:2.1219253540039062e-05
delete time:2.1219253540039062e-05
delete time:1.71661376953125e-05
delete time:2.7179718017578125e-05
delete time:2.765655517578125e-05
delete time:2.4080276489257812e-05
delete time:2.765655517578125e-05
delete time:1.7404556274414062e-05
delete time:1.7881393432617188e-05
delete time:3.0279159545898438e-05
delete time:2.0265579223632812e-05
delete time:3.0279159545898438e-05
delete time:3.170967102050781e-05
delete time:1.1920928955078125e-05
delete time:2.8848648071289062e-05
delete time:2.4318695068359375e-05
delete time:2.6941299438476562e-05
delete time:3.218650817871094e-05
delete time:2.5272369384765625e-05
delete time:2.288818359375e-05
delete time:3.3855438232421875e-05
delete time:1.811981201171875e-05
delete time:2.1219253540039062e-05
delete time:3.4332275390625e-05
delete time:3.0517578125e-05
delete time:1.71661376953125e-05
delete time:2.574920654296875e-05
delete time:2.6941299438476562e-05
delete time:3.170967102050781e-05
delete time:2.3603439331054688e-05
delete time:3.0040740966796875e-05
delete time:4.410743713378906e-05
delete time:1.9073486328125e-05
delete time:2.2411346435546875e-05
delete time:3.457069396972656e-05
delete time:3.719329833984375e-05
delete time:2.0503997802734375e-05
delete time:2.8848648071289062e-05
delete time:3.3855438232421875e-05
delete time:2.288818359375e-05
delete time:3.3855438232421875e-05
delete time:1.5735626220703125e-05
delete time:3.0040740966796875e-05
delete time:4.4345855712890625e-05
delete time:3.075599670410156e-05
delete time:2.384185791015625e-05
delete time:3.0517578125e-05
delete time:3.0994415283203125e-05
delete time:3.552436828613281e-05
delete time:2.0742416381835938e-05
delete time:3.0040740966796875e-05
delete time:3.4809112548828125e-05
delete time:3.1948089599609375e-05
delete time:3.314018249511719e-05
delete time:4.220008850097656e-05
delete time:2.8371810913085938e-05
delete time:3.528594970703125e-05
delete time:2.86102294921875e-05
delete time:3.24249267578125e-05
delete time:2.6941299438476562e-05
delete time:4.2438507080078125e-05
delete time:2.956390380859375e-05
delete time:3.170967102050781e-05
delete time:3.170967102050781e-05
delete time:3.4809112548828125e-05
delete time:2.5033950805664062e-05
delete time:4.482269287109375e-05
delete time:3.814697265625e-05
delete time:3.0040740966796875e-05
delete time:2.8848648071289062e-05
delete time:2.3126602172851562e-05
delete time:2.6464462280273438e-05
delete time:2.3603439331054688e-05
delete time:2.2411346435546875e-05
delete time:3.218650817871094e-05
delete time:1.5974044799804688e-05
delete time:1.9311904907226562e-05
delete time:2.765655517578125e-05
delete time:3.695487976074219e-05
delete time:3.409385681152344e-05
delete time:2.384185791015625e-05
delete time:2.384185791015625e-05
delete time:1.5735626220703125e-05
delete time:2.8848648071289062e-05
delete time:4.38690185546875e-05
delete time:2.3365020751953125e-05
delete time:2.4318695068359375e-05
delete time:2.9087066650390625e-05
delete time:3.3855438232421875e-05
delete time:3.337860107421875e-05
delete time:1.8835067749023438e-05
delete time:2.1219253540039062e-05
delete time:1.6450881958007812e-05
delete time:2.1696090698242188e-05
delete time:3.123283386230469e-05
delete time:1.6927719116210938e-05
delete time:3.266334533691406e-05
delete time:2.8848648071289062e-05
delete time:3.147125244140625e-05
delete time:3.933906555175781e-05
delete time:3.62396240234375e-05
delete time:3.647804260253906e-05
delete time:2.8371810913085938e-05
delete time:2.8371810913085938e-05
delete time:2.7894973754882812e-05
delete time:3.8623809814453125e-05
delete time:3.4809112548828125e-05
delete time:2.09808349609375e-05
delete time:2.0265579223632812e-05
delete time:2.288818359375e-05
delete time:2.288818359375e-05
delete time:4.124641418457031e-05
delete time:3.361701965332031e-05
delete time:3.1948089599609375e-05
delete time:3.600120544433594e-05
delete time:2.4557113647460938e-05
delete time:4.3392181396484375e-05
delete time:2.9087066650390625e-05
delete time:3.409385681152344e-05
delete time:1.4066696166992188e-05
delete time:5.1021575927734375e-05
delete time:1.9073486328125e-05
delete time:2.4080276489257812e-05
delete time:2.8848648071289062e-05
delete time:3.647804260253906e-05
delete time:3.147125244140625e-05
delete time:2.193450927734375e-05
delete time:3.2901763916015625e-05
delete time:2.1696090698242188e-05
delete time:2.0503997802734375e-05
delete time:2.6941299438476562e-05
delete time:3.266334533691406e-05
delete time:5.1021575927734375e-05
delete time:3.1948089599609375e-05
delete time:2.8848648071289062e-05
delete time:3.1948089599609375e-05
delete time:2.4318695068359375e-05
delete time:3.528594970703125e-05
delete time:2.9802322387695312e-05
delete time:1.9550323486328125e-05
delete time:3.170967102050781e-05
delete time:3.361701965332031e-05
delete time:2.8848648071289062e-05
delete time:2.288818359375e-05
delete time:3.337860107421875e-05
delete time:3.7670135498046875e-05
delete time:3.3855438232421875e-05
delete time:3.62396240234375e-05
delete time:3.4332275390625e-05
delete time:4.9591064453125e-05
delete time:2.384185791015625e-05
delete time:1.8358230590820312e-05
delete time:3.123283386230469e-05
delete time:3.361701965332031e-05
delete time:1.6689300537109375e-05
delete time:3.075599670410156e-05
delete time:2.956390380859375e-05
delete time:2.8848648071289062e-05
delete time:2.5987625122070312e-05
delete time:3.170967102050781e-05
delete time:3.5762786865234375e-05
delete time:2.2649765014648438e-05
delete time:2.7894973754882812e-05
delete time:3.0279159545898438e-05
delete time:2.0742416381835938e-05
delete time:4.2438507080078125e-05
delete time:2.9087066650390625e-05
delete time:1.811981201171875e-05
delete time:4.267692565917969e-05
delete time:2.6941299438476562e-05
delete time:3.814697265625e-05
delete time:3.2901763916015625e-05
delete time:2.8848648071289062e-05
delete time:4.4345855712890625e-05
delete time:2.384185791015625e-05
delete time:2.8848648071289062e-05
delete time:4.124641418457031e-05
delete time:1.71661376953125e-05
delete time:2.09808349609375e-05
delete time:1.4781951904296875e-05
delete time:3.9577484130859375e-05
delete time:2.4557113647460938e-05
delete time:2.9087066650390625e-05
delete time:3.218650817871094e-05
delete time:2.7418136596679688e-05
delete time:2.956390380859375e-05
delete time:4.172325134277344e-05
delete time:2.1219253540039062e-05
delete time:1.5497207641601562e-05
delete time:3.147125244140625e-05
delete time:3.504753112792969e-05
delete time:3.4332275390625e-05
delete time:3.910064697265625e-05
delete time:3.504753112792969e-05
delete time:1.8835067749023438e-05
delete time:5.0067901611328125e-05
delete time:4.2438507080078125e-05
delete time:1.621246337890625e-05
delete time:2.6702880859375e-05
delete time:3.123283386230469e-05
delete time:2.7179718017578125e-05
delete time:3.170967102050781e-05
delete time:3.24249267578125e-05
delete time:3.7670135498046875e-05
delete time:3.337860107421875e-05
delete time:3.409385681152344e-05
delete time:2.1219253540039062e-05
delete time:3.457069396972656e-05
delete time:3.123283386230469e-05
delete time:3.0994415283203125e-05
delete time:2.6702880859375e-05
delete time:3.0279159545898438e-05
delete time:2.7179718017578125e-05
delete time:2.5510787963867188e-05
delete time:3.147125244140625e-05
delete time:3.3855438232421875e-05
delete time:3.743171691894531e-05
delete time:1.5735626220703125e-05
delete time:1.6689300537109375e-05
delete time:2.8371810913085938e-05
delete time:3.6716461181640625e-05
delete time:3.0279159545898438e-05
delete time:2.002716064453125e-05
delete time:4.00543212890625e-05
delete time:3.123283386230469e-05
delete time:3.62396240234375e-05
delete time:3.123283386230469e-05
delete time:1.71661376953125e-05
delete time:1.7642974853515625e-05
delete time:3.409385681152344e-05
delete time:2.9087066650390625e-05
delete time:1.9311904907226562e-05
delete time:3.218650817871094e-05
delete time:4.1961669921875e-05
delete time:2.7894973754882812e-05
delete time:3.7670135498046875e-05
delete time:2.2172927856445312e-05
delete time:3.504753112792969e-05
delete time:1.7404556274414062e-05
delete time:3.2901763916015625e-05
delete time:3.6716461181640625e-05
delete time:3.528594970703125e-05
delete time:3.2901763916015625e-05
delete time:2.5987625122070312e-05
delete time:2.1219253540039062e-05
delete time:3.409385681152344e-05
delete time:2.574920654296875e-05
delete time:3.2901763916015625e-05
delete time:1.8835067749023438e-05
delete time:3.337860107421875e-05
delete time:3.0517578125e-05
delete time:1.71661376953125e-05
delete time:3.0517578125e-05
delete time:3.314018249511719e-05
delete time:3.0279159545898438e-05
delete time:4.124641418457031e-05
delete time:1.5974044799804688e-05
delete time:4.38690185546875e-05
delete time:3.600120544433594e-05
delete time:3.4809112548828125e-05
delete time:4.601478576660156e-05
delete time:1.5020370483398438e-05
delete time:1.8596649169921875e-05
delete time:2.9087066650390625e-05
delete time:5.078315734863281e-05
delete time:2.7179718017578125e-05
delete time:3.075599670410156e-05
delete time:3.838539123535156e-05
delete time:3.0040740966796875e-05
delete time:2.4318695068359375e-05
delete time:2.9087066650390625e-05
delete time:3.0994415283203125e-05
delete time:3.314018249511719e-05
delete time:3.218650817871094e-05
delete time:2.6226043701171875e-05
delete time:1.52587890625e-05
delete time:3.814697265625e-05
delete time:3.4809112548828125e-05
delete time:2.9802322387695312e-05
delete time:3.62396240234375e-05
delete time:2.765655517578125e-05
delete time:3.504753112792969e-05
delete time:3.1948089599609375e-05
delete time:3.0279159545898438e-05
delete time:3.361701965332031e-05
delete time:1.5020370483398438e-05
delete time:3.266334533691406e-05
delete time:1.52587890625e-05
delete time:3.4332275390625e-05
delete time:3.1948089599609375e-05
delete time:4.124641418457031e-05
delete time:4.2438507080078125e-05
delete time:1.621246337890625e-05
delete time:3.7670135498046875e-05
delete time:2.7894973754882812e-05
delete time:1.4781951904296875e-05
delete time:3.7670135498046875e-05
delete time:4.315376281738281e-05
delete time:3.719329833984375e-05
delete time:4.982948303222656e-05
delete time:3.981590270996094e-05
delete time:2.2649765014648438e-05
delete time:3.814697265625e-05
delete time:3.218650817871094e-05
delete time:2.6702880859375e-05
delete time:1.2636184692382812e-05
delete time:3.1948089599609375e-05
delete time:2.5510787963867188e-05
delete time:4.839897155761719e-05
delete time:3.838539123535156e-05
delete time:3.0517578125e-05
delete time:2.193450927734375e-05
delete time:3.1948089599609375e-05
delete time:3.0994415283203125e-05
delete time:2.1219253540039062e-05
delete time:2.9325485229492188e-05
delete time:2.3365020751953125e-05
delete time:3.647804260253906e-05
delete time:1.6927719116210938e-05
delete time:3.719329833984375e-05
delete time:3.62396240234375e-05
delete time:4.029273986816406e-05
delete time:1.4781951904296875e-05
delete time:4.553794860839844e-05
delete time:3.2901763916015625e-05
delete time:3.814697265625e-05
delete time:3.218650817871094e-05
delete time:3.147125244140625e-05
delete time:2.9802322387695312e-05
delete time:4.267692565917969e-05
delete time:3.719329833984375e-05
delete time:4.506111145019531e-05
delete time:3.2901763916015625e-05
delete time:2.6226043701171875e-05
delete time:4.649162292480469e-05
delete time:4.982948303222656e-05
delete time:4.029273986816406e-05
delete time:1.5974044799804688e-05
delete time:3.218650817871094e-05
delete time:4.2438507080078125e-05
delete time:3.314018249511719e-05
delete time:3.123283386230469e-05
delete time:2.1219253540039062e-05
delete time:2.5987625122070312e-05
delete time:1.5497207641601562e-05
delete time:3.62396240234375e-05
delete time:3.62396240234375e-05
delete time:3.0517578125e-05
delete time:2.6941299438476562e-05
delete time:3.6716461181640625e-05
delete time:4.410743713378906e-05
delete time:4.458427429199219e-05
delete time:4.506111145019531e-05
delete time:2.9802322387695312e-05
delete time:3.790855407714844e-05
delete time:4.8160552978515625e-05
delete time:4.029273986816406e-05
delete time:3.218650817871094e-05
delete time:3.0040740966796875e-05
delete time:2.8848648071289062e-05
delete time:3.3855438232421875e-05
delete time:3.7670135498046875e-05
delete time:3.0994415283203125e-05
delete time:2.4318695068359375e-05
delete time:3.170967102050781e-05
delete time:2.6226043701171875e-05
delete time:4.458427429199219e-05
delete time:2.6941299438476562e-05
delete time:2.5033950805664062e-05
delete time:3.123283386230469e-05
delete time:4.100799560546875e-05
delete time:2.7179718017578125e-05
delete time:3.8623809814453125e-05
delete time:3.0279159545898438e-05
delete time:3.170967102050781e-05
delete time:2.8133392333984375e-05
delete time:4.482269287109375e-05
delete time:4.3392181396484375e-05
delete time:4.363059997558594e-05
delete time:2.288818359375e-05
delete time:3.266334533691406e-05
delete time:3.361701965332031e-05
delete time:3.695487976074219e-05
delete time:2.2172927856445312e-05
delete time:3.814697265625e-05
delete time:3.170967102050781e-05
delete time:2.8371810913085938e-05
delete time:4.38690185546875e-05
delete time:4.172325134277344e-05
delete time:4.601478576660156e-05
delete time:3.1948089599609375e-05
delete time:3.2901763916015625e-05
delete time:3.0517578125e-05
delete time:3.0994415283203125e-05
delete time:2.7418136596679688e-05
delete time:2.9802322387695312e-05
delete time:3.3855438232421875e-05
delete time:2.9802322387695312e-05
delete time:4.2438507080078125e-05
delete time:3.7670135498046875e-05
delete time:2.4557113647460938e-05
delete time:4.553794860839844e-05
delete time:3.504753112792969e-05
delete time:2.9325485229492188e-05
delete time:3.552436828613281e-05
delete time:2.9802322387695312e-05
delete time:2.8133392333984375e-05
delete time:2.5033950805664062e-05
delete time:4.291534423828125e-05
delete time:2.6941299438476562e-05
delete time:3.0517578125e-05
delete time:3.600120544433594e-05
delete time:4.100799560546875e-05
delete time:1.430511474609375e-05
delete time:4.1961669921875e-05
delete time:2.7894973754882812e-05
delete time:3.600120544433594e-05
delete time:2.9087066650390625e-05
delete time:3.0994415283203125e-05
delete time:2.6702880859375e-05
delete time:3.409385681152344e-05
delete time:2.6702880859375e-05
delete time:3.409385681152344e-05
delete time:2.7179718017578125e-05
delete time:3.147125244140625e-05
delete time:4.696846008300781e-05
delete time:2.8371810913085938e-05
delete time:4.9114227294921875e-05
delete time:4.744529724121094e-05
delete time:3.886222839355469e-05
delete time:4.410743713378906e-05
delete time:3.361701965332031e-05
delete time:2.8133392333984375e-05
delete time:2.5510787963867188e-05
delete time:2.5987625122070312e-05
delete time:3.552436828613281e-05
delete time:3.2901763916015625e-05
delete time:3.075599670410156e-05
delete time:3.409385681152344e-05
delete time:2.6702880859375e-05
delete time:4.5299530029296875e-05
delete time:4.4345855712890625e-05
delete time:5.221366882324219e-05
delete time:2.86102294921875e-05
delete time:3.0040740966796875e-05
delete time:3.314018249511719e-05
delete time:2.574920654296875e-05
delete time:3.457069396972656e-05
delete time:4.6253204345703125e-05
delete time:4.1484832763671875e-05
delete time:5.14984130859375e-05
delete time:3.075599670410156e-05
delete time:2.9802322387695312e-05
delete time:3.266334533691406e-05
delete time:4.6253204345703125e-05
delete time:2.9325485229492188e-05
delete time:2.47955322265625e-05
delete time:4.839897155761719e-05
delete time:3.4332275390625e-05
delete time:3.314018249511719e-05
delete time:3.790855407714844e-05
delete time:5.173683166503906e-05
delete time:3.6716461181640625e-05
delete time:2.09808349609375e-05
delete time:2.8133392333984375e-05
delete time:5.793571472167969e-05
delete time:3.147125244140625e-05
delete time:3.361701965332031e-05
delete time:3.981590270996094e-05
delete time:2.765655517578125e-05
delete time:3.910064697265625e-05
delete time:3.504753112792969e-05
delete time:4.291534423828125e-05
delete time:4.4345855712890625e-05
delete time:3.457069396972656e-05
delete time:4.076957702636719e-05
delete time:3.504753112792969e-05
delete time:3.981590270996094e-05
delete time:3.8623809814453125e-05
delete time:2.765655517578125e-05
delete time:2.956390380859375e-05
delete time:3.838539123535156e-05
delete time:3.218650817871094e-05
delete time:2.193450927734375e-05
delete time:3.504753112792969e-05
delete time:4.458427429199219e-05
delete time:2.8848648071289062e-05
delete time:2.9325485229492188e-05
delete time:4.601478576660156e-05
delete time:2.574920654296875e-05
delete time:4.506111145019531e-05
delete time:4.3392181396484375e-05
delete time:2.6226043701171875e-05
delete time:2.4080276489257812e-05
delete time:4.029273986816406e-05
delete time:2.7894973754882812e-05
delete time:4.363059997558594e-05
delete time:2.6941299438476562e-05
delete time:2.7418136596679688e-05
delete time:3.910064697265625e-05
delete time:3.838539123535156e-05
delete time:4.5299530029296875e-05
delete time:3.838539123535156e-05
delete time:3.075599670410156e-05
delete time:2.9802322387695312e-05
delete time:3.1948089599609375e-05
delete time:2.5987625122070312e-05
delete time:2.8133392333984375e-05
delete time:2.6702880859375e-05
delete time:5.888938903808594e-05
delete time:2.8133392333984375e-05
delete time:2.765655517578125e-05
delete time:3.0279159545898438e-05
delete time:2.9802322387695312e-05
delete time:3.528594970703125e-05
delete time:1.2874603271484375e-05
delete time:3.0040740966796875e-05
delete time:3.552436828613281e-05
delete time:3.075599670410156e-05
delete time:2.0265579223632812e-05
delete time:2.5510787963867188e-05
delete time:3.4809112548828125e-05
delete time:3.4332275390625e-05
delete time:2.5272369384765625e-05
delete time:4.38690185546875e-05
delete time:4.8160552978515625e-05
delete time:2.9802322387695312e-05
delete time:3.170967102050781e-05
delete time:3.361701965332031e-05
delete time:3.528594970703125e-05
delete time:3.4809112548828125e-05
delete time:4.649162292480469e-05
delete time:3.457069396972656e-05
delete time:2.384185791015625e-05
delete time:3.0279159545898438e-05
delete time:3.7670135498046875e-05
delete time:3.1948089599609375e-05
delete time:4.100799560546875e-05
delete time:3.218650817871094e-05
delete time:2.5987625122070312e-05
delete time:2.956390380859375e-05
delete time:4.696846008300781e-05
delete time:3.0279159545898438e-05
delete time:2.7894973754882812e-05
delete time:3.314018249511719e-05
delete time:2.6464462280273438e-05
delete time:3.981590270996094e-05
delete time:4.792213439941406e-05
delete time:2.4318695068359375e-05
delete time:4.220008850097656e-05
delete time:3.075599670410156e-05
delete time:2.956390380859375e-05
delete time:2.8371810913085938e-05
delete time:3.4332275390625e-05
delete time:3.981590270996094e-05
delete time:2.956390380859375e-05
delete time:3.0994415283203125e-05
delete time:2.9802322387695312e-05
delete time:3.6716461181640625e-05
delete time:2.8848648071289062e-05
delete time:2.6941299438476562e-05
delete time:3.337860107421875e-05
delete time:2.4080276489257812e-05
delete time:4.4345855712890625e-05
delete time:2.86102294921875e-05
delete time:2.4318695068359375e-05
delete time:2.3365020751953125e-05
delete time:2.8848648071289062e-05
delete time:3.743171691894531e-05
delete time:4.291534423828125e-05
delete time:3.409385681152344e-05
delete time:3.886222839355469e-05
delete time:4.00543212890625e-05
delete time:2.1219253540039062e-05
delete time:3.0517578125e-05
delete time:3.552436828613281e-05
delete time:3.218650817871094e-05
delete time:2.4318695068359375e-05
delete time:3.838539123535156e-05
delete time:2.9325485229492188e-05
delete time:4.291534423828125e-05
delete time:3.0994415283203125e-05
delete time:3.170967102050781e-05
delete time:3.457069396972656e-05
delete time:3.528594970703125e-05
delete time:4.649162292480469e-05
delete time:3.814697265625e-05
delete time:2.956390380859375e-05
delete time:2.765655517578125e-05
delete time:4.076957702636719e-05
delete time:3.5762786865234375e-05
delete time:2.9325485229492188e-05
delete time:3.838539123535156e-05
delete time:3.0994415283203125e-05
delete time:2.7418136596679688e-05
delete time:2.7418136596679688e-05
delete time:2.8133392333984375e-05
delete time:3.743171691894531e-05
delete time:2.8133392333984375e-05
delete time:2.956390380859375e-05
delete time:3.3855438232421875e-05
delete time:2.5272369384765625e-05
delete time:2.7894973754882812e-05
delete time:3.814697265625e-05
delete time:4.267692565917969e-05
delete time:2.9325485229492188e-05
delete time:2.1457672119140625e-05
delete time:4.4345855712890625e-05
delete time:2.765655517578125e-05
delete time:3.314018249511719e-05
delete time:4.124641418457031e-05
delete time:3.647804260253906e-05
delete time:3.7670135498046875e-05
delete time:2.765655517578125e-05
delete time:3.9577484130859375e-05
delete time:2.3365020751953125e-05
delete time:4.9591064453125e-05
delete time:1.811981201171875e-05
delete time:4.315376281738281e-05
delete time:3.743171691894531e-05
delete time:4.029273986816406e-05
delete time:2.7179718017578125e-05
delete time:4.076957702636719e-05
delete time:2.3603439331054688e-05
delete time:2.8371810913085938e-05
delete time:4.744529724121094e-05
delete time:2.8133392333984375e-05
delete time:3.933906555175781e-05
delete time:2.3365020751953125e-05
delete time:3.147125244140625e-05
delete time:3.3855438232421875e-05
delete time:2.7418136596679688e-05
delete time:4.9114227294921875e-05
delete time:4.0531158447265625e-05
delete time:2.6226043701171875e-05
delete time:2.6941299438476562e-05
delete time:3.170967102050781e-05
delete time:2.6941299438476562e-05
delete time:2.9325485229492188e-05
delete time:2.8133392333984375e-05
delete time:4.601478576660156e-05
delete time:2.47955322265625e-05
delete time:3.361701965332031e-05
delete time:5.0067901611328125e-05
delete time:3.075599670410156e-05
delete time:3.123283386230469e-05
delete time:4.315376281738281e-05
delete time:4.649162292480469e-05
delete time:3.314018249511719e-05
delete time:3.2901763916015625e-05
delete time:2.956390380859375e-05
delete time:3.0994415283203125e-05
delete time:3.5762786865234375e-05
delete time:3.528594970703125e-05
delete time:3.0040740966796875e-05
delete time:3.075599670410156e-05
delete time:3.4809112548828125e-05
delete time:4.076957702636719e-05
delete time:2.5987625122070312e-05
delete time:3.0517578125e-05
delete time:3.266334533691406e-05
delete time:2.8848648071289062e-05
delete time:4.6253204345703125e-05
delete time:4.00543212890625e-05
delete time:4.601478576660156e-05
delete time:2.9325485229492188e-05
delete time:3.170967102050781e-05
delete time:3.0517578125e-05
delete time:3.1948089599609375e-05
delete time:2.6702880859375e-05
delete time:3.218650817871094e-05
delete time:4.3392181396484375e-05
delete time:3.1948089599609375e-05
delete time:2.9087066650390625e-05
delete time:3.695487976074219e-05
delete time:3.0040740966796875e-05
delete time:3.743171691894531e-05
delete time:3.409385681152344e-05
delete time:3.409385681152344e-05
delete time:4.38690185546875e-05
delete time:3.337860107421875e-05
delete time:3.337860107421875e-05
delete time:3.0279159545898438e-05
delete time:4.172325134277344e-05
delete time:3.147125244140625e-05
delete time:4.291534423828125e-05
delete time:4.6253204345703125e-05
delete time:3.600120544433594e-05
delete time:3.457069396972656e-05
delete time:1.8358230590820312e-05
delete time:3.0994415283203125e-05
delete time:3.0517578125e-05
delete time:3.600120544433594e-05
delete time:3.504753112792969e-05
delete time:2.3603439331054688e-05
delete time:3.7670135498046875e-05
delete time:3.790855407714844e-05
delete time:5.91278076171875e-05
delete time:2.5510787963867188e-05
delete time:3.910064697265625e-05
delete time:4.3392181396484375e-05
delete time:2.3603439331054688e-05
delete time:2.8848648071289062e-05
delete time:4.649162292480469e-05
delete time:3.695487976074219e-05
delete time:3.361701965332031e-05
delete time:3.695487976074219e-05
delete time:4.0531158447265625e-05
delete time:3.600120544433594e-05
delete time:5.745887756347656e-05
delete time:2.765655517578125e-05
delete time:3.218650817871094e-05
delete time:3.0040740966796875e-05
delete time:2.5272369384765625e-05
delete time:4.410743713378906e-05
delete time:3.62396240234375e-05
delete time:4.506111145019531e-05
delete time:3.743171691894531e-05
delete time:2.8133392333984375e-05
delete time:2.2411346435546875e-05
delete time:5.841255187988281e-05
delete time:3.4809112548828125e-05
delete time:3.266334533691406e-05
delete time:4.291534423828125e-05
delete time:2.8848648071289062e-05
delete time:3.814697265625e-05
delete time:3.075599670410156e-05
delete time:4.5299530029296875e-05
delete time:2.9087066650390625e-05
delete time:3.123283386230469e-05
delete time:4.029273986816406e-05
delete time:3.170967102050781e-05
delete time:3.075599670410156e-05
delete time:2.7179718017578125e-05
delete time:3.0279159545898438e-05
delete time:2.3365020751953125e-05
delete time:3.6716461181640625e-05
delete time:2.9325485229492188e-05
delete time:3.1948089599609375e-05
delete time:2.6464462280273438e-05
delete time:3.2901763916015625e-05
delete time:4.1961669921875e-05
delete time:3.4809112548828125e-05
delete time:3.218650817871094e-05
delete time:3.147125244140625e-05
delete time:3.9577484130859375e-05
delete time:3.4809112548828125e-05
delete time:4.363059997558594e-05
delete time:2.7418136596679688e-05
delete time:3.600120544433594e-05
delete time:3.743171691894531e-05
delete time:2.8133392333984375e-05
delete time:3.552436828613281e-05
delete time:4.1484832763671875e-05
delete time:2.9325485229492188e-05
delete time:3.266334533691406e-05
delete time:3.314018249511719e-05
delete time:2.9325485229492188e-05
delete time:3.1948089599609375e-05
delete time:3.743171691894531e-05
delete time:3.62396240234375e-05
delete time:2.09808349609375e-05
delete time:3.123283386230469e-05
delete time:4.2438507080078125e-05
delete time:4.982948303222656e-05
delete time:3.3855438232421875e-05
delete time:3.1948089599609375e-05
delete time:3.4332275390625e-05
delete time:5.53131103515625e-05
delete time:3.552436828613281e-05
delete time:2.9087066650390625e-05
delete time:2.574920654296875e-05
delete time:2.8133392333984375e-05
delete time:2.384185791015625e-05
delete time:4.0531158447265625e-05
delete time:2.6941299438476562e-05
delete time:4.935264587402344e-05
delete time:2.4318695068359375e-05
delete time:2.8371810913085938e-05
delete time:3.075599670410156e-05
delete time:3.123283386230469e-05
delete time:4.506111145019531e-05
delete time:3.314018249511719e-05
delete time:2.7894973754882812e-05
delete time:3.62396240234375e-05
delete time:3.170967102050781e-05
delete time:3.3855438232421875e-05
delete time:3.790855407714844e-05
delete time:5.269050598144531e-05
delete time:3.695487976074219e-05
delete time:3.361701965332031e-05
delete time:3.743171691894531e-05
delete time:2.6464462280273438e-05
delete time:3.552436828613281e-05
delete time:2.7894973754882812e-05
delete time:4.00543212890625e-05
delete time:2.4318695068359375e-05
delete time:4.172325134277344e-05
delete time:3.409385681152344e-05
delete time:3.170967102050781e-05
delete time:2.9087066650390625e-05
delete time:2.9325485229492188e-05
delete time:3.0994415283203125e-05
delete time:2.574920654296875e-05
delete time:3.0517578125e-05
delete time:3.719329833984375e-05
delete time:2.9802322387695312e-05
delete time:3.528594970703125e-05
delete time:2.5272369384765625e-05
delete time:3.266334533691406e-05
delete time:3.409385681152344e-05
delete time:4.267692565917969e-05
delete time:2.4318695068359375e-05
delete time:4.458427429199219e-05
delete time:3.0517578125e-05
delete time:3.981590270996094e-05
delete time:3.790855407714844e-05
delete time:3.266334533691406e-05
delete time:2.3603439331054688e-05
delete time:4.00543212890625e-05
delete time:3.075599670410156e-05
delete time:3.0040740966796875e-05
delete time:4.839897155761719e-05
delete time:3.1948089599609375e-05
delete time:3.123283386230469e-05
delete time:3.0040740966796875e-05
delete time:3.0040740966796875e-05
delete time:4.410743713378906e-05
delete time:3.0040740966796875e-05
delete time:2.5272369384765625e-05
delete time:3.409385681152344e-05
delete time:3.886222839355469e-05
delete time:2.5033950805664062e-05
delete time:3.457069396972656e-05
delete time:2.4080276489257812e-05
delete time:3.147125244140625e-05
delete time:2.7894973754882812e-05
delete time:4.315376281738281e-05
delete time:2.5510787963867188e-05
delete time:4.220008850097656e-05
delete time:2.7418136596679688e-05
delete time:3.790855407714844e-05
delete time:2.8133392333984375e-05
delete time:5.435943603515625e-05
delete time:4.7206878662109375e-05
delete time:2.956390380859375e-05
delete time:3.4809112548828125e-05
delete time:5.054473876953125e-05
delete time:3.3855438232421875e-05
delete time:4.029273986816406e-05
delete time:4.649162292480469e-05
delete time:4.887580871582031e-05
delete time:3.457069396972656e-05
delete time:3.790855407714844e-05
delete time:4.506111145019531e-05
delete time:4.363059997558594e-05
delete time:3.0517578125e-05
delete time:2.2172927856445312e-05
delete time:3.600120544433594e-05
delete time:4.172325134277344e-05
delete time:3.24249267578125e-05
delete time:2.5510787963867188e-05
delete time:5.435943603515625e-05
delete time:2.7179718017578125e-05
delete time:3.552436828613281e-05
delete time:3.504753112792969e-05
delete time:2.86102294921875e-05
delete time:3.0279159545898438e-05
delete time:3.147125244140625e-05
delete time:2.47955322265625e-05
delete time:3.123283386230469e-05
delete time:4.100799560546875e-05
delete time:3.814697265625e-05
delete time:3.552436828613281e-05
delete time:3.504753112792969e-05
delete time:2.9802322387695312e-05
delete time:2.765655517578125e-05
delete time:2.3126602172851562e-05
delete time:3.218650817871094e-05
delete time:3.743171691894531e-05
delete time:2.6464462280273438e-05
delete time:2.3603439331054688e-05
delete time:3.337860107421875e-05
delete time:4.1484832763671875e-05
delete time:2.3126602172851562e-05
delete time:4.124641418457031e-05
delete time:4.5299530029296875e-05
delete time:2.3603439331054688e-05
delete time:3.2901763916015625e-05
delete time:3.147125244140625e-05
delete time:2.574920654296875e-05
delete time:3.075599670410156e-05
delete time:3.552436828613281e-05
delete time:3.62396240234375e-05
delete time:3.337860107421875e-05
delete time:4.863739013671875e-05
delete time:2.6226043701171875e-05
delete time:4.601478576660156e-05
delete time:2.86102294921875e-05
delete time:3.3855438232421875e-05
delete time:4.744529724121094e-05
delete time:4.649162292480469e-05
delete time:3.838539123535156e-05
delete time:4.0531158447265625e-05
delete time:2.5510787963867188e-05
delete time:3.170967102050781e-05
delete time:3.3855438232421875e-05
delete time:3.0994415283203125e-05
delete time:4.291534423828125e-05
delete time:2.574920654296875e-05
delete time:5.078315734863281e-05
delete time:2.2172927856445312e-05
delete time:3.4332275390625e-05
delete time:2.5987625122070312e-05
delete time:2.86102294921875e-05
delete time:3.170967102050781e-05
delete time:3.719329833984375e-05
delete time:3.361701965332031e-05
delete time:3.62396240234375e-05
delete time:3.5762786865234375e-05
delete time:2.4080276489257812e-05
delete time:3.528594970703125e-05
delete time:2.7179718017578125e-05
delete time:2.4080276489257812e-05
delete time:2.3126602172851562e-05
delete time:2.7894973754882812e-05
delete time:2.956390380859375e-05
delete time:2.2411346435546875e-05
delete time:3.8623809814453125e-05
delete time:3.457069396972656e-05
delete time:3.4809112548828125e-05
delete time:2.193450927734375e-05
delete time:3.075599670410156e-05
delete time:3.3855438232421875e-05
delete time:4.458427429199219e-05
delete time:2.6941299438476562e-05
delete time:2.4080276489257812e-05
delete time:3.266334533691406e-05
delete time:4.458427429199219e-05
delete time:4.220008850097656e-05
delete time:3.075599670410156e-05
delete time:3.9577484130859375e-05
delete time:2.1219253540039062e-05
delete time:2.7894973754882812e-05
delete time:3.1948089599609375e-05
delete time:3.147125244140625e-05
delete time:3.0279159545898438e-05
delete time:2.5033950805664062e-05
delete time:2.1219253540039062e-05
delete time:2.1457672119140625e-05
delete time:3.24249267578125e-05
delete time:3.2901763916015625e-05
delete time:3.886222839355469e-05
delete time:4.029273986816406e-05
delete time:2.6941299438476562e-05
delete time:4.696846008300781e-05
delete time:4.673004150390625e-05
delete time:3.123283386230469e-05
delete time:3.4809112548828125e-05
delete time:2.6702880859375e-05
delete time:4.172325134277344e-05
delete time:3.24249267578125e-05
delete time:2.2172927856445312e-05
delete time:3.337860107421875e-05
delete time:3.1948089599609375e-05
delete time:3.981590270996094e-05
delete time:3.123283386230469e-05
delete time:2.288818359375e-05
delete time:3.4809112548828125e-05
delete time:2.9087066650390625e-05
delete time:2.9087066650390625e-05
delete time:2.9087066650390625e-05
delete time:3.0279159545898438e-05
delete time:3.0279159545898438e-05
delete time:4.458427429199219e-05
delete time:3.457069396972656e-05
delete time:2.5510787963867188e-05
delete time:2.7418136596679688e-05
delete time:2.6702880859375e-05
delete time:2.9802322387695312e-05
delete time:2.5033950805664062e-05
delete time:3.886222839355469e-05
delete time:4.267692565917969e-05
delete time:4.887580871582031e-05
delete time:4.792213439941406e-05
delete time:3.218650817871094e-05
delete time:4.1484832763671875e-05
delete time:2.8371810913085938e-05
delete time:3.337860107421875e-05
delete time:3.528594970703125e-05
delete time:2.86102294921875e-05
delete time:3.7670135498046875e-05
delete time:3.1948089599609375e-05
delete time:2.574920654296875e-05
delete time:3.4809112548828125e-05
delete time:3.147125244140625e-05
delete time:2.3365020751953125e-05
delete time:3.4809112548828125e-05
delete time:3.719329833984375e-05
delete time:3.910064697265625e-05
delete time:2.4318695068359375e-05
delete time:2.574920654296875e-05
delete time:3.0517578125e-05
delete time:2.9087066650390625e-05
delete time:3.600120544433594e-05
delete time:3.0994415283203125e-05
delete time:3.552436828613281e-05
delete time:2.574920654296875e-05
delete time:3.337860107421875e-05
delete time:3.337860107421875e-05
delete time:3.1948089599609375e-05
delete time:2.3365020751953125e-05
delete time:2.8133392333984375e-05
delete time:4.5299530029296875e-05
delete time:3.0517578125e-05
delete time:4.267692565917969e-05
delete time:3.0517578125e-05
delete time:3.552436828613281e-05
delete time:5.054473876953125e-05
delete time:2.4080276489257812e-05
delete time:4.76837158203125e-05
delete time:3.552436828613281e-05
delete time:2.9325485229492188e-05
delete time:2.7894973754882812e-05
delete time:4.1484832763671875e-05
delete time:4.649162292480469e-05
delete time:3.7670135498046875e-05
delete time:3.7670135498046875e-05
delete time:3.337860107421875e-05
delete time:3.2901763916015625e-05
delete time:3.552436828613281e-05
delete time:2.2411346435546875e-05
delete time:3.0040740966796875e-05
delete time:3.981590270996094e-05
delete time:3.314018249511719e-05
delete time:2.6464462280273438e-05
delete time:3.409385681152344e-05
delete time:2.193450927734375e-05
delete time:2.6226043701171875e-05
delete time:3.647804260253906e-05
delete time:3.337860107421875e-05
delete time:1.8835067749023438e-05
delete time:2.9325485229492188e-05
delete time:3.409385681152344e-05
delete time:4.363059997558594e-05
delete time:3.266334533691406e-05
delete time:2.6464462280273438e-05
delete time:3.504753112792969e-05
delete time:1.9073486328125e-05
delete time:3.24249267578125e-05
delete time:4.4345855712890625e-05
delete time:2.8848648071289062e-05
delete time:2.86102294921875e-05
delete time:3.0517578125e-05
delete time:2.384185791015625e-05
delete time:2.956390380859375e-05
delete time:3.910064697265625e-05
delete time:3.4332275390625e-05
delete time:2.47955322265625e-05
delete time:2.7894973754882812e-05
delete time:2.7179718017578125e-05
delete time:2.9802322387695312e-05
delete time:4.220008850097656e-05
delete time:3.170967102050781e-05
delete time:3.6716461181640625e-05
delete time:3.457069396972656e-05
delete time:4.506111145019531e-05
delete time:2.0742416381835938e-05
delete time:3.5762786865234375e-05
delete time:3.0279159545898438e-05
delete time:3.504753112792969e-05
delete time:3.409385681152344e-05
delete time:2.9087066650390625e-05
delete time:3.552436828613281e-05
delete time:3.2901763916015625e-05
delete time:2.6702880859375e-05
delete time:2.6941299438476562e-05
delete time:3.147125244140625e-05
delete time:3.147125244140625e-05
delete time:3.075599670410156e-05
delete time:2.765655517578125e-05
delete time:3.0040740966796875e-05
delete time:3.361701965332031e-05
delete time:2.4318695068359375e-05
delete time:3.647804260253906e-05
delete time:2.1696090698242188e-05
delete time:2.47955322265625e-05
delete time:3.6716461181640625e-05
delete time:2.7179718017578125e-05
delete time:4.172325134277344e-05
delete time:3.409385681152344e-05
delete time:3.5762786865234375e-05
delete time:3.123283386230469e-05
delete time:2.1457672119140625e-05
delete time:2.6226043701171875e-05
delete time:3.457069396972656e-05
delete time:4.4345855712890625e-05
delete time:3.170967102050781e-05
delete time:2.384185791015625e-05
delete time:3.528594970703125e-05
delete time:4.220008850097656e-05
delete time:2.5510787963867188e-05
delete time:2.5272369384765625e-05
delete time:4.6253204345703125e-05
delete time:3.0517578125e-05
delete time:3.2901763916015625e-05
delete time:3.218650817871094e-05
delete time:2.956390380859375e-05
delete time:3.8623809814453125e-05
delete time:3.1948089599609375e-05
delete time:3.981590270996094e-05
delete time:3.337860107421875e-05
delete time:3.0517578125e-05
delete time:3.910064697265625e-05
delete time:2.2411346435546875e-05
delete time:4.291534423828125e-05
delete time:2.5033950805664062e-05
delete time:3.528594970703125e-05
delete time:2.5272369384765625e-05
delete time:3.790855407714844e-05
delete time:3.695487976074219e-05
delete time:3.0517578125e-05
delete time:3.552436828613281e-05
delete time:3.4332275390625e-05
delete time:5.078315734863281e-05
delete time:5.316734313964844e-05
delete time:2.7418136596679688e-05
delete time:3.147125244140625e-05
delete time:3.528594970703125e-05
delete time:2.574920654296875e-05
delete time:3.123283386230469e-05
delete time:3.886222839355469e-05
delete time:2.4318695068359375e-05
delete time:3.409385681152344e-05
delete time:2.8848648071289062e-05
delete time:2.8133392333984375e-05
delete time:2.3365020751953125e-05
delete time:3.24249267578125e-05
delete time:3.075599670410156e-05
delete time:3.314018249511719e-05
delete time:3.147125244140625e-05
delete time:3.2901763916015625e-05
delete time:4.839897155761719e-05
delete time:2.3126602172851562e-05
delete time:3.8623809814453125e-05
delete time:4.4345855712890625e-05
delete time:2.9087066650390625e-05
delete time:4.3392181396484375e-05
delete time:3.337860107421875e-05
delete time:2.956390380859375e-05
delete time:3.218650817871094e-05
delete time:3.910064697265625e-05
delete time:3.0994415283203125e-05
delete time:5.245208740234375e-05
delete time:3.314018249511719e-05
delete time:3.266334533691406e-05
delete time:3.4809112548828125e-05
delete time:2.7418136596679688e-05
delete time:3.504753112792969e-05
delete time:2.7894973754882812e-05
delete time:3.457069396972656e-05
delete time:3.62396240234375e-05
delete time:3.6716461181640625e-05
delete time:3.552436828613281e-05
delete time:3.0040740966796875e-05
delete time:3.218650817871094e-05
delete time:3.075599670410156e-05
delete time:2.3365020751953125e-05
delete time:4.57763671875e-05
delete time:4.792213439941406e-05
delete time:3.314018249511719e-05
delete time:3.337860107421875e-05
delete time:2.384185791015625e-05
delete time:2.47955322265625e-05
delete time:4.291534423828125e-05
delete time:3.4809112548828125e-05
delete time:3.528594970703125e-05
delete time:3.528594970703125e-05
delete time:3.0279159545898438e-05
delete time:4.00543212890625e-05
delete time:3.0040740966796875e-05
delete time:2.86102294921875e-05
delete time:2.7418136596679688e-05
delete time:3.24249267578125e-05
delete time:4.8160552978515625e-05
delete time:2.5510787963867188e-05
delete time:3.910064697265625e-05
delete time:3.7670135498046875e-05
delete time:2.6464462280273438e-05
delete time:4.38690185546875e-05
delete time:3.838539123535156e-05
delete time:3.409385681152344e-05
delete time:2.7894973754882812e-05
delete time:2.2649765014648438e-05
delete time:3.266334533691406e-05
delete time:2.86102294921875e-05
delete time:4.696846008300781e-05
delete time:3.457069396972656e-05
delete time:2.86102294921875e-05
delete time:2.6464462280273438e-05
delete time:3.552436828613281e-05
delete time:3.361701965332031e-05
delete time:5.054473876953125e-05
delete time:3.933906555175781e-05
delete time:3.4332275390625e-05
delete time:2.47955322265625e-05
delete time:3.24249267578125e-05
delete time:3.0040740966796875e-05
delete time:2.2411346435546875e-05
delete time:2.9325485229492188e-05
delete time:3.409385681152344e-05
delete time:2.3126602172851562e-05
delete time:4.100799560546875e-05
delete time:3.0279159545898438e-05
delete time:3.6716461181640625e-05
delete time:2.3126602172851562e-05
delete time:3.647804260253906e-05
delete time:2.3365020751953125e-05
delete time:3.6716461181640625e-05
delete time:3.6716461181640625e-05
delete time:2.6941299438476562e-05
delete time:3.218650817871094e-05
delete time:3.0279159545898438e-05
delete time:3.075599670410156e-05
delete time:4.4345855712890625e-05
delete time:2.956390380859375e-05
delete time:2.8848648071289062e-05
delete time:3.4809112548828125e-05
delete time:3.3855438232421875e-05
delete time:3.409385681152344e-05
delete time:2.0265579223632812e-05
delete time:2.7418136596679688e-05
delete time:3.838539123535156e-05
delete time:2.7179718017578125e-05
delete time:2.6941299438476562e-05
delete time:4.482269287109375e-05
delete time:3.123283386230469e-05
delete time:3.457069396972656e-05
delete time:3.0517578125e-05
delete time:3.2901763916015625e-05
delete time:2.7894973754882812e-05
delete time:3.123283386230469e-05
delete time:3.361701965332031e-05
delete time:4.5299530029296875e-05
delete time:3.170967102050781e-05
delete time:3.7670135498046875e-05
delete time:2.47955322265625e-05
delete time:2.2649765014648438e-05
delete time:2.6702880859375e-05
delete time:3.719329833984375e-05
delete time:2.5272369384765625e-05
delete time:3.743171691894531e-05
delete time:4.220008850097656e-05
delete time:2.9802322387695312e-05
delete time:2.86102294921875e-05
delete time:4.029273986816406e-05
delete time:3.552436828613281e-05
delete time:3.123283386230469e-05
delete time:4.1961669921875e-05
delete time:3.528594970703125e-05
delete time:3.0994415283203125e-05
delete time:1.9311904907226562e-05
delete time:3.0279159545898438e-05
delete time:2.7418136596679688e-05
delete time:3.1948089599609375e-05
delete time:3.981590270996094e-05
delete time:3.790855407714844e-05
delete time:3.4809112548828125e-05
delete time:3.170967102050781e-05
delete time:3.314018249511719e-05
delete time:3.218650817871094e-05
delete time:2.86102294921875e-05
delete time:2.5987625122070312e-05
delete time:3.0279159545898438e-05
delete time:3.0040740966796875e-05
delete time:2.8848648071289062e-05
delete time:2.4318695068359375e-05
delete time:2.1696090698242188e-05
delete time:3.0040740966796875e-05
delete time:3.9577484130859375e-05
delete time:4.792213439941406e-05
delete time:4.029273986816406e-05
delete time:2.4557113647460938e-05
delete time:3.075599670410156e-05
delete time:3.218650817871094e-05
delete time:4.4345855712890625e-05
delete time:3.552436828613281e-05
delete time:3.0517578125e-05
delete time:2.5272369384765625e-05
delete time:2.2172927856445312e-05
delete time:4.029273986816406e-05
delete time:3.981590270996094e-05
delete time:4.458427429199219e-05
delete time:2.8133392333984375e-05
delete time:3.695487976074219e-05
delete time:2.9325485229492188e-05
delete time:2.6464462280273438e-05
delete time:3.24249267578125e-05
delete time:3.0040740966796875e-05
delete time:4.2438507080078125e-05
delete time:1.6927719116210938e-05
delete time:2.47955322265625e-05
delete time:3.457069396972656e-05
delete time:2.9087066650390625e-05
delete time:4.839897155761719e-05
delete time:4.363059997558594e-05
delete time:2.6464462280273438e-05
delete time:4.410743713378906e-05
delete time:3.409385681152344e-05
delete time:3.528594970703125e-05
delete time:2.4557113647460938e-05
delete time:2.9087066650390625e-05
delete time:2.5987625122070312e-05
delete time:3.075599670410156e-05
delete time:3.4332275390625e-05
delete time:4.315376281738281e-05
delete time:3.910064697265625e-05
delete time:3.62396240234375e-05
delete time:2.7894973754882812e-05
delete time:4.7206878662109375e-05
delete time:4.696846008300781e-05
delete time:2.7179718017578125e-05
delete time:3.2901763916015625e-05
delete time:2.8371810913085938e-05
delete time:5.1975250244140625e-05
delete time:2.4080276489257812e-05
delete time:3.528594970703125e-05
delete time:3.0994415283203125e-05
delete time:1.9073486328125e-05
delete time:3.3855438232421875e-05
delete time:2.765655517578125e-05
delete time:2.574920654296875e-05
delete time:3.933906555175781e-05
delete time:2.9087066650390625e-05
delete time:2.9087066650390625e-05
delete time:2.956390380859375e-05
delete time:3.647804260253906e-05
delete time:3.361701965332031e-05
delete time:3.1948089599609375e-05
delete time:4.291534423828125e-05
delete time:4.482269287109375e-05
delete time:4.029273986816406e-05
delete time:2.9325485229492188e-05
delete time:4.220008850097656e-05
delete time:2.3365020751953125e-05
delete time:3.147125244140625e-05
delete time:3.4809112548828125e-05
delete time:2.3365020751953125e-05
delete time:3.3855438232421875e-05
delete time:4.6253204345703125e-05
delete time:2.1457672119140625e-05
delete time:3.337860107421875e-05
delete time:3.0040740966796875e-05
delete time:2.384185791015625e-05
delete time:4.220008850097656e-05
delete time:3.5762786865234375e-05
delete time:3.361701965332031e-05
delete time:3.0994415283203125e-05
delete time:5.030632019042969e-05
delete time:4.935264587402344e-05
delete time:2.002716064453125e-05
delete time:2.09808349609375e-05
delete time:2.3603439331054688e-05
delete time:2.384185791015625e-05
delete time:4.744529724121094e-05
delete time:3.0279159545898438e-05
delete time:2.8371810913085938e-05
delete time:3.266334533691406e-05
delete time:3.0517578125e-05
delete time:3.743171691894531e-05
delete time:3.123283386230469e-05
delete time:2.8371810913085938e-05
delete time:3.0994415283203125e-05
delete time:2.47955322265625e-05
delete time:3.4332275390625e-05
delete time:2.7179718017578125e-05
delete time:3.218650817871094e-05
delete time:3.528594970703125e-05
delete time:3.218650817871094e-05
delete time:4.076957702636719e-05
delete time:3.600120544433594e-05
delete time:3.337860107421875e-05
delete time:3.3855438232421875e-05
delete time:2.7418136596679688e-05
delete time:2.7894973754882812e-05
delete time:3.170967102050781e-05
delete time:3.719329833984375e-05
delete time:2.9087066650390625e-05
delete time:3.981590270996094e-05
delete time:3.170967102050781e-05
delete time:3.337860107421875e-05
delete time:3.4332275390625e-05
delete time:3.528594970703125e-05
delete time:2.9325485229492188e-05
delete time:2.1457672119140625e-05
delete time:3.695487976074219e-05
delete time:4.887580871582031e-05
delete time:2.6702880859375e-05
delete time:2.193450927734375e-05
delete time:2.8133392333984375e-05
delete time:2.6941299438476562e-05
delete time:3.504753112792969e-05
delete time:4.458427429199219e-05
delete time:2.8848648071289062e-05
delete time:4.100799560546875e-05
delete time:5.245208740234375e-05
delete time:3.3855438232421875e-05
delete time:3.2901763916015625e-05
delete time:3.981590270996094e-05
delete time:4.2438507080078125e-05
delete time:3.504753112792969e-05
delete time:4.363059997558594e-05
delete time:2.47955322265625e-05
delete time:2.7894973754882812e-05
delete time:3.123283386230469e-05
delete time:2.86102294921875e-05
delete time:4.0531158447265625e-05
delete time:4.696846008300781e-05
delete time:4.00543212890625e-05
delete time:3.981590270996094e-05
delete time:3.3855438232421875e-05
delete time:3.981590270996094e-05
delete time:2.7894973754882812e-05
delete time:4.38690185546875e-05
delete time:2.5987625122070312e-05
delete time:2.5033950805664062e-05
delete time:3.2901763916015625e-05
delete time:4.863739013671875e-05
delete time:3.4809112548828125e-05
delete time:4.673004150390625e-05
delete time:4.029273986816406e-05
delete time:3.886222839355469e-05
delete time:3.2901763916015625e-05
delete time:2.9087066650390625e-05
delete time:2.9087066650390625e-05
delete time:3.528594970703125e-05
delete time:3.62396240234375e-05
delete time:3.266334533691406e-05
delete time:3.123283386230469e-05
delete time:3.2901763916015625e-05
delete time:4.363059997558594e-05
delete time:3.170967102050781e-05
delete time:2.6226043701171875e-05
delete time:4.00543212890625e-05
delete time:4.2438507080078125e-05
delete time:3.743171691894531e-05
delete time:2.9325485229492188e-05
delete time:3.0279159545898438e-05
delete time:3.0517578125e-05
delete time:3.218650817871094e-05
delete time:3.123283386230469e-05
delete time:2.4318695068359375e-05
delete time:2.47955322265625e-05
delete time:2.8371810913085938e-05
delete time:2.8133392333984375e-05
delete time:2.9325485229492188e-05
delete time:2.0503997802734375e-05
delete time:2.4557113647460938e-05
delete time:2.7894973754882812e-05
delete time:3.0994415283203125e-05
delete time:5.5789947509765625e-05
delete time:4.673004150390625e-05
delete time:6.198883056640625e-05
delete time:3.790855407714844e-05
delete time:5.340576171875e-05
delete time:3.266334533691406e-05
delete time:2.6464462280273438e-05
delete time:4.076957702636719e-05
delete time:3.075599670410156e-05
delete time:2.7179718017578125e-05
delete time:2.5033950805664062e-05
delete time:2.384185791015625e-05
delete time:2.9802322387695312e-05
delete time:2.7418136596679688e-05
delete time:2.9087066650390625e-05
delete time:2.7418136596679688e-05
delete time:4.076957702636719e-05
delete time:3.457069396972656e-05
delete time:1.9311904907226562e-05
delete time:2.5272369384765625e-05
delete time:2.9802322387695312e-05
delete time:2.956390380859375e-05
delete time:3.743171691894531e-05
delete time:4.8160552978515625e-05
delete time:2.6464462280273438e-05
delete time:4.4345855712890625e-05
delete time:2.8848648071289062e-05
delete time:1.811981201171875e-05
delete time:3.3855438232421875e-05
delete time:3.62396240234375e-05
delete time:4.8160552978515625e-05
delete time:4.410743713378906e-05
delete time:2.86102294921875e-05
delete time:2.6702880859375e-05
delete time:3.9577484130859375e-05
delete time:3.409385681152344e-05
delete time:3.504753112792969e-05
delete time:3.62396240234375e-05
delete time:2.7179718017578125e-05
delete time:3.886222839355469e-05
delete time:3.147125244140625e-05
delete time:4.76837158203125e-05
delete time:4.38690185546875e-05
delete time:2.7894973754882812e-05
delete time:4.100799560546875e-05
delete time:2.6702880859375e-05
delete time:3.147125244140625e-05
delete time:2.6941299438476562e-05
delete time:2.5987625122070312e-05
delete time:3.743171691894531e-05
delete time:2.8848648071289062e-05
delete time:2.765655517578125e-05
delete time:4.172325134277344e-05
delete time:2.8848648071289062e-05
delete time:3.147125244140625e-05
delete time:4.863739013671875e-05
delete time:3.147125244140625e-05
delete time:2.956390380859375e-05
delete time:1.621246337890625e-05
delete time:1.811981201171875e-05
delete time:4.696846008300781e-05
delete time:2.9802322387695312e-05
delete time:2.7418136596679688e-05
delete time:3.6716461181640625e-05
delete time:2.5510787963867188e-05
delete time:3.933906555175781e-05
delete time:4.291534423828125e-05
delete time:2.4318695068359375e-05
delete time:2.7894973754882812e-05
delete time:3.361701965332031e-05
delete time:2.6702880859375e-05
delete time:2.4318695068359375e-05
delete time:5.841255187988281e-05
delete time:3.1948089599609375e-05
delete time:2.6464462280273438e-05
delete time:6.699562072753906e-05
delete time:3.2901763916015625e-05
delete time:3.2901763916015625e-05
delete time:4.839897155761719e-05
delete time:2.8848648071289062e-05
delete time:3.314018249511719e-05
delete time:5.1021575927734375e-05
delete time:2.5987625122070312e-05
delete time:3.743171691894531e-05
delete time:2.8133392333984375e-05
delete time:2.765655517578125e-05
delete time:3.218650817871094e-05
delete time:2.574920654296875e-05
delete time:3.147125244140625e-05
delete time:5.030632019042969e-05
delete time:3.457069396972656e-05
delete time:1.8835067749023438e-05
delete time:5.030632019042969e-05
delete time:3.0279159545898438e-05
delete time:3.409385681152344e-05
delete time:2.6941299438476562e-05
delete time:2.6702880859375e-05
delete time:3.0279159545898438e-05
delete time:4.291534423828125e-05
delete time:4.6253204345703125e-05
delete time:2.574920654296875e-05
delete time:3.504753112792969e-05
delete time:4.696846008300781e-05
delete time:3.528594970703125e-05
delete time:2.6941299438476562e-05
delete time:2.3603439331054688e-05
delete time:3.337860107421875e-05
delete time:3.123283386230469e-05
delete time:2.8371810913085938e-05
delete time:3.123283386230469e-05
delete time:3.743171691894531e-05
delete time:2.4080276489257812e-05
delete time:3.4332275390625e-05
delete time:3.4332275390625e-05
delete time:2.6702880859375e-05
delete time:3.719329833984375e-05
delete time:3.4332275390625e-05
delete time:2.4318695068359375e-05
delete time:4.553794860839844e-05
delete time:4.982948303222656e-05
delete time:3.24249267578125e-05
delete time:2.5272369384765625e-05
delete time:2.47955322265625e-05
delete time:2.6941299438476562e-05
delete time:2.4318695068359375e-05
delete time:4.982948303222656e-05
delete time:3.0517578125e-05
delete time:2.9325485229492188e-05
delete time:3.24249267578125e-05
delete time:2.3365020751953125e-05
delete time:2.6226043701171875e-05
delete time:2.5033950805664062e-05
delete time:4.00543212890625e-05
delete time:3.4809112548828125e-05
delete time:2.47955322265625e-05
delete time:2.4557113647460938e-05
delete time:2.9802322387695312e-05
delete time:3.528594970703125e-05
delete time:2.8133392333984375e-05
delete time:2.9325485229492188e-05
delete time:2.6226043701171875e-05
delete time:4.100799560546875e-05
delete time:2.9087066650390625e-05
delete time:2.8371810913085938e-05
delete time:5.269050598144531e-05
delete time:2.7418136596679688e-05
delete time:3.457069396972656e-05
delete time:2.6226043701171875e-05
delete time:3.409385681152344e-05
delete time:2.3603439331054688e-05
delete time:2.574920654296875e-05
delete time:3.7670135498046875e-05
delete time:3.075599670410156e-05
delete time:2.0265579223632812e-05
delete time:5.2928924560546875e-05
delete time:3.075599670410156e-05
delete time:3.719329833984375e-05
delete time:3.266334533691406e-05
delete time:2.4080276489257812e-05
delete time:3.147125244140625e-05
delete time:2.765655517578125e-05
delete time:2.8133392333984375e-05
delete time:3.647804260253906e-05
delete time:2.6226043701171875e-05
delete time:4.935264587402344e-05
delete time:4.506111145019531e-05
delete time:2.4557113647460938e-05
delete time:2.384185791015625e-05
delete time:2.5987625122070312e-05
delete time:4.482269287109375e-05
delete time:3.647804260253906e-05
delete time:3.0040740966796875e-05
delete time:2.7894973754882812e-05
delete time:2.956390380859375e-05
delete time:3.2901763916015625e-05
delete time:4.100799560546875e-05
delete time:3.504753112792969e-05
delete time:3.409385681152344e-05
delete time:2.9325485229492188e-05
delete time:3.695487976074219e-05
delete time:4.172325134277344e-05
delete time:2.1457672119140625e-05
delete time:3.266334533691406e-05
delete time:3.7670135498046875e-05
delete time:3.24249267578125e-05
delete time:3.337860107421875e-05
delete time:2.86102294921875e-05
delete time:2.8133392333984375e-05
delete time:2.86102294921875e-05
delete time:2.86102294921875e-05
delete time:4.76837158203125e-05
delete time:2.8848648071289062e-05
delete time:4.2438507080078125e-05
delete time:3.838539123535156e-05
delete time:3.1948089599609375e-05
delete time:2.5987625122070312e-05
delete time:4.482269287109375e-05
delete time:3.504753112792969e-05
delete time:3.457069396972656e-05
delete time:2.4557113647460938e-05
delete time:3.0279159545898438e-05
delete time:2.3603439331054688e-05
delete time:2.765655517578125e-05
delete time:2.7179718017578125e-05
delete time:3.457069396972656e-05
delete time:3.170967102050781e-05
delete time:3.933906555175781e-05
delete time:3.123283386230469e-05
delete time:3.2901763916015625e-05
delete time:2.1457672119140625e-05
delete time:3.695487976074219e-05
delete time:3.4809112548828125e-05
delete time:4.744529724121094e-05
delete time:3.9577484130859375e-05
delete time:3.0994415283203125e-05
delete time:2.8133392333984375e-05
delete time:1.8835067749023438e-05
delete time:2.5987625122070312e-05
delete time:3.528594970703125e-05
delete time:2.5510787963867188e-05
delete time:3.719329833984375e-05
delete time:2.4557113647460938e-05
delete time:2.765655517578125e-05
delete time:3.457069396972656e-05
delete time:3.981590270996094e-05
delete time:4.1484832763671875e-05
delete time:2.86102294921875e-05
delete time:3.4332275390625e-05
delete time:3.886222839355469e-05
delete time:2.86102294921875e-05
delete time:2.956390380859375e-05
delete time:3.3855438232421875e-05
delete time:3.5762786865234375e-05
delete time:3.0279159545898438e-05
delete time:3.0517578125e-05
delete time:2.3126602172851562e-05
delete time:3.7670135498046875e-05
delete time:4.100799560546875e-05
delete time:3.0040740966796875e-05
delete time:1.811981201171875e-05
delete time:4.029273986816406e-05
delete time:4.220008850097656e-05
delete time:3.2901763916015625e-05
delete time:4.6253204345703125e-05
delete time:4.57763671875e-05
delete time:2.0503997802734375e-05
delete time:2.5033950805664062e-05
delete time:3.3855438232421875e-05
delete time:3.528594970703125e-05
delete time:4.1961669921875e-05
delete time:3.123283386230469e-05
delete time:2.9087066650390625e-05
delete time:4.2438507080078125e-05
delete time:2.6941299438476562e-05
delete time:4.38690185546875e-05
delete time:5.507469177246094e-05
delete time:3.814697265625e-05
delete time:3.4332275390625e-05
delete time:2.7894973754882812e-05
delete time:4.673004150390625e-05
delete time:4.4345855712890625e-05
delete time:2.1219253540039062e-05
delete time:3.3855438232421875e-05
delete time:3.24249267578125e-05
delete time:2.47955322265625e-05
delete time:2.193450927734375e-05
delete time:4.1961669921875e-05
delete time:2.7894973754882812e-05
delete time:2.47955322265625e-05
delete time:4.8160552978515625e-05
delete time:4.220008850097656e-05
delete time:2.384185791015625e-05
delete time:2.9325485229492188e-05
delete time:3.0994415283203125e-05
delete time:3.814697265625e-05
delete time:4.458427429199219e-05
delete time:3.719329833984375e-05
delete time:3.504753112792969e-05
delete time:5.269050598144531e-05
delete time:4.00543212890625e-05
delete time:4.0531158447265625e-05
delete time:2.86102294921875e-05
delete time:4.267692565917969e-05
delete time:3.409385681152344e-05
delete time:3.337860107421875e-05
delete time:2.9325485229492188e-05
delete time:2.09808349609375e-05
delete time:3.266334533691406e-05
delete time:4.172325134277344e-05
delete time:2.9802322387695312e-05
delete time:4.315376281738281e-05
delete time:3.7670135498046875e-05
delete time:3.361701965332031e-05
delete time:4.887580871582031e-05
delete time:3.647804260253906e-05
delete time:3.170967102050781e-05
delete time:3.0994415283203125e-05
delete time:3.790855407714844e-05
delete time:2.9087066650390625e-05
delete time:4.172325134277344e-05
delete time:2.765655517578125e-05
delete time:3.719329833984375e-05
delete time:3.0517578125e-05
delete time:3.123283386230469e-05
delete time:4.124641418457031e-05
delete time:2.384185791015625e-05
delete time:3.1948089599609375e-05
delete time:3.4332275390625e-05
delete time:3.933906555175781e-05
delete time:3.409385681152344e-05
delete time:3.0040740966796875e-05
delete time:4.482269287109375e-05
delete time:4.673004150390625e-05
delete time:4.1484832763671875e-05
delete time:2.2649765014648438e-05
delete time:2.47955322265625e-05
delete time:2.5510787963867188e-05
delete time:3.552436828613281e-05
delete time:3.170967102050781e-05
delete time:2.5510787963867188e-05
delete time:4.315376281738281e-05
delete time:2.7179718017578125e-05
delete time:4.076957702636719e-05
delete time:4.649162292480469e-05
delete time:3.218650817871094e-05
delete time:2.2649765014648438e-05
delete time:2.7894973754882812e-05
delete time:3.0279159545898438e-05
delete time:2.8848648071289062e-05
delete time:2.8133392333984375e-05
delete time:3.62396240234375e-05
delete time:3.0279159545898438e-05
delete time:2.5510787963867188e-05
delete time:3.3855438232421875e-05
delete time:4.3392181396484375e-05
delete time:3.4332275390625e-05
delete time:2.47955322265625e-05
delete time:3.528594970703125e-05
delete time:2.09808349609375e-05
delete time:3.457069396972656e-05
delete time:2.0742416381835938e-05
delete time:3.62396240234375e-05
delete time:2.4318695068359375e-05
delete time:3.409385681152344e-05
delete time:2.8848648071289062e-05
delete time:4.458427429199219e-05
delete time:3.910064697265625e-05
delete time:3.743171691894531e-05
delete time:2.4557113647460938e-05
delete time:3.147125244140625e-05
delete time:3.0279159545898438e-05
delete time:2.5033950805664062e-05
delete time:3.9577484130859375e-05
delete time:2.9802322387695312e-05
delete time:3.910064697265625e-05
delete time:3.147125244140625e-05
delete time:4.38690185546875e-05
delete time:3.2901763916015625e-05
delete time:3.266334533691406e-05
delete time:2.4318695068359375e-05
delete time:4.673004150390625e-05
delete time:3.552436828613281e-05
delete time:3.266334533691406e-05
delete time:3.838539123535156e-05
delete time:3.314018249511719e-05
delete time:3.123283386230469e-05
delete time:3.24249267578125e-05
delete time:4.100799560546875e-05
delete time:3.2901763916015625e-05
delete time:3.409385681152344e-05
delete time:3.1948089599609375e-05
delete time:3.6716461181640625e-05
delete time:2.765655517578125e-05
delete time:3.0040740966796875e-05
delete time:3.9577484130859375e-05
delete time:3.552436828613281e-05
delete time:3.743171691894531e-05
delete time:3.981590270996094e-05
delete time:3.0517578125e-05
delete time:1.6927719116210938e-05
delete time:4.0531158447265625e-05
delete time:3.123283386230469e-05
delete time:3.0994415283203125e-05
delete time:2.9325485229492188e-05
delete time:3.409385681152344e-05
delete time:2.288818359375e-05
delete time:3.0279159545898438e-05
delete time:2.956390380859375e-05
delete time:4.57763671875e-05
delete time:3.123283386230469e-05
delete time:2.956390380859375e-05
delete time:3.337860107421875e-05
delete time:3.1948089599609375e-05
delete time:3.218650817871094e-05
delete time:3.910064697265625e-05
delete time:3.4809112548828125e-05
delete time:3.170967102050781e-05
delete time:2.5987625122070312e-05
delete time:2.5510787963867188e-05
delete time:2.574920654296875e-05
delete time:3.1948089599609375e-05
delete time:4.172325134277344e-05
delete time:5.078315734863281e-05
delete time:3.457069396972656e-05
delete time:2.1219253540039062e-05
delete time:2.9087066650390625e-05
delete time:2.7418136596679688e-05
delete time:3.1948089599609375e-05
delete time:3.9577484130859375e-05
delete time:3.266334533691406e-05
delete time:3.147125244140625e-05
delete time:3.790855407714844e-05
delete time:4.00543212890625e-05
delete time:2.6226043701171875e-05
delete time:3.337860107421875e-05
delete time:3.6716461181640625e-05
delete time:3.600120544433594e-05
delete time:3.8623809814453125e-05
delete time:3.838539123535156e-05
delete time:3.266334533691406e-05
delete time:2.193450927734375e-05
delete time:3.1948089599609375e-05
delete time:2.8133392333984375e-05
delete time:5.1975250244140625e-05
delete time:4.2438507080078125e-05
delete time:3.647804260253906e-05
delete time:4.506111145019531e-05
delete time:2.8371810913085938e-05
delete time:3.4332275390625e-05
delete time:2.47955322265625e-05
delete time:2.3603439331054688e-05
delete time:4.887580871582031e-05
delete time:2.7418136596679688e-05
delete time:2.9325485229492188e-05
delete time:2.6226043701171875e-05
delete time:3.2901763916015625e-05
delete time:3.528594970703125e-05
delete time:2.193450927734375e-05
delete time:3.147125244140625e-05
delete time:5.507469177246094e-05
delete time:3.0040740966796875e-05
delete time:4.076957702636719e-05
delete time:2.7179718017578125e-05
delete time:2.7418136596679688e-05
delete time:2.9087066650390625e-05
delete time:3.218650817871094e-05
delete time:2.6702880859375e-05
delete time:2.574920654296875e-05
delete time:3.62396240234375e-05
delete time:3.0994415283203125e-05
delete time:2.7179718017578125e-05
delete time:2.2649765014648438e-05
delete time:4.5299530029296875e-05
delete time:3.0279159545898438e-05
delete time:4.3392181396484375e-05
delete time:3.528594970703125e-05
delete time:3.62396240234375e-05
delete time:4.76837158203125e-05
delete time:3.123283386230469e-05
delete time:4.6253204345703125e-05
delete time:4.172325134277344e-05
delete time:3.0279159545898438e-05
delete time:2.384185791015625e-05
delete time:3.0279159545898438e-05
delete time:2.193450927734375e-05
delete time:4.792213439941406e-05
delete time:2.1219253540039062e-05
delete time:4.4345855712890625e-05
delete time:2.5033950805664062e-05
delete time:3.743171691894531e-05
delete time:3.8623809814453125e-05
delete time:4.291534423828125e-05
delete time:3.0994415283203125e-05
delete time:3.695487976074219e-05
delete time:2.574920654296875e-05
delete time:2.956390380859375e-05
delete time:4.410743713378906e-05
delete time:3.814697265625e-05
delete time:3.218650817871094e-05
delete time:3.24249267578125e-05
delete time:3.0994415283203125e-05
delete time:2.9802322387695312e-05
delete time:3.6716461181640625e-05
delete time:4.00543212890625e-05
delete time:2.2172927856445312e-05
delete time:3.600120544433594e-05
delete time:3.218650817871094e-05
delete time:2.5272369384765625e-05
delete time:2.8371810913085938e-05
delete time:2.6464462280273438e-05
delete time:3.743171691894531e-05
delete time:3.8623809814453125e-05
delete time:4.0531158447265625e-05
delete time:3.528594970703125e-05
delete time:2.6464462280273438e-05
delete time:4.673004150390625e-05
delete time:5.340576171875e-05
delete time:4.8160552978515625e-05
delete time:2.8371810913085938e-05
delete time:3.5762786865234375e-05
delete time:2.5272369384765625e-05
delete time:1.811981201171875e-05
delete time:3.981590270996094e-05
delete time:3.147125244140625e-05
delete time:2.5272369384765625e-05
delete time:3.123283386230469e-05
delete time:3.0517578125e-05
delete time:3.0994415283203125e-05
delete time:3.218650817871094e-05
delete time:3.075599670410156e-05
delete time:2.7179718017578125e-05
delete time:4.1484832763671875e-05
delete time:2.288818359375e-05
delete time:2.86102294921875e-05
delete time:3.24249267578125e-05
delete time:3.6716461181640625e-05
delete time:2.3365020751953125e-05
delete time:3.123283386230469e-05
delete time:2.5510787963867188e-05
delete time:3.647804260253906e-05
delete time:3.0040740966796875e-05
delete time:3.314018249511719e-05
delete time:2.8371810913085938e-05
delete time:3.7670135498046875e-05
delete time:3.5762786865234375e-05
delete time:2.2411346435546875e-05
delete time:4.291534423828125e-05
delete time:2.47955322265625e-05
delete time:3.314018249511719e-05
delete time:2.8133392333984375e-05
delete time:4.410743713378906e-05
delete time:3.910064697265625e-05
delete time:3.409385681152344e-05
delete time:2.5033950805664062e-05
delete time:4.9114227294921875e-05
delete time:4.792213439941406e-05
delete time:3.504753112792969e-05
delete time:3.790855407714844e-05
delete time:4.38690185546875e-05
delete time:2.6702880859375e-05
delete time:3.24249267578125e-05
delete time:2.8133392333984375e-05
delete time:4.38690185546875e-05
delete time:2.765655517578125e-05
delete time:3.218650817871094e-05
delete time:3.147125244140625e-05
delete time:4.363059997558594e-05
delete time:2.47955322265625e-05
delete time:4.1961669921875e-05
delete time:2.6941299438476562e-05
delete time:2.4080276489257812e-05
delete time:2.47955322265625e-05
delete time:4.124641418457031e-05
delete time:2.86102294921875e-05
delete time:3.24249267578125e-05
delete time:4.458427429199219e-05
delete time:4.076957702636719e-05
delete time:2.5987625122070312e-05
delete time:2.193450927734375e-05
delete time:2.384185791015625e-05
delete time:2.0503997802734375e-05
delete time:2.1457672119140625e-05
delete time:3.0040740966796875e-05
delete time:5.1975250244140625e-05
delete time:3.218650817871094e-05
delete time:3.981590270996094e-05
delete time:2.6464462280273438e-05
delete time:2.7418136596679688e-05
delete time:2.384185791015625e-05
delete time:2.86102294921875e-05
delete time:2.5510787963867188e-05
delete time:2.5272369384765625e-05
delete time:2.9087066650390625e-05
delete time:3.695487976074219e-05
delete time:3.314018249511719e-05
delete time:4.9591064453125e-05
delete time:3.457069396972656e-05
delete time:3.528594970703125e-05
delete time:2.1457672119140625e-05
delete time:4.5299530029296875e-05
delete time:3.552436828613281e-05
delete time:2.7894973754882812e-05
delete time:3.457069396972656e-05
delete time:3.0994415283203125e-05
delete time:3.3855438232421875e-05
delete time:3.6716461181640625e-05
delete time:5.435943603515625e-05
delete time:2.9325485229492188e-05
delete time:2.8848648071289062e-05
delete time:3.361701965332031e-05
delete time:3.552436828613281e-05
delete time:3.0994415283203125e-05
delete time:2.7894973754882812e-05
delete time:5.3882598876953125e-05
delete time:3.147125244140625e-05
delete time:3.266334533691406e-05
delete time:3.886222839355469e-05
delete time:2.3365020751953125e-05
delete time:2.9802322387695312e-05
delete time:3.123283386230469e-05
delete time:4.506111145019531e-05
delete time:3.457069396972656e-05
delete time:3.4332275390625e-05
delete time:2.6464462280273438e-05
delete time:4.9591064453125e-05
delete time:4.3392181396484375e-05
delete time:2.5272369384765625e-05
delete time:3.337860107421875e-05
delete time:2.7894973754882812e-05
delete time:2.288818359375e-05
delete time:5.2928924560546875e-05
delete time:4.315376281738281e-05
delete time:2.2411346435546875e-05
delete time:3.552436828613281e-05
delete time:4.8160552978515625e-05
delete time:2.8371810913085938e-05
delete time:3.647804260253906e-05
delete time:2.765655517578125e-05
delete time:3.170967102050781e-05
delete time:3.6716461181640625e-05
delete time:2.6941299438476562e-05
delete time:2.9087066650390625e-05
delete time:2.0265579223632812e-05
delete time:3.838539123535156e-05
delete time:2.7418136596679688e-05
delete time:3.719329833984375e-05
delete time:2.1696090698242188e-05
delete time:3.790855407714844e-05
delete time:2.2649765014648438e-05
delete time:4.1961669921875e-05
delete time:2.4318695068359375e-05
delete time:4.0531158447265625e-05
delete time:3.337860107421875e-05
delete time:4.839897155761719e-05
delete time:4.2438507080078125e-05
delete time:3.0517578125e-05
delete time:3.314018249511719e-05
delete time:2.384185791015625e-05
delete time:3.647804260253906e-05
delete time:4.291534423828125e-05
delete time:2.6702880859375e-05
delete time:4.00543212890625e-05
delete time:3.647804260253906e-05
delete time:2.2172927856445312e-05
delete time:2.7418136596679688e-05
delete time:2.5510787963867188e-05
delete time:2.8848648071289062e-05
delete time:2.8848648071289062e-05
delete time:3.790855407714844e-05
delete time:3.743171691894531e-05
delete time:1.9073486328125e-05
delete time:2.9802322387695312e-05
delete time:2.6941299438476562e-05
delete time:2.8133392333984375e-05
delete time:3.600120544433594e-05
delete time:3.314018249511719e-05
delete time:2.8848648071289062e-05
delete time:3.647804260253906e-05
delete time:3.0994415283203125e-05
delete time:3.0517578125e-05
delete time:3.0040740966796875e-05
delete time:2.4318695068359375e-05
delete time:2.6464462280273438e-05
delete time:3.62396240234375e-05
delete time:3.647804260253906e-05
delete time:3.2901763916015625e-05
delete time:2.9802322387695312e-05
delete time:2.8848648071289062e-05
delete time:2.4080276489257812e-05
delete time:3.600120544433594e-05
delete time:2.5033950805664062e-05
delete time:2.86102294921875e-05
delete time:3.337860107421875e-05
delete time:2.5510787963867188e-05
delete time:3.218650817871094e-05
delete time:4.3392181396484375e-05
delete time:4.792213439941406e-05
delete time:2.3603439331054688e-05
delete time:2.288818359375e-05
delete time:2.5987625122070312e-05
delete time:2.2649765014648438e-05
delete time:4.100799560546875e-05
delete time:3.457069396972656e-05
delete time:2.7418136596679688e-05
delete time:3.337860107421875e-05
delete time:3.910064697265625e-05
delete time:4.172325134277344e-05
delete time:2.956390380859375e-05
delete time:3.3855438232421875e-05
delete time:2.3603439331054688e-05
delete time:4.172325134277344e-05
delete time:2.193450927734375e-05
delete time:2.4318695068359375e-05
delete time:2.86102294921875e-05
delete time:2.956390380859375e-05
delete time:4.124641418457031e-05
delete time:5.14984130859375e-05
delete time:3.0279159545898438e-05
delete time:2.193450927734375e-05
delete time:2.47955322265625e-05
delete time:4.1961669921875e-05
delete time:2.8133392333984375e-05
delete time:2.6702880859375e-05
delete time:3.0517578125e-05
delete time:3.266334533691406e-05
delete time:2.2411346435546875e-05
delete time:3.147125244140625e-05
delete time:2.6226043701171875e-05
delete time:2.86102294921875e-05
delete time:2.4318695068359375e-05
delete time:4.553794860839844e-05
delete time:3.528594970703125e-05
delete time:3.790855407714844e-05
delete time:3.24249267578125e-05
delete time:2.1696090698242188e-05
delete time:3.886222839355469e-05
delete time:3.24249267578125e-05
delete time:3.0994415283203125e-05
delete time:2.6941299438476562e-05
delete time:3.24249267578125e-05
delete time:3.528594970703125e-05
delete time:3.361701965332031e-05
delete time:2.86102294921875e-05
delete time:3.552436828613281e-05
delete time:2.765655517578125e-05
delete time:3.552436828613281e-05
delete time:3.24249267578125e-05
delete time:2.7418136596679688e-05
delete time:3.218650817871094e-05
delete time:2.3365020751953125e-05
delete time:2.9802322387695312e-05
delete time:3.24249267578125e-05
delete time:2.9802322387695312e-05
delete time:3.528594970703125e-05
delete time:3.4809112548828125e-05
delete time:2.3365020751953125e-05
delete time:2.4318695068359375e-05
delete time:2.9087066650390625e-05
delete time:3.337860107421875e-05
delete time:1.9550323486328125e-05
delete time:4.3392181396484375e-05
delete time:2.8848648071289062e-05
delete time:2.9087066650390625e-05
delete time:3.361701965332031e-05
delete time:4.506111145019531e-05
delete time:4.124641418457031e-05
delete time:2.6941299438476562e-05
delete time:3.3855438232421875e-05
delete time:2.288818359375e-05
delete time:3.3855438232421875e-05
delete time:4.482269287109375e-05
delete time:4.029273986816406e-05
delete time:2.765655517578125e-05
delete time:4.5299530029296875e-05
delete time:2.288818359375e-05
delete time:3.790855407714844e-05
delete time:3.3855438232421875e-05
delete time:5.650520324707031e-05
delete time:4.315376281738281e-05
delete time:4.0531158447265625e-05
delete time:2.7894973754882812e-05
delete time:3.337860107421875e-05
delete time:2.5272369384765625e-05
delete time:2.7894973754882812e-05
delete time:2.7894973754882812e-05
delete time:3.933906555175781e-05
delete time:2.288818359375e-05
delete time:4.00543212890625e-05
delete time:4.363059997558594e-05
delete time:2.09808349609375e-05
delete time:4.7206878662109375e-05
delete time:3.0994415283203125e-05
delete time:4.696846008300781e-05
delete time:4.315376281738281e-05
delete time:3.552436828613281e-05
delete time:2.7179718017578125e-05
delete time:4.291534423828125e-05
delete time:4.2438507080078125e-05
delete time:3.170967102050781e-05
delete time:2.4318695068359375e-05
delete time:2.86102294921875e-05
delete time:2.2411346435546875e-05
delete time:3.600120544433594e-05
delete time:2.8371810913085938e-05
delete time:2.9325485229492188e-05
delete time:2.1696090698242188e-05
delete time:2.6464462280273438e-05
delete time:3.981590270996094e-05
delete time:3.0517578125e-05
delete time:3.9577484130859375e-05
delete time:3.409385681152344e-05
delete time:4.9114227294921875e-05
delete time:4.506111145019531e-05
delete time:2.5033950805664062e-05
delete time:3.910064697265625e-05
delete time:3.0994415283203125e-05
delete time:3.1948089599609375e-05
delete time:3.337860107421875e-05
delete time:2.6226043701171875e-05
delete time:3.743171691894531e-05
delete time:3.933906555175781e-05
delete time:3.218650817871094e-05
delete time:3.337860107421875e-05
delete time:3.910064697265625e-05
delete time:4.0531158447265625e-05
delete time:3.790855407714844e-05
delete time:2.2172927856445312e-05
delete time:2.7179718017578125e-05
delete time:2.7179718017578125e-05
delete time:3.170967102050781e-05
delete time:2.5510787963867188e-05
delete time:3.361701965332031e-05
delete time:3.886222839355469e-05
delete time:2.0742416381835938e-05
delete time:2.574920654296875e-05
delete time:3.147125244140625e-05
delete time:2.86102294921875e-05
delete time:1.9311904907226562e-05
delete time:3.361701965332031e-05
delete time:3.0279159545898438e-05
delete time:4.2438507080078125e-05
delete time:2.86102294921875e-05
delete time:3.170967102050781e-05
delete time:2.6941299438476562e-05
delete time:3.600120544433594e-05
delete time:4.696846008300781e-05
delete time:2.7418136596679688e-05
delete time:2.0503997802734375e-05
delete time:2.5987625122070312e-05
delete time:2.8848648071289062e-05
delete time:2.5033950805664062e-05
delete time:3.695487976074219e-05
delete time:3.719329833984375e-05
delete time:3.218650817871094e-05
delete time:2.956390380859375e-05
delete time:4.935264587402344e-05
delete time:2.8133392333984375e-05
delete time:4.458427429199219e-05
delete time:4.482269287109375e-05
delete time:2.765655517578125e-05
delete time:4.076957702636719e-05
delete time:4.0531158447265625e-05
delete time:3.3855438232421875e-05
delete time:3.170967102050781e-05
delete time:4.506111145019531e-05
delete time:2.6464462280273438e-05
delete time:3.790855407714844e-05
delete time:2.765655517578125e-05
delete time:2.86102294921875e-05
delete time:3.910064697265625e-05
delete time:3.075599670410156e-05
delete time:2.7179718017578125e-05
delete time:2.7418136596679688e-05
delete time:2.0503997802734375e-05
delete time:3.266334533691406e-05
delete time:4.458427429199219e-05
delete time:2.8133392333984375e-05
delete time:2.5272369384765625e-05
delete time:2.4557113647460938e-05
delete time:4.410743713378906e-05
delete time:3.7670135498046875e-05
delete time:3.361701965332031e-05
delete time:3.695487976074219e-05
delete time:3.314018249511719e-05
delete time:2.9802322387695312e-05
delete time:2.86102294921875e-05
delete time:2.4557113647460938e-05
delete time:4.076957702636719e-05
delete time:3.5762786865234375e-05
delete time:2.6702880859375e-05
delete time:3.5762786865234375e-05
delete time:2.5987625122070312e-05
delete time:2.956390380859375e-05
delete time:3.075599670410156e-05
delete time:3.504753112792969e-05
delete time:3.0517578125e-05
delete time:3.4332275390625e-05
delete time:2.1457672119140625e-05
delete time:4.267692565917969e-05
delete time:4.1484832763671875e-05
delete time:3.0279159545898438e-05
delete time:3.552436828613281e-05
delete time:2.384185791015625e-05
delete time:3.3855438232421875e-05
delete time:2.6464462280273438e-05
delete time:3.218650817871094e-05
delete time:4.76837158203125e-05
delete time:3.0517578125e-05
delete time:3.24249267578125e-05
delete time:3.2901763916015625e-05
delete time:2.9087066650390625e-05
delete time:2.9802322387695312e-05
delete time:2.7894973754882812e-05
delete time:2.1457672119140625e-05
delete time:2.6702880859375e-05
delete time:3.123283386230469e-05
delete time:2.6226043701171875e-05
delete time:4.696846008300781e-05
delete time:2.7894973754882812e-05
delete time:3.1948089599609375e-05
delete time:2.9087066650390625e-05
delete time:3.886222839355469e-05
delete time:2.9325485229492188e-05
delete time:2.9087066650390625e-05
delete time:4.3392181396484375e-05
delete time:4.458427429199219e-05
delete time:2.6464462280273438e-05
delete time:2.2649765014648438e-05
delete time:2.7894973754882812e-05
delete time:4.553794860839844e-05
delete time:4.482269287109375e-05
delete time:3.147125244140625e-05
delete time:2.86102294921875e-05
delete time:3.457069396972656e-05
delete time:2.765655517578125e-05
delete time:2.3126602172851562e-05
delete time:2.5510787963867188e-05
delete time:3.0517578125e-05
delete time:1.71661376953125e-05
delete time:4.553794860839844e-05
delete time:4.649162292480469e-05
delete time:4.291534423828125e-05
delete time:0.00014925003051757812
delete time:0.0001399517059326172
delete time:0.00012564659118652344
delete time:5.841255187988281e-05
delete time:0.00012063980102539062
delete time:0.00022339820861816406
delete time:0.00012993812561035156
delete time:0.00015425682067871094
delete time:0.00013327598571777344
delete time:9.632110595703125e-05
delete time:7.319450378417969e-05
delete time:7.033348083496094e-05
delete time:3.981590270996094e-05
delete time:6.031990051269531e-05
delete time:5.435943603515625e-05
delete time:6.413459777832031e-05
delete time:8.58306884765625e-05
delete time:9.083747863769531e-05
delete time:7.343292236328125e-05
delete time:5.626678466796875e-05
delete time:3.4809112548828125e-05
delete time:7.081031799316406e-05
delete time:0.00011539459228515625
delete time:4.8160552978515625e-05
delete time:8.034706115722656e-05
delete time:4.5299530029296875e-05
delete time:2.4557113647460938e-05
delete time:3.314018249511719e-05
delete time:2.4557113647460938e-05
delete time:3.910064697265625e-05
delete time:4.482269287109375e-05
delete time:4.696846008300781e-05
delete time:7.033348083496094e-05
delete time:6.29425048828125e-05
delete time:4.839897155761719e-05
delete time:7.772445678710938e-05
delete time:7.05718994140625e-05
delete time:7.176399230957031e-05
delete time:4.482269287109375e-05
delete time:3.8623809814453125e-05
delete time:4.458427429199219e-05
delete time:3.9577484130859375e-05
delete time:6.580352783203125e-05
delete time:2.9802322387695312e-05
delete time:6.29425048828125e-05
delete time:5.817413330078125e-05
delete time:3.9577484130859375e-05
delete time:6.270408630371094e-05
delete time:6.651878356933594e-05
delete time:2.9087066650390625e-05
delete time:3.62396240234375e-05
delete time:6.890296936035156e-05
delete time:7.176399230957031e-05
delete time:4.00543212890625e-05
delete time:4.744529724121094e-05
delete time:4.8160552978515625e-05
delete time:3.123283386230469e-05
delete time:2.9087066650390625e-05
delete time:3.910064697265625e-05
delete time:4.8160552978515625e-05
delete time:7.343292236328125e-05
delete time:5.364418029785156e-05
delete time:3.075599670410156e-05
delete time:3.314018249511719e-05
delete time:3.0040740966796875e-05
delete time:4.482269287109375e-05
delete time:4.744529724121094e-05
delete time:4.4345855712890625e-05
delete time:3.7670135498046875e-05
delete time:4.38690185546875e-05
delete time:3.0994415283203125e-05
delete time:3.147125244140625e-05
delete time:3.695487976074219e-05
delete time:4.363059997558594e-05
delete time:7.009506225585938e-05
delete time:4.887580871582031e-05
delete time:4.673004150390625e-05
delete time:3.647804260253906e-05
delete time:3.314018249511719e-05
delete time:5.7697296142578125e-05
delete time:6.651878356933594e-05
delete time:3.9577484130859375e-05
delete time:5.412101745605469e-05
delete time:4.029273986816406e-05
delete time:4.410743713378906e-05
delete time:4.315376281738281e-05
delete time:5.841255187988281e-05
delete time:4.553794860839844e-05
delete time:3.790855407714844e-05
delete time:3.075599670410156e-05
delete time:4.267692565917969e-05
delete time:4.458427429199219e-05
delete time:9.751319885253906e-05
delete time:5.817413330078125e-05
delete time:4.673004150390625e-05
delete time:3.7670135498046875e-05
delete time:4.0531158447265625e-05
delete time:4.649162292480469e-05
delete time:6.413459777832031e-05
delete time:4.00543212890625e-05
delete time:3.2901763916015625e-05
delete time:4.5299530029296875e-05
delete time:5.793571472167969e-05
delete time:5.602836608886719e-05
delete time:3.981590270996094e-05
delete time:5.984306335449219e-05
delete time:5.841255187988281e-05
delete time:4.1484832763671875e-05
delete time:5.221366882324219e-05
delete time:4.00543212890625e-05
delete time:5.1975250244140625e-05
delete time:4.363059997558594e-05
delete time:2.8371810913085938e-05
delete time:5.698204040527344e-05
delete time:4.887580871582031e-05
delete time:4.363059997558594e-05
delete time:3.4809112548828125e-05
delete time:3.719329833984375e-05
delete time:4.172325134277344e-05
delete time:4.124641418457031e-05
delete time:3.170967102050781e-05
delete time:2.9325485229492188e-05
delete time:4.315376281738281e-05
delete time:5.269050598144531e-05
delete time:4.410743713378906e-05
delete time:2.3603439331054688e-05
delete time:2.7179718017578125e-05
delete time:3.170967102050781e-05
delete time:4.649162292480469e-05
delete time:3.504753112792969e-05
delete time:5.173683166503906e-05
delete time:3.266334533691406e-05
delete time:4.6253204345703125e-05
delete time:2.86102294921875e-05
delete time:3.075599670410156e-05
delete time:3.218650817871094e-05
delete time:6.175041198730469e-05
delete time:4.8160552978515625e-05
delete time:2.5987625122070312e-05
delete time:2.574920654296875e-05
delete time:5.1975250244140625e-05
delete time:3.838539123535156e-05
delete time:4.1961669921875e-05
delete time:4.315376281738281e-05
delete time:3.552436828613281e-05
delete time:2.9802322387695312e-05
delete time:5.125999450683594e-05
delete time:5.054473876953125e-05
delete time:3.6716461181640625e-05
delete time:3.981590270996094e-05
delete time:6.151199340820312e-05
delete time:3.933906555175781e-05
delete time:3.314018249511719e-05
delete time:3.075599670410156e-05
delete time:4.7206878662109375e-05
delete time:4.839897155761719e-05
delete time:3.4332275390625e-05
delete time:3.8623809814453125e-05
delete time:3.528594970703125e-05
delete time:4.7206878662109375e-05
delete time:4.315376281738281e-05
delete time:4.863739013671875e-05
delete time:4.38690185546875e-05
delete time:3.600120544433594e-05
delete time:4.4345855712890625e-05
delete time:3.62396240234375e-05
delete time:3.3855438232421875e-05
delete time:5.626678466796875e-05
delete time:4.1484832763671875e-05
delete time:4.6253204345703125e-05
delete time:3.266334533691406e-05
delete time:5.245208740234375e-05
delete time:5.936622619628906e-05
delete time:3.7670135498046875e-05
delete time:4.2438507080078125e-05
delete time:3.361701965332031e-05
delete time:3.1948089599609375e-05
delete time:4.649162292480469e-05
delete time:2.6226043701171875e-05
delete time:3.7670135498046875e-05
delete time:2.5272369384765625e-05
delete time:3.981590270996094e-05
delete time:4.7206878662109375e-05
delete time:2.956390380859375e-05
delete time:3.528594970703125e-05
delete time:5.5789947509765625e-05
delete time:6.29425048828125e-05
delete time:3.6716461181640625e-05
delete time:4.673004150390625e-05
delete time:2.5272369384765625e-05
delete time:5.125999450683594e-05
delete time:2.6464462280273438e-05
delete time:2.2411346435546875e-05
delete time:4.482269287109375e-05
delete time:5.555152893066406e-05
delete time:3.62396240234375e-05
delete time:4.220008850097656e-05
delete time:2.4557113647460938e-05
delete time:3.123283386230469e-05
delete time:3.743171691894531e-05
delete time:3.075599670410156e-05
delete time:4.172325134277344e-05
delete time:2.1219253540039062e-05
delete time:2.0742416381835938e-05
delete time:5.817413330078125e-05
delete time:3.719329833984375e-05
delete time:5.173683166503906e-05
delete time:4.482269287109375e-05
delete time:2.9087066650390625e-05
delete time:4.363059997558594e-05
delete time:5.412101745605469e-05
delete time:2.9802322387695312e-05
delete time:4.315376281738281e-05
delete time:3.3855438232421875e-05
delete time:3.9577484130859375e-05
delete time:3.170967102050781e-05
delete time:4.291534423828125e-05
delete time:3.24249267578125e-05
delete time:2.47955322265625e-05
delete time:2.9325485229492188e-05
delete time:2.8848648071289062e-05
delete time:5.91278076171875e-05
delete time:4.0531158447265625e-05
delete time:3.62396240234375e-05
delete time:3.9577484130859375e-05
delete time:4.315376281738281e-05
delete time:2.9802322387695312e-05
delete time:3.4809112548828125e-05
delete time:3.814697265625e-05
delete time:3.719329833984375e-05
delete time:3.62396240234375e-05
delete time:4.696846008300781e-05
delete time:3.814697265625e-05
delete time:3.647804260253906e-05
delete time:3.170967102050781e-05
delete time:5.030632019042969e-05
delete time:3.24249267578125e-05
delete time:3.910064697265625e-05
delete time:2.5510787963867188e-05
delete time:2.5510787963867188e-05
delete time:4.6253204345703125e-05
delete time:3.886222839355469e-05
delete time:4.887580871582031e-05
delete time:3.933906555175781e-05
delete time:4.601478576660156e-05
delete time:3.933906555175781e-05
delete time:2.7418136596679688e-05
delete time:2.47955322265625e-05
delete time:3.3855438232421875e-05
delete time:3.3855438232421875e-05
delete time:3.4809112548828125e-05
delete time:3.0517578125e-05
delete time:3.457069396972656e-05
delete time:3.981590270996094e-05
delete time:4.1961669921875e-05
delete time:6.318092346191406e-05
delete time:2.86102294921875e-05
delete time:5.7697296142578125e-05
delete time:4.172325134277344e-05
delete time:2.7179718017578125e-05
delete time:3.838539123535156e-05
delete time:4.4345855712890625e-05
delete time:2.9802322387695312e-05
delete time:6.270408630371094e-05
delete time:3.552436828613281e-05
delete time:4.2438507080078125e-05
delete time:4.2438507080078125e-05
delete time:3.9577484130859375e-05
delete time:4.649162292480469e-05
delete time:6.413459777832031e-05
delete time:2.8848648071289062e-05
delete time:4.458427429199219e-05
delete time:2.5510787963867188e-05
delete time:3.933906555175781e-05
delete time:4.9114227294921875e-05
delete time:2.9087066650390625e-05
delete time:2.193450927734375e-05
delete time:3.314018249511719e-05
delete time:3.790855407714844e-05
delete time:3.7670135498046875e-05
delete time:4.291534423828125e-05
delete time:4.00543212890625e-05
delete time:5.0067901611328125e-05
delete time:3.838539123535156e-05
delete time:3.504753112792969e-05
delete time:3.4332275390625e-05
delete time:2.6941299438476562e-05
delete time:3.5762786865234375e-05
delete time:4.1961669921875e-05
delete time:3.552436828613281e-05
delete time:2.5987625122070312e-05
delete time:2.9325485229492188e-05
delete time:3.075599670410156e-05
delete time:4.100799560546875e-05
delete time:2.1219253540039062e-05
delete time:3.409385681152344e-05
delete time:2.6941299438476562e-05
delete time:2.3365020751953125e-05
delete time:3.147125244140625e-05
delete time:4.57763671875e-05
delete time:3.0040740966796875e-05
delete time:2.7894973754882812e-05
delete time:3.600120544433594e-05
delete time:3.1948089599609375e-05
delete time:3.719329833984375e-05
delete time:2.0503997802734375e-05
delete time:4.124641418457031e-05
delete time:2.8133392333984375e-05
delete time:4.172325134277344e-05
delete time:5.245208740234375e-05
delete time:2.5033950805664062e-05
delete time:2.6464462280273438e-05
delete time:3.528594970703125e-05
delete time:3.647804260253906e-05
delete time:2.2411346435546875e-05
delete time:3.600120544433594e-05
delete time:3.790855407714844e-05
delete time:3.457069396972656e-05
delete time:2.6464462280273438e-05
delete time:4.57763671875e-05
delete time:2.7894973754882812e-05
delete time:2.86102294921875e-05
delete time:3.719329833984375e-05
delete time:3.981590270996094e-05
delete time:4.38690185546875e-05
delete time:3.719329833984375e-05
delete time:3.075599670410156e-05
delete time:4.00543212890625e-05
delete time:4.6253204345703125e-05
delete time:3.314018249511719e-05
delete time:3.409385681152344e-05
delete time:3.695487976074219e-05
delete time:3.1948089599609375e-05
delete time:3.5762786865234375e-05
delete time:3.933906555175781e-05
delete time:3.266334533691406e-05
delete time:2.4318695068359375e-05
delete time:2.8133392333984375e-05
delete time:4.696846008300781e-05
delete time:3.266334533691406e-05
delete time:4.315376281738281e-05
delete time:4.172325134277344e-05
delete time:4.38690185546875e-05
delete time:2.3126602172851562e-05
delete time:2.2172927856445312e-05
delete time:4.291534423828125e-05
delete time:4.982948303222656e-05
delete time:3.409385681152344e-05
delete time:3.075599670410156e-05
delete time:2.288818359375e-05
delete time:4.9114227294921875e-05
delete time:4.57763671875e-05
delete time:3.075599670410156e-05
delete time:2.8133392333984375e-05
delete time:3.647804260253906e-05
delete time:3.409385681152344e-05
delete time:2.2649765014648438e-05
delete time:3.62396240234375e-05
delete time:3.5762786865234375e-05
delete time:2.1457672119140625e-05
delete time:3.886222839355469e-05
delete time:2.09808349609375e-05
delete time:3.218650817871094e-05
delete time:2.3126602172851562e-05
delete time:3.933906555175781e-05
delete time:3.552436828613281e-05
delete time:4.1961669921875e-05
delete time:4.5299530029296875e-05
delete time:4.0531158447265625e-05
delete time:2.1457672119140625e-05
delete time:2.9325485229492188e-05
delete time:3.743171691894531e-05
delete time:3.910064697265625e-05
delete time:4.76837158203125e-05
delete time:5.316734313964844e-05
delete time:3.0040740966796875e-05
delete time:1.8596649169921875e-05
delete time:3.719329833984375e-05
delete time:2.9087066650390625e-05
delete time:2.2649765014648438e-05
delete time:2.574920654296875e-05
delete time:3.170967102050781e-05
delete time:4.76837158203125e-05
delete time:1.7881393432617188e-05
delete time:2.7418136596679688e-05
delete time:4.0531158447265625e-05
delete time:2.9325485229492188e-05
delete time:2.86102294921875e-05
delete time:2.4318695068359375e-05
delete time:4.696846008300781e-05
delete time:3.170967102050781e-05
delete time:4.553794860839844e-05
delete time:3.266334533691406e-05
delete time:3.4332275390625e-05
delete time:3.5762786865234375e-05
delete time:4.1484832763671875e-05
delete time:2.7418136596679688e-05
delete time:4.38690185546875e-05
delete time:3.4809112548828125e-05
delete time:2.5987625122070312e-05
delete time:2.574920654296875e-05
delete time:2.7894973754882812e-05
delete time:3.337860107421875e-05
delete time:2.8848648071289062e-05
delete time:4.172325134277344e-05
delete time:5.555152893066406e-05
delete time:5.078315734863281e-05
delete time:3.695487976074219e-05
delete time:3.8623809814453125e-05
delete time:2.6941299438476562e-05
delete time:4.673004150390625e-05
delete time:5.459785461425781e-05
delete time:4.673004150390625e-05
delete time:3.0517578125e-05
delete time:2.9802322387695312e-05
delete time:2.6941299438476562e-05
delete time:3.5762786865234375e-05
delete time:2.5510787963867188e-05
delete time:2.4080276489257812e-05
delete time:3.910064697265625e-05
delete time:2.3603439331054688e-05
delete time:2.9325485229492188e-05
delete time:4.100799560546875e-05
delete time:3.0040740966796875e-05
delete time:2.956390380859375e-05
delete time:3.123283386230469e-05
delete time:4.076957702636719e-05
delete time:3.719329833984375e-05
delete time:3.933906555175781e-05
delete time:3.4332275390625e-05
delete time:3.695487976074219e-05
delete time:2.4080276489257812e-05
delete time:3.075599670410156e-05
delete time:3.075599670410156e-05
delete time:1.9550323486328125e-05
delete time:2.384185791015625e-05
delete time:4.4345855712890625e-05
delete time:4.2438507080078125e-05
delete time:3.218650817871094e-05
delete time:3.743171691894531e-05
delete time:3.838539123535156e-05
delete time:3.24249267578125e-05
delete time:2.5272369384765625e-05
delete time:3.504753112792969e-05
delete time:3.24249267578125e-05
delete time:4.76837158203125e-05
delete time:4.1484832763671875e-05
delete time:3.2901763916015625e-05
delete time:2.6702880859375e-05
delete time:4.863739013671875e-05
delete time:2.9325485229492188e-05
delete time:2.9802322387695312e-05
delete time:3.218650817871094e-05
delete time:3.1948089599609375e-05
delete time:4.100799560546875e-05
delete time:6.127357482910156e-05
delete time:3.981590270996094e-05
delete time:3.0040740966796875e-05
delete time:2.47955322265625e-05
delete time:2.4557113647460938e-05
delete time:2.2649765014648438e-05
delete time:3.719329833984375e-05
delete time:5.030632019042969e-05
delete time:3.337860107421875e-05
delete time:3.1948089599609375e-05
delete time:3.170967102050781e-05
delete time:2.6702880859375e-05
delete time:3.814697265625e-05
delete time:4.6253204345703125e-05
delete time:3.337860107421875e-05
delete time:4.00543212890625e-05
delete time:3.6716461181640625e-05
delete time:2.4080276489257812e-05
delete time:2.765655517578125e-05
delete time:2.9087066650390625e-05
delete time:5.030632019042969e-05
delete time:2.6226043701171875e-05
delete time:3.0040740966796875e-05
delete time:3.528594970703125e-05
delete time:3.981590270996094e-05
delete time:4.935264587402344e-05
delete time:3.337860107421875e-05
delete time:3.504753112792969e-05
delete time:3.647804260253906e-05
delete time:3.147125244140625e-05
delete time:3.1948089599609375e-05
delete time:5.269050598144531e-05
delete time:4.410743713378906e-05
delete time:5.1975250244140625e-05
delete time:4.124641418457031e-05
delete time:2.7418136596679688e-05
delete time:3.790855407714844e-05
delete time:2.7418136596679688e-05
delete time:3.886222839355469e-05
delete time:3.314018249511719e-05
delete time:3.457069396972656e-05
delete time:3.504753112792969e-05
delete time:2.2411346435546875e-05
delete time:3.4332275390625e-05
delete time:2.4318695068359375e-05
delete time:3.337860107421875e-05
delete time:2.6464462280273438e-05
delete time:4.076957702636719e-05
delete time:3.981590270996094e-05
delete time:3.2901763916015625e-05
delete time:4.458427429199219e-05
delete time:4.410743713378906e-05
delete time:4.2438507080078125e-05
delete time:3.0517578125e-05
delete time:4.696846008300781e-05
delete time:3.552436828613281e-05
delete time:2.7418136596679688e-05
delete time:4.1484832763671875e-05
delete time:3.981590270996094e-05
delete time:2.9325485229492188e-05
delete time:4.363059997558594e-05
delete time:4.315376281738281e-05
delete time:2.3365020751953125e-05
delete time:3.075599670410156e-05
delete time:2.9087066650390625e-05
delete time:3.361701965332031e-05
delete time:4.363059997558594e-05
delete time:3.123283386230469e-05
delete time:3.647804260253906e-05
delete time:3.4332275390625e-05
delete time:2.8371810913085938e-05
delete time:4.291534423828125e-05
delete time:3.409385681152344e-05
delete time:2.956390380859375e-05
delete time:2.6226043701171875e-05
delete time:2.765655517578125e-05
delete time:3.0517578125e-05
delete time:2.5033950805664062e-05
delete time:3.361701965332031e-05
delete time:3.4809112548828125e-05
delete time:4.0531158447265625e-05
delete time:3.0994415283203125e-05
delete time:3.0517578125e-05
delete time:4.100799560546875e-05
delete time:3.0517578125e-05
delete time:4.458427429199219e-05
delete time:3.9577484130859375e-05
delete time:2.5987625122070312e-05
delete time:3.266334533691406e-05
delete time:3.0040740966796875e-05
delete time:3.886222839355469e-05
delete time:2.765655517578125e-05
delete time:5.030632019042969e-05
delete time:2.6702880859375e-05
delete time:3.123283386230469e-05
delete time:4.38690185546875e-05
delete time:3.933906555175781e-05
delete time:4.673004150390625e-05
delete time:5.030632019042969e-05
delete time:2.9087066650390625e-05
delete time:2.8371810913085938e-05
delete time:2.0503997802734375e-05
delete time:3.4332275390625e-05
delete time:3.62396240234375e-05
delete time:4.410743713378906e-05
delete time:3.7670135498046875e-05
delete time:3.4809112548828125e-05
delete time:2.7179718017578125e-05
delete time:2.956390380859375e-05
delete time:2.86102294921875e-05
delete time:5.7697296142578125e-05
delete time:3.170967102050781e-05
delete time:3.552436828613281e-05
delete time:3.266334533691406e-05
delete time:2.9325485229492188e-05
delete time:4.363059997558594e-05
delete time:3.3855438232421875e-05
delete time:3.409385681152344e-05
delete time:3.647804260253906e-05
delete time:2.1696090698242188e-05
delete time:3.24249267578125e-05
delete time:3.8623809814453125e-05
delete time:2.9087066650390625e-05
delete time:4.363059997558594e-05
delete time:3.147125244140625e-05
delete time:4.4345855712890625e-05
delete time:4.124641418457031e-05
delete time:2.7894973754882812e-05
delete time:2.956390380859375e-05
delete time:3.2901763916015625e-05
delete time:2.956390380859375e-05
delete time:2.288818359375e-05
delete time:2.2411346435546875e-05
delete time:3.0517578125e-05
delete time:2.7179718017578125e-05
delete time:2.2411346435546875e-05
delete time:3.361701965332031e-05
delete time:3.600120544433594e-05
delete time:2.574920654296875e-05
delete time:3.910064697265625e-05
delete time:2.765655517578125e-05
delete time:3.719329833984375e-05
delete time:3.600120544433594e-05
delete time:2.9325485229492188e-05
delete time:3.170967102050781e-05
delete time:3.0040740966796875e-05
delete time:3.647804260253906e-05
delete time:2.6464462280273438e-05
delete time:4.00543212890625e-05
delete time:2.47955322265625e-05
delete time:2.5272369384765625e-05
delete time:2.47955322265625e-05
delete time:3.266334533691406e-05
delete time:2.288818359375e-05
delete time:3.1948089599609375e-05
delete time:2.765655517578125e-05
delete time:2.47955322265625e-05
delete time:3.457069396972656e-05
delete time:3.9577484130859375e-05
delete time:3.409385681152344e-05
delete time:3.910064697265625e-05
delete time:2.8133392333984375e-05
delete time:2.384185791015625e-05
delete time:2.6226043701171875e-05
delete time:4.220008850097656e-05
delete time:3.0517578125e-05
delete time:4.5299530029296875e-05
delete time:3.147125244140625e-05
delete time:2.4557113647460938e-05
delete time:3.123283386230469e-05
delete time:2.2649765014648438e-05
delete time:2.574920654296875e-05
delete time:2.956390380859375e-05
delete time:3.0040740966796875e-05
delete time:4.7206878662109375e-05
delete time:2.3603439331054688e-05
delete time:2.574920654296875e-05
delete time:3.123283386230469e-05
delete time:2.8371810913085938e-05
delete time:3.7670135498046875e-05
delete time:3.1948089599609375e-05
delete time:3.0279159545898438e-05
delete time:3.981590270996094e-05
delete time:2.9802322387695312e-05
delete time:3.0279159545898438e-05
delete time:4.0531158447265625e-05
delete time:2.1219253540039062e-05
delete time:2.384185791015625e-05
delete time:2.5987625122070312e-05
delete time:2.9325485229492188e-05
delete time:4.8160552978515625e-05
delete time:3.552436828613281e-05
delete time:2.6464462280273438e-05
delete time:3.600120544433594e-05
delete time:4.029273986816406e-05
delete time:3.838539123535156e-05
delete time:2.6226043701171875e-05
delete time:4.38690185546875e-05
delete time:2.9325485229492188e-05
delete time:3.457069396972656e-05
delete time:2.1696090698242188e-05
delete time:3.266334533691406e-05
delete time:4.1961669921875e-05
delete time:2.6226043701171875e-05
delete time:4.076957702636719e-05
delete time:3.314018249511719e-05
delete time:2.4080276489257812e-05
delete time:3.337860107421875e-05
delete time:3.600120544433594e-05
delete time:2.7894973754882812e-05
delete time:3.123283386230469e-05
delete time:4.76837158203125e-05
delete time:2.5510787963867188e-05
delete time:2.288818359375e-05
delete time:4.029273986816406e-05
delete time:3.409385681152344e-05
delete time:2.0503997802734375e-05
delete time:3.337860107421875e-05
delete time:3.170967102050781e-05
delete time:5.841255187988281e-05
delete time:4.124641418457031e-05
delete time:2.4318695068359375e-05
delete time:3.2901763916015625e-05
delete time:2.4318695068359375e-05
delete time:2.5033950805664062e-05
delete time:3.5762786865234375e-05
delete time:3.743171691894531e-05
delete time:3.361701965332031e-05
delete time:3.24249267578125e-05
delete time:3.695487976074219e-05
delete time:2.8848648071289062e-05
delete time:2.8848648071289062e-05
delete time:2.6464462280273438e-05
delete time:4.124641418457031e-05
delete time:3.719329833984375e-05
delete time:3.1948089599609375e-05
delete time:3.1948089599609375e-05
delete time:2.7894973754882812e-05
delete time:4.649162292480469e-05
delete time:2.6941299438476562e-05
delete time:2.4557113647460938e-05
delete time:2.8371810913085938e-05
delete time:3.266334533691406e-05
delete time:2.2411346435546875e-05
delete time:3.361701965332031e-05
delete time:3.3855438232421875e-05
delete time:3.0517578125e-05
delete time:3.981590270996094e-05
delete time:3.337860107421875e-05
delete time:2.765655517578125e-05
delete time:3.147125244140625e-05
delete time:2.5987625122070312e-05
delete time:3.075599670410156e-05
delete time:2.5033950805664062e-05
delete time:3.0517578125e-05
delete time:2.6941299438476562e-05
delete time:2.5033950805664062e-05
delete time:3.5762786865234375e-05
delete time:3.5762786865234375e-05
delete time:3.409385681152344e-05
delete time:2.86102294921875e-05
delete time:4.792213439941406e-05
delete time:2.574920654296875e-05
delete time:2.47955322265625e-05
delete time:2.9325485229492188e-05
delete time:3.600120544433594e-05
delete time:2.8848648071289062e-05
delete time:2.9802322387695312e-05
delete time:3.457069396972656e-05
delete time:2.5272369384765625e-05
delete time:2.4080276489257812e-05
delete time:2.8848648071289062e-05
delete time:2.956390380859375e-05
delete time:2.5272369384765625e-05
delete time:3.910064697265625e-05
delete time:2.9802322387695312e-05
delete time:2.5272369384765625e-05
delete time:2.2649765014648438e-05
delete time:3.1948089599609375e-05
delete time:2.47955322265625e-05
delete time:2.3365020751953125e-05
delete time:2.7894973754882812e-05
delete time:3.6716461181640625e-05
delete time:3.62396240234375e-05
delete time:5.245208740234375e-05
delete time:3.0994415283203125e-05
delete time:2.0265579223632812e-05
delete time:2.1457672119140625e-05
delete time:2.7179718017578125e-05
delete time:2.4080276489257812e-05
delete time:3.1948089599609375e-05
delete time:3.409385681152344e-05
delete time:2.9802322387695312e-05
delete time:2.9325485229492188e-05
delete time:2.6941299438476562e-05
delete time:2.8133392333984375e-05
delete time:5.245208740234375e-05
delete time:3.0279159545898438e-05
delete time:3.814697265625e-05
delete time:2.0742416381835938e-05
delete time:4.6253204345703125e-05
delete time:4.172325134277344e-05
delete time:3.266334533691406e-05
delete time:2.9802322387695312e-05
delete time:2.2172927856445312e-05
delete time:3.743171691894531e-05
delete time:2.86102294921875e-05
delete time:4.363059997558594e-05
delete time:3.528594970703125e-05
delete time:3.4809112548828125e-05
delete time:4.0531158447265625e-05
delete time:2.7179718017578125e-05
delete time:4.172325134277344e-05
delete time:3.528594970703125e-05
delete time:2.2649765014648438e-05
delete time:2.1457672119140625e-05
delete time:2.8133392333984375e-05
delete time:3.910064697265625e-05
delete time:2.9325485229492188e-05
delete time:4.00543212890625e-05
delete time:3.7670135498046875e-05
delete time:3.528594970703125e-05
delete time:3.409385681152344e-05
delete time:4.029273986816406e-05
delete time:3.8623809814453125e-05
delete time:2.384185791015625e-05
delete time:3.314018249511719e-05
delete time:2.4080276489257812e-05
delete time:1.8596649169921875e-05
delete time:2.4557113647460938e-05
delete time:4.076957702636719e-05
delete time:2.86102294921875e-05
delete time:2.6464462280273438e-05
delete time:3.0040740966796875e-05
delete time:3.552436828613281e-05
delete time:3.0994415283203125e-05
delete time:3.719329833984375e-05
delete time:2.7179718017578125e-05
delete time:2.47955322265625e-05
delete time:3.5762786865234375e-05
delete time:4.792213439941406e-05
delete time:3.743171691894531e-05
delete time:4.267692565917969e-05
delete time:3.218650817871094e-05
delete time:2.9325485229492188e-05
delete time:2.7894973754882812e-05
delete time:2.2411346435546875e-05
delete time:2.6226043701171875e-05
delete time:2.8848648071289062e-05
delete time:3.3855438232421875e-05
delete time:2.6464462280273438e-05
delete time:2.47955322265625e-05
delete time:3.457069396972656e-05
delete time:4.1484832763671875e-05
delete time:4.3392181396484375e-05
delete time:2.193450927734375e-05
delete time:2.2649765014648438e-05
delete time:3.3855438232421875e-05
delete time:4.076957702636719e-05
delete time:3.5762786865234375e-05
delete time:3.0040740966796875e-05
delete time:3.552436828613281e-05
delete time:3.4809112548828125e-05
delete time:2.7179718017578125e-05
delete time:4.601478576660156e-05
delete time:3.3855438232421875e-05
delete time:3.457069396972656e-05
delete time:3.0517578125e-05
delete time:3.1948089599609375e-05
delete time:3.8623809814453125e-05
delete time:3.4809112548828125e-05
delete time:2.7418136596679688e-05
delete time:2.2172927856445312e-05
delete time:3.147125244140625e-05
delete time:3.170967102050781e-05
delete time:2.2411346435546875e-05
delete time:2.8848648071289062e-05
delete time:4.029273986816406e-05
delete time:3.7670135498046875e-05
delete time:2.2411346435546875e-05
delete time:3.147125244140625e-05
delete time:3.337860107421875e-05
delete time:2.5033950805664062e-05
delete time:3.3855438232421875e-05
delete time:2.4318695068359375e-05
delete time:3.266334533691406e-05
delete time:3.314018249511719e-05
delete time:3.24249267578125e-05
delete time:3.6716461181640625e-05
delete time:4.172325134277344e-05
delete time:2.4557113647460938e-05
delete time:2.8133392333984375e-05
delete time:3.838539123535156e-05
delete time:3.266334533691406e-05
delete time:2.5510787963867188e-05
delete time:3.457069396972656e-05
delete time:3.695487976074219e-05
delete time:3.361701965332031e-05
delete time:4.0531158447265625e-05
delete time:3.147125244140625e-05
delete time:4.3392181396484375e-05
delete time:3.409385681152344e-05
delete time:3.266334533691406e-05
delete time:3.0279159545898438e-05
delete time:2.384185791015625e-05
delete time:2.5510787963867188e-05
delete time:4.696846008300781e-05
delete time:3.790855407714844e-05
delete time:2.956390380859375e-05
delete time:2.3365020751953125e-05
delete time:4.00543212890625e-05
delete time:2.1696090698242188e-05
delete time:2.7179718017578125e-05
delete time:2.7894973754882812e-05
delete time:2.6226043701171875e-05
delete time:1.8358230590820312e-05
delete time:2.9087066650390625e-05
delete time:2.8133392333984375e-05
delete time:2.86102294921875e-05
delete time:2.956390380859375e-05
delete time:3.0279159545898438e-05
delete time:2.5272369384765625e-05
delete time:4.7206878662109375e-05
delete time:2.9325485229492188e-05
delete time:5.435943603515625e-05
delete time:4.124641418457031e-05
delete time:3.695487976074219e-05
delete time:3.719329833984375e-05
delete time:3.0517578125e-05
delete time:3.409385681152344e-05
delete time:2.6464462280273438e-05
delete time:3.790855407714844e-05
delete time:2.5033950805664062e-05
delete time:3.170967102050781e-05
delete time:3.62396240234375e-05
delete time:2.6941299438476562e-05
delete time:4.4345855712890625e-05
delete time:2.1696090698242188e-05
delete time:2.7418136596679688e-05
delete time:2.5272369384765625e-05
delete time:2.193450927734375e-05
delete time:4.076957702636719e-05
delete time:4.220008850097656e-05
delete time:2.3603439331054688e-05
delete time:3.838539123535156e-05
delete time:2.7179718017578125e-05
delete time:4.029273986816406e-05
delete time:3.981590270996094e-05
delete time:4.4345855712890625e-05
delete time:2.2172927856445312e-05
delete time:4.982948303222656e-05
delete time:3.552436828613281e-05
delete time:3.2901763916015625e-05
delete time:2.8371810913085938e-05
delete time:2.956390380859375e-05
delete time:2.765655517578125e-05
delete time:2.1457672119140625e-05
delete time:2.5033950805664062e-05
delete time:2.5272369384765625e-05
delete time:3.719329833984375e-05
delete time:3.4809112548828125e-05
delete time:2.4557113647460938e-05
delete time:3.218650817871094e-05
delete time:2.288818359375e-05
delete time:2.8371810913085938e-05
delete time:3.814697265625e-05
delete time:2.47955322265625e-05
delete time:3.457069396972656e-05
delete time:3.0040740966796875e-05
delete time:4.029273986816406e-05
delete time:1.9311904907226562e-05
delete time:3.7670135498046875e-05
delete time:4.124641418457031e-05
delete time:5.054473876953125e-05
delete time:4.57763671875e-05
delete time:3.0279159545898438e-05
delete time:3.170967102050781e-05
delete time:3.218650817871094e-05
delete time:2.765655517578125e-05
delete time:3.218650817871094e-05
delete time:4.0531158447265625e-05
delete time:2.47955322265625e-05
delete time:2.6941299438476562e-05
delete time:3.147125244140625e-05
delete time:3.528594970703125e-05
delete time:2.8371810913085938e-05
delete time:2.3603439331054688e-05
delete time:3.337860107421875e-05
delete time:3.528594970703125e-05
delete time:3.695487976074219e-05
delete time:2.1457672119140625e-05
delete time:4.649162292480469e-05
delete time:3.0994415283203125e-05
delete time:3.266334533691406e-05
delete time:3.8623809814453125e-05
delete time:3.2901763916015625e-05
delete time:3.719329833984375e-05
delete time:2.5987625122070312e-05
delete time:3.6716461181640625e-05
delete time:3.933906555175781e-05
delete time:2.8848648071289062e-05
delete time:2.3603439331054688e-05
delete time:2.86102294921875e-05
delete time:3.361701965332031e-05
delete time:4.673004150390625e-05
delete time:5.6743621826171875e-05
delete time:2.8848648071289062e-05
delete time:3.3855438232421875e-05
delete time:2.7894973754882812e-05
delete time:2.384185791015625e-05
delete time:2.7418136596679688e-05
delete time:2.8371810913085938e-05
delete time:4.601478576660156e-05
delete time:2.47955322265625e-05
delete time:4.172325134277344e-05
delete time:2.8848648071289062e-05
delete time:2.8848648071289062e-05
delete time:4.6253204345703125e-05
delete time:3.314018249511719e-05
delete time:2.3603439331054688e-05
delete time:2.193450927734375e-05
delete time:3.5762786865234375e-05
delete time:2.86102294921875e-05
delete time:3.218650817871094e-05
delete time:4.00543212890625e-05
delete time:3.147125244140625e-05
delete time:3.719329833984375e-05
delete time:3.123283386230469e-05
delete time:3.62396240234375e-05
delete time:2.2411346435546875e-05
delete time:2.7894973754882812e-05
delete time:3.695487976074219e-05
delete time:2.288818359375e-05
delete time:3.647804260253906e-05
delete time:3.457069396972656e-05
delete time:3.4332275390625e-05
delete time:2.6226043701171875e-05
delete time:3.62396240234375e-05
delete time:2.6464462280273438e-05
delete time:3.123283386230469e-05
delete time:2.4080276489257812e-05
delete time:3.933906555175781e-05
delete time:4.0531158447265625e-05
delete time:4.410743713378906e-05
delete time:2.86102294921875e-05
delete time:3.743171691894531e-05
delete time:3.218650817871094e-05
delete time:2.193450927734375e-05
delete time:2.8848648071289062e-05
delete time:2.6464462280273438e-05
delete time:4.7206878662109375e-05
delete time:3.0279159545898438e-05
delete time:2.6702880859375e-05
delete time:2.6941299438476562e-05
delete time:3.62396240234375e-05
delete time:3.170967102050781e-05
delete time:2.47955322265625e-05
delete time:2.3603439331054688e-05
delete time:2.5510787963867188e-05
delete time:3.814697265625e-05
delete time:2.4557113647460938e-05
delete time:2.6941299438476562e-05
delete time:3.9577484130859375e-05
delete time:3.0994415283203125e-05
delete time:3.2901763916015625e-05
delete time:3.147125244140625e-05
delete time:2.2411346435546875e-05
delete time:2.765655517578125e-05
delete time:3.0040740966796875e-05
delete time:3.910064697265625e-05
delete time:2.4080276489257812e-05
delete time:3.314018249511719e-05
delete time:2.86102294921875e-05
delete time:2.384185791015625e-05
delete time:2.9325485229492188e-05
delete time:2.8133392333984375e-05
delete time:3.719329833984375e-05
delete time:2.8371810913085938e-05
delete time:2.6702880859375e-05
delete time:3.7670135498046875e-05
delete time:2.3603439331054688e-05
delete time:3.504753112792969e-05
delete time:3.814697265625e-05
delete time:2.6226043701171875e-05
delete time:2.4318695068359375e-05
delete time:3.0279159545898438e-05
delete time:4.00543212890625e-05
delete time:3.838539123535156e-05
delete time:3.3855438232421875e-05
delete time:2.6226043701171875e-05
delete time:2.1219253540039062e-05
delete time:4.76837158203125e-05
delete time:3.0279159545898438e-05
delete time:3.528594970703125e-05
delete time:2.9325485229492188e-05
delete time:2.3603439331054688e-05
delete time:2.9325485229492188e-05
delete time:2.6702880859375e-05
delete time:2.09808349609375e-05
delete time:2.384185791015625e-05
delete time:2.6702880859375e-05
delete time:3.62396240234375e-05
delete time:2.9325485229492188e-05
delete time:3.147125244140625e-05
delete time:2.193450927734375e-05
delete time:3.075599670410156e-05
delete time:2.47955322265625e-05
delete time:2.6464462280273438e-05
delete time:2.7179718017578125e-05
delete time:2.7179718017578125e-05
delete time:2.6226043701171875e-05
delete time:2.2649765014648438e-05
delete time:3.170967102050781e-05
delete time:2.1219253540039062e-05
delete time:2.8133392333984375e-05
delete time:3.7670135498046875e-05
delete time:3.2901763916015625e-05
delete time:2.5987625122070312e-05
delete time:2.6702880859375e-05
delete time:2.1219253540039062e-05
delete time:3.0517578125e-05
delete time:3.24249267578125e-05
delete time:3.24249267578125e-05
delete time:3.7670135498046875e-05
delete time:2.7894973754882812e-05
delete time:4.315376281738281e-05
delete time:2.1219253540039062e-05
delete time:4.458427429199219e-05
delete time:3.314018249511719e-05
delete time:3.528594970703125e-05
delete time:3.695487976074219e-05
delete time:3.838539123535156e-05
delete time:2.6464462280273438e-05
delete time:2.8371810913085938e-05
delete time:2.5987625122070312e-05
delete time:4.029273986816406e-05
delete time:2.4557113647460938e-05
delete time:3.0040740966796875e-05
delete time:3.719329833984375e-05
delete time:2.8371810913085938e-05
delete time:4.124641418457031e-05
delete time:3.0040740966796875e-05
delete time:2.09808349609375e-05
delete time:2.3365020751953125e-05
delete time:2.9087066650390625e-05
delete time:4.124641418457031e-05
delete time:2.9087066650390625e-05
delete time:3.0994415283203125e-05
delete time:3.123283386230469e-05
delete time:2.288818359375e-05
delete time:3.218650817871094e-05
delete time:2.9325485229492188e-05
delete time:3.409385681152344e-05
delete time:3.2901763916015625e-05
delete time:3.528594970703125e-05
delete time:2.4318695068359375e-05
delete time:1.9788742065429688e-05
delete time:3.24249267578125e-05
delete time:4.100799560546875e-05
delete time:2.1457672119140625e-05
delete time:2.5510787963867188e-05
delete time:4.029273986816406e-05
delete time:2.956390380859375e-05
delete time:3.0517578125e-05
delete time:4.553794860839844e-05
delete time:3.218650817871094e-05
delete time:2.7894973754882812e-05
delete time:2.6464462280273438e-05
delete time:2.4318695068359375e-05
delete time:3.218650817871094e-05
delete time:2.4080276489257812e-05
delete time:2.6941299438476562e-05
delete time:2.002716064453125e-05
delete time:3.0040740966796875e-05
delete time:3.0040740966796875e-05
delete time:2.3603439331054688e-05
delete time:2.6702880859375e-05
delete time:2.6226043701171875e-05
delete time:2.4318695068359375e-05
delete time:2.2172927856445312e-05
delete time:2.8133392333984375e-05
delete time:2.5510787963867188e-05
delete time:2.2411346435546875e-05
delete time:3.123283386230469e-05
delete time:2.0742416381835938e-05
delete time:3.1948089599609375e-05
delete time:3.528594970703125e-05
delete time:3.528594970703125e-05
delete time:2.4557113647460938e-05
delete time:2.8848648071289062e-05
delete time:3.6716461181640625e-05
delete time:3.600120544433594e-05
delete time:4.649162292480469e-05
delete time:3.1948089599609375e-05
delete time:2.956390380859375e-05
delete time:2.5510787963867188e-05
delete time:4.124641418457031e-05
delete time:2.2649765014648438e-05
delete time:3.1948089599609375e-05
delete time:3.600120544433594e-05
delete time:2.6941299438476562e-05
delete time:3.457069396972656e-05
delete time:2.765655517578125e-05
delete time:3.0994415283203125e-05
delete time:4.172325134277344e-05
delete time:2.956390380859375e-05
delete time:3.266334533691406e-05
delete time:2.1696090698242188e-05
delete time:3.3855438232421875e-05
delete time:2.2172927856445312e-05
delete time:3.552436828613281e-05
delete time:3.2901763916015625e-05
delete time:3.0040740966796875e-05
delete time:2.765655517578125e-05
delete time:2.5510787963867188e-05
delete time:4.00543212890625e-05
delete time:3.24249267578125e-05
delete time:3.0517578125e-05
delete time:3.0994415283203125e-05
delete time:2.2172927856445312e-05
delete time:2.384185791015625e-05
delete time:3.123283386230469e-05
delete time:3.4332275390625e-05
delete time:3.3855438232421875e-05
delete time:2.2172927856445312e-05
delete time:2.6226043701171875e-05
delete time:2.1696090698242188e-05
delete time:1.9311904907226562e-05
delete time:2.7418136596679688e-05
delete time:2.3603439331054688e-05
delete time:3.3855438232421875e-05
delete time:4.673004150390625e-05
delete time:2.0265579223632812e-05
delete time:3.4809112548828125e-05
delete time:4.363059997558594e-05
delete time:3.695487976074219e-05
delete time:2.288818359375e-05
delete time:2.2649765014648438e-05
delete time:3.7670135498046875e-05
delete time:2.956390380859375e-05
delete time:2.765655517578125e-05
delete time:2.9802322387695312e-05
delete time:2.9087066650390625e-05
delete time:2.8371810913085938e-05
delete time:3.504753112792969e-05
delete time:2.8371810913085938e-05
delete time:2.1696090698242188e-05
delete time:2.3365020751953125e-05
delete time:2.193450927734375e-05
delete time:3.123283386230469e-05
delete time:3.0517578125e-05
delete time:2.6702880859375e-05
delete time:4.4345855712890625e-05
delete time:4.4345855712890625e-05
delete time:3.2901763916015625e-05
delete time:4.315376281738281e-05
delete time:3.504753112792969e-05
delete time:2.8371810913085938e-05
delete time:3.2901763916015625e-05
delete time:3.600120544433594e-05
delete time:3.24249267578125e-05
delete time:2.3603439331054688e-05
delete time:2.0742416381835938e-05
delete time:2.765655517578125e-05
delete time:3.552436828613281e-05
delete time:2.2649765014648438e-05
delete time:3.170967102050781e-05
delete time:2.574920654296875e-05
delete time:3.24249267578125e-05
delete time:3.3855438232421875e-05
delete time:2.5987625122070312e-05
delete time:2.9087066650390625e-05
delete time:4.0531158447265625e-05
delete time:3.1948089599609375e-05
delete time:2.9325485229492188e-05
delete time:3.123283386230469e-05
delete time:2.6941299438476562e-05
delete time:2.574920654296875e-05
delete time:2.7894973754882812e-05
delete time:3.337860107421875e-05
delete time:2.4318695068359375e-05
delete time:3.170967102050781e-05
delete time:2.5510787963867188e-05
delete time:3.123283386230469e-05
delete time:2.0503997802734375e-05
delete time:4.38690185546875e-05
delete time:2.574920654296875e-05
delete time:3.123283386230469e-05
delete time:1.9073486328125e-05
delete time:2.9087066650390625e-05
delete time:2.47955322265625e-05
delete time:3.218650817871094e-05
delete time:3.1948089599609375e-05
delete time:3.0994415283203125e-05
delete time:3.3855438232421875e-05
delete time:2.6226043701171875e-05
delete time:3.647804260253906e-05
delete time:2.4318695068359375e-05
delete time:1.7642974853515625e-05
delete time:2.7179718017578125e-05
delete time:2.3126602172851562e-05
delete time:2.86102294921875e-05
delete time:2.8371810913085938e-05
delete time:2.384185791015625e-05
delete time:3.170967102050781e-05
delete time:2.5272369384765625e-05
delete time:2.47955322265625e-05
delete time:2.5272369384765625e-05
delete time:2.4080276489257812e-05
delete time:2.4557113647460938e-05
delete time:3.123283386230469e-05
delete time:3.0279159545898438e-05
delete time:3.218650817871094e-05
delete time:2.4318695068359375e-05
delete time:3.600120544433594e-05
delete time:2.8133392333984375e-05
delete time:3.4809112548828125e-05
delete time:2.47955322265625e-05
delete time:2.4080276489257812e-05
delete time:3.3855438232421875e-05
delete time:4.220008850097656e-05
delete time:3.123283386230469e-05
delete time:3.4809112548828125e-05
delete time:3.4332275390625e-05
delete time:2.5987625122070312e-05
delete time:4.267692565917969e-05
delete time:2.3603439331054688e-05
delete time:2.956390380859375e-05
delete time:4.291534423828125e-05
delete time:2.8371810913085938e-05
delete time:1.9550323486328125e-05
delete time:3.266334533691406e-05
delete time:2.7418136596679688e-05
delete time:2.4318695068359375e-05
delete time:2.47955322265625e-05
delete time:4.1484832763671875e-05
delete time:3.504753112792969e-05
delete time:2.574920654296875e-05
delete time:3.0279159545898438e-05
delete time:3.933906555175781e-05
delete time:2.5987625122070312e-05
delete time:3.9577484130859375e-05
delete time:2.7894973754882812e-05
delete time:2.09808349609375e-05
delete time:3.5762786865234375e-05
delete time:2.8848648071289062e-05
delete time:3.504753112792969e-05
delete time:3.170967102050781e-05
delete time:3.409385681152344e-05
delete time:2.3126602172851562e-05
delete time:2.5272369384765625e-05
delete time:3.4332275390625e-05
delete time:2.6702880859375e-05
delete time:2.4080276489257812e-05
delete time:4.220008850097656e-05
delete time:3.361701965332031e-05
delete time:2.86102294921875e-05
delete time:2.9802322387695312e-05
delete time:2.3603439331054688e-05
delete time:2.4080276489257812e-05
delete time:2.8371810913085938e-05
delete time:4.291534423828125e-05
delete time:3.600120544433594e-05
delete time:2.765655517578125e-05
delete time:2.8848648071289062e-05
delete time:2.5272369384765625e-05
delete time:2.765655517578125e-05
delete time:3.2901763916015625e-05
delete time:3.457069396972656e-05
delete time:2.7179718017578125e-05
delete time:2.5033950805664062e-05
delete time:2.765655517578125e-05
delete time:3.170967102050781e-05
delete time:2.47955322265625e-05
delete time:4.291534423828125e-05
delete time:2.7894973754882812e-05
delete time:3.4332275390625e-05
delete time:3.409385681152344e-05
delete time:3.1948089599609375e-05
delete time:3.2901763916015625e-05
delete time:4.00543212890625e-05
delete time:2.765655517578125e-05
delete time:2.4080276489257812e-05
delete time:3.62396240234375e-05
delete time:2.288818359375e-05
delete time:2.7418136596679688e-05
delete time:2.5987625122070312e-05
delete time:2.0742416381835938e-05
delete time:2.9325485229492188e-05
delete time:2.2411346435546875e-05
delete time:3.4332275390625e-05
delete time:2.47955322265625e-05
delete time:2.5272369384765625e-05
delete time:3.123283386230469e-05
delete time:2.09808349609375e-05
delete time:2.7894973754882812e-05
delete time:2.002716064453125e-05
delete time:3.5762786865234375e-05
delete time:3.170967102050781e-05
delete time:2.4557113647460938e-05
delete time:2.193450927734375e-05
delete time:2.2649765014648438e-05
delete time:4.315376281738281e-05
delete time:3.0994415283203125e-05
delete time:2.3603439331054688e-05
delete time:3.170967102050781e-05
delete time:3.337860107421875e-05
delete time:2.8371810913085938e-05
delete time:2.2172927856445312e-05
delete time:4.38690185546875e-05
delete time:2.4318695068359375e-05
delete time:2.6226043701171875e-05
delete time:2.9325485229492188e-05
delete time:2.2411346435546875e-05
delete time:3.790855407714844e-05
delete time:3.218650817871094e-05
delete time:3.337860107421875e-05
delete time:2.956390380859375e-05
delete time:3.4809112548828125e-05
delete time:3.4332275390625e-05
delete time:2.765655517578125e-05
delete time:2.5272369384765625e-05
delete time:2.5510787963867188e-05
delete time:2.4557113647460938e-05
delete time:3.0517578125e-05
delete time:2.86102294921875e-05
delete time:2.574920654296875e-05
delete time:4.1484832763671875e-05
delete time:3.314018249511719e-05
delete time:2.3126602172851562e-05
delete time:2.4318695068359375e-05
delete time:2.4557113647460938e-05
delete time:3.170967102050781e-05
delete time:3.910064697265625e-05
delete time:2.2411346435546875e-05
delete time:3.62396240234375e-05
delete time:2.9087066650390625e-05
delete time:2.0503997802734375e-05
delete time:2.5510787963867188e-05
delete time:2.4557113647460938e-05
delete time:1.7404556274414062e-05
delete time:2.288818359375e-05
delete time:4.172325134277344e-05
delete time:3.933906555175781e-05
delete time:2.6226043701171875e-05
delete time:2.2411346435546875e-05
delete time:3.170967102050781e-05
delete time:3.0517578125e-05
delete time:3.933906555175781e-05
delete time:3.0517578125e-05
delete time:2.6464462280273438e-05
delete time:3.075599670410156e-05
delete time:2.9325485229492188e-05
delete time:3.910064697265625e-05
delete time:2.1457672119140625e-05
delete time:2.9802322387695312e-05
delete time:3.0994415283203125e-05
delete time:2.956390380859375e-05
delete time:3.147125244140625e-05
delete time:3.170967102050781e-05
delete time:2.1219253540039062e-05
delete time:2.86102294921875e-05
delete time:2.47955322265625e-05
delete time:2.8133392333984375e-05
delete time:3.8623809814453125e-05
delete time:3.814697265625e-05
delete time:2.384185791015625e-05
delete time:3.3855438232421875e-05
delete time:2.384185791015625e-05
delete time:2.5510787963867188e-05
delete time:3.0040740966796875e-05
delete time:3.4809112548828125e-05
delete time:2.1457672119140625e-05
delete time:4.6253204345703125e-05
delete time:3.4809112548828125e-05
delete time:2.6226043701171875e-05
delete time:2.1457672119140625e-05
delete time:2.47955322265625e-05
delete time:2.2172927856445312e-05
delete time:4.482269287109375e-05
delete time:2.7179718017578125e-05
delete time:2.6702880859375e-05
delete time:2.5510787963867188e-05
delete time:1.9550323486328125e-05
delete time:2.7418136596679688e-05
delete time:3.0517578125e-05
delete time:2.4557113647460938e-05
delete time:3.361701965332031e-05
delete time:3.5762786865234375e-05
delete time:2.7418136596679688e-05
delete time:2.9802322387695312e-05
delete time:2.288818359375e-05
delete time:2.47955322265625e-05
delete time:2.002716064453125e-05
delete time:4.124641418457031e-05
delete time:2.4080276489257812e-05
delete time:2.1457672119140625e-05
delete time:2.3603439331054688e-05
delete time:2.5510787963867188e-05
delete time:3.218650817871094e-05
delete time:2.47955322265625e-05
delete time:3.314018249511719e-05
delete time:2.5987625122070312e-05
delete time:2.4318695068359375e-05
delete time:2.7894973754882812e-05
delete time:3.600120544433594e-05
delete time:2.7418136596679688e-05
delete time:4.8160552978515625e-05
delete time:4.1961669921875e-05
delete time:3.2901763916015625e-05
delete time:2.6702880859375e-05
delete time:3.7670135498046875e-05
delete time:2.6464462280273438e-05
delete time:2.1457672119140625e-05
delete time:2.5510787963867188e-05
delete time:3.743171691894531e-05
delete time:3.814697265625e-05
delete time:3.695487976074219e-05
delete time:3.0994415283203125e-05
delete time:3.933906555175781e-05
delete time:2.5510787963867188e-05
delete time:2.2411346435546875e-05
delete time:2.193450927734375e-05
delete time:2.765655517578125e-05
delete time:3.4809112548828125e-05
delete time:2.6702880859375e-05
delete time:2.765655517578125e-05
delete time:2.9087066650390625e-05
delete time:3.0040740966796875e-05
delete time:5.078315734863281e-05
delete time:2.1457672119140625e-05
delete time:3.123283386230469e-05
delete time:2.3126602172851562e-05
delete time:2.3603439331054688e-05
delete time:2.002716064453125e-05
delete time:2.4080276489257812e-05
delete time:3.528594970703125e-05
delete time:3.1948089599609375e-05
delete time:3.933906555175781e-05
delete time:2.5510787963867188e-05
delete time:3.24249267578125e-05
delete time:2.4080276489257812e-05
delete time:2.7894973754882812e-05
delete time:2.288818359375e-05
delete time:2.1457672119140625e-05
delete time:3.2901763916015625e-05
delete time:2.86102294921875e-05
delete time:2.288818359375e-05
delete time:2.8133392333984375e-05
delete time:3.2901763916015625e-05
delete time:4.100799560546875e-05
delete time:3.0040740966796875e-05
delete time:4.673004150390625e-05
delete time:2.765655517578125e-05
delete time:3.170967102050781e-05
delete time:2.5987625122070312e-05
delete time:2.7894973754882812e-05
delete time:3.0279159545898438e-05
delete time:2.9325485229492188e-05
delete time:2.5987625122070312e-05
delete time:3.409385681152344e-05
delete time:3.552436828613281e-05
delete time:7.748603820800781e-05
delete time:3.9577484130859375e-05
delete time:4.482269287109375e-05
delete time:2.4557113647460938e-05
delete time:3.361701965332031e-05
delete time:3.409385681152344e-05
delete time:2.4080276489257812e-05
delete time:3.0517578125e-05
delete time:3.981590270996094e-05
delete time:3.1948089599609375e-05
delete time:2.7418136596679688e-05
delete time:5.412101745605469e-05
delete time:3.695487976074219e-05
delete time:2.9087066650390625e-05
delete time:3.457069396972656e-05
delete time:3.266334533691406e-05
delete time:2.7179718017578125e-05
delete time:4.1961669921875e-05
delete time:3.314018249511719e-05
delete time:3.719329833984375e-05
delete time:2.8848648071289062e-05
delete time:2.6226043701171875e-05
delete time:2.4080276489257812e-05
delete time:3.2901763916015625e-05
delete time:3.1948089599609375e-05
delete time:3.075599670410156e-05
delete time:3.266334533691406e-05
delete time:2.8371810913085938e-05
delete time:2.6226043701171875e-05
delete time:2.4080276489257812e-05
delete time:2.47955322265625e-05
delete time:2.765655517578125e-05
delete time:4.696846008300781e-05
delete time:2.002716064453125e-05
delete time:4.267692565917969e-05
delete time:2.002716064453125e-05
delete time:2.2649765014648438e-05
delete time:4.4345855712890625e-05
delete time:3.218650817871094e-05
delete time:1.9550323486328125e-05
delete time:4.1961669921875e-05
delete time:4.4345855712890625e-05
delete time:2.47955322265625e-05
delete time:3.0517578125e-05
delete time:2.956390380859375e-05
delete time:2.288818359375e-05
delete time:2.6464462280273438e-05
delete time:3.337860107421875e-05
delete time:2.574920654296875e-05
delete time:4.220008850097656e-05
delete time:3.409385681152344e-05
delete time:3.933906555175781e-05
delete time:2.4318695068359375e-05
delete time:4.220008850097656e-05
delete time:4.1484832763671875e-05
delete time:2.0503997802734375e-05
delete time:2.6226043701171875e-05
delete time:2.3603439331054688e-05
delete time:2.3126602172851562e-05
delete time:3.933906555175781e-05
delete time:2.002716064453125e-05
delete time:2.574920654296875e-05
delete time:4.076957702636719e-05
delete time:2.193450927734375e-05
delete time:2.4557113647460938e-05
delete time:4.00543212890625e-05
delete time:3.24249267578125e-05
delete time:3.1948089599609375e-05
delete time:3.886222839355469e-05
delete time:2.6226043701171875e-05
delete time:4.076957702636719e-05
delete time:2.86102294921875e-05
delete time:2.5987625122070312e-05
delete time:2.9802322387695312e-05
delete time:2.7418136596679688e-05
delete time:2.3126602172851562e-05
delete time:3.886222839355469e-05
delete time:2.4080276489257812e-05
delete time:3.981590270996094e-05
delete time:3.24249267578125e-05
delete time:2.7418136596679688e-05
delete time:5.054473876953125e-05
delete time:2.5510787963867188e-05
delete time:2.47955322265625e-05
delete time:2.6464462280273438e-05
delete time:2.6702880859375e-05
delete time:3.3855438232421875e-05
delete time:2.5033950805664062e-05
delete time:1.9311904907226562e-05
delete time:2.09808349609375e-05
delete time:2.8848648071289062e-05
delete time:3.1948089599609375e-05
delete time:3.24249267578125e-05
delete time:3.337860107421875e-05
delete time:2.765655517578125e-05
delete time:3.1948089599609375e-05
delete time:3.147125244140625e-05
delete time:2.4080276489257812e-05
delete time:1.9550323486328125e-05
delete time:1.9073486328125e-05
delete time:2.3126602172851562e-05
delete time:2.2411346435546875e-05
delete time:2.8848648071289062e-05
delete time:2.5510787963867188e-05
delete time:2.7418136596679688e-05
delete time:3.218650817871094e-05
delete time:2.47955322265625e-05
delete time:2.5987625122070312e-05
delete time:3.123283386230469e-05
delete time:2.6464462280273438e-05
delete time:2.09808349609375e-05
delete time:3.719329833984375e-05
delete time:3.0040740966796875e-05
delete time:2.86102294921875e-05
delete time:1.8358230590820312e-05
delete time:3.743171691894531e-05
delete time:2.09808349609375e-05
delete time:2.1219253540039062e-05
delete time:2.47955322265625e-05
delete time:1.7404556274414062e-05
delete time:3.337860107421875e-05
delete time:3.337860107421875e-05
delete time:2.09808349609375e-05
delete time:2.5510787963867188e-05
delete time:2.86102294921875e-05
delete time:2.7418136596679688e-05
delete time:2.3603439331054688e-05
delete time:2.6941299438476562e-05
delete time:2.765655517578125e-05
delete time:2.47955322265625e-05
delete time:3.7670135498046875e-05
delete time:2.574920654296875e-05
delete time:2.5033950805664062e-05
delete time:2.7894973754882812e-05
delete time:3.266334533691406e-05
delete time:2.0265579223632812e-05
delete time:2.193450927734375e-05
delete time:2.9087066650390625e-05
delete time:2.288818359375e-05
delete time:2.7179718017578125e-05
delete time:3.3855438232421875e-05
delete time:4.029273986816406e-05
delete time:1.8835067749023438e-05
delete time:2.765655517578125e-05
delete time:2.2649765014648438e-05
delete time:3.5762786865234375e-05
delete time:3.3855438232421875e-05
delete time:2.0742416381835938e-05
delete time:1.6927719116210938e-05
delete time:2.1457672119140625e-05
delete time:3.600120544433594e-05
delete time:4.1961669921875e-05
delete time:3.62396240234375e-05
delete time:2.193450927734375e-05
delete time:3.123283386230469e-05
delete time:2.5272369384765625e-05
delete time:2.2649765014648438e-05
delete time:2.0503997802734375e-05
delete time:3.147125244140625e-05
delete time:3.457069396972656e-05
delete time:2.6702880859375e-05
delete time:3.4332275390625e-05
delete time:2.09808349609375e-05
delete time:3.170967102050781e-05
delete time:2.5510787963867188e-05
delete time:1.8835067749023438e-05
delete time:2.3603439331054688e-05
delete time:2.288818359375e-05
delete time:2.09808349609375e-05
delete time:3.361701965332031e-05
delete time:2.9087066650390625e-05
delete time:4.363059997558594e-05
delete time:2.47955322265625e-05
delete time:3.695487976074219e-05
delete time:3.9577484130859375e-05
delete time:3.5762786865234375e-05
delete time:2.86102294921875e-05
delete time:3.24249267578125e-05
delete time:5.412101745605469e-05
delete time:2.6226043701171875e-05
delete time:2.7179718017578125e-05
delete time:3.075599670410156e-05
delete time:2.2172927856445312e-05
delete time:2.7894973754882812e-05
delete time:2.6226043701171875e-05
delete time:2.5987625122070312e-05
delete time:2.4318695068359375e-05
delete time:2.2411346435546875e-05
delete time:3.5762786865234375e-05
delete time:2.8133392333984375e-05
delete time:3.552436828613281e-05
delete time:2.2411346435546875e-05
delete time:2.1457672119140625e-05
delete time:2.5272369384765625e-05
delete time:2.2411346435546875e-05
delete time:2.2649765014648438e-05
delete time:3.457069396972656e-05
delete time:4.124641418457031e-05
delete time:2.288818359375e-05
delete time:2.3603439331054688e-05
delete time:3.170967102050781e-05
delete time:2.4318695068359375e-05
delete time:2.2649765014648438e-05
delete time:3.147125244140625e-05
delete time:2.0742416381835938e-05
delete time:2.0503997802734375e-05
delete time:2.0265579223632812e-05
delete time:2.0265579223632812e-05
delete time:1.8835067749023438e-05
delete time:1.8358230590820312e-05
delete time:2.09808349609375e-05
delete time:2.4080276489257812e-05
delete time:2.8371810913085938e-05
delete time:4.124641418457031e-05
delete time:2.2172927856445312e-05
delete time:2.6464462280273438e-05
delete time:2.8133392333984375e-05
delete time:2.765655517578125e-05
delete time:2.5272369384765625e-05
delete time:2.6702880859375e-05
delete time:3.4809112548828125e-05
delete time:2.1457672119140625e-05
delete time:3.0517578125e-05
delete time:3.457069396972656e-05
delete time:2.956390380859375e-05
delete time:2.6702880859375e-05
delete time:3.409385681152344e-05
delete time:2.5987625122070312e-05
delete time:2.384185791015625e-05
delete time:2.5033950805664062e-05
delete time:2.0503997802734375e-05
delete time:3.647804260253906e-05
delete time:2.0742416381835938e-05
delete time:2.0503997802734375e-05
delete time:2.9325485229492188e-05
delete time:1.621246337890625e-05
delete time:3.170967102050781e-05
delete time:3.814697265625e-05
delete time:3.0517578125e-05
delete time:2.7894973754882812e-05
delete time:2.5033950805664062e-05
delete time:2.5272369384765625e-05
delete time:1.7404556274414062e-05
delete time:2.7894973754882812e-05
delete time:3.24249267578125e-05
delete time:2.6226043701171875e-05
delete time:3.4809112548828125e-05
delete time:2.9325485229492188e-05
delete time:3.790855407714844e-05
delete time:1.9311904907226562e-05
delete time:2.193450927734375e-05
delete time:3.361701965332031e-05
delete time:3.075599670410156e-05
delete time:2.5510787963867188e-05
delete time:2.8371810913085938e-05
delete time:1.6450881958007812e-05
delete time:2.5033950805664062e-05
delete time:2.3603439331054688e-05
delete time:3.7670135498046875e-05
delete time:2.5987625122070312e-05
delete time:2.1696090698242188e-05
delete time:2.7894973754882812e-05
delete time:2.5510787963867188e-05
delete time:2.1696090698242188e-05
delete time:3.218650817871094e-05
delete time:2.2172927856445312e-05
delete time:2.6941299438476562e-05
delete time:4.410743713378906e-05
delete time:4.38690185546875e-05
delete time:2.0265579223632812e-05
delete time:2.193450927734375e-05
delete time:2.47955322265625e-05
delete time:3.075599670410156e-05
delete time:3.2901763916015625e-05
delete time:1.7881393432617188e-05
delete time:3.1948089599609375e-05
delete time:4.1961669921875e-05
delete time:1.5974044799804688e-05
delete time:3.2901763916015625e-05
delete time:2.47955322265625e-05
delete time:3.147125244140625e-05
delete time:2.3126602172851562e-05
delete time:1.6450881958007812e-05
delete time:3.552436828613281e-05
delete time:3.1948089599609375e-05
delete time:2.5987625122070312e-05
delete time:2.6226043701171875e-05
delete time:2.7179718017578125e-05
delete time:2.8371810913085938e-05
delete time:3.6716461181640625e-05
delete time:3.981590270996094e-05
delete time:2.6226043701171875e-05
delete time:3.0279159545898438e-05
delete time:3.266334533691406e-05
delete time:2.4080276489257812e-05
delete time:2.7418136596679688e-05
delete time:2.4318695068359375e-05
delete time:3.695487976074219e-05
delete time:2.765655517578125e-05
delete time:2.4318695068359375e-05
delete time:3.62396240234375e-05
delete time:2.7418136596679688e-05
delete time:2.9087066650390625e-05
delete time:4.124641418457031e-05
delete time:2.8371810913085938e-05
delete time:2.193450927734375e-05
delete time:2.9802322387695312e-05
delete time:3.0040740966796875e-05
delete time:2.1219253540039062e-05
delete time:3.0279159545898438e-05
delete time:2.6226043701171875e-05
delete time:3.695487976074219e-05
delete time:2.6941299438476562e-05
delete time:2.47955322265625e-05
delete time:2.4318695068359375e-05
delete time:2.0742416381835938e-05
delete time:2.8371810913085938e-05
delete time:2.0503997802734375e-05
delete time:4.076957702636719e-05
delete time:3.218650817871094e-05
delete time:2.1696090698242188e-05
delete time:3.457069396972656e-05
delete time:3.886222839355469e-05
delete time:3.910064697265625e-05
delete time:3.62396240234375e-05
delete time:2.2649765014648438e-05
delete time:4.2438507080078125e-05
delete time:2.1696090698242188e-05
delete time:2.193450927734375e-05
delete time:2.4080276489257812e-05
delete time:3.5762786865234375e-05
delete time:3.814697265625e-05
delete time:3.6716461181640625e-05
delete time:2.2649765014648438e-05
delete time:2.384185791015625e-05
delete time:2.384185791015625e-05
delete time:2.3126602172851562e-05
delete time:2.288818359375e-05
delete time:2.8848648071289062e-05
delete time:2.3603439331054688e-05
delete time:3.409385681152344e-05
delete time:2.6702880859375e-05
delete time:2.2411346435546875e-05
delete time:3.0517578125e-05
delete time:3.814697265625e-05
delete time:1.9311904907226562e-05
delete time:2.4080276489257812e-05
delete time:2.574920654296875e-05
delete time:2.2411346435546875e-05
delete time:2.2649765014648438e-05
delete time:3.719329833984375e-05
delete time:2.4318695068359375e-05
delete time:3.2901763916015625e-05
delete time:2.0742416381835938e-05
delete time:2.5987625122070312e-05
delete time:2.2411346435546875e-05
delete time:3.0279159545898438e-05
delete time:2.5987625122070312e-05
delete time:2.5033950805664062e-05
delete time:2.5033950805664062e-05
delete time:2.956390380859375e-05
delete time:2.1219253540039062e-05
delete time:2.288818359375e-05
delete time:2.9087066650390625e-05
delete time:2.4318695068359375e-05
delete time:2.0503997802734375e-05
delete time:2.0265579223632812e-05
delete time:2.0265579223632812e-05
delete time:2.5272369384765625e-05
delete time:2.3365020751953125e-05
delete time:2.4557113647460938e-05
delete time:2.2411346435546875e-05
delete time:2.765655517578125e-05
delete time:3.4332275390625e-05
delete time:3.218650817871094e-05
delete time:3.0040740966796875e-05
delete time:2.5987625122070312e-05
delete time:2.384185791015625e-05
delete time:2.1219253540039062e-05
delete time:2.9802322387695312e-05
delete time:2.6464462280273438e-05
delete time:2.5033950805664062e-05
delete time:2.193450927734375e-05
delete time:2.6702880859375e-05
delete time:3.1948089599609375e-05
delete time:3.361701965332031e-05
delete time:2.3603439331054688e-05
delete time:2.4080276489257812e-05
delete time:2.4557113647460938e-05
delete time:3.3855438232421875e-05
delete time:2.8371810913085938e-05
delete time:2.0503997802734375e-05
delete time:3.266334533691406e-05
delete time:2.47955322265625e-05
delete time:2.8848648071289062e-05
delete time:4.1961669921875e-05
delete time:2.47955322265625e-05
delete time:2.193450927734375e-05
delete time:2.3126602172851562e-05
delete time:2.4318695068359375e-05
delete time:3.4332275390625e-05
delete time:2.574920654296875e-05
delete time:2.384185791015625e-05
delete time:2.7894973754882812e-05
delete time:2.002716064453125e-05
delete time:3.4809112548828125e-05
delete time:1.8358230590820312e-05
delete time:2.4318695068359375e-05
delete time:2.5272369384765625e-05
delete time:3.1948089599609375e-05
delete time:2.1457672119140625e-05
delete time:2.9325485229492188e-05
delete time:2.288818359375e-05
delete time:2.193450927734375e-05
delete time:2.1219253540039062e-05
delete time:2.09808349609375e-05
delete time:2.765655517578125e-05
delete time:2.0265579223632812e-05
delete time:2.1696090698242188e-05
delete time:2.4080276489257812e-05
delete time:2.765655517578125e-05
delete time:2.8133392333984375e-05
delete time:2.7179718017578125e-05
delete time:2.3365020751953125e-05
delete time:2.1696090698242188e-05
delete time:1.7881393432617188e-05
delete time:2.1457672119140625e-05
delete time:2.384185791015625e-05
delete time:2.9325485229492188e-05
delete time:3.528594970703125e-05
delete time:3.0279159545898438e-05
delete time:1.9311904907226562e-05
delete time:2.765655517578125e-05
delete time:2.5272369384765625e-05
delete time:2.1219253540039062e-05
delete time:2.5510787963867188e-05
delete time:3.0517578125e-05
delete time:1.9550323486328125e-05
delete time:2.8133392333984375e-05
delete time:2.2172927856445312e-05
delete time:2.5510787963867188e-05
delete time:1.7404556274414062e-05
delete time:3.8623809814453125e-05
delete time:2.765655517578125e-05
delete time:2.384185791015625e-05
delete time:3.075599670410156e-05
delete time:1.7404556274414062e-05
delete time:3.170967102050781e-05
delete time:2.6464462280273438e-05
delete time:2.002716064453125e-05
delete time:2.574920654296875e-05
delete time:2.5272369384765625e-05
delete time:3.504753112792969e-05
delete time:2.3365020751953125e-05
delete time:1.6450881958007812e-05
delete time:2.384185791015625e-05
delete time:2.3126602172851562e-05
delete time:2.5987625122070312e-05
delete time:2.2649765014648438e-05
delete time:2.1457672119140625e-05
delete time:3.504753112792969e-05
delete time:2.6941299438476562e-05
delete time:1.9550323486328125e-05
delete time:2.4557113647460938e-05
delete time:3.504753112792969e-05
delete time:3.504753112792969e-05
delete time:2.4080276489257812e-05
delete time:2.8371810913085938e-05
delete time:2.384185791015625e-05
delete time:1.8835067749023438e-05
delete time:2.5272369384765625e-05
delete time:3.314018249511719e-05
delete time:2.956390380859375e-05
delete time:1.9788742065429688e-05
delete time:1.4066696166992188e-05
delete time:3.314018249511719e-05
delete time:2.5510787963867188e-05
delete time:2.8848648071289062e-05
delete time:2.3365020751953125e-05
delete time:3.266334533691406e-05
delete time:2.5033950805664062e-05
delete time:3.647804260253906e-05
delete time:3.218650817871094e-05
delete time:2.002716064453125e-05
delete time:2.8848648071289062e-05
delete time:2.5510787963867188e-05
delete time:1.9073486328125e-05
delete time:2.3365020751953125e-05
delete time:2.2411346435546875e-05
delete time:1.9788742065429688e-05
delete time:4.76837158203125e-05
delete time:3.4332275390625e-05
delete time:2.2411346435546875e-05
delete time:2.0742416381835938e-05
delete time:2.2172927856445312e-05
delete time:3.838539123535156e-05
delete time:2.8848648071289062e-05
delete time:3.790855407714844e-05
delete time:4.649162292480469e-05
delete time:3.981590270996094e-05
delete time:1.8835067749023438e-05
delete time:2.5987625122070312e-05
delete time:2.193450927734375e-05
delete time:2.5272369384765625e-05
delete time:2.0742416381835938e-05
delete time:2.288818359375e-05
delete time:2.0742416381835938e-05
delete time:2.7418136596679688e-05
delete time:2.0503997802734375e-05
delete time:1.8596649169921875e-05
delete time:3.0994415283203125e-05
delete time:2.6941299438476562e-05
delete time:2.5272369384765625e-05
delete time:2.193450927734375e-05
delete time:1.9550323486328125e-05
delete time:2.6464462280273438e-05
delete time:2.6702880859375e-05
delete time:2.5033950805664062e-05
delete time:4.1961669921875e-05
delete time:3.5762786865234375e-05
delete time:1.7881393432617188e-05
delete time:3.790855407714844e-05
delete time:1.9788742065429688e-05
delete time:3.170967102050781e-05
delete time:2.6941299438476562e-05
delete time:1.5735626220703125e-05
delete time:3.0040740966796875e-05
delete time:2.6464462280273438e-05
delete time:4.363059997558594e-05
delete time:2.288818359375e-05
delete time:1.621246337890625e-05
delete time:2.1696090698242188e-05
delete time:1.9073486328125e-05
delete time:2.0742416381835938e-05
delete time:4.124641418457031e-05
delete time:2.4080276489257812e-05
delete time:2.288818359375e-05
delete time:1.6927719116210938e-05
delete time:2.0503997802734375e-05
delete time:2.7418136596679688e-05
delete time:2.6702880859375e-05
delete time:2.3603439331054688e-05
delete time:2.3603439331054688e-05
delete time:3.1948089599609375e-05
delete time:3.719329833984375e-05
delete time:1.4781951904296875e-05
delete time:3.457069396972656e-05
delete time:2.6226043701171875e-05
delete time:1.8596649169921875e-05
delete time:2.193450927734375e-05
delete time:2.6226043701171875e-05
delete time:2.7418136596679688e-05
delete time:4.1961669921875e-05
delete time:2.3126602172851562e-05
delete time:2.9802322387695312e-05
delete time:2.1696090698242188e-05
delete time:2.4318695068359375e-05
delete time:3.075599670410156e-05
delete time:2.47955322265625e-05
delete time:2.4080276489257812e-05
delete time:2.3365020751953125e-05
delete time:2.0265579223632812e-05
delete time:3.933906555175781e-05
delete time:3.361701965332031e-05
delete time:2.288818359375e-05
delete time:2.002716064453125e-05
delete time:2.9802322387695312e-05
delete time:2.288818359375e-05
delete time:2.765655517578125e-05
delete time:3.218650817871094e-05
delete time:2.6941299438476562e-05
delete time:3.552436828613281e-05
delete time:1.9550323486328125e-05
delete time:4.9114227294921875e-05
delete time:1.621246337890625e-05
delete time:2.2649765014648438e-05
delete time:1.71661376953125e-05
delete time:2.002716064453125e-05
delete time:2.3603439331054688e-05
delete time:2.5272369384765625e-05
delete time:3.647804260253906e-05
delete time:2.574920654296875e-05
delete time:3.719329833984375e-05
delete time:2.4318695068359375e-05
delete time:1.9550323486328125e-05
delete time:1.9311904907226562e-05
delete time:2.193450927734375e-05
delete time:1.8835067749023438e-05
delete time:2.384185791015625e-05
delete time:2.2649765014648438e-05
delete time:2.3365020751953125e-05
delete time:2.09808349609375e-05
delete time:3.170967102050781e-05
delete time:2.1219253540039062e-05
delete time:2.1696090698242188e-05
delete time:2.1696090698242188e-05
delete time:2.765655517578125e-05
delete time:3.695487976074219e-05
delete time:1.811981201171875e-05
delete time:1.7881393432617188e-05
delete time:2.0265579223632812e-05
delete time:2.193450927734375e-05
delete time:2.9325485229492188e-05
delete time:2.288818359375e-05
delete time:1.9550323486328125e-05
delete time:2.6464462280273438e-05
delete time:1.9073486328125e-05
delete time:2.4557113647460938e-05
delete time:4.0531158447265625e-05
delete time:3.337860107421875e-05
delete time:1.9788742065429688e-05
delete time:3.719329833984375e-05
delete time:2.9802322387695312e-05
delete time:1.811981201171875e-05
delete time:3.4332275390625e-05
delete time:3.814697265625e-05
delete time:2.765655517578125e-05
delete time:2.09808349609375e-05
delete time:2.4318695068359375e-05
delete time:3.457069396972656e-05
delete time:1.9311904907226562e-05
delete time:1.6927719116210938e-05
delete time:1.9550323486328125e-05
delete time:2.5033950805664062e-05
delete time:1.7404556274414062e-05
delete time:3.337860107421875e-05
delete time:3.8623809814453125e-05
delete time:3.0040740966796875e-05
delete time:2.5033950805664062e-05
delete time:1.8835067749023438e-05
delete time:3.361701965332031e-05
delete time:1.6927719116210938e-05
delete time:2.0265579223632812e-05
delete time:2.1219253540039062e-05
delete time:3.337860107421875e-05
delete time:2.6941299438476562e-05
delete time:2.9087066650390625e-05
delete time:3.147125244140625e-05
delete time:2.7894973754882812e-05
delete time:2.574920654296875e-05
delete time:2.2649765014648438e-05
delete time:3.361701965332031e-05
delete time:1.9788742065429688e-05
delete time:2.8848648071289062e-05
delete time:2.86102294921875e-05
delete time:2.3126602172851562e-05
delete time:1.9311904907226562e-05
delete time:1.6689300537109375e-05
delete time:2.0503997802734375e-05
delete time:2.8371810913085938e-05
delete time:1.7404556274414062e-05
delete time:4.553794860839844e-05
delete time:1.7404556274414062e-05
delete time:3.075599670410156e-05
delete time:2.86102294921875e-05
delete time:2.002716064453125e-05
delete time:2.5033950805664062e-05
delete time:2.288818359375e-05
delete time:2.7418136596679688e-05
delete time:1.8358230590820312e-05
delete time:2.765655517578125e-05
delete time:2.09808349609375e-05
delete time:3.337860107421875e-05
delete time:3.0040740966796875e-05
delete time:3.647804260253906e-05
delete time:3.24249267578125e-05
delete time:2.4080276489257812e-05
delete time:1.52587890625e-05
delete time:1.9073486328125e-05
delete time:2.4318695068359375e-05
delete time:2.7179718017578125e-05
delete time:2.5510787963867188e-05
delete time:3.0040740966796875e-05
delete time:2.7418136596679688e-05
delete time:1.8358230590820312e-05
delete time:3.981590270996094e-05
delete time:1.5974044799804688e-05
delete time:2.5033950805664062e-05
delete time:2.6226043701171875e-05
delete time:3.409385681152344e-05
delete time:2.288818359375e-05
delete time:3.123283386230469e-05
delete time:2.5987625122070312e-05
delete time:3.409385681152344e-05
delete time:2.2411346435546875e-05
delete time:2.5987625122070312e-05
delete time:3.218650817871094e-05
delete time:1.621246337890625e-05
delete time:1.621246337890625e-05
delete time:2.5033950805664062e-05
delete time:2.4080276489257812e-05
delete time:2.4080276489257812e-05
delete time:1.8596649169921875e-05
delete time:2.3603439331054688e-05
delete time:2.1219253540039062e-05
delete time:1.4066696166992188e-05
delete time:2.5510787963867188e-05
delete time:1.8358230590820312e-05
delete time:3.4332275390625e-05
delete time:1.7881393432617188e-05
delete time:2.1696090698242188e-05
delete time:2.9325485229492188e-05
delete time:2.7179718017578125e-05
delete time:3.719329833984375e-05
delete time:3.075599670410156e-05
delete time:1.7642974853515625e-05
delete time:2.384185791015625e-05
delete time:4.4345855712890625e-05
delete time:2.765655517578125e-05
delete time:2.574920654296875e-05
delete time:3.6716461181640625e-05
delete time:2.2411346435546875e-05
delete time:2.7418136596679688e-05
delete time:2.4318695068359375e-05
delete time:2.4318695068359375e-05
delete time:2.3126602172851562e-05
delete time:3.123283386230469e-05
delete time:1.8358230590820312e-05
delete time:2.6702880859375e-05
delete time:2.8371810913085938e-05
delete time:3.2901763916015625e-05
delete time:2.2649765014648438e-05
delete time:2.7418136596679688e-05
delete time:3.695487976074219e-05
delete time:2.8848648071289062e-05
delete time:2.1219253540039062e-05
delete time:3.123283386230469e-05
delete time:3.528594970703125e-05
delete time:3.457069396972656e-05
delete time:2.3126602172851562e-05
delete time:4.2438507080078125e-05
delete time:4.363059997558594e-05
delete time:2.956390380859375e-05
delete time:2.7418136596679688e-05
delete time:2.7179718017578125e-05
delete time:3.0994415283203125e-05
delete time:3.147125244140625e-05
delete time:2.5510787963867188e-05
delete time:5.030632019042969e-05
delete time:2.6941299438476562e-05
delete time:2.1219253540039062e-05
delete time:2.6464462280273438e-05
delete time:3.218650817871094e-05
delete time:2.4080276489257812e-05
delete time:2.7894973754882812e-05
delete time:1.9788742065429688e-05
delete time:2.9802322387695312e-05
delete time:3.314018249511719e-05
delete time:2.5987625122070312e-05
delete time:1.7642974853515625e-05
delete time:3.266334533691406e-05
delete time:2.4318695068359375e-05
delete time:3.3855438232421875e-05
delete time:2.4080276489257812e-05
delete time:3.266334533691406e-05
delete time:3.647804260253906e-05
delete time:2.8848648071289062e-05
delete time:2.8848648071289062e-05
delete time:3.075599670410156e-05
delete time:1.9311904907226562e-05
delete time:3.0040740966796875e-05
delete time:2.09808349609375e-05
delete time:3.218650817871094e-05
delete time:3.147125244140625e-05
delete time:2.8133392333984375e-05
delete time:3.218650817871094e-05
delete time:1.9788742065429688e-05
delete time:1.6927719116210938e-05
delete time:3.337860107421875e-05
delete time:3.4332275390625e-05
delete time:3.790855407714844e-05
delete time:3.314018249511719e-05
delete time:4.363059997558594e-05
delete time:2.8133392333984375e-05
delete time:2.8371810913085938e-05
delete time:2.5510787963867188e-05
delete time:3.719329833984375e-05
delete time:3.886222839355469e-05
delete time:3.409385681152344e-05
delete time:2.0503997802734375e-05
delete time:2.5510787963867188e-05
delete time:2.6702880859375e-05
delete time:1.621246337890625e-05
delete time:2.3126602172851562e-05
delete time:3.0040740966796875e-05
delete time:2.9325485229492188e-05
delete time:2.5272369384765625e-05
delete time:2.765655517578125e-05
delete time:3.2901763916015625e-05
delete time:3.0040740966796875e-05
delete time:2.6941299438476562e-05
delete time:4.0531158447265625e-05
delete time:4.458427429199219e-05
delete time:3.170967102050781e-05
delete time:2.0265579223632812e-05
delete time:2.1219253540039062e-05
delete time:3.409385681152344e-05
delete time:3.981590270996094e-05
delete time:3.457069396972656e-05
delete time:3.7670135498046875e-05
delete time:3.719329833984375e-05
delete time:2.2649765014648438e-05
delete time:2.9325485229492188e-05
delete time:2.5272369384765625e-05
delete time:3.123283386230469e-05
delete time:2.8848648071289062e-05
delete time:4.172325134277344e-05
delete time:2.956390380859375e-05
delete time:3.0517578125e-05
delete time:2.0742416381835938e-05
delete time:3.337860107421875e-05
delete time:2.5033950805664062e-05
delete time:1.6450881958007812e-05
delete time:3.409385681152344e-05
delete time:1.5974044799804688e-05
delete time:3.1948089599609375e-05
delete time:5.435943603515625e-05
delete time:3.147125244140625e-05
delete time:1.430511474609375e-05
delete time:2.384185791015625e-05
delete time:3.457069396972656e-05
delete time:3.0279159545898438e-05
delete time:1.9073486328125e-05
delete time:2.5272369384765625e-05
delete time:4.935264587402344e-05
delete time:2.86102294921875e-05
delete time:2.3365020751953125e-05
delete time:2.9802322387695312e-05
delete time:1.52587890625e-05
delete time:2.3126602172851562e-05
delete time:2.2411346435546875e-05
delete time:3.3855438232421875e-05
delete time:2.47955322265625e-05
delete time:2.1696090698242188e-05
delete time:2.4318695068359375e-05
delete time:2.7179718017578125e-05
delete time:3.0994415283203125e-05
delete time:3.5762786865234375e-05
delete time:3.0040740966796875e-05
delete time:3.170967102050781e-05
delete time:2.8848648071289062e-05
delete time:2.86102294921875e-05
delete time:1.8358230590820312e-05
delete time:3.0994415283203125e-05
delete time:3.337860107421875e-05
delete time:2.7894973754882812e-05
delete time:3.3855438232421875e-05
delete time:2.9802322387695312e-05
delete time:3.2901763916015625e-05
delete time:2.6941299438476562e-05
delete time:3.314018249511719e-05
delete time:2.574920654296875e-05
delete time:2.6226043701171875e-05
delete time:3.4809112548828125e-05
delete time:3.552436828613281e-05
delete time:3.0279159545898438e-05
delete time:2.193450927734375e-05
delete time:1.7404556274414062e-05
delete time:1.9550323486328125e-05
delete time:2.574920654296875e-05
delete time:2.8133392333984375e-05
delete time:2.6226043701171875e-05
delete time:2.1457672119140625e-05
delete time:3.170967102050781e-05
delete time:2.2649765014648438e-05
delete time:2.6226043701171875e-05
delete time:2.574920654296875e-05
delete time:2.5272369384765625e-05
delete time:3.361701965332031e-05
delete time:3.24249267578125e-05
delete time:2.9325485229492188e-05
delete time:4.2438507080078125e-05
delete time:1.6450881958007812e-05
delete time:2.5033950805664062e-05
delete time:2.9802322387695312e-05
delete time:3.0279159545898438e-05
delete time:5.7220458984375e-05
delete time:3.409385681152344e-05
delete time:3.647804260253906e-05
delete time:2.9087066650390625e-05
delete time:1.6689300537109375e-05
delete time:1.6689300537109375e-05
delete time:2.7179718017578125e-05
delete time:4.5299530029296875e-05
delete time:1.7881393432617188e-05
delete time:4.00543212890625e-05
delete time:4.38690185546875e-05
delete time:2.1696090698242188e-05
delete time:3.218650817871094e-05
delete time:2.0503997802734375e-05
delete time:3.504753112792969e-05
delete time:2.86102294921875e-05
delete time:1.7404556274414062e-05
delete time:2.6702880859375e-05
delete time:2.3603439331054688e-05
delete time:2.288818359375e-05
delete time:3.3855438232421875e-05
delete time:3.4809112548828125e-05
delete time:4.4345855712890625e-05
delete time:2.86102294921875e-05
delete time:3.0517578125e-05
delete time:2.6941299438476562e-05
delete time:2.3365020751953125e-05
delete time:2.8133392333984375e-05
delete time:3.528594970703125e-05
delete time:2.9087066650390625e-05
delete time:1.6450881958007812e-05
delete time:3.123283386230469e-05
delete time:1.7642974853515625e-05
delete time:4.124641418457031e-05
delete time:2.765655517578125e-05
delete time:3.0279159545898438e-05
delete time:3.3855438232421875e-05
delete time:2.2172927856445312e-05
delete time:1.4781951904296875e-05
delete time:2.193450927734375e-05
delete time:3.647804260253906e-05
delete time:5.316734313964844e-05
delete time:2.7894973754882812e-05
delete time:3.4332275390625e-05
delete time:3.0994415283203125e-05
delete time:2.2172927856445312e-05
delete time:4.506111145019531e-05
delete time:2.2172927856445312e-05
delete time:2.2411346435546875e-05
delete time:3.814697265625e-05
delete time:3.2901763916015625e-05
delete time:3.981590270996094e-05
delete time:2.1457672119140625e-05
delete time:3.62396240234375e-05
delete time:2.0742416381835938e-05
delete time:4.3392181396484375e-05
delete time:3.528594970703125e-05
delete time:4.38690185546875e-05
delete time:2.3603439331054688e-05
delete time:3.409385681152344e-05
delete time:2.193450927734375e-05
delete time:3.552436828613281e-05
delete time:3.5762786865234375e-05
delete time:4.172325134277344e-05
delete time:3.3855438232421875e-05
delete time:1.4066696166992188e-05
delete time:2.384185791015625e-05
delete time:1.8835067749023438e-05
delete time:3.409385681152344e-05
delete time:4.5299530029296875e-05
delete time:5.7697296142578125e-05
delete time:5.2928924560546875e-05
delete time:2.7894973754882812e-05
delete time:2.47955322265625e-05
delete time:3.24249267578125e-05
delete time:4.553794860839844e-05
delete time:2.86102294921875e-05
delete time:3.0994415283203125e-05
delete time:2.9802322387695312e-05
delete time:2.9325485229492188e-05
delete time:2.8371810913085938e-05
delete time:2.574920654296875e-05
delete time:5.3882598876953125e-05
delete time:2.4557113647460938e-05
delete time:2.8133392333984375e-05
delete time:1.71661376953125e-05
delete time:1.8835067749023438e-05
delete time:3.647804260253906e-05
delete time:2.2649765014648438e-05
delete time:3.457069396972656e-05
delete time:3.62396240234375e-05
delete time:3.600120544433594e-05
delete time:3.361701965332031e-05
delete time:2.765655517578125e-05
delete time:2.5033950805664062e-05
delete time:3.4809112548828125e-05
delete time:2.8371810913085938e-05
delete time:2.8848648071289062e-05
delete time:2.4318695068359375e-05
delete time:3.266334533691406e-05
delete time:3.266334533691406e-05
delete time:3.337860107421875e-05
delete time:2.6941299438476562e-05
delete time:4.887580871582031e-05
delete time:3.337860107421875e-05
delete time:2.0503997802734375e-05
delete time:3.457069396972656e-05
delete time:2.956390380859375e-05
delete time:1.7881393432617188e-05
delete time:4.124641418457031e-05
delete time:4.029273986816406e-05
delete time:5.6743621826171875e-05
delete time:6.198883056640625e-05
delete time:3.24249267578125e-05
delete time:4.5299530029296875e-05
delete time:2.765655517578125e-05
delete time:2.765655517578125e-05
delete time:2.47955322265625e-05
delete time:6.29425048828125e-05
delete time:4.7206878662109375e-05
delete time:3.600120544433594e-05
delete time:2.09808349609375e-05
delete time:5.030632019042969e-05
delete time:3.0994415283203125e-05
delete time:2.6702880859375e-05
delete time:3.62396240234375e-05
delete time:3.2901763916015625e-05
delete time:1.9550323486328125e-05
delete time:3.218650817871094e-05
delete time:4.076957702636719e-05
delete time:4.363059997558594e-05
delete time:2.4557113647460938e-05
delete time:4.76837158203125e-05
delete time:2.0503997802734375e-05
delete time:2.193450927734375e-05
delete time:4.601478576660156e-05
delete time:3.4809112548828125e-05
delete time:3.743171691894531e-05
delete time:4.76837158203125e-05
delete time:2.3603439331054688e-05
delete time:2.2649765014648438e-05
delete time:2.5272369384765625e-05
delete time:3.695487976074219e-05
delete time:3.910064697265625e-05
delete time:1.5974044799804688e-05
delete time:1.6689300537109375e-05
delete time:2.574920654296875e-05
delete time:3.647804260253906e-05
delete time:3.361701965332031e-05
delete time:2.002716064453125e-05
delete time:2.7179718017578125e-05
delete time:2.8371810913085938e-05
delete time:3.719329833984375e-05
delete time:3.1948089599609375e-05
delete time:2.6226043701171875e-05
delete time:3.695487976074219e-05
delete time:3.5762786865234375e-05
delete time:2.5510787963867188e-05
delete time:1.8835067749023438e-05
delete time:2.09808349609375e-05
delete time:4.220008850097656e-05
delete time:2.9325485229492188e-05
delete time:3.24249267578125e-05
delete time:2.956390380859375e-05
delete time:1.3828277587890625e-05
delete time:4.029273986816406e-05
delete time:5.125999450683594e-05
delete time:2.193450927734375e-05
delete time:1.811981201171875e-05
delete time:3.886222839355469e-05
delete time:2.09808349609375e-05
delete time:4.124641418457031e-05
delete time:2.4080276489257812e-05
delete time:3.361701965332031e-05
delete time:2.7418136596679688e-05
delete time:2.5510787963867188e-05
delete time:3.24249267578125e-05
delete time:2.47955322265625e-05
delete time:2.47955322265625e-05
delete time:4.00543212890625e-05
delete time:2.4557113647460938e-05
delete time:2.7894973754882812e-05
delete time:1.9550323486328125e-05
delete time:2.4557113647460938e-05
delete time:3.0517578125e-05
delete time:1.7642974853515625e-05
delete time:3.62396240234375e-05
delete time:3.4332275390625e-05
delete time:3.0040740966796875e-05
delete time:3.24249267578125e-05
delete time:3.4809112548828125e-05
delete time:3.266334533691406e-05
delete time:2.193450927734375e-05
delete time:3.743171691894531e-05
delete time:3.719329833984375e-05
delete time:4.172325134277344e-05
delete time:3.4809112548828125e-05
delete time:3.266334533691406e-05
delete time:3.528594970703125e-05
delete time:1.9788742065429688e-05
delete time:3.504753112792969e-05
delete time:3.647804260253906e-05
delete time:3.2901763916015625e-05
delete time:2.09808349609375e-05
delete time:3.3855438232421875e-05
delete time:3.409385681152344e-05
delete time:3.361701965332031e-05
delete time:2.2649765014648438e-05
delete time:2.384185791015625e-05
delete time:3.075599670410156e-05
delete time:2.2649765014648438e-05
delete time:1.9550323486328125e-05
delete time:5.340576171875e-05
delete time:2.0503997802734375e-05
delete time:4.506111145019531e-05
delete time:3.170967102050781e-05
delete time:2.8371810913085938e-05
delete time:3.6716461181640625e-05
delete time:2.0742416381835938e-05
delete time:2.0742416381835938e-05
delete time:3.337860107421875e-05
delete time:2.9087066650390625e-05
delete time:4.124641418457031e-05
delete time:3.170967102050781e-05
delete time:2.7418136596679688e-05
delete time:3.814697265625e-05
delete time:4.172325134277344e-05
delete time:4.124641418457031e-05
delete time:4.1484832763671875e-05
delete time:2.5272369384765625e-05
delete time:2.7894973754882812e-05
delete time:3.4809112548828125e-05
delete time:2.3365020751953125e-05
delete time:2.4318695068359375e-05
delete time:3.9577484130859375e-05
delete time:3.147125244140625e-05
delete time:2.7894973754882812e-05
delete time:3.981590270996094e-05
delete time:2.4557113647460938e-05
delete time:3.4332275390625e-05
delete time:1.7404556274414062e-05
delete time:2.1219253540039062e-05
delete time:3.838539123535156e-05
delete time:2.2649765014648438e-05
delete time:3.0994415283203125e-05
delete time:3.528594970703125e-05
delete time:5.7697296142578125e-05
delete time:3.266334533691406e-05
delete time:2.288818359375e-05
delete time:2.3365020751953125e-05
delete time:2.7894973754882812e-05
delete time:2.574920654296875e-05
delete time:4.458427429199219e-05
delete time:2.3603439331054688e-05
delete time:4.172325134277344e-05
delete time:3.170967102050781e-05
delete time:2.002716064453125e-05
delete time:2.765655517578125e-05
delete time:2.8133392333984375e-05
delete time:5.0067901611328125e-05
delete time:3.0994415283203125e-05
delete time:3.0279159545898438e-05
delete time:3.8623809814453125e-05
delete time:2.193450927734375e-05
delete time:2.2172927856445312e-05
delete time:1.9073486328125e-05
delete time:2.7179718017578125e-05
delete time:3.0040740966796875e-05
delete time:3.218650817871094e-05
delete time:2.2172927856445312e-05
delete time:2.5272369384765625e-05
delete time:4.696846008300781e-05
delete time:2.7179718017578125e-05
delete time:4.38690185546875e-05
delete time:3.647804260253906e-05
delete time:2.9802322387695312e-05
delete time:2.4080276489257812e-05
delete time:2.3126602172851562e-05
delete time:3.0040740966796875e-05
delete time:3.552436828613281e-05
delete time:3.2901763916015625e-05
delete time:3.743171691894531e-05
delete time:4.506111145019531e-05
delete time:1.8596649169921875e-05
delete time:2.6702880859375e-05
delete time:2.2649765014648438e-05
delete time:2.1457672119140625e-05
delete time:2.4557113647460938e-05
delete time:2.4080276489257812e-05
delete time:4.076957702636719e-05
delete time:3.409385681152344e-05
delete time:3.7670135498046875e-05
delete time:2.2411346435546875e-05
delete time:4.744529724121094e-05
delete time:3.457069396972656e-05
delete time:3.9577484130859375e-05
delete time:3.314018249511719e-05
delete time:3.314018249511719e-05
delete time:5.364418029785156e-05
delete time:4.506111145019531e-05
delete time:3.147125244140625e-05
delete time:1.9550323486328125e-05
delete time:2.4080276489257812e-05
delete time:3.123283386230469e-05
delete time:2.3365020751953125e-05
delete time:4.076957702636719e-05
delete time:3.4809112548828125e-05
delete time:3.266334533691406e-05
delete time:2.0503997802734375e-05
delete time:3.695487976074219e-05
delete time:1.9311904907226562e-05
delete time:2.4318695068359375e-05
delete time:3.6716461181640625e-05
delete time:2.7894973754882812e-05
delete time:1.9788742065429688e-05
delete time:3.3855438232421875e-05
delete time:2.8371810913085938e-05
delete time:4.458427429199219e-05
delete time:3.7670135498046875e-05
delete time:3.266334533691406e-05
delete time:2.6702880859375e-05
delete time:3.3855438232421875e-05
delete time:2.6464462280273438e-05
delete time:3.218650817871094e-05
delete time:5.14984130859375e-05
delete time:2.2649765014648438e-05
delete time:2.09808349609375e-05
delete time:2.193450927734375e-05
delete time:4.649162292480469e-05
delete time:4.1961669921875e-05
delete time:3.218650817871094e-05
delete time:3.814697265625e-05
delete time:4.029273986816406e-05
delete time:1.8358230590820312e-05
delete time:3.719329833984375e-05
delete time:1.621246337890625e-05
delete time:2.47955322265625e-05
delete time:2.384185791015625e-05
delete time:4.887580871582031e-05
delete time:1.9311904907226562e-05
delete time:3.504753112792969e-05
delete time:4.220008850097656e-05
delete time:2.0742416381835938e-05
delete time:1.9311904907226562e-05
delete time:3.361701965332031e-05
delete time:2.956390380859375e-05
delete time:3.504753112792969e-05
delete time:2.7179718017578125e-05
delete time:2.384185791015625e-05
delete time:2.5272369384765625e-05
delete time:4.649162292480469e-05
delete time:2.193450927734375e-05
delete time:3.552436828613281e-05
delete time:3.6716461181640625e-05
delete time:2.86102294921875e-05
delete time:3.409385681152344e-05
delete time:2.5033950805664062e-05
delete time:2.3603439331054688e-05
delete time:3.6716461181640625e-05
delete time:3.4332275390625e-05
delete time:3.4332275390625e-05
delete time:4.1484832763671875e-05
delete time:3.552436828613281e-05
delete time:1.9788742065429688e-05
delete time:5.3882598876953125e-05
delete time:3.719329833984375e-05
delete time:1.621246337890625e-05
delete time:3.0040740966796875e-05
delete time:3.2901763916015625e-05
delete time:4.482269287109375e-05
delete time:1.9311904907226562e-05
delete time:2.6702880859375e-05
delete time:4.029273986816406e-05
delete time:3.528594970703125e-05
delete time:3.719329833984375e-05
delete time:2.3603439331054688e-05
delete time:2.288818359375e-05
delete time:3.600120544433594e-05
delete time:2.4080276489257812e-05
delete time:4.220008850097656e-05
delete time:3.123283386230469e-05
delete time:3.552436828613281e-05
delete time:2.0503997802734375e-05
delete time:4.029273986816406e-05
delete time:1.9311904907226562e-05
delete time:3.0994415283203125e-05
delete time:3.170967102050781e-05
delete time:3.4809112548828125e-05
delete time:4.458427429199219e-05
delete time:3.695487976074219e-05
delete time:1.6450881958007812e-05
delete time:3.790855407714844e-05
delete time:2.7418136596679688e-05
delete time:1.7642974853515625e-05
delete time:3.147125244140625e-05
delete time:3.886222839355469e-05
delete time:4.410743713378906e-05
delete time:3.361701965332031e-05
delete time:2.384185791015625e-05
delete time:3.0279159545898438e-05
delete time:4.744529724121094e-05
delete time:3.147125244140625e-05
delete time:1.9073486328125e-05
delete time:3.1948089599609375e-05
delete time:2.09808349609375e-05
delete time:4.029273986816406e-05
delete time:2.8848648071289062e-05
delete time:2.6464462280273438e-05
delete time:1.5974044799804688e-05
delete time:3.5762786865234375e-05
delete time:4.673004150390625e-05
delete time:2.5510787963867188e-05
delete time:3.24249267578125e-05
delete time:3.933906555175781e-05
delete time:3.743171691894531e-05
delete time:5.078315734863281e-05
delete time:2.7894973754882812e-05
delete time:2.765655517578125e-05
delete time:4.57763671875e-05
delete time:3.981590270996094e-05
delete time:2.9802322387695312e-05
delete time:2.9087066650390625e-05
delete time:3.170967102050781e-05
delete time:3.24249267578125e-05
delete time:1.9788742065429688e-05
delete time:3.62396240234375e-05
delete time:3.719329833984375e-05
delete time:1.7642974853515625e-05
delete time:3.552436828613281e-05
delete time:3.5762786865234375e-05
delete time:1.7404556274414062e-05
delete time:2.765655517578125e-05
delete time:3.9577484130859375e-05
delete time:3.147125244140625e-05
delete time:1.52587890625e-05
delete time:3.7670135498046875e-05
delete time:2.6702880859375e-05
delete time:3.147125244140625e-05
delete time:2.8848648071289062e-05
delete time:2.5033950805664062e-05
delete time:3.314018249511719e-05
delete time:5.0067901611328125e-05
delete time:3.1948089599609375e-05
delete time:2.86102294921875e-05
delete time:2.9087066650390625e-05
delete time:4.863739013671875e-05
delete time:2.8133392333984375e-05
delete time:3.147125244140625e-05
delete time:3.218650817871094e-05
delete time:4.1484832763671875e-05
delete time:3.695487976074219e-05
delete time:3.7670135498046875e-05
delete time:2.288818359375e-05
delete time:3.075599670410156e-05
delete time:4.696846008300781e-05
delete time:2.7179718017578125e-05
delete time:1.7404556274414062e-05
delete time:1.8358230590820312e-05
delete time:3.24249267578125e-05
delete time:2.9087066650390625e-05
delete time:4.9114227294921875e-05
delete time:2.1696090698242188e-05
delete time:1.8358230590820312e-05
delete time:3.719329833984375e-05
delete time:3.647804260253906e-05
delete time:4.6253204345703125e-05
delete time:2.0742416381835938e-05
delete time:3.361701965332031e-05
delete time:5.316734313964844e-05
delete time:3.528594970703125e-05
delete time:1.7642974853515625e-05
delete time:3.838539123535156e-05
delete time:3.886222839355469e-05
delete time:1.5735626220703125e-05
delete time:3.1948089599609375e-05
delete time:3.2901763916015625e-05
delete time:2.8133392333984375e-05
delete time:1.3828277587890625e-05
delete time:3.3855438232421875e-05
delete time:1.4781951904296875e-05
delete time:2.8133392333984375e-05
delete time:4.100799560546875e-05
delete time:3.0279159545898438e-05
delete time:2.765655517578125e-05
delete time:2.47955322265625e-05
delete time:3.0040740966796875e-05
delete time:3.600120544433594e-05
delete time:3.8623809814453125e-05
delete time:3.170967102050781e-05
delete time:1.7642974853515625e-05
delete time:2.86102294921875e-05
delete time:2.8848648071289062e-05
delete time:3.147125244140625e-05
delete time:1.9788742065429688e-05
delete time:2.9325485229492188e-05
delete time:2.4318695068359375e-05
delete time:2.002716064453125e-05
delete time:1.7642974853515625e-05
delete time:4.315376281738281e-05
delete time:5.078315734863281e-05
delete time:2.956390380859375e-05
delete time:2.7418136596679688e-05
delete time:2.1219253540039062e-05
delete time:3.62396240234375e-05
delete time:1.811981201171875e-05
delete time:4.291534423828125e-05
delete time:4.00543212890625e-05
delete time:2.9325485229492188e-05
delete time:3.719329833984375e-05
delete time:2.8371810913085938e-05
delete time:2.9802322387695312e-05
delete time:3.695487976074219e-05
delete time:4.124641418457031e-05
delete time:3.4332275390625e-05
delete time:2.8133392333984375e-05
delete time:5.412101745605469e-05
delete time:1.4543533325195312e-05
delete time:2.4318695068359375e-05
delete time:1.5735626220703125e-05
delete time:2.574920654296875e-05
delete time:4.291534423828125e-05
delete time:3.504753112792969e-05
delete time:3.910064697265625e-05
delete time:3.5762786865234375e-05
delete time:3.62396240234375e-05
delete time:4.172325134277344e-05
delete time:1.9550323486328125e-05
delete time:2.86102294921875e-05
delete time:2.8133392333984375e-05
delete time:3.123283386230469e-05
delete time:3.528594970703125e-05
delete time:4.38690185546875e-05
delete time:4.172325134277344e-05
delete time:4.267692565917969e-05
delete time:2.9087066650390625e-05
delete time:3.695487976074219e-05
delete time:3.3855438232421875e-05
delete time:2.7418136596679688e-05
delete time:1.5497207641601562e-05
delete time:4.076957702636719e-05
delete time:3.0040740966796875e-05
delete time:3.170967102050781e-05
delete time:2.86102294921875e-05
delete time:3.528594970703125e-05
delete time:2.6464462280273438e-05
delete time:3.886222839355469e-05
delete time:3.409385681152344e-05
delete time:4.267692565917969e-05
delete time:2.4080276489257812e-05
delete time:2.2411346435546875e-05
delete time:3.361701965332031e-05
delete time:3.170967102050781e-05
delete time:2.956390380859375e-05
delete time:2.7179718017578125e-05
delete time:2.5272369384765625e-05
delete time:2.3126602172851562e-05
delete time:2.7894973754882812e-05
delete time:2.2411346435546875e-05
delete time:2.9087066650390625e-05
delete time:3.314018249511719e-05
delete time:2.6702880859375e-05
delete time:3.719329833984375e-05
delete time:2.8371810913085938e-05
delete time:3.2901763916015625e-05
delete time:2.4557113647460938e-05
delete time:3.24249267578125e-05
delete time:2.574920654296875e-05
delete time:1.9550323486328125e-05
delete time:3.981590270996094e-05
delete time:2.4080276489257812e-05
delete time:2.8371810913085938e-05
delete time:2.956390380859375e-05
delete time:2.4080276489257812e-05
delete time:2.7418136596679688e-05
delete time:2.4318695068359375e-05
delete time:3.62396240234375e-05
delete time:3.0040740966796875e-05
delete time:2.86102294921875e-05
delete time:3.314018249511719e-05
delete time:2.6464462280273438e-05
delete time:2.288818359375e-05
delete time:2.0742416381835938e-05
delete time:3.409385681152344e-05
delete time:2.4080276489257812e-05
delete time:4.76837158203125e-05
delete time:3.719329833984375e-05
delete time:2.7418136596679688e-05
delete time:4.00543212890625e-05
delete time:3.528594970703125e-05
delete time:2.8371810913085938e-05
delete time:2.9325485229492188e-05
delete time:2.4557113647460938e-05
delete time:2.6941299438476562e-05
delete time:2.956390380859375e-05
delete time:5.054473876953125e-05
delete time:2.574920654296875e-05
delete time:3.647804260253906e-05
delete time:2.4318695068359375e-05
delete time:2.6702880859375e-05
delete time:2.0265579223632812e-05
delete time:2.2172927856445312e-05
delete time:5.245208740234375e-05
delete time:2.6702880859375e-05
delete time:3.528594970703125e-05
delete time:3.933906555175781e-05
delete time:2.4557113647460938e-05
delete time:4.100799560546875e-05
delete time:1.9788742065429688e-05
delete time:3.838539123535156e-05
delete time:3.4809112548828125e-05
delete time:2.0265579223632812e-05
delete time:3.7670135498046875e-05
delete time:1.6450881958007812e-05
delete time:3.314018249511719e-05
delete time:2.574920654296875e-05
delete time:2.0742416381835938e-05
delete time:2.2649765014648438e-05
delete time:3.981590270996094e-05
delete time:3.457069396972656e-05
delete time:1.7404556274414062e-05
delete time:2.3603439331054688e-05
delete time:2.8133392333984375e-05
delete time:3.552436828613281e-05
delete time:2.7894973754882812e-05
delete time:3.9577484130859375e-05
delete time:2.6941299438476562e-05
delete time:4.0531158447265625e-05
delete time:2.5987625122070312e-05
delete time:2.3365020751953125e-05
delete time:3.337860107421875e-05
delete time:3.743171691894531e-05
delete time:2.574920654296875e-05
delete time:2.86102294921875e-05
delete time:1.7642974853515625e-05
delete time:4.1484832763671875e-05
delete time:2.5987625122070312e-05
delete time:2.7418136596679688e-05
delete time:3.790855407714844e-05
delete time:3.933906555175781e-05
delete time:3.910064697265625e-05
delete time:4.9114227294921875e-05
delete time:3.0994415283203125e-05
delete time:1.4781951904296875e-05
delete time:2.4557113647460938e-05
delete time:3.910064697265625e-05
delete time:2.4080276489257812e-05
delete time:2.7894973754882812e-05
delete time:4.00543212890625e-05
delete time:2.47955322265625e-05
delete time:2.5510787963867188e-05
delete time:5.698204040527344e-05
delete time:4.029273986816406e-05
delete time:3.075599670410156e-05
delete time:2.7894973754882812e-05
delete time:4.100799560546875e-05
delete time:3.266334533691406e-05
delete time:3.218650817871094e-05
delete time:3.361701965332031e-05
delete time:4.458427429199219e-05
delete time:2.09808349609375e-05
delete time:3.170967102050781e-05
delete time:3.695487976074219e-05
delete time:2.8848648071289062e-05
delete time:2.2172927856445312e-05
delete time:2.86102294921875e-05
delete time:2.8848648071289062e-05
delete time:3.743171691894531e-05
delete time:3.170967102050781e-05
delete time:2.6941299438476562e-05
delete time:4.291534423828125e-05
delete time:2.4080276489257812e-05
delete time:4.291534423828125e-05
delete time:1.621246337890625e-05
delete time:3.647804260253906e-05
delete time:2.8133392333984375e-05
delete time:2.09808349609375e-05
delete time:3.409385681152344e-05
delete time:3.647804260253906e-05
delete time:1.4781951904296875e-05
delete time:4.1961669921875e-05
delete time:3.5762786865234375e-05
delete time:4.696846008300781e-05
delete time:4.315376281738281e-05
delete time:2.0503997802734375e-05
delete time:3.838539123535156e-05
delete time:3.0279159545898438e-05
delete time:3.814697265625e-05
delete time:1.9073486328125e-05
delete time:2.7894973754882812e-05
delete time:2.5987625122070312e-05
delete time:3.337860107421875e-05
delete time:2.3126602172851562e-05
delete time:4.76837158203125e-05
delete time:1.6450881958007812e-05
delete time:3.266334533691406e-05
delete time:2.7179718017578125e-05
delete time:1.8835067749023438e-05
delete time:4.315376281738281e-05
delete time:3.7670135498046875e-05
delete time:5.364418029785156e-05
delete time:3.0279159545898438e-05
delete time:3.743171691894531e-05
delete time:3.4809112548828125e-05
delete time:2.1219253540039062e-05
delete time:3.910064697265625e-05
delete time:2.765655517578125e-05
delete time:1.9311904907226562e-05
delete time:4.696846008300781e-05
delete time:3.600120544433594e-05
delete time:4.887580871582031e-05
delete time:3.886222839355469e-05
delete time:1.7881393432617188e-05
delete time:3.719329833984375e-05
delete time:3.695487976074219e-05
delete time:2.8848648071289062e-05
delete time:3.5762786865234375e-05
delete time:3.838539123535156e-05
delete time:2.765655517578125e-05
delete time:4.76837158203125e-05
delete time:3.314018249511719e-05
delete time:3.6716461181640625e-05
delete time:4.3392181396484375e-05
delete time:1.2874603271484375e-05
delete time:3.266334533691406e-05
delete time:2.6702880859375e-05
delete time:1.9788742065429688e-05
delete time:4.744529724121094e-05
delete time:3.910064697265625e-05
delete time:4.696846008300781e-05
delete time:3.552436828613281e-05
delete time:2.9087066650390625e-05
delete time:1.430511474609375e-05
delete time:4.5299530029296875e-05
delete time:2.86102294921875e-05
delete time:5.030632019042969e-05
delete time:2.5510787963867188e-05
delete time:2.6226043701171875e-05
delete time:3.0517578125e-05
delete time:4.7206878662109375e-05
delete time:3.170967102050781e-05
delete time:3.170967102050781e-05
delete time:3.910064697265625e-05
delete time:1.9311904907226562e-05
delete time:2.5272369384765625e-05
delete time:3.123283386230469e-05
delete time:4.792213439941406e-05
delete time:3.0279159545898438e-05
delete time:2.6464462280273438e-05
delete time:4.38690185546875e-05
delete time:3.4809112548828125e-05
delete time:3.170967102050781e-05
delete time:2.5987625122070312e-05
delete time:2.2411346435546875e-05
delete time:2.5987625122070312e-05
delete time:3.0994415283203125e-05
delete time:2.09808349609375e-05
delete time:2.5987625122070312e-05
delete time:3.9577484130859375e-05
delete time:2.6941299438476562e-05
delete time:3.528594970703125e-05
delete time:2.6941299438476562e-05
delete time:3.457069396972656e-05
delete time:2.7418136596679688e-05
delete time:3.314018249511719e-05
delete time:3.933906555175781e-05
delete time:4.601478576660156e-05
delete time:4.2438507080078125e-05
delete time:4.7206878662109375e-05
delete time:2.9325485229492188e-05
delete time:4.887580871582031e-05
delete time:3.5762786865234375e-05
delete time:3.7670135498046875e-05
delete time:5.078315734863281e-05
delete time:3.075599670410156e-05
delete time:4.363059997558594e-05
delete time:2.5033950805664062e-05
delete time:4.076957702636719e-05
delete time:2.4080276489257812e-05
delete time:1.6450881958007812e-05
delete time:2.8133392333984375e-05
delete time:3.075599670410156e-05
delete time:4.4345855712890625e-05
delete time:2.574920654296875e-05
delete time:3.218650817871094e-05
delete time:3.9577484130859375e-05
delete time:4.2438507080078125e-05
delete time:3.838539123535156e-05
delete time:1.6689300537109375e-05
delete time:2.956390380859375e-05
delete time:2.8848648071289062e-05
delete time:1.621246337890625e-05
delete time:2.4318695068359375e-05
delete time:3.981590270996094e-05
delete time:2.4080276489257812e-05
delete time:3.8623809814453125e-05
delete time:3.123283386230469e-05
delete time:4.267692565917969e-05
delete time:1.52587890625e-05
delete time:5.030632019042969e-05
delete time:5.221366882324219e-05
delete time:2.5987625122070312e-05
delete time:4.887580871582031e-05
delete time:3.4332275390625e-05
delete time:4.8160552978515625e-05
delete time:2.8133392333984375e-05
delete time:3.5762786865234375e-05
delete time:6.341934204101562e-05
delete time:3.933906555175781e-05
delete time:3.62396240234375e-05
delete time:1.7642974853515625e-05
delete time:4.0531158447265625e-05
delete time:3.0994415283203125e-05
delete time:4.2438507080078125e-05
delete time:4.220008850097656e-05
delete time:1.6927719116210938e-05
delete time:3.1948089599609375e-05
delete time:1.430511474609375e-05
delete time:3.743171691894531e-05
delete time:2.5987625122070312e-05
delete time:3.0994415283203125e-05
delete time:2.3365020751953125e-05
delete time:1.6689300537109375e-05
delete time:3.075599670410156e-05
delete time:4.744529724121094e-05
delete time:4.076957702636719e-05
delete time:1.4066696166992188e-05
delete time:2.6941299438476562e-05
delete time:4.410743713378906e-05
delete time:3.838539123535156e-05
delete time:2.9325485229492188e-05
delete time:3.600120544433594e-05
delete time:4.315376281738281e-05
delete time:3.838539123535156e-05
delete time:5.412101745605469e-05
delete time:5.078315734863281e-05
delete time:4.172325134277344e-05
delete time:5.1975250244140625e-05
delete time:3.1948089599609375e-05
delete time:3.790855407714844e-05
delete time:3.4809112548828125e-05
delete time:4.839897155761719e-05
delete time:2.765655517578125e-05
delete time:2.9325485229492188e-05
delete time:3.409385681152344e-05
delete time:2.9325485229492188e-05
delete time:2.5033950805664062e-05
delete time:4.100799560546875e-05
delete time:2.002716064453125e-05
delete time:4.649162292480469e-05
delete time:4.5299530029296875e-05
delete time:2.4080276489257812e-05
delete time:4.029273986816406e-05
delete time:4.3392181396484375e-05
delete time:2.86102294921875e-05
delete time:3.457069396972656e-05
delete time:3.4809112548828125e-05
delete time:2.6226043701171875e-05
delete time:2.3603439331054688e-05
delete time:3.24249267578125e-05
delete time:4.029273986816406e-05
delete time:3.838539123535156e-05
delete time:3.24249267578125e-05
delete time:3.0517578125e-05
delete time:1.8358230590820312e-05
delete time:2.9087066650390625e-05
delete time:2.6464462280273438e-05
delete time:1.4781951904296875e-05
delete time:2.5987625122070312e-05
delete time:3.743171691894531e-05
delete time:2.765655517578125e-05
delete time:3.719329833984375e-05
delete time:3.2901763916015625e-05
delete time:2.7418136596679688e-05
delete time:3.2901763916015625e-05
delete time:3.409385681152344e-05
delete time:3.5762786865234375e-05
delete time:2.47955322265625e-05
delete time:2.7418136596679688e-05
delete time:4.220008850097656e-05
delete time:3.24249267578125e-05
delete time:2.7418136596679688e-05
delete time:4.100799560546875e-05
delete time:3.504753112792969e-05
delete time:4.673004150390625e-05
delete time:2.2649765014648438e-05
delete time:4.2438507080078125e-05
delete time:2.7894973754882812e-05
delete time:4.7206878662109375e-05
delete time:1.2874603271484375e-05
delete time:2.2172927856445312e-05
delete time:4.100799560546875e-05
delete time:3.719329833984375e-05
delete time:2.5272369384765625e-05
delete time:5.14984130859375e-05
delete time:3.647804260253906e-05
delete time:3.337860107421875e-05
delete time:2.6941299438476562e-05
delete time:2.9325485229492188e-05
delete time:2.765655517578125e-05
delete time:2.384185791015625e-05
delete time:4.673004150390625e-05
delete time:4.267692565917969e-05
delete time:4.0531158447265625e-05
delete time:3.0517578125e-05
delete time:4.076957702636719e-05
delete time:1.5020370483398438e-05
delete time:5.030632019042969e-05
delete time:2.4318695068359375e-05
delete time:3.6716461181640625e-05
delete time:4.124641418457031e-05
delete time:4.38690185546875e-05
delete time:4.029273986816406e-05
delete time:2.9087066650390625e-05
delete time:4.315376281738281e-05
delete time:3.8623809814453125e-05
delete time:3.147125244140625e-05
delete time:4.220008850097656e-05
delete time:2.8133392333984375e-05
delete time:3.552436828613281e-05
delete time:1.3828277587890625e-05
delete time:3.0279159545898438e-05
delete time:5.2928924560546875e-05
delete time:4.100799560546875e-05
delete time:4.6253204345703125e-05
delete time:4.982948303222656e-05
delete time:3.147125244140625e-05
delete time:2.8133392333984375e-05
delete time:3.314018249511719e-05
delete time:4.696846008300781e-05
delete time:3.147125244140625e-05
delete time:3.719329833984375e-05
delete time:5.269050598144531e-05
delete time:2.7418136596679688e-05
delete time:3.6716461181640625e-05
delete time:2.6226043701171875e-05
delete time:4.8160552978515625e-05
delete time:4.1961669921875e-05
delete time:3.790855407714844e-05
delete time:4.482269287109375e-05
delete time:4.76837158203125e-05
delete time:3.147125244140625e-05
delete time:5.14984130859375e-05
delete time:2.7894973754882812e-05
delete time:2.7179718017578125e-05
delete time:3.4809112548828125e-05
delete time:3.719329833984375e-05
delete time:3.504753112792969e-05
delete time:3.528594970703125e-05
delete time:4.172325134277344e-05
delete time:2.09808349609375e-05
delete time:2.8133392333984375e-05
delete time:2.5033950805664062e-05
delete time:3.4332275390625e-05
delete time:3.647804260253906e-05
delete time:3.5762786865234375e-05
delete time:4.363059997558594e-05
delete time:2.765655517578125e-05
delete time:3.552436828613281e-05
delete time:3.695487976074219e-05
delete time:3.600120544433594e-05
delete time:3.552436828613281e-05
delete time:2.6941299438476562e-05
delete time:3.910064697265625e-05
delete time:3.3855438232421875e-05
delete time:3.910064697265625e-05
delete time:3.1948089599609375e-05
delete time:4.363059997558594e-05
delete time:2.4318695068359375e-05
delete time:4.029273986816406e-05
delete time:4.3392181396484375e-05
delete time:4.172325134277344e-05
delete time:3.981590270996094e-05
delete time:4.5299530029296875e-05
delete time:2.8371810913085938e-05
delete time:4.291534423828125e-05
delete time:3.075599670410156e-05
delete time:4.458427429199219e-05
delete time:2.4318695068359375e-05
delete time:3.600120544433594e-05
delete time:3.790855407714844e-05
delete time:3.218650817871094e-05
delete time:2.6941299438476562e-05
delete time:3.695487976074219e-05
delete time:2.9087066650390625e-05
delete time:2.8371810913085938e-05
delete time:4.076957702636719e-05
delete time:5.054473876953125e-05
delete time:4.601478576660156e-05
delete time:4.5299530029296875e-05
delete time:3.814697265625e-05
delete time:4.38690185546875e-05
delete time:2.8371810913085938e-05
delete time:4.2438507080078125e-05
delete time:4.410743713378906e-05
delete time:4.291534423828125e-05
delete time:4.029273986816406e-05
delete time:3.647804260253906e-05
delete time:2.765655517578125e-05
delete time:3.790855407714844e-05
delete time:4.6253204345703125e-05
delete time:3.910064697265625e-05
delete time:3.504753112792969e-05
delete time:4.172325134277344e-05
delete time:4.220008850097656e-05
delete time:2.6702880859375e-05
delete time:3.218650817871094e-05
delete time:3.5762786865234375e-05
delete time:4.57763671875e-05
delete time:4.887580871582031e-05
delete time:2.7894973754882812e-05
delete time:2.7418136596679688e-05
delete time:5.1975250244140625e-05
delete time:3.719329833984375e-05
delete time:2.9802322387695312e-05
delete time:4.1961669921875e-05
delete time:2.7894973754882812e-05
delete time:2.2172927856445312e-05
delete time:2.7179718017578125e-05
delete time:3.743171691894531e-05
delete time:3.361701965332031e-05
delete time:4.506111145019531e-05
delete time:4.482269287109375e-05
delete time:2.9087066650390625e-05
delete time:4.076957702636719e-05
delete time:3.743171691894531e-05
delete time:2.6226043701171875e-05
delete time:2.86102294921875e-05
delete time:4.363059997558594e-05
delete time:4.291534423828125e-05
delete time:4.029273986816406e-05
delete time:3.075599670410156e-05
delete time:3.838539123535156e-05
delete time:3.647804260253906e-05
delete time:4.220008850097656e-05
delete time:3.647804260253906e-05
delete time:4.506111145019531e-05
delete time:4.673004150390625e-05
delete time:5.0067901611328125e-05
delete time:2.7418136596679688e-05
delete time:4.00543212890625e-05
delete time:4.100799560546875e-05
delete time:3.3855438232421875e-05
delete time:3.4809112548828125e-05
delete time:3.6716461181640625e-05
delete time:3.075599670410156e-05
delete time:3.504753112792969e-05
delete time:4.3392181396484375e-05
delete time:4.649162292480469e-05
delete time:2.5033950805664062e-05
delete time:3.7670135498046875e-05
delete time:4.57763671875e-05
delete time:3.647804260253906e-05
delete time:2.6702880859375e-05
delete time:3.0994415283203125e-05
delete time:4.220008850097656e-05
delete time:2.7179718017578125e-05
delete time:4.1484832763671875e-05
delete time:3.0994415283203125e-05
delete time:3.361701965332031e-05
delete time:3.5762786865234375e-05
delete time:4.1484832763671875e-05
delete time:3.600120544433594e-05
delete time:2.4080276489257812e-05
delete time:2.3365020751953125e-05
delete time:3.3855438232421875e-05
delete time:5.054473876953125e-05
delete time:4.1961669921875e-05
delete time:3.719329833984375e-05
delete time:3.743171691894531e-05
delete time:4.1961669921875e-05
delete time:3.528594970703125e-05
delete time:3.814697265625e-05
delete time:3.9577484130859375e-05
delete time:4.887580871582031e-05
delete time:5.030632019042969e-05
delete time:4.410743713378906e-05
delete time:2.9325485229492188e-05
delete time:3.647804260253906e-05
delete time:3.814697265625e-05
delete time:5.1021575927734375e-05
delete time:2.5987625122070312e-05
delete time:4.9114227294921875e-05
delete time:3.6716461181640625e-05
delete time:4.9114227294921875e-05
delete time:3.838539123535156e-05
delete time:4.3392181396484375e-05
delete time:4.1961669921875e-05
delete time:3.5762786865234375e-05
delete time:5.245208740234375e-05
delete time:4.363059997558594e-05
delete time:2.6941299438476562e-05
delete time:2.8133392333984375e-05
delete time:4.744529724121094e-05
delete time:3.814697265625e-05
delete time:2.765655517578125e-05
delete time:2.6702880859375e-05
delete time:4.291534423828125e-05
delete time:4.839897155761719e-05
delete time:2.5510787963867188e-05
delete time:3.790855407714844e-05
delete time:3.3855438232421875e-05
delete time:2.384185791015625e-05
delete time:2.8371810913085938e-05
delete time:2.8848648071289062e-05
delete time:4.029273986816406e-05
delete time:4.410743713378906e-05
delete time:2.5510787963867188e-05
delete time:4.8160552978515625e-05
delete time:3.123283386230469e-05
delete time:2.9802322387695312e-05
delete time:3.62396240234375e-05
delete time:4.267692565917969e-05
delete time:3.409385681152344e-05
delete time:4.172325134277344e-05
delete time:2.7418136596679688e-05
delete time:3.314018249511719e-05
delete time:3.600120544433594e-05
delete time:4.124641418457031e-05
delete time:3.147125244140625e-05
delete time:4.673004150390625e-05
delete time:3.838539123535156e-05
delete time:4.363059997558594e-05
delete time:3.1948089599609375e-05
delete time:4.029273986816406e-05
delete time:3.361701965332031e-05
delete time:3.4332275390625e-05
delete time:3.981590270996094e-05
delete time:2.765655517578125e-05
delete time:3.4809112548828125e-05
delete time:2.9802322387695312e-05
delete time:3.0517578125e-05
delete time:2.7894973754882812e-05
delete time:4.029273986816406e-05
delete time:5.1975250244140625e-05
delete time:2.5272369384765625e-05
delete time:4.315376281738281e-05
delete time:5.1021575927734375e-05
delete time:2.86102294921875e-05
delete time:4.649162292480469e-05
delete time:3.719329833984375e-05
delete time:4.506111145019531e-05
delete time:4.124641418457031e-05
delete time:2.7179718017578125e-05
delete time:3.2901763916015625e-05
delete time:2.4080276489257812e-05
delete time:3.4809112548828125e-05
delete time:4.744529724121094e-05
delete time:4.363059997558594e-05
delete time:5.1021575927734375e-05
delete time:4.982948303222656e-05
delete time:3.0279159545898438e-05
delete time:4.887580871582031e-05
delete time:5.435943603515625e-05
delete time:4.410743713378906e-05
delete time:3.600120544433594e-05
delete time:4.553794860839844e-05
delete time:3.3855438232421875e-05
delete time:3.504753112792969e-05
delete time:4.7206878662109375e-05
delete time:5.602836608886719e-05
delete time:3.337860107421875e-05
delete time:4.267692565917969e-05
delete time:4.291534423828125e-05
delete time:4.124641418457031e-05
delete time:3.409385681152344e-05
delete time:3.4332275390625e-05
delete time:4.7206878662109375e-05
delete time:3.314018249511719e-05
delete time:4.029273986816406e-05
delete time:4.1484832763671875e-05
delete time:2.9087066650390625e-05
delete time:2.956390380859375e-05
delete time:3.7670135498046875e-05
delete time:3.0994415283203125e-05
delete time:4.792213439941406e-05
delete time:4.4345855712890625e-05
delete time:3.337860107421875e-05
delete time:2.9802322387695312e-05
delete time:3.600120544433594e-05
delete time:4.00543212890625e-05
delete time:3.62396240234375e-05
delete time:3.409385681152344e-05
delete time:3.170967102050781e-05
delete time:2.7418136596679688e-05
delete time:4.315376281738281e-05
delete time:3.337860107421875e-05
delete time:3.361701965332031e-05
delete time:3.647804260253906e-05
delete time:3.933906555175781e-05
delete time:4.9114227294921875e-05
delete time:3.218650817871094e-05
delete time:4.7206878662109375e-05
delete time:5.245208740234375e-05
delete time:3.7670135498046875e-05
delete time:3.409385681152344e-05
delete time:2.5987625122070312e-05
delete time:5.221366882324219e-05
delete time:4.4345855712890625e-05
delete time:3.0517578125e-05
delete time:4.267692565917969e-05
delete time:3.075599670410156e-05
delete time:4.9114227294921875e-05
delete time:2.86102294921875e-05
delete time:2.7418136596679688e-05
delete time:3.600120544433594e-05
delete time:4.673004150390625e-05
delete time:3.528594970703125e-05
delete time:3.933906555175781e-05
delete time:3.5762786865234375e-05
delete time:4.172325134277344e-05
delete time:3.5762786865234375e-05
delete time:3.838539123535156e-05
delete time:3.695487976074219e-05
delete time:3.0517578125e-05
delete time:4.1484832763671875e-05
delete time:3.695487976074219e-05
delete time:3.337860107421875e-05
delete time:3.361701965332031e-05
delete time:3.075599670410156e-05
delete time:3.814697265625e-05
delete time:3.4809112548828125e-05
delete time:2.3126602172851562e-05
delete time:3.361701965332031e-05
delete time:4.172325134277344e-05
delete time:3.981590270996094e-05
delete time:2.5033950805664062e-05
delete time:4.5299530029296875e-05
delete time:2.7894973754882812e-05
delete time:4.506111145019531e-05
delete time:4.3392181396484375e-05
delete time:3.1948089599609375e-05
delete time:5.125999450683594e-05
delete time:2.574920654296875e-05
delete time:4.2438507080078125e-05
delete time:4.458427429199219e-05
delete time:4.1484832763671875e-05
delete time:3.457069396972656e-05
delete time:2.6702880859375e-05
delete time:3.457069396972656e-05
delete time:3.814697265625e-05
delete time:3.790855407714844e-05
delete time:3.2901763916015625e-05
delete time:3.147125244140625e-05
delete time:2.384185791015625e-05
delete time:3.457069396972656e-05
delete time:3.552436828613281e-05
delete time:5.054473876953125e-05
delete time:3.075599670410156e-05
delete time:3.5762786865234375e-05
delete time:3.838539123535156e-05
delete time:2.8371810913085938e-05
delete time:3.5762786865234375e-05
delete time:2.9087066650390625e-05
delete time:3.0517578125e-05
delete time:2.9087066650390625e-05
delete time:3.4809112548828125e-05
delete time:3.2901763916015625e-05
delete time:3.170967102050781e-05
delete time:3.719329833984375e-05
delete time:3.337860107421875e-05
delete time:3.838539123535156e-05
delete time:3.600120544433594e-05
delete time:3.24249267578125e-05
delete time:3.790855407714844e-05
delete time:4.5299530029296875e-05
delete time:4.57763671875e-05
delete time:3.147125244140625e-05
delete time:3.218650817871094e-05
delete time:3.933906555175781e-05
delete time:3.4332275390625e-05
delete time:3.552436828613281e-05
delete time:4.1484832763671875e-05
delete time:4.673004150390625e-05
delete time:3.0279159545898438e-05
delete time:3.981590270996094e-05
delete time:3.981590270996094e-05
delete time:4.38690185546875e-05
delete time:4.076957702636719e-05
delete time:3.695487976074219e-05
delete time:2.8848648071289062e-05
delete time:3.409385681152344e-05
delete time:4.887580871582031e-05
delete time:2.765655517578125e-05
delete time:3.0040740966796875e-05
delete time:2.9802322387695312e-05
delete time:3.552436828613281e-05
delete time:2.4557113647460938e-05
delete time:3.4809112548828125e-05
delete time:3.170967102050781e-05
delete time:3.528594970703125e-05
delete time:3.719329833984375e-05
delete time:3.5762786865234375e-05
delete time:3.886222839355469e-05
delete time:4.220008850097656e-05
delete time:3.409385681152344e-05
delete time:4.553794860839844e-05
delete time:4.482269287109375e-05
delete time:3.910064697265625e-05
delete time:3.314018249511719e-05
delete time:3.5762786865234375e-05
delete time:3.2901763916015625e-05
delete time:3.24249267578125e-05
delete time:5.984306335449219e-05
delete time:3.552436828613281e-05
delete time:4.267692565917969e-05
delete time:3.337860107421875e-05
delete time:3.790855407714844e-05
delete time:5.0067901611328125e-05
delete time:2.8848648071289062e-05
delete time:3.814697265625e-05
delete time:3.933906555175781e-05
delete time:3.4809112548828125e-05
delete time:2.9325485229492188e-05
delete time:2.7418136596679688e-05
delete time:3.8623809814453125e-05
delete time:2.5510787963867188e-05
delete time:3.075599670410156e-05
delete time:2.8848648071289062e-05
delete time:3.457069396972656e-05
delete time:4.553794860839844e-05
delete time:3.62396240234375e-05
delete time:2.6464462280273438e-05
delete time:2.2649765014648438e-05
delete time:4.029273986816406e-05
delete time:5.221366882324219e-05
delete time:4.363059997558594e-05
delete time:3.838539123535156e-05
delete time:3.9577484130859375e-05
delete time:2.7418136596679688e-05
delete time:4.6253204345703125e-05
delete time:2.4557113647460938e-05
delete time:4.6253204345703125e-05
delete time:4.172325134277344e-05
delete time:3.24249267578125e-05
delete time:4.9591064453125e-05
delete time:2.4557113647460938e-05
delete time:3.1948089599609375e-05
delete time:3.147125244140625e-05
delete time:3.838539123535156e-05
delete time:3.6716461181640625e-05
delete time:4.076957702636719e-05
delete time:2.765655517578125e-05
delete time:3.8623809814453125e-05
delete time:2.6941299438476562e-05
delete time:4.5299530029296875e-05
delete time:5.1021575927734375e-05
delete time:4.6253204345703125e-05
delete time:5.9604644775390625e-05
delete time:4.076957702636719e-05
delete time:3.170967102050781e-05
delete time:3.2901763916015625e-05
delete time:4.3392181396484375e-05
delete time:3.0040740966796875e-05
delete time:3.528594970703125e-05
delete time:4.315376281738281e-05
delete time:4.029273986816406e-05
delete time:4.410743713378906e-05
delete time:4.5299530029296875e-05
delete time:3.075599670410156e-05
delete time:2.9802322387695312e-05
delete time:2.8848648071289062e-05
delete time:4.2438507080078125e-05
delete time:4.076957702636719e-05
delete time:2.8848648071289062e-05
delete time:3.0279159545898438e-05
delete time:3.0279159545898438e-05
delete time:3.314018249511719e-05
delete time:5.316734313964844e-05
delete time:3.647804260253906e-05
delete time:3.981590270996094e-05
delete time:2.7179718017578125e-05
delete time:3.62396240234375e-05
delete time:2.7418136596679688e-05
delete time:3.647804260253906e-05
delete time:2.956390380859375e-05
delete time:3.9577484130859375e-05
delete time:3.9577484130859375e-05
delete time:4.220008850097656e-05
delete time:2.9325485229492188e-05
delete time:2.5987625122070312e-05
delete time:2.8848648071289062e-05
delete time:4.363059997558594e-05
delete time:2.574920654296875e-05
delete time:4.601478576660156e-05
delete time:3.743171691894531e-05
delete time:3.695487976074219e-05
delete time:2.6941299438476562e-05
delete time:3.695487976074219e-05
delete time:2.6464462280273438e-05
delete time:3.743171691894531e-05
delete time:4.673004150390625e-05
delete time:4.792213439941406e-05
delete time:4.9114227294921875e-05
delete time:3.266334533691406e-05
delete time:3.218650817871094e-05
delete time:3.981590270996094e-05
delete time:2.7418136596679688e-05
delete time:4.124641418457031e-05
delete time:2.956390380859375e-05
delete time:2.8133392333984375e-05
delete time:3.933906555175781e-05
delete time:2.384185791015625e-05
delete time:4.220008850097656e-05
delete time:3.8623809814453125e-05
delete time:4.100799560546875e-05
delete time:4.553794860839844e-05
delete time:4.291534423828125e-05
delete time:2.8848648071289062e-05
delete time:4.172325134277344e-05
delete time:5.1975250244140625e-05
delete time:3.1948089599609375e-05
delete time:2.6941299438476562e-05
delete time:4.220008850097656e-05
delete time:2.384185791015625e-05
delete time:2.956390380859375e-05
delete time:4.1961669921875e-05
delete time:4.4345855712890625e-05
delete time:4.38690185546875e-05
delete time:2.7418136596679688e-05
delete time:2.86102294921875e-05
delete time:4.00543212890625e-05
delete time:3.743171691894531e-05
delete time:3.0517578125e-05
delete time:2.7418136596679688e-05
delete time:3.0994415283203125e-05
delete time:3.075599670410156e-05
delete time:3.337860107421875e-05
delete time:5.1021575927734375e-05
delete time:2.8133392333984375e-05
delete time:2.86102294921875e-05
delete time:3.814697265625e-05
delete time:2.5510787963867188e-05
delete time:3.838539123535156e-05
delete time:2.8371810913085938e-05
delete time:3.647804260253906e-05
delete time:3.695487976074219e-05
delete time:4.291534423828125e-05
delete time:3.0994415283203125e-05
delete time:5.602836608886719e-05
delete time:4.100799560546875e-05
delete time:2.7179718017578125e-05
delete time:3.910064697265625e-05
delete time:3.5762786865234375e-05
delete time:4.5299530029296875e-05
delete time:3.7670135498046875e-05
delete time:3.933906555175781e-05
delete time:3.8623809814453125e-05
delete time:3.504753112792969e-05
delete time:4.124641418457031e-05
delete time:4.291534423828125e-05
delete time:5.030632019042969e-05
delete time:3.814697265625e-05
delete time:2.7418136596679688e-05
delete time:3.409385681152344e-05
delete time:3.743171691894531e-05
delete time:5.0067901611328125e-05
delete time:4.00543212890625e-05
delete time:4.363059997558594e-05
delete time:3.790855407714844e-05
delete time:4.124641418457031e-05
delete time:3.4332275390625e-05
delete time:2.4080276489257812e-05
delete time:3.981590270996094e-05
delete time:3.9577484130859375e-05
delete time:4.291534423828125e-05
delete time:3.266334533691406e-05
delete time:4.4345855712890625e-05
delete time:4.57763671875e-05
delete time:3.337860107421875e-05
delete time:4.6253204345703125e-05
delete time:5.125999450683594e-05
delete time:3.123283386230469e-05
delete time:3.3855438232421875e-05
delete time:4.7206878662109375e-05
delete time:4.506111145019531e-05
delete time:4.029273986816406e-05
delete time:5.125999450683594e-05
delete time:4.220008850097656e-05
delete time:3.743171691894531e-05
delete time:4.4345855712890625e-05
delete time:2.7894973754882812e-05
delete time:4.3392181396484375e-05
delete time:3.838539123535156e-05
delete time:3.504753112792969e-05
delete time:2.8133392333984375e-05
delete time:3.0040740966796875e-05
delete time:3.8623809814453125e-05
delete time:3.337860107421875e-05
delete time:3.170967102050781e-05
delete time:3.838539123535156e-05
delete time:4.0531158447265625e-05
delete time:4.38690185546875e-05
delete time:3.4809112548828125e-05
delete time:3.552436828613281e-05
delete time:2.8371810913085938e-05
delete time:2.765655517578125e-05
delete time:3.9577484130859375e-05
delete time:3.314018249511719e-05
delete time:3.719329833984375e-05
delete time:3.981590270996094e-05
delete time:3.838539123535156e-05
delete time:3.457069396972656e-05
delete time:2.8848648071289062e-05
delete time:4.0531158447265625e-05
delete time:3.147125244140625e-05
delete time:4.1484832763671875e-05
delete time:5.054473876953125e-05
delete time:3.814697265625e-05
delete time:3.2901763916015625e-05
delete time:3.1948089599609375e-05
delete time:4.3392181396484375e-05
delete time:3.4332275390625e-05
delete time:2.8371810913085938e-05
delete time:3.719329833984375e-05
delete time:4.3392181396484375e-05
delete time:3.600120544433594e-05
delete time:4.220008850097656e-05
delete time:3.4809112548828125e-05
delete time:4.1961669921875e-05
delete time:3.1948089599609375e-05
delete time:4.363059997558594e-05
delete time:4.172325134277344e-05
delete time:3.337860107421875e-05
delete time:3.123283386230469e-05
delete time:3.933906555175781e-05
delete time:3.719329833984375e-05
delete time:4.1961669921875e-05
delete time:4.9114227294921875e-05
delete time:4.315376281738281e-05
delete time:4.076957702636719e-05
delete time:3.0040740966796875e-05
delete time:3.8623809814453125e-05
delete time:4.7206878662109375e-05
delete time:3.552436828613281e-05
delete time:3.0040740966796875e-05
delete time:2.8371810913085938e-05
delete time:3.1948089599609375e-05
delete time:2.5033950805664062e-05
delete time:3.886222839355469e-05
delete time:2.6941299438476562e-05
delete time:4.0531158447265625e-05
delete time:4.3392181396484375e-05
delete time:3.0517578125e-05
delete time:5.173683166503906e-05
delete time:4.6253204345703125e-05
delete time:3.0994415283203125e-05
delete time:3.123283386230469e-05
delete time:2.4080276489257812e-05
delete time:4.2438507080078125e-05
delete time:2.3603439331054688e-05
delete time:5.459785461425781e-05
delete time:4.267692565917969e-05
delete time:3.24249267578125e-05
delete time:3.24249267578125e-05
delete time:3.3855438232421875e-05
delete time:4.124641418457031e-05
delete time:3.6716461181640625e-05
delete time:2.5510787963867188e-05
delete time:3.0040740966796875e-05
delete time:3.719329833984375e-05
delete time:2.9325485229492188e-05
delete time:3.600120544433594e-05
delete time:2.384185791015625e-05
delete time:3.457069396972656e-05
delete time:4.172325134277344e-05
delete time:3.409385681152344e-05
delete time:4.076957702636719e-05
delete time:3.0279159545898438e-05
delete time:3.266334533691406e-05
delete time:2.4318695068359375e-05
delete time:3.9577484130859375e-05
delete time:3.409385681152344e-05
delete time:2.8371810913085938e-05
delete time:3.5762786865234375e-05
delete time:5.316734313964844e-05
delete time:4.172325134277344e-05
delete time:2.6464462280273438e-05
delete time:4.673004150390625e-05
delete time:4.00543212890625e-05
delete time:4.673004150390625e-05
delete time:4.0531158447265625e-05
delete time:3.218650817871094e-05
delete time:4.0531158447265625e-05
delete time:4.00543212890625e-05
delete time:2.8133392333984375e-05
delete time:2.8133392333984375e-05
delete time:4.649162292480469e-05
delete time:3.719329833984375e-05
delete time:2.9325485229492188e-05
delete time:2.956390380859375e-05
delete time:2.7418136596679688e-05
delete time:3.147125244140625e-05
delete time:4.9114227294921875e-05
delete time:3.933906555175781e-05
delete time:3.123283386230469e-05
delete time:2.6702880859375e-05
delete time:2.7894973754882812e-05
delete time:2.7894973754882812e-05
delete time:5.173683166503906e-05
delete time:2.9802322387695312e-05
delete time:3.0279159545898438e-05
delete time:4.267692565917969e-05
delete time:4.220008850097656e-05
delete time:2.5033950805664062e-05
delete time:3.0517578125e-05
delete time:2.5033950805664062e-05
delete time:3.075599670410156e-05
delete time:2.47955322265625e-05
delete time:3.600120544433594e-05
delete time:4.315376281738281e-05
delete time:5.245208740234375e-05
delete time:2.9325485229492188e-05
delete time:4.029273986816406e-05
delete time:3.337860107421875e-05
delete time:3.7670135498046875e-05
delete time:2.6464462280273438e-05
delete time:4.410743713378906e-05
delete time:2.6941299438476562e-05
delete time:4.029273986816406e-05
delete time:3.886222839355469e-05
delete time:4.00543212890625e-05
delete time:3.910064697265625e-05
delete time:4.100799560546875e-05
delete time:3.314018249511719e-05
delete time:2.8133392333984375e-05
delete time:3.457069396972656e-05
delete time:2.86102294921875e-05
delete time:4.220008850097656e-05
delete time:3.170967102050781e-05
delete time:3.218650817871094e-05
delete time:4.76837158203125e-05
delete time:4.744529724121094e-05
delete time:4.172325134277344e-05
delete time:4.100799560546875e-05
delete time:3.790855407714844e-05
delete time:4.482269287109375e-05
delete time:4.172325134277344e-05
delete time:3.457069396972656e-05
delete time:3.933906555175781e-05
delete time:2.8371810913085938e-05
delete time:3.3855438232421875e-05
delete time:3.814697265625e-05
delete time:3.62396240234375e-05
delete time:3.8623809814453125e-05
delete time:3.933906555175781e-05
delete time:4.291534423828125e-05
delete time:5.221366882324219e-05
delete time:3.981590270996094e-05
delete time:2.5272369384765625e-05
delete time:3.457069396972656e-05
delete time:3.266334533691406e-05
delete time:3.2901763916015625e-05
delete time:4.3392181396484375e-05
delete time:5.0067901611328125e-05
delete time:3.409385681152344e-05
delete time:3.8623809814453125e-05
delete time:4.267692565917969e-05
delete time:2.9325485229492188e-05
delete time:3.5762786865234375e-05
delete time:3.981590270996094e-05
delete time:3.981590270996094e-05
delete time:3.361701965332031e-05
delete time:3.933906555175781e-05
delete time:4.744529724121094e-05
delete time:3.528594970703125e-05
delete time:2.9087066650390625e-05
delete time:3.0517578125e-05
delete time:2.7179718017578125e-05
delete time:4.363059997558594e-05
delete time:3.5762786865234375e-05
delete time:4.363059997558594e-05
delete time:4.1961669921875e-05
delete time:4.4345855712890625e-05
delete time:3.504753112792969e-05
delete time:3.0279159545898438e-05
delete time:3.0517578125e-05
delete time:3.981590270996094e-05
delete time:3.8623809814453125e-05
delete time:3.4809112548828125e-05
delete time:5.4836273193359375e-05
delete time:4.839897155761719e-05
delete time:2.9325485229492188e-05
delete time:4.0531158447265625e-05
delete time:3.790855407714844e-05
delete time:4.0531158447265625e-05
delete time:4.0531158447265625e-05
delete time:3.7670135498046875e-05
delete time:3.218650817871094e-05
delete time:3.361701965332031e-05
delete time:4.315376281738281e-05
delete time:2.574920654296875e-05
delete time:3.0994415283203125e-05
delete time:4.172325134277344e-05
delete time:4.6253204345703125e-05
delete time:3.218650817871094e-05
delete time:3.933906555175781e-05
delete time:2.8133392333984375e-05
delete time:3.552436828613281e-05
delete time:3.0517578125e-05
delete time:4.220008850097656e-05
delete time:3.743171691894531e-05
delete time:4.601478576660156e-05
delete time:3.910064697265625e-05
delete time:4.4345855712890625e-05
delete time:4.124641418457031e-05
delete time:3.6716461181640625e-05
delete time:3.409385681152344e-05
delete time:5.245208740234375e-05
delete time:3.504753112792969e-05
delete time:3.2901763916015625e-05
delete time:4.935264587402344e-05
delete time:3.3855438232421875e-05
delete time:3.218650817871094e-05
delete time:3.600120544433594e-05
delete time:3.409385681152344e-05
delete time:4.172325134277344e-05
delete time:4.458427429199219e-05
delete time:3.218650817871094e-05
delete time:3.218650817871094e-05
delete time:4.38690185546875e-05
delete time:4.673004150390625e-05
delete time:3.1948089599609375e-05
delete time:4.553794860839844e-05
delete time:2.9802322387695312e-05
delete time:3.695487976074219e-05
delete time:3.647804260253906e-05
delete time:3.170967102050781e-05
delete time:4.601478576660156e-05
delete time:4.029273986816406e-05
delete time:4.5299530029296875e-05
delete time:3.123283386230469e-05
delete time:4.100799560546875e-05
delete time:4.8160552978515625e-05
delete time:3.981590270996094e-05
delete time:3.552436828613281e-05
delete time:4.5299530029296875e-05
delete time:3.719329833984375e-05
delete time:3.4332275390625e-05
delete time:4.9114227294921875e-05
delete time:3.361701965332031e-05
delete time:2.8371810913085938e-05
delete time:5.626678466796875e-05
delete time:4.1961669921875e-05
delete time:3.695487976074219e-05
delete time:4.1961669921875e-05
delete time:3.0279159545898438e-05
delete time:3.4809112548828125e-05
delete time:2.6226043701171875e-05
delete time:4.124641418457031e-05
delete time:3.790855407714844e-05
delete time:5.125999450683594e-05
delete time:2.7894973754882812e-05
delete time:4.0531158447265625e-05
delete time:4.172325134277344e-05
delete time:3.0040740966796875e-05
delete time:4.1484832763671875e-05
delete time:3.719329833984375e-05
delete time:3.337860107421875e-05
delete time:3.2901763916015625e-05
delete time:4.553794860839844e-05
delete time:2.86102294921875e-05
delete time:2.8848648071289062e-05
delete time:3.266334533691406e-05
delete time:3.409385681152344e-05
delete time:3.719329833984375e-05
delete time:3.790855407714844e-05
delete time:3.2901763916015625e-05
delete time:2.4557113647460938e-05
delete time:3.314018249511719e-05
delete time:4.124641418457031e-05
delete time:3.170967102050781e-05
delete time:2.86102294921875e-05
delete time:3.4809112548828125e-05
delete time:2.2172927856445312e-05
delete time:3.8623809814453125e-05
delete time:3.504753112792969e-05
delete time:3.170967102050781e-05
delete time:2.3126602172851562e-05
delete time:3.457069396972656e-05
delete time:4.291534423828125e-05
delete time:3.4332275390625e-05
delete time:4.553794860839844e-05
delete time:4.982948303222656e-05
delete time:4.029273986816406e-05
delete time:3.0279159545898438e-05
delete time:4.458427429199219e-05
delete time:3.743171691894531e-05
delete time:2.7179718017578125e-05
delete time:3.4332275390625e-05
delete time:3.170967102050781e-05
delete time:3.6716461181640625e-05
delete time:5.054473876953125e-05
delete time:4.315376281738281e-05
delete time:3.457069396972656e-05
delete time:3.504753112792969e-05
delete time:4.458427429199219e-05
delete time:4.076957702636719e-05
delete time:3.6716461181640625e-05
delete time:3.123283386230469e-05
delete time:4.100799560546875e-05
delete time:3.24249267578125e-05
delete time:4.863739013671875e-05
delete time:2.5987625122070312e-05
delete time:4.1961669921875e-05
delete time:3.5762786865234375e-05
delete time:3.075599670410156e-05
delete time:4.696846008300781e-05
delete time:3.6716461181640625e-05
delete time:4.267692565917969e-05
delete time:2.5987625122070312e-05
delete time:4.315376281738281e-05
delete time:4.458427429199219e-05
delete time:3.2901763916015625e-05
delete time:2.765655517578125e-05
delete time:3.9577484130859375e-05
delete time:4.220008850097656e-05
delete time:4.935264587402344e-05
delete time:3.695487976074219e-05
delete time:3.552436828613281e-05
delete time:3.0517578125e-05
delete time:4.57763671875e-05
delete time:3.504753112792969e-05
delete time:3.719329833984375e-05
delete time:4.601478576660156e-05
delete time:4.5299530029296875e-05
delete time:4.2438507080078125e-05
delete time:3.981590270996094e-05
delete time:4.220008850097656e-05
delete time:4.124641418457031e-05
delete time:2.9325485229492188e-05
delete time:3.1948089599609375e-05
delete time:4.696846008300781e-05
delete time:3.695487976074219e-05
delete time:3.981590270996094e-05
delete time:2.7179718017578125e-05
delete time:3.266334533691406e-05
delete time:3.910064697265625e-05
delete time:3.5762786865234375e-05
delete time:2.9087066650390625e-05
delete time:4.1484832763671875e-05
delete time:2.1696090698242188e-05
delete time:3.62396240234375e-05
delete time:3.528594970703125e-05
delete time:3.147125244140625e-05
delete time:4.410743713378906e-05
delete time:3.409385681152344e-05
delete time:5.269050598144531e-05
delete time:4.649162292480469e-05
delete time:3.790855407714844e-05
delete time:4.172325134277344e-05
delete time:3.0040740966796875e-05
delete time:2.9087066650390625e-05
delete time:4.0531158447265625e-05
delete time:2.9802322387695312e-05
delete time:4.100799560546875e-05
delete time:4.1484832763671875e-05
delete time:4.38690185546875e-05
delete time:4.482269287109375e-05
delete time:2.4557113647460938e-05
delete time:5.7220458984375e-05
delete time:2.9087066650390625e-05
delete time:2.4557113647460938e-05
delete time:3.4809112548828125e-05
delete time:3.910064697265625e-05
delete time:2.9087066650390625e-05
delete time:4.553794860839844e-05
delete time:4.172325134277344e-05
delete time:3.910064697265625e-05
delete time:4.2438507080078125e-05
delete time:3.695487976074219e-05
delete time:2.2411346435546875e-05
delete time:4.172325134277344e-05
delete time:3.337860107421875e-05
delete time:3.886222839355469e-05
delete time:4.792213439941406e-05
delete time:3.075599670410156e-05
delete time:3.147125244140625e-05
delete time:4.00543212890625e-05
delete time:4.1484832763671875e-05
delete time:3.743171691894531e-05
delete time:3.910064697265625e-05
delete time:4.076957702636719e-05
delete time:2.7894973754882812e-05
delete time:3.838539123535156e-05
delete time:3.0994415283203125e-05
delete time:3.4332275390625e-05
delete time:2.7894973754882812e-05
delete time:4.0531158447265625e-05
delete time:4.124641418457031e-05
delete time:2.7894973754882812e-05
delete time:4.1484832763671875e-05
delete time:4.0531158447265625e-05
delete time:3.0517578125e-05
delete time:4.5299530029296875e-05
delete time:3.600120544433594e-05
delete time:3.266334533691406e-05
delete time:3.600120544433594e-05
delete time:3.0994415283203125e-05
delete time:4.220008850097656e-05
delete time:4.76837158203125e-05
delete time:3.314018249511719e-05
delete time:6.604194641113281e-05
delete time:2.8848648071289062e-05
delete time:4.267692565917969e-05
delete time:3.528594970703125e-05
delete time:3.814697265625e-05
delete time:3.552436828613281e-05
delete time:3.2901763916015625e-05
delete time:5.054473876953125e-05
delete time:3.337860107421875e-05
delete time:3.8623809814453125e-05
delete time:4.4345855712890625e-05
delete time:4.315376281738281e-05
delete time:3.719329833984375e-05
delete time:3.170967102050781e-05
delete time:2.9802322387695312e-05
delete time:4.8160552978515625e-05
delete time:3.933906555175781e-05
delete time:3.719329833984375e-05
delete time:3.8623809814453125e-05
delete time:3.981590270996094e-05
delete time:2.8848648071289062e-05
delete time:3.123283386230469e-05
delete time:4.100799560546875e-05
delete time:2.9087066650390625e-05
delete time:4.220008850097656e-05
delete time:4.57763671875e-05
delete time:2.9802322387695312e-05
delete time:4.482269287109375e-05
delete time:4.553794860839844e-05
delete time:5.2928924560546875e-05
delete time:3.5762786865234375e-05
delete time:4.792213439941406e-05
delete time:3.218650817871094e-05
delete time:2.6702880859375e-05
delete time:2.8133392333984375e-05
delete time:3.552436828613281e-05
delete time:3.1948089599609375e-05
delete time:3.814697265625e-05
delete time:5.5789947509765625e-05
delete time:3.0517578125e-05
delete time:3.0994415283203125e-05
delete time:5.030632019042969e-05
delete time:4.9114227294921875e-05
delete time:2.8371810913085938e-05
delete time:4.1484832763671875e-05
delete time:3.552436828613281e-05
delete time:5.412101745605469e-05
delete time:2.384185791015625e-05
delete time:4.124641418457031e-05
delete time:4.00543212890625e-05
delete time:4.410743713378906e-05
delete time:3.62396240234375e-05
delete time:4.76837158203125e-05
delete time:2.9802322387695312e-05
delete time:3.123283386230469e-05
delete time:3.409385681152344e-05
delete time:2.7418136596679688e-05
delete time:2.86102294921875e-05
delete time:2.4318695068359375e-05
delete time:3.0517578125e-05
delete time:4.3392181396484375e-05
delete time:3.5762786865234375e-05
delete time:4.4345855712890625e-05
delete time:3.814697265625e-05
delete time:2.7894973754882812e-05
delete time:2.3365020751953125e-05
delete time:4.029273986816406e-05
delete time:2.4318695068359375e-05
delete time:4.76837158203125e-05
delete time:2.8133392333984375e-05
delete time:2.9802322387695312e-05
delete time:3.8623809814453125e-05
delete time:3.504753112792969e-05
delete time:2.7894973754882812e-05
delete time:5.1975250244140625e-05
delete time:2.8848648071289062e-05
delete time:3.123283386230469e-05
delete time:3.457069396972656e-05
delete time:4.482269287109375e-05
delete time:5.14984130859375e-05
delete time:3.981590270996094e-05
delete time:4.3392181396484375e-05
delete time:3.457069396972656e-05
delete time:4.673004150390625e-05
delete time:4.172325134277344e-05
delete time:3.123283386230469e-05
delete time:5.1021575927734375e-05
delete time:3.0994415283203125e-05
delete time:4.363059997558594e-05
delete time:3.8623809814453125e-05
delete time:4.649162292480469e-05
delete time:3.504753112792969e-05
delete time:2.7179718017578125e-05
delete time:4.506111145019531e-05
delete time:2.6941299438476562e-05
delete time:4.458427429199219e-05
delete time:3.743171691894531e-05
delete time:3.147125244140625e-05
delete time:5.626678466796875e-05
delete time:3.170967102050781e-05
delete time:4.00543212890625e-05
delete time:4.1961669921875e-05
delete time:3.361701965332031e-05
delete time:4.315376281738281e-05
delete time:4.553794860839844e-05
delete time:4.172325134277344e-05
delete time:2.7894973754882812e-05
delete time:4.553794860839844e-05
delete time:3.504753112792969e-05
delete time:3.695487976074219e-05
delete time:3.62396240234375e-05
delete time:3.552436828613281e-05
delete time:3.552436828613281e-05
delete time:2.6464462280273438e-05
delete time:3.528594970703125e-05
delete time:4.363059997558594e-05
delete time:3.457069396972656e-05
delete time:5.125999450683594e-05
delete time:3.314018249511719e-05
delete time:3.409385681152344e-05
delete time:5.245208740234375e-05
delete time:3.552436828613281e-05
delete time:4.029273986816406e-05
delete time:3.337860107421875e-05
delete time:4.172325134277344e-05
delete time:2.8133392333984375e-05
delete time:2.8133392333984375e-05
delete time:3.4809112548828125e-05
delete time:4.482269287109375e-05
delete time:2.8133392333984375e-05
delete time:3.719329833984375e-05
delete time:3.4809112548828125e-05
delete time:4.100799560546875e-05
delete time:3.8623809814453125e-05
delete time:4.315376281738281e-05
delete time:4.076957702636719e-05
delete time:3.9577484130859375e-05
delete time:3.886222839355469e-05
delete time:3.743171691894531e-05
delete time:3.3855438232421875e-05
delete time:3.2901763916015625e-05
delete time:3.170967102050781e-05
delete time:3.552436828613281e-05
delete time:3.1948089599609375e-05
delete time:2.5272369384765625e-05
delete time:4.506111145019531e-05
delete time:2.6226043701171875e-05
delete time:4.076957702636719e-05
delete time:4.744529724121094e-05
delete time:3.24249267578125e-05
delete time:5.030632019042969e-05
delete time:3.4332275390625e-05
delete time:3.8623809814453125e-05
delete time:3.8623809814453125e-05
delete time:4.267692565917969e-05
delete time:4.4345855712890625e-05
delete time:2.9325485229492188e-05
delete time:2.9802322387695312e-05
delete time:4.792213439941406e-05
delete time:3.933906555175781e-05
delete time:4.4345855712890625e-05
delete time:4.220008850097656e-05
delete time:3.123283386230469e-05
delete time:4.7206878662109375e-05
delete time:3.838539123535156e-05
delete time:3.504753112792969e-05
delete time:3.123283386230469e-05
delete time:3.1948089599609375e-05
delete time:4.267692565917969e-05
delete time:3.24249267578125e-05
delete time:3.743171691894531e-05
delete time:3.0517578125e-05
delete time:2.6702880859375e-05
delete time:3.504753112792969e-05
delete time:5.14984130859375e-05
delete time:3.7670135498046875e-05
delete time:2.5510787963867188e-05
delete time:3.647804260253906e-05
delete time:3.7670135498046875e-05
delete time:4.649162292480469e-05
delete time:3.528594970703125e-05
delete time:3.1948089599609375e-05
delete time:4.696846008300781e-05
delete time:3.600120544433594e-05
delete time:4.673004150390625e-05
delete time:3.600120544433594e-05
delete time:3.8623809814453125e-05
delete time:2.765655517578125e-05
delete time:3.0517578125e-05
delete time:3.4809112548828125e-05
delete time:3.3855438232421875e-05
delete time:3.647804260253906e-05
delete time:4.553794860839844e-05
delete time:3.528594970703125e-05
delete time:3.075599670410156e-05
delete time:3.170967102050781e-05
delete time:3.4809112548828125e-05
delete time:3.3855438232421875e-05
delete time:4.00543212890625e-05
delete time:3.504753112792969e-05
delete time:4.9591064453125e-05
delete time:3.0994415283203125e-05
delete time:4.57763671875e-05
delete time:4.863739013671875e-05
delete time:5.054473876953125e-05
delete time:3.218650817871094e-05
delete time:4.363059997558594e-05
delete time:2.9325485229492188e-05
delete time:3.4809112548828125e-05
delete time:4.458427429199219e-05
delete time:3.814697265625e-05
delete time:4.1961669921875e-05
delete time:4.482269287109375e-05
delete time:3.9577484130859375e-05
delete time:4.029273986816406e-05
delete time:2.9802322387695312e-05
delete time:4.291534423828125e-05
delete time:3.9577484130859375e-05
delete time:4.458427429199219e-05
delete time:2.86102294921875e-05
delete time:2.6226043701171875e-05
delete time:4.863739013671875e-05
delete time:3.910064697265625e-05
delete time:3.337860107421875e-05
delete time:3.790855407714844e-05
delete time:3.3855438232421875e-05
delete time:5.054473876953125e-05
delete time:5.125999450683594e-05
delete time:3.0517578125e-05
delete time:2.9325485229492188e-05
delete time:4.4345855712890625e-05
delete time:2.6226043701171875e-05
delete time:4.935264587402344e-05
delete time:4.935264587402344e-05
delete time:3.910064697265625e-05
delete time:3.266334533691406e-05
delete time:3.4809112548828125e-05
delete time:3.266334533691406e-05
delete time:2.6464462280273438e-05
delete time:3.504753112792969e-05
delete time:4.9591064453125e-05
delete time:3.695487976074219e-05
delete time:4.601478576660156e-05
delete time:3.123283386230469e-05
delete time:3.24249267578125e-05
delete time:4.076957702636719e-05
delete time:3.528594970703125e-05
delete time:2.574920654296875e-05
delete time:3.981590270996094e-05
delete time:4.935264587402344e-05
delete time:4.7206878662109375e-05
delete time:3.9577484130859375e-05
delete time:4.1484832763671875e-05
delete time:3.314018249511719e-05
delete time:4.124641418457031e-05
delete time:4.100799560546875e-05
delete time:4.482269287109375e-05
delete time:2.7894973754882812e-05
delete time:5.435943603515625e-05
delete time:2.9802322387695312e-05
delete time:3.4809112548828125e-05
delete time:4.00543212890625e-05
delete time:5.555152893066406e-05
delete time:2.574920654296875e-05
delete time:3.62396240234375e-05
delete time:3.600120544433594e-05
delete time:4.0531158447265625e-05
delete time:4.0531158447265625e-05
delete time:3.4332275390625e-05
delete time:3.695487976074219e-05
delete time:2.9802322387695312e-05
delete time:3.528594970703125e-05
delete time:2.956390380859375e-05
delete time:2.47955322265625e-05
delete time:4.887580871582031e-05
delete time:2.86102294921875e-05
delete time:4.0531158447265625e-05
delete time:3.814697265625e-05
delete time:5.054473876953125e-05
delete time:3.7670135498046875e-05
delete time:2.9802322387695312e-05
delete time:2.574920654296875e-05
delete time:3.409385681152344e-05
delete time:3.719329833984375e-05
delete time:4.601478576660156e-05
delete time:4.7206878662109375e-05
delete time:3.552436828613281e-05
delete time:5.984306335449219e-05
delete time:3.4332275390625e-05
delete time:2.5987625122070312e-05
delete time:4.0531158447265625e-05
delete time:2.6226043701171875e-05
delete time:4.267692565917969e-05
delete time:3.981590270996094e-05
delete time:3.314018249511719e-05
delete time:4.363059997558594e-05
delete time:4.4345855712890625e-05
delete time:2.6941299438476562e-05
delete time:4.172325134277344e-05
delete time:3.218650817871094e-05
delete time:3.647804260253906e-05
delete time:2.5033950805664062e-05
delete time:3.0279159545898438e-05
delete time:4.6253204345703125e-05
delete time:3.075599670410156e-05
delete time:3.5762786865234375e-05
delete time:3.62396240234375e-05
delete time:3.910064697265625e-05
delete time:3.170967102050781e-05
delete time:5.0067901611328125e-05
delete time:4.00543212890625e-05
delete time:4.220008850097656e-05
delete time:3.695487976074219e-05
delete time:5.435943603515625e-05
delete time:3.123283386230469e-05
delete time:4.57763671875e-05
delete time:3.457069396972656e-05
delete time:3.3855438232421875e-05
delete time:4.3392181396484375e-05
delete time:3.838539123535156e-05
delete time:4.6253204345703125e-05
delete time:3.552436828613281e-05
delete time:2.8371810913085938e-05
delete time:3.743171691894531e-05
delete time:3.314018249511719e-05
delete time:2.8133392333984375e-05
delete time:4.458427429199219e-05
delete time:2.574920654296875e-05
delete time:5.269050598144531e-05
delete time:2.9087066650390625e-05
delete time:3.552436828613281e-05
delete time:3.910064697265625e-05
delete time:3.504753112792969e-05
delete time:3.838539123535156e-05
delete time:3.647804260253906e-05
delete time:3.5762786865234375e-05
delete time:3.504753112792969e-05
delete time:2.765655517578125e-05
delete time:3.337860107421875e-05
delete time:4.5299530029296875e-05
delete time:3.8623809814453125e-05
delete time:3.9577484130859375e-05
delete time:4.5299530029296875e-05
delete time:4.2438507080078125e-05
delete time:4.363059997558594e-05
delete time:4.100799560546875e-05
delete time:5.14984130859375e-05
delete time:3.6716461181640625e-05
delete time:4.506111145019531e-05
delete time:3.266334533691406e-05
delete time:4.172325134277344e-05
delete time:3.6716461181640625e-05
delete time:3.0517578125e-05
delete time:3.7670135498046875e-05
delete time:3.2901763916015625e-05
delete time:2.8133392333984375e-05
delete time:3.457069396972656e-05
delete time:4.2438507080078125e-05
delete time:5.0067901611328125e-05
delete time:3.933906555175781e-05
delete time:5.7220458984375e-05
delete time:3.62396240234375e-05
delete time:3.695487976074219e-05
delete time:3.7670135498046875e-05
delete time:4.7206878662109375e-05
delete time:3.3855438232421875e-05
delete time:3.695487976074219e-05
delete time:4.649162292480469e-05
delete time:4.0531158447265625e-05
delete time:3.7670135498046875e-05
delete time:3.743171691894531e-05
delete time:4.8160552978515625e-05
delete time:3.528594970703125e-05
delete time:5.14984130859375e-05
delete time:4.649162292480469e-05
delete time:2.8133392333984375e-05
delete time:4.220008850097656e-05
delete time:3.1948089599609375e-05
delete time:4.2438507080078125e-05
delete time:2.5987625122070312e-05
delete time:4.00543212890625e-05
delete time:5.1975250244140625e-05
delete time:3.790855407714844e-05
delete time:4.839897155761719e-05
delete time:3.0040740966796875e-05
delete time:2.8371810913085938e-05
delete time:4.76837158203125e-05
delete time:4.744529724121094e-05
delete time:3.695487976074219e-05
delete time:4.57763671875e-05
delete time:4.935264587402344e-05
delete time:5.650520324707031e-05
delete time:3.886222839355469e-05
delete time:3.62396240234375e-05
delete time:4.410743713378906e-05
delete time:2.6941299438476562e-05
delete time:3.266334533691406e-05
delete time:2.5033950805664062e-05
delete time:3.147125244140625e-05
delete time:2.6941299438476562e-05
delete time:3.0517578125e-05
delete time:3.8623809814453125e-05
delete time:3.218650817871094e-05
delete time:3.910064697265625e-05
delete time:5.602836608886719e-05
delete time:3.5762786865234375e-05
delete time:4.4345855712890625e-05
delete time:3.123283386230469e-05
delete time:3.600120544433594e-05
delete time:5.435943603515625e-05
delete time:3.1948089599609375e-05
delete time:4.315376281738281e-05
delete time:3.0279159545898438e-05
delete time:4.5299530029296875e-05
delete time:3.504753112792969e-05
delete time:3.2901763916015625e-05
delete time:2.3603439331054688e-05
delete time:2.9802322387695312e-05
delete time:4.076957702636719e-05
delete time:2.8848648071289062e-05
delete time:4.982948303222656e-05
delete time:3.743171691894531e-05
delete time:4.458427429199219e-05
delete time:4.1484832763671875e-05
delete time:4.100799560546875e-05
delete time:3.218650817871094e-05
delete time:3.6716461181640625e-05
delete time:3.0994415283203125e-05
delete time:2.9087066650390625e-05
delete time:3.910064697265625e-05
delete time:3.218650817871094e-05
delete time:3.147125244140625e-05
delete time:3.8623809814453125e-05
delete time:3.7670135498046875e-05
delete time:4.1961669921875e-05
delete time:3.933906555175781e-05
delete time:4.6253204345703125e-05
delete time:3.838539123535156e-05
delete time:3.6716461181640625e-05
delete time:2.5510787963867188e-05
delete time:4.3392181396484375e-05
delete time:4.7206878662109375e-05
delete time:2.9087066650390625e-05
delete time:2.8371810913085938e-05
delete time:3.0517578125e-05
delete time:3.790855407714844e-05
delete time:3.314018249511719e-05
delete time:3.814697265625e-05
delete time:4.673004150390625e-05
delete time:3.1948089599609375e-05
delete time:4.076957702636719e-05
delete time:4.744529724121094e-05
delete time:4.220008850097656e-05
delete time:3.62396240234375e-05
delete time:2.7418136596679688e-05
delete time:3.6716461181640625e-05
delete time:3.457069396972656e-05
delete time:2.9802322387695312e-05
delete time:4.458427429199219e-05
delete time:3.62396240234375e-05
delete time:3.719329833984375e-05
delete time:3.0517578125e-05
delete time:4.100799560546875e-05
delete time:4.0531158447265625e-05
delete time:3.647804260253906e-05
delete time:3.814697265625e-05
delete time:3.409385681152344e-05
delete time:4.1961669921875e-05
delete time:3.8623809814453125e-05
delete time:3.337860107421875e-05
delete time:3.170967102050781e-05
delete time:3.266334533691406e-05
delete time:4.00543212890625e-05
delete time:4.839897155761719e-05
delete time:3.24249267578125e-05
delete time:3.600120544433594e-05
delete time:3.933906555175781e-05
delete time:3.814697265625e-05
delete time:3.743171691894531e-05
delete time:4.3392181396484375e-05
delete time:4.0531158447265625e-05
delete time:3.790855407714844e-05
delete time:2.8848648071289062e-05
delete time:5.245208740234375e-05
delete time:5.0067901611328125e-05
delete time:3.743171691894531e-05
delete time:4.506111145019531e-05
delete time:3.695487976074219e-05
delete time:3.0994415283203125e-05
delete time:2.9087066650390625e-05
delete time:3.528594970703125e-05
delete time:3.0517578125e-05
delete time:4.0531158447265625e-05
delete time:3.910064697265625e-05
delete time:3.695487976074219e-05
delete time:3.075599670410156e-05
delete time:5.6743621826171875e-05
delete time:4.38690185546875e-05
delete time:4.267692565917969e-05
delete time:3.457069396972656e-05
delete time:3.0040740966796875e-05
delete time:3.910064697265625e-05
delete time:4.601478576660156e-05
delete time:3.4809112548828125e-05
delete time:2.5510787963867188e-05
delete time:3.9577484130859375e-05
delete time:3.314018249511719e-05
delete time:3.743171691894531e-05
delete time:2.956390380859375e-05
delete time:4.744529724121094e-05
delete time:3.9577484130859375e-05
delete time:3.2901763916015625e-05
delete time:4.6253204345703125e-05
delete time:3.910064697265625e-05
delete time:3.6716461181640625e-05
delete time:3.814697265625e-05
delete time:3.719329833984375e-05
delete time:3.361701965332031e-05
delete time:3.743171691894531e-05
delete time:4.839897155761719e-05
delete time:3.123283386230469e-05
delete time:3.075599670410156e-05
delete time:3.7670135498046875e-05
delete time:3.24249267578125e-05
delete time:3.504753112792969e-05
delete time:5.555152893066406e-05
delete time:4.100799560546875e-05
delete time:3.600120544433594e-05
delete time:3.838539123535156e-05
delete time:3.838539123535156e-05
delete time:3.337860107421875e-05
delete time:3.4809112548828125e-05
delete time:3.6716461181640625e-05
delete time:2.7418136596679688e-05
delete time:3.838539123535156e-05
delete time:2.5033950805664062e-05
delete time:4.5299530029296875e-05
delete time:3.3855438232421875e-05
delete time:3.981590270996094e-05
delete time:4.076957702636719e-05
delete time:2.47955322265625e-05
delete time:3.457069396972656e-05
delete time:2.6464462280273438e-05
delete time:3.695487976074219e-05
delete time:3.62396240234375e-05
delete time:3.838539123535156e-05
delete time:3.743171691894531e-05
delete time:3.0994415283203125e-05
delete time:3.6716461181640625e-05
delete time:3.719329833984375e-05
delete time:3.0279159545898438e-05
delete time:4.2438507080078125e-05
delete time:3.4332275390625e-05
delete time:3.0279159545898438e-05
delete time:3.504753112792969e-05
delete time:3.218650817871094e-05
delete time:3.1948089599609375e-05
delete time:4.2438507080078125e-05
delete time:4.315376281738281e-05
delete time:4.792213439941406e-05
delete time:3.647804260253906e-05
delete time:2.7418136596679688e-05
delete time:4.0531158447265625e-05
delete time:4.696846008300781e-05
delete time:3.743171691894531e-05
delete time:4.076957702636719e-05
delete time:5.054473876953125e-05
delete time:3.361701965332031e-05
delete time:3.9577484130859375e-05
delete time:3.170967102050781e-05
delete time:4.172325134277344e-05
delete time:2.765655517578125e-05
delete time:3.600120544433594e-05
delete time:3.647804260253906e-05
delete time:3.457069396972656e-05
delete time:3.933906555175781e-05
delete time:3.743171691894531e-05
delete time:2.86102294921875e-05
delete time:4.935264587402344e-05
delete time:3.552436828613281e-05
delete time:3.528594970703125e-05
delete time:5.078315734863281e-05
delete time:4.100799560546875e-05
delete time:3.981590270996094e-05
delete time:4.744529724121094e-05
delete time:3.5762786865234375e-05
delete time:3.409385681152344e-05
delete time:3.361701965332031e-05
delete time:3.123283386230469e-05
delete time:2.9325485229492188e-05
delete time:4.863739013671875e-05
delete time:4.267692565917969e-05
delete time:3.409385681152344e-05
delete time:4.792213439941406e-05
delete time:4.863739013671875e-05
delete time:3.4332275390625e-05
delete time:4.76837158203125e-05
delete time:3.4332275390625e-05
delete time:3.814697265625e-05
delete time:3.743171691894531e-05
delete time:3.266334533691406e-05
delete time:3.933906555175781e-05
delete time:3.9577484130859375e-05
delete time:3.409385681152344e-05
delete time:3.552436828613281e-05
delete time:5.125999450683594e-05
delete time:3.409385681152344e-05
delete time:4.792213439941406e-05
delete time:4.00543212890625e-05
delete time:3.695487976074219e-05
delete time:4.9591064453125e-05
delete time:3.743171691894531e-05
delete time:3.7670135498046875e-05
delete time:3.838539123535156e-05
delete time:4.649162292480469e-05
delete time:4.00543212890625e-05
delete time:3.4809112548828125e-05
delete time:2.8133392333984375e-05
delete time:3.123283386230469e-05
delete time:3.62396240234375e-05
delete time:3.0517578125e-05
delete time:3.409385681152344e-05
delete time:3.361701965332031e-05
delete time:4.315376281738281e-05
delete time:3.147125244140625e-05
delete time:4.38690185546875e-05
delete time:2.9325485229492188e-05
delete time:3.743171691894531e-05
delete time:2.8848648071289062e-05
delete time:3.933906555175781e-05
delete time:4.124641418457031e-05
delete time:3.790855407714844e-05
delete time:3.4809112548828125e-05
delete time:3.910064697265625e-05
delete time:4.00543212890625e-05
delete time:3.981590270996094e-05
delete time:3.647804260253906e-05
delete time:4.9114227294921875e-05
delete time:2.8371810913085938e-05
delete time:3.5762786865234375e-05
delete time:5.1021575927734375e-05
delete time:4.7206878662109375e-05
delete time:2.6941299438476562e-05
delete time:3.170967102050781e-05
delete time:2.9087066650390625e-05
delete time:3.6716461181640625e-05
delete time:4.482269287109375e-05
delete time:3.457069396972656e-05
delete time:3.8623809814453125e-05
delete time:3.457069396972656e-05
delete time:3.695487976074219e-05
delete time:4.363059997558594e-05
delete time:3.314018249511719e-05
delete time:2.6464462280273438e-05
delete time:3.814697265625e-05
delete time:3.218650817871094e-05
delete time:3.886222839355469e-05
delete time:4.482269287109375e-05
delete time:2.956390380859375e-05
delete time:3.695487976074219e-05
delete time:4.649162292480469e-05
delete time:3.457069396972656e-05
delete time:4.220008850097656e-05
delete time:2.86102294921875e-05
delete time:3.170967102050781e-05
delete time:4.00543212890625e-05
delete time:3.266334533691406e-05
delete time:3.838539123535156e-05
delete time:3.7670135498046875e-05
delete time:4.553794860839844e-05
delete time:3.7670135498046875e-05
delete time:3.790855407714844e-05
delete time:2.8133392333984375e-05
delete time:4.982948303222656e-05
delete time:3.933906555175781e-05
delete time:3.814697265625e-05
delete time:2.4318695068359375e-05
delete time:2.6226043701171875e-05
delete time:3.814697265625e-05
delete time:3.886222839355469e-05
delete time:3.7670135498046875e-05
delete time:4.291534423828125e-05
delete time:3.0994415283203125e-05
delete time:4.649162292480469e-05
delete time:4.649162292480469e-05
delete time:2.86102294921875e-05
delete time:3.695487976074219e-05
delete time:3.6716461181640625e-05
delete time:4.1484832763671875e-05
delete time:2.8848648071289062e-05
delete time:3.314018249511719e-05
delete time:3.838539123535156e-05
delete time:2.9087066650390625e-05
delete time:3.9577484130859375e-05
delete time:4.673004150390625e-05
delete time:3.8623809814453125e-05
delete time:3.814697265625e-05
delete time:3.361701965332031e-05
delete time:2.7418136596679688e-05
delete time:4.363059997558594e-05
delete time:3.62396240234375e-05
delete time:5.626678466796875e-05
delete time:3.504753112792969e-05
delete time:3.504753112792969e-05
delete time:2.86102294921875e-05
delete time:4.506111145019531e-05
delete time:3.504753112792969e-05
delete time:4.76837158203125e-05
delete time:4.649162292480469e-05
delete time:3.9577484130859375e-05
delete time:3.266334533691406e-05
delete time:3.4809112548828125e-05
delete time:4.57763671875e-05
delete time:2.765655517578125e-05
delete time:4.792213439941406e-05
delete time:3.7670135498046875e-05
delete time:4.4345855712890625e-05
delete time:4.100799560546875e-05
delete time:3.457069396972656e-05
delete time:3.8623809814453125e-05
delete time:3.266334533691406e-05
delete time:3.2901763916015625e-05
delete time:4.5299530029296875e-05
delete time:3.695487976074219e-05
delete time:3.838539123535156e-05
delete time:5.14984130859375e-05
delete time:2.7418136596679688e-05
delete time:4.363059997558594e-05
delete time:2.8133392333984375e-05
delete time:3.838539123535156e-05
delete time:5.078315734863281e-05
delete time:4.935264587402344e-05
delete time:3.552436828613281e-05
delete time:4.100799560546875e-05
delete time:3.790855407714844e-05
delete time:3.743171691894531e-05
delete time:4.1484832763671875e-05
delete time:4.267692565917969e-05
delete time:4.029273986816406e-05
delete time:3.933906555175781e-05
delete time:3.457069396972656e-05
delete time:5.0067901611328125e-05
delete time:4.220008850097656e-05
delete time:3.6716461181640625e-05
delete time:3.600120544433594e-05
delete time:4.458427429199219e-05
delete time:3.147125244140625e-05
delete time:3.337860107421875e-05
delete time:4.315376281738281e-05
delete time:3.62396240234375e-05
delete time:3.3855438232421875e-05
delete time:3.0994415283203125e-05
delete time:4.410743713378906e-05
delete time:4.029273986816406e-05
delete time:3.504753112792969e-05
delete time:3.886222839355469e-05
delete time:3.3855438232421875e-05
delete time:4.601478576660156e-05
delete time:3.4809112548828125e-05
delete time:3.409385681152344e-05
delete time:3.9577484130859375e-05
delete time:3.4809112548828125e-05
delete time:3.409385681152344e-05
delete time:4.2438507080078125e-05
delete time:3.552436828613281e-05
delete time:3.528594970703125e-05
delete time:3.218650817871094e-05
delete time:5.221366882324219e-05
delete time:4.076957702636719e-05
delete time:4.38690185546875e-05
delete time:3.1948089599609375e-05
delete time:3.838539123535156e-05
delete time:3.3855438232421875e-05
delete time:3.075599670410156e-05
delete time:3.838539123535156e-05
delete time:2.3603439331054688e-05
delete time:3.218650817871094e-05
delete time:2.7179718017578125e-05
delete time:3.4332275390625e-05
delete time:2.7894973754882812e-05
delete time:4.2438507080078125e-05
delete time:3.743171691894531e-05
delete time:4.1484832763671875e-05
delete time:3.933906555175781e-05
delete time:2.86102294921875e-05
delete time:4.4345855712890625e-05
delete time:3.7670135498046875e-05
delete time:2.956390380859375e-05
delete time:3.075599670410156e-05
delete time:3.62396240234375e-05
delete time:4.00543212890625e-05
delete time:3.409385681152344e-05
delete time:3.2901763916015625e-05
delete time:4.76837158203125e-05
delete time:4.673004150390625e-05
delete time:3.24249267578125e-05
delete time:3.600120544433594e-05
delete time:4.744529724121094e-05
delete time:4.1484832763671875e-05
delete time:3.933906555175781e-05
delete time:3.814697265625e-05
delete time:4.792213439941406e-05
delete time:3.170967102050781e-05
delete time:3.123283386230469e-05
delete time:4.601478576660156e-05
delete time:2.9802322387695312e-05
delete time:2.5033950805664062e-05
delete time:3.24249267578125e-05
delete time:3.695487976074219e-05
delete time:2.6941299438476562e-05
delete time:2.956390380859375e-05
delete time:3.790855407714844e-05
delete time:4.458427429199219e-05
delete time:3.2901763916015625e-05
delete time:3.457069396972656e-05
delete time:3.409385681152344e-05
delete time:4.0531158447265625e-05
delete time:3.0517578125e-05
delete time:3.266334533691406e-05
delete time:4.458427429199219e-05
delete time:4.506111145019531e-05
delete time:3.62396240234375e-05
delete time:2.7179718017578125e-05
delete time:3.4809112548828125e-05
delete time:3.910064697265625e-05
delete time:3.933906555175781e-05
delete time:3.0994415283203125e-05
delete time:4.291534423828125e-05
delete time:2.384185791015625e-05
delete time:4.7206878662109375e-05
delete time:3.314018249511719e-05
delete time:3.838539123535156e-05
delete time:3.552436828613281e-05
delete time:3.886222839355469e-05
delete time:3.2901763916015625e-05
delete time:3.981590270996094e-05
delete time:2.574920654296875e-05
delete time:2.9325485229492188e-05
delete time:4.363059997558594e-05
delete time:3.2901763916015625e-05
delete time:3.838539123535156e-05
delete time:3.1948089599609375e-05
delete time:3.409385681152344e-05
delete time:3.933906555175781e-05
delete time:2.9325485229492188e-05
delete time:3.8623809814453125e-05
delete time:3.8623809814453125e-05
delete time:5.1021575927734375e-05
delete time:3.814697265625e-05
delete time:4.267692565917969e-05
delete time:3.24249267578125e-05
delete time:4.291534423828125e-05
delete time:4.744529724121094e-05
delete time:2.9087066650390625e-05
delete time:3.647804260253906e-05
delete time:3.3855438232421875e-05
delete time:2.8133392333984375e-05
delete time:3.6716461181640625e-05
delete time:4.0531158447265625e-05
delete time:3.743171691894531e-05
delete time:3.552436828613281e-05
delete time:3.552436828613281e-05
delete time:5.412101745605469e-05
delete time:3.62396240234375e-05
delete time:3.981590270996094e-05
delete time:3.647804260253906e-05
delete time:3.3855438232421875e-05
delete time:5.1975250244140625e-05
delete time:3.266334533691406e-05
delete time:3.3855438232421875e-05
delete time:2.5272369384765625e-05
delete time:4.029273986816406e-05
delete time:3.528594970703125e-05
delete time:3.361701965332031e-05
delete time:4.553794860839844e-05
delete time:4.1961669921875e-05
delete time:3.7670135498046875e-05
delete time:4.506111145019531e-05
delete time:3.838539123535156e-05
delete time:3.075599670410156e-05
delete time:4.291534423828125e-05
delete time:3.0517578125e-05
delete time:3.361701965332031e-05
delete time:3.7670135498046875e-05
delete time:3.9577484130859375e-05
delete time:3.743171691894531e-05
delete time:3.4332275390625e-05
delete time:4.3392181396484375e-05
delete time:4.458427429199219e-05
delete time:4.744529724121094e-05
delete time:4.601478576660156e-05
delete time:3.3855438232421875e-05
delete time:4.220008850097656e-05
delete time:5.125999450683594e-05
delete time:3.409385681152344e-05
delete time:3.123283386230469e-05
delete time:3.600120544433594e-05
delete time:3.552436828613281e-05
delete time:3.147125244140625e-05
delete time:3.910064697265625e-05
delete time:3.457069396972656e-05
delete time:4.172325134277344e-05
delete time:3.5762786865234375e-05
delete time:4.100799560546875e-05
delete time:2.9087066650390625e-05
delete time:4.5299530029296875e-05
delete time:3.2901763916015625e-05
delete time:4.482269287109375e-05
delete time:4.0531158447265625e-05
delete time:4.673004150390625e-05
delete time:3.4809112548828125e-05
delete time:4.38690185546875e-05
delete time:4.1961669921875e-05
delete time:3.814697265625e-05
delete time:4.458427429199219e-05
delete time:3.075599670410156e-05
delete time:5.269050598144531e-05
delete time:3.933906555175781e-05
delete time:3.4809112548828125e-05
delete time:2.7894973754882812e-05
delete time:3.0040740966796875e-05
delete time:3.62396240234375e-05
delete time:4.291534423828125e-05
delete time:2.956390380859375e-05
delete time:4.649162292480469e-05
delete time:3.814697265625e-05
delete time:3.886222839355469e-05
delete time:4.1961669921875e-05
delete time:3.838539123535156e-05
delete time:4.2438507080078125e-05
delete time:3.457069396972656e-05
delete time:3.552436828613281e-05
delete time:3.790855407714844e-05
delete time:3.24249267578125e-05
delete time:3.504753112792969e-05
delete time:3.743171691894531e-05
delete time:3.4332275390625e-05
delete time:2.86102294921875e-05
delete time:3.814697265625e-05
delete time:3.170967102050781e-05
delete time:3.910064697265625e-05
delete time:2.7894973754882812e-05
delete time:4.291534423828125e-05
delete time:3.4332275390625e-05
delete time:3.0517578125e-05
delete time:2.8848648071289062e-05
delete time:3.3855438232421875e-05
delete time:2.574920654296875e-05
delete time:4.601478576660156e-05
delete time:3.814697265625e-05
delete time:4.315376281738281e-05
delete time:3.886222839355469e-05
delete time:3.695487976074219e-05
delete time:3.1948089599609375e-05
delete time:4.00543212890625e-05
delete time:3.9577484130859375e-05
delete time:3.170967102050781e-05
delete time:4.553794860839844e-05
delete time:4.5299530029296875e-05
delete time:3.552436828613281e-05
delete time:3.0279159545898438e-05
delete time:3.266334533691406e-05
delete time:3.981590270996094e-05
delete time:4.291534423828125e-05
delete time:3.933906555175781e-05
delete time:4.172325134277344e-05
delete time:3.4809112548828125e-05
delete time:3.886222839355469e-05
delete time:3.0040740966796875e-05
delete time:3.075599670410156e-05
delete time:3.266334533691406e-05
delete time:4.124641418457031e-05
delete time:2.9325485229492188e-05
delete time:3.695487976074219e-05
delete time:4.601478576660156e-05
delete time:3.647804260253906e-05
delete time:3.8623809814453125e-05
delete time:4.57763671875e-05
delete time:3.147125244140625e-05
delete time:3.170967102050781e-05
delete time:3.4809112548828125e-05
delete time:2.6941299438476562e-05
delete time:3.24249267578125e-05
delete time:5.2928924560546875e-05
delete time:3.504753112792969e-05
delete time:3.075599670410156e-05
delete time:4.076957702636719e-05
delete time:5.125999450683594e-05
delete time:2.7418136596679688e-05
delete time:3.695487976074219e-05
delete time:4.0531158447265625e-05
delete time:3.886222839355469e-05
delete time:3.4809112548828125e-05
delete time:3.218650817871094e-05
delete time:4.100799560546875e-05
delete time:3.62396240234375e-05
delete time:4.363059997558594e-05
delete time:3.838539123535156e-05
delete time:4.100799560546875e-05
delete time:2.7418136596679688e-05
delete time:4.7206878662109375e-05
delete time:2.8371810913085938e-05
delete time:3.62396240234375e-05
delete time:3.933906555175781e-05
delete time:4.100799560546875e-05
delete time:3.0040740966796875e-05
delete time:3.9577484130859375e-05
delete time:3.170967102050781e-05
delete time:3.3855438232421875e-05
delete time:3.9577484130859375e-05
delete time:3.4809112548828125e-05
delete time:2.8848648071289062e-05
delete time:5.054473876953125e-05
delete time:4.1961669921875e-05
delete time:4.220008850097656e-05
delete time:3.886222839355469e-05
delete time:3.218650817871094e-05
delete time:5.316734313964844e-05
delete time:3.2901763916015625e-05
delete time:2.9325485229492188e-05
delete time:4.1484832763671875e-05
delete time:4.267692565917969e-05
delete time:3.5762786865234375e-05
delete time:2.86102294921875e-05
delete time:3.24249267578125e-05
delete time:4.363059997558594e-05
delete time:3.838539123535156e-05
delete time:2.956390380859375e-05
delete time:3.552436828613281e-05
delete time:3.4332275390625e-05
delete time:3.719329833984375e-05
delete time:3.790855407714844e-05
delete time:3.8623809814453125e-05
delete time:3.0517578125e-05
delete time:4.124641418457031e-05
delete time:4.076957702636719e-05
delete time:3.4809112548828125e-05
delete time:4.57763671875e-05
delete time:4.1484832763671875e-05
delete time:3.719329833984375e-05
delete time:4.9591064453125e-05
delete time:3.361701965332031e-05
delete time:3.695487976074219e-05
delete time:3.886222839355469e-05
delete time:3.0517578125e-05
delete time:3.910064697265625e-05
delete time:3.695487976074219e-05
delete time:5.030632019042969e-05
delete time:2.6464462280273438e-05
delete time:3.981590270996094e-05
delete time:3.0517578125e-05
delete time:4.00543212890625e-05
delete time:2.574920654296875e-05
delete time:4.076957702636719e-05
delete time:3.6716461181640625e-05
delete time:3.457069396972656e-05
delete time:3.600120544433594e-05
delete time:3.147125244140625e-05
delete time:4.100799560546875e-05
delete time:4.029273986816406e-05
delete time:3.504753112792969e-05
delete time:4.6253204345703125e-05
delete time:3.266334533691406e-05
delete time:3.266334533691406e-05
delete time:3.886222839355469e-05
delete time:3.719329833984375e-05
delete time:4.9591064453125e-05
delete time:3.552436828613281e-05
delete time:2.7179718017578125e-05
delete time:3.62396240234375e-05
delete time:4.482269287109375e-05
delete time:4.744529724121094e-05
delete time:3.9577484130859375e-05
delete time:3.4809112548828125e-05
delete time:3.0279159545898438e-05
delete time:3.075599670410156e-05
delete time:4.410743713378906e-05
delete time:3.719329833984375e-05
delete time:3.981590270996094e-05
delete time:3.147125244140625e-05
delete time:3.123283386230469e-05
delete time:5.030632019042969e-05
delete time:3.719329833984375e-05
delete time:3.838539123535156e-05
delete time:3.600120544433594e-05
delete time:3.123283386230469e-05
delete time:4.744529724121094e-05
delete time:3.24249267578125e-05
delete time:3.266334533691406e-05
delete time:3.5762786865234375e-05
delete time:5.936622619628906e-05
delete time:4.38690185546875e-05
delete time:4.291534423828125e-05
delete time:2.86102294921875e-05
delete time:3.147125244140625e-05
delete time:2.5987625122070312e-05
delete time:3.218650817871094e-05
delete time:3.552436828613281e-05
delete time:5.364418029785156e-05
delete time:3.0994415283203125e-05
delete time:4.267692565917969e-05
delete time:2.86102294921875e-05
delete time:4.315376281738281e-05
delete time:3.075599670410156e-05
delete time:3.7670135498046875e-05
delete time:3.600120544433594e-05
delete time:2.7418136596679688e-05
delete time:3.075599670410156e-05
delete time:3.409385681152344e-05
delete time:2.86102294921875e-05
delete time:3.838539123535156e-05
delete time:4.744529724121094e-05
delete time:4.0531158447265625e-05
delete time:3.3855438232421875e-05
delete time:3.600120544433594e-05
delete time:3.6716461181640625e-05
delete time:3.528594970703125e-05
delete time:4.863739013671875e-05
delete time:2.7894973754882812e-05
delete time:2.5987625122070312e-05
delete time:2.6941299438476562e-05
delete time:3.075599670410156e-05
delete time:3.0279159545898438e-05
delete time:2.1457672119140625e-05
delete time:3.719329833984375e-05
delete time:4.6253204345703125e-05
delete time:3.0994415283203125e-05
delete time:4.38690185546875e-05
delete time:3.528594970703125e-05
delete time:3.504753112792969e-05
delete time:2.6941299438476562e-05
delete time:3.6716461181640625e-05
delete time:3.1948089599609375e-05
delete time:3.218650817871094e-05
delete time:2.8848648071289062e-05
delete time:4.649162292480469e-05
delete time:4.5299530029296875e-05
delete time:4.100799560546875e-05
delete time:3.62396240234375e-05
delete time:2.9325485229492188e-05
delete time:3.4332275390625e-05
delete time:4.601478576660156e-05
delete time:3.457069396972656e-05
delete time:4.744529724121094e-05
delete time:4.0531158447265625e-05
delete time:2.5510787963867188e-05
delete time:3.4332275390625e-05
delete time:2.9325485229492188e-05
delete time:3.314018249511719e-05
delete time:4.601478576660156e-05
delete time:4.363059997558594e-05
delete time:3.3855438232421875e-05
delete time:3.409385681152344e-05
delete time:3.552436828613281e-05
delete time:3.170967102050781e-05
delete time:5.269050598144531e-05
delete time:4.124641418457031e-05
delete time:3.0517578125e-05
delete time:3.361701965332031e-05
delete time:3.3855438232421875e-05
delete time:3.218650817871094e-05
delete time:3.0994415283203125e-05
delete time:3.814697265625e-05
delete time:2.765655517578125e-05
delete time:4.9591064453125e-05
delete time:4.601478576660156e-05
delete time:4.0531158447265625e-05
delete time:3.9577484130859375e-05
delete time:2.9087066650390625e-05
delete time:3.600120544433594e-05
delete time:2.9087066650390625e-05
delete time:5.364418029785156e-05
delete time:3.337860107421875e-05
delete time:3.886222839355469e-05
delete time:3.337860107421875e-05
delete time:4.124641418457031e-05
delete time:4.3392181396484375e-05
delete time:4.124641418457031e-05
delete time:3.4332275390625e-05
delete time:3.6716461181640625e-05
delete time:3.933906555175781e-05
delete time:3.0517578125e-05
delete time:3.2901763916015625e-05
delete time:3.933906555175781e-05
delete time:3.814697265625e-05
delete time:2.9087066650390625e-05
delete time:3.5762786865234375e-05
delete time:3.337860107421875e-05
delete time:4.863739013671875e-05
delete time:3.695487976074219e-05
delete time:4.76837158203125e-05
delete time:2.7179718017578125e-05
delete time:3.981590270996094e-05
delete time:4.553794860839844e-05
delete time:3.5762786865234375e-05
delete time:5.2928924560546875e-05
delete time:4.124641418457031e-05
delete time:3.552436828613281e-05
delete time:3.4332275390625e-05
delete time:3.910064697265625e-05
delete time:3.337860107421875e-05
delete time:3.314018249511719e-05
delete time:3.147125244140625e-05
delete time:4.744529724121094e-05
delete time:4.982948303222656e-05
delete time:3.218650817871094e-05
delete time:4.1961669921875e-05
delete time:2.765655517578125e-05
delete time:3.4332275390625e-05
delete time:2.9325485229492188e-05
delete time:4.887580871582031e-05
delete time:3.266334533691406e-05
delete time:3.361701965332031e-05
delete time:3.8623809814453125e-05
delete time:2.6941299438476562e-05
delete time:3.719329833984375e-05
delete time:3.0994415283203125e-05
delete time:3.886222839355469e-05
delete time:3.695487976074219e-05
delete time:3.2901763916015625e-05
delete time:2.5272369384765625e-05
delete time:4.00543212890625e-05
delete time:3.3855438232421875e-05
delete time:3.075599670410156e-05
delete time:3.719329833984375e-05
delete time:4.887580871582031e-05
delete time:3.0279159545898438e-05
delete time:3.266334533691406e-05
delete time:3.218650817871094e-05
delete time:3.2901763916015625e-05
delete time:4.100799560546875e-05
delete time:4.9114227294921875e-05
delete time:4.267692565917969e-05
delete time:3.1948089599609375e-05
delete time:3.314018249511719e-05
delete time:3.7670135498046875e-05
delete time:4.696846008300781e-05
delete time:4.029273986816406e-05
delete time:2.956390380859375e-05
delete time:4.267692565917969e-05
delete time:2.7418136596679688e-05
delete time:2.86102294921875e-05
delete time:2.86102294921875e-05
delete time:3.5762786865234375e-05
delete time:2.9802322387695312e-05
delete time:4.7206878662109375e-05
delete time:4.410743713378906e-05
delete time:4.553794860839844e-05
delete time:3.719329833984375e-05
delete time:4.458427429199219e-05
delete time:3.4332275390625e-05
delete time:3.218650817871094e-05
delete time:3.790855407714844e-05
delete time:3.075599670410156e-05
delete time:4.863739013671875e-05
delete time:3.123283386230469e-05
delete time:3.266334533691406e-05
delete time:3.7670135498046875e-05
delete time:6.270408630371094e-05
delete time:3.2901763916015625e-05
delete time:4.458427429199219e-05
delete time:4.124641418457031e-05
delete time:2.7894973754882812e-05
delete time:3.361701965332031e-05
delete time:3.218650817871094e-05
delete time:3.933906555175781e-05
delete time:2.47955322265625e-05
delete time:3.123283386230469e-05
delete time:3.695487976074219e-05
delete time:5.221366882324219e-05
delete time:3.933906555175781e-05
delete time:3.743171691894531e-05
delete time:4.8160552978515625e-05
delete time:2.9802322387695312e-05
delete time:3.314018249511719e-05
delete time:3.314018249511719e-05
delete time:4.315376281738281e-05
delete time:4.482269287109375e-05
delete time:3.695487976074219e-05
delete time:2.86102294921875e-05
delete time:3.600120544433594e-05
delete time:3.504753112792969e-05
delete time:3.0994415283203125e-05
delete time:3.4809112548828125e-05
delete time:2.956390380859375e-05
delete time:4.5299530029296875e-05
delete time:3.62396240234375e-05
delete time:3.6716461181640625e-05
delete time:3.337860107421875e-05
delete time:3.266334533691406e-05
delete time:4.291534423828125e-05
delete time:3.1948089599609375e-05
delete time:3.218650817871094e-05
delete time:5.555152893066406e-05
delete time:3.62396240234375e-05
delete time:3.5762786865234375e-05
delete time:4.7206878662109375e-05
delete time:3.838539123535156e-05
delete time:3.886222839355469e-05
delete time:3.170967102050781e-05
delete time:3.075599670410156e-05
delete time:3.409385681152344e-05
delete time:2.86102294921875e-05
delete time:3.0517578125e-05
delete time:3.337860107421875e-05
delete time:2.8848648071289062e-05
delete time:3.075599670410156e-05
delete time:4.3392181396484375e-05
delete time:2.5987625122070312e-05
delete time:3.790855407714844e-05
delete time:2.9325485229492188e-05
delete time:3.8623809814453125e-05
delete time:2.4557113647460938e-05
delete time:2.9325485229492188e-05
delete time:3.6716461181640625e-05
delete time:2.4557113647460938e-05
delete time:3.24249267578125e-05
delete time:3.838539123535156e-05
delete time:3.981590270996094e-05
delete time:3.409385681152344e-05
delete time:3.981590270996094e-05
delete time:3.7670135498046875e-05
delete time:2.6941299438476562e-05
delete time:3.8623809814453125e-05
delete time:3.0279159545898438e-05
delete time:3.552436828613281e-05
delete time:2.8848648071289062e-05
delete time:4.315376281738281e-05
delete time:3.62396240234375e-05
delete time:4.100799560546875e-05
delete time:4.458427429199219e-05
delete time:3.528594970703125e-05
delete time:3.814697265625e-05
delete time:3.981590270996094e-05
delete time:3.743171691894531e-05
delete time:2.8371810913085938e-05
delete time:3.5762786865234375e-05
delete time:5.459785461425781e-05
delete time:3.6716461181640625e-05
delete time:4.8160552978515625e-05
delete time:2.9325485229492188e-05
delete time:4.029273986816406e-05
delete time:4.291534423828125e-05
delete time:5.125999450683594e-05
delete time:3.2901763916015625e-05
delete time:3.3855438232421875e-05
delete time:3.075599670410156e-05
delete time:3.2901763916015625e-05
delete time:3.528594970703125e-05
delete time:3.6716461181640625e-05
delete time:2.7179718017578125e-05
delete time:3.552436828613281e-05
delete time:4.1484832763671875e-05
delete time:3.528594970703125e-05
delete time:3.314018249511719e-05
delete time:3.218650817871094e-05
delete time:3.981590270996094e-05
delete time:4.1961669921875e-05
delete time:3.504753112792969e-05
delete time:2.5510787963867188e-05
delete time:4.0531158447265625e-05
delete time:3.218650817871094e-05
delete time:3.337860107421875e-05
delete time:3.9577484130859375e-05
delete time:3.62396240234375e-05
delete time:4.458427429199219e-05
delete time:2.86102294921875e-05
delete time:3.9577484130859375e-05
delete time:3.2901763916015625e-05
delete time:3.6716461181640625e-05
delete time:3.314018249511719e-05
delete time:4.029273986816406e-05
delete time:4.100799560546875e-05
delete time:3.838539123535156e-05
delete time:4.172325134277344e-05
delete time:4.792213439941406e-05
delete time:4.410743713378906e-05
delete time:3.6716461181640625e-05
delete time:3.147125244140625e-05
delete time:2.47955322265625e-05
delete time:3.409385681152344e-05
delete time:3.0279159545898438e-05
delete time:3.600120544433594e-05
delete time:2.8133392333984375e-05
delete time:2.956390380859375e-05
delete time:2.5510787963867188e-05
delete time:3.337860107421875e-05
delete time:4.172325134277344e-05
delete time:3.337860107421875e-05
delete time:3.504753112792969e-05
delete time:3.361701965332031e-05
delete time:3.600120544433594e-05
delete time:3.361701965332031e-05
delete time:3.5762786865234375e-05
delete time:3.814697265625e-05
delete time:3.719329833984375e-05
delete time:4.029273986816406e-05
delete time:4.792213439941406e-05
delete time:4.935264587402344e-05
delete time:3.910064697265625e-05
delete time:3.62396240234375e-05
delete time:3.218650817871094e-05
delete time:4.57763671875e-05
delete time:3.62396240234375e-05
delete time:2.86102294921875e-05
delete time:3.4332275390625e-05
delete time:3.743171691894531e-05
delete time:3.5762786865234375e-05
delete time:3.504753112792969e-05
delete time:3.62396240234375e-05
delete time:3.218650817871094e-05
delete time:4.7206878662109375e-05
delete time:3.552436828613281e-05
delete time:3.743171691894531e-05
delete time:4.220008850097656e-05
delete time:3.24249267578125e-05
delete time:4.744529724121094e-05
delete time:3.123283386230469e-05
delete time:3.337860107421875e-05
delete time:2.7418136596679688e-05
delete time:4.9591064453125e-05
delete time:3.337860107421875e-05
delete time:4.649162292480469e-05
delete time:3.9577484130859375e-05
delete time:3.695487976074219e-05
delete time:3.6716461181640625e-05
delete time:4.291534423828125e-05
delete time:3.0279159545898438e-05
delete time:2.956390380859375e-05
delete time:4.57763671875e-05
delete time:3.0517578125e-05
delete time:3.4332275390625e-05
delete time:3.409385681152344e-05
delete time:4.029273986816406e-05
delete time:3.24249267578125e-05
delete time:4.1961669921875e-05
delete time:4.267692565917969e-05
delete time:3.8623809814453125e-05
delete time:3.62396240234375e-05
delete time:4.076957702636719e-05
delete time:4.6253204345703125e-05
delete time:4.076957702636719e-05
delete time:4.553794860839844e-05
delete time:3.695487976074219e-05
delete time:4.6253204345703125e-05
delete time:3.337860107421875e-05
delete time:2.9802322387695312e-05
delete time:3.361701965332031e-05
delete time:2.4318695068359375e-05
delete time:3.457069396972656e-05
delete time:3.361701965332031e-05
delete time:4.172325134277344e-05
delete time:2.7418136596679688e-05
delete time:3.24249267578125e-05
delete time:3.0517578125e-05
delete time:3.457069396972656e-05
delete time:4.410743713378906e-05
delete time:3.552436828613281e-05
delete time:3.409385681152344e-05
delete time:3.814697265625e-05
delete time:4.100799560546875e-05
delete time:2.86102294921875e-05
delete time:4.3392181396484375e-05
delete time:3.1948089599609375e-05
delete time:3.1948089599609375e-05
delete time:3.8623809814453125e-05
delete time:4.291534423828125e-05
delete time:3.218650817871094e-05
delete time:2.5510787963867188e-05
delete time:3.9577484130859375e-05
delete time:4.4345855712890625e-05
delete time:3.719329833984375e-05
delete time:2.6702880859375e-05
delete time:4.172325134277344e-05
delete time:3.3855438232421875e-05
delete time:4.6253204345703125e-05
delete time:3.8623809814453125e-05
delete time:4.5299530029296875e-05
delete time:2.9087066650390625e-05
delete time:3.600120544433594e-05
delete time:3.3855438232421875e-05
delete time:3.7670135498046875e-05
delete time:2.47955322265625e-05
delete time:2.9802322387695312e-05
delete time:3.695487976074219e-05
delete time:2.5272369384765625e-05
delete time:5.030632019042969e-05
delete time:3.337860107421875e-05
delete time:3.0040740966796875e-05
delete time:3.814697265625e-05
delete time:4.315376281738281e-05
delete time:3.170967102050781e-05
delete time:2.7894973754882812e-05
delete time:4.076957702636719e-05
delete time:3.0994415283203125e-05
delete time:3.409385681152344e-05
delete time:3.886222839355469e-05
delete time:5.1975250244140625e-05
delete time:3.719329833984375e-05
delete time:3.933906555175781e-05
delete time:3.409385681152344e-05
delete time:3.4332275390625e-05
delete time:4.220008850097656e-05
delete time:3.4809112548828125e-05
delete time:3.600120544433594e-05
delete time:4.291534423828125e-05
delete time:6.151199340820312e-05
delete time:3.170967102050781e-05
delete time:4.029273986816406e-05
delete time:5.125999450683594e-05
delete time:3.0279159545898438e-05
delete time:2.6226043701171875e-05
delete time:4.315376281738281e-05
delete time:3.695487976074219e-05
delete time:3.314018249511719e-05
delete time:3.790855407714844e-05
delete time:5.078315734863281e-05
delete time:4.0531158447265625e-05
delete time:5.0067901611328125e-05
delete time:5.316734313964844e-05
delete time:3.528594970703125e-05
delete time:2.8848648071289062e-05
delete time:3.62396240234375e-05
delete time:3.790855407714844e-05
delete time:3.314018249511719e-05
delete time:3.933906555175781e-05
delete time:3.314018249511719e-05
delete time:3.62396240234375e-05
delete time:3.2901763916015625e-05
delete time:3.838539123535156e-05
delete time:2.765655517578125e-05
delete time:3.814697265625e-05
delete time:3.4809112548828125e-05
delete time:3.695487976074219e-05
delete time:3.1948089599609375e-05
delete time:2.6226043701171875e-05
delete time:2.574920654296875e-05
delete time:3.24249267578125e-05
delete time:3.314018249511719e-05
delete time:3.7670135498046875e-05
delete time:3.743171691894531e-05
delete time:3.9577484130859375e-05
delete time:3.719329833984375e-05
delete time:3.552436828613281e-05
delete time:2.5033950805664062e-05
delete time:4.696846008300781e-05
delete time:3.2901763916015625e-05
delete time:4.1961669921875e-05
delete time:3.218650817871094e-05
delete time:3.9577484130859375e-05
delete time:3.600120544433594e-05
delete time:2.8133392333984375e-05
delete time:3.218650817871094e-05
delete time:4.458427429199219e-05
delete time:3.24249267578125e-05
delete time:3.0040740966796875e-05
delete time:3.123283386230469e-05
delete time:3.886222839355469e-05
delete time:3.981590270996094e-05
delete time:3.2901763916015625e-05
delete time:2.956390380859375e-05
delete time:4.649162292480469e-05
delete time:3.910064697265625e-05
delete time:3.910064697265625e-05
delete time:3.790855407714844e-05
delete time:4.38690185546875e-05
delete time:3.0517578125e-05
delete time:3.337860107421875e-05
delete time:3.9577484130859375e-05
delete time:3.743171691894531e-05
delete time:2.7894973754882812e-05
delete time:4.458427429199219e-05
delete time:3.266334533691406e-05
delete time:3.0994415283203125e-05
delete time:2.9087066650390625e-05
delete time:3.4332275390625e-05
delete time:2.6464462280273438e-05
delete time:3.170967102050781e-05
delete time:3.743171691894531e-05
delete time:3.528594970703125e-05
delete time:3.266334533691406e-05
delete time:3.218650817871094e-05
delete time:3.1948089599609375e-05
delete time:3.7670135498046875e-05
delete time:3.790855407714844e-05
delete time:3.790855407714844e-05
delete time:3.218650817871094e-05
delete time:3.24249267578125e-05
delete time:3.62396240234375e-05
delete time:3.075599670410156e-05
delete time:4.887580871582031e-05
delete time:3.814697265625e-05
delete time:3.337860107421875e-05
delete time:4.7206878662109375e-05
delete time:3.600120544433594e-05
delete time:3.4332275390625e-05
delete time:3.24249267578125e-05
delete time:4.57763671875e-05
delete time:4.100799560546875e-05
delete time:4.9114227294921875e-05
delete time:3.695487976074219e-05
delete time:2.8133392333984375e-05
delete time:3.814697265625e-05
delete time:3.0994415283203125e-05
delete time:3.600120544433594e-05
delete time:4.6253204345703125e-05
delete time:4.315376281738281e-05
delete time:3.528594970703125e-05
delete time:4.8160552978515625e-05
delete time:2.9325485229492188e-05
delete time:3.337860107421875e-05
delete time:3.24249267578125e-05
delete time:3.337860107421875e-05
delete time:3.361701965332031e-05
delete time:3.743171691894531e-05
delete time:3.123283386230469e-05
delete time:3.910064697265625e-05
delete time:4.076957702636719e-05
delete time:3.62396240234375e-05
delete time:3.4332275390625e-05
delete time:2.4557113647460938e-05
delete time:4.315376281738281e-05
delete time:5.125999450683594e-05
delete time:3.2901763916015625e-05
delete time:3.457069396972656e-05
delete time:2.956390380859375e-05
delete time:3.743171691894531e-05
delete time:4.8160552978515625e-05
delete time:3.266334533691406e-05
delete time:3.719329833984375e-05
delete time:3.4809112548828125e-05
delete time:2.8848648071289062e-05
delete time:3.886222839355469e-05
delete time:4.863739013671875e-05
delete time:3.8623809814453125e-05
delete time:3.695487976074219e-05
delete time:3.0279159545898438e-05
delete time:3.886222839355469e-05
delete time:3.147125244140625e-05
delete time:3.123283386230469e-05
delete time:3.361701965332031e-05
delete time:3.5762786865234375e-05
delete time:3.5762786865234375e-05
delete time:2.8371810913085938e-05
delete time:4.38690185546875e-05
delete time:2.6702880859375e-05
delete time:4.553794860839844e-05
delete time:3.743171691894531e-05
delete time:3.790855407714844e-05
delete time:4.553794860839844e-05
delete time:3.62396240234375e-05
delete time:3.457069396972656e-05
delete time:4.076957702636719e-05
delete time:4.410743713378906e-05
delete time:4.0531158447265625e-05
delete time:3.719329833984375e-05
delete time:3.409385681152344e-05
delete time:4.124641418457031e-05
delete time:3.838539123535156e-05
delete time:3.147125244140625e-05
delete time:3.075599670410156e-05
delete time:3.2901763916015625e-05
delete time:3.0994415283203125e-05
delete time:3.075599670410156e-05
delete time:2.9325485229492188e-05
delete time:3.600120544433594e-05
delete time:2.8371810913085938e-05
delete time:3.0279159545898438e-05
delete time:4.4345855712890625e-05
delete time:3.933906555175781e-05
delete time:4.100799560546875e-05
delete time:3.314018249511719e-05
delete time:4.792213439941406e-05
delete time:3.147125244140625e-05
delete time:3.62396240234375e-05
delete time:3.695487976074219e-05
delete time:5.221366882324219e-05
delete time:3.6716461181640625e-05
delete time:3.933906555175781e-05
delete time:3.314018249511719e-05
delete time:2.86102294921875e-05
delete time:3.4332275390625e-05
delete time:3.0040740966796875e-05
delete time:3.266334533691406e-05
delete time:2.956390380859375e-05
delete time:4.029273986816406e-05
delete time:3.0517578125e-05
delete time:3.838539123535156e-05
delete time:3.2901763916015625e-05
delete time:3.457069396972656e-05
delete time:4.100799560546875e-05
delete time:3.409385681152344e-05
delete time:2.7179718017578125e-05
delete time:2.5033950805664062e-05
delete time:4.291534423828125e-05
delete time:3.695487976074219e-05
delete time:3.3855438232421875e-05
delete time:3.933906555175781e-05
delete time:3.0040740966796875e-05
delete time:3.337860107421875e-05
delete time:3.3855438232421875e-05
delete time:4.363059997558594e-05
delete time:3.4332275390625e-05
delete time:4.1961669921875e-05
delete time:3.528594970703125e-05
delete time:2.7894973754882812e-05
delete time:4.1484832763671875e-05
delete time:4.100799560546875e-05
delete time:2.9325485229492188e-05
delete time:3.361701965332031e-05
delete time:3.314018249511719e-05
delete time:3.123283386230469e-05
delete time:5.221366882324219e-05
delete time:5.078315734863281e-05
delete time:3.123283386230469e-05
delete time:3.9577484130859375e-05
delete time:3.24249267578125e-05
delete time:3.7670135498046875e-05
delete time:3.0040740966796875e-05
delete time:3.314018249511719e-05
delete time:3.4332275390625e-05
delete time:3.7670135498046875e-05
delete time:3.981590270996094e-05
delete time:3.743171691894531e-05
delete time:3.743171691894531e-05
delete time:2.8371810913085938e-05
delete time:4.0531158447265625e-05
delete time:3.147125244140625e-05
delete time:3.4809112548828125e-05
delete time:4.744529724121094e-05
delete time:3.4332275390625e-05
delete time:5.125999450683594e-05
delete time:4.482269287109375e-05
delete time:3.147125244140625e-05
delete time:3.695487976074219e-05
delete time:3.600120544433594e-05
delete time:4.0531158447265625e-05
delete time:4.1961669921875e-05
delete time:3.2901763916015625e-05
delete time:4.76837158203125e-05
delete time:2.9802322387695312e-05
delete time:4.0531158447265625e-05
delete time:3.4809112548828125e-05
delete time:3.910064697265625e-05
delete time:3.790855407714844e-05
delete time:3.0040740966796875e-05
delete time:2.9802322387695312e-05
delete time:3.0279159545898438e-05
delete time:5.078315734863281e-05
delete time:4.9114227294921875e-05
delete time:3.123283386230469e-05
delete time:3.814697265625e-05
delete time:4.601478576660156e-05
delete time:3.528594970703125e-05
delete time:3.814697265625e-05
delete time:3.361701965332031e-05
delete time:4.935264587402344e-05
delete time:4.076957702636719e-05
delete time:3.647804260253906e-05
delete time:3.2901763916015625e-05
delete time:3.552436828613281e-05
delete time:2.4557113647460938e-05
delete time:3.62396240234375e-05
delete time:4.3392181396484375e-05
delete time:3.24249267578125e-05
delete time:2.956390380859375e-05
delete time:4.172325134277344e-05
delete time:3.147125244140625e-05
delete time:3.6716461181640625e-05
delete time:3.600120544433594e-05
delete time:3.838539123535156e-05
delete time:2.765655517578125e-05
delete time:4.0531158447265625e-05
delete time:3.647804260253906e-05
delete time:3.504753112792969e-05
delete time:4.2438507080078125e-05
delete time:4.267692565917969e-05
delete time:3.075599670410156e-05
delete time:3.7670135498046875e-05
delete time:3.4809112548828125e-05
delete time:3.3855438232421875e-05
delete time:2.8848648071289062e-05
delete time:4.00543212890625e-05
delete time:4.363059997558594e-05
delete time:2.86102294921875e-05
delete time:4.57763671875e-05
delete time:3.0517578125e-05
delete time:3.695487976074219e-05
delete time:2.9325485229492188e-05
delete time:4.100799560546875e-05
delete time:4.267692565917969e-05
delete time:4.482269287109375e-05
delete time:4.172325134277344e-05
delete time:4.839897155761719e-05
delete time:3.457069396972656e-05
delete time:3.075599670410156e-05
delete time:4.9591064453125e-05
delete time:4.2438507080078125e-05
delete time:4.00543212890625e-05
delete time:3.62396240234375e-05
delete time:3.314018249511719e-05
delete time:4.076957702636719e-05
delete time:5.245208740234375e-05
delete time:3.409385681152344e-05
delete time:4.57763671875e-05
delete time:2.8848648071289062e-05
delete time:3.170967102050781e-05
delete time:3.457069396972656e-05
delete time:3.552436828613281e-05
delete time:3.1948089599609375e-05
delete time:3.2901763916015625e-05
delete time:3.266334533691406e-05
delete time:3.0040740966796875e-05
delete time:4.506111145019531e-05
delete time:3.4809112548828125e-05
delete time:2.7894973754882812e-05
delete time:4.839897155761719e-05
delete time:4.482269287109375e-05
delete time:4.172325134277344e-05
delete time:3.62396240234375e-05
delete time:3.552436828613281e-05
delete time:4.8160552978515625e-05
delete time:4.5299530029296875e-05
delete time:3.314018249511719e-05
delete time:4.172325134277344e-05
delete time:2.8133392333984375e-05
delete time:4.1961669921875e-05
delete time:4.1484832763671875e-05
delete time:3.600120544433594e-05
delete time:5.125999450683594e-05
delete time:4.482269287109375e-05
delete time:4.076957702636719e-05
delete time:3.981590270996094e-05
delete time:3.981590270996094e-05
delete time:3.790855407714844e-05
delete time:4.553794860839844e-05
delete time:2.956390380859375e-05
delete time:4.2438507080078125e-05
delete time:3.790855407714844e-05
delete time:5.221366882324219e-05
delete time:3.552436828613281e-05
delete time:2.7894973754882812e-05
delete time:4.1484832763671875e-05
delete time:3.2901763916015625e-05
delete time:3.814697265625e-05
delete time:3.719329833984375e-05
delete time:3.933906555175781e-05
delete time:3.0517578125e-05
delete time:3.075599670410156e-05
delete time:4.6253204345703125e-05
delete time:4.76837158203125e-05
delete time:4.100799560546875e-05
delete time:3.170967102050781e-05
delete time:2.4557113647460938e-05
delete time:3.361701965332031e-05
delete time:3.7670135498046875e-05
delete time:3.218650817871094e-05
delete time:2.7894973754882812e-05
delete time:4.792213439941406e-05
delete time:3.528594970703125e-05
delete time:3.2901763916015625e-05
delete time:4.506111145019531e-05
delete time:3.910064697265625e-05
delete time:4.1484832763671875e-05
delete time:4.553794860839844e-05
delete time:3.0994415283203125e-05
delete time:4.267692565917969e-05
delete time:4.1961669921875e-05
delete time:5.0067901611328125e-05
delete time:2.9802322387695312e-05
delete time:2.6702880859375e-05
delete time:3.0279159545898438e-05
delete time:3.528594970703125e-05
delete time:3.170967102050781e-05
delete time:3.886222839355469e-05
delete time:3.6716461181640625e-05
delete time:3.790855407714844e-05
delete time:2.384185791015625e-05
delete time:3.8623809814453125e-05
delete time:3.5762786865234375e-05
delete time:3.24249267578125e-05
delete time:4.100799560546875e-05
delete time:3.9577484130859375e-05
delete time:3.552436828613281e-05
delete time:3.743171691894531e-05
delete time:3.457069396972656e-05
delete time:3.9577484130859375e-05
delete time:4.172325134277344e-05
delete time:2.7894973754882812e-05
delete time:5.173683166503906e-05
delete time:2.8133392333984375e-05
delete time:3.457069396972656e-05
delete time:3.0517578125e-05
delete time:4.0531158447265625e-05
delete time:3.0040740966796875e-05
delete time:3.4332275390625e-05
delete time:4.220008850097656e-05
delete time:4.1484832763671875e-05
delete time:3.6716461181640625e-05
delete time:3.4332275390625e-05
delete time:3.361701965332031e-05
delete time:3.147125244140625e-05
delete time:4.220008850097656e-05
delete time:3.910064697265625e-05
delete time:3.814697265625e-05
delete time:4.506111145019531e-05
delete time:4.029273986816406e-05
delete time:3.0040740966796875e-05
delete time:4.029273986816406e-05
delete time:3.0994415283203125e-05
delete time:3.838539123535156e-05
delete time:3.457069396972656e-05
delete time:4.1961669921875e-05
delete time:2.8371810913085938e-05
delete time:3.600120544433594e-05
delete time:3.552436828613281e-05
delete time:3.4332275390625e-05
delete time:2.86102294921875e-05
delete time:5.91278076171875e-05
delete time:3.600120544433594e-05
delete time:2.8133392333984375e-05
delete time:4.601478576660156e-05
delete time:3.2901763916015625e-05
delete time:5.030632019042969e-05
delete time:3.886222839355469e-05
delete time:2.7894973754882812e-05
delete time:2.6464462280273438e-05
delete time:3.743171691894531e-05
delete time:3.457069396972656e-05
delete time:3.790855407714844e-05
delete time:2.6464462280273438e-05
delete time:3.8623809814453125e-05
delete time:4.00543212890625e-05
delete time:2.5987625122070312e-05
delete time:2.6941299438476562e-05
delete time:3.218650817871094e-05
delete time:3.8623809814453125e-05
delete time:3.4332275390625e-05
delete time:3.8623809814453125e-05
delete time:4.7206878662109375e-05
delete time:3.457069396972656e-05
delete time:4.410743713378906e-05
delete time:5.53131103515625e-05
delete time:3.361701965332031e-05
delete time:2.86102294921875e-05
delete time:3.600120544433594e-05
delete time:2.5987625122070312e-05
delete time:2.8848648071289062e-05
delete time:3.62396240234375e-05
delete time:3.409385681152344e-05
delete time:5.125999450683594e-05
delete time:3.337860107421875e-05
delete time:4.57763671875e-05
delete time:3.4332275390625e-05
delete time:3.647804260253906e-05
delete time:3.0517578125e-05
delete time:3.504753112792969e-05
delete time:3.3855438232421875e-05
delete time:3.719329833984375e-05
delete time:3.457069396972656e-05
delete time:2.9325485229492188e-05
delete time:3.266334533691406e-05
delete time:5.078315734863281e-05
delete time:4.100799560546875e-05
delete time:3.504753112792969e-05
delete time:5.125999450683594e-05
delete time:3.457069396972656e-05
delete time:2.765655517578125e-05
delete time:2.956390380859375e-05
delete time:4.935264587402344e-05
delete time:2.9087066650390625e-05
delete time:3.457069396972656e-05
delete time:4.410743713378906e-05
delete time:2.6702880859375e-05
delete time:3.218650817871094e-05
delete time:4.267692565917969e-05
delete time:5.459785461425781e-05
delete time:4.9114227294921875e-05
delete time:4.57763671875e-05
delete time:5.14984130859375e-05
delete time:5.1975250244140625e-05
delete time:4.0531158447265625e-05
delete time:3.147125244140625e-05
delete time:2.4557113647460938e-05
delete time:4.744529724121094e-05
delete time:3.695487976074219e-05
delete time:3.8623809814453125e-05
delete time:2.288818359375e-05
delete time:4.315376281738281e-05
delete time:3.552436828613281e-05
delete time:3.314018249511719e-05
delete time:4.1961669921875e-05
delete time:3.0517578125e-05
delete time:4.3392181396484375e-05
delete time:3.170967102050781e-05
delete time:4.363059997558594e-05
delete time:3.314018249511719e-05
delete time:3.814697265625e-05
delete time:3.0517578125e-05
delete time:4.315376281738281e-05
delete time:3.504753112792969e-05
delete time:4.172325134277344e-05
delete time:2.8133392333984375e-05
delete time:3.3855438232421875e-05
delete time:3.790855407714844e-05
delete time:4.649162292480469e-05
delete time:3.7670135498046875e-05
delete time:3.8623809814453125e-05
delete time:4.1961669921875e-05
delete time:3.528594970703125e-05
delete time:4.7206878662109375e-05
delete time:3.7670135498046875e-05
delete time:3.743171691894531e-05
delete time:3.361701965332031e-05
delete time:2.956390380859375e-05
delete time:4.291534423828125e-05
delete time:3.504753112792969e-05
delete time:4.267692565917969e-05
delete time:3.838539123535156e-05
delete time:3.8623809814453125e-05
delete time:2.5987625122070312e-05
delete time:4.3392181396484375e-05
delete time:4.0531158447265625e-05
delete time:3.24249267578125e-05
delete time:3.62396240234375e-05
delete time:2.9325485229492188e-05
delete time:3.4809112548828125e-05
delete time:4.553794860839844e-05
delete time:3.361701965332031e-05
delete time:3.0040740966796875e-05
delete time:3.0517578125e-05
delete time:3.647804260253906e-05
delete time:3.814697265625e-05
delete time:3.695487976074219e-05
delete time:2.8371810913085938e-05
delete time:3.0517578125e-05
delete time:3.5762786865234375e-05
delete time:3.075599670410156e-05
delete time:4.291534423828125e-05
delete time:5.054473876953125e-05
delete time:3.218650817871094e-05
delete time:4.172325134277344e-05
delete time:4.553794860839844e-05
delete time:3.0040740966796875e-05
delete time:6.461143493652344e-05
delete time:3.8623809814453125e-05
delete time:2.6226043701171875e-05
delete time:2.5987625122070312e-05
delete time:4.1484832763671875e-05
delete time:3.457069396972656e-05
delete time:2.9802322387695312e-05
delete time:3.361701965332031e-05
delete time:3.2901763916015625e-05
delete time:3.457069396972656e-05
delete time:4.458427429199219e-05
delete time:3.1948089599609375e-05
delete time:3.981590270996094e-05
delete time:4.1961669921875e-05
delete time:3.218650817871094e-05
delete time:4.220008850097656e-05
delete time:3.790855407714844e-05
delete time:3.6716461181640625e-05
delete time:3.3855438232421875e-05
delete time:3.9577484130859375e-05
delete time:3.62396240234375e-05
delete time:3.24249267578125e-05
delete time:2.6226043701171875e-05
delete time:3.8623809814453125e-05
delete time:3.0279159545898438e-05
delete time:3.9577484130859375e-05
delete time:3.170967102050781e-05
delete time:2.8848648071289062e-05
delete time:3.170967102050781e-05
delete time:3.361701965332031e-05
delete time:4.3392181396484375e-05
delete time:3.719329833984375e-05
delete time:3.814697265625e-05
delete time:3.2901763916015625e-05
delete time:3.266334533691406e-05
delete time:3.981590270996094e-05
delete time:3.743171691894531e-05
delete time:2.6702880859375e-05
delete time:3.5762786865234375e-05
delete time:3.3855438232421875e-05
delete time:3.337860107421875e-05
delete time:3.790855407714844e-05
delete time:3.4809112548828125e-05
delete time:3.24249267578125e-05
delete time:3.886222839355469e-05
delete time:2.9325485229492188e-05
delete time:4.673004150390625e-05
delete time:3.552436828613281e-05
delete time:3.0279159545898438e-05
delete time:3.123283386230469e-05
delete time:3.457069396972656e-05
delete time:4.1484832763671875e-05
delete time:3.0517578125e-05
delete time:3.361701965332031e-05
delete time:3.552436828613281e-05
delete time:3.457069396972656e-05
delete time:4.172325134277344e-05
delete time:3.9577484130859375e-05
delete time:3.0517578125e-05
delete time:3.743171691894531e-05
delete time:3.62396240234375e-05
delete time:2.574920654296875e-05
delete time:3.0279159545898438e-05
delete time:3.337860107421875e-05
delete time:4.863739013671875e-05
delete time:4.76837158203125e-05
delete time:3.504753112792969e-05
delete time:3.8623809814453125e-05
delete time:4.029273986816406e-05
delete time:3.0994415283203125e-05
delete time:3.0279159545898438e-05
delete time:3.5762786865234375e-05
delete time:4.887580871582031e-05
delete time:3.528594970703125e-05
delete time:3.600120544433594e-05
delete time:3.0040740966796875e-05
delete time:3.123283386230469e-05
delete time:2.8848648071289062e-05
delete time:4.029273986816406e-05
delete time:3.552436828613281e-05
delete time:4.291534423828125e-05
delete time:2.7894973754882812e-05
delete time:3.4332275390625e-05
delete time:3.552436828613281e-05
delete time:4.220008850097656e-05
delete time:3.552436828613281e-05
delete time:3.8623809814453125e-05
delete time:3.886222839355469e-05
delete time:3.0040740966796875e-05
delete time:3.1948089599609375e-05
delete time:4.363059997558594e-05
delete time:2.6941299438476562e-05
delete time:4.649162292480469e-05
delete time:3.409385681152344e-05
delete time:6.29425048828125e-05
delete time:3.1948089599609375e-05
delete time:3.314018249511719e-05
delete time:2.7418136596679688e-05
delete time:2.6226043701171875e-05
delete time:3.0040740966796875e-05
delete time:4.220008850097656e-05
delete time:4.887580871582031e-05
delete time:2.5987625122070312e-05
delete time:3.933906555175781e-05
delete time:3.981590270996094e-05
delete time:3.337860107421875e-05
delete time:4.291534423828125e-05
delete time:3.552436828613281e-05
delete time:4.124641418457031e-05
delete time:3.075599670410156e-05
delete time:4.220008850097656e-05
delete time:3.457069396972656e-05
delete time:3.6716461181640625e-05
delete time:3.62396240234375e-05
delete time:4.100799560546875e-05
delete time:3.266334533691406e-05
delete time:2.8848648071289062e-05
delete time:2.8848648071289062e-05
delete time:4.172325134277344e-05
delete time:3.24249267578125e-05
delete time:3.075599670410156e-05
delete time:2.9802322387695312e-05
delete time:4.00543212890625e-05
delete time:3.9577484130859375e-05
delete time:3.7670135498046875e-05
delete time:4.76837158203125e-05
delete time:3.7670135498046875e-05
delete time:3.123283386230469e-05
delete time:3.0517578125e-05
delete time:3.0040740966796875e-05
delete time:4.38690185546875e-05
delete time:4.124641418457031e-05
delete time:2.47955322265625e-05
delete time:3.4809112548828125e-05
delete time:5.173683166503906e-05
delete time:3.528594970703125e-05
delete time:3.0994415283203125e-05
delete time:3.552436828613281e-05
delete time:4.649162292480469e-05
delete time:3.933906555175781e-05
delete time:3.2901763916015625e-05
delete time:3.3855438232421875e-05
delete time:3.314018249511719e-05
delete time:3.719329833984375e-05
delete time:3.361701965332031e-05
delete time:3.170967102050781e-05
delete time:2.8848648071289062e-05
delete time:2.9325485229492188e-05
delete time:3.2901763916015625e-05
delete time:4.38690185546875e-05
delete time:3.7670135498046875e-05
delete time:3.719329833984375e-05
delete time:2.86102294921875e-05
delete time:3.337860107421875e-05
delete time:3.4809112548828125e-05
delete time:3.361701965332031e-05
delete time:3.814697265625e-05
delete time:3.4332275390625e-05
delete time:3.528594970703125e-05
delete time:3.6716461181640625e-05
delete time:4.00543212890625e-05
delete time:2.8133392333984375e-05
delete time:3.743171691894531e-05
delete time:3.552436828613281e-05
delete time:3.790855407714844e-05
delete time:2.574920654296875e-05
delete time:3.62396240234375e-05
delete time:3.814697265625e-05
delete time:3.409385681152344e-05
delete time:3.457069396972656e-05
delete time:3.457069396972656e-05
delete time:4.887580871582031e-05
delete time:4.00543212890625e-05
delete time:3.0994415283203125e-05
delete time:3.0040740966796875e-05
delete time:2.9802322387695312e-05
delete time:3.528594970703125e-05
delete time:3.457069396972656e-05
delete time:3.62396240234375e-05
delete time:3.3855438232421875e-05
delete time:2.5987625122070312e-05
delete time:2.7894973754882812e-05
delete time:3.981590270996094e-05
delete time:4.00543212890625e-05
delete time:3.2901763916015625e-05
delete time:3.600120544433594e-05
delete time:2.956390380859375e-05
delete time:2.4318695068359375e-05
delete time:3.123283386230469e-05
delete time:3.6716461181640625e-05
delete time:2.6226043701171875e-05
delete time:2.6702880859375e-05
delete time:4.029273986816406e-05
delete time:4.6253204345703125e-05
delete time:4.2438507080078125e-05
delete time:2.7894973754882812e-05
delete time:3.790855407714844e-05
delete time:2.956390380859375e-05
delete time:3.504753112792969e-05
delete time:3.218650817871094e-05
delete time:3.361701965332031e-05
delete time:3.409385681152344e-05
delete time:2.4318695068359375e-05
delete time:3.7670135498046875e-05
delete time:4.6253204345703125e-05
delete time:2.765655517578125e-05
delete time:3.910064697265625e-05
delete time:4.00543212890625e-05
delete time:4.220008850097656e-05
delete time:2.7418136596679688e-05
delete time:3.8623809814453125e-05
delete time:3.695487976074219e-05
delete time:3.409385681152344e-05
delete time:3.814697265625e-05
delete time:3.0040740966796875e-05
delete time:3.2901763916015625e-05
delete time:4.38690185546875e-05
delete time:3.24249267578125e-05
delete time:4.363059997558594e-05
delete time:3.314018249511719e-05
delete time:3.075599670410156e-05
delete time:4.100799560546875e-05
delete time:4.124641418457031e-05
delete time:3.0279159545898438e-05
delete time:4.1484832763671875e-05
delete time:4.3392181396484375e-05
delete time:2.5987625122070312e-05
delete time:3.457069396972656e-05
delete time:2.8371810913085938e-05
delete time:3.933906555175781e-05
delete time:3.743171691894531e-05
delete time:3.719329833984375e-05
delete time:3.24249267578125e-05
delete time:2.7179718017578125e-05
delete time:3.552436828613281e-05
delete time:3.504753112792969e-05
delete time:4.1484832763671875e-05
delete time:2.86102294921875e-05
delete time:4.482269287109375e-05
delete time:4.1484832763671875e-05
delete time:4.8160552978515625e-05
delete time:3.8623809814453125e-05
delete time:2.8371810913085938e-05
delete time:2.4557113647460938e-05
delete time:2.7894973754882812e-05
delete time:3.814697265625e-05
delete time:3.3855438232421875e-05
delete time:4.553794860839844e-05
delete time:4.029273986816406e-05
delete time:3.1948089599609375e-05
delete time:4.458427429199219e-05
delete time:2.956390380859375e-05
delete time:3.170967102050781e-05
delete time:3.9577484130859375e-05
delete time:4.363059997558594e-05
delete time:5.14984130859375e-05
delete time:3.361701965332031e-05
delete time:2.86102294921875e-05
delete time:5.745887756347656e-05
delete time:3.123283386230469e-05
delete time:2.86102294921875e-05
delete time:3.528594970703125e-05
delete time:2.9802322387695312e-05
delete time:3.62396240234375e-05
delete time:4.363059997558594e-05
delete time:4.553794860839844e-05
delete time:3.314018249511719e-05
delete time:3.0994415283203125e-05
delete time:3.647804260253906e-05
delete time:4.7206878662109375e-05
delete time:3.8623809814453125e-05
delete time:4.982948303222656e-05
delete time:3.4809112548828125e-05
delete time:3.838539123535156e-05
delete time:2.765655517578125e-05
delete time:4.076957702636719e-05
delete time:3.123283386230469e-05
delete time:3.3855438232421875e-05
delete time:4.3392181396484375e-05
delete time:3.7670135498046875e-05
delete time:2.5987625122070312e-05
delete time:3.0279159545898438e-05
delete time:3.361701965332031e-05
delete time:4.0531158447265625e-05
delete time:3.123283386230469e-05
delete time:4.38690185546875e-05
delete time:3.886222839355469e-05
delete time:3.8623809814453125e-05
delete time:4.0531158447265625e-05
delete time:3.314018249511719e-05
delete time:3.7670135498046875e-05
delete time:4.863739013671875e-05
delete time:3.8623809814453125e-05
delete time:2.8371810913085938e-05
delete time:3.123283386230469e-05
delete time:4.291534423828125e-05
delete time:4.744529724121094e-05
delete time:3.600120544433594e-05
delete time:4.291534423828125e-05
delete time:3.910064697265625e-05
delete time:3.075599670410156e-05
delete time:3.3855438232421875e-05
delete time:3.9577484130859375e-05
delete time:2.7894973754882812e-05
delete time:3.8623809814453125e-05
delete time:3.8623809814453125e-05
delete time:3.361701965332031e-05
delete time:3.814697265625e-05
delete time:3.886222839355469e-05
delete time:3.62396240234375e-05
delete time:3.814697265625e-05
delete time:4.4345855712890625e-05
delete time:4.00543212890625e-05
delete time:3.123283386230469e-05
delete time:4.3392181396484375e-05
delete time:4.363059997558594e-05
delete time:3.600120544433594e-05
delete time:3.24249267578125e-05
delete time:2.765655517578125e-05
delete time:3.528594970703125e-05
delete time:3.981590270996094e-05
delete time:4.2438507080078125e-05
delete time:3.4332275390625e-05
delete time:3.6716461181640625e-05
delete time:3.4332275390625e-05
delete time:3.266334533691406e-05
delete time:2.384185791015625e-05
delete time:3.170967102050781e-05
delete time:4.0531158447265625e-05
delete time:2.9087066650390625e-05
delete time:3.4809112548828125e-05
delete time:3.1948089599609375e-05
delete time:4.9591064453125e-05
delete time:3.218650817871094e-05
delete time:4.506111145019531e-05
delete time:3.933906555175781e-05
delete time:4.887580871582031e-05
delete time:2.86102294921875e-05
delete time:3.7670135498046875e-05
delete time:2.86102294921875e-05
delete time:3.7670135498046875e-05
delete time:3.933906555175781e-05
delete time:4.1484832763671875e-05
delete time:3.0517578125e-05
delete time:3.552436828613281e-05
delete time:3.075599670410156e-05
delete time:3.0040740966796875e-05
delete time:3.814697265625e-05
delete time:4.100799560546875e-05
delete time:2.86102294921875e-05
delete time:3.62396240234375e-05
delete time:3.409385681152344e-05
delete time:3.337860107421875e-05
delete time:3.361701965332031e-05
delete time:3.4332275390625e-05
delete time:3.266334533691406e-05
delete time:4.2438507080078125e-05
delete time:3.218650817871094e-05
delete time:3.552436828613281e-05
delete time:4.315376281738281e-05
delete time:3.981590270996094e-05
delete time:3.62396240234375e-05
delete time:2.6702880859375e-05
delete time:3.409385681152344e-05
delete time:3.314018249511719e-05
delete time:2.8133392333984375e-05
delete time:3.886222839355469e-05
delete time:2.6702880859375e-05
delete time:3.981590270996094e-05
delete time:3.719329833984375e-05
delete time:3.3855438232421875e-05
delete time:4.1961669921875e-05
delete time:3.838539123535156e-05
delete time:4.172325134277344e-05
delete time:3.62396240234375e-05
delete time:3.266334533691406e-05
delete time:2.9802322387695312e-05
delete time:3.0517578125e-05
delete time:3.3855438232421875e-05
delete time:4.863739013671875e-05
delete time:3.075599670410156e-05
delete time:3.4332275390625e-05
delete time:3.814697265625e-05
delete time:3.552436828613281e-05
delete time:3.170967102050781e-05
delete time:2.765655517578125e-05
delete time:3.695487976074219e-05
delete time:5.340576171875e-05
delete time:2.09808349609375e-05
delete time:2.6941299438476562e-05
delete time:3.337860107421875e-05
delete time:3.337860107421875e-05
delete time:3.0040740966796875e-05
delete time:3.361701965332031e-05
delete time:3.838539123535156e-05
delete time:3.62396240234375e-05
delete time:2.4318695068359375e-05
delete time:4.315376281738281e-05
delete time:4.029273986816406e-05
delete time:2.9802322387695312e-05
delete time:3.814697265625e-05
delete time:3.3855438232421875e-05
delete time:2.9087066650390625e-05
delete time:3.528594970703125e-05
delete time:3.814697265625e-05
delete time:3.743171691894531e-05
delete time:5.078315734863281e-05
delete time:3.170967102050781e-05
delete time:4.315376281738281e-05
delete time:3.8623809814453125e-05
delete time:3.528594970703125e-05
delete time:4.2438507080078125e-05
delete time:2.956390380859375e-05
delete time:4.2438507080078125e-05
delete time:3.314018249511719e-05
delete time:3.457069396972656e-05
delete time:2.9087066650390625e-05
delete time:2.9325485229492188e-05
delete time:2.6941299438476562e-05
delete time:4.458427429199219e-05
delete time:3.8623809814453125e-05
delete time:2.956390380859375e-05
delete time:4.029273986816406e-05
delete time:3.0517578125e-05
delete time:2.9087066650390625e-05
delete time:3.933906555175781e-05
delete time:4.0531158447265625e-05
delete time:2.8848648071289062e-05
delete time:3.075599670410156e-05
delete time:3.2901763916015625e-05
delete time:3.409385681152344e-05
delete time:3.361701965332031e-05
delete time:3.8623809814453125e-05
delete time:4.076957702636719e-05
delete time:4.172325134277344e-05
delete time:4.649162292480469e-05
delete time:3.24249267578125e-05
delete time:4.00543212890625e-05
delete time:3.552436828613281e-05
delete time:3.337860107421875e-05
delete time:3.719329833984375e-05
delete time:4.4345855712890625e-05
delete time:2.6702880859375e-05
delete time:4.5299530029296875e-05
delete time:3.814697265625e-05
delete time:3.457069396972656e-05
delete time:4.38690185546875e-05
delete time:3.600120544433594e-05
delete time:2.5033950805664062e-05
delete time:4.76837158203125e-05
delete time:3.361701965332031e-05
delete time:3.910064697265625e-05
delete time:3.838539123535156e-05
delete time:4.315376281738281e-05
delete time:3.314018249511719e-05
delete time:3.647804260253906e-05
delete time:4.267692565917969e-05
delete time:4.1961669921875e-05
delete time:2.6941299438476562e-05
delete time:3.266334533691406e-05
delete time:3.0517578125e-05
delete time:3.266334533691406e-05
delete time:3.218650817871094e-05
delete time:3.790855407714844e-05
delete time:4.267692565917969e-05
delete time:3.457069396972656e-05
delete time:3.4332275390625e-05
delete time:3.910064697265625e-05
delete time:4.2438507080078125e-05
delete time:2.6226043701171875e-05
delete time:4.076957702636719e-05
delete time:3.314018249511719e-05
delete time:4.3392181396484375e-05
delete time:4.9114227294921875e-05
delete time:3.170967102050781e-05
delete time:3.0279159545898438e-05
delete time:2.8133392333984375e-05
delete time:3.838539123535156e-05
delete time:4.267692565917969e-05
delete time:3.170967102050781e-05
delete time:3.409385681152344e-05
delete time:3.314018249511719e-05
delete time:3.600120544433594e-05
delete time:3.218650817871094e-05
delete time:3.5762786865234375e-05
delete time:2.86102294921875e-05
delete time:3.838539123535156e-05
delete time:3.7670135498046875e-05
delete time:3.218650817871094e-05
delete time:2.47955322265625e-05
delete time:4.00543212890625e-05
delete time:3.0994415283203125e-05
delete time:3.695487976074219e-05
delete time:3.0040740966796875e-05
delete time:4.2438507080078125e-05
delete time:2.6226043701171875e-05
delete time:2.7418136596679688e-05
delete time:2.8371810913085938e-05
delete time:3.910064697265625e-05
delete time:3.409385681152344e-05
delete time:2.7894973754882812e-05
delete time:3.719329833984375e-05
delete time:4.76837158203125e-05
delete time:3.600120544433594e-05
delete time:3.0517578125e-05
delete time:3.1948089599609375e-05
delete time:4.220008850097656e-05
delete time:3.4332275390625e-05
delete time:3.695487976074219e-05
delete time:5.2928924560546875e-05
delete time:3.0040740966796875e-05
delete time:4.172325134277344e-05
delete time:2.9325485229492188e-05
delete time:3.790855407714844e-05
delete time:4.076957702636719e-05
delete time:3.457069396972656e-05
delete time:4.6253204345703125e-05
delete time:5.173683166503906e-05
delete time:3.814697265625e-05
delete time:4.792213439941406e-05
delete time:4.4345855712890625e-05
delete time:3.6716461181640625e-05
delete time:4.839897155761719e-05
delete time:3.4809112548828125e-05
delete time:3.218650817871094e-05
delete time:2.86102294921875e-05
delete time:4.291534423828125e-05
delete time:3.910064697265625e-05
delete time:4.100799560546875e-05
delete time:2.8371810913085938e-05
delete time:3.2901763916015625e-05
delete time:4.291534423828125e-05
delete time:4.076957702636719e-05
delete time:4.172325134277344e-05
delete time:2.5987625122070312e-05
delete time:3.5762786865234375e-05
delete time:4.315376281738281e-05
delete time:3.790855407714844e-05
delete time:3.409385681152344e-05
delete time:3.3855438232421875e-05
delete time:4.0531158447265625e-05
delete time:2.8371810913085938e-05
delete time:4.029273986816406e-05
delete time:4.076957702636719e-05
delete time:3.4332275390625e-05
delete time:4.6253204345703125e-05
delete time:3.0040740966796875e-05
delete time:3.552436828613281e-05
delete time:2.8371810913085938e-05
delete time:3.1948089599609375e-05
delete time:3.123283386230469e-05
delete time:4.887580871582031e-05
delete time:3.0040740966796875e-05
delete time:2.86102294921875e-05
delete time:4.553794860839844e-05
delete time:2.574920654296875e-05
delete time:3.695487976074219e-05
delete time:3.981590270996094e-05
delete time:3.075599670410156e-05
delete time:3.528594970703125e-05
delete time:4.649162292480469e-05
delete time:3.838539123535156e-05
delete time:3.790855407714844e-05
delete time:3.9577484130859375e-05
delete time:3.4809112548828125e-05
delete time:2.6941299438476562e-05
delete time:3.147125244140625e-05
delete time:3.838539123535156e-05
delete time:4.3392181396484375e-05
delete time:4.601478576660156e-05
delete time:3.0517578125e-05
delete time:3.0279159545898438e-05
delete time:4.696846008300781e-05
delete time:3.910064697265625e-05
delete time:3.933906555175781e-05
delete time:3.2901763916015625e-05
delete time:2.7179718017578125e-05
delete time:3.647804260253906e-05
delete time:3.790855407714844e-05
delete time:4.2438507080078125e-05
delete time:3.314018249511719e-05
delete time:4.1961669921875e-05
delete time:3.647804260253906e-05
delete time:4.3392181396484375e-05
delete time:3.0040740966796875e-05
delete time:3.0279159545898438e-05
delete time:4.410743713378906e-05
delete time:3.600120544433594e-05
delete time:2.6941299438476562e-05
delete time:3.504753112792969e-05
delete time:4.00543212890625e-05
delete time:3.337860107421875e-05
delete time:2.9087066650390625e-05
delete time:2.86102294921875e-05
delete time:2.765655517578125e-05
delete time:3.5762786865234375e-05
delete time:3.552436828613281e-05
delete time:3.0517578125e-05
delete time:4.7206878662109375e-05
delete time:2.956390380859375e-05
delete time:3.886222839355469e-05
delete time:4.029273986816406e-05
delete time:4.410743713378906e-05
delete time:3.4332275390625e-05
delete time:3.7670135498046875e-05
delete time:3.24249267578125e-05
delete time:3.552436828613281e-05
delete time:3.314018249511719e-05
delete time:2.9325485229492188e-05
delete time:3.0279159545898438e-05
delete time:3.743171691894531e-05
delete time:3.361701965332031e-05
delete time:2.2172927856445312e-05
delete time:2.86102294921875e-05
delete time:3.552436828613281e-05
delete time:2.5272369384765625e-05
delete time:4.410743713378906e-05
delete time:3.266334533691406e-05
delete time:3.8623809814453125e-05
delete time:3.600120544433594e-05
delete time:2.5987625122070312e-05
delete time:2.8848648071289062e-05
delete time:3.147125244140625e-05
delete time:4.267692565917969e-05
delete time:3.62396240234375e-05
delete time:3.24249267578125e-05
delete time:3.8623809814453125e-05
delete time:3.337860107421875e-05
delete time:3.314018249511719e-05
delete time:3.0040740966796875e-05
delete time:4.2438507080078125e-05
delete time:2.6226043701171875e-05
delete time:3.0994415283203125e-05
delete time:3.9577484130859375e-05
delete time:5.507469177246094e-05
delete time:3.62396240234375e-05
delete time:3.409385681152344e-05
delete time:3.838539123535156e-05
delete time:2.8371810913085938e-05
delete time:2.8848648071289062e-05
delete time:3.5762786865234375e-05
delete time:3.981590270996094e-05
delete time:2.47955322265625e-05
delete time:2.6702880859375e-05
delete time:3.1948089599609375e-05
delete time:4.029273986816406e-05
delete time:3.0279159545898438e-05
delete time:3.790855407714844e-05
delete time:3.6716461181640625e-05
delete time:3.552436828613281e-05
delete time:3.790855407714844e-05
delete time:3.147125244140625e-05
delete time:3.314018249511719e-05
delete time:2.7418136596679688e-05
delete time:3.719329833984375e-05
delete time:4.172325134277344e-05
delete time:3.1948089599609375e-05
delete time:2.6464462280273438e-05
delete time:3.814697265625e-05
delete time:2.9087066650390625e-05
delete time:4.267692565917969e-05
delete time:4.172325134277344e-05
delete time:3.0517578125e-05
delete time:4.00543212890625e-05
delete time:3.0279159545898438e-05
delete time:3.743171691894531e-05
delete time:3.647804260253906e-05
delete time:3.457069396972656e-05
delete time:3.910064697265625e-05
delete time:3.528594970703125e-05
delete time:3.504753112792969e-05
delete time:2.9325485229492188e-05
delete time:3.314018249511719e-05
delete time:3.790855407714844e-05
delete time:3.8623809814453125e-05
delete time:3.504753112792969e-05
delete time:3.695487976074219e-05
delete time:4.124641418457031e-05
delete time:4.5299530029296875e-05
delete time:3.719329833984375e-05
delete time:3.2901763916015625e-05
delete time:3.266334533691406e-05
delete time:2.6226043701171875e-05
delete time:3.814697265625e-05
delete time:4.410743713378906e-05
delete time:2.47955322265625e-05
delete time:2.86102294921875e-05
delete time:4.4345855712890625e-05
delete time:4.291534423828125e-05
delete time:3.695487976074219e-05
delete time:3.5762786865234375e-05
delete time:3.314018249511719e-05
delete time:2.8133392333984375e-05
delete time:2.2172927856445312e-05
delete time:2.5987625122070312e-05
delete time:3.314018249511719e-05
delete time:3.457069396972656e-05
delete time:3.0517578125e-05
delete time:3.0279159545898438e-05
delete time:3.6716461181640625e-05
delete time:3.552436828613281e-05
delete time:3.1948089599609375e-05
delete time:3.337860107421875e-05
delete time:3.361701965332031e-05
delete time:4.696846008300781e-05
delete time:3.552436828613281e-05
delete time:3.266334533691406e-05
delete time:3.0040740966796875e-05
delete time:3.409385681152344e-05
delete time:2.9325485229492188e-05
delete time:3.0517578125e-05
delete time:3.647804260253906e-05
delete time:4.076957702636719e-05
delete time:3.361701965332031e-05
delete time:3.6716461181640625e-05
delete time:4.4345855712890625e-05
delete time:3.814697265625e-05
delete time:3.075599670410156e-05
delete time:3.0994415283203125e-05
delete time:2.574920654296875e-05
delete time:3.266334533691406e-05
delete time:3.170967102050781e-05
delete time:4.8160552978515625e-05
delete time:3.123283386230469e-05
delete time:2.86102294921875e-05
delete time:4.220008850097656e-05
delete time:2.7894973754882812e-05
delete time:3.361701965332031e-05
delete time:2.7894973754882812e-05
delete time:2.7894973754882812e-05
delete time:2.86102294921875e-05
delete time:3.0994415283203125e-05
delete time:2.8848648071289062e-05
delete time:3.552436828613281e-05
delete time:3.504753112792969e-05
delete time:2.765655517578125e-05
delete time:3.1948089599609375e-05
delete time:3.0517578125e-05
delete time:4.315376281738281e-05
delete time:3.0517578125e-05
delete time:3.62396240234375e-05
delete time:2.9087066650390625e-05
delete time:3.933906555175781e-05
delete time:2.4557113647460938e-05
delete time:3.790855407714844e-05
delete time:3.409385681152344e-05
delete time:3.5762786865234375e-05
delete time:4.124641418457031e-05
delete time:2.5987625122070312e-05
delete time:2.7179718017578125e-05
delete time:4.2438507080078125e-05
delete time:3.647804260253906e-05
delete time:3.8623809814453125e-05
delete time:4.410743713378906e-05
delete time:3.1948089599609375e-05
delete time:4.5299530029296875e-05
delete time:2.956390380859375e-05
delete time:3.314018249511719e-05
delete time:3.62396240234375e-05
delete time:2.6941299438476562e-05
delete time:4.6253204345703125e-05
delete time:3.218650817871094e-05
delete time:2.574920654296875e-05
delete time:3.504753112792969e-05
delete time:3.3855438232421875e-05
delete time:4.5299530029296875e-05
delete time:4.3392181396484375e-05
delete time:3.647804260253906e-05
delete time:3.314018249511719e-05
delete time:3.790855407714844e-05
delete time:3.9577484130859375e-05
delete time:2.8133392333984375e-05
delete time:3.218650817871094e-05
delete time:3.552436828613281e-05
delete time:3.528594970703125e-05
delete time:2.6702880859375e-05
delete time:3.457069396972656e-05
delete time:3.147125244140625e-05
delete time:3.24249267578125e-05
delete time:2.47955322265625e-05
delete time:2.8371810913085938e-05
delete time:3.0040740966796875e-05
delete time:2.9325485229492188e-05
delete time:3.147125244140625e-05
delete time:3.0279159545898438e-05
delete time:3.266334533691406e-05
delete time:3.933906555175781e-05
delete time:3.075599670410156e-05
delete time:3.4809112548828125e-05
delete time:3.457069396972656e-05
delete time:3.123283386230469e-05
delete time:3.933906555175781e-05
delete time:2.6941299438476562e-05
delete time:3.719329833984375e-05
delete time:3.4809112548828125e-05
delete time:3.314018249511719e-05
delete time:3.0279159545898438e-05
delete time:3.4809112548828125e-05
delete time:3.147125244140625e-05
delete time:3.647804260253906e-05
delete time:2.47955322265625e-05
delete time:3.981590270996094e-05
delete time:3.4332275390625e-05
delete time:3.266334533691406e-05
delete time:3.886222839355469e-05
delete time:4.4345855712890625e-05
delete time:3.552436828613281e-05
delete time:4.2438507080078125e-05
delete time:2.956390380859375e-05
delete time:4.649162292480469e-05
delete time:3.504753112792969e-05
delete time:3.0279159545898438e-05
delete time:2.9087066650390625e-05
delete time:2.7418136596679688e-05
delete time:3.7670135498046875e-05
delete time:3.0279159545898438e-05
delete time:4.029273986816406e-05
delete time:2.956390380859375e-05
delete time:2.8848648071289062e-05
delete time:2.8133392333984375e-05
delete time:3.933906555175781e-05
delete time:2.9325485229492188e-05
delete time:3.409385681152344e-05
delete time:2.956390380859375e-05
delete time:2.86102294921875e-05
delete time:3.123283386230469e-05
delete time:4.291534423828125e-05
delete time:3.0994415283203125e-05
delete time:3.981590270996094e-05
delete time:3.361701965332031e-05
delete time:3.123283386230469e-05
delete time:3.1948089599609375e-05
delete time:2.765655517578125e-05
delete time:3.743171691894531e-05
delete time:2.6464462280273438e-05
delete time:4.4345855712890625e-05
delete time:3.719329833984375e-05
delete time:3.5762786865234375e-05
delete time:3.600120544433594e-05
delete time:3.719329833984375e-05
delete time:4.0531158447265625e-05
delete time:4.5299530029296875e-05
delete time:3.647804260253906e-05
delete time:3.4332275390625e-05
delete time:3.6716461181640625e-05
delete time:2.7179718017578125e-05
delete time:3.0279159545898438e-05
delete time:3.8623809814453125e-05
delete time:3.0040740966796875e-05
delete time:2.5510787963867188e-05
delete time:2.7894973754882812e-05
delete time:3.9577484130859375e-05
delete time:2.9325485229492188e-05
delete time:3.0517578125e-05
delete time:4.1961669921875e-05
delete time:3.933906555175781e-05
delete time:3.123283386230469e-05
delete time:3.0040740966796875e-05
delete time:3.24249267578125e-05
delete time:3.2901763916015625e-05
delete time:4.38690185546875e-05
delete time:3.8623809814453125e-05
delete time:3.218650817871094e-05
delete time:4.744529724121094e-05
delete time:3.600120544433594e-05
delete time:2.9087066650390625e-05
delete time:3.695487976074219e-05
delete time:3.504753112792969e-05
delete time:2.956390380859375e-05
delete time:4.2438507080078125e-05
delete time:3.24249267578125e-05
delete time:2.7894973754882812e-05
delete time:3.504753112792969e-05
delete time:4.410743713378906e-05
delete time:3.695487976074219e-05
delete time:2.5272369384765625e-05
delete time:3.0279159545898438e-05
delete time:3.218650817871094e-05
delete time:3.504753112792969e-05
delete time:3.0040740966796875e-05
delete time:3.3855438232421875e-05
delete time:2.5510787963867188e-05
delete time:1.9311904907226562e-05
delete time:4.3392181396484375e-05
delete time:3.409385681152344e-05
delete time:3.62396240234375e-05
delete time:2.9802322387695312e-05
delete time:2.7179718017578125e-05
delete time:3.218650817871094e-05
delete time:2.7894973754882812e-05
delete time:3.5762786865234375e-05
delete time:2.9325485229492188e-05
delete time:3.4332275390625e-05
delete time:2.9087066650390625e-05
delete time:3.1948089599609375e-05
delete time:3.981590270996094e-05
delete time:3.0279159545898438e-05
delete time:3.838539123535156e-05
delete time:2.8848648071289062e-05
delete time:2.9087066650390625e-05
delete time:3.314018249511719e-05
delete time:3.0279159545898438e-05
delete time:3.314018249511719e-05
delete time:3.838539123535156e-05
delete time:3.8623809814453125e-05
delete time:3.075599670410156e-05
delete time:2.6702880859375e-05
delete time:3.266334533691406e-05
delete time:3.075599670410156e-05
delete time:3.528594970703125e-05
delete time:3.0994415283203125e-05
delete time:2.7418136596679688e-05
delete time:2.9087066650390625e-05
delete time:4.8160552978515625e-05
delete time:1.2636184692382812e-05
delete time:3.5762786865234375e-05
delete time:3.528594970703125e-05
delete time:3.504753112792969e-05
delete time:3.409385681152344e-05
delete time:3.457069396972656e-05
delete time:3.552436828613281e-05
delete time:3.910064697265625e-05
delete time:3.981590270996094e-05
delete time:3.62396240234375e-05
delete time:3.695487976074219e-05
delete time:4.863739013671875e-05
delete time:4.410743713378906e-05
delete time:3.838539123535156e-05
delete time:2.9325485229492188e-05
delete time:3.910064697265625e-05
delete time:2.7179718017578125e-05
delete time:4.9114227294921875e-05
delete time:4.744529724121094e-05
delete time:4.00543212890625e-05
delete time:4.076957702636719e-05
delete time:3.0994415283203125e-05
delete time:2.86102294921875e-05
delete time:3.7670135498046875e-05
delete time:3.528594970703125e-05
delete time:3.552436828613281e-05
delete time:3.4809112548828125e-05
delete time:3.7670135498046875e-05
delete time:3.218650817871094e-05
delete time:3.981590270996094e-05
delete time:2.5987625122070312e-05
delete time:2.765655517578125e-05
delete time:3.910064697265625e-05
delete time:2.2172927856445312e-05
delete time:3.337860107421875e-05
delete time:3.218650817871094e-05
delete time:3.24249267578125e-05
delete time:3.552436828613281e-05
delete time:4.029273986816406e-05
delete time:4.0531158447265625e-05
delete time:3.0994415283203125e-05
delete time:4.220008850097656e-05
delete time:2.9087066650390625e-05
delete time:2.765655517578125e-05
delete time:3.838539123535156e-05
delete time:3.314018249511719e-05
delete time:3.814697265625e-05
delete time:3.719329833984375e-05
delete time:3.6716461181640625e-05
delete time:3.4332275390625e-05
delete time:3.552436828613281e-05
delete time:2.6941299438476562e-05
delete time:3.7670135498046875e-05
delete time:3.4332275390625e-05
delete time:4.0531158447265625e-05
delete time:3.600120544433594e-05
delete time:3.361701965332031e-05
delete time:3.2901763916015625e-05
delete time:3.266334533691406e-05
delete time:3.266334533691406e-05
delete time:3.5762786865234375e-05
delete time:2.6941299438476562e-05
delete time:2.9087066650390625e-05
delete time:3.528594970703125e-05
delete time:2.8848648071289062e-05
delete time:3.910064697265625e-05
delete time:3.266334533691406e-05
delete time:2.6702880859375e-05
delete time:3.314018249511719e-05
delete time:4.363059997558594e-05
delete time:2.9325485229492188e-05
delete time:3.695487976074219e-05
delete time:3.314018249511719e-05
delete time:2.6702880859375e-05
delete time:3.170967102050781e-05
delete time:3.719329833984375e-05
delete time:2.9325485229492188e-05
delete time:3.981590270996094e-05
delete time:2.765655517578125e-05
delete time:3.337860107421875e-05
delete time:4.1484832763671875e-05
delete time:3.8623809814453125e-05
delete time:3.075599670410156e-05
delete time:3.123283386230469e-05
delete time:2.9325485229492188e-05
delete time:3.647804260253906e-05
delete time:4.482269287109375e-05
delete time:3.3855438232421875e-05
delete time:3.409385681152344e-05
delete time:3.647804260253906e-05
delete time:3.337860107421875e-05
delete time:3.814697265625e-05
delete time:3.337860107421875e-05
delete time:2.384185791015625e-05
delete time:4.0531158447265625e-05
delete time:3.6716461181640625e-05
delete time:3.123283386230469e-05
delete time:2.6464462280273438e-05
delete time:3.0279159545898438e-05
delete time:2.6941299438476562e-05
delete time:4.506111145019531e-05
delete time:3.647804260253906e-05
delete time:2.9802322387695312e-05
delete time:3.409385681152344e-05
delete time:2.4080276489257812e-05
delete time:4.220008850097656e-05
delete time:2.86102294921875e-05
delete time:3.2901763916015625e-05
delete time:3.2901763916015625e-05
delete time:3.981590270996094e-05
delete time:4.57763671875e-05
delete time:3.743171691894531e-05
delete time:3.147125244140625e-05
delete time:4.6253204345703125e-05
delete time:3.0994415283203125e-05
delete time:2.9087066650390625e-05
delete time:3.075599670410156e-05
delete time:3.933906555175781e-05
delete time:3.790855407714844e-05
delete time:3.695487976074219e-05
delete time:3.24249267578125e-05
delete time:3.0994415283203125e-05
delete time:4.553794860839844e-05
delete time:2.6702880859375e-05
delete time:2.47955322265625e-05
delete time:3.123283386230469e-05
delete time:3.0517578125e-05
delete time:3.5762786865234375e-05
delete time:3.4809112548828125e-05
delete time:3.457069396972656e-05
delete time:2.765655517578125e-05
delete time:3.170967102050781e-05
delete time:3.361701965332031e-05
delete time:3.2901763916015625e-05
delete time:4.506111145019531e-05
delete time:3.314018249511719e-05
delete time:2.765655517578125e-05
delete time:3.170967102050781e-05
delete time:2.574920654296875e-05
delete time:3.24249267578125e-05
delete time:2.9325485229492188e-05
delete time:3.0040740966796875e-05
delete time:5.173683166503906e-05
delete time:3.0517578125e-05
delete time:2.6941299438476562e-05
delete time:5.125999450683594e-05
delete time:2.384185791015625e-05
delete time:4.220008850097656e-05
delete time:2.6226043701171875e-05
delete time:3.4332275390625e-05
delete time:2.7418136596679688e-05
delete time:2.2411346435546875e-05
delete time:3.552436828613281e-05
delete time:2.2411346435546875e-05
delete time:4.1484832763671875e-05
delete time:3.123283386230469e-05
delete time:4.00543212890625e-05
delete time:3.0517578125e-05
delete time:3.1948089599609375e-05
delete time:2.9802322387695312e-05
delete time:4.0531158447265625e-05
delete time:3.123283386230469e-05
delete time:2.9325485229492188e-05
delete time:4.124641418457031e-05
delete time:3.123283386230469e-05
delete time:2.8133392333984375e-05
delete time:2.5510787963867188e-05
delete time:3.0517578125e-05
delete time:2.8371810913085938e-05
delete time:3.8623809814453125e-05
delete time:3.0040740966796875e-05
delete time:3.814697265625e-05
delete time:4.363059997558594e-05
delete time:2.7894973754882812e-05
delete time:2.6226043701171875e-05
delete time:4.124641418457031e-05
delete time:2.4318695068359375e-05
delete time:3.814697265625e-05
delete time:4.7206878662109375e-05
delete time:3.62396240234375e-05
delete time:4.76837158203125e-05
delete time:4.076957702636719e-05
delete time:3.4332275390625e-05
delete time:2.6941299438476562e-05
delete time:3.337860107421875e-05
delete time:3.5762786865234375e-05
delete time:3.981590270996094e-05
delete time:3.6716461181640625e-05
delete time:2.7418136596679688e-05
delete time:2.7894973754882812e-05
delete time:2.86102294921875e-05
delete time:2.2649765014648438e-05
delete time:2.9325485229492188e-05
delete time:2.0742416381835938e-05
delete time:3.528594970703125e-05
delete time:3.552436828613281e-05
delete time:4.887580871582031e-05
delete time:2.8371810913085938e-05
delete time:3.4332275390625e-05
delete time:3.814697265625e-05
delete time:2.7418136596679688e-05
delete time:4.124641418457031e-05
delete time:3.123283386230469e-05
delete time:3.218650817871094e-05
delete time:4.172325134277344e-05
delete time:4.0531158447265625e-05
delete time:2.765655517578125e-05
delete time:3.218650817871094e-05
delete time:4.673004150390625e-05
delete time:2.3603439331054688e-05
delete time:2.4080276489257812e-05
delete time:3.170967102050781e-05
delete time:3.0517578125e-05
delete time:2.765655517578125e-05
delete time:1.7404556274414062e-05
delete time:2.8133392333984375e-05
delete time:3.123283386230469e-05
delete time:3.6716461181640625e-05
delete time:2.8848648071289062e-05
delete time:3.790855407714844e-05
delete time:1.5497207641601562e-05
delete time:3.0517578125e-05
delete time:4.458427429199219e-05
delete time:3.0994415283203125e-05
delete time:2.5272369384765625e-05
delete time:3.0994415283203125e-05
delete time:3.314018249511719e-05
delete time:3.1948089599609375e-05
delete time:4.2438507080078125e-05
delete time:2.6702880859375e-05
delete time:4.291534423828125e-05
delete time:3.981590270996094e-05
delete time:3.910064697265625e-05
delete time:4.887580871582031e-05
delete time:3.2901763916015625e-05
delete time:2.4080276489257812e-05
delete time:3.218650817871094e-05
delete time:3.910064697265625e-05
delete time:3.838539123535156e-05
delete time:3.0517578125e-05
delete time:2.2411346435546875e-05
delete time:5.078315734863281e-05
delete time:4.220008850097656e-05
delete time:3.600120544433594e-05
delete time:2.6941299438476562e-05
delete time:3.981590270996094e-05
delete time:3.0040740966796875e-05
delete time:2.4080276489257812e-05
delete time:2.9325485229492188e-05
delete time:4.029273986816406e-05
delete time:4.076957702636719e-05
delete time:3.4332275390625e-05
delete time:3.3855438232421875e-05
delete time:3.504753112792969e-05
delete time:3.075599670410156e-05
delete time:3.147125244140625e-05
delete time:2.765655517578125e-05
delete time:3.1948089599609375e-05
delete time:3.361701965332031e-05
delete time:2.9325485229492188e-05
delete time:2.9802322387695312e-05
delete time:3.266334533691406e-05
delete time:3.170967102050781e-05
delete time:3.504753112792969e-05
delete time:2.574920654296875e-05
delete time:3.170967102050781e-05
delete time:3.504753112792969e-05
delete time:2.6464462280273438e-05
delete time:2.193450927734375e-05
delete time:4.887580871582031e-05
delete time:2.86102294921875e-05
delete time:3.886222839355469e-05
delete time:3.528594970703125e-05
delete time:3.4332275390625e-05
delete time:2.7894973754882812e-05
delete time:3.910064697265625e-05
delete time:4.887580871582031e-05
delete time:2.8133392333984375e-05
delete time:3.123283386230469e-05
delete time:2.8133392333984375e-05
delete time:2.1457672119140625e-05
delete time:3.0517578125e-05
delete time:2.8371810913085938e-05
delete time:3.886222839355469e-05
delete time:2.5510787963867188e-05
delete time:3.170967102050781e-05
delete time:3.0040740966796875e-05
delete time:4.0531158447265625e-05
delete time:2.86102294921875e-05
delete time:2.384185791015625e-05
delete time:3.266334533691406e-05
delete time:3.0517578125e-05
delete time:2.4318695068359375e-05
delete time:3.886222839355469e-05
delete time:3.814697265625e-05
delete time:2.9802322387695312e-05
delete time:3.552436828613281e-05
delete time:2.5987625122070312e-05
delete time:4.601478576660156e-05
delete time:2.6941299438476562e-05
delete time:3.743171691894531e-05
delete time:3.0517578125e-05
delete time:4.363059997558594e-05
delete time:3.266334533691406e-05
delete time:3.9577484130859375e-05
delete time:3.218650817871094e-05
delete time:3.361701965332031e-05
delete time:3.314018249511719e-05
delete time:3.7670135498046875e-05
delete time:4.935264587402344e-05
delete time:3.600120544433594e-05
delete time:2.7179718017578125e-05
delete time:4.124641418457031e-05
delete time:3.314018249511719e-05
delete time:1.2636184692382812e-05
delete time:2.6941299438476562e-05
delete time:3.5762786865234375e-05
delete time:3.266334533691406e-05
delete time:2.6702880859375e-05
delete time:3.4332275390625e-05
delete time:3.528594970703125e-05
delete time:3.0279159545898438e-05
delete time:3.9577484130859375e-05
delete time:2.7418136596679688e-05
delete time:3.075599670410156e-05
delete time:4.267692565917969e-05
delete time:3.1948089599609375e-05
delete time:3.933906555175781e-05
delete time:3.743171691894531e-05
delete time:4.410743713378906e-05
delete time:2.5272369384765625e-05
delete time:3.4809112548828125e-05
delete time:4.673004150390625e-05
delete time:2.5272369384765625e-05
delete time:2.5510787963867188e-05
delete time:2.1219253540039062e-05
delete time:3.123283386230469e-05
delete time:3.337860107421875e-05
delete time:2.5510787963867188e-05
delete time:2.7179718017578125e-05
delete time:3.4809112548828125e-05
delete time:3.743171691894531e-05
delete time:4.00543212890625e-05
delete time:2.5033950805664062e-05
delete time:3.8623809814453125e-05
delete time:2.7894973754882812e-05
delete time:4.506111145019531e-05
delete time:5.507469177246094e-05
delete time:3.838539123535156e-05
delete time:2.3365020751953125e-05
delete time:2.3603439331054688e-05
delete time:3.457069396972656e-05
delete time:2.956390380859375e-05
delete time:3.147125244140625e-05
delete time:3.695487976074219e-05
delete time:3.814697265625e-05
delete time:3.886222839355469e-05
delete time:3.0040740966796875e-05
delete time:2.956390380859375e-05
delete time:4.506111145019531e-05
delete time:3.123283386230469e-05
delete time:4.76837158203125e-05
delete time:3.361701965332031e-05
delete time:2.9325485229492188e-05
delete time:3.695487976074219e-05
delete time:3.337860107421875e-05
delete time:2.574920654296875e-05
delete time:3.147125244140625e-05
delete time:4.6253204345703125e-05
delete time:2.7418136596679688e-05
delete time:2.1219253540039062e-05
delete time:3.838539123535156e-05
delete time:2.7179718017578125e-05
delete time:2.1457672119140625e-05
delete time:4.172325134277344e-05
delete time:3.600120544433594e-05
delete time:2.9087066650390625e-05
delete time:3.647804260253906e-05
delete time:4.00543212890625e-05
delete time:3.719329833984375e-05
delete time:2.8133392333984375e-05
delete time:4.076957702636719e-05
delete time:3.8623809814453125e-05
delete time:3.266334533691406e-05
delete time:2.288818359375e-05
delete time:2.5272369384765625e-05
delete time:2.0265579223632812e-05
delete time:2.6702880859375e-05
delete time:3.62396240234375e-05
delete time:4.57763671875e-05
delete time:4.220008850097656e-05
delete time:4.2438507080078125e-05
delete time:4.3392181396484375e-05
delete time:2.8371810913085938e-05
delete time:2.8371810913085938e-05
delete time:2.6226043701171875e-05
delete time:3.552436828613281e-05
delete time:2.9802322387695312e-05
delete time:2.1457672119140625e-05
delete time:2.9087066650390625e-05
delete time:4.1484832763671875e-05
delete time:3.981590270996094e-05
delete time:2.4080276489257812e-05
delete time:3.933906555175781e-05
delete time:3.24249267578125e-05
delete time:3.0517578125e-05
delete time:3.5762786865234375e-05
delete time:3.600120544433594e-05
delete time:3.337860107421875e-05
delete time:2.8848648071289062e-05
delete time:2.9087066650390625e-05
delete time:4.863739013671875e-05
delete time:3.6716461181640625e-05
delete time:2.5510787963867188e-05
delete time:3.600120544433594e-05
delete time:2.7894973754882812e-05
delete time:3.075599670410156e-05
delete time:3.8623809814453125e-05
delete time:3.123283386230469e-05
delete time:5.245208740234375e-05
delete time:3.5762786865234375e-05
delete time:1.9550323486328125e-05
delete time:3.337860107421875e-05
delete time:2.0503997802734375e-05
delete time:2.6226043701171875e-05
delete time:3.7670135498046875e-05
delete time:3.743171691894531e-05
delete time:3.647804260253906e-05
delete time:2.7179718017578125e-05
delete time:2.8133392333984375e-05
delete time:3.0517578125e-05
delete time:4.00543212890625e-05
delete time:3.62396240234375e-05
delete time:3.314018249511719e-05
delete time:3.0040740966796875e-05
delete time:3.24249267578125e-05
delete time:3.4809112548828125e-05
delete time:3.743171691894531e-05
delete time:3.981590270996094e-05
delete time:3.4809112548828125e-05
delete time:3.1948089599609375e-05
delete time:2.6941299438476562e-05
delete time:3.314018249511719e-05
delete time:3.361701965332031e-05
delete time:3.981590270996094e-05
delete time:2.5272369384765625e-05
delete time:3.647804260253906e-05
delete time:4.744529724121094e-05
delete time:5.0067901611328125e-05
delete time:4.3392181396484375e-05
delete time:4.7206878662109375e-05
delete time:4.076957702636719e-05
delete time:4.267692565917969e-05
delete time:2.193450927734375e-05
delete time:3.504753112792969e-05
delete time:2.09808349609375e-05
delete time:3.337860107421875e-05
delete time:3.552436828613281e-05
delete time:3.9577484130859375e-05
delete time:4.1484832763671875e-05
delete time:4.3392181396484375e-05
delete time:2.4318695068359375e-05
delete time:3.5762786865234375e-05
delete time:3.075599670410156e-05
delete time:3.457069396972656e-05
delete time:2.956390380859375e-05
delete time:3.314018249511719e-05
delete time:2.09808349609375e-05
delete time:2.6941299438476562e-05
delete time:3.600120544433594e-05
delete time:3.9577484130859375e-05
delete time:3.314018249511719e-05
delete time:2.574920654296875e-05
delete time:3.266334533691406e-05
delete time:3.695487976074219e-05
delete time:3.1948089599609375e-05
delete time:2.5272369384765625e-05
delete time:3.0040740966796875e-05
delete time:3.170967102050781e-05
delete time:3.719329833984375e-05
delete time:3.3855438232421875e-05
delete time:3.337860107421875e-05
delete time:3.266334533691406e-05
delete time:3.147125244140625e-05
delete time:3.838539123535156e-05
delete time:2.9325485229492188e-05
delete time:2.1696090698242188e-05
delete time:3.7670135498046875e-05
delete time:4.315376281738281e-05
delete time:3.1948089599609375e-05
delete time:2.1219253540039062e-05
delete time:2.384185791015625e-05
delete time:3.0279159545898438e-05
delete time:4.458427429199219e-05
delete time:4.863739013671875e-05
delete time:3.3855438232421875e-05
delete time:4.1484832763671875e-05
delete time:2.2172927856445312e-05
delete time:4.3392181396484375e-05
delete time:2.2411346435546875e-05
delete time:3.123283386230469e-05
delete time:3.504753112792969e-05
delete time:3.314018249511719e-05
delete time:2.7894973754882812e-05
delete time:4.1961669921875e-05
delete time:3.0279159545898438e-05
delete time:2.4080276489257812e-05
delete time:4.410743713378906e-05
delete time:3.457069396972656e-05
delete time:3.0040740966796875e-05
delete time:2.9087066650390625e-05
delete time:3.337860107421875e-05
delete time:3.457069396972656e-05
delete time:2.86102294921875e-05
delete time:3.5762786865234375e-05
delete time:2.9087066650390625e-05
delete time:3.933906555175781e-05
delete time:4.315376281738281e-05
delete time:2.6941299438476562e-05
delete time:3.838539123535156e-05
delete time:4.4345855712890625e-05
delete time:4.5299530029296875e-05
delete time:2.8133392333984375e-05
delete time:2.7418136596679688e-05
delete time:4.601478576660156e-05
delete time:3.0517578125e-05
delete time:3.170967102050781e-05
delete time:2.4318695068359375e-05
delete time:2.4318695068359375e-05
delete time:3.3855438232421875e-05
delete time:2.8371810913085938e-05
delete time:4.601478576660156e-05
delete time:3.790855407714844e-05
delete time:3.457069396972656e-05
delete time:4.4345855712890625e-05
delete time:3.218650817871094e-05
delete time:2.8848648071289062e-05
delete time:2.8848648071289062e-05
delete time:3.361701965332031e-05
delete time:3.8623809814453125e-05
delete time:3.0040740966796875e-05
delete time:2.9325485229492188e-05
delete time:2.8848648071289062e-05
delete time:3.266334533691406e-05
delete time:4.0531158447265625e-05
delete time:3.552436828613281e-05
delete time:3.528594970703125e-05
delete time:2.6702880859375e-05
delete time:3.62396240234375e-05
delete time:3.1948089599609375e-05
delete time:2.8371810913085938e-05
delete time:2.0503997802734375e-05
delete time:3.409385681152344e-05
delete time:2.1457672119140625e-05
delete time:4.57763671875e-05
delete time:3.62396240234375e-05
delete time:3.814697265625e-05
delete time:3.218650817871094e-05
delete time:4.4345855712890625e-05
delete time:3.1948089599609375e-05
delete time:1.811981201171875e-05
delete time:4.2438507080078125e-05
delete time:4.506111145019531e-05
delete time:3.9577484130859375e-05
delete time:2.3126602172851562e-05
delete time:4.124641418457031e-05
delete time:2.6702880859375e-05
delete time:3.9577484130859375e-05
delete time:3.695487976074219e-05
delete time:3.552436828613281e-05
delete time:3.24249267578125e-05
delete time:3.0994415283203125e-05
delete time:2.4557113647460938e-05
delete time:4.291534423828125e-05
delete time:2.765655517578125e-05
delete time:3.647804260253906e-05
delete time:4.458427429199219e-05
delete time:2.4318695068359375e-05
delete time:3.409385681152344e-05
delete time:3.457069396972656e-05
delete time:2.8371810913085938e-05
delete time:3.0279159545898438e-05
delete time:2.1457672119140625e-05
delete time:3.0040740966796875e-05
delete time:2.384185791015625e-05
delete time:4.9591064453125e-05
delete time:3.170967102050781e-05
delete time:3.0517578125e-05
delete time:3.0040740966796875e-05
delete time:4.076957702636719e-05
delete time:3.600120544433594e-05
delete time:3.24249267578125e-05
delete time:3.0040740966796875e-05
delete time:3.814697265625e-05
delete time:3.123283386230469e-05
delete time:3.7670135498046875e-05
delete time:3.1948089599609375e-05
delete time:4.220008850097656e-05
delete time:2.6702880859375e-05
delete time:2.7418136596679688e-05
delete time:2.5510787963867188e-05
delete time:3.504753112792969e-05
delete time:2.3126602172851562e-05
delete time:3.743171691894531e-05
delete time:3.790855407714844e-05
delete time:2.2172927856445312e-05
delete time:3.3855438232421875e-05
delete time:2.574920654296875e-05
delete time:2.0742416381835938e-05
delete time:3.266334533691406e-05
delete time:3.933906555175781e-05
delete time:3.790855407714844e-05
delete time:3.218650817871094e-05
delete time:2.5510787963867188e-05
delete time:2.956390380859375e-05
delete time:2.2649765014648438e-05
delete time:2.2649765014648438e-05
delete time:3.886222839355469e-05
delete time:2.3603439331054688e-05
delete time:3.647804260253906e-05
delete time:2.0503997802734375e-05
delete time:2.6464462280273438e-05
delete time:2.8133392333984375e-05
delete time:3.4332275390625e-05
delete time:2.86102294921875e-05
delete time:3.552436828613281e-05
delete time:3.7670135498046875e-05
delete time:3.337860107421875e-05
delete time:1.9311904907226562e-05
delete time:3.5762786865234375e-05
delete time:3.218650817871094e-05
delete time:4.76837158203125e-05
delete time:3.314018249511719e-05
delete time:2.6941299438476562e-05
delete time:2.7894973754882812e-05
delete time:3.981590270996094e-05
delete time:3.4809112548828125e-05
delete time:3.0040740966796875e-05
delete time:2.4080276489257812e-05
delete time:3.838539123535156e-05
delete time:3.838539123535156e-05
delete time:3.7670135498046875e-05
delete time:2.8848648071289062e-05
delete time:3.814697265625e-05
delete time:3.6716461181640625e-05
delete time:4.410743713378906e-05
delete time:4.076957702636719e-05
delete time:4.00543212890625e-05
delete time:3.409385681152344e-05
delete time:3.7670135498046875e-05
delete time:3.123283386230469e-05
delete time:6.270408630371094e-05
delete time:3.075599670410156e-05
delete time:3.075599670410156e-05
delete time:3.361701965332031e-05
delete time:3.647804260253906e-05
delete time:3.886222839355469e-05
delete time:2.6941299438476562e-05
delete time:3.981590270996094e-05
delete time:3.1948089599609375e-05
delete time:3.314018249511719e-05
delete time:4.100799560546875e-05
delete time:2.8371810913085938e-05
delete time:4.029273986816406e-05
delete time:5.078315734863281e-05
delete time:4.124641418457031e-05
delete time:4.100799560546875e-05
delete time:3.2901763916015625e-05
delete time:3.647804260253906e-05
delete time:2.7894973754882812e-05
delete time:3.075599670410156e-05
delete time:3.910064697265625e-05
delete time:3.62396240234375e-05
delete time:3.552436828613281e-05
delete time:2.9802322387695312e-05
delete time:3.552436828613281e-05
delete time:2.86102294921875e-05
delete time:3.0994415283203125e-05
delete time:2.765655517578125e-05
delete time:3.2901763916015625e-05
delete time:4.220008850097656e-05
delete time:3.0279159545898438e-05
delete time:3.075599670410156e-05
delete time:3.170967102050781e-05
delete time:2.9087066650390625e-05
delete time:2.6226043701171875e-05
delete time:4.506111145019531e-05
delete time:2.8848648071289062e-05
delete time:3.719329833984375e-05
delete time:2.8848648071289062e-05
delete time:2.0265579223632812e-05
delete time:2.8848648071289062e-05
delete time:5.078315734863281e-05
delete time:3.600120544433594e-05
delete time:1.9311904907226562e-05
delete time:3.719329833984375e-05
delete time:1.9311904907226562e-05
delete time:3.314018249511719e-05
delete time:1.8358230590820312e-05
delete time:2.9325485229492188e-05
delete time:3.504753112792969e-05
delete time:3.4332275390625e-05
delete time:3.075599670410156e-05
delete time:2.5987625122070312e-05
delete time:2.9087066650390625e-05
delete time:3.0040740966796875e-05
delete time:3.337860107421875e-05
delete time:2.8371810913085938e-05
delete time:4.2438507080078125e-05
delete time:2.8133392333984375e-05
delete time:3.409385681152344e-05
delete time:3.552436828613281e-05
delete time:4.00543212890625e-05
delete time:2.6702880859375e-05
delete time:2.8848648071289062e-05
delete time:3.147125244140625e-05
delete time:3.4809112548828125e-05
delete time:2.6941299438476562e-05
delete time:3.9577484130859375e-05
delete time:2.9802322387695312e-05
delete time:2.7179718017578125e-05
delete time:3.0279159545898438e-05
delete time:2.47955322265625e-05
delete time:5.1021575927734375e-05
delete time:3.147125244140625e-05
delete time:3.552436828613281e-05
delete time:3.933906555175781e-05
delete time:2.956390380859375e-05
delete time:3.600120544433594e-05
delete time:3.337860107421875e-05
delete time:1.8835067749023438e-05
delete time:3.695487976074219e-05
delete time:2.956390380859375e-05
delete time:4.00543212890625e-05
delete time:2.6226043701171875e-05
delete time:3.695487976074219e-05
delete time:2.6464462280273438e-05
delete time:3.0994415283203125e-05
delete time:2.7894973754882812e-05
delete time:4.696846008300781e-05
delete time:1.8835067749023438e-05
delete time:2.6941299438476562e-05
delete time:3.266334533691406e-05
delete time:3.2901763916015625e-05
delete time:2.6702880859375e-05
delete time:2.9802322387695312e-05
delete time:2.5510787963867188e-05
delete time:2.7894973754882812e-05
delete time:4.2438507080078125e-05
delete time:2.8133392333984375e-05
delete time:3.0517578125e-05
delete time:3.0994415283203125e-05
delete time:2.2411346435546875e-05
delete time:3.123283386230469e-05
delete time:2.956390380859375e-05
delete time:3.790855407714844e-05
delete time:3.123283386230469e-05
delete time:4.1961669921875e-05
delete time:2.8133392333984375e-05
delete time:5.5789947509765625e-05
delete time:1.6689300537109375e-05
delete time:3.123283386230469e-05
delete time:2.8133392333984375e-05
delete time:3.1948089599609375e-05
delete time:3.266334533691406e-05
delete time:3.600120544433594e-05
delete time:4.744529724121094e-05
delete time:1.6927719116210938e-05
delete time:3.314018249511719e-05
delete time:3.409385681152344e-05
delete time:4.029273986816406e-05
delete time:3.695487976074219e-05
delete time:2.6464462280273438e-05
delete time:2.7894973754882812e-05
delete time:3.1948089599609375e-05
delete time:3.266334533691406e-05
delete time:3.8623809814453125e-05
delete time:3.8623809814453125e-05
delete time:4.315376281738281e-05
delete time:2.2649765014648438e-05
delete time:3.361701965332031e-05
delete time:4.2438507080078125e-05
delete time:2.8848648071289062e-05
delete time:3.9577484130859375e-05
delete time:2.2649765014648438e-05
delete time:1.9073486328125e-05
delete time:2.9802322387695312e-05
delete time:3.24249267578125e-05
delete time:1.6450881958007812e-05
delete time:2.9325485229492188e-05
delete time:2.6941299438476562e-05
delete time:2.1696090698242188e-05
delete time:3.600120544433594e-05
delete time:2.5510787963867188e-05
delete time:3.981590270996094e-05
delete time:4.1961669921875e-05
delete time:2.7894973754882812e-05
delete time:2.3126602172851562e-05
delete time:2.765655517578125e-05
delete time:2.4557113647460938e-05
delete time:3.0994415283203125e-05
delete time:2.86102294921875e-05
delete time:3.719329833984375e-05
delete time:2.8133392333984375e-05
delete time:3.361701965332031e-05
delete time:2.2411346435546875e-05
delete time:4.267692565917969e-05
delete time:3.409385681152344e-05
delete time:3.910064697265625e-05
delete time:3.337860107421875e-05
delete time:4.220008850097656e-05
delete time:3.5762786865234375e-05
delete time:4.076957702636719e-05
delete time:3.266334533691406e-05
delete time:2.9802322387695312e-05
delete time:2.5510787963867188e-05
delete time:2.7179718017578125e-05
delete time:4.410743713378906e-05
delete time:4.076957702636719e-05
delete time:1.9788742065429688e-05
delete time:3.337860107421875e-05
delete time:4.458427429199219e-05
delete time:3.62396240234375e-05
delete time:3.075599670410156e-05
delete time:2.4080276489257812e-05
delete time:3.4332275390625e-05
delete time:2.7179718017578125e-05
delete time:2.3126602172851562e-05
delete time:2.47955322265625e-05
delete time:2.956390380859375e-05
delete time:3.743171691894531e-05
delete time:2.2172927856445312e-05
delete time:2.9325485229492188e-05
delete time:4.029273986816406e-05
delete time:2.384185791015625e-05
delete time:1.9073486328125e-05
delete time:3.647804260253906e-05
delete time:4.506111145019531e-05
delete time:2.193450927734375e-05
delete time:4.124641418457031e-05
delete time:2.5987625122070312e-05
delete time:3.1948089599609375e-05
delete time:4.673004150390625e-05
delete time:2.6702880859375e-05
delete time:3.647804260253906e-05
delete time:3.409385681152344e-05
delete time:3.0517578125e-05
delete time:3.2901763916015625e-05
delete time:2.2172927856445312e-05
delete time:1.6689300537109375e-05
delete time:3.6716461181640625e-05
delete time:3.9577484130859375e-05
delete time:2.9325485229492188e-05
delete time:4.0531158447265625e-05
delete time:2.8133392333984375e-05
delete time:3.314018249511719e-05
delete time:2.5510787963867188e-05
delete time:2.6464462280273438e-05
delete time:3.981590270996094e-05
delete time:2.7418136596679688e-05
delete time:3.981590270996094e-05
delete time:3.1948089599609375e-05
delete time:3.170967102050781e-05
delete time:3.910064697265625e-05
delete time:2.9087066650390625e-05
delete time:5.245208740234375e-05
delete time:2.47955322265625e-05
delete time:2.8848648071289062e-05
delete time:3.170967102050781e-05
delete time:3.24249267578125e-05
delete time:4.00543212890625e-05
delete time:2.09808349609375e-05
delete time:4.76837158203125e-05
delete time:2.6464462280273438e-05
delete time:2.4080276489257812e-05
delete time:2.9325485229492188e-05
delete time:2.7179718017578125e-05
delete time:3.361701965332031e-05
delete time:2.6226043701171875e-05
delete time:3.075599670410156e-05
delete time:3.552436828613281e-05
delete time:2.3603439331054688e-05
delete time:2.2172927856445312e-05
delete time:4.291534423828125e-05
delete time:3.814697265625e-05
delete time:3.314018249511719e-05
delete time:2.2649765014648438e-05
delete time:3.0994415283203125e-05
delete time:4.2438507080078125e-05
delete time:3.695487976074219e-05
delete time:2.09808349609375e-05
delete time:4.172325134277344e-05
delete time:3.504753112792969e-05
delete time:3.147125244140625e-05
delete time:2.193450927734375e-05
delete time:3.0517578125e-05
delete time:3.147125244140625e-05
delete time:3.0517578125e-05
delete time:2.0265579223632812e-05
delete time:1.9311904907226562e-05
delete time:4.220008850097656e-05
delete time:2.6941299438476562e-05
delete time:3.147125244140625e-05
delete time:3.910064697265625e-05
delete time:4.8160552978515625e-05
delete time:3.4809112548828125e-05
delete time:4.1961669921875e-05
delete time:2.1219253540039062e-05
delete time:3.3855438232421875e-05
delete time:2.86102294921875e-05
delete time:3.170967102050781e-05
delete time:2.6941299438476562e-05
delete time:4.100799560546875e-05
delete time:2.09808349609375e-05
delete time:3.457069396972656e-05
delete time:1.8596649169921875e-05
delete time:2.6226043701171875e-05
delete time:2.86102294921875e-05
delete time:3.4809112548828125e-05
delete time:1.6689300537109375e-05
delete time:4.220008850097656e-05
delete time:3.361701965332031e-05
delete time:3.123283386230469e-05
delete time:2.8133392333984375e-05
delete time:2.2172927856445312e-05
delete time:2.3126602172851562e-05
delete time:3.218650817871094e-05
delete time:1.6689300537109375e-05
delete time:4.029273986816406e-05
delete time:3.7670135498046875e-05
delete time:1.9311904907226562e-05
delete time:2.7418136596679688e-05
delete time:1.8835067749023438e-05
delete time:2.9325485229492188e-05
delete time:4.1484832763671875e-05
delete time:2.4318695068359375e-05
delete time:2.5510787963867188e-05
delete time:2.1219253540039062e-05
delete time:3.3855438232421875e-05
delete time:2.002716064453125e-05
delete time:4.744529724121094e-05
delete time:3.314018249511719e-05
delete time:3.5762786865234375e-05
delete time:2.8848648071289062e-05
delete time:2.956390380859375e-05
delete time:3.695487976074219e-05
delete time:3.409385681152344e-05
delete time:3.147125244140625e-05
delete time:3.075599670410156e-05
delete time:2.4318695068359375e-05
delete time:2.6702880859375e-05
delete time:1.8835067749023438e-05
delete time:2.4557113647460938e-05
delete time:3.6716461181640625e-05
delete time:3.8623809814453125e-05
delete time:2.7894973754882812e-05
delete time:3.337860107421875e-05
delete time:3.528594970703125e-05
delete time:2.8133392333984375e-05
delete time:2.8133392333984375e-05
delete time:3.0279159545898438e-05
delete time:3.647804260253906e-05
delete time:3.147125244140625e-05
delete time:2.7179718017578125e-05
delete time:4.315376281738281e-05
delete time:2.765655517578125e-05
delete time:3.0994415283203125e-05
delete time:2.09808349609375e-05
delete time:4.1961669921875e-05
delete time:2.288818359375e-05
delete time:3.266334533691406e-05
delete time:3.147125244140625e-05
delete time:2.9325485229492188e-05
delete time:1.7642974853515625e-05
delete time:3.7670135498046875e-05
delete time:2.384185791015625e-05
delete time:3.886222839355469e-05
delete time:4.172325134277344e-05
delete time:1.621246337890625e-05
delete time:2.3603439331054688e-05
delete time:4.2438507080078125e-05
delete time:3.218650817871094e-05
delete time:3.933906555175781e-05
delete time:2.956390380859375e-05
delete time:4.267692565917969e-05
delete time:2.574920654296875e-05
delete time:3.0994415283203125e-05
delete time:3.0994415283203125e-05
delete time:3.981590270996094e-05
delete time:3.743171691894531e-05
delete time:1.5974044799804688e-05
delete time:4.0531158447265625e-05
delete time:2.7894973754882812e-05
delete time:3.147125244140625e-05
delete time:2.8848648071289062e-05
delete time:3.743171691894531e-05
delete time:2.47955322265625e-05
delete time:2.9802322387695312e-05
delete time:3.2901763916015625e-05
delete time:2.4318695068359375e-05
delete time:4.100799560546875e-05
delete time:3.266334533691406e-05
delete time:4.029273986816406e-05
delete time:2.9087066650390625e-05
delete time:2.9802322387695312e-05
delete time:3.0279159545898438e-05
delete time:3.981590270996094e-05
delete time:2.7418136596679688e-05
delete time:3.337860107421875e-05
delete time:3.743171691894531e-05
delete time:3.910064697265625e-05
delete time:3.075599670410156e-05
delete time:2.4080276489257812e-05
delete time:2.2172927856445312e-05
delete time:3.504753112792969e-05
delete time:2.4557113647460938e-05
delete time:2.1457672119140625e-05
delete time:1.9073486328125e-05
delete time:4.315376281738281e-05
delete time:2.765655517578125e-05
delete time:4.553794860839844e-05
delete time:4.5299530029296875e-05
delete time:3.719329833984375e-05
delete time:2.288818359375e-05
delete time:1.8596649169921875e-05
delete time:4.00543212890625e-05
delete time:2.5272369384765625e-05
delete time:3.552436828613281e-05
delete time:4.100799560546875e-05
delete time:2.86102294921875e-05
delete time:4.673004150390625e-05
delete time:4.601478576660156e-05
delete time:3.647804260253906e-05
delete time:3.8623809814453125e-05
delete time:3.814697265625e-05
delete time:2.3365020751953125e-05
delete time:3.719329833984375e-05
delete time:3.2901763916015625e-05
delete time:3.218650817871094e-05
delete time:2.8848648071289062e-05
delete time:4.4345855712890625e-05
delete time:3.361701965332031e-05
delete time:3.504753112792969e-05
delete time:4.673004150390625e-05
delete time:5.030632019042969e-05
delete time:3.838539123535156e-05
delete time:4.3392181396484375e-05
delete time:2.6941299438476562e-05
delete time:5.14984130859375e-05
delete time:3.814697265625e-05
delete time:4.649162292480469e-05
delete time:3.528594970703125e-05
delete time:3.0040740966796875e-05
delete time:3.361701965332031e-05
delete time:4.1484832763671875e-05
delete time:4.4345855712890625e-05
delete time:4.029273986816406e-05
delete time:3.075599670410156e-05
delete time:4.458427429199219e-05
delete time:3.0994415283203125e-05
delete time:2.86102294921875e-05
delete time:2.8133392333984375e-05
delete time:3.337860107421875e-05
delete time:3.0040740966796875e-05
delete time:3.4332275390625e-05
delete time:2.4080276489257812e-05
delete time:3.170967102050781e-05
delete time:4.9591064453125e-05
delete time:3.5762786865234375e-05
delete time:2.6464462280273438e-05
delete time:2.47955322265625e-05
delete time:3.504753112792969e-05
delete time:3.24249267578125e-05
delete time:3.647804260253906e-05
delete time:2.47955322265625e-05
delete time:3.62396240234375e-05
delete time:3.528594970703125e-05
delete time:2.5987625122070312e-05
delete time:3.075599670410156e-05
delete time:3.266334533691406e-05
delete time:3.838539123535156e-05
delete time:3.910064697265625e-05
delete time:5.173683166503906e-05
delete time:4.601478576660156e-05
delete time:2.6702880859375e-05
delete time:4.0531158447265625e-05
delete time:3.0517578125e-05
delete time:3.314018249511719e-05
delete time:4.267692565917969e-05
delete time:2.6464462280273438e-05
delete time:3.981590270996094e-05
delete time:2.7418136596679688e-05
delete time:3.337860107421875e-05
delete time:2.9087066650390625e-05
delete time:4.863739013671875e-05
delete time:3.337860107421875e-05
delete time:3.886222839355469e-05
delete time:3.695487976074219e-05
delete time:2.9087066650390625e-05
delete time:2.8371810913085938e-05
delete time:4.57763671875e-05
delete time:2.0742416381835938e-05
delete time:3.552436828613281e-05
delete time:3.1948089599609375e-05
delete time:3.0994415283203125e-05
delete time:3.910064697265625e-05
delete time:2.5987625122070312e-05
delete time:3.075599670410156e-05
delete time:3.504753112792969e-05
delete time:4.9114227294921875e-05
delete time:2.6702880859375e-05
delete time:3.0517578125e-05
delete time:3.147125244140625e-05
delete time:3.886222839355469e-05
delete time:4.00543212890625e-05
delete time:3.9577484130859375e-05
delete time:3.933906555175781e-05
delete time:2.8371810913085938e-05
delete time:3.933906555175781e-05
delete time:2.6702880859375e-05
delete time:4.00543212890625e-05
delete time:2.5510787963867188e-05
delete time:3.647804260253906e-05
delete time:3.0279159545898438e-05
delete time:2.956390380859375e-05
delete time:2.2411346435546875e-05
delete time:3.7670135498046875e-05
delete time:2.5987625122070312e-05
delete time:3.361701965332031e-05
delete time:2.9802322387695312e-05
delete time:2.6464462280273438e-05
delete time:2.0742416381835938e-05
delete time:4.601478576660156e-05
delete time:3.743171691894531e-05
delete time:4.76837158203125e-05
delete time:3.2901763916015625e-05
delete time:4.315376281738281e-05
delete time:2.7179718017578125e-05
delete time:2.4318695068359375e-05
delete time:3.62396240234375e-05
delete time:3.9577484130859375e-05
delete time:3.6716461181640625e-05
delete time:3.8623809814453125e-05
delete time:3.933906555175781e-05
delete time:3.314018249511719e-05
delete time:3.123283386230469e-05
delete time:4.1484832763671875e-05
delete time:4.673004150390625e-05
delete time:3.1948089599609375e-05
delete time:3.337860107421875e-05
delete time:4.291534423828125e-05
delete time:3.910064697265625e-05
delete time:3.719329833984375e-05
delete time:4.00543212890625e-05
delete time:5.7220458984375e-05
delete time:3.790855407714844e-05
delete time:3.600120544433594e-05
delete time:3.7670135498046875e-05
delete time:2.4080276489257812e-05
delete time:2.193450927734375e-05
delete time:3.147125244140625e-05
delete time:3.0994415283203125e-05
delete time:3.218650817871094e-05
delete time:4.9114227294921875e-05
delete time:2.384185791015625e-05
delete time:3.314018249511719e-05
delete time:3.981590270996094e-05
delete time:2.8848648071289062e-05
delete time:2.6226043701171875e-05
delete time:3.24249267578125e-05
delete time:2.86102294921875e-05
delete time:4.100799560546875e-05
delete time:4.7206878662109375e-05
delete time:3.0279159545898438e-05
delete time:2.9087066650390625e-05
delete time:4.315376281738281e-05
delete time:2.6941299438476562e-05
delete time:3.123283386230469e-05
delete time:2.9087066650390625e-05
delete time:4.38690185546875e-05
delete time:3.933906555175781e-05
delete time:3.0517578125e-05
delete time:2.4557113647460938e-05
delete time:2.6226043701171875e-05
delete time:2.574920654296875e-05
delete time:3.981590270996094e-05
delete time:4.0531158447265625e-05
delete time:3.5762786865234375e-05
delete time:3.528594970703125e-05
delete time:2.3365020751953125e-05
delete time:4.410743713378906e-05
delete time:3.62396240234375e-05
delete time:3.838539123535156e-05
delete time:2.5272369384765625e-05
delete time:3.409385681152344e-05
delete time:3.4809112548828125e-05
delete time:2.7418136596679688e-05
delete time:3.695487976074219e-05
delete time:2.5510787963867188e-05
delete time:3.337860107421875e-05
delete time:5.340576171875e-05
delete time:3.0040740966796875e-05
delete time:3.123283386230469e-05
delete time:3.5762786865234375e-05
delete time:3.266334533691406e-05
delete time:4.506111145019531e-05
delete time:3.5762786865234375e-05
delete time:3.981590270996094e-05
delete time:3.695487976074219e-05
delete time:2.5272369384765625e-05
delete time:2.7894973754882812e-05
delete time:2.2172927856445312e-05
delete time:2.5272369384765625e-05
delete time:3.933906555175781e-05
delete time:5.054473876953125e-05
delete time:4.315376281738281e-05
delete time:3.0040740966796875e-05
delete time:4.2438507080078125e-05
delete time:3.218650817871094e-05
delete time:4.792213439941406e-05
delete time:2.5987625122070312e-05
delete time:3.409385681152344e-05
delete time:3.9577484130859375e-05
delete time:3.981590270996094e-05
delete time:4.7206878662109375e-05
delete time:3.147125244140625e-05
delete time:2.956390380859375e-05
delete time:3.266334533691406e-05
delete time:4.076957702636719e-05
delete time:4.1961669921875e-05
delete time:2.574920654296875e-05
delete time:3.266334533691406e-05
delete time:3.62396240234375e-05
delete time:4.00543212890625e-05
delete time:4.291534423828125e-05
delete time:2.193450927734375e-05
delete time:3.981590270996094e-05
delete time:2.3365020751953125e-05
delete time:3.2901763916015625e-05
delete time:2.9087066650390625e-05
delete time:3.4332275390625e-05
delete time:3.170967102050781e-05
delete time:4.363059997558594e-05
delete time:3.5762786865234375e-05
delete time:3.075599670410156e-05
delete time:3.5762786865234375e-05
delete time:3.790855407714844e-05
delete time:2.0503997802734375e-05
delete time:4.458427429199219e-05
delete time:2.6226043701171875e-05
delete time:3.0040740966796875e-05
delete time:4.291534423828125e-05
delete time:4.076957702636719e-05
delete time:3.743171691894531e-05
delete time:4.0531158447265625e-05
delete time:3.552436828613281e-05
delete time:3.6716461181640625e-05
delete time:3.409385681152344e-05
delete time:3.8623809814453125e-05
delete time:3.337860107421875e-05
delete time:2.7179718017578125e-05
delete time:3.24249267578125e-05
delete time:2.384185791015625e-05
delete time:4.029273986816406e-05
delete time:2.8848648071289062e-05
delete time:3.719329833984375e-05
delete time:2.8133392333984375e-05
delete time:3.7670135498046875e-05
delete time:2.9087066650390625e-05
delete time:3.504753112792969e-05
delete time:2.6941299438476562e-05
delete time:3.218650817871094e-05
delete time:4.315376281738281e-05
delete time:4.2438507080078125e-05
delete time:2.5987625122070312e-05
delete time:2.3365020751953125e-05
delete time:4.482269287109375e-05
delete time:3.647804260253906e-05
delete time:3.8623809814453125e-05
delete time:2.7418136596679688e-05
delete time:2.47955322265625e-05
delete time:3.886222839355469e-05
delete time:4.029273986816406e-05
delete time:4.601478576660156e-05
delete time:2.7894973754882812e-05
delete time:3.9577484130859375e-05
delete time:2.6226043701171875e-05
delete time:2.6941299438476562e-05
delete time:2.3603439331054688e-05
delete time:2.6702880859375e-05
delete time:2.5987625122070312e-05
delete time:2.47955322265625e-05
delete time:3.0040740966796875e-05
delete time:4.029273986816406e-05
delete time:4.291534423828125e-05
delete time:2.7418136596679688e-05
delete time:3.647804260253906e-05
delete time:2.7179718017578125e-05
delete time:2.765655517578125e-05
delete time:4.124641418457031e-05
delete time:4.029273986816406e-05
delete time:3.170967102050781e-05
delete time:2.6941299438476562e-05
delete time:2.4557113647460938e-05
delete time:2.7894973754882812e-05
delete time:3.0994415283203125e-05
delete time:3.8623809814453125e-05
delete time:3.1948089599609375e-05
delete time:2.3126602172851562e-05
delete time:2.9087066650390625e-05
delete time:3.0040740966796875e-05
delete time:2.8133392333984375e-05
delete time:3.2901763916015625e-05
delete time:2.5272369384765625e-05
delete time:3.337860107421875e-05
delete time:2.9087066650390625e-05
delete time:4.315376281738281e-05
delete time:3.123283386230469e-05
delete time:3.814697265625e-05
delete time:3.0279159545898438e-05
delete time:2.7179718017578125e-05
delete time:4.696846008300781e-05
delete time:3.1948089599609375e-05
delete time:2.3603439331054688e-05
delete time:3.910064697265625e-05
delete time:2.956390380859375e-05
delete time:2.6702880859375e-05
delete time:4.4345855712890625e-05
delete time:4.076957702636719e-05
delete time:3.933906555175781e-05
delete time:4.220008850097656e-05
delete time:4.9114227294921875e-05
delete time:3.6716461181640625e-05
delete time:2.47955322265625e-05
delete time:4.00543212890625e-05
delete time:3.3855438232421875e-05
delete time:2.9087066650390625e-05
delete time:3.1948089599609375e-05
delete time:2.9325485229492188e-05
delete time:3.5762786865234375e-05
delete time:2.6941299438476562e-05
delete time:2.86102294921875e-05
delete time:4.267692565917969e-05
delete time:2.9087066650390625e-05
delete time:3.600120544433594e-05
delete time:2.5033950805664062e-05
delete time:2.3126602172851562e-05
delete time:3.600120544433594e-05
delete time:2.5510787963867188e-05
delete time:3.361701965332031e-05
delete time:3.0517578125e-05
delete time:2.956390380859375e-05
delete time:3.814697265625e-05
delete time:3.337860107421875e-05
delete time:3.3855438232421875e-05
delete time:2.6464462280273438e-05
delete time:4.315376281738281e-05
delete time:2.5033950805664062e-05
delete time:2.8848648071289062e-05
delete time:3.600120544433594e-05
delete time:3.7670135498046875e-05
delete time:3.62396240234375e-05
delete time:2.7418136596679688e-05
delete time:3.814697265625e-05
delete time:2.6941299438476562e-05
delete time:3.361701965332031e-05
delete time:4.1961669921875e-05
delete time:2.8133392333984375e-05
delete time:3.504753112792969e-05
delete time:4.0531158447265625e-05
delete time:3.600120544433594e-05
delete time:3.6716461181640625e-05
delete time:4.482269287109375e-05
delete time:2.2649765014648438e-05
delete time:4.458427429199219e-05
delete time:4.00543212890625e-05
delete time:2.4557113647460938e-05
delete time:2.6941299438476562e-05
delete time:3.4332275390625e-05
delete time:2.4080276489257812e-05
delete time:3.0279159545898438e-05
delete time:2.956390380859375e-05
delete time:3.0040740966796875e-05
delete time:3.600120544433594e-05
delete time:2.47955322265625e-05
delete time:3.361701965332031e-05
delete time:3.933906555175781e-05
delete time:3.528594970703125e-05
delete time:3.361701965332031e-05
delete time:3.7670135498046875e-05
delete time:4.2438507080078125e-05
delete time:3.24249267578125e-05
delete time:3.695487976074219e-05
delete time:3.9577484130859375e-05
delete time:2.6226043701171875e-05
delete time:3.719329833984375e-05
delete time:2.8848648071289062e-05
delete time:3.409385681152344e-05
delete time:3.504753112792969e-05
delete time:2.8371810913085938e-05
delete time:2.0503997802734375e-05
delete time:2.956390380859375e-05
delete time:4.100799560546875e-05
delete time:3.933906555175781e-05
delete time:2.8133392333984375e-05
delete time:2.2172927856445312e-05
delete time:2.002716064453125e-05
delete time:2.5033950805664062e-05
delete time:5.1021575927734375e-05
delete time:2.765655517578125e-05
delete time:4.9114227294921875e-05
delete time:3.838539123535156e-05
delete time:3.0279159545898438e-05
delete time:2.4318695068359375e-05
delete time:2.7418136596679688e-05
delete time:2.7179718017578125e-05
delete time:3.1948089599609375e-05
delete time:2.6464462280273438e-05
delete time:3.147125244140625e-05
delete time:3.075599670410156e-05
delete time:4.410743713378906e-05
delete time:4.100799560546875e-05
delete time:2.5033950805664062e-05
delete time:3.075599670410156e-05
delete time:3.62396240234375e-05
delete time:2.193450927734375e-05
delete time:3.5762786865234375e-05
delete time:3.8623809814453125e-05
delete time:2.7179718017578125e-05
delete time:3.0279159545898438e-05
delete time:2.9087066650390625e-05
delete time:3.1948089599609375e-05
delete time:3.218650817871094e-05
delete time:3.218650817871094e-05
delete time:3.886222839355469e-05
delete time:3.552436828613281e-05
delete time:3.123283386230469e-05
delete time:2.6702880859375e-05
delete time:3.266334533691406e-05
delete time:3.9577484130859375e-05
delete time:3.0517578125e-05
delete time:2.6702880859375e-05
delete time:2.6464462280273438e-05
delete time:3.2901763916015625e-05
delete time:4.2438507080078125e-05
delete time:3.7670135498046875e-05
delete time:2.3365020751953125e-05
delete time:3.528594970703125e-05
delete time:2.956390380859375e-05
delete time:3.123283386230469e-05
delete time:3.5762786865234375e-05
delete time:4.076957702636719e-05
delete time:4.1961669921875e-05
delete time:3.504753112792969e-05
delete time:2.8133392333984375e-05
delete time:3.528594970703125e-05
delete time:3.457069396972656e-05
delete time:2.9087066650390625e-05
delete time:3.2901763916015625e-05
delete time:3.218650817871094e-05
delete time:3.528594970703125e-05
delete time:3.0279159545898438e-05
delete time:1.7881393432617188e-05
delete time:4.124641418457031e-05
delete time:4.2438507080078125e-05
delete time:2.6702880859375e-05
delete time:2.6941299438476562e-05
delete time:3.170967102050781e-05
delete time:3.0040740966796875e-05
delete time:2.9087066650390625e-05
delete time:3.5762786865234375e-05
delete time:2.4080276489257812e-05
delete time:3.266334533691406e-05
delete time:3.147125244140625e-05
delete time:2.7418136596679688e-05
delete time:3.0994415283203125e-05
delete time:3.0517578125e-05
delete time:4.7206878662109375e-05
delete time:2.9802322387695312e-05
delete time:4.1961669921875e-05
delete time:2.8371810913085938e-05
delete time:3.647804260253906e-05
delete time:4.792213439941406e-05
delete time:3.266334533691406e-05
delete time:3.123283386230469e-05
delete time:4.1484832763671875e-05
delete time:3.5762786865234375e-05
delete time:3.0517578125e-05
delete time:3.695487976074219e-05
delete time:3.6716461181640625e-05
delete time:3.218650817871094e-05
delete time:2.7179718017578125e-05
delete time:2.8133392333984375e-05
delete time:4.029273986816406e-05
delete time:3.337860107421875e-05
delete time:3.8623809814453125e-05
delete time:3.170967102050781e-05
delete time:2.956390380859375e-05
delete time:2.765655517578125e-05
delete time:3.910064697265625e-05
delete time:2.4318695068359375e-05
delete time:3.2901763916015625e-05
delete time:2.09808349609375e-05
delete time:4.2438507080078125e-05
delete time:3.695487976074219e-05
delete time:2.9087066650390625e-05
delete time:2.9325485229492188e-05
delete time:2.9325485229492188e-05
delete time:2.9802322387695312e-05
delete time:2.7418136596679688e-05
delete time:2.6941299438476562e-05
delete time:3.933906555175781e-05
delete time:3.4332275390625e-05
delete time:3.4809112548828125e-05
delete time:4.076957702636719e-05
delete time:2.5272369384765625e-05
delete time:2.9087066650390625e-05
delete time:3.886222839355469e-05
delete time:1.811981201171875e-05
delete time:2.384185791015625e-05
delete time:2.8848648071289062e-05
delete time:2.8371810913085938e-05
delete time:3.2901763916015625e-05
delete time:4.124641418457031e-05
delete time:2.86102294921875e-05
delete time:4.029273986816406e-05
delete time:3.147125244140625e-05
delete time:2.9087066650390625e-05
delete time:3.528594970703125e-05
delete time:3.8623809814453125e-05
delete time:3.123283386230469e-05
delete time:3.790855407714844e-05
delete time:3.218650817871094e-05
delete time:2.6941299438476562e-05
delete time:4.00543212890625e-05
delete time:3.647804260253906e-05
delete time:1.7404556274414062e-05
delete time:2.6702880859375e-05
delete time:3.147125244140625e-05
delete time:3.0517578125e-05
delete time:2.5033950805664062e-05
delete time:2.9087066650390625e-05
delete time:2.8133392333984375e-05
delete time:2.7418136596679688e-05
delete time:3.147125244140625e-05
delete time:2.6226043701171875e-05
delete time:3.933906555175781e-05
delete time:1.811981201171875e-05
delete time:3.123283386230469e-05
delete time:3.62396240234375e-05
delete time:5.340576171875e-05
delete time:3.62396240234375e-05
delete time:3.790855407714844e-05
delete time:3.504753112792969e-05
delete time:3.337860107421875e-05
delete time:2.2649765014648438e-05
delete time:4.553794860839844e-05
delete time:1.9550323486328125e-05
delete time:3.600120544433594e-05
delete time:3.8623809814453125e-05
delete time:3.719329833984375e-05
delete time:2.4080276489257812e-05
delete time:3.600120544433594e-05
delete time:4.3392181396484375e-05
delete time:2.8371810913085938e-05
delete time:3.743171691894531e-05
delete time:3.695487976074219e-05
delete time:2.765655517578125e-05
delete time:3.123283386230469e-05
delete time:3.24249267578125e-05
delete time:2.5033950805664062e-05
delete time:2.7179718017578125e-05
delete time:3.0040740966796875e-05
delete time:2.5987625122070312e-05
delete time:2.9802322387695312e-05
delete time:2.8371810913085938e-05
delete time:4.553794860839844e-05
delete time:2.47955322265625e-05
delete time:2.7418136596679688e-05
delete time:2.4557113647460938e-05
delete time:4.00543212890625e-05
delete time:3.814697265625e-05
delete time:3.933906555175781e-05
delete time:3.0994415283203125e-05
delete time:5.0067901611328125e-05
delete time:3.790855407714844e-05
delete time:3.457069396972656e-05
delete time:3.62396240234375e-05
delete time:3.0040740966796875e-05
delete time:2.9802322387695312e-05
delete time:3.1948089599609375e-05
delete time:3.0040740966796875e-05
delete time:2.9087066650390625e-05
delete time:3.170967102050781e-05
delete time:2.6941299438476562e-05
delete time:3.719329833984375e-05
delete time:3.218650817871094e-05
delete time:1.9073486328125e-05
delete time:3.695487976074219e-05
delete time:2.5510787963867188e-05
delete time:2.956390380859375e-05
delete time:2.5272369384765625e-05
delete time:4.172325134277344e-05
delete time:3.7670135498046875e-05
delete time:2.6226043701171875e-05
delete time:2.6226043701171875e-05
delete time:3.981590270996094e-05
delete time:4.38690185546875e-05
delete time:3.3855438232421875e-05
delete time:2.8848648071289062e-05
delete time:2.5272369384765625e-05
delete time:2.6226043701171875e-05
delete time:3.0994415283203125e-05
delete time:2.956390380859375e-05
delete time:2.9087066650390625e-05
delete time:3.933906555175781e-05
delete time:2.8371810913085938e-05
delete time:3.7670135498046875e-05
delete time:3.790855407714844e-05
delete time:3.170967102050781e-05
delete time:2.9325485229492188e-05
delete time:3.0040740966796875e-05
delete time:3.910064697265625e-05
delete time:2.956390380859375e-05
delete time:2.8133392333984375e-05
delete time:2.9802322387695312e-05
delete time:2.9325485229492188e-05
delete time:3.314018249511719e-05
delete time:4.482269287109375e-05
delete time:4.291534423828125e-05
delete time:2.7418136596679688e-05
delete time:2.765655517578125e-05
delete time:4.1961669921875e-05
delete time:4.172325134277344e-05
delete time:2.6226043701171875e-05
delete time:3.552436828613281e-05
delete time:2.8371810913085938e-05
delete time:2.574920654296875e-05
delete time:4.887580871582031e-05
delete time:2.8848648071289062e-05
delete time:3.337860107421875e-05
delete time:3.743171691894531e-05
delete time:2.5510787963867188e-05
delete time:3.2901763916015625e-05
delete time:4.315376281738281e-05
delete time:2.4318695068359375e-05
delete time:4.172325134277344e-05
delete time:3.0279159545898438e-05
delete time:3.0517578125e-05
delete time:3.2901763916015625e-05
delete time:3.886222839355469e-05
delete time:4.1484832763671875e-05
delete time:2.4080276489257812e-05
delete time:3.981590270996094e-05
delete time:2.7894973754882812e-05
delete time:3.123283386230469e-05
delete time:3.409385681152344e-05
delete time:2.765655517578125e-05
delete time:3.457069396972656e-05
delete time:5.030632019042969e-05
delete time:3.981590270996094e-05
delete time:2.7179718017578125e-05
delete time:3.266334533691406e-05
delete time:2.86102294921875e-05
delete time:3.123283386230469e-05
delete time:3.0279159545898438e-05
delete time:3.24249267578125e-05
delete time:3.0040740966796875e-05
delete time:2.6702880859375e-05
delete time:2.7179718017578125e-05
delete time:3.790855407714844e-05
delete time:4.315376281738281e-05
delete time:1.9311904907226562e-05
delete time:2.3365020751953125e-05
delete time:2.7894973754882812e-05
delete time:2.6226043701171875e-05
delete time:3.5762786865234375e-05
delete time:2.7179718017578125e-05
delete time:2.6464462280273438e-05
delete time:2.8371810913085938e-05
delete time:3.647804260253906e-05
delete time:3.7670135498046875e-05
delete time:2.5510787963867188e-05
delete time:4.363059997558594e-05
delete time:3.743171691894531e-05
delete time:3.123283386230469e-05
delete time:5.0067901611328125e-05
delete time:2.3603439331054688e-05
delete time:3.266334533691406e-05
delete time:3.0279159545898438e-05
delete time:3.457069396972656e-05
delete time:3.981590270996094e-05
delete time:2.8848648071289062e-05
delete time:4.649162292480469e-05
delete time:3.600120544433594e-05
delete time:4.410743713378906e-05
delete time:2.5510787963867188e-05
delete time:3.62396240234375e-05
delete time:2.7179718017578125e-05
delete time:2.7179718017578125e-05
delete time:3.314018249511719e-05
delete time:3.123283386230469e-05
delete time:2.5510787963867188e-05
delete time:2.6941299438476562e-05
delete time:2.8371810913085938e-05
delete time:2.7418136596679688e-05
delete time:5.1975250244140625e-05
delete time:3.4332275390625e-05
delete time:2.3126602172851562e-05
delete time:3.147125244140625e-05
delete time:2.8371810913085938e-05
delete time:2.7418136596679688e-05
delete time:2.9802322387695312e-05
delete time:3.4332275390625e-05
delete time:2.002716064453125e-05
delete time:3.123283386230469e-05
delete time:3.0517578125e-05
delete time:2.8133392333984375e-05
delete time:3.504753112792969e-05
delete time:3.0517578125e-05
delete time:3.695487976074219e-05
delete time:2.2172927856445312e-05
delete time:3.814697265625e-05
delete time:3.719329833984375e-05
delete time:3.695487976074219e-05
delete time:4.291534423828125e-05
delete time:2.3365020751953125e-05
delete time:2.4557113647460938e-05
delete time:3.9577484130859375e-05
delete time:2.1219253540039062e-05
delete time:3.504753112792969e-05
delete time:2.8133392333984375e-05
delete time:3.218650817871094e-05
delete time:2.956390380859375e-05
delete time:3.457069396972656e-05
delete time:2.6941299438476562e-05
delete time:3.0994415283203125e-05
delete time:3.337860107421875e-05
delete time:2.5510787963867188e-05
delete time:2.3603439331054688e-05
delete time:4.076957702636719e-05
delete time:2.8133392333984375e-05
delete time:2.4557113647460938e-05
delete time:2.3365020751953125e-05
delete time:3.0040740966796875e-05
delete time:2.8848648071289062e-05
delete time:2.4557113647460938e-05
delete time:2.5033950805664062e-05
delete time:3.5762786865234375e-05
delete time:3.266334533691406e-05
delete time:3.695487976074219e-05
delete time:2.7418136596679688e-05
delete time:4.100799560546875e-05
delete time:3.266334533691406e-05
delete time:2.5987625122070312e-05
delete time:2.5272369384765625e-05
delete time:2.9087066650390625e-05
delete time:3.695487976074219e-05
delete time:3.0279159545898438e-05
delete time:3.147125244140625e-05
delete time:2.4318695068359375e-05
delete time:3.361701965332031e-05
delete time:2.86102294921875e-05
delete time:4.100799560546875e-05
delete time:3.314018249511719e-05
delete time:3.3855438232421875e-05
delete time:2.7179718017578125e-05
delete time:3.2901763916015625e-05
delete time:2.8371810913085938e-05
delete time:4.100799560546875e-05
delete time:2.6226043701171875e-05
delete time:4.3392181396484375e-05
delete time:3.075599670410156e-05
delete time:2.6464462280273438e-05
delete time:3.719329833984375e-05
delete time:2.6464462280273438e-05
delete time:2.574920654296875e-05
delete time:4.029273986816406e-05
delete time:3.0517578125e-05
delete time:3.552436828613281e-05
delete time:2.6464462280273438e-05
delete time:2.5033950805664062e-05
delete time:2.9802322387695312e-05
delete time:3.743171691894531e-05
delete time:3.886222839355469e-05
delete time:3.2901763916015625e-05
delete time:3.0994415283203125e-05
delete time:3.886222839355469e-05
delete time:4.696846008300781e-05
delete time:2.9325485229492188e-05
delete time:3.790855407714844e-05
delete time:4.410743713378906e-05
delete time:2.8133392333984375e-05
delete time:5.1021575927734375e-05
delete time:3.314018249511719e-05
delete time:2.4318695068359375e-05
delete time:4.124641418457031e-05
delete time:3.147125244140625e-05
delete time:3.7670135498046875e-05
delete time:3.790855407714844e-05
delete time:3.0040740966796875e-05
delete time:3.0279159545898438e-05
delete time:2.7418136596679688e-05
delete time:4.076957702636719e-05
delete time:4.0531158447265625e-05
delete time:3.886222839355469e-05
delete time:4.00543212890625e-05
delete time:3.528594970703125e-05
delete time:2.4318695068359375e-05
delete time:2.956390380859375e-05
delete time:3.218650817871094e-05
delete time:2.7418136596679688e-05
delete time:3.075599670410156e-05
delete time:3.933906555175781e-05
delete time:2.384185791015625e-05
delete time:2.1457672119140625e-05
delete time:3.886222839355469e-05
delete time:2.8133392333984375e-05
delete time:3.886222839355469e-05
delete time:2.6226043701171875e-05
delete time:2.0742416381835938e-05
delete time:3.3855438232421875e-05
delete time:3.7670135498046875e-05
delete time:2.288818359375e-05
delete time:2.9325485229492188e-05
delete time:4.076957702636719e-05
delete time:4.172325134277344e-05
delete time:3.743171691894531e-05
delete time:1.7642974853515625e-05
delete time:3.814697265625e-05
delete time:1.8358230590820312e-05
delete time:3.6716461181640625e-05
delete time:2.3126602172851562e-05
delete time:2.86102294921875e-05
delete time:3.62396240234375e-05
delete time:2.8848648071289062e-05
delete time:3.075599670410156e-05
delete time:2.2411346435546875e-05
delete time:3.981590270996094e-05
delete time:3.314018249511719e-05
delete time:2.7179718017578125e-05
delete time:4.3392181396484375e-05
delete time:2.765655517578125e-05
delete time:3.123283386230469e-05
delete time:2.6702880859375e-05
delete time:2.9802322387695312e-05
delete time:2.6702880859375e-05
delete time:2.7418136596679688e-05
delete time:2.8371810913085938e-05
delete time:3.123283386230469e-05
delete time:3.838539123535156e-05
delete time:3.600120544433594e-05
delete time:2.2411346435546875e-05
delete time:4.100799560546875e-05
delete time:3.0040740966796875e-05
delete time:3.123283386230469e-05
delete time:2.7894973754882812e-05
delete time:1.6450881958007812e-05
delete time:2.1219253540039062e-05
delete time:3.4332275390625e-05
delete time:2.8133392333984375e-05
delete time:2.956390380859375e-05
delete time:4.076957702636719e-05
delete time:2.86102294921875e-05
delete time:2.193450927734375e-05
delete time:4.00543212890625e-05
delete time:4.0531158447265625e-05
delete time:2.7418136596679688e-05
delete time:3.62396240234375e-05
delete time:3.0517578125e-05
delete time:3.647804260253906e-05
delete time:4.172325134277344e-05
delete time:2.6464462280273438e-05
delete time:1.8596649169921875e-05
delete time:3.337860107421875e-05
delete time:2.86102294921875e-05
delete time:3.743171691894531e-05
delete time:3.170967102050781e-05
delete time:2.6702880859375e-05
delete time:2.6464462280273438e-05
delete time:3.0994415283203125e-05
delete time:2.6226043701171875e-05
delete time:3.1948089599609375e-05
delete time:3.3855438232421875e-05
delete time:3.62396240234375e-05
delete time:3.0040740966796875e-05
delete time:2.8371810913085938e-05
delete time:1.9550323486328125e-05
delete time:3.123283386230469e-05
delete time:2.9325485229492188e-05
delete time:2.3603439331054688e-05
delete time:3.886222839355469e-05
delete time:2.1219253540039062e-05
delete time:2.9802322387695312e-05
delete time:3.337860107421875e-05
delete time:3.600120544433594e-05
delete time:3.075599670410156e-05
delete time:3.0040740966796875e-05
delete time:2.002716064453125e-05
delete time:2.6464462280273438e-05
delete time:3.147125244140625e-05
delete time:3.0040740966796875e-05
delete time:3.814697265625e-05
delete time:3.719329833984375e-05
delete time:2.9087066650390625e-05
delete time:2.5510787963867188e-05
delete time:2.6702880859375e-05
delete time:4.1484832763671875e-05
delete time:3.170967102050781e-05
delete time:3.1948089599609375e-05
delete time:4.100799560546875e-05
delete time:3.814697265625e-05
delete time:2.2172927856445312e-05
delete time:3.2901763916015625e-05
delete time:2.9325485229492188e-05
delete time:3.0040740966796875e-05
delete time:3.218650817871094e-05
delete time:5.340576171875e-05
delete time:3.266334533691406e-05
delete time:3.24249267578125e-05
delete time:5.316734313964844e-05
delete time:3.24249267578125e-05
delete time:3.0994415283203125e-05
delete time:3.24249267578125e-05
delete time:3.0279159545898438e-05
delete time:2.193450927734375e-05
delete time:2.0503997802734375e-05
delete time:3.4332275390625e-05
delete time:2.4080276489257812e-05
delete time:2.5272369384765625e-05
delete time:3.933906555175781e-05
delete time:3.123283386230469e-05
delete time:3.361701965332031e-05
delete time:2.5272369384765625e-05
delete time:3.2901763916015625e-05
delete time:3.337860107421875e-05
delete time:2.6941299438476562e-05
delete time:3.24249267578125e-05
delete time:3.123283386230469e-05
delete time:3.504753112792969e-05
delete time:2.9802322387695312e-05
delete time:3.4809112548828125e-05
delete time:2.7894973754882812e-05
delete time:3.266334533691406e-05
delete time:3.123283386230469e-05
delete time:3.552436828613281e-05
delete time:2.7418136596679688e-05
delete time:2.9087066650390625e-05
delete time:2.956390380859375e-05
delete time:2.9087066650390625e-05
delete time:4.00543212890625e-05
delete time:4.673004150390625e-05
delete time:2.9087066650390625e-05
delete time:3.552436828613281e-05
delete time:4.673004150390625e-05
delete time:3.7670135498046875e-05
delete time:3.7670135498046875e-05
delete time:4.6253204345703125e-05
delete time:2.1696090698242188e-05
delete time:2.5987625122070312e-05
delete time:4.57763671875e-05
delete time:2.6941299438476562e-05
delete time:4.172325134277344e-05
delete time:2.6702880859375e-05
delete time:3.0994415283203125e-05
delete time:2.9802322387695312e-05
delete time:2.288818359375e-05
delete time:3.933906555175781e-05
delete time:3.1948089599609375e-05
delete time:3.123283386230469e-05
delete time:3.5762786865234375e-05
delete time:3.910064697265625e-05
delete time:3.0279159545898438e-05
delete time:3.62396240234375e-05
delete time:3.552436828613281e-05
delete time:2.6941299438476562e-05
delete time:4.172325134277344e-05
delete time:3.3855438232421875e-05
delete time:2.7418136596679688e-05
delete time:3.8623809814453125e-05
delete time:3.8623809814453125e-05
delete time:3.6716461181640625e-05
delete time:3.314018249511719e-05
delete time:3.409385681152344e-05
delete time:3.147125244140625e-05
delete time:3.0994415283203125e-05
delete time:2.6464462280273438e-05
delete time:3.647804260253906e-05
delete time:1.7642974853515625e-05
delete time:2.7179718017578125e-05
delete time:3.552436828613281e-05
delete time:2.5033950805664062e-05
delete time:2.6226043701171875e-05
delete time:3.504753112792969e-05
delete time:3.552436828613281e-05
delete time:2.1696090698242188e-05
delete time:4.1484832763671875e-05
delete time:4.220008850097656e-05
delete time:3.4809112548828125e-05
delete time:2.0265579223632812e-05
delete time:4.792213439941406e-05
delete time:3.719329833984375e-05
delete time:3.7670135498046875e-05
delete time:4.7206878662109375e-05
delete time:4.100799560546875e-05
delete time:2.4557113647460938e-05
delete time:3.2901763916015625e-05
delete time:2.0742416381835938e-05
delete time:2.9802322387695312e-05
delete time:2.6702880859375e-05
delete time:3.0279159545898438e-05
delete time:3.075599670410156e-05
delete time:3.170967102050781e-05
delete time:2.765655517578125e-05
delete time:4.3392181396484375e-05
delete time:2.193450927734375e-05
delete time:3.0040740966796875e-05
delete time:2.4080276489257812e-05
delete time:3.9577484130859375e-05
delete time:3.457069396972656e-05
delete time:2.3126602172851562e-05
delete time:3.743171691894531e-05
delete time:2.288818359375e-05
delete time:2.9325485229492188e-05
delete time:3.528594970703125e-05
delete time:2.574920654296875e-05
delete time:3.528594970703125e-05
delete time:2.956390380859375e-05
delete time:2.7894973754882812e-05
delete time:3.0279159545898438e-05
delete time:3.337860107421875e-05
delete time:3.600120544433594e-05
delete time:3.4809112548828125e-05
delete time:4.00543212890625e-05
delete time:3.0517578125e-05
delete time:3.528594970703125e-05
delete time:3.600120544433594e-05
delete time:2.7894973754882812e-05
delete time:3.838539123535156e-05
delete time:3.62396240234375e-05
delete time:2.8371810913085938e-05
delete time:2.2411346435546875e-05
delete time:2.1457672119140625e-05
delete time:3.528594970703125e-05
delete time:3.24249267578125e-05
delete time:2.6702880859375e-05
delete time:3.2901763916015625e-05
delete time:3.790855407714844e-05
delete time:3.743171691894531e-05
delete time:4.410743713378906e-05
delete time:3.7670135498046875e-05
delete time:2.765655517578125e-05
delete time:3.62396240234375e-05
delete time:3.6716461181640625e-05
delete time:3.743171691894531e-05
delete time:3.0040740966796875e-05
delete time:3.647804260253906e-05
delete time:3.361701965332031e-05
delete time:2.9325485229492188e-05
delete time:3.123283386230469e-05
delete time:3.9577484130859375e-05
delete time:3.814697265625e-05
delete time:3.2901763916015625e-05
delete time:2.9087066650390625e-05
delete time:3.361701965332031e-05
delete time:3.457069396972656e-05
delete time:3.5762786865234375e-05
delete time:2.86102294921875e-05
delete time:3.6716461181640625e-05
delete time:3.8623809814453125e-05
delete time:4.0531158447265625e-05
delete time:4.124641418457031e-05
delete time:3.123283386230469e-05
delete time:3.337860107421875e-05
delete time:2.8848648071289062e-05
delete time:3.4809112548828125e-05
delete time:4.363059997558594e-05
delete time:3.719329833984375e-05
delete time:3.552436828613281e-05
delete time:2.956390380859375e-05
delete time:3.266334533691406e-05
delete time:3.0040740966796875e-05
delete time:4.1484832763671875e-05
delete time:3.361701965332031e-05
delete time:2.86102294921875e-05
delete time:3.6716461181640625e-05
delete time:4.7206878662109375e-05
delete time:3.218650817871094e-05
delete time:3.4332275390625e-05
delete time:2.9087066650390625e-05
delete time:3.6716461181640625e-05
delete time:2.574920654296875e-05
delete time:2.7179718017578125e-05
delete time:3.647804260253906e-05
delete time:2.8133392333984375e-05
delete time:3.123283386230469e-05
delete time:2.9325485229492188e-05
delete time:4.57763671875e-05
delete time:2.8848648071289062e-05
delete time:4.1961669921875e-05
delete time:3.600120544433594e-05
delete time:3.8623809814453125e-05
delete time:3.600120544433594e-05
delete time:2.9325485229492188e-05
delete time:3.075599670410156e-05
delete time:3.552436828613281e-05
delete time:3.886222839355469e-05
delete time:3.337860107421875e-05
delete time:3.123283386230469e-05
delete time:3.0279159545898438e-05
delete time:3.910064697265625e-05
delete time:3.266334533691406e-05
delete time:2.7418136596679688e-05
delete time:4.363059997558594e-05
delete time:2.7418136596679688e-05
delete time:2.8133392333984375e-05
delete time:4.601478576660156e-05
delete time:3.0040740966796875e-05
delete time:4.029273986816406e-05
delete time:3.24249267578125e-05
delete time:2.7894973754882812e-05
delete time:2.6941299438476562e-05
delete time:3.7670135498046875e-05
delete time:4.2438507080078125e-05
delete time:3.457069396972656e-05
delete time:3.266334533691406e-05
delete time:3.695487976074219e-05
delete time:3.24249267578125e-05
delete time:2.4318695068359375e-05
delete time:3.0279159545898438e-05
delete time:3.24249267578125e-05
delete time:3.838539123535156e-05
delete time:3.4809112548828125e-05
delete time:3.337860107421875e-05
delete time:3.647804260253906e-05
delete time:3.3855438232421875e-05
delete time:3.7670135498046875e-05
delete time:2.002716064453125e-05
delete time:3.409385681152344e-05
delete time:3.4332275390625e-05
delete time:3.0040740966796875e-05
delete time:1.9788742065429688e-05
delete time:2.8133392333984375e-05
delete time:2.7894973754882812e-05
delete time:3.600120544433594e-05
delete time:3.2901763916015625e-05
delete time:3.4332275390625e-05
delete time:3.886222839355469e-05
delete time:2.4557113647460938e-05
delete time:3.1948089599609375e-05
delete time:3.933906555175781e-05
delete time:3.266334533691406e-05
delete time:4.649162292480469e-05
delete time:4.696846008300781e-05
delete time:3.4809112548828125e-05
delete time:3.4809112548828125e-05
delete time:2.5033950805664062e-05
delete time:3.600120544433594e-05
delete time:3.218650817871094e-05
delete time:3.9577484130859375e-05
delete time:2.1219253540039062e-05
delete time:3.0279159545898438e-05
delete time:4.124641418457031e-05
delete time:3.886222839355469e-05
delete time:3.62396240234375e-05
delete time:3.075599670410156e-05
delete time:3.7670135498046875e-05
delete time:5.91278076171875e-05
delete time:2.6941299438476562e-05
delete time:3.0994415283203125e-05
delete time:3.457069396972656e-05
delete time:3.4809112548828125e-05
delete time:2.765655517578125e-05
delete time:3.9577484130859375e-05
delete time:2.6702880859375e-05
delete time:3.123283386230469e-05
delete time:2.6226043701171875e-05
delete time:3.8623809814453125e-05
delete time:4.982948303222656e-05
delete time:4.601478576660156e-05
delete time:3.4332275390625e-05
delete time:1.8596649169921875e-05
delete time:3.3855438232421875e-05
delete time:2.47955322265625e-05
delete time:3.552436828613281e-05
delete time:3.457069396972656e-05
delete time:4.553794860839844e-05
delete time:4.553794860839844e-05
delete time:3.0040740966796875e-05
delete time:3.2901763916015625e-05
delete time:3.0994415283203125e-05
delete time:2.7418136596679688e-05
delete time:3.7670135498046875e-05
delete time:3.6716461181640625e-05
delete time:2.1457672119140625e-05
delete time:3.361701965332031e-05
delete time:3.528594970703125e-05
delete time:2.5033950805664062e-05
delete time:2.5272369384765625e-05
delete time:1.6927719116210938e-05
delete time:3.528594970703125e-05
delete time:2.86102294921875e-05
delete time:3.5762786865234375e-05
delete time:3.24249267578125e-05
delete time:3.0040740966796875e-05
delete time:3.838539123535156e-05
delete time:3.147125244140625e-05
delete time:3.8623809814453125e-05
delete time:2.8371810913085938e-05
delete time:2.6941299438476562e-05
delete time:3.123283386230469e-05
delete time:5.7220458984375e-05
delete time:2.2172927856445312e-05
delete time:3.24249267578125e-05
delete time:2.2649765014648438e-05
delete time:4.1961669921875e-05
delete time:1.9550323486328125e-05
delete time:2.8133392333984375e-05
delete time:3.409385681152344e-05
delete time:3.147125244140625e-05
delete time:4.076957702636719e-05
delete time:2.7894973754882812e-05
delete time:2.9325485229492188e-05
delete time:4.601478576660156e-05
delete time:3.910064697265625e-05
delete time:3.337860107421875e-05
delete time:4.00543212890625e-05
delete time:3.886222839355469e-05
delete time:2.9325485229492188e-05
delete time:1.9311904907226562e-05
delete time:3.647804260253906e-05
delete time:2.7894973754882812e-05
delete time:3.0517578125e-05
delete time:3.2901763916015625e-05
delete time:3.62396240234375e-05
delete time:3.647804260253906e-05
delete time:3.337860107421875e-05
delete time:4.935264587402344e-05
delete time:4.6253204345703125e-05
delete time:2.1219253540039062e-05
delete time:2.6941299438476562e-05
delete time:3.2901763916015625e-05
delete time:2.9802322387695312e-05
delete time:3.910064697265625e-05
delete time:1.8358230590820312e-05
delete time:3.170967102050781e-05
delete time:2.3603439331054688e-05
delete time:3.4332275390625e-05
delete time:2.9087066650390625e-05
delete time:2.6941299438476562e-05
delete time:3.1948089599609375e-05
delete time:1.8358230590820312e-05
delete time:1.7404556274414062e-05
delete time:3.337860107421875e-05
delete time:1.7642974853515625e-05
delete time:2.9325485229492188e-05
delete time:3.695487976074219e-05
delete time:3.695487976074219e-05
delete time:3.0994415283203125e-05
delete time:3.147125244140625e-05
delete time:2.6464462280273438e-05
delete time:2.7418136596679688e-05
delete time:2.8371810913085938e-05
delete time:2.193450927734375e-05
delete time:4.553794860839844e-05
delete time:3.7670135498046875e-05
delete time:2.1696090698242188e-05
delete time:3.0517578125e-05
delete time:2.8848648071289062e-05
delete time:3.1948089599609375e-05
delete time:4.839897155761719e-05
delete time:3.504753112792969e-05
delete time:3.170967102050781e-05
delete time:3.0040740966796875e-05
delete time:2.8371810913085938e-05
delete time:3.314018249511719e-05
delete time:3.8623809814453125e-05
delete time:2.8371810913085938e-05
delete time:2.86102294921875e-05
delete time:2.765655517578125e-05
delete time:2.9802322387695312e-05
delete time:3.62396240234375e-05
delete time:2.7418136596679688e-05
delete time:3.910064697265625e-05
delete time:3.314018249511719e-05
delete time:2.9087066650390625e-05
delete time:3.0994415283203125e-05
delete time:3.2901763916015625e-05
delete time:3.24249267578125e-05
delete time:3.886222839355469e-05
delete time:3.4809112548828125e-05
delete time:3.0517578125e-05
delete time:3.266334533691406e-05
delete time:3.743171691894531e-05
delete time:3.123283386230469e-05
delete time:3.62396240234375e-05
delete time:1.8835067749023438e-05
delete time:2.3126602172851562e-05
delete time:3.266334533691406e-05
delete time:2.2411346435546875e-05
delete time:4.0531158447265625e-05
delete time:3.0279159545898438e-05
delete time:2.4318695068359375e-05
delete time:3.0994415283203125e-05
delete time:3.4332275390625e-05
delete time:3.7670135498046875e-05
delete time:5.054473876953125e-05
delete time:2.86102294921875e-05
delete time:2.8848648071289062e-05
delete time:3.600120544433594e-05
delete time:3.1948089599609375e-05
delete time:3.0994415283203125e-05
delete time:4.076957702636719e-05
delete time:3.0040740966796875e-05
delete time:2.7179718017578125e-05
delete time:3.0517578125e-05
delete time:3.147125244140625e-05
delete time:3.4809112548828125e-05
delete time:3.0040740966796875e-05
delete time:3.218650817871094e-05
delete time:4.482269287109375e-05
delete time:3.790855407714844e-05
delete time:2.4080276489257812e-05
delete time:3.838539123535156e-05
delete time:3.0994415283203125e-05
delete time:2.5033950805664062e-05
delete time:3.337860107421875e-05
delete time:2.7179718017578125e-05
delete time:2.9087066650390625e-05
delete time:3.886222839355469e-05
delete time:1.8596649169921875e-05
delete time:3.743171691894531e-05
delete time:3.552436828613281e-05
delete time:3.528594970703125e-05
delete time:3.5762786865234375e-05
delete time:3.337860107421875e-05
delete time:3.838539123535156e-05
delete time:3.886222839355469e-05
delete time:3.3855438232421875e-05
delete time:3.814697265625e-05
delete time:3.457069396972656e-05
delete time:2.002716064453125e-05
delete time:3.528594970703125e-05
delete time:4.4345855712890625e-05
delete time:3.457069396972656e-05
delete time:2.5033950805664062e-05
delete time:1.6927719116210938e-05
delete time:3.910064697265625e-05
delete time:3.218650817871094e-05
delete time:3.7670135498046875e-05
delete time:3.695487976074219e-05
delete time:2.9325485229492188e-05
delete time:3.409385681152344e-05
delete time:4.9591064453125e-05
delete time:3.409385681152344e-05
delete time:2.8371810913085938e-05
delete time:2.8371810913085938e-05
delete time:2.7894973754882812e-05
delete time:2.9087066650390625e-05
delete time:2.765655517578125e-05
delete time:3.147125244140625e-05
delete time:1.7642974853515625e-05
delete time:3.457069396972656e-05
delete time:3.361701965332031e-05
delete time:3.647804260253906e-05
delete time:3.0040740966796875e-05
delete time:2.5510787963867188e-05
delete time:3.24249267578125e-05
delete time:2.7418136596679688e-05
delete time:2.956390380859375e-05
delete time:2.8848648071289062e-05
delete time:3.790855407714844e-05
delete time:3.266334533691406e-05
delete time:3.218650817871094e-05
delete time:2.4318695068359375e-05
delete time:3.457069396972656e-05
delete time:2.7179718017578125e-05
delete time:3.790855407714844e-05
delete time:3.409385681152344e-05
delete time:4.100799560546875e-05
delete time:2.1457672119140625e-05
delete time:3.6716461181640625e-05
delete time:3.8623809814453125e-05
delete time:2.9325485229492188e-05
delete time:3.4332275390625e-05
delete time:3.170967102050781e-05
delete time:2.765655517578125e-05
delete time:3.409385681152344e-05
delete time:2.2649765014648438e-05
delete time:3.600120544433594e-05
delete time:3.528594970703125e-05
delete time:3.6716461181640625e-05
delete time:3.314018249511719e-05
delete time:3.1948089599609375e-05
delete time:4.315376281738281e-05
delete time:1.8835067749023438e-05
delete time:4.38690185546875e-05
delete time:3.24249267578125e-05
delete time:4.601478576660156e-05
delete time:3.266334533691406e-05
delete time:3.24249267578125e-05
delete time:2.7418136596679688e-05
delete time:3.886222839355469e-05
delete time:4.100799560546875e-05
delete time:3.719329833984375e-05
delete time:1.6927719116210938e-05
delete time:2.7418136596679688e-05
delete time:2.384185791015625e-05
delete time:3.24249267578125e-05
delete time:3.552436828613281e-05
delete time:2.9087066650390625e-05
delete time:2.8848648071289062e-05
delete time:3.695487976074219e-05
delete time:3.8623809814453125e-05
delete time:2.8371810913085938e-05
delete time:2.574920654296875e-05
delete time:3.24249267578125e-05
delete time:4.029273986816406e-05
delete time:4.3392181396484375e-05
delete time:3.170967102050781e-05
delete time:3.0994415283203125e-05
delete time:2.6702880859375e-05
delete time:2.47955322265625e-05
delete time:3.695487976074219e-05
delete time:2.7179718017578125e-05
delete time:4.267692565917969e-05
delete time:3.5762786865234375e-05
delete time:3.62396240234375e-05
delete time:2.574920654296875e-05
delete time:1.621246337890625e-05
delete time:2.574920654296875e-05
delete time:3.123283386230469e-05
delete time:4.363059997558594e-05
delete time:2.9087066650390625e-05
delete time:1.4781951904296875e-05
delete time:3.075599670410156e-05
delete time:3.170967102050781e-05
delete time:3.3855438232421875e-05
delete time:3.170967102050781e-05
delete time:3.504753112792969e-05
delete time:2.7894973754882812e-05
delete time:1.621246337890625e-05
delete time:4.792213439941406e-05
delete time:2.8848648071289062e-05
delete time:2.956390380859375e-05
delete time:3.1948089599609375e-05
delete time:3.24249267578125e-05
delete time:3.314018249511719e-05
delete time:4.38690185546875e-05
delete time:3.8623809814453125e-05
delete time:3.337860107421875e-05
delete time:1.9311904907226562e-05
delete time:2.9325485229492188e-05
delete time:3.0279159545898438e-05
delete time:3.123283386230469e-05
delete time:2.6702880859375e-05
delete time:3.552436828613281e-05
delete time:3.981590270996094e-05
delete time:3.910064697265625e-05
delete time:3.933906555175781e-05
delete time:3.600120544433594e-05
delete time:4.0531158447265625e-05
delete time:4.2438507080078125e-05
delete time:2.09808349609375e-05
delete time:2.5510787963867188e-05
delete time:2.4318695068359375e-05
delete time:3.8623809814453125e-05
delete time:2.9325485229492188e-05
delete time:2.5510787963867188e-05
delete time:3.123283386230469e-05
delete time:2.8848648071289062e-05
delete time:2.9087066650390625e-05
delete time:3.9577484130859375e-05
delete time:2.6941299438476562e-05
delete time:4.00543212890625e-05
delete time:3.552436828613281e-05
delete time:3.790855407714844e-05
delete time:3.743171691894531e-05
delete time:3.409385681152344e-05
delete time:3.314018249511719e-05
delete time:3.8623809814453125e-05
delete time:3.314018249511719e-05
delete time:2.6941299438476562e-05
delete time:2.5272369384765625e-05
delete time:3.170967102050781e-05
delete time:3.528594970703125e-05
delete time:2.6941299438476562e-05
delete time:2.3603439331054688e-05
delete time:3.266334533691406e-05
delete time:3.6716461181640625e-05
delete time:3.218650817871094e-05
delete time:3.170967102050781e-05
delete time:3.24249267578125e-05
delete time:3.2901763916015625e-05
delete time:4.1484832763671875e-05
delete time:3.4809112548828125e-05
delete time:4.267692565917969e-05
delete time:3.147125244140625e-05
delete time:3.409385681152344e-05
delete time:2.765655517578125e-05
delete time:2.09808349609375e-05
delete time:3.170967102050781e-05
delete time:3.0517578125e-05
delete time:2.47955322265625e-05
delete time:3.457069396972656e-05
delete time:3.337860107421875e-05
delete time:4.57763671875e-05
delete time:4.8160552978515625e-05
delete time:3.0040740966796875e-05
delete time:3.123283386230469e-05
delete time:2.2411346435546875e-05
delete time:3.0279159545898438e-05
delete time:3.170967102050781e-05
delete time:3.075599670410156e-05
delete time:3.3855438232421875e-05
delete time:4.076957702636719e-05
delete time:3.0994415283203125e-05
delete time:2.8133392333984375e-05
delete time:2.2172927856445312e-05
delete time:2.8371810913085938e-05
delete time:2.765655517578125e-05
delete time:3.337860107421875e-05
delete time:3.0994415283203125e-05
delete time:3.790855407714844e-05
delete time:3.123283386230469e-05
delete time:4.38690185546875e-05
delete time:3.719329833984375e-05
delete time:3.600120544433594e-05
delete time:3.6716461181640625e-05
delete time:2.7894973754882812e-05
delete time:3.8623809814453125e-05
delete time:2.5033950805664062e-05
delete time:2.9802322387695312e-05
delete time:2.3365020751953125e-05
delete time:2.8371810913085938e-05
delete time:3.528594970703125e-05
delete time:2.8371810913085938e-05
delete time:3.0517578125e-05
delete time:3.7670135498046875e-05
delete time:3.409385681152344e-05
delete time:2.0265579223632812e-05
delete time:4.076957702636719e-05
delete time:3.981590270996094e-05
delete time:3.1948089599609375e-05
delete time:2.0742416381835938e-05
delete time:1.9788742065429688e-05
delete time:3.62396240234375e-05
delete time:3.1948089599609375e-05
delete time:2.384185791015625e-05
delete time:2.8848648071289062e-05
delete time:2.8371810913085938e-05
delete time:2.9802322387695312e-05
delete time:3.5762786865234375e-05
delete time:3.647804260253906e-05
delete time:2.5510787963867188e-05
delete time:4.029273986816406e-05
delete time:3.3855438232421875e-05
delete time:3.4332275390625e-05
delete time:4.2438507080078125e-05
delete time:2.86102294921875e-05
delete time:2.86102294921875e-05
delete time:3.3855438232421875e-05
delete time:4.124641418457031e-05
delete time:2.193450927734375e-05
delete time:3.4332275390625e-05
delete time:3.504753112792969e-05
delete time:3.8623809814453125e-05
delete time:3.075599670410156e-05
delete time:1.5735626220703125e-05
delete time:3.457069396972656e-05
delete time:3.4809112548828125e-05
delete time:3.24249267578125e-05
delete time:2.7179718017578125e-05
delete time:1.9788742065429688e-05
delete time:4.124641418457031e-05
delete time:3.409385681152344e-05
delete time:3.24249267578125e-05
delete time:3.457069396972656e-05
delete time:4.792213439941406e-05
delete time:2.9087066650390625e-05
delete time:3.147125244140625e-05
delete time:2.765655517578125e-05
delete time:2.002716064453125e-05
delete time:3.2901763916015625e-05
delete time:3.1948089599609375e-05
delete time:4.2438507080078125e-05
delete time:3.24249267578125e-05
delete time:2.956390380859375e-05
delete time:2.8848648071289062e-05
delete time:2.5033950805664062e-05
delete time:3.266334533691406e-05
delete time:2.0742416381835938e-05
delete time:3.528594970703125e-05
delete time:3.647804260253906e-05
delete time:3.24249267578125e-05
delete time:2.0742416381835938e-05
delete time:2.6226043701171875e-05
delete time:3.314018249511719e-05
delete time:3.790855407714844e-05
delete time:2.4080276489257812e-05
delete time:4.267692565917969e-05
delete time:4.792213439941406e-05
delete time:2.574920654296875e-05
delete time:2.0265579223632812e-05
delete time:3.0994415283203125e-05
delete time:3.504753112792969e-05
delete time:2.5987625122070312e-05
delete time:1.7404556274414062e-05
delete time:2.0265579223632812e-05
delete time:1.8835067749023438e-05
delete time:2.1219253540039062e-05
delete time:3.314018249511719e-05
delete time:2.6226043701171875e-05
delete time:2.9325485229492188e-05
delete time:2.574920654296875e-05
delete time:4.76837158203125e-05
delete time:3.170967102050781e-05
delete time:2.2649765014648438e-05
delete time:2.9802322387695312e-05
delete time:3.314018249511719e-05
delete time:3.790855407714844e-05
delete time:3.504753112792969e-05
delete time:2.6464462280273438e-05
delete time:2.6464462280273438e-05
delete time:1.5497207641601562e-05
delete time:4.00543212890625e-05
delete time:3.8623809814453125e-05
delete time:2.9325485229492188e-05
delete time:3.266334533691406e-05
delete time:2.1219253540039062e-05
delete time:2.2649765014648438e-05
delete time:2.8133392333984375e-05
delete time:3.1948089599609375e-05
delete time:3.552436828613281e-05
delete time:2.6702880859375e-05
delete time:2.8371810913085938e-05
delete time:3.123283386230469e-05
delete time:5.269050598144531e-05
delete time:2.6226043701171875e-05
delete time:3.790855407714844e-05
delete time:4.76837158203125e-05
delete time:4.4345855712890625e-05
delete time:3.933906555175781e-05
delete time:4.076957702636719e-05
delete time:3.337860107421875e-05
delete time:1.9311904907226562e-05
delete time:2.09808349609375e-05
delete time:3.528594970703125e-05
delete time:3.2901763916015625e-05
delete time:3.7670135498046875e-05
delete time:4.076957702636719e-05
delete time:3.9577484130859375e-05
delete time:2.6702880859375e-05
delete time:2.6941299438476562e-05
delete time:3.1948089599609375e-05
delete time:3.0040740966796875e-05
delete time:3.457069396972656e-05
delete time:3.337860107421875e-05
delete time:3.314018249511719e-05
delete time:2.5272369384765625e-05
delete time:2.9087066650390625e-05
delete time:2.5510787963867188e-05
delete time:2.8371810913085938e-05
delete time:4.0531158447265625e-05
delete time:2.193450927734375e-05
delete time:3.8623809814453125e-05
delete time:2.1457672119140625e-05
delete time:3.4332275390625e-05
delete time:3.4332275390625e-05
delete time:3.4809112548828125e-05
delete time:2.2172927856445312e-05
delete time:4.172325134277344e-05
delete time:3.361701965332031e-05
delete time:2.6941299438476562e-05
delete time:4.100799560546875e-05
delete time:2.193450927734375e-05
delete time:2.1219253540039062e-05
delete time:3.266334533691406e-05
delete time:2.3603439331054688e-05
delete time:2.6226043701171875e-05
delete time:4.1961669921875e-05
delete time:3.814697265625e-05
delete time:4.601478576660156e-05
delete time:2.5510787963867188e-05
delete time:2.9087066650390625e-05
delete time:4.1961669921875e-05
delete time:3.3855438232421875e-05
delete time:3.4332275390625e-05
delete time:2.7894973754882812e-05
delete time:3.743171691894531e-05
delete time:2.6941299438476562e-05
delete time:2.7179718017578125e-05
delete time:4.38690185546875e-05
delete time:3.218650817871094e-05
delete time:3.0279159545898438e-05
delete time:4.553794860839844e-05
delete time:2.5510787963867188e-05
delete time:2.6464462280273438e-05
delete time:2.7894973754882812e-05
delete time:3.647804260253906e-05
delete time:3.504753112792969e-05
delete time:2.8133392333984375e-05
delete time:2.9325485229492188e-05
delete time:4.076957702636719e-05
delete time:3.409385681152344e-05
delete time:3.719329833984375e-05
delete time:4.744529724121094e-05
delete time:3.075599670410156e-05
delete time:3.600120544433594e-05
delete time:3.0279159545898438e-05
delete time:4.38690185546875e-05
delete time:2.6464462280273438e-05
delete time:3.218650817871094e-05
delete time:3.218650817871094e-05
delete time:3.170967102050781e-05
delete time:2.6226043701171875e-05
delete time:2.1457672119140625e-05
delete time:3.218650817871094e-05
delete time:4.100799560546875e-05
delete time:3.814697265625e-05
delete time:1.811981201171875e-05
delete time:3.504753112792969e-05
delete time:3.62396240234375e-05
delete time:2.6226043701171875e-05
delete time:2.4557113647460938e-05
delete time:3.361701965332031e-05
delete time:3.743171691894531e-05
delete time:3.0517578125e-05
delete time:3.457069396972656e-05
delete time:4.410743713378906e-05
delete time:2.574920654296875e-05
delete time:3.0040740966796875e-05
delete time:2.6464462280273438e-05
delete time:2.5272369384765625e-05
delete time:3.457069396972656e-05
delete time:2.5510787963867188e-05
delete time:2.4318695068359375e-05
delete time:2.956390380859375e-05
delete time:2.2649765014648438e-05
delete time:2.6226043701171875e-05
delete time:2.956390380859375e-05
delete time:3.504753112792969e-05
delete time:2.0742416381835938e-05
delete time:3.314018249511719e-05
delete time:2.9802322387695312e-05
delete time:3.4332275390625e-05
delete time:2.6702880859375e-05
delete time:2.1457672119140625e-05
delete time:3.743171691894531e-05
delete time:2.8371810913085938e-05
delete time:2.956390380859375e-05
delete time:3.218650817871094e-05
delete time:3.075599670410156e-05
delete time:2.86102294921875e-05
delete time:3.528594970703125e-05
delete time:2.2649765014648438e-05
delete time:2.86102294921875e-05
delete time:2.7179718017578125e-05
delete time:2.5033950805664062e-05
delete time:3.910064697265625e-05
delete time:3.0994415283203125e-05
delete time:2.5272369384765625e-05
delete time:3.7670135498046875e-05
delete time:3.886222839355469e-05
delete time:3.0279159545898438e-05
delete time:3.504753112792969e-05
delete time:3.695487976074219e-05
delete time:3.933906555175781e-05
delete time:3.147125244140625e-05
delete time:3.314018249511719e-05
delete time:2.5987625122070312e-05
delete time:4.076957702636719e-05
delete time:2.8848648071289062e-05
delete time:3.886222839355469e-05
delete time:4.38690185546875e-05
delete time:2.6226043701171875e-05
delete time:3.4809112548828125e-05
delete time:2.4557113647460938e-05
delete time:3.1948089599609375e-05
delete time:2.4318695068359375e-05
delete time:2.956390380859375e-05
delete time:2.6702880859375e-05
delete time:3.647804260253906e-05
delete time:3.1948089599609375e-05
delete time:2.6702880859375e-05
delete time:3.719329833984375e-05
delete time:3.552436828613281e-05
delete time:3.2901763916015625e-05
delete time:3.0040740966796875e-05
delete time:2.6702880859375e-05
delete time:3.147125244140625e-05
delete time:3.528594970703125e-05
delete time:4.00543212890625e-05
delete time:3.5762786865234375e-05
delete time:3.4809112548828125e-05
delete time:2.6702880859375e-05
delete time:3.62396240234375e-05
delete time:3.3855438232421875e-05
delete time:3.552436828613281e-05
delete time:4.100799560546875e-05
delete time:2.956390380859375e-05
delete time:3.814697265625e-05
delete time:3.0279159545898438e-05
delete time:3.695487976074219e-05
delete time:2.7418136596679688e-05
delete time:3.123283386230469e-05
delete time:2.6941299438476562e-05
delete time:3.075599670410156e-05
delete time:2.09808349609375e-05
delete time:3.552436828613281e-05
delete time:2.956390380859375e-05
delete time:2.956390380859375e-05
delete time:2.2411346435546875e-05
delete time:2.09808349609375e-05
delete time:4.5299530029296875e-05
delete time:3.814697265625e-05
delete time:3.1948089599609375e-05
delete time:4.458427429199219e-05
delete time:3.0040740966796875e-05
delete time:3.600120544433594e-05
delete time:3.910064697265625e-05
delete time:2.7894973754882812e-05
delete time:3.9577484130859375e-05
delete time:3.3855438232421875e-05
delete time:2.384185791015625e-05
delete time:4.124641418457031e-05
delete time:3.504753112792969e-05
delete time:3.719329833984375e-05
delete time:3.504753112792969e-05
delete time:3.218650817871094e-05
delete time:3.504753112792969e-05
delete time:3.8623809814453125e-05
delete time:3.910064697265625e-05
delete time:2.6226043701171875e-05
delete time:3.6716461181640625e-05
delete time:2.7179718017578125e-05
delete time:3.170967102050781e-05
delete time:3.8623809814453125e-05
delete time:2.6226043701171875e-05
delete time:3.647804260253906e-05
delete time:2.9087066650390625e-05
delete time:3.218650817871094e-05
delete time:3.147125244140625e-05
delete time:3.528594970703125e-05
delete time:2.6702880859375e-05
delete time:3.552436828613281e-05
delete time:3.409385681152344e-05
delete time:3.3855438232421875e-05
delete time:3.4332275390625e-05
delete time:2.86102294921875e-05
delete time:2.7894973754882812e-05
delete time:2.47955322265625e-05
delete time:3.528594970703125e-05
delete time:3.147125244140625e-05
delete time:3.1948089599609375e-05
delete time:2.8371810913085938e-05
delete time:2.574920654296875e-05
delete time:3.9577484130859375e-05
delete time:3.170967102050781e-05
delete time:3.2901763916015625e-05
delete time:2.2411346435546875e-05
delete time:2.6464462280273438e-05
delete time:4.100799560546875e-05
delete time:2.4557113647460938e-05
delete time:3.0994415283203125e-05
delete time:2.8133392333984375e-05
delete time:2.7418136596679688e-05
delete time:2.9087066650390625e-05
delete time:4.1484832763671875e-05
delete time:2.193450927734375e-05
delete time:3.695487976074219e-05
delete time:3.123283386230469e-05
delete time:2.7418136596679688e-05
delete time:4.291534423828125e-05
delete time:2.1457672119140625e-05
delete time:3.4332275390625e-05
delete time:2.5272369384765625e-05
delete time:2.1696090698242188e-05
delete time:2.9802322387695312e-05
delete time:2.5033950805664062e-05
delete time:2.8848648071289062e-05
delete time:3.24249267578125e-05
delete time:3.600120544433594e-05
delete time:3.0279159545898438e-05
delete time:2.6464462280273438e-05
delete time:3.218650817871094e-05
delete time:3.457069396972656e-05
delete time:3.218650817871094e-05
delete time:1.9550323486328125e-05
delete time:2.6226043701171875e-05
delete time:4.792213439941406e-05
delete time:2.9325485229492188e-05
delete time:3.4332275390625e-05
delete time:3.0517578125e-05
delete time:2.6941299438476562e-05
delete time:3.0994415283203125e-05
delete time:3.457069396972656e-05
delete time:2.9087066650390625e-05
delete time:2.9087066650390625e-05
delete time:3.0994415283203125e-05
delete time:2.384185791015625e-05
delete time:3.361701965332031e-05
delete time:2.288818359375e-05
delete time:3.361701965332031e-05
delete time:4.6253204345703125e-05
delete time:2.9802322387695312e-05
delete time:2.8371810913085938e-05
delete time:2.0503997802734375e-05
delete time:3.62396240234375e-05
delete time:2.3126602172851562e-05
delete time:3.0994415283203125e-05
delete time:3.933906555175781e-05
delete time:3.075599670410156e-05
delete time:1.8596649169921875e-05
delete time:2.7418136596679688e-05
delete time:3.1948089599609375e-05
delete time:2.86102294921875e-05
delete time:2.7894973754882812e-05
delete time:4.029273986816406e-05
delete time:3.314018249511719e-05
delete time:2.5033950805664062e-05
delete time:2.2172927856445312e-05
delete time:3.8623809814453125e-05
delete time:3.361701965332031e-05
delete time:2.765655517578125e-05
delete time:2.9087066650390625e-05
delete time:2.9802322387695312e-05
delete time:2.3603439331054688e-05
delete time:2.956390380859375e-05
delete time:2.8133392333984375e-05
delete time:1.8358230590820312e-05
delete time:2.2411346435546875e-05
delete time:3.1948089599609375e-05
delete time:2.9087066650390625e-05
delete time:3.62396240234375e-05
delete time:3.075599670410156e-05
delete time:1.7404556274414062e-05
delete time:3.5762786865234375e-05
delete time:3.2901763916015625e-05
delete time:2.6226043701171875e-05
delete time:3.123283386230469e-05
delete time:3.7670135498046875e-05
delete time:3.62396240234375e-05
delete time:3.123283386230469e-05
delete time:2.47955322265625e-05
delete time:2.8371810913085938e-05
delete time:3.0517578125e-05
delete time:2.7179718017578125e-05
delete time:2.7418136596679688e-05
delete time:3.6716461181640625e-05
delete time:4.6253204345703125e-05
delete time:2.7894973754882812e-05
delete time:3.075599670410156e-05
delete time:2.6941299438476562e-05
delete time:3.62396240234375e-05
delete time:3.0040740966796875e-05
delete time:2.6226043701171875e-05
delete time:3.123283386230469e-05
delete time:3.075599670410156e-05
delete time:4.267692565917969e-05
delete time:1.8358230590820312e-05
delete time:3.123283386230469e-05
delete time:4.458427429199219e-05
delete time:2.574920654296875e-05
delete time:2.6941299438476562e-05
delete time:3.24249267578125e-05
delete time:2.1457672119140625e-05
delete time:3.075599670410156e-05
delete time:3.266334533691406e-05
delete time:2.6464462280273438e-05
delete time:4.506111145019531e-05
delete time:2.288818359375e-05
delete time:4.100799560546875e-05
delete time:2.9325485229492188e-05
delete time:3.409385681152344e-05
delete time:3.814697265625e-05
delete time:3.552436828613281e-05
delete time:2.384185791015625e-05
delete time:4.315376281738281e-05
delete time:3.0279159545898438e-05
delete time:3.504753112792969e-05
delete time:2.8371810913085938e-05
delete time:3.6716461181640625e-05
delete time:2.86102294921875e-05
delete time:3.695487976074219e-05
delete time:3.1948089599609375e-05
delete time:3.147125244140625e-05
delete time:4.267692565917969e-05
delete time:3.3855438232421875e-05
delete time:3.0040740966796875e-05
delete time:1.71661376953125e-05
delete time:2.384185791015625e-05
delete time:3.886222839355469e-05
delete time:3.504753112792969e-05
delete time:2.956390380859375e-05
delete time:3.0279159545898438e-05
delete time:3.695487976074219e-05
delete time:1.9550323486328125e-05
delete time:2.9802322387695312e-05
delete time:2.574920654296875e-05
delete time:2.6464462280273438e-05
delete time:2.956390380859375e-05
delete time:2.47955322265625e-05
delete time:3.409385681152344e-05
delete time:3.24249267578125e-05
delete time:3.218650817871094e-05
delete time:2.6226043701171875e-05
delete time:2.6464462280273438e-05
delete time:3.790855407714844e-05
delete time:3.743171691894531e-05
delete time:2.47955322265625e-05
delete time:2.9325485229492188e-05
delete time:2.5033950805664062e-05
delete time:3.4332275390625e-05
delete time:2.193450927734375e-05
delete time:2.6702880859375e-05
delete time:2.6941299438476562e-05
delete time:3.838539123535156e-05
delete time:3.8623809814453125e-05
delete time:2.6941299438476562e-05
delete time:3.266334533691406e-05
delete time:3.361701965332031e-05
delete time:3.1948089599609375e-05
delete time:3.218650817871094e-05
delete time:3.7670135498046875e-05
delete time:3.457069396972656e-05
delete time:3.4809112548828125e-05
delete time:3.4809112548828125e-05
delete time:4.029273986816406e-05
delete time:3.1948089599609375e-05
delete time:2.7418136596679688e-05
delete time:2.956390380859375e-05
delete time:3.0040740966796875e-05
delete time:2.4557113647460938e-05
delete time:3.147125244140625e-05
delete time:4.124641418457031e-05
delete time:3.075599670410156e-05
delete time:4.482269287109375e-05
delete time:3.266334533691406e-05
delete time:3.0040740966796875e-05
delete time:4.029273986816406e-05
delete time:2.8371810913085938e-05
delete time:3.075599670410156e-05
delete time:3.24249267578125e-05
delete time:2.0265579223632812e-05
delete time:2.5272369384765625e-05
delete time:3.075599670410156e-05
delete time:2.9325485229492188e-05
delete time:1.8358230590820312e-05
delete time:3.075599670410156e-05
delete time:3.409385681152344e-05
delete time:2.7894973754882812e-05
delete time:3.170967102050781e-05
delete time:3.552436828613281e-05
delete time:2.5987625122070312e-05
delete time:1.9550323486328125e-05
delete time:2.8371810913085938e-05
delete time:3.7670135498046875e-05
delete time:4.220008850097656e-05
delete time:3.218650817871094e-05
delete time:3.933906555175781e-05
delete time:3.7670135498046875e-05
delete time:2.5987625122070312e-05
delete time:4.00543212890625e-05
delete time:3.147125244140625e-05
delete time:4.029273986816406e-05
delete time:2.7894973754882812e-05
delete time:2.7894973754882812e-05
delete time:2.574920654296875e-05
delete time:2.193450927734375e-05
delete time:3.528594970703125e-05
delete time:2.4080276489257812e-05
delete time:3.790855407714844e-05
delete time:2.574920654296875e-05
delete time:2.2649765014648438e-05
delete time:2.9087066650390625e-05
delete time:2.9087066650390625e-05
delete time:3.6716461181640625e-05
delete time:3.62396240234375e-05
delete time:1.8358230590820312e-05
delete time:3.600120544433594e-05
delete time:3.337860107421875e-05
delete time:2.9802322387695312e-05
delete time:3.2901763916015625e-05
delete time:3.910064697265625e-05
delete time:3.457069396972656e-05
delete time:3.4332275390625e-05
delete time:3.0994415283203125e-05
delete time:3.266334533691406e-05
delete time:3.695487976074219e-05
delete time:3.1948089599609375e-05
delete time:3.0994415283203125e-05
delete time:3.838539123535156e-05
delete time:4.3392181396484375e-05
delete time:3.266334533691406e-05
delete time:4.076957702636719e-05
delete time:2.0503997802734375e-05
delete time:2.5510787963867188e-05
delete time:3.337860107421875e-05
delete time:2.2649765014648438e-05
delete time:3.457069396972656e-05
delete time:3.075599670410156e-05
delete time:2.5510787963867188e-05
delete time:2.956390380859375e-05
delete time:2.8371810913085938e-05
delete time:2.9325485229492188e-05
delete time:3.2901763916015625e-05
delete time:4.029273986816406e-05
delete time:4.172325134277344e-05
delete time:2.9325485229492188e-05
delete time:3.3855438232421875e-05
delete time:2.956390380859375e-05
delete time:3.2901763916015625e-05
delete time:2.7418136596679688e-05
delete time:5.173683166503906e-05
delete time:3.457069396972656e-05
delete time:3.910064697265625e-05
delete time:4.839897155761719e-05
delete time:3.695487976074219e-05
delete time:4.363059997558594e-05
delete time:3.24249267578125e-05
delete time:2.9802322387695312e-05
delete time:3.123283386230469e-05
delete time:2.47955322265625e-05
delete time:3.743171691894531e-05
delete time:2.7418136596679688e-05
delete time:2.4318695068359375e-05
delete time:2.5987625122070312e-05
delete time:3.886222839355469e-05
delete time:2.4318695068359375e-05
delete time:2.86102294921875e-05
delete time:4.4345855712890625e-05
delete time:3.2901763916015625e-05
delete time:4.792213439941406e-05
delete time:3.3855438232421875e-05
delete time:2.2411346435546875e-05
delete time:4.3392181396484375e-05
delete time:2.8371810913085938e-05
delete time:2.7894973754882812e-05
delete time:2.8371810913085938e-05
delete time:3.123283386230469e-05
delete time:2.384185791015625e-05
delete time:2.3603439331054688e-05
delete time:2.765655517578125e-05
delete time:2.956390380859375e-05
delete time:2.6941299438476562e-05
delete time:2.9087066650390625e-05
delete time:2.6702880859375e-05
delete time:3.170967102050781e-05
delete time:3.719329833984375e-05
delete time:2.765655517578125e-05
delete time:3.4809112548828125e-05
delete time:2.574920654296875e-05
delete time:3.504753112792969e-05
delete time:3.910064697265625e-05
delete time:2.7418136596679688e-05
delete time:2.4557113647460938e-05
delete time:2.193450927734375e-05
delete time:3.266334533691406e-05
delete time:3.361701965332031e-05
delete time:3.719329833984375e-05
delete time:3.504753112792969e-05
delete time:2.0265579223632812e-05
delete time:3.933906555175781e-05
delete time:2.6226043701171875e-05
delete time:3.981590270996094e-05
delete time:2.6226043701171875e-05
delete time:3.457069396972656e-05
delete time:3.62396240234375e-05
delete time:3.123283386230469e-05
delete time:3.695487976074219e-05
delete time:3.4332275390625e-05
delete time:2.7179718017578125e-05
delete time:4.673004150390625e-05
delete time:3.910064697265625e-05
delete time:4.172325134277344e-05
delete time:3.9577484130859375e-05
delete time:2.4557113647460938e-05
delete time:4.506111145019531e-05
delete time:3.743171691894531e-05
delete time:2.3365020751953125e-05
delete time:3.0040740966796875e-05
delete time:4.76837158203125e-05
delete time:3.814697265625e-05
delete time:3.1948089599609375e-05
delete time:3.695487976074219e-05
delete time:3.7670135498046875e-05
delete time:3.8623809814453125e-05
delete time:2.7894973754882812e-05
delete time:3.0040740966796875e-05
delete time:4.029273986816406e-05
delete time:3.266334533691406e-05
delete time:2.765655517578125e-05
delete time:2.765655517578125e-05
delete time:3.552436828613281e-05
delete time:3.075599670410156e-05
delete time:2.9325485229492188e-05
delete time:2.5510787963867188e-05
delete time:2.7418136596679688e-05
delete time:2.0742416381835938e-05
delete time:4.076957702636719e-05
delete time:2.7418136596679688e-05
delete time:4.220008850097656e-05
delete time:3.695487976074219e-05
delete time:2.86102294921875e-05
delete time:2.5987625122070312e-05
delete time:2.288818359375e-05
delete time:2.8133392333984375e-05
delete time:3.457069396972656e-05
delete time:3.552436828613281e-05
delete time:4.029273986816406e-05
delete time:3.528594970703125e-05
delete time:4.124641418457031e-05
delete time:2.6702880859375e-05
delete time:2.47955322265625e-05
delete time:2.6226043701171875e-05
delete time:3.3855438232421875e-05
delete time:2.6702880859375e-05
delete time:3.0279159545898438e-05
delete time:2.9087066650390625e-05
delete time:2.6941299438476562e-05
delete time:3.337860107421875e-05
delete time:2.7418136596679688e-05
delete time:3.600120544433594e-05
delete time:2.47955322265625e-05
delete time:4.029273986816406e-05
delete time:2.8848648071289062e-05
delete time:3.4809112548828125e-05
delete time:3.5762786865234375e-05
delete time:2.384185791015625e-05
delete time:2.2411346435546875e-05
delete time:2.6702880859375e-05
delete time:2.9325485229492188e-05
delete time:2.8133392333984375e-05
delete time:2.09808349609375e-05
delete time:3.218650817871094e-05
delete time:2.574920654296875e-05
delete time:3.457069396972656e-05
delete time:2.9802322387695312e-05
delete time:4.887580871582031e-05
delete time:2.7894973754882812e-05
delete time:2.0742416381835938e-05
delete time:3.6716461181640625e-05
delete time:4.482269287109375e-05
delete time:2.4318695068359375e-05
delete time:3.9577484130859375e-05
delete time:2.384185791015625e-05
delete time:4.363059997558594e-05
delete time:3.528594970703125e-05
delete time:3.552436828613281e-05
delete time:2.6702880859375e-05
delete time:4.506111145019531e-05
delete time:3.814697265625e-05
delete time:2.09808349609375e-05
delete time:3.0517578125e-05
delete time:3.981590270996094e-05
delete time:3.0994415283203125e-05
delete time:2.47955322265625e-05
delete time:2.2411346435546875e-05
delete time:3.218650817871094e-05
delete time:2.4557113647460938e-05
delete time:2.86102294921875e-05
delete time:2.288818359375e-05
delete time:2.3365020751953125e-05
delete time:3.910064697265625e-05
delete time:3.7670135498046875e-05
delete time:3.361701965332031e-05
delete time:3.170967102050781e-05
delete time:2.765655517578125e-05
delete time:3.409385681152344e-05
delete time:2.1219253540039062e-05
delete time:3.2901763916015625e-05
delete time:4.553794860839844e-05
delete time:4.458427429199219e-05
delete time:2.7894973754882812e-05
delete time:3.266334533691406e-05
delete time:3.647804260253906e-05
delete time:3.504753112792969e-05
delete time:3.24249267578125e-05
delete time:3.0517578125e-05
delete time:3.170967102050781e-05
delete time:3.457069396972656e-05
delete time:4.124641418457031e-05
delete time:2.2649765014648438e-05
delete time:2.3603439331054688e-05
delete time:4.6253204345703125e-05
delete time:3.0517578125e-05
delete time:1.8835067749023438e-05
delete time:3.409385681152344e-05
delete time:3.170967102050781e-05
delete time:3.62396240234375e-05
delete time:3.790855407714844e-05
delete time:2.6464462280273438e-05
delete time:1.7642974853515625e-05
delete time:2.7418136596679688e-05
delete time:3.5762786865234375e-05
delete time:3.0040740966796875e-05
delete time:3.886222839355469e-05
delete time:2.5510787963867188e-05
delete time:4.100799560546875e-05
delete time:2.0503997802734375e-05
delete time:3.504753112792969e-05
delete time:3.9577484130859375e-05
delete time:2.7179718017578125e-05
delete time:2.1219253540039062e-05
delete time:3.647804260253906e-05
delete time:2.8133392333984375e-05
delete time:2.6702880859375e-05
delete time:2.4318695068359375e-05
delete time:3.0279159545898438e-05
delete time:2.6702880859375e-05
delete time:2.9325485229492188e-05
delete time:2.5510787963867188e-05
delete time:3.0517578125e-05
delete time:2.8848648071289062e-05
delete time:3.218650817871094e-05
delete time:2.09808349609375e-05
delete time:3.552436828613281e-05
delete time:2.9325485229492188e-05
delete time:2.0503997802734375e-05
delete time:4.00543212890625e-05
delete time:2.8848648071289062e-05
delete time:2.09808349609375e-05
delete time:3.337860107421875e-05
delete time:2.7894973754882812e-05
delete time:2.6226043701171875e-05
delete time:2.5272369384765625e-05
delete time:3.2901763916015625e-05
delete time:2.956390380859375e-05
delete time:3.3855438232421875e-05
delete time:3.4809112548828125e-05
delete time:2.6226043701171875e-05
delete time:2.574920654296875e-05
delete time:2.288818359375e-05
delete time:3.3855438232421875e-05
delete time:3.9577484130859375e-05
delete time:2.2411346435546875e-05
delete time:1.8835067749023438e-05
delete time:2.384185791015625e-05
delete time:3.600120544433594e-05
delete time:4.291534423828125e-05
delete time:2.86102294921875e-05
delete time:2.47955322265625e-05
delete time:2.47955322265625e-05
delete time:2.956390380859375e-05
delete time:2.5272369384765625e-05
delete time:2.765655517578125e-05
delete time:2.8848648071289062e-05
delete time:2.7418136596679688e-05
delete time:3.719329833984375e-05
delete time:3.2901763916015625e-05
delete time:3.314018249511719e-05
delete time:1.9788742065429688e-05
delete time:2.3126602172851562e-05
delete time:2.3365020751953125e-05
delete time:3.361701965332031e-05
delete time:4.100799560546875e-05
delete time:3.790855407714844e-05
delete time:3.218650817871094e-05
delete time:3.6716461181640625e-05
delete time:1.9550323486328125e-05
delete time:3.647804260253906e-05
delete time:3.910064697265625e-05
delete time:3.790855407714844e-05
delete time:4.076957702636719e-05
delete time:3.361701965332031e-05
delete time:1.7404556274414062e-05
delete time:2.7418136596679688e-05
delete time:3.647804260253906e-05
delete time:4.124641418457031e-05
delete time:4.1484832763671875e-05
delete time:3.9577484130859375e-05
delete time:3.147125244140625e-05
delete time:3.123283386230469e-05
delete time:2.8133392333984375e-05
delete time:3.170967102050781e-05
delete time:3.6716461181640625e-05
delete time:2.7418136596679688e-05
delete time:3.314018249511719e-05
delete time:3.0994415283203125e-05
delete time:1.8596649169921875e-05
delete time:3.218650817871094e-05
delete time:4.172325134277344e-05
delete time:1.6689300537109375e-05
delete time:3.3855438232421875e-05
delete time:3.838539123535156e-05
delete time:3.886222839355469e-05
delete time:3.0994415283203125e-05
delete time:3.600120544433594e-05
delete time:3.4332275390625e-05
delete time:2.8848648071289062e-05
delete time:3.1948089599609375e-05
delete time:2.5272369384765625e-05
delete time:3.8623809814453125e-05
delete time:2.4318695068359375e-05
delete time:3.337860107421875e-05
delete time:2.5510787963867188e-05
delete time:3.4809112548828125e-05
delete time:3.5762786865234375e-05
delete time:2.4557113647460938e-05
delete time:4.2438507080078125e-05
delete time:4.267692565917969e-05
delete time:2.5987625122070312e-05
delete time:3.62396240234375e-05
delete time:2.8848648071289062e-05
delete time:3.600120544433594e-05
delete time:3.2901763916015625e-05
delete time:2.8848648071289062e-05
delete time:2.6464462280273438e-05
delete time:3.528594970703125e-05
delete time:2.8848648071289062e-05
delete time:3.409385681152344e-05
delete time:2.956390380859375e-05
delete time:3.647804260253906e-05
delete time:3.814697265625e-05
delete time:1.7642974853515625e-05
delete time:3.504753112792969e-05
delete time:3.886222839355469e-05
delete time:3.838539123535156e-05
delete time:3.123283386230469e-05
delete time:3.5762786865234375e-05
delete time:3.528594970703125e-05
delete time:3.5762786865234375e-05
delete time:3.3855438232421875e-05
delete time:2.3126602172851562e-05
delete time:3.838539123535156e-05
delete time:3.62396240234375e-05
delete time:2.8133392333984375e-05
delete time:3.314018249511719e-05
delete time:3.0040740966796875e-05
delete time:3.218650817871094e-05
delete time:3.170967102050781e-05
delete time:2.288818359375e-05
delete time:3.266334533691406e-05
delete time:2.7179718017578125e-05
delete time:3.600120544433594e-05
delete time:2.0742416381835938e-05
delete time:4.38690185546875e-05
delete time:2.5272369384765625e-05
delete time:3.2901763916015625e-05
delete time:3.0517578125e-05
delete time:4.673004150390625e-05
delete time:4.267692565917969e-05
delete time:3.337860107421875e-05
delete time:4.482269287109375e-05
delete time:3.933906555175781e-05
delete time:2.6702880859375e-05
delete time:3.3855438232421875e-05
delete time:3.337860107421875e-05
delete time:2.9087066650390625e-05
delete time:2.5510787963867188e-05
delete time:4.029273986816406e-05
delete time:2.6464462280273438e-05
delete time:3.504753112792969e-05
delete time:2.7894973754882812e-05
delete time:3.0279159545898438e-05
delete time:2.8371810913085938e-05
delete time:2.8848648071289062e-05
delete time:2.384185791015625e-05
delete time:4.3392181396484375e-05
delete time:3.5762786865234375e-05
delete time:4.172325134277344e-05
delete time:2.3126602172851562e-05
delete time:1.7642974853515625e-05
delete time:2.765655517578125e-05
delete time:2.9087066650390625e-05
delete time:2.7418136596679688e-05
delete time:2.86102294921875e-05
delete time:2.3603439331054688e-05
delete time:3.266334533691406e-05
delete time:3.695487976074219e-05
delete time:3.838539123535156e-05
delete time:3.361701965332031e-05
delete time:2.8133392333984375e-05
delete time:3.1948089599609375e-05
delete time:3.457069396972656e-05
delete time:3.218650817871094e-05
delete time:2.5033950805664062e-05
delete time:2.6702880859375e-05
delete time:3.8623809814453125e-05
delete time:2.6464462280273438e-05
delete time:3.075599670410156e-05
delete time:3.314018249511719e-05
delete time:3.62396240234375e-05
delete time:3.266334533691406e-05
delete time:4.935264587402344e-05
delete time:2.47955322265625e-05
delete time:3.266334533691406e-05
delete time:3.814697265625e-05
delete time:3.504753112792969e-05
delete time:2.7894973754882812e-05
delete time:4.6253204345703125e-05
delete time:3.123283386230469e-05
delete time:3.3855438232421875e-05
delete time:2.86102294921875e-05
delete time:2.9325485229492188e-05
delete time:2.6702880859375e-05
delete time:2.7418136596679688e-05
delete time:4.363059997558594e-05
delete time:4.0531158447265625e-05
delete time:3.409385681152344e-05
delete time:2.384185791015625e-05
delete time:2.7418136596679688e-05
delete time:2.7418136596679688e-05
delete time:3.314018249511719e-05
delete time:3.2901763916015625e-05
delete time:3.075599670410156e-05
delete time:2.5987625122070312e-05
delete time:3.170967102050781e-05
delete time:3.719329833984375e-05
delete time:2.6702880859375e-05
delete time:2.9802322387695312e-05
delete time:3.266334533691406e-05
delete time:4.291534423828125e-05
delete time:2.6941299438476562e-05
delete time:2.6702880859375e-05
delete time:3.147125244140625e-05
delete time:4.100799560546875e-05
delete time:3.647804260253906e-05
delete time:2.5987625122070312e-05
delete time:2.6941299438476562e-05
delete time:3.123283386230469e-05
delete time:4.315376281738281e-05
delete time:3.337860107421875e-05
delete time:3.0517578125e-05
delete time:2.6702880859375e-05
delete time:4.744529724121094e-05
delete time:3.409385681152344e-05
delete time:3.647804260253906e-05
delete time:2.5272369384765625e-05
delete time:3.552436828613281e-05
delete time:3.337860107421875e-05
delete time:3.600120544433594e-05
delete time:2.7179718017578125e-05
delete time:4.839897155761719e-05
delete time:3.5762786865234375e-05
delete time:3.1948089599609375e-05
delete time:4.029273986816406e-05
delete time:3.600120544433594e-05
delete time:3.0994415283203125e-05
delete time:3.0279159545898438e-05
delete time:3.457069396972656e-05
delete time:4.5299530029296875e-05
delete time:2.5272369384765625e-05
delete time:3.647804260253906e-05
delete time:2.6702880859375e-05
delete time:3.695487976074219e-05
delete time:2.5033950805664062e-05
delete time:4.2438507080078125e-05
delete time:3.552436828613281e-05
delete time:3.838539123535156e-05
delete time:2.9802322387695312e-05
delete time:3.457069396972656e-05
delete time:4.6253204345703125e-05
delete time:2.2172927856445312e-05
delete time:3.600120544433594e-05
delete time:3.218650817871094e-05
delete time:3.4809112548828125e-05
delete time:4.3392181396484375e-05
delete time:3.0994415283203125e-05
delete time:3.075599670410156e-05
delete time:2.3365020751953125e-05
delete time:2.8133392333984375e-05
delete time:3.218650817871094e-05
delete time:3.314018249511719e-05
delete time:4.124641418457031e-05
delete time:4.1484832763671875e-05
delete time:2.4318695068359375e-05
delete time:1.7642974853515625e-05
delete time:1.9073486328125e-05
delete time:3.0279159545898438e-05
delete time:3.337860107421875e-05
delete time:2.765655517578125e-05
delete time:2.6464462280273438e-05
delete time:3.838539123535156e-05
delete time:2.6941299438476562e-05
delete time:3.8623809814453125e-05
delete time:3.123283386230469e-05
delete time:3.218650817871094e-05
delete time:3.4809112548828125e-05
delete time:2.8371810913085938e-05
delete time:3.910064697265625e-05
delete time:3.1948089599609375e-05
delete time:3.170967102050781e-05
delete time:3.886222839355469e-05
delete time:1.8596649169921875e-05
delete time:3.361701965332031e-05
delete time:2.8133392333984375e-05
delete time:2.002716064453125e-05
delete time:2.86102294921875e-05
delete time:2.86102294921875e-05
delete time:3.075599670410156e-05
delete time:2.5510787963867188e-05
delete time:2.6941299438476562e-05
delete time:4.410743713378906e-05
delete time:3.695487976074219e-05
delete time:2.384185791015625e-05
delete time:2.7418136596679688e-05
delete time:3.647804260253906e-05
delete time:4.172325134277344e-05
delete time:2.6226043701171875e-05
delete time:3.552436828613281e-05
delete time:2.765655517578125e-05
delete time:2.3365020751953125e-05
delete time:3.0279159545898438e-05
delete time:4.5299530029296875e-05
delete time:3.3855438232421875e-05
delete time:2.4318695068359375e-05
delete time:2.765655517578125e-05
delete time:4.00543212890625e-05
delete time:3.123283386230469e-05
delete time:2.8133392333984375e-05
delete time:3.504753112792969e-05
delete time:2.574920654296875e-05
delete time:3.0994415283203125e-05
delete time:3.4332275390625e-05
delete time:3.337860107421875e-05
delete time:2.574920654296875e-05
delete time:2.4080276489257812e-05
delete time:3.361701965332031e-05
delete time:2.7418136596679688e-05
delete time:3.361701965332031e-05
delete time:4.076957702636719e-05
delete time:4.124641418457031e-05
delete time:2.7418136596679688e-05
delete time:4.2438507080078125e-05
delete time:2.7418136596679688e-05
delete time:3.170967102050781e-05
delete time:3.0279159545898438e-05
delete time:3.337860107421875e-05
delete time:2.4557113647460938e-05
delete time:3.4809112548828125e-05
delete time:4.076957702636719e-05
delete time:3.218650817871094e-05
delete time:2.956390380859375e-05
delete time:2.956390380859375e-05
delete time:3.337860107421875e-05
delete time:2.765655517578125e-05
delete time:2.9802322387695312e-05
delete time:4.2438507080078125e-05
delete time:1.9311904907226562e-05
delete time:2.8371810913085938e-05
delete time:2.7179718017578125e-05
delete time:2.6941299438476562e-05
delete time:3.933906555175781e-05
delete time:3.0040740966796875e-05
delete time:3.3855438232421875e-05
delete time:3.528594970703125e-05
delete time:2.9325485229492188e-05
delete time:2.8848648071289062e-05
delete time:3.314018249511719e-05
delete time:2.5033950805664062e-05
delete time:3.0517578125e-05
delete time:3.933906555175781e-05
delete time:2.0503997802734375e-05
delete time:3.647804260253906e-05
delete time:2.2172927856445312e-05
delete time:2.5272369384765625e-05
delete time:2.574920654296875e-05
delete time:4.1484832763671875e-05
delete time:3.337860107421875e-05
delete time:3.910064697265625e-05
delete time:2.956390380859375e-05
delete time:2.7418136596679688e-05
delete time:4.482269287109375e-05
delete time:4.696846008300781e-05
delete time:2.9087066650390625e-05
delete time:2.86102294921875e-05
delete time:3.0994415283203125e-05
delete time:2.5987625122070312e-05
delete time:4.124641418457031e-05
delete time:3.075599670410156e-05
delete time:3.504753112792969e-05
delete time:2.9802322387695312e-05
delete time:2.4557113647460938e-05
delete time:2.5033950805664062e-05
delete time:3.314018249511719e-05
delete time:2.5510787963867188e-05
delete time:3.0517578125e-05
delete time:2.6226043701171875e-05
delete time:2.5987625122070312e-05
delete time:3.170967102050781e-05
delete time:2.5033950805664062e-05
delete time:3.9577484130859375e-05
delete time:3.2901763916015625e-05
delete time:2.5510787963867188e-05
delete time:3.552436828613281e-05
delete time:3.266334533691406e-05
delete time:3.337860107421875e-05
delete time:3.4332275390625e-05
delete time:3.337860107421875e-05
delete time:3.24249267578125e-05
delete time:3.6716461181640625e-05
delete time:4.2438507080078125e-05
delete time:3.3855438232421875e-05
delete time:2.8133392333984375e-05
delete time:2.0265579223632812e-05
delete time:4.124641418457031e-05
delete time:2.956390380859375e-05
delete time:2.7179718017578125e-05
delete time:3.0994415283203125e-05
delete time:3.814697265625e-05
delete time:3.0040740966796875e-05
delete time:3.123283386230469e-05
delete time:2.5272369384765625e-05
delete time:2.3126602172851562e-05
delete time:2.384185791015625e-05
delete time:1.7404556274414062e-05
delete time:3.314018249511719e-05
delete time:2.765655517578125e-05
delete time:3.743171691894531e-05
delete time:1.5020370483398438e-05
delete time:2.1457672119140625e-05
delete time:4.482269287109375e-05
delete time:2.765655517578125e-05
delete time:3.123283386230469e-05
delete time:4.00543212890625e-05
delete time:3.0279159545898438e-05
delete time:4.00543212890625e-05
delete time:4.57763671875e-05
delete time:2.8371810913085938e-05
delete time:4.2438507080078125e-05
delete time:3.24249267578125e-05
delete time:2.86102294921875e-05
delete time:3.4332275390625e-05
delete time:4.100799560546875e-05
delete time:3.0279159545898438e-05
delete time:2.6226043701171875e-05
delete time:3.528594970703125e-05
delete time:4.673004150390625e-05
delete time:2.9087066650390625e-05
delete time:2.8133392333984375e-05
delete time:3.4809112548828125e-05
delete time:3.3855438232421875e-05
delete time:4.029273986816406e-05
delete time:3.170967102050781e-05
delete time:2.956390380859375e-05
delete time:2.6941299438476562e-05
delete time:1.8835067749023438e-05
delete time:2.2172927856445312e-05
delete time:2.6226043701171875e-05
delete time:3.0279159545898438e-05
delete time:3.647804260253906e-05
delete time:3.0279159545898438e-05
delete time:5.221366882324219e-05
delete time:2.002716064453125e-05
delete time:3.218650817871094e-05
delete time:2.5510787963867188e-05
delete time:2.956390380859375e-05
delete time:3.528594970703125e-05
delete time:3.6716461181640625e-05
delete time:2.6941299438476562e-05
delete time:1.9550323486328125e-05
delete time:4.5299530029296875e-05
delete time:2.7894973754882812e-05
delete time:3.647804260253906e-05
delete time:3.218650817871094e-05
delete time:3.0040740966796875e-05
delete time:3.3855438232421875e-05
delete time:2.6464462280273438e-05
delete time:2.7179718017578125e-05
delete time:2.4557113647460938e-05
delete time:2.3365020751953125e-05
delete time:3.0994415283203125e-05
delete time:2.7894973754882812e-05
delete time:3.123283386230469e-05
delete time:2.193450927734375e-05
delete time:2.765655517578125e-05
delete time:3.361701965332031e-05
delete time:3.4332275390625e-05
delete time:4.410743713378906e-05
delete time:1.9550323486328125e-05
delete time:2.6226043701171875e-05
delete time:4.124641418457031e-05
delete time:3.528594970703125e-05
delete time:3.695487976074219e-05
delete time:2.86102294921875e-05
delete time:4.3392181396484375e-05
delete time:4.1484832763671875e-05
delete time:4.029273986816406e-05
delete time:1.9788742065429688e-05
delete time:4.00543212890625e-05
delete time:3.886222839355469e-05
delete time:3.218650817871094e-05
delete time:3.8623809814453125e-05
delete time:4.315376281738281e-05
delete time:2.7894973754882812e-05
delete time:3.123283386230469e-05
delete time:2.2172927856445312e-05
delete time:3.5762786865234375e-05
delete time:3.24249267578125e-05
delete time:3.0040740966796875e-05
delete time:2.765655517578125e-05
delete time:3.147125244140625e-05
delete time:2.7179718017578125e-05
delete time:3.0994415283203125e-05
delete time:3.528594970703125e-05
delete time:3.266334533691406e-05
delete time:3.0517578125e-05
delete time:3.24249267578125e-05
delete time:2.9325485229492188e-05
delete time:3.075599670410156e-05
delete time:2.47955322265625e-05
delete time:2.6702880859375e-05
delete time:3.266334533691406e-05
delete time:2.3126602172851562e-05
delete time:2.7179718017578125e-05
delete time:4.744529724121094e-05
delete time:2.7894973754882812e-05
delete time:3.790855407714844e-05
delete time:2.3603439331054688e-05
delete time:3.719329833984375e-05
delete time:3.457069396972656e-05
delete time:3.528594970703125e-05
delete time:3.0040740966796875e-05
delete time:2.6941299438476562e-05
delete time:5.507469177246094e-05
delete time:2.7179718017578125e-05
delete time:2.2649765014648438e-05
delete time:3.0040740966796875e-05
delete time:2.3365020751953125e-05
delete time:2.6941299438476562e-05
delete time:3.24249267578125e-05
delete time:2.574920654296875e-05
delete time:2.2649765014648438e-05
delete time:3.0040740966796875e-05
delete time:3.409385681152344e-05
delete time:2.2649765014648438e-05
delete time:3.2901763916015625e-05
delete time:2.9325485229492188e-05
delete time:3.075599670410156e-05
delete time:3.218650817871094e-05
delete time:2.193450927734375e-05
delete time:4.2438507080078125e-05
delete time:2.8371810913085938e-05
delete time:3.4332275390625e-05
delete time:4.2438507080078125e-05
delete time:3.504753112792969e-05
delete time:2.9325485229492188e-05
delete time:2.8848648071289062e-05
delete time:2.1696090698242188e-05
delete time:2.9087066650390625e-05
delete time:3.9577484130859375e-05
delete time:2.6941299438476562e-05
delete time:2.9325485229492188e-05
delete time:3.0040740966796875e-05
delete time:3.910064697265625e-05
delete time:3.361701965332031e-05
delete time:2.6941299438476562e-05
delete time:2.6702880859375e-05
delete time:3.457069396972656e-05
delete time:2.5510787963867188e-05
delete time:3.3855438232421875e-05
delete time:3.1948089599609375e-05
delete time:3.0279159545898438e-05
delete time:2.574920654296875e-05
delete time:3.0994415283203125e-05
delete time:4.076957702636719e-05
delete time:2.09808349609375e-05
delete time:2.47955322265625e-05
delete time:2.1457672119140625e-05
delete time:3.2901763916015625e-05
delete time:3.7670135498046875e-05
delete time:3.218650817871094e-05
delete time:2.6702880859375e-05
delete time:3.719329833984375e-05
delete time:2.5987625122070312e-05
delete time:2.5510787963867188e-05
delete time:3.0994415283203125e-05
delete time:2.193450927734375e-05
delete time:3.600120544433594e-05
delete time:2.9802322387695312e-05
delete time:4.1961669921875e-05
delete time:3.218650817871094e-05
delete time:2.288818359375e-05
delete time:3.552436828613281e-05
delete time:3.123283386230469e-05
delete time:2.6941299438476562e-05
delete time:3.0279159545898438e-05
delete time:2.8371810913085938e-05
delete time:4.220008850097656e-05
delete time:2.574920654296875e-05
delete time:3.218650817871094e-05
delete time:2.288818359375e-05
delete time:4.0531158447265625e-05
delete time:3.337860107421875e-05
delete time:2.4080276489257812e-05
delete time:4.8160552978515625e-05
delete time:2.9087066650390625e-05
delete time:2.47955322265625e-05
delete time:2.6226043701171875e-05
delete time:3.218650817871094e-05
delete time:3.790855407714844e-05
delete time:3.6716461181640625e-05
delete time:2.09808349609375e-05
delete time:2.3603439331054688e-05
delete time:4.839897155761719e-05
delete time:2.8371810913085938e-05
delete time:2.9325485229492188e-05
delete time:3.5762786865234375e-05
delete time:2.5033950805664062e-05
delete time:2.4318695068359375e-05
delete time:3.314018249511719e-05
delete time:3.0994415283203125e-05
delete time:3.838539123535156e-05
delete time:2.9087066650390625e-05
delete time:3.790855407714844e-05
delete time:3.3855438232421875e-05
delete time:3.504753112792969e-05
delete time:3.409385681152344e-05
delete time:4.100799560546875e-05
delete time:3.528594970703125e-05
delete time:4.0531158447265625e-05
delete time:3.075599670410156e-05
delete time:2.1219253540039062e-05
delete time:2.8133392333984375e-05
delete time:4.1484832763671875e-05
delete time:3.0040740966796875e-05
delete time:3.7670135498046875e-05
delete time:3.075599670410156e-05
delete time:4.2438507080078125e-05
delete time:4.506111145019531e-05
delete time:3.0279159545898438e-05
delete time:2.47955322265625e-05
delete time:2.6226043701171875e-05
delete time:4.00543212890625e-05
delete time:2.3365020751953125e-05
delete time:3.314018249511719e-05
delete time:1.9073486328125e-05
delete time:2.5987625122070312e-05
delete time:3.0994415283203125e-05
delete time:2.9802322387695312e-05
delete time:3.0040740966796875e-05
delete time:4.00543212890625e-05
delete time:4.0531158447265625e-05
delete time:2.0503997802734375e-05
delete time:3.0040740966796875e-05
delete time:3.552436828613281e-05
delete time:2.47955322265625e-05
delete time:3.719329833984375e-05
delete time:2.193450927734375e-05
delete time:2.86102294921875e-05
delete time:3.552436828613281e-05
delete time:2.47955322265625e-05
delete time:3.361701965332031e-05
delete time:2.9087066650390625e-05
delete time:2.6941299438476562e-05
delete time:3.2901763916015625e-05
delete time:3.8623809814453125e-05
delete time:3.075599670410156e-05
delete time:1.9788742065429688e-05
delete time:3.933906555175781e-05
delete time:1.7642974853515625e-05
delete time:3.647804260253906e-05
delete time:2.1457672119140625e-05
delete time:3.0040740966796875e-05
delete time:4.315376281738281e-05
delete time:2.5987625122070312e-05
delete time:2.5272369384765625e-05
delete time:3.7670135498046875e-05
delete time:3.147125244140625e-05
delete time:2.6226043701171875e-05
delete time:3.0279159545898438e-05
delete time:2.9802322387695312e-05
delete time:2.765655517578125e-05
delete time:3.910064697265625e-05
delete time:3.3855438232421875e-05
delete time:2.6226043701171875e-05
delete time:3.0517578125e-05
delete time:3.4809112548828125e-05
delete time:4.029273986816406e-05
delete time:4.100799560546875e-05
delete time:3.218650817871094e-05
delete time:3.6716461181640625e-05
delete time:4.0531158447265625e-05
delete time:2.2172927856445312e-05
delete time:3.0517578125e-05
delete time:2.0265579223632812e-05
delete time:2.384185791015625e-05
delete time:3.504753112792969e-05
delete time:3.3855438232421875e-05
delete time:3.719329833984375e-05
delete time:2.9087066650390625e-05
delete time:2.0742416381835938e-05
delete time:3.6716461181640625e-05
delete time:3.2901763916015625e-05
delete time:4.410743713378906e-05
delete time:2.8371810913085938e-05
delete time:2.0503997802734375e-05
delete time:2.9087066650390625e-05
delete time:3.170967102050781e-05
delete time:3.170967102050781e-05
delete time:2.2172927856445312e-05
delete time:2.47955322265625e-05
delete time:2.1696090698242188e-05
delete time:2.8133392333984375e-05
delete time:3.075599670410156e-05
delete time:3.886222839355469e-05
delete time:3.24249267578125e-05
delete time:2.4557113647460938e-05
delete time:4.172325134277344e-05
delete time:2.574920654296875e-05
delete time:2.5510787963867188e-05
delete time:4.029273986816406e-05
delete time:3.647804260253906e-05
delete time:2.4557113647460938e-05
delete time:3.3855438232421875e-05
delete time:1.9788742065429688e-05
delete time:2.47955322265625e-05
delete time:2.7179718017578125e-05
delete time:3.147125244140625e-05
delete time:2.8133392333984375e-05
delete time:5.030632019042969e-05
delete time:2.5033950805664062e-05
delete time:3.314018249511719e-05
delete time:3.1948089599609375e-05
delete time:2.9802322387695312e-05
delete time:4.9114227294921875e-05
delete time:3.24249267578125e-05
delete time:3.4809112548828125e-05
delete time:2.47955322265625e-05
delete time:3.4809112548828125e-05
delete time:3.5762786865234375e-05
delete time:2.8848648071289062e-05
delete time:2.7418136596679688e-05
delete time:3.123283386230469e-05
delete time:4.8160552978515625e-05
delete time:2.8371810913085938e-05
delete time:2.8371810913085938e-05
delete time:3.933906555175781e-05
delete time:3.123283386230469e-05
delete time:2.86102294921875e-05
delete time:2.6226043701171875e-05
delete time:2.002716064453125e-05
delete time:2.09808349609375e-05
delete time:2.6464462280273438e-05
delete time:3.075599670410156e-05
delete time:3.218650817871094e-05
delete time:3.695487976074219e-05
delete time:5.602836608886719e-05
delete time:3.528594970703125e-05
delete time:2.47955322265625e-05
delete time:3.337860107421875e-05
delete time:3.3855438232421875e-05
delete time:2.0742416381835938e-05
delete time:2.765655517578125e-05
delete time:2.4080276489257812e-05
delete time:2.8371810913085938e-05
delete time:2.5510787963867188e-05
delete time:3.170967102050781e-05
delete time:3.337860107421875e-05
delete time:2.1696090698242188e-05
delete time:2.5033950805664062e-05
delete time:5.7697296142578125e-05
delete time:3.647804260253906e-05
delete time:4.363059997558594e-05
delete time:3.409385681152344e-05
delete time:2.5033950805664062e-05
delete time:2.6464462280273438e-05
delete time:2.5272369384765625e-05
delete time:3.4809112548828125e-05
delete time:3.933906555175781e-05
delete time:1.8596649169921875e-05
delete time:2.574920654296875e-05
delete time:3.504753112792969e-05
delete time:2.0503997802734375e-05
delete time:3.0517578125e-05
delete time:2.7418136596679688e-05
delete time:3.170967102050781e-05
delete time:3.123283386230469e-05
delete time:3.24249267578125e-05
delete time:3.147125244140625e-05
delete time:3.0279159545898438e-05
delete time:3.528594970703125e-05
delete time:2.5510787963867188e-05
delete time:2.9325485229492188e-05
delete time:1.5974044799804688e-05
delete time:3.314018249511719e-05
delete time:3.552436828613281e-05
delete time:3.528594970703125e-05
delete time:2.765655517578125e-05
delete time:2.7894973754882812e-05
delete time:3.719329833984375e-05
delete time:3.0279159545898438e-05
delete time:4.553794860839844e-05
delete time:3.075599670410156e-05
delete time:2.4557113647460938e-05
delete time:2.574920654296875e-05
delete time:2.5510787963867188e-05
delete time:2.9325485229492188e-05
delete time:2.3365020751953125e-05
delete time:3.4809112548828125e-05
delete time:2.193450927734375e-05
delete time:2.4080276489257812e-05
delete time:2.6702880859375e-05
delete time:3.147125244140625e-05
delete time:2.4080276489257812e-05
delete time:3.910064697265625e-05
delete time:3.600120544433594e-05
delete time:3.2901763916015625e-05
delete time:2.8848648071289062e-05
delete time:2.8133392333984375e-05
delete time:3.8623809814453125e-05
delete time:3.3855438232421875e-05
delete time:4.029273986816406e-05
delete time:3.0517578125e-05
delete time:2.002716064453125e-05
delete time:4.3392181396484375e-05
delete time:3.552436828613281e-05
delete time:2.956390380859375e-05
delete time:2.765655517578125e-05
delete time:2.5272369384765625e-05
delete time:2.09808349609375e-05
delete time:3.4809112548828125e-05
delete time:2.2649765014648438e-05
delete time:2.574920654296875e-05
delete time:3.9577484130859375e-05
delete time:1.7642974853515625e-05
delete time:3.6716461181640625e-05
delete time:3.4809112548828125e-05
delete time:2.8371810913085938e-05
delete time:2.5272369384765625e-05
delete time:3.1948089599609375e-05
delete time:3.075599670410156e-05
delete time:2.7179718017578125e-05
delete time:3.552436828613281e-05
delete time:3.3855438232421875e-05
delete time:3.743171691894531e-05
delete time:2.6464462280273438e-05
delete time:2.5987625122070312e-05
delete time:3.0517578125e-05
delete time:3.814697265625e-05
delete time:3.24249267578125e-05
delete time:3.3855438232421875e-05
delete time:2.09808349609375e-05
delete time:1.9788742065429688e-05
delete time:1.8596649169921875e-05
delete time:2.6464462280273438e-05
delete time:2.5510787963867188e-05
delete time:4.410743713378906e-05
delete time:2.7179718017578125e-05
delete time:3.647804260253906e-05
delete time:3.981590270996094e-05
delete time:3.075599670410156e-05
delete time:3.981590270996094e-05
delete time:3.6716461181640625e-05
delete time:2.5033950805664062e-05
delete time:2.9325485229492188e-05
delete time:5.054473876953125e-05
delete time:3.4332275390625e-05
delete time:2.09808349609375e-05
delete time:3.886222839355469e-05
delete time:3.266334533691406e-05
delete time:3.528594970703125e-05
delete time:2.6702880859375e-05
delete time:3.719329833984375e-05
delete time:2.9802322387695312e-05
delete time:3.0279159545898438e-05
delete time:3.7670135498046875e-05
delete time:3.910064697265625e-05
delete time:2.9802322387695312e-05
delete time:4.220008850097656e-05
delete time:2.574920654296875e-05
delete time:2.6941299438476562e-05
delete time:2.6464462280273438e-05
delete time:2.5510787963867188e-05
delete time:4.0531158447265625e-05
delete time:2.765655517578125e-05
delete time:2.6464462280273438e-05
delete time:3.814697265625e-05
delete time:2.9325485229492188e-05
delete time:3.4332275390625e-05
delete time:3.743171691894531e-05
delete time:2.6226043701171875e-05
delete time:3.170967102050781e-05
delete time:3.0279159545898438e-05
delete time:3.218650817871094e-05
delete time:3.314018249511719e-05
delete time:3.1948089599609375e-05
delete time:3.457069396972656e-05
delete time:2.6941299438476562e-05
delete time:3.933906555175781e-05
delete time:2.6941299438476562e-05
delete time:3.1948089599609375e-05
delete time:2.1696090698242188e-05
delete time:3.361701965332031e-05
delete time:2.9325485229492188e-05
delete time:2.8133392333984375e-05
delete time:3.457069396972656e-05
delete time:4.1961669921875e-05
delete time:3.266334533691406e-05
delete time:3.0279159545898438e-05
delete time:3.9577484130859375e-05
delete time:2.9802322387695312e-05
delete time:3.0279159545898438e-05
delete time:3.075599670410156e-05
delete time:3.981590270996094e-05
delete time:3.170967102050781e-05
delete time:3.0040740966796875e-05
delete time:2.9802322387695312e-05
delete time:2.7894973754882812e-05
delete time:2.6464462280273438e-05
delete time:3.933906555175781e-05
delete time:3.552436828613281e-05
delete time:2.9802322387695312e-05
delete time:3.3855438232421875e-05
delete time:2.47955322265625e-05
delete time:3.695487976074219e-05
delete time:3.552436828613281e-05
delete time:3.838539123535156e-05
delete time:3.504753112792969e-05
delete time:3.504753112792969e-05
delete time:2.2649765014648438e-05
delete time:5.316734313964844e-05
delete time:2.6702880859375e-05
delete time:1.7881393432617188e-05
delete time:4.553794860839844e-05
delete time:4.076957702636719e-05
delete time:2.9087066650390625e-05
delete time:2.7894973754882812e-05
delete time:3.123283386230469e-05
delete time:2.5033950805664062e-05
delete time:3.910064697265625e-05
delete time:2.5510787963867188e-05
delete time:2.6702880859375e-05
delete time:2.6226043701171875e-05
delete time:2.4080276489257812e-05
delete time:2.956390380859375e-05
delete time:3.62396240234375e-05
delete time:2.86102294921875e-05
delete time:4.5299530029296875e-05
delete time:3.1948089599609375e-05
delete time:3.266334533691406e-05
delete time:2.765655517578125e-05
delete time:2.7894973754882812e-05
delete time:3.24249267578125e-05
delete time:3.647804260253906e-05
delete time:3.886222839355469e-05
delete time:3.528594970703125e-05
delete time:1.8835067749023438e-05
delete time:4.100799560546875e-05
delete time:2.384185791015625e-05
delete time:2.9325485229492188e-05
delete time:2.574920654296875e-05
delete time:4.315376281738281e-05
delete time:2.8848648071289062e-05
delete time:3.981590270996094e-05
delete time:2.7418136596679688e-05
delete time:2.4080276489257812e-05
delete time:2.47955322265625e-05
delete time:3.24249267578125e-05
delete time:4.029273986816406e-05
delete time:2.9325485229492188e-05
delete time:3.2901763916015625e-05
delete time:3.528594970703125e-05
delete time:4.220008850097656e-05
delete time:3.0517578125e-05
delete time:2.6941299438476562e-05
delete time:3.3855438232421875e-05
delete time:2.4318695068359375e-05
delete time:2.7894973754882812e-05
delete time:4.458427429199219e-05
delete time:4.601478576660156e-05
delete time:3.4332275390625e-05
delete time:3.0279159545898438e-05
delete time:3.170967102050781e-05
delete time:3.7670135498046875e-05
delete time:2.6702880859375e-05
delete time:2.574920654296875e-05
delete time:3.4332275390625e-05
delete time:2.384185791015625e-05
delete time:2.0742416381835938e-05
delete time:3.6716461181640625e-05
delete time:2.09808349609375e-05
delete time:3.4332275390625e-05
delete time:2.5987625122070312e-05
delete time:3.2901763916015625e-05
delete time:4.696846008300781e-05
delete time:3.933906555175781e-05
delete time:2.47955322265625e-05
delete time:5.269050598144531e-05
delete time:3.9577484130859375e-05
delete time:3.62396240234375e-05
delete time:2.6702880859375e-05
delete time:2.5033950805664062e-05
delete time:2.9325485229492188e-05
delete time:2.2172927856445312e-05
delete time:2.6464462280273438e-05
delete time:2.6702880859375e-05
delete time:3.528594970703125e-05
delete time:3.314018249511719e-05
delete time:5.7697296142578125e-05
delete time:3.337860107421875e-05
delete time:3.528594970703125e-05
delete time:3.0040740966796875e-05
delete time:3.266334533691406e-05
delete time:2.9802322387695312e-05
delete time:2.0265579223632812e-05
delete time:2.6941299438476562e-05
delete time:3.4332275390625e-05
delete time:3.4332275390625e-05
delete time:1.8835067749023438e-05
delete time:2.3126602172851562e-05
delete time:3.409385681152344e-05
delete time:2.9802322387695312e-05
delete time:2.2649765014648438e-05
delete time:3.457069396972656e-05
delete time:3.147125244140625e-05
delete time:3.695487976074219e-05
delete time:3.838539123535156e-05
delete time:3.719329833984375e-05
delete time:2.2411346435546875e-05
delete time:1.8596649169921875e-05
delete time:2.6464462280273438e-05
delete time:2.193450927734375e-05
delete time:3.0279159545898438e-05
delete time:2.8848648071289062e-05
delete time:3.528594970703125e-05
delete time:3.910064697265625e-05
delete time:2.384185791015625e-05
delete time:4.2438507080078125e-05
delete time:2.3603439331054688e-05
delete time:3.0994415283203125e-05
delete time:2.765655517578125e-05
delete time:2.8848648071289062e-05
delete time:2.8133392333984375e-05
delete time:3.24249267578125e-05
delete time:3.2901763916015625e-05
delete time:3.4332275390625e-05
delete time:3.4332275390625e-05
delete time:3.147125244140625e-05
delete time:2.6464462280273438e-05
delete time:2.8371810913085938e-05
delete time:2.8848648071289062e-05
delete time:4.1961669921875e-05
delete time:2.9802322387695312e-05
delete time:2.7894973754882812e-05
delete time:3.886222839355469e-05
delete time:4.5299530029296875e-05
delete time:2.3126602172851562e-05
delete time:1.9788742065429688e-05
delete time:3.552436828613281e-05
delete time:3.075599670410156e-05
delete time:2.5033950805664062e-05
delete time:3.0279159545898438e-05
delete time:1.5497207641601562e-05
delete time:3.5762786865234375e-05
delete time:2.8133392333984375e-05
delete time:2.956390380859375e-05
delete time:2.7418136596679688e-05
delete time:3.6716461181640625e-05
delete time:3.719329833984375e-05
delete time:3.314018249511719e-05
delete time:4.267692565917969e-05
delete time:3.7670135498046875e-05
delete time:3.0994415283203125e-05
delete time:4.506111145019531e-05
delete time:4.2438507080078125e-05
delete time:2.2649765014648438e-05
delete time:3.1948089599609375e-05
delete time:3.075599670410156e-05
delete time:3.838539123535156e-05
delete time:3.123283386230469e-05
delete time:3.886222839355469e-05
delete time:3.075599670410156e-05
delete time:3.933906555175781e-05
delete time:3.5762786865234375e-05
delete time:3.2901763916015625e-05
delete time:4.863739013671875e-05
delete time:3.075599670410156e-05
delete time:2.8371810913085938e-05
delete time:2.1696090698242188e-05
delete time:2.5510787963867188e-05
delete time:3.337860107421875e-05
delete time:3.528594970703125e-05
delete time:3.361701965332031e-05
delete time:2.7418136596679688e-05
delete time:4.124641418457031e-05
delete time:3.147125244140625e-05
delete time:3.0994415283203125e-05
delete time:3.361701965332031e-05
delete time:3.24249267578125e-05
delete time:4.267692565917969e-05
delete time:2.6941299438476562e-05
delete time:3.528594970703125e-05
delete time:2.9087066650390625e-05
delete time:4.410743713378906e-05
delete time:3.24249267578125e-05
delete time:2.9802322387695312e-05
delete time:2.5987625122070312e-05
delete time:3.361701965332031e-05
delete time:1.6450881958007812e-05
delete time:2.4080276489257812e-05
delete time:3.1948089599609375e-05
delete time:3.886222839355469e-05
delete time:2.6702880859375e-05
delete time:3.123283386230469e-05
delete time:3.457069396972656e-05
delete time:3.62396240234375e-05
delete time:2.3126602172851562e-05
delete time:2.9087066650390625e-05
delete time:3.0040740966796875e-05
delete time:3.743171691894531e-05
delete time:2.8371810913085938e-05
delete time:4.6253204345703125e-05
delete time:2.4318695068359375e-05
delete time:3.790855407714844e-05
delete time:3.62396240234375e-05
delete time:3.695487976074219e-05
delete time:4.220008850097656e-05
delete time:2.8848648071289062e-05
delete time:3.4809112548828125e-05
delete time:3.6716461181640625e-05
delete time:2.0265579223632812e-05
delete time:2.8848648071289062e-05
delete time:3.62396240234375e-05
delete time:3.814697265625e-05
delete time:3.4809112548828125e-05
delete time:2.9802322387695312e-05
delete time:2.6702880859375e-05
delete time:4.0531158447265625e-05
delete time:2.574920654296875e-05
delete time:2.5272369384765625e-05
delete time:4.601478576660156e-05
delete time:2.5272369384765625e-05
delete time:2.956390380859375e-05
delete time:2.5033950805664062e-05
delete time:2.7894973754882812e-05
delete time:2.9087066650390625e-05
delete time:4.172325134277344e-05
delete time:4.4345855712890625e-05
delete time:3.0040740966796875e-05
delete time:4.3392181396484375e-05
delete time:2.8848648071289062e-05
delete time:3.4332275390625e-05
delete time:3.7670135498046875e-05
delete time:2.5033950805664062e-05
delete time:3.266334533691406e-05
delete time:2.3365020751953125e-05
delete time:3.4332275390625e-05
delete time:1.6689300537109375e-05
delete time:3.0517578125e-05
delete time:3.1948089599609375e-05
delete time:3.504753112792969e-05
delete time:2.4080276489257812e-05
delete time:3.4809112548828125e-05
delete time:3.4809112548828125e-05
delete time:3.2901763916015625e-05
delete time:4.172325134277344e-05
delete time:1.8835067749023438e-05
delete time:3.790855407714844e-05
delete time:2.8133392333984375e-05
delete time:2.6464462280273438e-05
delete time:3.600120544433594e-05
delete time:3.2901763916015625e-05
delete time:3.147125244140625e-05
delete time:2.6702880859375e-05
delete time:3.409385681152344e-05
delete time:3.337860107421875e-05
delete time:2.288818359375e-05
delete time:2.1696090698242188e-05
delete time:3.0517578125e-05
delete time:3.147125244140625e-05
delete time:3.0040740966796875e-05
delete time:2.9325485229492188e-05
delete time:2.384185791015625e-05
delete time:2.2172927856445312e-05
delete time:3.361701965332031e-05
delete time:2.7179718017578125e-05
delete time:3.0994415283203125e-05
delete time:2.8848648071289062e-05
delete time:3.314018249511719e-05
delete time:2.4080276489257812e-05
delete time:3.814697265625e-05
delete time:3.1948089599609375e-05
delete time:2.0503997802734375e-05
delete time:2.6941299438476562e-05
delete time:3.457069396972656e-05
delete time:3.3855438232421875e-05
delete time:3.8623809814453125e-05
delete time:3.0279159545898438e-05
delete time:3.814697265625e-05
delete time:3.504753112792969e-05
delete time:3.0279159545898438e-05
delete time:3.170967102050781e-05
delete time:3.933906555175781e-05
delete time:3.314018249511719e-05
delete time:3.075599670410156e-05
delete time:3.314018249511719e-05
delete time:3.3855438232421875e-05
delete time:2.4080276489257812e-05
delete time:3.6716461181640625e-05
delete time:2.1219253540039062e-05
delete time:2.4557113647460938e-05
delete time:3.62396240234375e-05
delete time:2.4080276489257812e-05
delete time:3.647804260253906e-05
delete time:3.147125244140625e-05
delete time:2.193450927734375e-05
delete time:4.172325134277344e-05
delete time:2.5987625122070312e-05
delete time:3.8623809814453125e-05
delete time:3.719329833984375e-05
delete time:3.62396240234375e-05
delete time:3.3855438232421875e-05
delete time:3.0040740966796875e-05
delete time:2.956390380859375e-05
delete time:2.3365020751953125e-05
delete time:3.266334533691406e-05
delete time:3.5762786865234375e-05
delete time:2.7418136596679688e-05
delete time:3.409385681152344e-05
delete time:2.86102294921875e-05
delete time:3.2901763916015625e-05
delete time:3.0040740966796875e-05
delete time:4.673004150390625e-05
delete time:2.384185791015625e-05
delete time:3.0279159545898438e-05
delete time:3.8623809814453125e-05
delete time:3.504753112792969e-05
delete time:2.765655517578125e-05
delete time:3.6716461181640625e-05
delete time:3.5762786865234375e-05
delete time:2.6464462280273438e-05
delete time:3.0279159545898438e-05
delete time:2.8848648071289062e-05
delete time:3.2901763916015625e-05
delete time:2.5033950805664062e-05
delete time:2.9802322387695312e-05
delete time:1.8596649169921875e-05
delete time:2.9325485229492188e-05
delete time:3.0994415283203125e-05
delete time:2.193450927734375e-05
delete time:3.910064697265625e-05
delete time:2.9802322387695312e-05
delete time:3.147125244140625e-05
delete time:2.765655517578125e-05
delete time:3.814697265625e-05
delete time:2.9802322387695312e-05
delete time:3.361701965332031e-05
delete time:2.1219253540039062e-05
delete time:3.6716461181640625e-05
delete time:2.86102294921875e-05
delete time:3.5762786865234375e-05
delete time:3.123283386230469e-05
delete time:4.076957702636719e-05
delete time:2.7179718017578125e-05
delete time:3.3855438232421875e-05
delete time:2.0503997802734375e-05
delete time:2.2649765014648438e-05
delete time:2.9802322387695312e-05
delete time:2.384185791015625e-05
delete time:2.9802322387695312e-05
delete time:1.5735626220703125e-05
delete time:2.5510787963867188e-05
delete time:2.0265579223632812e-05
delete time:3.9577484130859375e-05
delete time:4.410743713378906e-05
delete time:3.647804260253906e-05
delete time:3.170967102050781e-05
delete time:3.886222839355469e-05
delete time:3.7670135498046875e-05
delete time:2.7179718017578125e-05
delete time:2.7179718017578125e-05
delete time:2.6702880859375e-05
delete time:3.4332275390625e-05
delete time:3.552436828613281e-05
delete time:3.981590270996094e-05
delete time:2.765655517578125e-05
delete time:2.7418136596679688e-05
delete time:2.574920654296875e-05
delete time:2.8133392333984375e-05
delete time:2.5510787963867188e-05
delete time:2.9087066650390625e-05
delete time:2.9325485229492188e-05
delete time:2.0503997802734375e-05
delete time:3.790855407714844e-05
delete time:3.814697265625e-05
delete time:2.0265579223632812e-05
delete time:3.910064697265625e-05
delete time:3.6716461181640625e-05
delete time:2.7418136596679688e-05
delete time:1.9073486328125e-05
delete time:3.0517578125e-05
delete time:3.266334533691406e-05
delete time:3.552436828613281e-05
delete time:2.9802322387695312e-05
delete time:3.218650817871094e-05
delete time:2.8371810913085938e-05
delete time:4.363059997558594e-05
delete time:2.288818359375e-05
delete time:3.170967102050781e-05
delete time:3.3855438232421875e-05
delete time:2.47955322265625e-05
delete time:3.886222839355469e-05
delete time:3.0279159545898438e-05
delete time:3.457069396972656e-05
delete time:2.956390380859375e-05
delete time:3.361701965332031e-05
delete time:3.337860107421875e-05
delete time:2.4557113647460938e-05
delete time:2.5033950805664062e-05
delete time:3.719329833984375e-05
delete time:3.075599670410156e-05
delete time:2.47955322265625e-05
delete time:2.384185791015625e-05
delete time:3.0517578125e-05
delete time:3.457069396972656e-05
delete time:2.7179718017578125e-05
delete time:3.409385681152344e-05
delete time:4.7206878662109375e-05
delete time:3.075599670410156e-05
delete time:2.2411346435546875e-05
delete time:2.0265579223632812e-05
delete time:3.337860107421875e-05
delete time:5.054473876953125e-05
delete time:2.8371810913085938e-05
delete time:2.2649765014648438e-05
delete time:3.647804260253906e-05
delete time:2.7418136596679688e-05
delete time:3.457069396972656e-05
delete time:4.00543212890625e-05
delete time:2.2172927856445312e-05
delete time:2.7179718017578125e-05
delete time:2.5272369384765625e-05
delete time:2.09808349609375e-05
delete time:3.790855407714844e-05
delete time:2.5033950805664062e-05
delete time:2.3603439331054688e-05
delete time:3.695487976074219e-05
delete time:2.765655517578125e-05
delete time:4.6253204345703125e-05
delete time:3.314018249511719e-05
delete time:2.7179718017578125e-05
delete time:2.1219253540039062e-05
delete time:3.314018249511719e-05
delete time:3.337860107421875e-05
delete time:2.6226043701171875e-05
delete time:2.09808349609375e-05
delete time:2.9802322387695312e-05
delete time:2.8133392333984375e-05
delete time:4.792213439941406e-05
delete time:3.933906555175781e-05
delete time:3.3855438232421875e-05
delete time:2.3603439331054688e-05
delete time:2.0265579223632812e-05
delete time:2.5033950805664062e-05
delete time:2.4318695068359375e-05
delete time:3.457069396972656e-05
delete time:4.553794860839844e-05
delete time:3.0279159545898438e-05
delete time:4.220008850097656e-05
delete time:3.1948089599609375e-05
delete time:4.00543212890625e-05
delete time:3.337860107421875e-05
delete time:3.743171691894531e-05
delete time:2.2172927856445312e-05
delete time:4.0531158447265625e-05
delete time:3.0994415283203125e-05
delete time:3.0517578125e-05
delete time:3.743171691894531e-05
delete time:3.24249267578125e-05
delete time:3.1948089599609375e-05
delete time:4.673004150390625e-05
delete time:2.3603439331054688e-05
delete time:3.0279159545898438e-05
delete time:2.2411346435546875e-05
delete time:2.2411346435546875e-05
delete time:2.5987625122070312e-05
delete time:3.838539123535156e-05
delete time:2.2172927856445312e-05
delete time:3.743171691894531e-05
delete time:3.361701965332031e-05
delete time:4.0531158447265625e-05
delete time:2.47955322265625e-05
delete time:1.9788742065429688e-05
delete time:1.7642974853515625e-05
delete time:3.790855407714844e-05
delete time:3.0517578125e-05
delete time:1.9550323486328125e-05
delete time:3.075599670410156e-05
delete time:4.0531158447265625e-05
delete time:3.266334533691406e-05
delete time:2.8133392333984375e-05
delete time:4.124641418457031e-05
delete time:3.886222839355469e-05
delete time:4.315376281738281e-05
delete time:3.314018249511719e-05
delete time:1.8596649169921875e-05
delete time:2.5272369384765625e-05
delete time:2.86102294921875e-05
delete time:2.6464462280273438e-05
delete time:2.6226043701171875e-05
delete time:4.410743713378906e-05
delete time:3.886222839355469e-05
delete time:2.47955322265625e-05
delete time:3.457069396972656e-05
delete time:3.4809112548828125e-05
delete time:4.220008850097656e-05
delete time:3.0040740966796875e-05
delete time:2.9802322387695312e-05
delete time:1.9550323486328125e-05
delete time:4.482269287109375e-05
delete time:3.337860107421875e-05
delete time:2.6226043701171875e-05
delete time:3.814697265625e-05
delete time:2.86102294921875e-05
delete time:2.47955322265625e-05
delete time:2.4557113647460938e-05
delete time:3.790855407714844e-05
delete time:2.47955322265625e-05
delete time:2.0265579223632812e-05
delete time:2.3603439331054688e-05
delete time:3.6716461181640625e-05
delete time:4.029273986816406e-05
delete time:3.0517578125e-05
delete time:3.8623809814453125e-05
delete time:2.5033950805664062e-05
delete time:1.8358230590820312e-05
delete time:2.2172927856445312e-05
delete time:3.266334533691406e-05
delete time:2.4557113647460938e-05
delete time:4.458427429199219e-05
delete time:3.62396240234375e-05
delete time:2.193450927734375e-05
delete time:2.09808349609375e-05
delete time:3.790855407714844e-05
delete time:3.218650817871094e-05
delete time:3.0517578125e-05
delete time:2.3365020751953125e-05
delete time:3.314018249511719e-05
delete time:2.9802322387695312e-05
delete time:2.765655517578125e-05
delete time:2.9325485229492188e-05
delete time:2.6226043701171875e-05
delete time:3.123283386230469e-05
delete time:2.3603439331054688e-05
delete time:2.384185791015625e-05
delete time:2.0503997802734375e-05
delete time:3.838539123535156e-05
delete time:2.2411346435546875e-05
delete time:2.47955322265625e-05
delete time:2.3126602172851562e-05
delete time:2.002716064453125e-05
delete time:4.649162292480469e-05
delete time:3.075599670410156e-05
delete time:3.0994415283203125e-05
delete time:3.0279159545898438e-05
delete time:4.0531158447265625e-05
delete time:1.9788742065429688e-05
delete time:2.956390380859375e-05
delete time:4.220008850097656e-05
delete time:2.5987625122070312e-05
delete time:3.24249267578125e-05
delete time:2.956390380859375e-05
delete time:2.1696090698242188e-05
delete time:2.8848648071289062e-05
delete time:2.4318695068359375e-05
delete time:3.647804260253906e-05
delete time:3.0994415283203125e-05
delete time:1.9788742065429688e-05
delete time:2.0742416381835938e-05
delete time:3.6716461181640625e-05
delete time:3.552436828613281e-05
delete time:4.291534423828125e-05
delete time:2.6941299438476562e-05
delete time:2.1457672119140625e-05
delete time:2.956390380859375e-05
delete time:3.3855438232421875e-05
delete time:2.956390380859375e-05
delete time:3.170967102050781e-05
delete time:2.6464462280273438e-05
delete time:4.506111145019531e-05
delete time:2.765655517578125e-05
delete time:4.172325134277344e-05
delete time:1.7642974853515625e-05
delete time:2.8133392333984375e-05
delete time:2.9087066650390625e-05
delete time:2.6702880859375e-05
delete time:2.86102294921875e-05
delete time:3.314018249511719e-05
delete time:3.337860107421875e-05
delete time:2.5033950805664062e-05
delete time:3.719329833984375e-05
delete time:3.075599670410156e-05
delete time:3.8623809814453125e-05
delete time:2.3365020751953125e-05
delete time:2.86102294921875e-05
delete time:2.0742416381835938e-05
delete time:2.1696090698242188e-05
delete time:3.314018249511719e-05
delete time:1.8358230590820312e-05
delete time:3.552436828613281e-05
delete time:3.123283386230469e-05
delete time:3.504753112792969e-05
delete time:2.956390380859375e-05
delete time:3.9577484130859375e-05
delete time:1.811981201171875e-05
delete time:2.6702880859375e-05
delete time:2.7894973754882812e-05
delete time:3.743171691894531e-05
delete time:3.838539123535156e-05
delete time:2.9325485229492188e-05
delete time:3.1948089599609375e-05
delete time:2.47955322265625e-05
delete time:3.4332275390625e-05
delete time:3.552436828613281e-05
delete time:3.647804260253906e-05
delete time:3.1948089599609375e-05
delete time:3.647804260253906e-05
delete time:4.4345855712890625e-05
delete time:3.266334533691406e-05
delete time:2.2172927856445312e-05
delete time:2.3126602172851562e-05
delete time:3.5762786865234375e-05
delete time:2.8848648071289062e-05
delete time:4.6253204345703125e-05
delete time:2.1457672119140625e-05
delete time:3.24249267578125e-05
delete time:3.600120544433594e-05
delete time:2.9325485229492188e-05
delete time:3.0994415283203125e-05
delete time:4.267692565917969e-05
delete time:2.7418136596679688e-05
delete time:3.0040740966796875e-05
delete time:4.38690185546875e-05
delete time:3.4809112548828125e-05
delete time:3.2901763916015625e-05
delete time:2.8848648071289062e-05
delete time:2.956390380859375e-05
delete time:3.9577484130859375e-05
delete time:3.0517578125e-05
delete time:3.123283386230469e-05
delete time:4.744529724121094e-05
delete time:2.8848648071289062e-05
delete time:4.696846008300781e-05
delete time:3.0040740966796875e-05
delete time:2.9325485229492188e-05
delete time:3.409385681152344e-05
delete time:3.6716461181640625e-05
delete time:2.7418136596679688e-05
delete time:2.4318695068359375e-05
delete time:3.552436828613281e-05
delete time:3.170967102050781e-05
delete time:2.6702880859375e-05
delete time:4.00543212890625e-05
delete time:3.504753112792969e-05
delete time:3.075599670410156e-05
delete time:1.6450881958007812e-05
delete time:3.695487976074219e-05
delete time:3.7670135498046875e-05
delete time:2.5510787963867188e-05
delete time:3.600120544433594e-05
delete time:3.314018249511719e-05
delete time:3.9577484130859375e-05
delete time:3.2901763916015625e-05
delete time:3.504753112792969e-05
delete time:2.2172927856445312e-05
delete time:2.8371810913085938e-05
delete time:3.719329833984375e-05
delete time:3.5762786865234375e-05
delete time:2.5510787963867188e-05
delete time:3.743171691894531e-05
delete time:5.364418029785156e-05
delete time:2.0265579223632812e-05
delete time:3.123283386230469e-05
delete time:2.6464462280273438e-05
delete time:3.886222839355469e-05
delete time:2.8133392333984375e-05
delete time:4.124641418457031e-05
delete time:3.314018249511719e-05
delete time:5.221366882324219e-05
delete time:2.2649765014648438e-05
delete time:2.86102294921875e-05
delete time:3.266334533691406e-05
delete time:2.3603439331054688e-05
delete time:4.3392181396484375e-05
delete time:2.9325485229492188e-05
delete time:2.47955322265625e-05
delete time:2.4080276489257812e-05
delete time:2.8848648071289062e-05
delete time:3.3855438232421875e-05
delete time:2.3126602172851562e-05
delete time:3.886222839355469e-05
delete time:2.0742416381835938e-05
delete time:3.218650817871094e-05
delete time:3.504753112792969e-05
delete time:3.981590270996094e-05
delete time:3.6716461181640625e-05
delete time:3.7670135498046875e-05
delete time:2.956390380859375e-05
delete time:2.193450927734375e-05
delete time:2.9802322387695312e-05
delete time:1.7642974853515625e-05
delete time:2.5987625122070312e-05
delete time:2.1457672119140625e-05
delete time:3.6716461181640625e-05
delete time:2.4080276489257812e-05
delete time:3.0279159545898438e-05
delete time:3.457069396972656e-05
delete time:3.409385681152344e-05
delete time:2.384185791015625e-05
delete time:2.6464462280273438e-05
delete time:3.7670135498046875e-05
delete time:2.9802322387695312e-05
delete time:3.337860107421875e-05
delete time:3.504753112792969e-05
delete time:2.6464462280273438e-05
delete time:2.6702880859375e-05
delete time:2.0503997802734375e-05
delete time:5.054473876953125e-05
delete time:4.2438507080078125e-05
delete time:2.2649765014648438e-05
delete time:2.3603439331054688e-05
delete time:2.3126602172851562e-05
delete time:3.8623809814453125e-05
delete time:3.790855407714844e-05
delete time:3.123283386230469e-05
delete time:3.790855407714844e-05
delete time:3.123283386230469e-05
delete time:2.288818359375e-05
delete time:2.2411346435546875e-05
delete time:2.0503997802734375e-05
delete time:3.910064697265625e-05
delete time:3.409385681152344e-05
delete time:3.0040740966796875e-05
delete time:1.9073486328125e-05
delete time:2.6464462280273438e-05
delete time:4.100799560546875e-05
delete time:2.8371810913085938e-05
delete time:3.504753112792969e-05
delete time:2.4080276489257812e-05
delete time:4.3392181396484375e-05
delete time:2.288818359375e-05
delete time:3.457069396972656e-05
delete time:2.8371810913085938e-05
delete time:2.3365020751953125e-05
delete time:3.314018249511719e-05
delete time:2.6702880859375e-05
delete time:2.2411346435546875e-05
delete time:3.528594970703125e-05
delete time:3.910064697265625e-05
delete time:3.695487976074219e-05
delete time:3.743171691894531e-05
delete time:2.7179718017578125e-05
delete time:2.3365020751953125e-05
delete time:2.6226043701171875e-05
delete time:2.3126602172851562e-05
delete time:2.5987625122070312e-05
delete time:2.7894973754882812e-05
delete time:2.7418136596679688e-05
delete time:2.1696090698242188e-05
delete time:3.409385681152344e-05
delete time:3.075599670410156e-05
delete time:3.170967102050781e-05
delete time:2.6941299438476562e-05
delete time:4.4345855712890625e-05
delete time:3.147125244140625e-05
delete time:3.6716461181640625e-05
delete time:2.1457672119140625e-05
delete time:2.5987625122070312e-05
delete time:2.7418136596679688e-05
delete time:2.7894973754882812e-05
delete time:2.002716064453125e-05
delete time:2.4557113647460938e-05
delete time:3.552436828613281e-05
delete time:2.8371810913085938e-05
delete time:4.029273986816406e-05
delete time:3.170967102050781e-05
delete time:3.0517578125e-05
delete time:4.029273986816406e-05
delete time:4.410743713378906e-05
delete time:1.9788742065429688e-05
delete time:3.5762786865234375e-05
delete time:3.5762786865234375e-05
delete time:2.9087066650390625e-05
delete time:2.6464462280273438e-05
delete time:1.9311904907226562e-05
delete time:2.9325485229492188e-05
delete time:1.8835067749023438e-05
delete time:1.8358230590820312e-05
delete time:3.24249267578125e-05
delete time:2.7894973754882812e-05
delete time:2.2649765014648438e-05
delete time:3.457069396972656e-05
delete time:2.765655517578125e-05
delete time:3.9577484130859375e-05
delete time:2.1696090698242188e-05
delete time:2.5510787963867188e-05
delete time:2.7418136596679688e-05
delete time:2.5272369384765625e-05
delete time:1.9788742065429688e-05
delete time:2.5510787963867188e-05
delete time:3.4809112548828125e-05
delete time:3.314018249511719e-05
delete time:3.2901763916015625e-05
delete time:3.7670135498046875e-05
delete time:3.337860107421875e-05
delete time:2.09808349609375e-05
delete time:3.4809112548828125e-05
delete time:2.956390380859375e-05
delete time:2.6464462280273438e-05
delete time:3.24249267578125e-05
delete time:2.7179718017578125e-05
delete time:2.47955322265625e-05
delete time:3.0517578125e-05
delete time:3.647804260253906e-05
delete time:3.0994415283203125e-05
delete time:3.0040740966796875e-05
delete time:2.7894973754882812e-05
delete time:2.8848648071289062e-05
delete time:4.076957702636719e-05
delete time:2.384185791015625e-05
delete time:3.24249267578125e-05
delete time:2.7418136596679688e-05
delete time:3.552436828613281e-05
delete time:1.9550323486328125e-05
delete time:2.8371810913085938e-05
delete time:3.24249267578125e-05
delete time:2.2411346435546875e-05
delete time:3.2901763916015625e-05
delete time:4.124641418457031e-05
delete time:1.9073486328125e-05
delete time:2.6464462280273438e-05
delete time:3.170967102050781e-05
delete time:3.314018249511719e-05
delete time:2.0503997802734375e-05
delete time:4.506111145019531e-05
delete time:3.3855438232421875e-05
delete time:3.552436828613281e-05
delete time:3.2901763916015625e-05
delete time:3.314018249511719e-05
delete time:2.4080276489257812e-05
delete time:3.8623809814453125e-05
delete time:2.4080276489257812e-05
delete time:2.5033950805664062e-05
delete time:2.1696090698242188e-05
delete time:2.384185791015625e-05
delete time:2.002716064453125e-05
delete time:4.220008850097656e-05
delete time:1.811981201171875e-05
delete time:3.981590270996094e-05
delete time:4.482269287109375e-05
delete time:3.409385681152344e-05
delete time:2.2649765014648438e-05
delete time:2.4557113647460938e-05
delete time:3.2901763916015625e-05
delete time:2.47955322265625e-05
delete time:2.09808349609375e-05
delete time:1.4543533325195312e-05
delete time:2.3126602172851562e-05
delete time:1.5020370483398438e-05
delete time:3.647804260253906e-05
delete time:4.172325134277344e-05
delete time:3.337860107421875e-05
delete time:3.361701965332031e-05
delete time:2.6464462280273438e-05
delete time:2.288818359375e-05
delete time:4.291534423828125e-05
delete time:2.1696090698242188e-05
delete time:3.0994415283203125e-05
delete time:1.8358230590820312e-05
delete time:2.9087066650390625e-05
delete time:4.076957702636719e-05
delete time:3.123283386230469e-05
delete time:1.811981201171875e-05
delete time:4.0531158447265625e-05
delete time:2.5510787963867188e-05
delete time:3.933906555175781e-05
delete time:3.1948089599609375e-05
delete time:2.288818359375e-05
delete time:1.9073486328125e-05
delete time:2.9802322387695312e-05
delete time:2.574920654296875e-05
delete time:3.910064697265625e-05
delete time:3.8623809814453125e-05
delete time:2.288818359375e-05
delete time:2.0742416381835938e-05
delete time:2.4318695068359375e-05
delete time:2.002716064453125e-05
delete time:3.314018249511719e-05
delete time:2.9325485229492188e-05
delete time:2.8371810913085938e-05
delete time:4.9114227294921875e-05
delete time:2.288818359375e-05
delete time:3.910064697265625e-05
delete time:3.457069396972656e-05
delete time:1.7881393432617188e-05
delete time:2.5033950805664062e-05
delete time:3.7670135498046875e-05
delete time:2.193450927734375e-05
delete time:1.71661376953125e-05
delete time:2.9802322387695312e-05
delete time:2.7418136596679688e-05
delete time:2.002716064453125e-05
delete time:2.6702880859375e-05
delete time:1.52587890625e-05
delete time:2.2411346435546875e-05
delete time:3.0994415283203125e-05
delete time:2.5987625122070312e-05
delete time:3.719329833984375e-05
delete time:1.71661376953125e-05
delete time:1.9311904907226562e-05
delete time:2.3603439331054688e-05
delete time:2.5987625122070312e-05
delete time:2.7179718017578125e-05
delete time:5.3882598876953125e-05
delete time:1.9788742065429688e-05
delete time:3.1948089599609375e-05
delete time:3.1948089599609375e-05
delete time:3.4332275390625e-05
delete time:3.2901763916015625e-05
delete time:2.6702880859375e-05
delete time:2.4557113647460938e-05
delete time:2.574920654296875e-05
delete time:3.3855438232421875e-05
delete time:2.6226043701171875e-05
delete time:3.075599670410156e-05
delete time:2.384185791015625e-05
delete time:2.4318695068359375e-05
delete time:2.6464462280273438e-05
delete time:3.361701965332031e-05
delete time:3.218650817871094e-05
delete time:2.6702880859375e-05
delete time:2.09808349609375e-05
delete time:3.2901763916015625e-05
delete time:2.8848648071289062e-05
delete time:2.0742416381835938e-05
delete time:3.6716461181640625e-05
delete time:2.9802322387695312e-05
delete time:2.8133392333984375e-05
delete time:2.6226043701171875e-05
delete time:2.47955322265625e-05
delete time:3.743171691894531e-05
delete time:1.7881393432617188e-05
delete time:1.7404556274414062e-05
delete time:2.7179718017578125e-05
delete time:2.0742416381835938e-05
delete time:3.24249267578125e-05
delete time:1.9311904907226562e-05
delete time:2.0742416381835938e-05
delete time:2.5510787963867188e-05
delete time:2.8371810913085938e-05
delete time:3.218650817871094e-05
delete time:3.790855407714844e-05
delete time:4.124641418457031e-05
delete time:2.2411346435546875e-05
delete time:1.9550323486328125e-05
delete time:3.910064697265625e-05
delete time:3.3855438232421875e-05
delete time:3.4332275390625e-05
delete time:2.956390380859375e-05
delete time:2.6464462280273438e-05
delete time:3.528594970703125e-05
delete time:3.24249267578125e-05
delete time:3.0994415283203125e-05
delete time:2.2172927856445312e-05
delete time:2.1219253540039062e-05
delete time:2.9325485229492188e-05
delete time:3.743171691894531e-05
delete time:3.123283386230469e-05
delete time:3.838539123535156e-05
delete time:2.765655517578125e-05
delete time:2.6702880859375e-05
delete time:2.7894973754882812e-05
delete time:3.123283386230469e-05
delete time:3.981590270996094e-05
delete time:3.528594970703125e-05
delete time:1.7642974853515625e-05
delete time:2.5987625122070312e-05
delete time:2.7418136596679688e-05
delete time:3.695487976074219e-05
delete time:1.7404556274414062e-05
delete time:3.0994415283203125e-05
delete time:2.7418136596679688e-05
delete time:3.075599670410156e-05
delete time:2.6226043701171875e-05
delete time:4.482269287109375e-05
delete time:4.4345855712890625e-05
delete time:3.552436828613281e-05
delete time:3.0994415283203125e-05
delete time:1.6450881958007812e-05
delete time:2.956390380859375e-05
delete time:3.910064697265625e-05
delete time:4.029273986816406e-05
delete time:2.5033950805664062e-05
delete time:2.956390380859375e-05
delete time:3.6716461181640625e-05
delete time:4.1961669921875e-05
delete time:2.5987625122070312e-05
delete time:3.123283386230469e-05
delete time:1.7881393432617188e-05
delete time:1.9788742065429688e-05
delete time:2.9325485229492188e-05
delete time:1.8358230590820312e-05
delete time:2.7418136596679688e-05
delete time:3.0517578125e-05
delete time:3.2901763916015625e-05
delete time:2.86102294921875e-05
delete time:3.147125244140625e-05
delete time:2.8133392333984375e-05
delete time:1.9073486328125e-05
delete time:2.288818359375e-05
delete time:3.552436828613281e-05
delete time:2.3603439331054688e-05
delete time:2.2172927856445312e-05
delete time:2.7894973754882812e-05
delete time:3.62396240234375e-05
delete time:2.4557113647460938e-05
delete time:2.4318695068359375e-05
delete time:4.315376281738281e-05
delete time:2.86102294921875e-05
delete time:3.5762786865234375e-05
delete time:3.218650817871094e-05
delete time:1.52587890625e-05
delete time:2.193450927734375e-05
delete time:2.6464462280273438e-05
delete time:2.7418136596679688e-05
delete time:2.1696090698242188e-05
delete time:2.002716064453125e-05
delete time:2.8848648071289062e-05
delete time:3.552436828613281e-05
delete time:3.719329833984375e-05
delete time:3.218650817871094e-05
delete time:3.0040740966796875e-05
delete time:3.552436828613281e-05
delete time:2.288818359375e-05
delete time:1.621246337890625e-05
delete time:2.4080276489257812e-05
delete time:3.910064697265625e-05
delete time:3.7670135498046875e-05
delete time:2.956390380859375e-05
delete time:4.458427429199219e-05
delete time:2.193450927734375e-05
delete time:3.123283386230469e-05
delete time:3.0994415283203125e-05
delete time:4.172325134277344e-05
delete time:3.075599670410156e-05
delete time:1.5974044799804688e-05
delete time:2.5272369384765625e-05
delete time:3.6716461181640625e-05
delete time:2.193450927734375e-05
delete time:3.9577484130859375e-05
delete time:2.288818359375e-05
delete time:3.1948089599609375e-05
delete time:2.7894973754882812e-05
delete time:4.3392181396484375e-05
delete time:3.910064697265625e-05
delete time:3.0040740966796875e-05
delete time:3.218650817871094e-05
delete time:1.9550323486328125e-05
delete time:3.695487976074219e-05
delete time:2.4318695068359375e-05
delete time:3.0517578125e-05
delete time:3.2901763916015625e-05
delete time:2.384185791015625e-05
delete time:3.647804260253906e-05
delete time:2.288818359375e-05
delete time:2.8848648071289062e-05
delete time:3.314018249511719e-05
delete time:2.6702880859375e-05
delete time:3.0279159545898438e-05
delete time:3.8623809814453125e-05
delete time:2.6464462280273438e-05
delete time:3.0040740966796875e-05
delete time:3.3855438232421875e-05
delete time:2.47955322265625e-05
delete time:2.6464462280273438e-05
delete time:3.4332275390625e-05
delete time:3.528594970703125e-05
delete time:3.3855438232421875e-05
delete time:4.1484832763671875e-05
delete time:3.62396240234375e-05
delete time:3.504753112792969e-05
delete time:2.0742416381835938e-05
delete time:2.7179718017578125e-05
delete time:2.3603439331054688e-05
delete time:3.7670135498046875e-05
delete time:2.9802322387695312e-05
delete time:2.9325485229492188e-05
delete time:3.0994415283203125e-05
delete time:3.266334533691406e-05
delete time:2.9325485229492188e-05
delete time:2.2172927856445312e-05
delete time:2.2411346435546875e-05
delete time:2.3126602172851562e-05
delete time:3.409385681152344e-05
delete time:2.384185791015625e-05
delete time:4.410743713378906e-05
delete time:2.0742416381835938e-05
delete time:3.457069396972656e-05
delete time:1.430511474609375e-05
delete time:3.0040740966796875e-05
delete time:2.86102294921875e-05
delete time:3.981590270996094e-05
delete time:2.3603439331054688e-05
delete time:3.743171691894531e-05
delete time:3.170967102050781e-05
delete time:3.4809112548828125e-05
delete time:3.4332275390625e-05
delete time:2.9325485229492188e-05
delete time:2.7894973754882812e-05
delete time:3.24249267578125e-05
delete time:3.337860107421875e-05
delete time:3.5762786865234375e-05
delete time:2.4318695068359375e-05
delete time:2.5272369384765625e-05
delete time:2.9325485229492188e-05
delete time:2.384185791015625e-05
delete time:2.9802322387695312e-05
delete time:4.076957702636719e-05
delete time:2.2649765014648438e-05
delete time:2.5272369384765625e-05
delete time:2.7418136596679688e-05
delete time:2.4318695068359375e-05
delete time:3.981590270996094e-05
delete time:2.5987625122070312e-05
delete time:2.765655517578125e-05
delete time:2.6226043701171875e-05
delete time:2.7179718017578125e-05
delete time:2.6702880859375e-05
delete time:2.09808349609375e-05
delete time:3.5762786865234375e-05
delete time:3.910064697265625e-05
delete time:3.0279159545898438e-05
delete time:2.0265579223632812e-05
delete time:3.147125244140625e-05
delete time:3.266334533691406e-05
delete time:3.3855438232421875e-05
delete time:2.6702880859375e-05
delete time:2.8133392333984375e-05
delete time:3.266334533691406e-05
delete time:4.4345855712890625e-05
delete time:2.0265579223632812e-05
delete time:2.7179718017578125e-05
delete time:2.384185791015625e-05
delete time:3.123283386230469e-05
delete time:3.0040740966796875e-05
delete time:4.124641418457031e-05
delete time:3.337860107421875e-05
delete time:2.5033950805664062e-05
delete time:2.4080276489257812e-05
delete time:2.4080276489257812e-05
delete time:0.00021314620971679688
delete time:6.29425048828125e-05
delete time:7.581710815429688e-05
delete time:0.00011515617370605469
delete time:4.267692565917969e-05
delete time:6.914138793945312e-05
delete time:0.00011992454528808594
delete time:0.00013709068298339844
delete time:6.008148193359375e-05
delete time:3.266334533691406e-05
delete time:2.288818359375e-05
delete time:5.626678466796875e-05
delete time:8.511543273925781e-05
delete time:3.0517578125e-05
delete time:3.719329833984375e-05
delete time:5.4836273193359375e-05
delete time:8.0108642578125e-05
delete time:6.937980651855469e-05
delete time:4.553794860839844e-05
delete time:3.743171691894531e-05
delete time:2.8371810913085938e-05
delete time:3.504753112792969e-05
delete time:8.273124694824219e-05
delete time:0.00012803077697753906
delete time:5.4836273193359375e-05
delete time:8.96453857421875e-05
delete time:5.602836608886719e-05
delete time:0.00010180473327636719
delete time:3.0517578125e-05
delete time:4.482269287109375e-05
delete time:2.8848648071289062e-05
delete time:2.6941299438476562e-05
delete time:6.842613220214844e-05
delete time:6.723403930664062e-05
delete time:3.7670135498046875e-05
delete time:4.506111145019531e-05
delete time:3.838539123535156e-05
delete time:2.2172927856445312e-05
delete time:3.4809112548828125e-05
delete time:3.600120544433594e-05
delete time:4.887580871582031e-05
delete time:3.4332275390625e-05
delete time:4.410743713378906e-05
delete time:4.553794860839844e-05
delete time:3.695487976074219e-05
delete time:3.361701965332031e-05
delete time:3.314018249511719e-05
delete time:7.772445678710938e-05
delete time:2.9802322387695312e-05
delete time:5.7220458984375e-05
delete time:4.291534423828125e-05
delete time:5.030632019042969e-05
delete time:3.910064697265625e-05
delete time:3.790855407714844e-05
delete time:5.030632019042969e-05
delete time:6.842613220214844e-05
delete time:4.935264587402344e-05
delete time:3.314018249511719e-05
delete time:5.1975250244140625e-05
delete time:3.2901763916015625e-05
delete time:2.86102294921875e-05
delete time:4.076957702636719e-05
delete time:3.1948089599609375e-05
delete time:3.3855438232421875e-05
delete time:4.3392181396484375e-05
delete time:5.1021575927734375e-05
delete time:3.0279159545898438e-05
delete time:2.765655517578125e-05
delete time:3.886222839355469e-05
delete time:2.47955322265625e-05
delete time:3.8623809814453125e-05
delete time:3.0517578125e-05
delete time:4.5299530029296875e-05
delete time:2.9325485229492188e-05
delete time:4.029273986816406e-05
delete time:4.744529724121094e-05
delete time:3.0040740966796875e-05
delete time:3.6716461181640625e-05
delete time:2.6941299438476562e-05
delete time:3.838539123535156e-05
delete time:4.220008850097656e-05
delete time:2.9087066650390625e-05
delete time:4.291534423828125e-05
delete time:2.956390380859375e-05
delete time:3.528594970703125e-05
delete time:4.363059997558594e-05
delete time:3.3855438232421875e-05
delete time:4.291534423828125e-05
delete time:2.9325485229492188e-05
delete time:4.744529724121094e-05
delete time:2.288818359375e-05
delete time:3.0994415283203125e-05
delete time:2.9802322387695312e-05
delete time:5.435943603515625e-05
delete time:4.553794860839844e-05
delete time:3.600120544433594e-05
delete time:3.2901763916015625e-05
delete time:2.2649765014648438e-05
delete time:3.933906555175781e-05
delete time:4.172325134277344e-05
delete time:3.3855438232421875e-05
delete time:3.170967102050781e-05
delete time:4.3392181396484375e-05
delete time:2.8371810913085938e-05
delete time:2.6464462280273438e-05
delete time:2.7418136596679688e-05
delete time:2.956390380859375e-05
delete time:2.6226043701171875e-05
delete time:2.2649765014648438e-05
delete time:5.888938903808594e-05
delete time:4.792213439941406e-05
delete time:3.075599670410156e-05
delete time:4.172325134277344e-05
delete time:3.314018249511719e-05
delete time:1.3589859008789062e-05
delete time:4.029273986816406e-05
delete time:2.956390380859375e-05
delete time:3.409385681152344e-05
delete time:3.719329833984375e-05
delete time:2.9325485229492188e-05
delete time:3.266334533691406e-05
delete time:2.6464462280273438e-05
delete time:4.076957702636719e-05
delete time:3.0279159545898438e-05
delete time:3.337860107421875e-05
delete time:4.029273986816406e-05
delete time:2.956390380859375e-05
delete time:3.910064697265625e-05
delete time:2.4080276489257812e-05
delete time:4.458427429199219e-05
delete time:2.288818359375e-05
delete time:2.574920654296875e-05
delete time:2.8848648071289062e-05
delete time:2.574920654296875e-05
delete time:3.0040740966796875e-05
delete time:2.8371810913085938e-05
delete time:3.123283386230469e-05
delete time:3.0994415283203125e-05
delete time:3.123283386230469e-05
delete time:2.1219253540039062e-05
delete time:3.24249267578125e-05
delete time:2.8848648071289062e-05
delete time:2.7894973754882812e-05
delete time:2.6226043701171875e-05
delete time:2.4318695068359375e-05
delete time:3.4332275390625e-05
delete time:2.002716064453125e-05
delete time:3.838539123535156e-05
delete time:2.47955322265625e-05
delete time:2.8848648071289062e-05
delete time:2.3365020751953125e-05
delete time:3.409385681152344e-05
delete time:2.6941299438476562e-05
delete time:3.814697265625e-05
delete time:3.2901763916015625e-05
delete time:2.4318695068359375e-05
delete time:3.337860107421875e-05
delete time:2.5987625122070312e-05
delete time:3.075599670410156e-05
delete time:1.8596649169921875e-05
delete time:3.266334533691406e-05
delete time:1.8835067749023438e-05
delete time:2.1219253540039062e-05
delete time:2.2172927856445312e-05
delete time:3.0040740966796875e-05
delete time:1.8835067749023438e-05
delete time:3.361701965332031e-05
delete time:2.288818359375e-05
delete time:2.4318695068359375e-05
delete time:3.075599670410156e-05
delete time:2.7179718017578125e-05
delete time:2.1219253540039062e-05
delete time:3.695487976074219e-05
delete time:2.2649765014648438e-05
delete time:2.193450927734375e-05
delete time:1.6927719116210938e-05
delete time:2.2172927856445312e-05
delete time:3.719329833984375e-05
delete time:2.384185791015625e-05
delete time:3.5762786865234375e-05
delete time:3.0279159545898438e-05
delete time:4.291534423828125e-05
delete time:3.504753112792969e-05
delete time:2.0265579223632812e-05
delete time:2.0742416381835938e-05
delete time:2.4080276489257812e-05
delete time:2.002716064453125e-05
delete time:3.0040740966796875e-05
delete time:3.7670135498046875e-05
delete time:2.4080276489257812e-05
delete time:2.574920654296875e-05
delete time:2.5272369384765625e-05
delete time:3.552436828613281e-05
delete time:2.9087066650390625e-05
delete time:2.8133392333984375e-05
delete time:3.1948089599609375e-05
delete time:2.9087066650390625e-05
delete time:2.9325485229492188e-05
delete time:2.6702880859375e-05
delete time:1.9550323486328125e-05
delete time:1.7642974853515625e-05
delete time:3.5762786865234375e-05
delete time:3.24249267578125e-05
delete time:2.1696090698242188e-05
delete time:2.6226043701171875e-05
delete time:2.0265579223632812e-05
delete time:2.4080276489257812e-05
delete time:2.384185791015625e-05
delete time:2.6941299438476562e-05
delete time:2.47955322265625e-05
delete time:3.2901763916015625e-05
delete time:2.8133392333984375e-05
delete time:4.220008850097656e-05
delete time:2.288818359375e-05
delete time:3.528594970703125e-05
delete time:2.86102294921875e-05
delete time:3.6716461181640625e-05
delete time:1.8835067749023438e-05
delete time:2.3365020751953125e-05
delete time:3.528594970703125e-05
delete time:3.6716461181640625e-05
delete time:3.3855438232421875e-05
delete time:2.7894973754882812e-05
delete time:2.0265579223632812e-05
delete time:2.8848648071289062e-05
delete time:3.8623809814453125e-05
delete time:2.193450927734375e-05
delete time:2.7418136596679688e-05
delete time:3.24249267578125e-05
delete time:3.719329833984375e-05
delete time:3.0994415283203125e-05
delete time:3.790855407714844e-05
delete time:3.814697265625e-05
delete time:2.1219253540039062e-05
delete time:3.0517578125e-05
delete time:2.86102294921875e-05
delete time:3.1948089599609375e-05
delete time:3.0994415283203125e-05
delete time:2.3365020751953125e-05
delete time:2.1219253540039062e-05
delete time:2.3365020751953125e-05
delete time:2.9802322387695312e-05
delete time:2.574920654296875e-05
delete time:2.4318695068359375e-05
delete time:2.2172927856445312e-05
delete time:2.7179718017578125e-05
delete time:3.123283386230469e-05
delete time:3.4332275390625e-05
delete time:2.1219253540039062e-05
delete time:3.409385681152344e-05
delete time:3.528594970703125e-05
delete time:2.2172927856445312e-05
delete time:1.8835067749023438e-05
delete time:2.9087066650390625e-05
delete time:2.8133392333984375e-05
delete time:3.0040740966796875e-05
delete time:3.075599670410156e-05
delete time:2.4557113647460938e-05
delete time:3.337860107421875e-05
delete time:3.075599670410156e-05
delete time:2.6941299438476562e-05
delete time:2.1696090698242188e-05
delete time:2.7179718017578125e-05
delete time:3.0040740966796875e-05
delete time:3.170967102050781e-05
delete time:3.170967102050781e-05
delete time:1.8596649169921875e-05
delete time:3.552436828613281e-05
delete time:2.574920654296875e-05
delete time:2.9325485229492188e-05
delete time:2.4318695068359375e-05
delete time:3.337860107421875e-05
delete time:3.2901763916015625e-05
delete time:1.9550323486328125e-05
delete time:1.9788742065429688e-05
delete time:3.0994415283203125e-05
delete time:3.2901763916015625e-05
delete time:2.193450927734375e-05
delete time:2.8133392333984375e-05
delete time:3.838539123535156e-05
delete time:4.100799560546875e-05
delete time:3.170967102050781e-05
delete time:3.4332275390625e-05
delete time:4.8160552978515625e-05
delete time:2.5033950805664062e-05
delete time:3.0040740966796875e-05
delete time:2.6702880859375e-05
delete time:3.814697265625e-05
delete time:3.457069396972656e-05
delete time:2.5272369384765625e-05
delete time:2.47955322265625e-05
delete time:2.5272369384765625e-05
delete time:4.029273986816406e-05
delete time:2.4557113647460938e-05
delete time:2.6226043701171875e-05
delete time:2.6702880859375e-05
delete time:3.075599670410156e-05
delete time:3.170967102050781e-05
delete time:3.1948089599609375e-05
delete time:3.075599670410156e-05
delete time:2.5033950805664062e-05
delete time:2.8371810913085938e-05
delete time:2.3365020751953125e-05
delete time:2.4318695068359375e-05
delete time:3.62396240234375e-05
delete time:2.8371810913085938e-05
delete time:2.384185791015625e-05
delete time:2.956390380859375e-05
delete time:2.765655517578125e-05
delete time:2.7418136596679688e-05
delete time:2.8371810913085938e-05
delete time:2.6702880859375e-05
delete time:4.291534423828125e-05
delete time:3.0040740966796875e-05
delete time:3.075599670410156e-05
delete time:3.170967102050781e-05
delete time:3.4332275390625e-05
delete time:3.886222839355469e-05
delete time:2.7418136596679688e-05
delete time:2.4318695068359375e-05
delete time:3.4809112548828125e-05
delete time:2.8133392333984375e-05
delete time:4.3392181396484375e-05
delete time:3.2901763916015625e-05
delete time:2.4557113647460938e-05
delete time:2.8371810913085938e-05
delete time:4.7206878662109375e-05
delete time:4.100799560546875e-05
delete time:2.288818359375e-05
delete time:2.47955322265625e-05
delete time:3.266334533691406e-05
delete time:3.62396240234375e-05
delete time:2.1219253540039062e-05
delete time:2.6464462280273438e-05
delete time:3.0994415283203125e-05
delete time:2.3126602172851562e-05
delete time:4.100799560546875e-05
delete time:3.814697265625e-05
delete time:3.218650817871094e-05
delete time:1.9311904907226562e-05
delete time:2.765655517578125e-05
delete time:4.9114227294921875e-05
delete time:3.600120544433594e-05
delete time:3.147125244140625e-05
delete time:2.765655517578125e-05
delete time:3.528594970703125e-05
delete time:2.2172927856445312e-05
delete time:2.6464462280273438e-05
delete time:2.3365020751953125e-05
delete time:3.5762786865234375e-05
delete time:2.5272369384765625e-05
delete time:3.266334533691406e-05
delete time:4.1961669921875e-05
delete time:3.0994415283203125e-05
delete time:2.9802322387695312e-05
delete time:4.76837158203125e-05
delete time:2.9325485229492188e-05
delete time:3.62396240234375e-05
delete time:4.792213439941406e-05
delete time:2.288818359375e-05
delete time:3.218650817871094e-05
delete time:3.9577484130859375e-05
delete time:3.170967102050781e-05
delete time:3.4332275390625e-05
delete time:2.5510787963867188e-05
delete time:3.719329833984375e-05
delete time:3.4332275390625e-05
delete time:2.956390380859375e-05
delete time:2.8133392333984375e-05
delete time:2.3365020751953125e-05
delete time:3.314018249511719e-05
delete time:2.765655517578125e-05
delete time:2.7418136596679688e-05
delete time:3.0040740966796875e-05
delete time:2.1696090698242188e-05
delete time:2.9087066650390625e-05
delete time:2.6226043701171875e-05
delete time:2.9325485229492188e-05
delete time:3.123283386230469e-05
delete time:2.384185791015625e-05
delete time:4.744529724121094e-05
delete time:2.7894973754882812e-05
delete time:4.124641418457031e-05
delete time:3.3855438232421875e-05
delete time:2.47955322265625e-05
delete time:3.814697265625e-05
delete time:3.361701965332031e-05
delete time:4.38690185546875e-05
delete time:3.24249267578125e-05
delete time:3.147125244140625e-05
delete time:3.600120544433594e-05
delete time:3.266334533691406e-05
delete time:3.4809112548828125e-05
delete time:3.1948089599609375e-05
delete time:3.170967102050781e-05
delete time:3.409385681152344e-05
delete time:2.5272369384765625e-05
delete time:3.2901763916015625e-05
delete time:2.6941299438476562e-05
delete time:3.790855407714844e-05
delete time:4.57763671875e-05
delete time:4.124641418457031e-05
delete time:2.4080276489257812e-05
delete time:3.1948089599609375e-05
delete time:3.790855407714844e-05
delete time:1.811981201171875e-05
delete time:3.4332275390625e-05
delete time:3.0517578125e-05
delete time:2.5272369384765625e-05
delete time:3.4332275390625e-05
delete time:3.719329833984375e-05
delete time:2.9087066650390625e-05
delete time:3.266334533691406e-05
delete time:3.24249267578125e-05
delete time:3.314018249511719e-05
delete time:3.5762786865234375e-05
delete time:2.9087066650390625e-05
delete time:2.5987625122070312e-05
delete time:2.6226043701171875e-05
delete time:3.457069396972656e-05
delete time:3.933906555175781e-05
delete time:3.0040740966796875e-05
delete time:3.3855438232421875e-05
delete time:3.266334533691406e-05
delete time:2.8848648071289062e-05
delete time:3.361701965332031e-05
delete time:2.9802322387695312e-05
delete time:2.6941299438476562e-05
delete time:3.600120544433594e-05
delete time:2.2649765014648438e-05
delete time:2.193450927734375e-05
delete time:3.361701965332031e-05
delete time:2.956390380859375e-05
delete time:3.3855438232421875e-05
delete time:4.1961669921875e-05
delete time:2.6702880859375e-05
delete time:3.218650817871094e-05
delete time:3.4332275390625e-05
delete time:3.886222839355469e-05
delete time:3.170967102050781e-05
delete time:3.218650817871094e-05
delete time:3.838539123535156e-05
delete time:3.0994415283203125e-05
delete time:3.504753112792969e-05
delete time:2.5987625122070312e-05
delete time:3.62396240234375e-05
delete time:4.4345855712890625e-05
delete time:3.528594970703125e-05
delete time:2.9802322387695312e-05
delete time:3.695487976074219e-05
delete time:2.3365020751953125e-05
delete time:3.695487976074219e-05
delete time:3.24249267578125e-05
delete time:5.2928924560546875e-05
delete time:3.075599670410156e-05
delete time:3.075599670410156e-05
delete time:2.956390380859375e-05
delete time:2.5510787963867188e-05
delete time:2.6702880859375e-05
delete time:3.314018249511719e-05
delete time:3.910064697265625e-05
delete time:3.790855407714844e-05
delete time:2.9087066650390625e-05
delete time:3.695487976074219e-05
delete time:2.6464462280273438e-05
delete time:3.695487976074219e-05
delete time:3.1948089599609375e-05
delete time:3.2901763916015625e-05
delete time:3.4809112548828125e-05
delete time:3.457069396972656e-05
delete time:3.266334533691406e-05
delete time:3.8623809814453125e-05
delete time:3.981590270996094e-05
delete time:4.1484832763671875e-05
delete time:3.0040740966796875e-05
delete time:2.7894973754882812e-05
delete time:2.956390380859375e-05
delete time:3.886222839355469e-05
delete time:4.00543212890625e-05
delete time:3.814697265625e-05
delete time:3.5762786865234375e-05
delete time:4.124641418457031e-05
delete time:5.698204040527344e-05
delete time:3.743171691894531e-05
delete time:4.5299530029296875e-05
delete time:2.8133392333984375e-05
delete time:2.7894973754882812e-05
delete time:2.8371810913085938e-05
delete time:4.0531158447265625e-05
delete time:2.6702880859375e-05
delete time:3.123283386230469e-05
delete time:6.532669067382812e-05
delete time:4.649162292480469e-05
delete time:2.765655517578125e-05
delete time:5.078315734863281e-05
delete time:2.6464462280273438e-05
delete time:4.38690185546875e-05
delete time:3.695487976074219e-05
delete time:3.361701965332031e-05
delete time:3.814697265625e-05
delete time:3.337860107421875e-05
delete time:3.0994415283203125e-05
delete time:3.743171691894531e-05
delete time:4.1484832763671875e-05
delete time:3.8623809814453125e-05
delete time:3.457069396972656e-05
delete time:4.220008850097656e-05
delete time:2.6464462280273438e-05
delete time:3.790855407714844e-05
delete time:3.647804260253906e-05
delete time:2.288818359375e-05
delete time:2.8133392333984375e-05
delete time:2.384185791015625e-05
delete time:3.600120544433594e-05
delete time:3.3855438232421875e-05
delete time:2.2649765014648438e-05
delete time:3.886222839355469e-05
delete time:3.9577484130859375e-05
delete time:4.38690185546875e-05
delete time:2.2649765014648438e-05
delete time:3.266334533691406e-05
delete time:3.743171691894531e-05
delete time:3.62396240234375e-05
delete time:3.0517578125e-05
delete time:3.886222839355469e-05
delete time:4.696846008300781e-05
delete time:3.814697265625e-05
delete time:2.5272369384765625e-05
delete time:3.075599670410156e-05
delete time:3.647804260253906e-05
delete time:3.719329833984375e-05
delete time:1.9311904907226562e-05
delete time:3.528594970703125e-05
delete time:3.552436828613281e-05
delete time:3.457069396972656e-05
delete time:2.8133392333984375e-05
delete time:3.0279159545898438e-05
delete time:3.981590270996094e-05
delete time:3.409385681152344e-05
delete time:3.5762786865234375e-05
delete time:4.7206878662109375e-05
delete time:3.409385681152344e-05
delete time:4.410743713378906e-05
delete time:3.361701965332031e-05
delete time:5.507469177246094e-05
delete time:2.6941299438476562e-05
delete time:3.7670135498046875e-05
delete time:2.8133392333984375e-05
delete time:3.123283386230469e-05
delete time:3.504753112792969e-05
delete time:3.1948089599609375e-05
delete time:2.7179718017578125e-05
delete time:3.24249267578125e-05
delete time:3.0040740966796875e-05
delete time:4.315376281738281e-05
delete time:2.9087066650390625e-05
delete time:3.3855438232421875e-05
delete time:3.147125244140625e-05
delete time:3.409385681152344e-05
delete time:3.147125244140625e-05
delete time:4.124641418457031e-05
delete time:3.337860107421875e-05
delete time:3.218650817871094e-05
delete time:2.6464462280273438e-05
delete time:2.1457672119140625e-05
delete time:3.266334533691406e-05
delete time:3.24249267578125e-05
delete time:3.3855438232421875e-05
delete time:3.62396240234375e-05
delete time:3.266334533691406e-05
delete time:3.170967102050781e-05
delete time:2.956390380859375e-05
delete time:3.647804260253906e-05
delete time:4.0531158447265625e-05
delete time:3.695487976074219e-05
delete time:2.7894973754882812e-05
delete time:2.8848648071289062e-05
delete time:3.4332275390625e-05
delete time:3.62396240234375e-05
delete time:2.5510787963867188e-05
delete time:3.123283386230469e-05
delete time:3.719329833984375e-05
delete time:3.0279159545898438e-05
delete time:3.0994415283203125e-05
delete time:3.933906555175781e-05
delete time:2.8848648071289062e-05
delete time:2.3365020751953125e-05
delete time:3.838539123535156e-05
delete time:2.8371810913085938e-05
delete time:3.123283386230469e-05
delete time:2.6226043701171875e-05
delete time:2.5510787963867188e-05
delete time:3.24249267578125e-05
delete time:2.2649765014648438e-05
delete time:3.3855438232421875e-05
delete time:3.647804260253906e-05
delete time:3.4809112548828125e-05
delete time:3.743171691894531e-05
delete time:2.384185791015625e-05
delete time:3.218650817871094e-05
delete time:2.8848648071289062e-05
delete time:3.0994415283203125e-05
delete time:2.7179718017578125e-05
delete time:2.9325485229492188e-05
delete time:3.838539123535156e-05
delete time:3.5762786865234375e-05
delete time:2.574920654296875e-05
delete time:3.0040740966796875e-05
delete time:1.6927719116210938e-05
delete time:2.1696090698242188e-05
delete time:2.6702880859375e-05
delete time:3.910064697265625e-05
delete time:3.218650817871094e-05
delete time:2.5987625122070312e-05
delete time:3.647804260253906e-05
delete time:3.695487976074219e-05
delete time:1.71661376953125e-05
delete time:3.528594970703125e-05
delete time:4.00543212890625e-05
delete time:3.5762786865234375e-05
delete time:3.147125244140625e-05
delete time:2.5272369384765625e-05
delete time:2.6464462280273438e-05
delete time:2.765655517578125e-05
delete time:3.361701965332031e-05
delete time:3.838539123535156e-05
delete time:3.123283386230469e-05
delete time:2.9802322387695312e-05
delete time:3.24249267578125e-05
delete time:2.4318695068359375e-05
delete time:3.7670135498046875e-05
delete time:3.600120544433594e-05
delete time:3.0517578125e-05
delete time:2.5033950805664062e-05
delete time:4.076957702636719e-05
delete time:3.337860107421875e-05
delete time:4.410743713378906e-05
delete time:3.075599670410156e-05
delete time:2.3603439331054688e-05
delete time:3.600120544433594e-05
delete time:3.933906555175781e-05
delete time:2.3126602172851562e-05
delete time:4.1961669921875e-05
delete time:3.457069396972656e-05
delete time:2.9325485229492188e-05
delete time:4.9591064453125e-05
delete time:2.86102294921875e-05
delete time:3.719329833984375e-05
delete time:3.123283386230469e-05
delete time:3.0040740966796875e-05
delete time:3.075599670410156e-05
delete time:2.3126602172851562e-05
delete time:3.0517578125e-05
delete time:3.647804260253906e-05
delete time:2.6226043701171875e-05
delete time:3.0040740966796875e-05
delete time:3.4332275390625e-05
delete time:3.4809112548828125e-05
delete time:2.2172927856445312e-05
delete time:2.86102294921875e-05
delete time:3.314018249511719e-05
delete time:2.6464462280273438e-05
delete time:3.24249267578125e-05
delete time:3.218650817871094e-05
delete time:3.123283386230469e-05
delete time:3.266334533691406e-05
delete time:2.9802322387695312e-05
delete time:3.1948089599609375e-05
delete time:3.62396240234375e-05
delete time:3.743171691894531e-05
delete time:2.9087066650390625e-05
delete time:3.504753112792969e-05
delete time:3.790855407714844e-05
delete time:3.266334533691406e-05
delete time:3.361701965332031e-05
delete time:3.123283386230469e-05
delete time:3.0994415283203125e-05
delete time:2.0742416381835938e-05
delete time:2.9087066650390625e-05
delete time:3.0040740966796875e-05
delete time:3.600120544433594e-05
delete time:4.863739013671875e-05
delete time:3.2901763916015625e-05
delete time:3.7670135498046875e-05
delete time:2.574920654296875e-05
delete time:3.62396240234375e-05
delete time:3.409385681152344e-05
delete time:4.7206878662109375e-05
delete time:2.8371810913085938e-05
delete time:3.218650817871094e-05
delete time:2.8848648071289062e-05
delete time:4.458427429199219e-05
delete time:2.6226043701171875e-05
delete time:3.6716461181640625e-05
delete time:3.528594970703125e-05
delete time:2.2649765014648438e-05
delete time:3.552436828613281e-05
delete time:3.0279159545898438e-05
delete time:3.719329833984375e-05
delete time:3.075599670410156e-05
delete time:2.574920654296875e-05
delete time:2.8133392333984375e-05
delete time:2.4557113647460938e-05
delete time:2.8133392333984375e-05
delete time:2.7418136596679688e-05
delete time:3.0994415283203125e-05
delete time:2.956390380859375e-05
delete time:3.1948089599609375e-05
delete time:3.0994415283203125e-05
delete time:3.218650817871094e-05
delete time:3.0040740966796875e-05
delete time:3.5762786865234375e-05
delete time:3.409385681152344e-05
delete time:3.552436828613281e-05
delete time:3.552436828613281e-05
delete time:2.8371810913085938e-05
delete time:2.9802322387695312e-05
delete time:3.0040740966796875e-05
delete time:3.552436828613281e-05
delete time:3.6716461181640625e-05
delete time:4.3392181396484375e-05
delete time:2.7894973754882812e-05
delete time:2.765655517578125e-05
delete time:3.5762786865234375e-05
delete time:2.956390380859375e-05
delete time:3.147125244140625e-05
delete time:4.9591064453125e-05
delete time:2.7894973754882812e-05
delete time:4.100799560546875e-05
delete time:2.6941299438476562e-05
delete time:2.2411346435546875e-05
delete time:3.504753112792969e-05
delete time:3.457069396972656e-05
delete time:4.124641418457031e-05
delete time:4.9591064453125e-05
delete time:5.269050598144531e-05
delete time:2.4080276489257812e-05
delete time:3.0040740966796875e-05
delete time:2.3365020751953125e-05
delete time:2.5510787963867188e-05
delete time:3.218650817871094e-05
delete time:3.504753112792969e-05
delete time:2.3126602172851562e-05
delete time:3.2901763916015625e-05
delete time:3.0279159545898438e-05
delete time:3.123283386230469e-05
delete time:1.6450881958007812e-05
delete time:3.4332275390625e-05
delete time:3.170967102050781e-05
delete time:5.1975250244140625e-05
delete time:3.743171691894531e-05
delete time:3.814697265625e-05
delete time:2.7894973754882812e-05
delete time:2.9802322387695312e-05
delete time:2.3365020751953125e-05
delete time:3.814697265625e-05
delete time:3.147125244140625e-05
delete time:3.552436828613281e-05
delete time:2.6941299438476562e-05
delete time:4.410743713378906e-05
delete time:2.4080276489257812e-05
delete time:3.2901763916015625e-05
delete time:3.5762786865234375e-05
delete time:3.147125244140625e-05
delete time:3.647804260253906e-05
delete time:4.863739013671875e-05
delete time:2.9802322387695312e-05
delete time:3.361701965332031e-05
delete time:4.553794860839844e-05
delete time:2.9087066650390625e-05
delete time:2.8371810913085938e-05
delete time:4.839897155761719e-05
delete time:3.457069396972656e-05
delete time:2.86102294921875e-05
delete time:3.266334533691406e-05
delete time:3.0040740966796875e-05
delete time:3.62396240234375e-05
delete time:2.6226043701171875e-05
delete time:4.649162292480469e-05
delete time:3.2901763916015625e-05
delete time:2.5987625122070312e-05
delete time:2.3126602172851562e-05
delete time:3.218650817871094e-05
delete time:2.6941299438476562e-05
delete time:3.5762786865234375e-05
delete time:2.9325485229492188e-05
delete time:2.9325485229492188e-05
delete time:3.170967102050781e-05
delete time:4.601478576660156e-05
delete time:2.8371810913085938e-05
delete time:3.123283386230469e-05
delete time:3.147125244140625e-05
delete time:2.9087066650390625e-05
delete time:3.552436828613281e-05
delete time:3.2901763916015625e-05
delete time:3.147125244140625e-05
delete time:3.552436828613281e-05
delete time:3.170967102050781e-05
delete time:2.765655517578125e-05
delete time:2.8371810913085938e-05
delete time:3.8623809814453125e-05
delete time:3.8623809814453125e-05
delete time:3.695487976074219e-05
delete time:2.956390380859375e-05
delete time:3.0517578125e-05
delete time:3.4332275390625e-05
delete time:3.218650817871094e-05
delete time:3.457069396972656e-05
delete time:3.337860107421875e-05
delete time:3.886222839355469e-05
delete time:1.7881393432617188e-05
delete time:3.0040740966796875e-05
delete time:2.384185791015625e-05
delete time:4.1484832763671875e-05
delete time:3.4332275390625e-05
delete time:3.409385681152344e-05
delete time:3.147125244140625e-05
delete time:2.7179718017578125e-05
delete time:3.647804260253906e-05
delete time:2.5272369384765625e-05
delete time:2.6702880859375e-05
delete time:3.2901763916015625e-05
delete time:2.9325485229492188e-05
delete time:3.266334533691406e-05
delete time:2.574920654296875e-05
delete time:2.1219253540039062e-05
delete time:3.147125244140625e-05
delete time:3.314018249511719e-05
delete time:3.266334533691406e-05
delete time:3.9577484130859375e-05
delete time:2.7179718017578125e-05
delete time:1.9550323486328125e-05
delete time:2.574920654296875e-05
delete time:3.0279159545898438e-05
delete time:3.24249267578125e-05
delete time:3.9577484130859375e-05
delete time:4.792213439941406e-05
delete time:3.314018249511719e-05
delete time:2.6226043701171875e-05
delete time:3.695487976074219e-05
delete time:3.123283386230469e-05
delete time:1.7881393432617188e-05
delete time:3.314018249511719e-05
delete time:3.361701965332031e-05
delete time:3.62396240234375e-05
delete time:3.5762786865234375e-05
delete time:2.956390380859375e-05
delete time:3.981590270996094e-05
delete time:3.170967102050781e-05
delete time:3.0279159545898438e-05
delete time:3.552436828613281e-05
delete time:3.24249267578125e-05
delete time:2.9087066650390625e-05
delete time:1.9311904907226562e-05
delete time:3.600120544433594e-05
delete time:2.9325485229492188e-05
delete time:2.765655517578125e-05
delete time:2.384185791015625e-05
delete time:3.62396240234375e-05
delete time:4.0531158447265625e-05
delete time:3.0517578125e-05
delete time:4.0531158447265625e-05
delete time:3.314018249511719e-05
delete time:2.09808349609375e-05
delete time:3.24249267578125e-05
delete time:3.409385681152344e-05
delete time:2.4557113647460938e-05
delete time:3.6716461181640625e-05
delete time:3.24249267578125e-05
delete time:4.57763671875e-05
delete time:2.956390380859375e-05
delete time:2.9802322387695312e-05
delete time:3.218650817871094e-05
delete time:5.364418029785156e-05
delete time:3.314018249511719e-05
delete time:3.0517578125e-05
delete time:3.314018249511719e-05
delete time:3.147125244140625e-05
delete time:1.7642974853515625e-05
delete time:3.695487976074219e-05
delete time:3.314018249511719e-05
delete time:3.719329833984375e-05
delete time:4.291534423828125e-05
delete time:3.6716461181640625e-05
delete time:2.5033950805664062e-05
delete time:2.956390380859375e-05
delete time:3.123283386230469e-05
delete time:2.4318695068359375e-05
delete time:2.3126602172851562e-05
delete time:2.0265579223632812e-05
delete time:2.86102294921875e-05
delete time:4.00543212890625e-05
delete time:3.5762786865234375e-05
delete time:2.956390380859375e-05
delete time:2.8133392333984375e-05
delete time:4.076957702636719e-05
delete time:4.00543212890625e-05
delete time:3.6716461181640625e-05
delete time:2.8133392333984375e-05
delete time:3.8623809814453125e-05
delete time:3.719329833984375e-05
delete time:3.62396240234375e-05
delete time:3.457069396972656e-05
delete time:3.075599670410156e-05
delete time:2.6941299438476562e-05
delete time:3.552436828613281e-05
delete time:3.504753112792969e-05
delete time:3.409385681152344e-05
delete time:2.7179718017578125e-05
delete time:3.0517578125e-05
delete time:2.9325485229492188e-05
delete time:3.361701965332031e-05
delete time:2.7179718017578125e-05
delete time:3.910064697265625e-05
delete time:3.0517578125e-05
delete time:2.9087066650390625e-05
delete time:4.291534423828125e-05
delete time:2.7179718017578125e-05
delete time:2.7418136596679688e-05
delete time:2.9325485229492188e-05
delete time:3.337860107421875e-05
delete time:2.574920654296875e-05
delete time:3.0279159545898438e-05
delete time:4.100799560546875e-05
delete time:3.600120544433594e-05
delete time:2.8133392333984375e-05
delete time:3.910064697265625e-05
delete time:3.0517578125e-05
delete time:4.839897155761719e-05
delete time:2.8133392333984375e-05
delete time:3.695487976074219e-05
delete time:4.935264587402344e-05
delete time:3.361701965332031e-05
delete time:2.7418136596679688e-05
delete time:4.6253204345703125e-05
delete time:3.218650817871094e-05
delete time:3.2901763916015625e-05
delete time:3.123283386230469e-05
delete time:1.8835067749023438e-05
delete time:3.337860107421875e-05
delete time:3.0279159545898438e-05
delete time:2.86102294921875e-05
delete time:3.695487976074219e-05
delete time:3.695487976074219e-05
delete time:4.076957702636719e-05
delete time:2.6702880859375e-05
delete time:2.6702880859375e-05
delete time:3.3855438232421875e-05
delete time:3.743171691894531e-05
delete time:2.8133392333984375e-05
delete time:3.147125244140625e-05
delete time:3.6716461181640625e-05
delete time:3.075599670410156e-05
delete time:5.078315734863281e-05
delete time:2.47955322265625e-05
delete time:2.8371810913085938e-05
delete time:3.147125244140625e-05
delete time:3.2901763916015625e-05
delete time:2.9087066650390625e-05
delete time:3.123283386230469e-05
delete time:2.5987625122070312e-05
delete time:2.9325485229492188e-05
delete time:4.673004150390625e-05
delete time:3.075599670410156e-05
delete time:2.47955322265625e-05
delete time:2.2411346435546875e-05
delete time:3.218650817871094e-05
delete time:3.552436828613281e-05
delete time:3.719329833984375e-05
delete time:3.9577484130859375e-05
delete time:2.8133392333984375e-05
delete time:3.337860107421875e-05
delete time:3.4332275390625e-05
delete time:3.314018249511719e-05
delete time:3.0279159545898438e-05
delete time:3.552436828613281e-05
delete time:4.029273986816406e-05
delete time:3.933906555175781e-05
delete time:2.5033950805664062e-05
delete time:3.218650817871094e-05
delete time:3.361701965332031e-05
delete time:3.314018249511719e-05
delete time:3.361701965332031e-05
delete time:4.00543212890625e-05
delete time:3.552436828613281e-05
delete time:3.695487976074219e-05
delete time:3.123283386230469e-05
delete time:3.4809112548828125e-05
delete time:2.9325485229492188e-05
delete time:2.3603439331054688e-05
delete time:3.361701965332031e-05
delete time:3.337860107421875e-05
delete time:3.743171691894531e-05
delete time:3.075599670410156e-05
delete time:4.649162292480469e-05
delete time:3.4809112548828125e-05
delete time:4.291534423828125e-05
delete time:3.504753112792969e-05
delete time:3.24249267578125e-05
delete time:3.647804260253906e-05
delete time:3.266334533691406e-05
delete time:5.078315734863281e-05
delete time:3.7670135498046875e-05
delete time:2.4557113647460938e-05
delete time:3.647804260253906e-05
delete time:3.552436828613281e-05
delete time:3.24249267578125e-05
delete time:3.337860107421875e-05
delete time:3.361701965332031e-05
delete time:3.528594970703125e-05
delete time:3.218650817871094e-05
delete time:3.3855438232421875e-05
delete time:4.696846008300781e-05
delete time:3.147125244140625e-05
delete time:2.9802322387695312e-05
delete time:3.0040740966796875e-05
delete time:2.6464462280273438e-05
delete time:2.9802322387695312e-05
delete time:2.7894973754882812e-05
delete time:3.170967102050781e-05
delete time:3.4332275390625e-05
delete time:3.910064697265625e-05
delete time:3.2901763916015625e-05
delete time:3.075599670410156e-05
delete time:3.266334533691406e-05
delete time:2.86102294921875e-05
delete time:2.9087066650390625e-05
delete time:3.266334533691406e-05
delete time:3.457069396972656e-05
delete time:3.528594970703125e-05
delete time:2.8133392333984375e-05
delete time:3.337860107421875e-05
delete time:2.5510787963867188e-05
delete time:3.218650817871094e-05
delete time:3.0279159545898438e-05
delete time:3.528594970703125e-05
delete time:3.528594970703125e-05
delete time:2.0503997802734375e-05
delete time:3.218650817871094e-05
delete time:3.790855407714844e-05
delete time:2.956390380859375e-05
delete time:3.743171691894531e-05
delete time:3.147125244140625e-05
delete time:3.790855407714844e-05
delete time:2.8371810913085938e-05
delete time:3.3855438232421875e-05
delete time:4.8160552978515625e-05
delete time:3.4809112548828125e-05
delete time:3.123283386230469e-05
delete time:3.409385681152344e-05
delete time:2.574920654296875e-05
delete time:3.743171691894531e-05
delete time:2.7418136596679688e-05
delete time:3.3855438232421875e-05
delete time:3.337860107421875e-05
delete time:2.4318695068359375e-05
delete time:3.266334533691406e-05
delete time:4.2438507080078125e-05
delete time:3.4809112548828125e-05
delete time:4.00543212890625e-05
delete time:4.3392181396484375e-05
delete time:2.8371810913085938e-05
delete time:2.4080276489257812e-05
delete time:2.7418136596679688e-05
delete time:2.7894973754882812e-05
delete time:2.3126602172851562e-05
delete time:3.5762786865234375e-05
delete time:2.9802322387695312e-05
delete time:2.765655517578125e-05
delete time:2.4318695068359375e-05
delete time:3.600120544433594e-05
delete time:2.9802322387695312e-05
delete time:4.363059997558594e-05
delete time:2.8848648071289062e-05
delete time:4.6253204345703125e-05
delete time:2.9802322387695312e-05
delete time:3.0994415283203125e-05
delete time:3.5762786865234375e-05
delete time:2.4080276489257812e-05
delete time:3.695487976074219e-05
delete time:2.6226043701171875e-05
delete time:3.4332275390625e-05
delete time:2.384185791015625e-05
delete time:3.266334533691406e-05
delete time:3.266334533691406e-05
delete time:2.6941299438476562e-05
delete time:2.47955322265625e-05
delete time:2.8371810913085938e-05
delete time:2.7418136596679688e-05
delete time:4.076957702636719e-05
delete time:3.5762786865234375e-05
delete time:3.24249267578125e-05
delete time:3.719329833984375e-05
delete time:2.5033950805664062e-05
delete time:3.24249267578125e-05
delete time:3.361701965332031e-05
delete time:2.956390380859375e-05
delete time:3.743171691894531e-05
delete time:3.504753112792969e-05
delete time:4.172325134277344e-05
delete time:3.886222839355469e-05
delete time:3.790855407714844e-05
delete time:3.790855407714844e-05
delete time:3.695487976074219e-05
delete time:3.9577484130859375e-05
delete time:2.6702880859375e-05
delete time:2.0265579223632812e-05
delete time:3.0517578125e-05
delete time:2.765655517578125e-05
delete time:3.3855438232421875e-05
delete time:2.3603439331054688e-05
delete time:3.4332275390625e-05
delete time:3.600120544433594e-05
delete time:2.9087066650390625e-05
delete time:3.0040740966796875e-05
delete time:3.170967102050781e-05
delete time:2.9802322387695312e-05
delete time:3.0040740966796875e-05
delete time:3.3855438232421875e-05
delete time:4.38690185546875e-05
delete time:2.4318695068359375e-05
delete time:3.4332275390625e-05
delete time:3.4332275390625e-05
delete time:3.528594970703125e-05
delete time:3.814697265625e-05
delete time:2.8133392333984375e-05
delete time:4.57763671875e-05
delete time:3.170967102050781e-05
delete time:3.600120544433594e-05
delete time:2.956390380859375e-05
delete time:3.123283386230469e-05
delete time:3.1948089599609375e-05
delete time:3.4809112548828125e-05
delete time:5.507469177246094e-05
delete time:2.7179718017578125e-05
delete time:2.8848648071289062e-05
delete time:2.0503997802734375e-05
delete time:3.886222839355469e-05
delete time:3.552436828613281e-05
delete time:3.8623809814453125e-05
delete time:4.029273986816406e-05
delete time:3.0279159545898438e-05
delete time:2.956390380859375e-05
delete time:4.0531158447265625e-05
delete time:5.221366882324219e-05
delete time:3.0517578125e-05
delete time:4.076957702636719e-05
delete time:3.6716461181640625e-05
delete time:3.409385681152344e-05
delete time:3.4809112548828125e-05
delete time:3.600120544433594e-05
delete time:3.552436828613281e-05
delete time:3.147125244140625e-05
delete time:2.6941299438476562e-05
delete time:2.9325485229492188e-05
delete time:4.2438507080078125e-05
delete time:2.2172927856445312e-05
delete time:3.0279159545898438e-05
delete time:3.933906555175781e-05
delete time:2.8848648071289062e-05
delete time:3.0517578125e-05
delete time:3.409385681152344e-05
delete time:3.314018249511719e-05
delete time:2.956390380859375e-05
delete time:2.5033950805664062e-05
delete time:3.170967102050781e-05
delete time:3.075599670410156e-05
delete time:3.0994415283203125e-05
delete time:2.2649765014648438e-05
delete time:3.790855407714844e-05
delete time:2.9325485229492188e-05
delete time:3.528594970703125e-05
delete time:3.2901763916015625e-05
delete time:3.314018249511719e-05
delete time:3.1948089599609375e-05
delete time:3.218650817871094e-05
delete time:3.0040740966796875e-05
delete time:3.886222839355469e-05
delete time:3.0279159545898438e-05
delete time:2.9325485229492188e-05
delete time:3.695487976074219e-05
delete time:3.0994415283203125e-05
delete time:3.0279159545898438e-05
delete time:5.269050598144531e-05
delete time:2.3603439331054688e-05
delete time:2.5987625122070312e-05
delete time:3.695487976074219e-05
delete time:3.790855407714844e-05
delete time:2.7418136596679688e-05
delete time:2.09808349609375e-05
delete time:2.2649765014648438e-05
delete time:3.8623809814453125e-05
delete time:4.1961669921875e-05
delete time:3.1948089599609375e-05
delete time:4.3392181396484375e-05
delete time:3.0279159545898438e-05
delete time:3.9577484130859375e-05
delete time:3.361701965332031e-05
delete time:3.457069396972656e-05
delete time:2.6464462280273438e-05
delete time:3.1948089599609375e-05
delete time:3.075599670410156e-05
delete time:2.5272369384765625e-05
delete time:4.76837158203125e-05
delete time:3.1948089599609375e-05
delete time:3.0994415283203125e-05
delete time:2.8371810913085938e-05
delete time:4.076957702636719e-05
delete time:3.647804260253906e-05
delete time:3.2901763916015625e-05
delete time:3.790855407714844e-05
delete time:3.314018249511719e-05
delete time:3.62396240234375e-05
delete time:3.743171691894531e-05
delete time:2.4318695068359375e-05
delete time:3.123283386230469e-05
delete time:3.4332275390625e-05
delete time:3.24249267578125e-05
delete time:2.7179718017578125e-05
delete time:3.0040740966796875e-05
delete time:3.4809112548828125e-05
delete time:2.7894973754882812e-05
delete time:2.5272369384765625e-05
delete time:2.2649765014648438e-05
delete time:3.790855407714844e-05
delete time:3.0517578125e-05
delete time:2.0742416381835938e-05
delete time:2.5510787963867188e-05
delete time:3.266334533691406e-05
delete time:3.0279159545898438e-05
delete time:5.269050598144531e-05
delete time:3.719329833984375e-05
delete time:2.2411346435546875e-05
delete time:2.6702880859375e-05
delete time:3.123283386230469e-05
delete time:4.1484832763671875e-05
delete time:3.218650817871094e-05
delete time:3.1948089599609375e-05
delete time:3.337860107421875e-05
delete time:2.8371810913085938e-05
delete time:3.314018249511719e-05
delete time:3.6716461181640625e-05
delete time:2.7894973754882812e-05
delete time:2.6226043701171875e-05
delete time:2.7418136596679688e-05
delete time:2.956390380859375e-05
delete time:3.743171691894531e-05
delete time:3.886222839355469e-05
delete time:2.9802322387695312e-05
delete time:3.075599670410156e-05
delete time:3.0279159545898438e-05
delete time:3.4809112548828125e-05
delete time:2.8371810913085938e-05
delete time:3.170967102050781e-05
delete time:2.956390380859375e-05
delete time:3.552436828613281e-05
delete time:2.765655517578125e-05
delete time:3.4809112548828125e-05
delete time:3.0517578125e-05
delete time:4.458427429199219e-05
delete time:2.0742416381835938e-05
delete time:3.552436828613281e-05
delete time:2.9802322387695312e-05
delete time:2.6941299438476562e-05
delete time:2.6941299438476562e-05
delete time:2.9325485229492188e-05
delete time:1.8358230590820312e-05
delete time:3.0279159545898438e-05
delete time:3.933906555175781e-05
delete time:2.956390380859375e-05
delete time:3.4809112548828125e-05
delete time:4.482269287109375e-05
delete time:2.8848648071289062e-05
delete time:2.7894973754882812e-05
delete time:2.9087066650390625e-05
delete time:2.7894973754882812e-05
delete time:2.7418136596679688e-05
delete time:3.075599670410156e-05
delete time:3.123283386230469e-05
delete time:3.2901763916015625e-05
delete time:3.0994415283203125e-05
delete time:2.4318695068359375e-05
delete time:3.528594970703125e-05
delete time:3.1948089599609375e-05
delete time:2.6941299438476562e-05
delete time:2.8133392333984375e-05
delete time:2.8371810913085938e-05
delete time:3.2901763916015625e-05
delete time:2.8133392333984375e-05
delete time:3.0279159545898438e-05
delete time:2.574920654296875e-05
delete time:2.5033950805664062e-05
delete time:3.409385681152344e-05
delete time:2.6941299438476562e-05
delete time:4.172325134277344e-05
delete time:3.62396240234375e-05
delete time:3.147125244140625e-05
delete time:3.147125244140625e-05
delete time:3.5762786865234375e-05
delete time:3.24249267578125e-05
delete time:3.24249267578125e-05
delete time:3.361701965332031e-05
delete time:2.956390380859375e-05
delete time:3.2901763916015625e-05
delete time:3.075599670410156e-05
delete time:2.5272369384765625e-05
delete time:1.5974044799804688e-05
delete time:3.743171691894531e-05
delete time:3.24249267578125e-05
delete time:3.0517578125e-05
delete time:2.8848648071289062e-05
delete time:2.5033950805664062e-05
delete time:2.5987625122070312e-05
delete time:3.814697265625e-05
delete time:3.504753112792969e-05
delete time:3.504753112792969e-05
delete time:2.956390380859375e-05
delete time:3.504753112792969e-05
delete time:4.744529724121094e-05
delete time:3.600120544433594e-05
delete time:2.6702880859375e-05
delete time:3.0040740966796875e-05
delete time:3.123283386230469e-05
delete time:2.9802322387695312e-05
delete time:2.9325485229492188e-05
delete time:4.172325134277344e-05
delete time:3.0279159545898438e-05
delete time:2.193450927734375e-05
delete time:3.552436828613281e-05
delete time:3.0040740966796875e-05
delete time:3.123283386230469e-05
delete time:4.982948303222656e-05
delete time:4.38690185546875e-05
delete time:3.8623809814453125e-05
delete time:3.886222839355469e-05
delete time:3.981590270996094e-05
delete time:3.814697265625e-05
delete time:2.765655517578125e-05
delete time:2.8133392333984375e-05
delete time:3.0279159545898438e-05
delete time:3.147125244140625e-05
delete time:2.3603439331054688e-05
delete time:3.123283386230469e-05
delete time:2.6941299438476562e-05
delete time:3.075599670410156e-05
delete time:3.075599670410156e-05
delete time:2.5033950805664062e-05
delete time:3.170967102050781e-05
delete time:2.5987625122070312e-05
delete time:4.4345855712890625e-05
delete time:3.075599670410156e-05
delete time:1.9311904907226562e-05
delete time:2.5272369384765625e-05
delete time:3.457069396972656e-05
delete time:3.123283386230469e-05
delete time:4.291534423828125e-05
delete time:2.9325485229492188e-05
delete time:3.24249267578125e-05
delete time:2.9087066650390625e-05
delete time:2.6464462280273438e-05
delete time:2.86102294921875e-05
delete time:2.193450927734375e-05
delete time:2.6226043701171875e-05
delete time:3.0040740966796875e-05
delete time:3.62396240234375e-05
delete time:4.267692565917969e-05
delete time:4.363059997558594e-05
delete time:3.0279159545898438e-05
delete time:3.910064697265625e-05
delete time:2.86102294921875e-05
delete time:3.457069396972656e-05
delete time:4.458427429199219e-05
delete time:3.4809112548828125e-05
delete time:3.7670135498046875e-05
delete time:4.220008850097656e-05
delete time:2.9802322387695312e-05
delete time:3.5762786865234375e-05
delete time:3.62396240234375e-05
delete time:4.363059997558594e-05
delete time:2.5987625122070312e-05
delete time:3.1948089599609375e-05
delete time:4.172325134277344e-05
delete time:3.1948089599609375e-05
delete time:2.956390380859375e-05
delete time:2.956390380859375e-05
delete time:2.956390380859375e-05
delete time:3.337860107421875e-05
delete time:2.5272369384765625e-05
delete time:2.765655517578125e-05
delete time:2.2172927856445312e-05
delete time:3.62396240234375e-05
delete time:3.147125244140625e-05
delete time:2.86102294921875e-05
delete time:3.075599670410156e-05
delete time:3.552436828613281e-05
delete time:4.00543212890625e-05
delete time:2.193450927734375e-05
delete time:3.743171691894531e-05
delete time:3.1948089599609375e-05
delete time:4.9591064453125e-05
delete time:3.147125244140625e-05
delete time:3.337860107421875e-05
delete time:3.123283386230469e-05
delete time:3.552436828613281e-05
delete time:3.337860107421875e-05
delete time:3.1948089599609375e-05
delete time:3.147125244140625e-05
delete time:2.9802322387695312e-05
delete time:5.2928924560546875e-05
delete time:2.5510787963867188e-05
delete time:2.47955322265625e-05
delete time:3.075599670410156e-05
delete time:2.9087066650390625e-05
delete time:4.5299530029296875e-05
delete time:3.24249267578125e-05
delete time:2.5033950805664062e-05
delete time:3.504753112792969e-05
delete time:5.054473876953125e-05
delete time:2.193450927734375e-05
delete time:3.0517578125e-05
delete time:4.291534423828125e-05
delete time:2.9325485229492188e-05
delete time:2.9087066650390625e-05
delete time:3.2901763916015625e-05
delete time:2.2649765014648438e-05
delete time:2.9802322387695312e-05
delete time:3.552436828613281e-05
delete time:3.6716461181640625e-05
delete time:3.2901763916015625e-05
delete time:2.7418136596679688e-05
delete time:3.123283386230469e-05
delete time:4.1484832763671875e-05
delete time:3.528594970703125e-05
delete time:3.1948089599609375e-05
delete time:2.765655517578125e-05
delete time:3.600120544433594e-05
delete time:3.170967102050781e-05
delete time:3.3855438232421875e-05
delete time:2.7179718017578125e-05
delete time:3.6716461181640625e-05
delete time:3.123283386230469e-05
delete time:3.24249267578125e-05
delete time:3.314018249511719e-05
delete time:3.600120544433594e-05
delete time:2.765655517578125e-05
delete time:3.361701965332031e-05
delete time:3.504753112792969e-05
delete time:3.409385681152344e-05
delete time:5.245208740234375e-05
delete time:4.315376281738281e-05
delete time:2.288818359375e-05
delete time:3.457069396972656e-05
delete time:2.7418136596679688e-05
delete time:4.839897155761719e-05
delete time:2.3365020751953125e-05
delete time:4.029273986816406e-05
delete time:1.9311904907226562e-05
delete time:2.5033950805664062e-05
delete time:3.5762786865234375e-05
delete time:2.2649765014648438e-05
delete time:3.075599670410156e-05
delete time:2.4557113647460938e-05
delete time:3.0040740966796875e-05
delete time:2.3365020751953125e-05
delete time:3.2901763916015625e-05
delete time:3.0279159545898438e-05
delete time:3.504753112792969e-05
delete time:3.600120544433594e-05
delete time:3.0994415283203125e-05
delete time:3.0040740966796875e-05
delete time:3.314018249511719e-05
delete time:3.1948089599609375e-05
delete time:3.8623809814453125e-05
delete time:2.7418136596679688e-05
delete time:3.743171691894531e-05
delete time:3.1948089599609375e-05
delete time:3.695487976074219e-05
delete time:3.170967102050781e-05
delete time:3.886222839355469e-05
delete time:3.814697265625e-05
delete time:3.0279159545898438e-05
delete time:3.170967102050781e-05
delete time:2.5033950805664062e-05
delete time:2.6226043701171875e-05
delete time:4.696846008300781e-05
delete time:3.5762786865234375e-05
delete time:2.86102294921875e-05
delete time:3.504753112792969e-05
delete time:2.4080276489257812e-05
delete time:2.8133392333984375e-05
delete time:2.5033950805664062e-05
delete time:3.218650817871094e-05
delete time:3.337860107421875e-05
delete time:2.5033950805664062e-05
delete time:2.6702880859375e-05
delete time:3.9577484130859375e-05
delete time:3.170967102050781e-05
delete time:2.7179718017578125e-05
delete time:4.0531158447265625e-05
delete time:2.9325485229492188e-05
delete time:3.075599670410156e-05
delete time:2.4557113647460938e-05
delete time:4.172325134277344e-05
delete time:4.673004150390625e-05
delete time:3.075599670410156e-05
delete time:2.956390380859375e-05
delete time:4.363059997558594e-05
delete time:4.2438507080078125e-05
delete time:3.3855438232421875e-05
delete time:3.170967102050781e-05
delete time:3.5762786865234375e-05
delete time:3.409385681152344e-05
delete time:2.7418136596679688e-05
delete time:3.814697265625e-05
delete time:3.361701965332031e-05
delete time:3.600120544433594e-05
delete time:3.552436828613281e-05
delete time:3.8623809814453125e-05
delete time:3.2901763916015625e-05
delete time:2.3603439331054688e-05
delete time:2.86102294921875e-05
delete time:2.1696090698242188e-05
delete time:1.71661376953125e-05
delete time:4.482269287109375e-05
delete time:3.0040740966796875e-05
delete time:3.3855438232421875e-05
delete time:3.5762786865234375e-05
delete time:4.100799560546875e-05
delete time:2.9087066650390625e-05
delete time:2.765655517578125e-05
delete time:3.790855407714844e-05
delete time:3.4809112548828125e-05
delete time:2.9087066650390625e-05
delete time:3.814697265625e-05
delete time:3.2901763916015625e-05
delete time:3.5762786865234375e-05
delete time:4.3392181396484375e-05
delete time:3.457069396972656e-05
delete time:2.47955322265625e-05
delete time:2.9087066650390625e-05
delete time:2.3126602172851562e-05
delete time:3.24249267578125e-05
delete time:3.3855438232421875e-05
delete time:3.600120544433594e-05
delete time:2.193450927734375e-05
delete time:2.0265579223632812e-05
delete time:2.47955322265625e-05
delete time:4.291534423828125e-05
delete time:4.1961669921875e-05
delete time:3.314018249511719e-05
delete time:3.457069396972656e-05
delete time:3.528594970703125e-05
delete time:2.8133392333984375e-05
delete time:3.504753112792969e-05
delete time:3.0994415283203125e-05
delete time:3.9577484130859375e-05
delete time:3.409385681152344e-05
delete time:3.218650817871094e-05
delete time:3.4332275390625e-05
delete time:3.218650817871094e-05
delete time:3.0994415283203125e-05
delete time:4.6253204345703125e-05
delete time:3.0279159545898438e-05
delete time:3.528594970703125e-05
delete time:2.6464462280273438e-05
delete time:3.457069396972656e-05
delete time:2.7418136596679688e-05
delete time:4.482269287109375e-05
delete time:3.4809112548828125e-05
delete time:3.3855438232421875e-05
delete time:3.170967102050781e-05
delete time:3.504753112792969e-05
delete time:3.0279159545898438e-05
delete time:2.8371810913085938e-05
delete time:3.4809112548828125e-05
delete time:3.4332275390625e-05
delete time:2.5987625122070312e-05
delete time:3.790855407714844e-05
delete time:3.0517578125e-05
delete time:3.910064697265625e-05
delete time:2.7179718017578125e-05
delete time:2.8133392333984375e-05
delete time:3.147125244140625e-05
delete time:3.2901763916015625e-05
delete time:2.8133392333984375e-05
delete time:2.288818359375e-05
delete time:3.886222839355469e-05
delete time:3.743171691894531e-05
delete time:3.504753112792969e-05
delete time:3.123283386230469e-05
delete time:5.650520324707031e-05
delete time:5.14984130859375e-05
delete time:2.9802322387695312e-05
delete time:2.6226043701171875e-05
delete time:2.5510787963867188e-05
delete time:2.384185791015625e-05
delete time:3.4809112548828125e-05
delete time:2.1219253540039062e-05
delete time:1.6689300537109375e-05
delete time:2.956390380859375e-05
delete time:2.765655517578125e-05
delete time:2.4080276489257812e-05
delete time:3.24249267578125e-05
delete time:3.147125244140625e-05
delete time:5.0067901611328125e-05
delete time:2.384185791015625e-05
delete time:2.7418136596679688e-05
delete time:5.745887756347656e-05
delete time:2.8133392333984375e-05
delete time:3.7670135498046875e-05
delete time:2.8848648071289062e-05
delete time:2.9087066650390625e-05
delete time:3.910064697265625e-05
delete time:2.5033950805664062e-05
delete time:2.86102294921875e-05
delete time:2.6941299438476562e-05
delete time:3.2901763916015625e-05
delete time:4.6253204345703125e-05
delete time:3.266334533691406e-05
delete time:2.5510787963867188e-05
delete time:4.076957702636719e-05
delete time:2.6464462280273438e-05
delete time:3.147125244140625e-05
delete time:5.221366882324219e-05
delete time:2.956390380859375e-05
delete time:3.0517578125e-05
delete time:3.719329833984375e-05
delete time:3.600120544433594e-05
delete time:2.7894973754882812e-05
delete time:1.8358230590820312e-05
delete time:3.1948089599609375e-05
delete time:2.2411346435546875e-05
delete time:2.8848648071289062e-05
delete time:3.123283386230469e-05
delete time:3.075599670410156e-05
delete time:2.9087066650390625e-05
delete time:3.457069396972656e-05
delete time:3.4809112548828125e-05
delete time:3.528594970703125e-05
delete time:5.650520324707031e-05
delete time:3.314018249511719e-05
delete time:3.314018249511719e-05
delete time:3.910064697265625e-05
delete time:2.8371810913085938e-05
delete time:3.552436828613281e-05
delete time:2.384185791015625e-05
delete time:2.6702880859375e-05
delete time:3.0517578125e-05
delete time:3.075599670410156e-05
delete time:3.314018249511719e-05
delete time:2.765655517578125e-05
delete time:3.0279159545898438e-05
delete time:3.4332275390625e-05
delete time:3.838539123535156e-05
delete time:3.886222839355469e-05
delete time:2.9325485229492188e-05
delete time:2.574920654296875e-05
delete time:3.0994415283203125e-05
delete time:3.838539123535156e-05
delete time:3.8623809814453125e-05
delete time:3.147125244140625e-05
delete time:2.5033950805664062e-05
delete time:2.384185791015625e-05
delete time:3.9577484130859375e-05
delete time:3.2901763916015625e-05
delete time:3.123283386230469e-05
delete time:3.409385681152344e-05
delete time:2.2649765014648438e-05
delete time:2.9802322387695312e-05
delete time:2.8371810913085938e-05
delete time:2.6941299438476562e-05
delete time:2.8848648071289062e-05
delete time:2.6226043701171875e-05
delete time:3.8623809814453125e-05
delete time:3.838539123535156e-05
delete time:3.504753112792969e-05
delete time:2.1219253540039062e-05
delete time:3.504753112792969e-05
delete time:3.266334533691406e-05
delete time:3.075599670410156e-05
delete time:3.24249267578125e-05
delete time:2.288818359375e-05
delete time:2.6941299438476562e-05
delete time:2.956390380859375e-05
delete time:3.838539123535156e-05
delete time:3.314018249511719e-05
delete time:3.600120544433594e-05
delete time:2.6226043701171875e-05
delete time:2.6226043701171875e-05
delete time:2.6464462280273438e-05
delete time:3.0279159545898438e-05
delete time:3.504753112792969e-05
delete time:3.361701965332031e-05
delete time:3.7670135498046875e-05
delete time:2.9087066650390625e-05
delete time:3.814697265625e-05
delete time:4.601478576660156e-05
delete time:3.337860107421875e-05
delete time:3.743171691894531e-05
delete time:2.9087066650390625e-05
delete time:3.147125244140625e-05
delete time:2.193450927734375e-05
delete time:3.361701965332031e-05
delete time:5.1975250244140625e-05
delete time:2.8848648071289062e-05
delete time:1.4781951904296875e-05
delete time:2.7179718017578125e-05
delete time:2.8133392333984375e-05
delete time:4.172325134277344e-05
delete time:2.384185791015625e-05
delete time:3.409385681152344e-05
delete time:3.314018249511719e-05
delete time:2.5510787963867188e-05
delete time:3.552436828613281e-05
delete time:1.9788742065429688e-05
delete time:3.337860107421875e-05
delete time:3.600120544433594e-05
delete time:3.0279159545898438e-05
delete time:3.528594970703125e-05
delete time:3.123283386230469e-05
delete time:2.574920654296875e-05
delete time:1.7642974853515625e-05
delete time:2.193450927734375e-05
delete time:3.0517578125e-05
delete time:3.409385681152344e-05
delete time:2.384185791015625e-05
delete time:2.6941299438476562e-05
delete time:4.3392181396484375e-05
delete time:3.0279159545898438e-05
delete time:3.695487976074219e-05
delete time:4.1484832763671875e-05
delete time:4.863739013671875e-05
delete time:3.600120544433594e-05
delete time:2.5510787963867188e-05
delete time:2.7894973754882812e-05
delete time:2.1457672119140625e-05
delete time:4.124641418457031e-05
delete time:2.86102294921875e-05
delete time:2.7179718017578125e-05
delete time:2.7418136596679688e-05
delete time:3.0994415283203125e-05
delete time:3.0279159545898438e-05
delete time:3.5762786865234375e-05
delete time:1.8596649169921875e-05
delete time:4.076957702636719e-05
delete time:4.7206878662109375e-05
delete time:2.574920654296875e-05
delete time:3.5762786865234375e-05
delete time:2.5033950805664062e-05
delete time:3.24249267578125e-05
delete time:4.2438507080078125e-05
delete time:4.029273986816406e-05
delete time:3.24249267578125e-05
delete time:3.5762786865234375e-05
delete time:2.956390380859375e-05
delete time:3.337860107421875e-05
delete time:2.4080276489257812e-05
delete time:2.9087066650390625e-05
delete time:3.552436828613281e-05
delete time:3.337860107421875e-05
delete time:3.2901763916015625e-05
delete time:3.504753112792969e-05
delete time:3.3855438232421875e-05
delete time:2.5510787963867188e-05
delete time:3.0994415283203125e-05
delete time:3.0517578125e-05
delete time:2.6226043701171875e-05
delete time:4.2438507080078125e-05
delete time:2.3603439331054688e-05
delete time:2.86102294921875e-05
delete time:3.552436828613281e-05
delete time:3.504753112792969e-05
delete time:3.0279159545898438e-05
delete time:3.7670135498046875e-05
delete time:3.0279159545898438e-05
delete time:3.2901763916015625e-05
delete time:2.3603439331054688e-05
delete time:1.7642974853515625e-05
delete time:2.3603439331054688e-05
delete time:3.361701965332031e-05
delete time:2.3365020751953125e-05
delete time:3.361701965332031e-05
delete time:3.457069396972656e-05
delete time:3.24249267578125e-05
delete time:4.315376281738281e-05
delete time:3.5762786865234375e-05
delete time:2.5510787963867188e-05
delete time:3.457069396972656e-05
delete time:4.3392181396484375e-05
delete time:3.0040740966796875e-05
delete time:3.743171691894531e-05
delete time:4.1484832763671875e-05
delete time:2.4080276489257812e-05
delete time:2.86102294921875e-05
delete time:2.7179718017578125e-05
delete time:3.647804260253906e-05
delete time:2.9087066650390625e-05
delete time:3.2901763916015625e-05
delete time:3.719329833984375e-05
delete time:3.0994415283203125e-05
delete time:3.0040740966796875e-05
delete time:3.3855438232421875e-05
delete time:3.8623809814453125e-05
delete time:3.2901763916015625e-05
delete time:2.765655517578125e-05
delete time:3.170967102050781e-05
delete time:2.8848648071289062e-05
delete time:3.0517578125e-05
delete time:2.4318695068359375e-05
delete time:2.956390380859375e-05
delete time:2.5510787963867188e-05
delete time:2.6702880859375e-05
delete time:3.361701965332031e-05
delete time:2.7418136596679688e-05
delete time:3.457069396972656e-05
delete time:2.193450927734375e-05
delete time:2.956390380859375e-05
delete time:1.6689300537109375e-05
delete time:3.218650817871094e-05
delete time:2.4080276489257812e-05
delete time:4.506111145019531e-05
delete time:3.314018249511719e-05
delete time:2.5987625122070312e-05
delete time:3.4332275390625e-05
delete time:2.4080276489257812e-05
delete time:3.409385681152344e-05
delete time:3.7670135498046875e-05
delete time:3.886222839355469e-05
delete time:3.5762786865234375e-05
delete time:2.7179718017578125e-05
delete time:2.5510787963867188e-05
delete time:3.170967102050781e-05
delete time:4.76837158203125e-05
delete time:2.1219253540039062e-05
delete time:3.695487976074219e-05
delete time:3.600120544433594e-05
delete time:3.266334533691406e-05
delete time:4.100799560546875e-05
delete time:2.8133392333984375e-05
delete time:3.933906555175781e-05
delete time:3.719329833984375e-05
delete time:2.5510787963867188e-05
delete time:3.457069396972656e-05
delete time:4.601478576660156e-05
delete time:2.8371810913085938e-05
delete time:3.147125244140625e-05
delete time:2.3365020751953125e-05
delete time:3.2901763916015625e-05
delete time:2.6941299438476562e-05
delete time:3.0994415283203125e-05
delete time:2.6941299438476562e-05
delete time:5.817413330078125e-05
delete time:3.24249267578125e-05
delete time:3.266334533691406e-05
delete time:2.5033950805664062e-05
delete time:3.170967102050781e-05
delete time:2.0742416381835938e-05
delete time:3.504753112792969e-05
delete time:3.0279159545898438e-05
delete time:3.0994415283203125e-05
delete time:3.123283386230469e-05
delete time:3.218650817871094e-05
delete time:3.838539123535156e-05
delete time:2.7894973754882812e-05
delete time:3.528594970703125e-05
delete time:3.314018249511719e-05
delete time:2.0503997802734375e-05
delete time:3.314018249511719e-05
delete time:2.86102294921875e-05
delete time:3.0994415283203125e-05
delete time:2.3365020751953125e-05
delete time:3.0279159545898438e-05
delete time:2.86102294921875e-05
delete time:3.170967102050781e-05
delete time:3.457069396972656e-05
delete time:2.1457672119140625e-05
delete time:3.361701965332031e-05
delete time:2.6702880859375e-05
delete time:3.4332275390625e-05
delete time:3.6716461181640625e-05
delete time:1.8835067749023438e-05
delete time:1.811981201171875e-05
delete time:2.1457672119140625e-05
delete time:2.193450927734375e-05
delete time:2.5510787963867188e-05
delete time:3.62396240234375e-05
delete time:3.170967102050781e-05
delete time:2.765655517578125e-05
delete time:2.6464462280273438e-05
delete time:3.647804260253906e-05
delete time:3.814697265625e-05
delete time:3.0517578125e-05
delete time:3.814697265625e-05
delete time:2.288818359375e-05
delete time:2.3126602172851562e-05
delete time:3.409385681152344e-05
delete time:3.695487976074219e-05
delete time:2.8371810913085938e-05
delete time:3.0517578125e-05
delete time:3.0040740966796875e-05
delete time:3.504753112792969e-05
delete time:3.24249267578125e-05
delete time:4.3392181396484375e-05
delete time:2.3365020751953125e-05
delete time:3.0279159545898438e-05
delete time:3.743171691894531e-05
delete time:3.647804260253906e-05
delete time:3.075599670410156e-05
delete time:3.790855407714844e-05
delete time:2.8371810913085938e-05
delete time:4.00543212890625e-05
delete time:3.409385681152344e-05
delete time:2.5510787963867188e-05
delete time:4.9114227294921875e-05
delete time:3.3855438232421875e-05
delete time:3.8623809814453125e-05
delete time:2.9802322387695312e-05
delete time:1.8835067749023438e-05
delete time:2.574920654296875e-05
delete time:2.9802322387695312e-05
delete time:3.361701965332031e-05
delete time:4.4345855712890625e-05
delete time:2.9087066650390625e-05
delete time:3.528594970703125e-05
delete time:3.457069396972656e-05
delete time:2.9087066650390625e-05
delete time:2.193450927734375e-05
delete time:3.504753112792969e-05
delete time:3.2901763916015625e-05
delete time:3.528594970703125e-05
delete time:2.2649765014648438e-05
delete time:2.1219253540039062e-05
delete time:3.3855438232421875e-05
delete time:3.0517578125e-05
delete time:2.3365020751953125e-05
delete time:3.528594970703125e-05
delete time:2.9325485229492188e-05
delete time:4.029273986816406e-05
delete time:1.8596649169921875e-05
delete time:2.1696090698242188e-05
delete time:3.910064697265625e-05
delete time:2.6464462280273438e-05
delete time:3.4332275390625e-05
delete time:3.409385681152344e-05
delete time:2.47955322265625e-05
delete time:3.123283386230469e-05
delete time:2.09808349609375e-05
delete time:3.981590270996094e-05
delete time:3.0279159545898438e-05
delete time:2.8133392333984375e-05
delete time:3.218650817871094e-05
delete time:3.8623809814453125e-05
delete time:2.0265579223632812e-05
delete time:2.8848648071289062e-05
delete time:2.5272369384765625e-05
delete time:2.4557113647460938e-05
delete time:3.7670135498046875e-05
delete time:2.7179718017578125e-05
delete time:2.6226043701171875e-05
delete time:4.506111145019531e-05
delete time:3.218650817871094e-05
delete time:2.5987625122070312e-05
delete time:2.9325485229492188e-05
delete time:2.574920654296875e-05
delete time:2.3126602172851562e-05
delete time:3.337860107421875e-05
delete time:3.981590270996094e-05
delete time:2.2411346435546875e-05
delete time:3.24249267578125e-05
delete time:2.8848648071289062e-05
delete time:3.528594970703125e-05
delete time:2.2172927856445312e-05
delete time:2.8371810913085938e-05
delete time:3.9577484130859375e-05
delete time:2.6941299438476562e-05
delete time:3.5762786865234375e-05
delete time:3.123283386230469e-05
delete time:3.743171691894531e-05
delete time:2.765655517578125e-05
delete time:2.9325485229492188e-05
delete time:2.2649765014648438e-05
delete time:1.9311904907226562e-05
delete time:2.5033950805664062e-05
delete time:4.1484832763671875e-05
delete time:4.00543212890625e-05
delete time:3.504753112792969e-05
delete time:2.193450927734375e-05
delete time:3.457069396972656e-05
delete time:2.6464462280273438e-05
delete time:2.6941299438476562e-05
delete time:4.673004150390625e-05
delete time:5.1021575927734375e-05
delete time:2.5510787963867188e-05
delete time:2.6941299438476562e-05
delete time:3.9577484130859375e-05
delete time:5.1975250244140625e-05
delete time:3.266334533691406e-05
delete time:3.600120544433594e-05
delete time:3.1948089599609375e-05
delete time:3.218650817871094e-05
delete time:3.0994415283203125e-05
delete time:3.647804260253906e-05
delete time:3.147125244140625e-05
delete time:3.147125244140625e-05
delete time:5.245208740234375e-05
delete time:2.3603439331054688e-05
delete time:3.0994415283203125e-05
delete time:3.6716461181640625e-05
delete time:3.3855438232421875e-05
delete time:2.8371810913085938e-05
delete time:2.574920654296875e-05
delete time:3.504753112792969e-05
delete time:4.410743713378906e-05
delete time:2.288818359375e-05
delete time:2.0503997802734375e-05
delete time:4.124641418457031e-05
delete time:5.14984130859375e-05
delete time:4.267692565917969e-05
delete time:4.076957702636719e-05
delete time:2.8133392333984375e-05
delete time:2.5033950805664062e-05
delete time:3.2901763916015625e-05
delete time:2.8848648071289062e-05
delete time:3.743171691894531e-05
delete time:2.288818359375e-05
delete time:2.193450927734375e-05
delete time:4.9591064453125e-05
delete time:3.218650817871094e-05
delete time:3.0994415283203125e-05
delete time:3.0279159545898438e-05
delete time:3.552436828613281e-05
delete time:4.3392181396484375e-05
delete time:3.4332275390625e-05
delete time:2.6702880859375e-05
delete time:4.458427429199219e-05
delete time:3.075599670410156e-05
delete time:4.029273986816406e-05
delete time:3.790855407714844e-05
delete time:3.218650817871094e-05
delete time:2.574920654296875e-05
delete time:4.076957702636719e-05
delete time:2.5510787963867188e-05
delete time:2.956390380859375e-05
delete time:3.933906555175781e-05
delete time:3.719329833984375e-05
delete time:3.2901763916015625e-05
delete time:3.1948089599609375e-05
delete time:4.1961669921875e-05
delete time:3.7670135498046875e-05
delete time:3.218650817871094e-05
delete time:3.8623809814453125e-05
delete time:4.172325134277344e-05
delete time:5.14984130859375e-05
delete time:3.910064697265625e-05
delete time:2.8848648071289062e-05
delete time:5.3882598876953125e-05
delete time:2.7418136596679688e-05
delete time:2.9325485229492188e-05
delete time:3.4332275390625e-05
delete time:3.886222839355469e-05
delete time:3.600120544433594e-05
delete time:4.1961669921875e-05
delete time:2.2172927856445312e-05
delete time:3.886222839355469e-05
delete time:4.2438507080078125e-05
delete time:2.193450927734375e-05
delete time:3.790855407714844e-05
delete time:2.9802322387695312e-05
delete time:3.218650817871094e-05
delete time:3.600120544433594e-05
delete time:2.956390380859375e-05
delete time:3.337860107421875e-05
delete time:5.0067901611328125e-05
delete time:3.3855438232421875e-05
delete time:3.0279159545898438e-05
delete time:2.9087066650390625e-05
delete time:3.3855438232421875e-05
delete time:3.5762786865234375e-05
delete time:2.574920654296875e-05
delete time:2.9325485229492188e-05
delete time:2.9802322387695312e-05
delete time:3.5762786865234375e-05
delete time:4.029273986816406e-05
delete time:3.0040740966796875e-05
delete time:2.765655517578125e-05
delete time:2.5272369384765625e-05
delete time:2.3126602172851562e-05
delete time:3.361701965332031e-05
delete time:3.5762786865234375e-05
delete time:4.1484832763671875e-05
delete time:4.1484832763671875e-05
delete time:3.409385681152344e-05
delete time:2.5987625122070312e-05
delete time:3.147125244140625e-05
delete time:2.5272369384765625e-05
delete time:2.384185791015625e-05
delete time:4.482269287109375e-05
delete time:4.673004150390625e-05
delete time:3.337860107421875e-05
delete time:3.838539123535156e-05
delete time:4.029273986816406e-05
delete time:2.5987625122070312e-05
delete time:3.719329833984375e-05
delete time:3.62396240234375e-05
delete time:3.409385681152344e-05
delete time:3.4809112548828125e-05
delete time:5.507469177246094e-05
delete time:2.2649765014648438e-05
delete time:3.147125244140625e-05
delete time:2.3365020751953125e-05
delete time:3.981590270996094e-05
delete time:2.2172927856445312e-05
delete time:4.291534423828125e-05
delete time:4.8160552978515625e-05
delete time:4.839897155761719e-05
delete time:4.744529724121094e-05
delete time:3.266334533691406e-05
delete time:2.5987625122070312e-05
delete time:4.553794860839844e-05
delete time:2.9325485229492188e-05
delete time:3.790855407714844e-05
delete time:2.8848648071289062e-05
delete time:3.3855438232421875e-05
delete time:4.649162292480469e-05
delete time:2.8848648071289062e-05
delete time:3.552436828613281e-05
delete time:3.910064697265625e-05
delete time:3.4809112548828125e-05
delete time:1.9311904907226562e-05
delete time:3.123283386230469e-05
delete time:3.0517578125e-05
delete time:2.3365020751953125e-05
delete time:3.24249267578125e-05
delete time:4.00543212890625e-05
delete time:3.457069396972656e-05
delete time:3.743171691894531e-05
delete time:2.1696090698242188e-05
delete time:3.528594970703125e-05
delete time:3.170967102050781e-05
delete time:6.413459777832031e-05
delete time:3.0040740966796875e-05
delete time:3.4809112548828125e-05
delete time:2.9802322387695312e-05
delete time:3.337860107421875e-05
delete time:3.4332275390625e-05
delete time:5.412101745605469e-05
delete time:4.696846008300781e-05
delete time:2.4080276489257812e-05
delete time:3.743171691894531e-05
delete time:3.8623809814453125e-05
delete time:2.3603439331054688e-05
delete time:3.1948089599609375e-05
delete time:3.5762786865234375e-05
delete time:5.078315734863281e-05
delete time:3.0517578125e-05
delete time:3.528594970703125e-05
delete time:4.029273986816406e-05
delete time:2.9325485229492188e-05
delete time:2.6226043701171875e-05
delete time:3.695487976074219e-05
delete time:2.7418136596679688e-05
delete time:3.8623809814453125e-05
delete time:2.9802322387695312e-05
delete time:3.981590270996094e-05
delete time:4.220008850097656e-05
delete time:3.24249267578125e-05
delete time:2.4318695068359375e-05
delete time:3.552436828613281e-05
delete time:2.9325485229492188e-05
delete time:2.765655517578125e-05
delete time:3.1948089599609375e-05
delete time:2.8848648071289062e-05
delete time:3.147125244140625e-05
delete time:3.2901763916015625e-05
delete time:3.6716461181640625e-05
delete time:3.337860107421875e-05
delete time:2.5272369384765625e-05
delete time:2.6702880859375e-05
delete time:4.1484832763671875e-05
delete time:4.3392181396484375e-05
delete time:4.4345855712890625e-05
delete time:3.266334533691406e-05
delete time:2.8848648071289062e-05
delete time:2.3126602172851562e-05
delete time:2.3365020751953125e-05
delete time:2.4080276489257812e-05
delete time:3.838539123535156e-05
delete time:2.765655517578125e-05
delete time:2.4318695068359375e-05
delete time:2.09808349609375e-05
delete time:2.288818359375e-05
delete time:2.5272369384765625e-05
delete time:3.552436828613281e-05
delete time:3.314018249511719e-05
delete time:3.123283386230469e-05
delete time:3.0279159545898438e-05
delete time:3.0040740966796875e-05
delete time:1.71661376953125e-05
delete time:3.266334533691406e-05
delete time:3.0279159545898438e-05
delete time:2.2172927856445312e-05
delete time:3.6716461181640625e-05
delete time:2.6464462280273438e-05
delete time:2.2411346435546875e-05
delete time:3.62396240234375e-05
delete time:2.8371810913085938e-05
delete time:3.2901763916015625e-05
delete time:2.956390380859375e-05
delete time:3.0040740966796875e-05
delete time:3.0279159545898438e-05
delete time:4.1484832763671875e-05
delete time:2.86102294921875e-05
delete time:2.0265579223632812e-05
delete time:2.86102294921875e-05
delete time:4.124641418457031e-05
delete time:4.1961669921875e-05
delete time:3.3855438232421875e-05
delete time:3.4332275390625e-05
delete time:1.9311904907226562e-05
delete time:3.5762786865234375e-05
delete time:2.2172927856445312e-05
delete time:2.6226043701171875e-05
delete time:3.8623809814453125e-05
delete time:3.266334533691406e-05
delete time:3.314018249511719e-05
delete time:3.4332275390625e-05
delete time:3.4809112548828125e-05
delete time:3.409385681152344e-05
delete time:2.2411346435546875e-05
delete time:4.267692565917969e-05
delete time:3.24249267578125e-05
delete time:4.7206878662109375e-05
delete time:2.8848648071289062e-05
delete time:2.384185791015625e-05
delete time:4.482269287109375e-05
delete time:2.5510787963867188e-05
delete time:1.9788742065429688e-05
delete time:3.647804260253906e-05
delete time:2.9802322387695312e-05
delete time:2.5510787963867188e-05
delete time:2.7179718017578125e-05
delete time:2.5272369384765625e-05
delete time:2.7179718017578125e-05
delete time:3.24249267578125e-05
delete time:3.4332275390625e-05
delete time:3.695487976074219e-05
delete time:2.3126602172851562e-05
delete time:3.4332275390625e-05
delete time:2.7418136596679688e-05
delete time:2.5033950805664062e-05
delete time:4.38690185546875e-05
delete time:2.4557113647460938e-05
delete time:4.38690185546875e-05
delete time:3.0994415283203125e-05
delete time:3.0040740966796875e-05
delete time:1.9788742065429688e-05
delete time:3.3855438232421875e-05
delete time:2.9802322387695312e-05
delete time:2.5510787963867188e-05
delete time:5.435943603515625e-05
delete time:3.910064697265625e-05
delete time:2.3603439331054688e-05
delete time:2.1219253540039062e-05
delete time:2.956390380859375e-05
delete time:3.814697265625e-05
delete time:2.3365020751953125e-05
delete time:2.8371810913085938e-05
delete time:3.2901763916015625e-05
delete time:3.123283386230469e-05
delete time:2.5510787963867188e-05
delete time:5.0067901611328125e-05
delete time:2.1457672119140625e-05
delete time:2.5272369384765625e-05
delete time:3.4332275390625e-05
delete time:2.0742416381835938e-05
delete time:3.4332275390625e-05
delete time:2.9087066650390625e-05
delete time:2.86102294921875e-05
delete time:2.9802322387695312e-05
delete time:3.814697265625e-05
delete time:3.3855438232421875e-05
delete time:3.075599670410156e-05
delete time:4.029273986816406e-05
delete time:3.409385681152344e-05
delete time:4.124641418457031e-05
delete time:3.4332275390625e-05
delete time:2.8371810913085938e-05
delete time:3.838539123535156e-05
delete time:3.170967102050781e-05
delete time:2.3126602172851562e-05
delete time:3.170967102050781e-05
delete time:3.6716461181640625e-05
delete time:3.0517578125e-05
delete time:2.0742416381835938e-05
delete time:3.0994415283203125e-05
delete time:3.910064697265625e-05
delete time:3.838539123535156e-05
delete time:2.288818359375e-05
delete time:3.147125244140625e-05
delete time:3.504753112792969e-05
delete time:3.981590270996094e-05
delete time:3.075599670410156e-05
delete time:2.4557113647460938e-05
delete time:2.86102294921875e-05
delete time:3.5762786865234375e-05
delete time:2.4557113647460938e-05
delete time:2.7894973754882812e-05
delete time:3.4809112548828125e-05
delete time:1.9073486328125e-05
delete time:3.695487976074219e-05
delete time:3.218650817871094e-05
delete time:2.8133392333984375e-05
delete time:3.361701965332031e-05
delete time:2.5033950805664062e-05
delete time:3.5762786865234375e-05
delete time:3.314018249511719e-05
delete time:3.2901763916015625e-05
delete time:4.2438507080078125e-05
delete time:3.170967102050781e-05
delete time:4.220008850097656e-05
delete time:2.7894973754882812e-05
delete time:2.7179718017578125e-05
delete time:3.504753112792969e-05
delete time:2.7179718017578125e-05
delete time:4.315376281738281e-05
delete time:3.814697265625e-05
delete time:3.409385681152344e-05
delete time:2.8371810913085938e-05
delete time:2.9802322387695312e-05
delete time:3.147125244140625e-05
delete time:3.4809112548828125e-05
delete time:2.0742416381835938e-05
delete time:4.6253204345703125e-05
delete time:3.170967102050781e-05
delete time:2.86102294921875e-05
delete time:2.9802322387695312e-05
delete time:2.4557113647460938e-05
delete time:2.765655517578125e-05
delete time:3.695487976074219e-05
delete time:2.8371810913085938e-05
delete time:2.6226043701171875e-05
delete time:3.9577484130859375e-05
delete time:2.3126602172851562e-05
delete time:4.029273986816406e-05
delete time:2.9802322387695312e-05
delete time:4.029273986816406e-05
delete time:4.172325134277344e-05
delete time:3.4332275390625e-05
delete time:3.24249267578125e-05
delete time:2.956390380859375e-05
delete time:3.457069396972656e-05
delete time:4.1484832763671875e-05
delete time:3.910064697265625e-05
delete time:2.9325485229492188e-05
delete time:4.839897155761719e-05
delete time:3.0279159545898438e-05
delete time:3.552436828613281e-05
delete time:3.504753112792969e-05
delete time:2.3365020751953125e-05
delete time:3.361701965332031e-05
delete time:3.886222839355469e-05
delete time:3.24249267578125e-05
delete time:2.002716064453125e-05
delete time:1.9550323486328125e-05
delete time:4.124641418457031e-05
delete time:2.8133392333984375e-05
delete time:3.0517578125e-05
delete time:2.2649765014648438e-05
delete time:2.956390380859375e-05
delete time:2.3126602172851562e-05
delete time:4.38690185546875e-05
delete time:4.792213439941406e-05
delete time:5.0067901611328125e-05
delete time:3.0040740966796875e-05
delete time:3.0040740966796875e-05
delete time:2.3365020751953125e-05
delete time:4.3392181396484375e-05
delete time:2.5987625122070312e-05
delete time:2.3603439331054688e-05
delete time:2.9087066650390625e-05
delete time:3.314018249511719e-05
delete time:2.0503997802734375e-05
delete time:2.765655517578125e-05
delete time:3.600120544433594e-05
delete time:2.384185791015625e-05
delete time:3.3855438232421875e-05
delete time:2.8848648071289062e-05
delete time:1.811981201171875e-05
delete time:5.245208740234375e-05
delete time:2.8133392333984375e-05
delete time:4.410743713378906e-05
delete time:2.8133392333984375e-05
delete time:2.7418136596679688e-05
delete time:2.288818359375e-05
delete time:3.981590270996094e-05
delete time:3.123283386230469e-05
delete time:2.8371810913085938e-05
delete time:3.24249267578125e-05
delete time:3.409385681152344e-05
delete time:3.647804260253906e-05
delete time:3.910064697265625e-05
delete time:3.528594970703125e-05
delete time:3.170967102050781e-05
delete time:4.220008850097656e-05
delete time:3.910064697265625e-05
delete time:2.9802322387695312e-05
delete time:2.2649765014648438e-05
delete time:4.1484832763671875e-05
delete time:2.6464462280273438e-05
delete time:2.2172927856445312e-05
delete time:3.337860107421875e-05
delete time:2.6464462280273438e-05
delete time:3.24249267578125e-05
delete time:3.337860107421875e-05
delete time:3.457069396972656e-05
delete time:2.5510787963867188e-05
delete time:3.266334533691406e-05
delete time:3.2901763916015625e-05
delete time:3.814697265625e-05
delete time:3.0040740966796875e-05
delete time:3.0994415283203125e-05
delete time:3.6716461181640625e-05
delete time:3.528594970703125e-05
delete time:2.6941299438476562e-05
delete time:2.5272369384765625e-05
delete time:3.1948089599609375e-05
delete time:2.4557113647460938e-05
delete time:2.574920654296875e-05
delete time:2.5033950805664062e-05
delete time:3.743171691894531e-05
delete time:1.9788742065429688e-05
delete time:3.0994415283203125e-05
delete time:3.528594970703125e-05
delete time:2.1219253540039062e-05
delete time:3.4809112548828125e-05
delete time:1.9550323486328125e-05
delete time:4.2438507080078125e-05
delete time:5.125999450683594e-05
delete time:3.790855407714844e-05
delete time:3.1948089599609375e-05
delete time:1.9073486328125e-05
delete time:3.8623809814453125e-05
delete time:3.552436828613281e-05
delete time:3.600120544433594e-05
delete time:3.457069396972656e-05
delete time:3.790855407714844e-05
delete time:4.267692565917969e-05
delete time:1.9073486328125e-05
delete time:3.0994415283203125e-05
delete time:3.528594970703125e-05
delete time:3.743171691894531e-05
delete time:3.0994415283203125e-05
delete time:2.9802322387695312e-05
delete time:3.147125244140625e-05
delete time:2.7418136596679688e-05
delete time:2.7179718017578125e-05
delete time:3.361701965332031e-05
delete time:3.9577484130859375e-05
delete time:5.507469177246094e-05
delete time:3.0040740966796875e-05
delete time:2.8848648071289062e-05
delete time:3.337860107421875e-05
delete time:2.9325485229492188e-05
delete time:2.2172927856445312e-05
delete time:3.409385681152344e-05
delete time:3.4809112548828125e-05
delete time:2.09808349609375e-05
delete time:3.0994415283203125e-05
delete time:2.2411346435546875e-05
delete time:2.9087066650390625e-05
delete time:3.600120544433594e-05
delete time:3.695487976074219e-05
delete time:4.5299530029296875e-05
delete time:2.1696090698242188e-05
delete time:3.647804260253906e-05
delete time:2.574920654296875e-05
delete time:2.8371810913085938e-05
delete time:3.457069396972656e-05
delete time:2.8848648071289062e-05
delete time:3.075599670410156e-05
delete time:3.361701965332031e-05
delete time:2.2649765014648438e-05
delete time:3.337860107421875e-05
delete time:3.1948089599609375e-05
delete time:2.1696090698242188e-05
delete time:2.8371810913085938e-05
delete time:3.361701965332031e-05
delete time:3.838539123535156e-05
delete time:3.409385681152344e-05
delete time:2.6941299438476562e-05
delete time:3.1948089599609375e-05
delete time:3.886222839355469e-05
delete time:3.266334533691406e-05
delete time:3.0994415283203125e-05
delete time:2.8848648071289062e-05
delete time:4.482269287109375e-05
delete time:2.5272369384765625e-05
delete time:3.075599670410156e-05
delete time:3.981590270996094e-05
delete time:3.3855438232421875e-05
delete time:4.482269287109375e-05
delete time:2.4318695068359375e-05
delete time:3.337860107421875e-05
delete time:3.123283386230469e-05
delete time:3.147125244140625e-05
delete time:3.457069396972656e-05
delete time:1.8835067749023438e-05
delete time:2.4318695068359375e-05
delete time:1.811981201171875e-05
delete time:3.528594970703125e-05
delete time:2.2172927856445312e-05
delete time:2.6702880859375e-05
delete time:3.5762786865234375e-05
delete time:3.218650817871094e-05
delete time:4.9114227294921875e-05
delete time:3.457069396972656e-05
delete time:2.86102294921875e-05
delete time:2.0742416381835938e-05
delete time:3.147125244140625e-05
delete time:2.4557113647460938e-05
delete time:2.002716064453125e-05
delete time:3.504753112792969e-05
delete time:4.935264587402344e-05
delete time:2.5033950805664062e-05
delete time:2.8133392333984375e-05
delete time:3.647804260253906e-05
delete time:2.3603439331054688e-05
delete time:2.7894973754882812e-05
delete time:2.384185791015625e-05
delete time:3.266334533691406e-05
delete time:2.8848648071289062e-05
delete time:3.790855407714844e-05
delete time:3.552436828613281e-05
delete time:2.6702880859375e-05
delete time:3.24249267578125e-05
delete time:2.193450927734375e-05
delete time:3.1948089599609375e-05
delete time:2.2649765014648438e-05
delete time:3.981590270996094e-05
delete time:1.4066696166992188e-05
delete time:2.3365020751953125e-05
delete time:2.8133392333984375e-05
delete time:2.6464462280273438e-05
delete time:2.9802322387695312e-05
delete time:3.147125244140625e-05
delete time:3.170967102050781e-05
delete time:2.8133392333984375e-05
delete time:3.647804260253906e-05
delete time:2.2411346435546875e-05
delete time:5.1021575927734375e-05
delete time:2.9325485229492188e-05
delete time:2.384185791015625e-05
delete time:3.3855438232421875e-05
delete time:3.814697265625e-05
delete time:4.5299530029296875e-05
delete time:3.8623809814453125e-05
delete time:3.1948089599609375e-05
delete time:3.600120544433594e-05
delete time:2.8848648071289062e-05
delete time:1.8835067749023438e-05
delete time:2.5033950805664062e-05
delete time:1.8596649169921875e-05
delete time:3.266334533691406e-05
delete time:3.123283386230469e-05
delete time:3.266334533691406e-05
delete time:3.814697265625e-05
delete time:3.9577484130859375e-05
delete time:3.719329833984375e-05
delete time:3.3855438232421875e-05
delete time:2.574920654296875e-05
delete time:2.86102294921875e-05
delete time:2.3603439331054688e-05
delete time:3.62396240234375e-05
delete time:4.076957702636719e-05
delete time:1.9788742065429688e-05
delete time:3.0279159545898438e-05
delete time:2.2411346435546875e-05
delete time:2.86102294921875e-05
delete time:2.6702880859375e-05
delete time:2.0742416381835938e-05
delete time:2.8371810913085938e-05
delete time:3.314018249511719e-05
delete time:3.719329833984375e-05
delete time:1.8596649169921875e-05
delete time:3.5762786865234375e-05
delete time:3.743171691894531e-05
delete time:4.458427429199219e-05
delete time:3.409385681152344e-05
delete time:3.600120544433594e-05
delete time:3.528594970703125e-05
delete time:3.0994415283203125e-05
delete time:3.933906555175781e-05
delete time:2.002716064453125e-05
delete time:3.314018249511719e-05
delete time:3.0517578125e-05
delete time:3.457069396972656e-05
delete time:3.266334533691406e-05
delete time:3.62396240234375e-05
delete time:4.3392181396484375e-05
delete time:3.910064697265625e-05
delete time:2.002716064453125e-05
delete time:3.0994415283203125e-05
delete time:2.1219253540039062e-05
delete time:3.62396240234375e-05
delete time:5.435943603515625e-05
delete time:3.24249267578125e-05
delete time:3.147125244140625e-05
delete time:2.8133392333984375e-05
delete time:3.838539123535156e-05
delete time:4.267692565917969e-05
delete time:4.839897155761719e-05
delete time:2.2172927856445312e-05
delete time:3.719329833984375e-05
delete time:2.86102294921875e-05
delete time:3.24249267578125e-05
delete time:2.8133392333984375e-05
delete time:3.0517578125e-05
delete time:3.7670135498046875e-05
delete time:1.6927719116210938e-05
delete time:3.695487976074219e-05
delete time:3.528594970703125e-05
delete time:3.170967102050781e-05
delete time:2.3603439331054688e-05
delete time:2.193450927734375e-05
delete time:5.0067901611328125e-05
delete time:3.3855438232421875e-05
delete time:4.1961669921875e-05
delete time:2.7894973754882812e-05
delete time:3.123283386230469e-05
delete time:4.00543212890625e-05
delete time:2.86102294921875e-05
delete time:3.123283386230469e-05
delete time:2.0265579223632812e-05
delete time:2.47955322265625e-05
delete time:3.552436828613281e-05
delete time:3.0994415283203125e-05
delete time:3.6716461181640625e-05
delete time:3.075599670410156e-05
delete time:2.8133392333984375e-05
delete time:3.218650817871094e-05
delete time:2.7894973754882812e-05
delete time:3.170967102050781e-05
delete time:2.7894973754882812e-05
delete time:3.528594970703125e-05
delete time:3.314018249511719e-05
delete time:4.792213439941406e-05
delete time:2.5033950805664062e-05
delete time:3.1948089599609375e-05
delete time:2.765655517578125e-05
delete time:3.1948089599609375e-05
delete time:1.71661376953125e-05
delete time:2.0503997802734375e-05
delete time:3.170967102050781e-05
delete time:1.8835067749023438e-05
delete time:2.7418136596679688e-05
delete time:2.0265579223632812e-05
delete time:1.811981201171875e-05
delete time:3.1948089599609375e-05
delete time:3.647804260253906e-05
delete time:2.2411346435546875e-05
delete time:3.790855407714844e-05
delete time:3.838539123535156e-05
delete time:1.8358230590820312e-05
delete time:2.6702880859375e-05
delete time:4.744529724121094e-05
delete time:3.0279159545898438e-05
delete time:2.8371810913085938e-05
delete time:3.314018249511719e-05
delete time:2.5272369384765625e-05
delete time:3.743171691894531e-05
delete time:3.981590270996094e-05
delete time:4.982948303222656e-05
delete time:1.7881393432617188e-05
delete time:2.8133392333984375e-05
delete time:3.314018249511719e-05
delete time:2.47955322265625e-05
delete time:3.314018249511719e-05
delete time:2.7894973754882812e-05
delete time:3.62396240234375e-05
delete time:2.4080276489257812e-05
delete time:3.528594970703125e-05
delete time:1.6927719116210938e-05
delete time:3.4332275390625e-05
delete time:2.9087066650390625e-05
delete time:3.528594970703125e-05
delete time:2.86102294921875e-05
delete time:2.6226043701171875e-05
delete time:2.3365020751953125e-05
delete time:3.170967102050781e-05
delete time:3.0994415283203125e-05
delete time:4.649162292480469e-05
delete time:3.218650817871094e-05
delete time:3.9577484130859375e-05
delete time:4.553794860839844e-05
delete time:2.956390380859375e-05
delete time:3.147125244140625e-05
delete time:2.3365020751953125e-05
delete time:1.8358230590820312e-05
delete time:3.314018249511719e-05
delete time:3.266334533691406e-05
delete time:4.291534423828125e-05
delete time:2.4318695068359375e-05
delete time:3.3855438232421875e-05
delete time:2.2172927856445312e-05
delete time:2.7179718017578125e-05
delete time:3.4809112548828125e-05
delete time:3.790855407714844e-05
delete time:3.528594970703125e-05
delete time:1.8835067749023438e-05
delete time:2.6464462280273438e-05
delete time:2.8848648071289062e-05
delete time:3.314018249511719e-05
delete time:3.743171691894531e-05
delete time:3.361701965332031e-05
delete time:3.600120544433594e-05
delete time:2.6702880859375e-05
delete time:3.695487976074219e-05
delete time:3.24249267578125e-05
delete time:3.7670135498046875e-05
delete time:2.002716064453125e-05
delete time:1.7881393432617188e-05
delete time:3.0040740966796875e-05
delete time:4.029273986816406e-05
delete time:2.8371810913085938e-05
delete time:1.9311904907226562e-05
delete time:3.218650817871094e-05
delete time:2.4080276489257812e-05
delete time:2.8848648071289062e-05
delete time:4.649162292480469e-05
delete time:3.6716461181640625e-05
delete time:4.9591064453125e-05
delete time:2.9325485229492188e-05
delete time:2.7894973754882812e-05
delete time:2.956390380859375e-05
delete time:3.981590270996094e-05
delete time:1.811981201171875e-05
delete time:3.504753112792969e-05
delete time:2.574920654296875e-05
delete time:3.0517578125e-05
delete time:3.719329833984375e-05
delete time:2.9087066650390625e-05
delete time:2.002716064453125e-05
delete time:4.029273986816406e-05
delete time:2.7179718017578125e-05
delete time:2.0503997802734375e-05
delete time:4.482269287109375e-05
delete time:3.886222839355469e-05
delete time:2.5510787963867188e-05
delete time:3.314018249511719e-05
delete time:2.0503997802734375e-05
delete time:2.5272369384765625e-05
delete time:1.8835067749023438e-05
delete time:3.1948089599609375e-05
delete time:3.361701965332031e-05
delete time:4.1961669921875e-05
delete time:4.100799560546875e-05
delete time:1.9311904907226562e-05
delete time:4.482269287109375e-05
delete time:3.24249267578125e-05
delete time:5.245208740234375e-05
delete time:4.553794860839844e-05
delete time:3.4332275390625e-05
delete time:4.315376281738281e-05
delete time:3.0040740966796875e-05
delete time:2.574920654296875e-05
delete time:1.9788742065429688e-05
delete time:3.8623809814453125e-05
delete time:2.5033950805664062e-05
delete time:3.0517578125e-05
delete time:3.3855438232421875e-05
delete time:1.7642974853515625e-05
delete time:3.075599670410156e-05
delete time:2.288818359375e-05
delete time:2.3126602172851562e-05
delete time:2.9087066650390625e-05
delete time:2.384185791015625e-05
delete time:3.2901763916015625e-05
delete time:2.002716064453125e-05
delete time:2.7894973754882812e-05
delete time:3.552436828613281e-05
delete time:1.9311904907226562e-05
delete time:3.4332275390625e-05
delete time:1.8835067749023438e-05
delete time:1.9073486328125e-05
delete time:3.504753112792969e-05
delete time:3.314018249511719e-05
delete time:3.647804260253906e-05
delete time:2.1696090698242188e-05
delete time:2.4557113647460938e-05
delete time:3.337860107421875e-05
delete time:3.218650817871094e-05
delete time:2.9325485229492188e-05
delete time:2.4318695068359375e-05
delete time:1.621246337890625e-05
delete time:2.384185791015625e-05
delete time:3.3855438232421875e-05
delete time:2.7418136596679688e-05
delete time:3.075599670410156e-05
delete time:3.790855407714844e-05
delete time:2.7179718017578125e-05
delete time:2.193450927734375e-05
delete time:2.5510787963867188e-05
delete time:2.1457672119140625e-05
delete time:3.933906555175781e-05
delete time:2.9325485229492188e-05
delete time:1.9073486328125e-05
delete time:3.3855438232421875e-05
delete time:1.7642974853515625e-05
delete time:3.2901763916015625e-05
delete time:4.100799560546875e-05
delete time:2.8371810913085938e-05
delete time:2.7894973754882812e-05
delete time:2.4080276489257812e-05
delete time:3.0994415283203125e-05
delete time:1.621246337890625e-05
delete time:3.361701965332031e-05
delete time:3.409385681152344e-05
delete time:3.62396240234375e-05
delete time:2.7894973754882812e-05
delete time:1.4781951904296875e-05
delete time:2.8133392333984375e-05
delete time:3.62396240234375e-05
delete time:3.4809112548828125e-05
delete time:1.8358230590820312e-05
delete time:2.9087066650390625e-05
delete time:2.8133392333984375e-05
delete time:1.6450881958007812e-05
delete time:3.0517578125e-05
delete time:3.24249267578125e-05
delete time:1.6450881958007812e-05
delete time:3.3855438232421875e-05
delete time:2.47955322265625e-05
delete time:2.5510787963867188e-05
delete time:3.218650817871094e-05
delete time:2.6464462280273438e-05
delete time:3.123283386230469e-05
delete time:3.170967102050781e-05
delete time:2.47955322265625e-05
delete time:2.6226043701171875e-05
delete time:3.075599670410156e-05
delete time:2.5272369384765625e-05
delete time:3.337860107421875e-05
delete time:4.3392181396484375e-05
delete time:2.765655517578125e-05
delete time:2.5272369384765625e-05
delete time:1.5497207641601562e-05
delete time:3.337860107421875e-05
delete time:4.0531158447265625e-05
delete time:3.528594970703125e-05
delete time:3.123283386230469e-05
delete time:3.1948089599609375e-05
delete time:3.647804260253906e-05
delete time:3.6716461181640625e-05
delete time:2.8133392333984375e-05
delete time:3.504753112792969e-05
delete time:2.5272369384765625e-05
delete time:1.6927719116210938e-05
delete time:3.981590270996094e-05
delete time:3.314018249511719e-05
delete time:1.5735626220703125e-05
delete time:4.410743713378906e-05
delete time:1.33514404296875e-05
delete time:2.765655517578125e-05
delete time:3.528594970703125e-05
delete time:3.1948089599609375e-05
delete time:2.9802322387695312e-05
delete time:2.9802322387695312e-05
delete time:2.7179718017578125e-05
delete time:3.5762786865234375e-05
delete time:3.5762786865234375e-05
delete time:1.3828277587890625e-05
delete time:3.743171691894531e-05
delete time:1.8596649169921875e-05
delete time:3.9577484130859375e-05
delete time:2.765655517578125e-05
delete time:2.384185791015625e-05
delete time:2.956390380859375e-05
delete time:3.719329833984375e-05
delete time:4.076957702636719e-05
delete time:3.910064697265625e-05
delete time:3.886222839355469e-05
delete time:1.71661376953125e-05
delete time:4.673004150390625e-05
delete time:3.24249267578125e-05
delete time:2.47955322265625e-05
delete time:3.0040740966796875e-05
delete time:2.4557113647460938e-05
delete time:3.361701965332031e-05
delete time:2.4080276489257812e-05
delete time:2.8371810913085938e-05
delete time:2.4080276489257812e-05
delete time:2.6226043701171875e-05
delete time:2.9087066650390625e-05
delete time:3.457069396972656e-05
delete time:3.3855438232421875e-05
delete time:2.5033950805664062e-05
delete time:1.8835067749023438e-05
delete time:3.2901763916015625e-05
delete time:3.24249267578125e-05
delete time:1.8358230590820312e-05
delete time:1.2159347534179688e-05
delete time:3.266334533691406e-05
delete time:1.811981201171875e-05
delete time:2.5987625122070312e-05
delete time:1.3589859008789062e-05
delete time:4.172325134277344e-05
delete time:3.314018249511719e-05
delete time:2.384185791015625e-05
delete time:3.5762786865234375e-05
delete time:1.0967254638671875e-05
delete time:3.314018249511719e-05
delete time:3.647804260253906e-05
delete time:2.9325485229492188e-05
delete time:2.1219253540039062e-05
delete time:3.838539123535156e-05
delete time:3.933906555175781e-05
delete time:3.3855438232421875e-05
delete time:2.5987625122070312e-05
delete time:2.0742416381835938e-05
delete time:3.695487976074219e-05
delete time:4.482269287109375e-05
delete time:4.291534423828125e-05
delete time:3.0994415283203125e-05
delete time:2.288818359375e-05
delete time:3.24249267578125e-05
delete time:3.719329833984375e-05
delete time:3.0994415283203125e-05
delete time:2.288818359375e-05
delete time:3.170967102050781e-05
delete time:2.574920654296875e-05
delete time:3.4332275390625e-05
delete time:2.7418136596679688e-05
delete time:1.9550323486328125e-05
delete time:2.86102294921875e-05
delete time:4.220008850097656e-05
delete time:3.7670135498046875e-05
delete time:4.5299530029296875e-05
delete time:3.695487976074219e-05
delete time:2.7418136596679688e-05
delete time:4.506111145019531e-05
delete time:3.24249267578125e-05
delete time:2.1219253540039062e-05
delete time:3.6716461181640625e-05
delete time:3.528594970703125e-05
delete time:3.552436828613281e-05
delete time:3.337860107421875e-05
delete time:2.4557113647460938e-05
delete time:2.4080276489257812e-05
delete time:2.7894973754882812e-05
delete time:3.170967102050781e-05
delete time:2.765655517578125e-05
delete time:2.5033950805664062e-05
delete time:3.600120544433594e-05
delete time:3.933906555175781e-05
delete time:2.5987625122070312e-05
delete time:2.8848648071289062e-05
delete time:3.647804260253906e-05
delete time:3.4809112548828125e-05
delete time:3.4332275390625e-05
delete time:2.288818359375e-05
delete time:4.291534423828125e-05
delete time:4.291534423828125e-05
delete time:3.0040740966796875e-05
delete time:3.123283386230469e-05
delete time:4.673004150390625e-05
delete time:3.457069396972656e-05
delete time:3.147125244140625e-05
delete time:2.574920654296875e-05
delete time:3.600120544433594e-05
delete time:3.361701965332031e-05
delete time:2.7894973754882812e-05
delete time:2.8371810913085938e-05
delete time:3.62396240234375e-05
delete time:3.4332275390625e-05
delete time:3.170967102050781e-05
delete time:2.5987625122070312e-05
delete time:2.6464462280273438e-05
delete time:2.574920654296875e-05
delete time:3.600120544433594e-05
delete time:3.910064697265625e-05
delete time:2.4080276489257812e-05
delete time:4.649162292480469e-05
delete time:2.86102294921875e-05
delete time:3.409385681152344e-05
delete time:3.123283386230469e-05
delete time:2.8848648071289062e-05
delete time:5.316734313964844e-05
delete time:2.0265579223632812e-05
delete time:3.170967102050781e-05
delete time:3.552436828613281e-05
delete time:2.1457672119140625e-05
delete time:3.314018249511719e-05
delete time:2.8848648071289062e-05
delete time:3.123283386230469e-05
delete time:3.24249267578125e-05
delete time:3.9577484130859375e-05
delete time:3.552436828613281e-05
delete time:2.6941299438476562e-05
delete time:2.8371810913085938e-05
delete time:3.2901763916015625e-05
delete time:3.361701965332031e-05
delete time:3.719329833984375e-05
delete time:3.1948089599609375e-05
delete time:3.1948089599609375e-05
delete time:3.528594970703125e-05
delete time:2.6464462280273438e-05
delete time:3.600120544433594e-05
delete time:2.7179718017578125e-05
delete time:3.1948089599609375e-05
delete time:3.147125244140625e-05
delete time:2.574920654296875e-05
delete time:3.647804260253906e-05
delete time:4.38690185546875e-05
delete time:2.4080276489257812e-05
delete time:3.0994415283203125e-05
delete time:2.956390380859375e-05
delete time:2.6464462280273438e-05
delete time:3.814697265625e-05
delete time:3.147125244140625e-05
delete time:2.5987625122070312e-05
delete time:3.266334533691406e-05
delete time:2.6464462280273438e-05
delete time:2.574920654296875e-05
delete time:2.288818359375e-05
delete time:3.170967102050781e-05
delete time:2.6464462280273438e-05
delete time:2.47955322265625e-05
delete time:2.0503997802734375e-05
delete time:3.528594970703125e-05
delete time:3.0040740966796875e-05
delete time:3.075599670410156e-05
delete time:2.2411346435546875e-05
delete time:3.0040740966796875e-05
delete time:3.790855407714844e-05
delete time:3.0994415283203125e-05
delete time:2.384185791015625e-05
delete time:4.935264587402344e-05
delete time:3.719329833984375e-05
delete time:4.315376281738281e-05
delete time:3.409385681152344e-05
delete time:2.6941299438476562e-05
delete time:2.2172927856445312e-05
delete time:3.266334533691406e-05
delete time:3.504753112792969e-05
delete time:3.0517578125e-05
delete time:3.5762786865234375e-05
delete time:3.886222839355469e-05
delete time:2.9087066650390625e-05
delete time:3.4809112548828125e-05
delete time:3.170967102050781e-05
delete time:4.506111145019531e-05
delete time:2.7179718017578125e-05
delete time:3.314018249511719e-05
delete time:3.1948089599609375e-05
delete time:2.6702880859375e-05
delete time:3.147125244140625e-05
delete time:5.9604644775390625e-05
delete time:4.792213439941406e-05
delete time:2.2411346435546875e-05
delete time:2.5987625122070312e-05
delete time:6.723403930664062e-05
delete time:3.4332275390625e-05
delete time:6.508827209472656e-05
delete time:6.413459777832031e-05
delete time:2.9325485229492188e-05
delete time:3.1948089599609375e-05
delete time:2.9087066650390625e-05
delete time:3.314018249511719e-05
delete time:3.0994415283203125e-05
delete time:4.887580871582031e-05
delete time:2.765655517578125e-05
delete time:2.9325485229492188e-05
delete time:3.337860107421875e-05
delete time:3.552436828613281e-05
delete time:2.7894973754882812e-05
delete time:3.504753112792969e-05
delete time:4.839897155761719e-05
delete time:2.3603439331054688e-05
delete time:2.1457672119140625e-05
delete time:3.170967102050781e-05
delete time:3.600120544433594e-05
delete time:3.361701965332031e-05
delete time:3.170967102050781e-05
delete time:2.2649765014648438e-05
delete time:4.0531158447265625e-05
delete time:4.029273986816406e-05
delete time:2.9802322387695312e-05
delete time:3.24249267578125e-05
delete time:4.124641418457031e-05
delete time:3.1948089599609375e-05
delete time:3.4809112548828125e-05
delete time:3.218650817871094e-05
delete time:2.86102294921875e-05
delete time:3.361701965332031e-05
delete time:3.123283386230469e-05
delete time:3.5762786865234375e-05
delete time:3.147125244140625e-05
delete time:3.457069396972656e-05
delete time:3.552436828613281e-05
delete time:2.5510787963867188e-05
delete time:1.9550323486328125e-05
delete time:2.384185791015625e-05
delete time:3.719329833984375e-05
delete time:2.4318695068359375e-05
delete time:3.0279159545898438e-05
delete time:4.100799560546875e-05
delete time:3.24249267578125e-05
delete time:2.5272369384765625e-05
delete time:3.886222839355469e-05
delete time:3.743171691894531e-05
delete time:4.100799560546875e-05
delete time:3.695487976074219e-05
delete time:3.24249267578125e-05
delete time:4.076957702636719e-05
delete time:3.8623809814453125e-05
delete time:3.552436828613281e-05
delete time:2.7179718017578125e-05
delete time:3.0040740966796875e-05
delete time:2.1219253540039062e-05
delete time:2.5272369384765625e-05
delete time:3.600120544433594e-05
delete time:3.4809112548828125e-05
delete time:2.956390380859375e-05
delete time:3.24249267578125e-05
delete time:8.153915405273438e-05
delete time:6.794929504394531e-05
delete time:7.796287536621094e-05
delete time:0.00010156631469726562
delete time:4.1484832763671875e-05
delete time:2.4557113647460938e-05
delete time:4.601478576660156e-05
delete time:4.315376281738281e-05
delete time:4.172325134277344e-05
delete time:3.0279159545898438e-05
delete time:4.220008850097656e-05
delete time:3.337860107421875e-05
delete time:4.673004150390625e-05
delete time:4.1961669921875e-05
delete time:5.1975250244140625e-05
delete time:4.57763671875e-05
delete time:5.6743621826171875e-05
delete time:3.7670135498046875e-05
delete time:9.322166442871094e-05
delete time:3.62396240234375e-05
delete time:3.6716461181640625e-05
delete time:2.6941299438476562e-05
delete time:2.9325485229492188e-05
delete time:3.552436828613281e-05
delete time:5.435943603515625e-05
delete time:2.384185791015625e-05
delete time:2.8133392333984375e-05
delete time:3.647804260253906e-05
delete time:4.506111145019531e-05
delete time:5.0067901611328125e-05
delete time:4.38690185546875e-05
delete time:3.719329833984375e-05
delete time:3.170967102050781e-05
delete time:2.8133392333984375e-05
delete time:2.1457672119140625e-05
delete time:4.124641418457031e-05
delete time:3.814697265625e-05
delete time:3.0279159545898438e-05
delete time:5.078315734863281e-05
delete time:3.5762786865234375e-05
delete time:2.2172927856445312e-05
delete time:4.458427429199219e-05
delete time:4.2438507080078125e-05
delete time:8.463859558105469e-05
delete time:2.2649765014648438e-05
delete time:4.2438507080078125e-05
delete time:2.9802322387695312e-05
delete time:1.6927719116210938e-05
delete time:3.719329833984375e-05
delete time:8.630752563476562e-05
delete time:5.7220458984375e-05
delete time:4.076957702636719e-05
delete time:3.337860107421875e-05
delete time:4.1484832763671875e-05
delete time:5.1021575927734375e-05
delete time:3.1948089599609375e-05
delete time:2.5033950805664062e-05
delete time:3.266334533691406e-05
delete time:3.0994415283203125e-05
delete time:3.3855438232421875e-05
delete time:3.1948089599609375e-05
delete time:3.528594970703125e-05
delete time:3.0517578125e-05
delete time:4.8160552978515625e-05
delete time:7.891654968261719e-05
delete time:3.838539123535156e-05
delete time:3.814697265625e-05
delete time:4.363059997558594e-05
delete time:3.933906555175781e-05
delete time:3.0040740966796875e-05
delete time:3.0279159545898438e-05
delete time:4.315376281738281e-05
delete time:3.790855407714844e-05
delete time:3.62396240234375e-05
delete time:3.0994415283203125e-05
delete time:4.3392181396484375e-05
delete time:3.62396240234375e-05
delete time:4.7206878662109375e-05
delete time:3.2901763916015625e-05
delete time:4.124641418457031e-05
delete time:7.033348083496094e-05
delete time:3.3855438232421875e-05
delete time:3.933906555175781e-05
delete time:4.172325134277344e-05
delete time:3.075599670410156e-05
delete time:3.409385681152344e-05
delete time:4.124641418457031e-05
delete time:3.9577484130859375e-05
delete time:3.337860107421875e-05
delete time:3.0279159545898438e-05
delete time:3.600120544433594e-05
delete time:3.337860107421875e-05
delete time:3.2901763916015625e-05
delete time:3.6716461181640625e-05
delete time:4.57763671875e-05
delete time:4.649162292480469e-05
delete time:2.9325485229492188e-05
delete time:3.6716461181640625e-05
delete time:3.552436828613281e-05
delete time:3.4809112548828125e-05
delete time:2.7894973754882812e-05
delete time:2.7179718017578125e-05
delete time:4.100799560546875e-05
delete time:3.457069396972656e-05
delete time:2.5033950805664062e-05
delete time:2.86102294921875e-05
delete time:2.574920654296875e-05
delete time:3.933906555175781e-05
delete time:4.124641418457031e-05
delete time:4.506111145019531e-05
delete time:2.5510787963867188e-05
delete time:3.552436828613281e-05
delete time:3.0040740966796875e-05
delete time:3.314018249511719e-05
delete time:4.267692565917969e-05
delete time:3.314018249511719e-05
delete time:4.57763671875e-05
delete time:3.528594970703125e-05
delete time:3.337860107421875e-05
delete time:5.1021575927734375e-05
delete time:3.314018249511719e-05
delete time:3.457069396972656e-05
delete time:3.838539123535156e-05
delete time:3.147125244140625e-05
delete time:2.0503997802734375e-05
delete time:4.410743713378906e-05
delete time:3.5762786865234375e-05
delete time:4.673004150390625e-05
delete time:4.601478576660156e-05
delete time:3.504753112792969e-05
delete time:3.9577484130859375e-05
delete time:3.528594970703125e-05
delete time:3.838539123535156e-05
delete time:3.0994415283203125e-05
delete time:3.409385681152344e-05
delete time:2.5272369384765625e-05
delete time:4.5299530029296875e-05
delete time:3.8623809814453125e-05
delete time:4.267692565917969e-05
delete time:3.647804260253906e-05
delete time:4.220008850097656e-05
delete time:3.266334533691406e-05
delete time:3.2901763916015625e-05
delete time:2.9802322387695312e-05
delete time:2.7894973754882812e-05
delete time:9.751319885253906e-05
delete time:3.719329833984375e-05
delete time:4.744529724121094e-05
delete time:4.315376281738281e-05
delete time:4.57763671875e-05
delete time:3.62396240234375e-05
delete time:3.600120544433594e-05
delete time:3.910064697265625e-05
delete time:2.6464462280273438e-05
delete time:2.5987625122070312e-05
delete time:2.7418136596679688e-05
delete time:3.24249267578125e-05
delete time:2.86102294921875e-05
delete time:4.267692565917969e-05
delete time:4.029273986816406e-05
delete time:9.107589721679688e-05
delete time:8.130073547363281e-05
delete time:3.504753112792969e-05
delete time:4.935264587402344e-05
delete time:3.0994415283203125e-05
delete time:3.147125244140625e-05
delete time:3.4332275390625e-05
delete time:3.2901763916015625e-05
delete time:2.8133392333984375e-05
delete time:3.24249267578125e-05
delete time:4.744529724121094e-05
delete time:4.267692565917969e-05
delete time:5.1975250244140625e-05
delete time:4.220008850097656e-05
delete time:2.6226043701171875e-05
delete time:3.9577484130859375e-05
delete time:3.123283386230469e-05
delete time:3.743171691894531e-05
delete time:2.8371810913085938e-05
delete time:3.886222839355469e-05
delete time:3.170967102050781e-05
delete time:4.315376281738281e-05
delete time:3.3855438232421875e-05
delete time:2.7894973754882812e-05
delete time:3.528594970703125e-05
delete time:2.2172927856445312e-05
delete time:4.029273986816406e-05
delete time:3.9577484130859375e-05
delete time:4.649162292480469e-05
delete time:2.0503997802734375e-05
delete time:3.743171691894531e-05
delete time:3.361701965332031e-05
delete time:2.9087066650390625e-05
delete time:3.6716461181640625e-05
delete time:3.457069396972656e-05
delete time:2.4080276489257812e-05
delete time:6.508827209472656e-05
delete time:3.838539123535156e-05
delete time:4.076957702636719e-05
delete time:4.458427429199219e-05
delete time:2.9325485229492188e-05
delete time:2.2411346435546875e-05
delete time:8.916854858398438e-05
delete time:3.647804260253906e-05
delete time:3.1948089599609375e-05
delete time:2.5987625122070312e-05
delete time:3.528594970703125e-05
delete time:3.600120544433594e-05
delete time:3.337860107421875e-05
delete time:2.5033950805664062e-05
delete time:2.7418136596679688e-05
delete time:5.0067901611328125e-05
delete time:3.504753112792969e-05
delete time:3.0279159545898438e-05
delete time:3.933906555175781e-05
delete time:3.266334533691406e-05
delete time:3.528594970703125e-05
delete time:3.7670135498046875e-05
delete time:2.6702880859375e-05
delete time:3.9577484130859375e-05
delete time:3.0279159545898438e-05
delete time:2.7418136596679688e-05
delete time:3.6716461181640625e-05
delete time:3.170967102050781e-05
delete time:3.4809112548828125e-05
delete time:4.2438507080078125e-05
delete time:4.1961669921875e-05
delete time:3.3855438232421875e-05
delete time:4.3392181396484375e-05
delete time:4.57763671875e-05
delete time:3.4809112548828125e-05
delete time:3.409385681152344e-05
delete time:3.123283386230469e-05
delete time:2.86102294921875e-05
delete time:3.4332275390625e-05
delete time:2.4557113647460938e-05
delete time:3.719329833984375e-05
delete time:3.886222839355469e-05
delete time:4.458427429199219e-05
delete time:2.7894973754882812e-05
delete time:3.0517578125e-05
delete time:4.1961669921875e-05
delete time:4.363059997558594e-05
delete time:1.7881393432617188e-05
delete time:2.4080276489257812e-05
delete time:3.528594970703125e-05
delete time:3.0279159545898438e-05
delete time:3.170967102050781e-05
delete time:2.765655517578125e-05
delete time:2.7894973754882812e-05
delete time:4.00543212890625e-05
delete time:2.8848648071289062e-05
delete time:3.0994415283203125e-05
delete time:2.9087066650390625e-05
delete time:3.600120544433594e-05
delete time:3.0279159545898438e-05
delete time:3.314018249511719e-05
delete time:3.886222839355469e-05
delete time:3.600120544433594e-05
delete time:4.4345855712890625e-05
delete time:2.765655517578125e-05
delete time:3.361701965332031e-05
delete time:3.0040740966796875e-05
delete time:3.910064697265625e-05
delete time:2.86102294921875e-05
delete time:3.5762786865234375e-05
delete time:3.266334533691406e-05
delete time:3.409385681152344e-05
delete time:2.9325485229492188e-05
delete time:1.9788742065429688e-05
delete time:3.504753112792969e-05
delete time:3.266334533691406e-05
delete time:2.765655517578125e-05
delete time:3.457069396972656e-05
delete time:3.170967102050781e-05
delete time:3.1948089599609375e-05
delete time:3.886222839355469e-05
delete time:3.337860107421875e-05
delete time:4.3392181396484375e-05
delete time:4.9591064453125e-05
delete time:3.0517578125e-05
delete time:3.5762786865234375e-05
delete time:3.504753112792969e-05
delete time:2.002716064453125e-05
delete time:4.267692565917969e-05
delete time:2.4080276489257812e-05
delete time:4.863739013671875e-05
delete time:4.076957702636719e-05
delete time:3.4332275390625e-05
delete time:2.5510787963867188e-05
delete time:1.9788742065429688e-05
delete time:3.1948089599609375e-05
delete time:3.170967102050781e-05
delete time:2.765655517578125e-05
delete time:3.0994415283203125e-05
delete time:3.0279159545898438e-05
delete time:1.9788742065429688e-05
delete time:3.838539123535156e-05
delete time:3.4809112548828125e-05
delete time:4.673004150390625e-05
delete time:8.654594421386719e-05
delete time:2.6941299438476562e-05
delete time:8.749961853027344e-05
delete time:4.00543212890625e-05
delete time:2.6941299438476562e-05
delete time:3.1948089599609375e-05
delete time:3.528594970703125e-05
delete time:3.790855407714844e-05
delete time:8.821487426757812e-05
delete time:3.147125244140625e-05
delete time:3.6716461181640625e-05
delete time:2.0742416381835938e-05
delete time:2.9802322387695312e-05
delete time:3.886222839355469e-05
delete time:4.4345855712890625e-05
delete time:3.814697265625e-05
delete time:3.7670135498046875e-05
delete time:4.220008850097656e-05
delete time:3.457069396972656e-05
delete time:2.0742416381835938e-05
delete time:3.266334533691406e-05
delete time:7.939338684082031e-05
delete time:3.0994415283203125e-05
delete time:8.225440979003906e-05
delete time:3.647804260253906e-05
delete time:8.344650268554688e-05
delete time:4.1961669921875e-05
delete time:4.57763671875e-05
delete time:2.5510787963867188e-05
delete time:3.24249267578125e-05
delete time:2.3603439331054688e-05
delete time:2.8848648071289062e-05
delete time:2.0265579223632812e-05
delete time:3.3855438232421875e-05
delete time:3.24249267578125e-05
delete time:2.7418136596679688e-05
delete time:3.266334533691406e-05
delete time:3.8623809814453125e-05
delete time:3.600120544433594e-05
delete time:3.600120544433594e-05
delete time:4.1961669921875e-05
delete time:8.296966552734375e-05
delete time:4.2438507080078125e-05
delete time:2.956390380859375e-05
delete time:3.457069396972656e-05
delete time:3.337860107421875e-05
delete time:3.4332275390625e-05
delete time:4.220008850097656e-05
delete time:2.7894973754882812e-05
delete time:3.218650817871094e-05
delete time:2.7418136596679688e-05
delete time:3.337860107421875e-05
delete time:4.00543212890625e-05
delete time:3.62396240234375e-05
delete time:1.9550323486328125e-05
delete time:3.361701965332031e-05
delete time:3.719329833984375e-05
delete time:3.0279159545898438e-05
delete time:3.2901763916015625e-05
delete time:4.0531158447265625e-05
delete time:1.9311904907226562e-05
delete time:2.5510787963867188e-05
delete time:3.647804260253906e-05
delete time:2.1219253540039062e-05
delete time:3.314018249511719e-05
delete time:3.504753112792969e-05
delete time:2.5510787963867188e-05
delete time:7.724761962890625e-05
delete time:3.457069396972656e-05
delete time:3.9577484130859375e-05
delete time:2.8848648071289062e-05
delete time:4.839897155761719e-05
delete time:2.002716064453125e-05
delete time:3.457069396972656e-05
delete time:3.218650817871094e-05
delete time:4.315376281738281e-05
delete time:4.00543212890625e-05
delete time:5.0067901611328125e-05
delete time:3.814697265625e-05
delete time:3.361701965332031e-05
delete time:3.147125244140625e-05
delete time:3.075599670410156e-05
delete time:3.6716461181640625e-05
delete time:3.314018249511719e-05
delete time:4.00543212890625e-05
delete time:4.076957702636719e-05
delete time:3.528594970703125e-05
delete time:3.075599670410156e-05
delete time:3.910064697265625e-05
delete time:2.002716064453125e-05
delete time:2.2649765014648438e-05
delete time:3.218650817871094e-05
delete time:3.790855407714844e-05
delete time:3.743171691894531e-05
delete time:4.553794860839844e-05
delete time:3.6716461181640625e-05
delete time:3.5762786865234375e-05
delete time:3.933906555175781e-05
delete time:6.818771362304688e-05
delete time:2.9325485229492188e-05
delete time:3.314018249511719e-05
delete time:3.62396240234375e-05
delete time:3.552436828613281e-05
delete time:2.2411346435546875e-05
delete time:3.814697265625e-05
delete time:3.218650817871094e-05
delete time:3.409385681152344e-05
delete time:1.7404556274414062e-05
delete time:4.220008850097656e-05
delete time:4.1961669921875e-05
delete time:8.320808410644531e-05
delete time:2.6464462280273438e-05
delete time:2.4557113647460938e-05
delete time:2.7894973754882812e-05
delete time:2.86102294921875e-05
delete time:8.940696716308594e-05
delete time:3.409385681152344e-05
delete time:2.6702880859375e-05
delete time:3.647804260253906e-05
delete time:3.600120544433594e-05
delete time:2.3126602172851562e-05
delete time:1.7404556274414062e-05
delete time:3.0517578125e-05
delete time:2.6464462280273438e-05
delete time:4.076957702636719e-05
delete time:3.4809112548828125e-05
delete time:3.695487976074219e-05
delete time:3.719329833984375e-05
delete time:2.9087066650390625e-05
delete time:2.574920654296875e-05
delete time:1.8835067749023438e-05
delete time:3.361701965332031e-05
delete time:4.0531158447265625e-05
delete time:3.743171691894531e-05
delete time:3.1948089599609375e-05
delete time:3.266334533691406e-05
delete time:2.1219253540039062e-05
delete time:3.0517578125e-05
delete time:7.343292236328125e-05
delete time:4.3392181396484375e-05
delete time:3.814697265625e-05
delete time:3.170967102050781e-05
delete time:3.5762786865234375e-05
delete time:6.556510925292969e-05
delete time:2.6941299438476562e-05
delete time:1.9788742065429688e-05
delete time:4.38690185546875e-05
delete time:3.457069396972656e-05
delete time:3.790855407714844e-05
delete time:3.314018249511719e-05
delete time:3.814697265625e-05
delete time:3.4809112548828125e-05
delete time:3.504753112792969e-05
delete time:3.9577484130859375e-05
delete time:2.8133392333984375e-05
delete time:3.457069396972656e-05
delete time:3.409385681152344e-05
delete time:3.0279159545898438e-05
delete time:2.574920654296875e-05
delete time:3.4332275390625e-05
delete time:1.8358230590820312e-05
delete time:3.3855438232421875e-05
delete time:3.552436828613281e-05
delete time:4.4345855712890625e-05
delete time:2.9325485229492188e-05
delete time:3.504753112792969e-05
delete time:3.6716461181640625e-05
delete time:4.673004150390625e-05
delete time:3.2901763916015625e-05
delete time:2.6702880859375e-05
delete time:3.910064697265625e-05
delete time:6.747245788574219e-05
delete time:3.933906555175781e-05
delete time:2.47955322265625e-05
delete time:2.7179718017578125e-05
delete time:2.7179718017578125e-05
delete time:1.9550323486328125e-05
delete time:2.6702880859375e-05
delete time:2.8133392333984375e-05
delete time:2.9087066650390625e-05
delete time:3.743171691894531e-05
delete time:3.504753112792969e-05
delete time:3.4332275390625e-05
delete time:3.4332275390625e-05
delete time:1.621246337890625e-05
delete time:4.00543212890625e-05
delete time:2.6702880859375e-05
delete time:2.9802322387695312e-05
delete time:4.1961669921875e-05
delete time:4.076957702636719e-05
delete time:3.0994415283203125e-05
delete time:3.3855438232421875e-05
delete time:3.62396240234375e-05
delete time:3.457069396972656e-05
delete time:3.337860107421875e-05
delete time:3.457069396972656e-05
delete time:3.6716461181640625e-05
delete time:3.8623809814453125e-05
delete time:4.291534423828125e-05
delete time:4.100799560546875e-05
delete time:3.790855407714844e-05
delete time:2.6464462280273438e-05
delete time:4.649162292480469e-05
delete time:3.695487976074219e-05
delete time:3.838539123535156e-05
delete time:4.0531158447265625e-05
delete time:3.2901763916015625e-05
delete time:3.361701965332031e-05
delete time:3.743171691894531e-05
delete time:7.963180541992188e-05
delete time:2.9325485229492188e-05
delete time:3.9577484130859375e-05
delete time:3.886222839355469e-05
delete time:2.6702880859375e-05
delete time:4.1484832763671875e-05
delete time:3.0040740966796875e-05
delete time:3.6716461181640625e-05
delete time:2.7179718017578125e-05
delete time:3.4332275390625e-05
delete time:2.956390380859375e-05
delete time:8.988380432128906e-05
delete time:2.7179718017578125e-05
delete time:3.457069396972656e-05
delete time:2.86102294921875e-05
delete time:3.528594970703125e-05
delete time:3.910064697265625e-05
delete time:3.552436828613281e-05
delete time:3.504753112792969e-05
delete time:4.029273986816406e-05
delete time:2.6226043701171875e-05
delete time:4.5299530029296875e-05
delete time:3.0279159545898438e-05
delete time:4.3392181396484375e-05
delete time:3.838539123535156e-05
delete time:3.266334533691406e-05
delete time:3.075599670410156e-05
delete time:2.956390380859375e-05
delete time:2.6226043701171875e-05
delete time:3.0279159545898438e-05
delete time:2.86102294921875e-05
delete time:3.886222839355469e-05
delete time:2.9087066650390625e-05
delete time:3.3855438232421875e-05
delete time:3.528594970703125e-05
delete time:3.266334533691406e-05
delete time:3.981590270996094e-05
delete time:3.170967102050781e-05
delete time:2.7418136596679688e-05
delete time:2.574920654296875e-05
delete time:2.7894973754882812e-05
delete time:3.933906555175781e-05
delete time:3.0994415283203125e-05
delete time:3.933906555175781e-05
delete time:4.172325134277344e-05
delete time:7.605552673339844e-05
delete time:2.4557113647460938e-05
delete time:3.075599670410156e-05
delete time:1.8835067749023438e-05
delete time:3.0040740966796875e-05
delete time:3.5762786865234375e-05
delete time:1.52587890625e-05
delete time:4.0531158447265625e-05
delete time:3.314018249511719e-05
delete time:3.218650817871094e-05
delete time:3.4809112548828125e-05
delete time:2.4318695068359375e-05
delete time:3.361701965332031e-05
delete time:8.678436279296875e-05
delete time:4.291534423828125e-05
delete time:2.4080276489257812e-05
delete time:3.075599670410156e-05
delete time:3.0517578125e-05
delete time:4.029273986816406e-05
delete time:3.981590270996094e-05
delete time:2.4318695068359375e-05
delete time:2.9325485229492188e-05
delete time:3.695487976074219e-05
delete time:3.743171691894531e-05
delete time:3.0040740966796875e-05
delete time:3.910064697265625e-05
delete time:3.6716461181640625e-05
delete time:4.0531158447265625e-05
delete time:3.1948089599609375e-05
delete time:3.0517578125e-05
delete time:2.956390380859375e-05
delete time:3.147125244140625e-05
delete time:2.86102294921875e-05
delete time:1.8835067749023438e-05
delete time:2.2649765014648438e-05
delete time:2.574920654296875e-05
delete time:3.504753112792969e-05
delete time:2.8371810913085938e-05
delete time:2.7179718017578125e-05
delete time:2.47955322265625e-05
delete time:3.886222839355469e-05
delete time:4.00543212890625e-05
delete time:2.2649765014648438e-05
delete time:3.910064697265625e-05
delete time:3.552436828613281e-05
delete time:3.647804260253906e-05
delete time:3.3855438232421875e-05
delete time:4.267692565917969e-05
delete time:3.600120544433594e-05
delete time:3.600120544433594e-05
delete time:4.100799560546875e-05
delete time:3.528594970703125e-05
delete time:3.814697265625e-05
delete time:2.5033950805664062e-05
delete time:3.4809112548828125e-05
delete time:4.172325134277344e-05
delete time:3.337860107421875e-05
delete time:2.6226043701171875e-05
delete time:8.106231689453125e-05
delete time:3.910064697265625e-05
delete time:2.9802322387695312e-05
delete time:2.7894973754882812e-05
delete time:2.5033950805664062e-05
delete time:3.600120544433594e-05
delete time:3.3855438232421875e-05
delete time:3.4809112548828125e-05
delete time:2.7894973754882812e-05
delete time:3.695487976074219e-05
delete time:6.532669067382812e-05
delete time:3.62396240234375e-05
delete time:3.504753112792969e-05
delete time:3.170967102050781e-05
delete time:8.296966552734375e-05
delete time:3.6716461181640625e-05
delete time:3.981590270996094e-05
delete time:5.054473876953125e-05
delete time:4.00543212890625e-05
delete time:3.504753112792969e-05
delete time:3.4332275390625e-05
delete time:4.673004150390625e-05
delete time:2.956390380859375e-05
delete time:2.7179718017578125e-05
delete time:3.0994415283203125e-05
delete time:4.172325134277344e-05
delete time:4.5299530029296875e-05
delete time:3.552436828613281e-05
delete time:4.0531158447265625e-05
delete time:1.6450881958007812e-05
delete time:3.0040740966796875e-05
delete time:2.1457672119140625e-05
delete time:3.504753112792969e-05
delete time:3.4332275390625e-05
delete time:3.170967102050781e-05
delete time:3.24249267578125e-05
delete time:2.384185791015625e-05
delete time:3.2901763916015625e-05
delete time:3.647804260253906e-05
delete time:3.695487976074219e-05
delete time:3.3855438232421875e-05
delete time:3.123283386230469e-05
delete time:2.6464462280273438e-05
delete time:2.4080276489257812e-05
delete time:3.933906555175781e-05
delete time:3.4809112548828125e-05
delete time:2.1219253540039062e-05
delete time:3.337860107421875e-05
delete time:3.123283386230469e-05
delete time:3.790855407714844e-05
delete time:2.288818359375e-05
delete time:2.4080276489257812e-05
delete time:2.8133392333984375e-05
delete time:2.6702880859375e-05
delete time:3.886222839355469e-05
delete time:3.504753112792969e-05
delete time:3.3855438232421875e-05
delete time:2.9802322387695312e-05
delete time:2.1696090698242188e-05
delete time:8.845329284667969e-05
delete time:3.1948089599609375e-05
delete time:6.532669067382812e-05
delete time:3.600120544433594e-05
delete time:3.838539123535156e-05
delete time:2.765655517578125e-05
delete time:3.170967102050781e-05
delete time:3.62396240234375e-05
delete time:3.0994415283203125e-05
delete time:3.170967102050781e-05
delete time:2.7894973754882812e-05
delete time:3.814697265625e-05
delete time:2.4557113647460938e-05
delete time:3.314018249511719e-05
delete time:3.5762786865234375e-05
delete time:3.62396240234375e-05
delete time:2.86102294921875e-05
delete time:2.6941299438476562e-05
delete time:7.62939453125e-05
delete time:2.9325485229492188e-05
delete time:3.457069396972656e-05
delete time:3.3855438232421875e-05
delete time:9.107589721679688e-05
delete time:3.552436828613281e-05
delete time:4.3392181396484375e-05
delete time:2.9325485229492188e-05
delete time:3.504753112792969e-05
delete time:2.8848648071289062e-05
delete time:3.552436828613281e-05
delete time:7.653236389160156e-05
delete time:2.574920654296875e-05
delete time:3.910064697265625e-05
delete time:3.337860107421875e-05
delete time:3.170967102050781e-05
delete time:3.361701965332031e-05
delete time:2.47955322265625e-05
delete time:2.765655517578125e-05
delete time:3.0279159545898438e-05
delete time:3.838539123535156e-05
delete time:2.765655517578125e-05
delete time:3.266334533691406e-05
delete time:9.799003601074219e-05
delete time:3.9577484130859375e-05
delete time:3.170967102050781e-05
delete time:3.743171691894531e-05
delete time:3.6716461181640625e-05
delete time:3.7670135498046875e-05
delete time:2.288818359375e-05
delete time:3.0040740966796875e-05
delete time:3.1948089599609375e-05
delete time:4.1484832763671875e-05
delete time:2.3126602172851562e-05
delete time:7.891654968261719e-05
delete time:3.62396240234375e-05
delete time:3.361701965332031e-05
delete time:3.361701965332031e-05
delete time:3.3855438232421875e-05
delete time:3.62396240234375e-05
delete time:3.0040740966796875e-05
delete time:3.600120544433594e-05
delete time:3.24249267578125e-05
delete time:3.719329833984375e-05
delete time:6.389617919921875e-05
delete time:4.601478576660156e-05
delete time:3.7670135498046875e-05
delete time:3.552436828613281e-05
delete time:2.193450927734375e-05
delete time:4.57763671875e-05
delete time:2.956390380859375e-05
delete time:2.5272369384765625e-05
delete time:3.2901763916015625e-05
delete time:3.075599670410156e-05
delete time:7.677078247070312e-05
delete time:3.147125244140625e-05
delete time:3.7670135498046875e-05
delete time:2.7418136596679688e-05
delete time:3.0279159545898438e-05
delete time:3.5762786865234375e-05
delete time:2.8133392333984375e-05
delete time:3.123283386230469e-05
delete time:3.8623809814453125e-05
delete time:3.600120544433594e-05
delete time:3.147125244140625e-05
delete time:3.933906555175781e-05
delete time:3.123283386230469e-05
delete time:3.528594970703125e-05
delete time:3.409385681152344e-05
delete time:8.916854858398438e-05
delete time:8.0108642578125e-05
delete time:2.7418136596679688e-05
delete time:4.649162292480469e-05
delete time:3.0994415283203125e-05
delete time:3.62396240234375e-05
delete time:8.034706115722656e-05
delete time:4.0531158447265625e-05
delete time:3.504753112792969e-05
delete time:3.647804260253906e-05
delete time:3.457069396972656e-05
delete time:3.4809112548828125e-05
delete time:3.2901763916015625e-05
delete time:6.961822509765625e-05
delete time:4.1961669921875e-05
delete time:3.528594970703125e-05
delete time:3.1948089599609375e-05
delete time:8.58306884765625e-05
delete time:4.220008850097656e-05
delete time:2.8848648071289062e-05
delete time:2.8371810913085938e-05
delete time:4.029273986816406e-05
delete time:3.814697265625e-05
delete time:2.765655517578125e-05
delete time:2.4080276489257812e-05
delete time:2.574920654296875e-05
delete time:3.886222839355469e-05
delete time:4.601478576660156e-05
delete time:3.0279159545898438e-05
delete time:3.743171691894531e-05
delete time:3.147125244140625e-05
delete time:3.3855438232421875e-05
delete time:3.7670135498046875e-05
delete time:2.4080276489257812e-05
delete time:2.5510787963867188e-05
delete time:2.9802322387695312e-05
delete time:3.7670135498046875e-05
delete time:3.218650817871094e-05
delete time:3.1948089599609375e-05
delete time:3.0517578125e-05
delete time:7.62939453125e-05
delete time:8.058547973632812e-05
delete time:4.0531158447265625e-05
delete time:3.62396240234375e-05
delete time:3.4809112548828125e-05
delete time:4.0531158447265625e-05
delete time:3.4332275390625e-05
delete time:2.6226043701171875e-05
delete time:4.172325134277344e-05
delete time:3.528594970703125e-05
delete time:2.5272369384765625e-05
delete time:2.9802322387695312e-05
delete time:3.266334533691406e-05
delete time:3.7670135498046875e-05
delete time:2.7894973754882812e-05
delete time:3.2901763916015625e-05
delete time:3.981590270996094e-05
delete time:3.7670135498046875e-05
delete time:3.814697265625e-05
delete time:3.457069396972656e-05
delete time:3.170967102050781e-05
delete time:3.409385681152344e-05
delete time:2.6941299438476562e-05
delete time:4.172325134277344e-05
delete time:2.765655517578125e-05
delete time:3.647804260253906e-05
delete time:2.2649765014648438e-05
delete time:3.170967102050781e-05
delete time:2.8371810913085938e-05
delete time:3.170967102050781e-05
delete time:3.9577484130859375e-05
delete time:3.886222839355469e-05
delete time:3.3855438232421875e-05
delete time:3.266334533691406e-05
delete time:3.0040740966796875e-05
delete time:3.4332275390625e-05
delete time:4.029273986816406e-05
delete time:3.0517578125e-05
delete time:3.0994415283203125e-05
delete time:3.2901763916015625e-05
delete time:3.933906555175781e-05
delete time:8.082389831542969e-05
delete time:2.9802322387695312e-05
delete time:3.5762786865234375e-05
delete time:7.963180541992188e-05
delete time:4.00543212890625e-05
delete time:3.552436828613281e-05
delete time:4.363059997558594e-05
delete time:3.0279159545898438e-05
delete time:3.790855407714844e-05
delete time:3.0517578125e-05
delete time:2.384185791015625e-05
delete time:3.62396240234375e-05
delete time:4.1961669921875e-05
delete time:3.457069396972656e-05
delete time:2.384185791015625e-05
delete time:3.743171691894531e-05
delete time:3.218650817871094e-05
delete time:2.5033950805664062e-05
delete time:3.4332275390625e-05
delete time:2.765655517578125e-05
delete time:8.726119995117188e-05
delete time:2.1457672119140625e-05
delete time:3.0279159545898438e-05
delete time:3.337860107421875e-05
delete time:4.315376281738281e-05
delete time:8.034706115722656e-05
delete time:3.981590270996094e-05
delete time:2.5033950805664062e-05
delete time:7.414817810058594e-05
delete time:2.8371810913085938e-05
delete time:4.315376281738281e-05
delete time:4.00543212890625e-05
delete time:3.5762786865234375e-05
delete time:2.7418136596679688e-05
delete time:2.0742416381835938e-05
delete time:3.5762786865234375e-05
delete time:2.1219253540039062e-05
delete time:2.9087066650390625e-05
delete time:3.337860107421875e-05
delete time:3.147125244140625e-05
delete time:3.24249267578125e-05
delete time:2.384185791015625e-05
delete time:8.177757263183594e-05
delete time:3.910064697265625e-05
delete time:2.7894973754882812e-05
delete time:3.457069396972656e-05
delete time:3.886222839355469e-05
delete time:5.221366882324219e-05
delete time:3.123283386230469e-05
delete time:8.106231689453125e-05
delete time:2.3603439331054688e-05
delete time:4.4345855712890625e-05
delete time:3.647804260253906e-05
delete time:2.9087066650390625e-05
delete time:2.6941299438476562e-05
delete time:3.886222839355469e-05
delete time:3.0517578125e-05
delete time:3.409385681152344e-05
delete time:3.0994415283203125e-05
delete time:2.6702880859375e-05
delete time:3.528594970703125e-05
delete time:3.647804260253906e-05
delete time:4.0531158447265625e-05
delete time:3.504753112792969e-05
delete time:7.2479248046875e-05
delete time:6.175041198730469e-05
delete time:3.647804260253906e-05
delete time:4.3392181396484375e-05
delete time:3.218650817871094e-05
delete time:2.574920654296875e-05
delete time:3.695487976074219e-05
delete time:3.3855438232421875e-05
delete time:3.2901763916015625e-05
delete time:3.266334533691406e-05
delete time:2.86102294921875e-05
delete time:3.361701965332031e-05
delete time:7.271766662597656e-05
delete time:3.552436828613281e-05
delete time:3.457069396972656e-05
delete time:3.743171691894531e-05
delete time:2.956390380859375e-05
delete time:4.1484832763671875e-05
delete time:3.4809112548828125e-05
delete time:3.0279159545898438e-05
delete time:3.9577484130859375e-05
delete time:8.463859558105469e-05
delete time:3.4332275390625e-05
delete time:4.1484832763671875e-05
delete time:3.266334533691406e-05
delete time:2.956390380859375e-05
delete time:2.9802322387695312e-05
delete time:2.5987625122070312e-05
delete time:3.910064697265625e-05
delete time:8.320808410644531e-05
delete time:2.4080276489257812e-05
delete time:2.765655517578125e-05
delete time:3.409385681152344e-05
delete time:2.765655517578125e-05
delete time:7.867813110351562e-05
delete time:3.695487976074219e-05
delete time:3.0279159545898438e-05
delete time:2.2172927856445312e-05
delete time:3.600120544433594e-05
delete time:3.6716461181640625e-05
delete time:2.2172927856445312e-05
delete time:2.3365020751953125e-05
delete time:3.075599670410156e-05
delete time:4.267692565917969e-05
delete time:4.00543212890625e-05
delete time:3.552436828613281e-05
delete time:8.082389831542969e-05
delete time:2.765655517578125e-05
delete time:2.765655517578125e-05
delete time:3.528594970703125e-05
delete time:2.6941299438476562e-05
delete time:4.887580871582031e-05
delete time:3.361701965332031e-05
delete time:3.0994415283203125e-05
delete time:4.2438507080078125e-05
delete time:3.838539123535156e-05
delete time:2.7894973754882812e-05
delete time:2.9087066650390625e-05
delete time:2.6464462280273438e-05
delete time:5.078315734863281e-05
delete time:2.765655517578125e-05
delete time:3.457069396972656e-05
delete time:3.1948089599609375e-05
delete time:3.5762786865234375e-05
delete time:4.220008850097656e-05
delete time:3.9577484130859375e-05
delete time:3.075599670410156e-05
delete time:2.5510787963867188e-05
delete time:3.0279159545898438e-05
delete time:3.3855438232421875e-05
delete time:2.4080276489257812e-05
delete time:3.0279159545898438e-05
delete time:2.4080276489257812e-05
delete time:2.6702880859375e-05
delete time:2.86102294921875e-05
delete time:2.765655517578125e-05
delete time:3.528594970703125e-05
delete time:3.8623809814453125e-05
delete time:8.440017700195312e-05
delete time:3.218650817871094e-05
delete time:3.4332275390625e-05
delete time:3.0279159545898438e-05
delete time:3.147125244140625e-05
delete time:3.7670135498046875e-05
delete time:3.62396240234375e-05
delete time:3.4332275390625e-05
delete time:3.8623809814453125e-05
delete time:2.956390380859375e-05
delete time:3.170967102050781e-05
delete time:2.7418136596679688e-05
delete time:2.7894973754882812e-05
delete time:3.0040740966796875e-05
delete time:4.029273986816406e-05
delete time:3.3855438232421875e-05
delete time:2.956390380859375e-05
delete time:3.409385681152344e-05
delete time:3.886222839355469e-05
delete time:3.2901763916015625e-05
delete time:3.123283386230469e-05
delete time:3.266334533691406e-05
delete time:2.5272369384765625e-05
delete time:2.5987625122070312e-05
delete time:2.7179718017578125e-05
delete time:3.24249267578125e-05
delete time:2.0503997802734375e-05
delete time:4.1961669921875e-05
delete time:2.6464462280273438e-05
delete time:3.457069396972656e-05
delete time:3.0279159545898438e-05
delete time:3.075599670410156e-05
delete time:3.314018249511719e-05
delete time:3.814697265625e-05
delete time:4.3392181396484375e-05
delete time:4.00543212890625e-05
delete time:3.719329833984375e-05
delete time:3.0994415283203125e-05
delete time:3.147125244140625e-05
delete time:4.649162292480469e-05
delete time:3.790855407714844e-05
delete time:2.2172927856445312e-05
delete time:3.933906555175781e-05
delete time:3.0040740966796875e-05
delete time:2.6702880859375e-05
delete time:3.600120544433594e-05
delete time:3.62396240234375e-05
delete time:3.0040740966796875e-05
delete time:2.9802322387695312e-05
delete time:2.2172927856445312e-05
delete time:2.5033950805664062e-05
delete time:3.314018249511719e-05
delete time:3.838539123535156e-05
delete time:3.7670135498046875e-05
delete time:3.6716461181640625e-05
delete time:7.724761962890625e-05
delete time:7.200241088867188e-05
delete time:8.368492126464844e-05
delete time:4.2438507080078125e-05
delete time:2.4318695068359375e-05
delete time:3.147125244140625e-05
delete time:3.123283386230469e-05
delete time:3.24249267578125e-05
delete time:4.0531158447265625e-05
delete time:3.910064697265625e-05
delete time:3.5762786865234375e-05
delete time:3.361701965332031e-05
delete time:3.9577484130859375e-05
delete time:3.814697265625e-05
delete time:3.933906555175781e-05
delete time:2.09808349609375e-05
delete time:3.9577484130859375e-05
delete time:4.100799560546875e-05
delete time:2.6226043701171875e-05
delete time:4.482269287109375e-05
delete time:3.552436828613281e-05
delete time:4.029273986816406e-05
delete time:7.414817810058594e-05
delete time:3.0994415283203125e-05
delete time:3.409385681152344e-05
delete time:7.510185241699219e-05
delete time:3.9577484130859375e-05
delete time:3.075599670410156e-05
delete time:3.123283386230469e-05
delete time:3.838539123535156e-05
delete time:4.744529724121094e-05
delete time:3.6716461181640625e-05
delete time:2.7418136596679688e-05
delete time:3.5762786865234375e-05
delete time:3.719329833984375e-05
delete time:4.1484832763671875e-05
delete time:2.956390380859375e-05
delete time:4.267692565917969e-05
delete time:3.743171691894531e-05
delete time:4.2438507080078125e-05
delete time:2.7179718017578125e-05
delete time:2.002716064453125e-05
delete time:4.029273986816406e-05
delete time:3.528594970703125e-05
delete time:3.0517578125e-05
delete time:2.4318695068359375e-05
delete time:3.147125244140625e-05
delete time:3.147125244140625e-05
delete time:3.361701965332031e-05
delete time:2.5272369384765625e-05
delete time:4.7206878662109375e-05
delete time:3.886222839355469e-05
delete time:4.1484832763671875e-05
delete time:8.368492126464844e-05
delete time:3.2901763916015625e-05
delete time:8.392333984375e-05
delete time:8.726119995117188e-05
delete time:3.647804260253906e-05
delete time:2.7418136596679688e-05
delete time:3.409385681152344e-05
delete time:3.600120544433594e-05
delete time:2.8133392333984375e-05
delete time:3.218650817871094e-05
delete time:4.410743713378906e-05
delete time:4.124641418457031e-05
delete time:3.9577484130859375e-05
delete time:3.886222839355469e-05
delete time:3.1948089599609375e-05
delete time:3.457069396972656e-05
delete time:4.482269287109375e-05
delete time:3.695487976074219e-05
delete time:7.677078247070312e-05
delete time:7.939338684082031e-05
delete time:3.24249267578125e-05
delete time:4.124641418457031e-05
delete time:3.337860107421875e-05
delete time:2.9325485229492188e-05
delete time:2.9802322387695312e-05
delete time:3.0517578125e-05
delete time:3.170967102050781e-05
delete time:1.9550323486328125e-05
delete time:2.09808349609375e-05
delete time:7.700920104980469e-05
delete time:6.437301635742188e-05
delete time:4.3392181396484375e-05
delete time:3.123283386230469e-05
delete time:3.8623809814453125e-05
delete time:2.8848648071289062e-05
delete time:3.170967102050781e-05
delete time:2.765655517578125e-05
delete time:3.6716461181640625e-05
delete time:3.075599670410156e-05
delete time:4.1961669921875e-05
delete time:3.314018249511719e-05
delete time:8.463859558105469e-05
delete time:3.170967102050781e-05
delete time:3.910064697265625e-05
delete time:3.218650817871094e-05
delete time:2.6702880859375e-05
delete time:2.765655517578125e-05
delete time:3.123283386230469e-05
delete time:3.7670135498046875e-05
delete time:4.220008850097656e-05
delete time:3.0517578125e-05
delete time:3.24249267578125e-05
delete time:3.504753112792969e-05
delete time:3.647804260253906e-05
delete time:3.814697265625e-05
delete time:4.100799560546875e-05
delete time:2.765655517578125e-05
delete time:3.8623809814453125e-05
delete time:2.4318695068359375e-05
delete time:3.886222839355469e-05
delete time:3.647804260253906e-05
delete time:4.172325134277344e-05
delete time:2.9802322387695312e-05
delete time:3.123283386230469e-05
delete time:3.218650817871094e-05
delete time:2.8133392333984375e-05
delete time:3.314018249511719e-05
delete time:3.4809112548828125e-05
delete time:4.4345855712890625e-05
delete time:8.487701416015625e-05
delete time:3.337860107421875e-05
delete time:3.075599670410156e-05
delete time:2.2172927856445312e-05
delete time:2.6464462280273438e-05
delete time:3.504753112792969e-05
delete time:3.1948089599609375e-05
delete time:3.910064697265625e-05
delete time:3.147125244140625e-05
delete time:7.963180541992188e-05
delete time:2.7894973754882812e-05
delete time:3.3855438232421875e-05
delete time:3.361701965332031e-05
delete time:3.504753112792969e-05
delete time:3.2901763916015625e-05
delete time:3.266334533691406e-05
delete time:7.939338684082031e-05
delete time:3.814697265625e-05
delete time:4.2438507080078125e-05
delete time:3.695487976074219e-05
delete time:3.457069396972656e-05
delete time:2.2411346435546875e-05
delete time:2.6464462280273438e-05
delete time:3.218650817871094e-05
delete time:2.7418136596679688e-05
delete time:2.6226043701171875e-05
delete time:3.8623809814453125e-05
delete time:3.886222839355469e-05
delete time:7.653236389160156e-05
delete time:3.075599670410156e-05
delete time:4.553794860839844e-05
delete time:3.361701965332031e-05
delete time:3.886222839355469e-05
delete time:3.647804260253906e-05
delete time:6.747245788574219e-05
delete time:3.528594970703125e-05
delete time:3.3855438232421875e-05
delete time:8.749961853027344e-05
delete time:6.794929504394531e-05
delete time:2.956390380859375e-05
delete time:2.9325485229492188e-05
delete time:3.6716461181640625e-05
delete time:3.695487976074219e-05
delete time:3.147125244140625e-05
delete time:4.220008850097656e-05
delete time:6.318092346191406e-05
delete time:2.47955322265625e-05
delete time:3.147125244140625e-05
delete time:3.5762786865234375e-05
delete time:3.719329833984375e-05
delete time:2.5510787963867188e-05
delete time:8.082389831542969e-05
delete time:4.124641418457031e-05
delete time:2.6941299438476562e-05
delete time:8.249282836914062e-05
delete time:2.6226043701171875e-05
delete time:2.3603439331054688e-05
delete time:8.797645568847656e-05
delete time:3.719329833984375e-05
delete time:2.4557113647460938e-05
delete time:3.838539123535156e-05
delete time:3.123283386230469e-05
delete time:8.0108642578125e-05
delete time:3.0994415283203125e-05
delete time:2.9087066650390625e-05
delete time:3.0517578125e-05
delete time:2.9325485229492188e-05
delete time:4.38690185546875e-05
delete time:3.504753112792969e-05
delete time:3.5762786865234375e-05
delete time:2.6226043701171875e-05
delete time:2.765655517578125e-05
delete time:2.8848648071289062e-05
delete time:2.4080276489257812e-05
delete time:3.075599670410156e-05
delete time:3.1948089599609375e-05
delete time:2.8133392333984375e-05
delete time:3.147125244140625e-05
delete time:2.4318695068359375e-05
delete time:4.220008850097656e-05
delete time:3.910064697265625e-05
delete time:3.409385681152344e-05
delete time:2.9802322387695312e-05
delete time:3.8623809814453125e-05
delete time:3.886222839355469e-05
delete time:3.9577484130859375e-05
delete time:3.409385681152344e-05
delete time:3.743171691894531e-05
delete time:4.1484832763671875e-05
delete time:4.363059997558594e-05
delete time:3.0994415283203125e-05
delete time:2.7418136596679688e-05
delete time:3.790855407714844e-05
delete time:2.2649765014648438e-05
delete time:3.337860107421875e-05
delete time:3.743171691894531e-05
delete time:3.504753112792969e-05
delete time:2.9802322387695312e-05
delete time:2.9087066650390625e-05
delete time:2.9325485229492188e-05
delete time:2.574920654296875e-05
delete time:3.0517578125e-05
delete time:3.910064697265625e-05
delete time:2.8371810913085938e-05
delete time:4.2438507080078125e-05
delete time:3.62396240234375e-05
delete time:3.2901763916015625e-05
delete time:7.724761962890625e-05
delete time:3.981590270996094e-05
delete time:3.5762786865234375e-05
delete time:3.504753112792969e-05
delete time:2.9802322387695312e-05
delete time:3.7670135498046875e-05
delete time:3.504753112792969e-05
delete time:3.814697265625e-05
delete time:3.504753112792969e-05
delete time:3.5762786865234375e-05
delete time:3.170967102050781e-05
delete time:6.914138793945312e-05
delete time:3.62396240234375e-05
delete time:2.9325485229492188e-05
delete time:4.00543212890625e-05
delete time:3.743171691894531e-05
delete time:3.647804260253906e-05
delete time:2.7418136596679688e-05
delete time:2.9087066650390625e-05
delete time:4.38690185546875e-05
delete time:4.673004150390625e-05
delete time:2.2172927856445312e-05
delete time:3.719329833984375e-05
delete time:3.8623809814453125e-05
delete time:3.5762786865234375e-05
delete time:3.0517578125e-05
delete time:3.600120544433594e-05
delete time:3.7670135498046875e-05
delete time:3.9577484130859375e-05
delete time:4.029273986816406e-05
delete time:3.0994415283203125e-05
delete time:2.6226043701171875e-05
delete time:4.38690185546875e-05
delete time:4.410743713378906e-05
delete time:2.8133392333984375e-05
delete time:2.6464462280273438e-05
delete time:3.4809112548828125e-05
delete time:1.9788742065429688e-05
delete time:2.765655517578125e-05
delete time:2.9087066650390625e-05
delete time:2.7418136596679688e-05
delete time:2.5510787963867188e-05
delete time:3.528594970703125e-05
delete time:2.9087066650390625e-05
delete time:2.5987625122070312e-05
delete time:3.0040740966796875e-05
delete time:3.0517578125e-05
delete time:3.0994415283203125e-05
delete time:3.600120544433594e-05
delete time:4.4345855712890625e-05
delete time:2.384185791015625e-05
delete time:2.8848648071289062e-05
delete time:2.765655517578125e-05
delete time:2.8133392333984375e-05
delete time:2.7179718017578125e-05
delete time:2.5272369384765625e-05
delete time:3.218650817871094e-05
delete time:3.5762786865234375e-05
delete time:2.3603439331054688e-05
delete time:3.528594970703125e-05
delete time:3.719329833984375e-05
delete time:2.384185791015625e-05
delete time:3.981590270996094e-05
delete time:3.4809112548828125e-05
delete time:2.6226043701171875e-05
delete time:2.8371810913085938e-05
delete time:4.00543212890625e-05
delete time:3.361701965332031e-05
delete time:3.170967102050781e-05
delete time:7.510185241699219e-05
delete time:8.845329284667969e-05
delete time:3.218650817871094e-05
delete time:3.4332275390625e-05
delete time:2.86102294921875e-05
delete time:2.8371810913085938e-05
delete time:2.288818359375e-05
delete time:3.170967102050781e-05
delete time:2.2649765014648438e-05
delete time:3.814697265625e-05
delete time:3.3855438232421875e-05
delete time:2.5987625122070312e-05
delete time:3.719329833984375e-05
delete time:3.5762786865234375e-05
delete time:3.647804260253906e-05
delete time:2.4080276489257812e-05
delete time:2.0503997802734375e-05
delete time:2.5033950805664062e-05
delete time:2.4080276489257812e-05
delete time:3.123283386230469e-05
delete time:3.218650817871094e-05
delete time:3.647804260253906e-05
delete time:2.7894973754882812e-05
delete time:2.9325485229492188e-05
delete time:1.9788742065429688e-05
delete time:2.3365020751953125e-05
delete time:3.5762786865234375e-05
delete time:3.0517578125e-05
delete time:2.1457672119140625e-05
delete time:3.3855438232421875e-05
delete time:3.528594970703125e-05
delete time:3.8623809814453125e-05
delete time:3.0517578125e-05
delete time:4.1484832763671875e-05
delete time:3.218650817871094e-05
delete time:3.075599670410156e-05
delete time:3.910064697265625e-05
delete time:2.3126602172851562e-05
delete time:2.8133392333984375e-05
delete time:3.457069396972656e-05
delete time:3.337860107421875e-05
delete time:3.981590270996094e-05
delete time:2.0503997802734375e-05
delete time:4.029273986816406e-05
delete time:3.62396240234375e-05
delete time:3.4809112548828125e-05
delete time:2.288818359375e-05
delete time:2.9802322387695312e-05
delete time:3.910064697265625e-05
delete time:4.1961669921875e-05
delete time:2.8371810913085938e-05
delete time:3.600120544433594e-05
delete time:3.218650817871094e-05
delete time:2.3365020751953125e-05
delete time:3.552436828613281e-05
delete time:2.8133392333984375e-05
delete time:6.318092346191406e-05
delete time:3.886222839355469e-05
delete time:3.266334533691406e-05
delete time:2.3365020751953125e-05
delete time:3.719329833984375e-05
delete time:3.62396240234375e-05
delete time:7.2479248046875e-05
delete time:3.457069396972656e-05
delete time:3.6716461181640625e-05
delete time:2.4557113647460938e-05
delete time:3.147125244140625e-05
delete time:3.0279159545898438e-05
delete time:3.933906555175781e-05
delete time:3.3855438232421875e-05
delete time:2.0742416381835938e-05
delete time:2.765655517578125e-05
delete time:2.7418136596679688e-05
delete time:3.886222839355469e-05
delete time:7.915496826171875e-05
delete time:4.029273986816406e-05
delete time:3.3855438232421875e-05
delete time:3.838539123535156e-05
delete time:2.574920654296875e-05
delete time:2.765655517578125e-05
delete time:2.8371810913085938e-05
delete time:3.361701965332031e-05
delete time:3.2901763916015625e-05
delete time:3.647804260253906e-05
delete time:4.076957702636719e-05
delete time:4.649162292480469e-05
delete time:2.2411346435546875e-05
delete time:1.9311904907226562e-05
delete time:3.7670135498046875e-05
delete time:3.409385681152344e-05
delete time:3.647804260253906e-05
delete time:2.86102294921875e-05
delete time:3.814697265625e-05
delete time:7.772445678710938e-05
delete time:2.956390380859375e-05
delete time:3.361701965332031e-05
delete time:2.9325485229492188e-05
delete time:2.574920654296875e-05
delete time:2.6702880859375e-05
delete time:3.5762786865234375e-05
delete time:3.647804260253906e-05
delete time:3.147125244140625e-05
delete time:3.314018249511719e-05
delete time:3.3855438232421875e-05
delete time:3.8623809814453125e-05
delete time:2.6464462280273438e-05
delete time:3.24249267578125e-05
delete time:3.123283386230469e-05
delete time:9.131431579589844e-05
delete time:3.600120544433594e-05
delete time:3.838539123535156e-05
delete time:2.384185791015625e-05
delete time:2.9802322387695312e-05
delete time:2.956390380859375e-05
delete time:3.695487976074219e-05
delete time:3.1948089599609375e-05
delete time:3.528594970703125e-05
delete time:2.2172927856445312e-05
delete time:3.790855407714844e-05
delete time:3.314018249511719e-05
delete time:3.886222839355469e-05
delete time:3.0279159545898438e-05
delete time:3.5762786865234375e-05
delete time:4.220008850097656e-05
delete time:2.6464462280273438e-05
delete time:3.8623809814453125e-05
delete time:3.123283386230469e-05
delete time:3.886222839355469e-05
delete time:2.7418136596679688e-05
delete time:3.7670135498046875e-05
delete time:8.130073547363281e-05
delete time:2.4318695068359375e-05
delete time:3.0517578125e-05
delete time:3.7670135498046875e-05
delete time:2.9325485229492188e-05
delete time:7.653236389160156e-05
delete time:1.52587890625e-05
delete time:3.981590270996094e-05
delete time:3.910064697265625e-05
delete time:2.574920654296875e-05
delete time:3.147125244140625e-05
delete time:3.170967102050781e-05
delete time:3.24249267578125e-05
delete time:6.866455078125e-05
delete time:3.838539123535156e-05
delete time:4.410743713378906e-05
delete time:3.147125244140625e-05
delete time:1.8358230590820312e-05
delete time:2.1696090698242188e-05
delete time:3.552436828613281e-05
delete time:2.6941299438476562e-05
delete time:2.6226043701171875e-05
delete time:7.367134094238281e-05
delete time:3.2901763916015625e-05
delete time:4.076957702636719e-05
delete time:3.314018249511719e-05
delete time:3.910064697265625e-05
delete time:4.076957702636719e-05
delete time:1.7881393432617188e-05
delete time:2.9087066650390625e-05
delete time:2.8133392333984375e-05
delete time:3.409385681152344e-05
delete time:3.218650817871094e-05
delete time:3.743171691894531e-05
delete time:8.440017700195312e-05
delete time:3.504753112792969e-05
delete time:2.9802322387695312e-05
delete time:2.7179718017578125e-05
delete time:2.2411346435546875e-05
delete time:3.361701965332031e-05
delete time:3.457069396972656e-05
delete time:2.0265579223632812e-05
delete time:3.695487976074219e-05
delete time:2.4557113647460938e-05
delete time:3.4809112548828125e-05
delete time:3.0279159545898438e-05
delete time:2.5510787963867188e-05
delete time:3.4809112548828125e-05
delete time:3.337860107421875e-05
delete time:3.314018249511719e-05
delete time:2.4557113647460938e-05
delete time:3.552436828613281e-05
delete time:3.528594970703125e-05
delete time:2.5510787963867188e-05
delete time:3.1948089599609375e-05
delete time:2.3126602172851562e-05
delete time:2.1219253540039062e-05
delete time:3.528594970703125e-05
delete time:3.314018249511719e-05
delete time:3.814697265625e-05
delete time:2.86102294921875e-05
delete time:2.9802322387695312e-05
delete time:2.2172927856445312e-05
delete time:2.47955322265625e-05
delete time:2.765655517578125e-05
delete time:4.38690185546875e-05
delete time:2.2649765014648438e-05
delete time:3.457069396972656e-05
delete time:8.20159912109375e-05
delete time:2.3126602172851562e-05
delete time:7.843971252441406e-05
delete time:4.315376281738281e-05
delete time:3.647804260253906e-05
delete time:3.361701965332031e-05
delete time:4.38690185546875e-05
delete time:2.9325485229492188e-05
delete time:3.4809112548828125e-05
delete time:2.09808349609375e-05
delete time:1.8835067749023438e-05
delete time:7.581710815429688e-05
delete time:2.8133392333984375e-05
delete time:3.719329833984375e-05
delete time:1.9788742065429688e-05
delete time:2.6702880859375e-05
delete time:3.886222839355469e-05
delete time:3.361701965332031e-05
delete time:2.574920654296875e-05
delete time:3.147125244140625e-05
delete time:2.9325485229492188e-05
delete time:3.3855438232421875e-05
delete time:2.9325485229492188e-05
delete time:4.291534423828125e-05
delete time:8.559226989746094e-05
delete time:3.075599670410156e-05
delete time:2.2649765014648438e-05
delete time:3.814697265625e-05
delete time:3.266334533691406e-05
delete time:3.0994415283203125e-05
delete time:4.696846008300781e-05
delete time:3.0994415283203125e-05
delete time:2.9802322387695312e-05
delete time:2.9802322387695312e-05
delete time:3.814697265625e-05
delete time:3.62396240234375e-05
delete time:3.7670135498046875e-05
delete time:3.981590270996094e-05
delete time:4.696846008300781e-05
delete time:3.600120544433594e-05
delete time:4.458427429199219e-05
delete time:2.1696090698242188e-05
delete time:2.7418136596679688e-05
delete time:2.6226043701171875e-05
delete time:1.621246337890625e-05
delete time:2.2649765014648438e-05
delete time:3.266334533691406e-05
delete time:2.288818359375e-05
delete time:3.719329833984375e-05
delete time:4.029273986816406e-05
delete time:2.5033950805664062e-05
delete time:3.8623809814453125e-05
delete time:4.315376281738281e-05
delete time:4.00543212890625e-05
delete time:3.838539123535156e-05
delete time:3.075599670410156e-05
delete time:0.00011515617370605469
delete time:2.4318695068359375e-05
delete time:4.029273986816406e-05
delete time:3.743171691894531e-05
delete time:4.220008850097656e-05
delete time:2.3603439331054688e-05
delete time:3.981590270996094e-05
delete time:3.790855407714844e-05
delete time:4.00543212890625e-05
delete time:2.7179718017578125e-05
delete time:2.9802322387695312e-05
delete time:2.765655517578125e-05
delete time:3.123283386230469e-05
delete time:4.029273986816406e-05
delete time:2.4318695068359375e-05
delete time:2.0265579223632812e-05
delete time:3.814697265625e-05
delete time:2.2172927856445312e-05
delete time:3.409385681152344e-05
delete time:3.62396240234375e-05
delete time:2.4080276489257812e-05
delete time:2.193450927734375e-05
delete time:3.814697265625e-05
delete time:3.933906555175781e-05
delete time:3.0517578125e-05
delete time:3.743171691894531e-05
delete time:2.7894973754882812e-05
delete time:3.5762786865234375e-05
delete time:3.695487976074219e-05
delete time:3.218650817871094e-05
delete time:2.956390380859375e-05
delete time:3.814697265625e-05
delete time:3.314018249511719e-05
delete time:3.4332275390625e-05
delete time:3.9577484130859375e-05
delete time:3.170967102050781e-05
delete time:3.2901763916015625e-05
delete time:3.266334533691406e-05
delete time:3.170967102050781e-05
delete time:3.0517578125e-05
delete time:9.560585021972656e-05
delete time:2.7179718017578125e-05
delete time:3.6716461181640625e-05
delete time:3.4332275390625e-05
delete time:8.344650268554688e-05
delete time:3.337860107421875e-05
delete time:4.458427429199219e-05
delete time:2.5510787963867188e-05
delete time:3.62396240234375e-05
delete time:2.5033950805664062e-05
delete time:2.6941299438476562e-05
delete time:3.4809112548828125e-05
delete time:2.8133392333984375e-05
delete time:3.0279159545898438e-05
delete time:8.058547973632812e-05
delete time:4.076957702636719e-05
delete time:3.2901763916015625e-05
delete time:3.0040740966796875e-05
delete time:4.076957702636719e-05
delete time:3.457069396972656e-05
delete time:2.5510787963867188e-05
delete time:2.8848648071289062e-05
delete time:2.8371810913085938e-05
delete time:3.504753112792969e-05
delete time:2.6702880859375e-05
delete time:2.574920654296875e-05
delete time:2.7179718017578125e-05
delete time:3.2901763916015625e-05
delete time:3.838539123535156e-05
delete time:3.790855407714844e-05
delete time:7.343292236328125e-05
delete time:2.0503997802734375e-05
delete time:2.4318695068359375e-05
delete time:2.1696090698242188e-05
delete time:3.62396240234375e-05
delete time:2.3126602172851562e-05
delete time:3.933906555175781e-05
delete time:7.915496826171875e-05
delete time:1.7642974853515625e-05
delete time:6.985664367675781e-05
delete time:2.6464462280273438e-05
delete time:1.7642974853515625e-05
delete time:1.8835067749023438e-05
delete time:3.24249267578125e-05
delete time:3.528594970703125e-05
delete time:3.266334533691406e-05
delete time:3.4809112548828125e-05
delete time:2.7894973754882812e-05
delete time:3.600120544433594e-05
delete time:4.00543212890625e-05
delete time:2.1219253540039062e-05
delete time:3.0040740966796875e-05
delete time:3.147125244140625e-05
delete time:7.200241088867188e-05
delete time:3.528594970703125e-05
delete time:2.9325485229492188e-05
delete time:4.124641418457031e-05
delete time:3.361701965332031e-05
delete time:3.910064697265625e-05
delete time:3.5762786865234375e-05
delete time:3.647804260253906e-05
delete time:3.266334533691406e-05
delete time:3.361701965332031e-05
delete time:3.719329833984375e-05
delete time:3.814697265625e-05
delete time:2.765655517578125e-05
delete time:3.24249267578125e-05
delete time:3.0040740966796875e-05
delete time:3.1948089599609375e-05
delete time:3.0279159545898438e-05
delete time:3.24249267578125e-05
delete time:3.8623809814453125e-05
delete time:3.147125244140625e-05
delete time:3.4809112548828125e-05
delete time:6.914138793945312e-05
delete time:8.106231689453125e-05
delete time:3.4332275390625e-05
delete time:7.891654968261719e-05
delete time:2.8371810913085938e-05
delete time:2.0742416381835938e-05
delete time:2.7418136596679688e-05
delete time:2.2172927856445312e-05
delete time:3.8623809814453125e-05
delete time:3.7670135498046875e-05
delete time:6.842613220214844e-05
delete time:3.457069396972656e-05
delete time:3.361701965332031e-05
delete time:3.123283386230469e-05
delete time:3.24249267578125e-05
delete time:2.3603439331054688e-05
delete time:3.0994415283203125e-05
delete time:3.457069396972656e-05
delete time:3.790855407714844e-05
delete time:4.029273986816406e-05
delete time:3.075599670410156e-05
delete time:3.0994415283203125e-05
delete time:3.600120544433594e-05
delete time:2.384185791015625e-05
delete time:7.271766662597656e-05
delete time:8.20159912109375e-05
delete time:1.6927719116210938e-05
delete time:2.6226043701171875e-05
delete time:3.9577484130859375e-05
delete time:1.8358230590820312e-05
delete time:2.3126602172851562e-05
delete time:1.5497207641601562e-05
delete time:2.7894973754882812e-05
delete time:2.956390380859375e-05
delete time:4.220008850097656e-05
delete time:2.7894973754882812e-05
delete time:4.220008850097656e-05
delete time:2.5987625122070312e-05
delete time:7.343292236328125e-05
delete time:2.9802322387695312e-05
delete time:2.8848648071289062e-05
delete time:2.4557113647460938e-05
delete time:3.552436828613281e-05
delete time:3.600120544433594e-05
delete time:2.384185791015625e-05
delete time:3.1948089599609375e-05
delete time:3.147125244140625e-05
delete time:3.552436828613281e-05
delete time:3.218650817871094e-05
delete time:2.288818359375e-05
delete time:2.0265579223632812e-05
delete time:2.7418136596679688e-05
delete time:3.170967102050781e-05
delete time:2.9087066650390625e-05
delete time:8.392333984375e-05
delete time:3.123283386230469e-05
delete time:2.0742416381835938e-05
delete time:3.7670135498046875e-05
delete time:3.0040740966796875e-05
delete time:3.2901763916015625e-05
delete time:2.2411346435546875e-05
delete time:2.6226043701171875e-05
delete time:2.5272369384765625e-05
delete time:1.3828277587890625e-05
delete time:4.220008850097656e-05
delete time:2.7894973754882812e-05
delete time:3.528594970703125e-05
delete time:3.457069396972656e-05
delete time:2.6464462280273438e-05
delete time:3.1948089599609375e-05
delete time:1.7642974853515625e-05
delete time:8.082389831542969e-05
delete time:2.5987625122070312e-05
delete time:1.4543533325195312e-05
delete time:2.002716064453125e-05
delete time:7.390975952148438e-05
delete time:2.9325485229492188e-05
delete time:2.47955322265625e-05
delete time:2.7894973754882812e-05
delete time:3.838539123535156e-05
delete time:2.5510787963867188e-05
delete time:2.86102294921875e-05
delete time:3.218650817871094e-05
delete time:3.5762786865234375e-05
delete time:4.00543212890625e-05
delete time:2.956390380859375e-05
delete time:3.814697265625e-05
delete time:1.9073486328125e-05
delete time:2.1457672119140625e-05
delete time:3.24249267578125e-05
delete time:6.866455078125e-05
delete time:1.9073486328125e-05
delete time:2.7179718017578125e-05
delete time:1.8835067749023438e-05
delete time:2.8133392333984375e-05
delete time:1.6450881958007812e-05
delete time:2.7418136596679688e-05
delete time:6.818771362304688e-05
delete time:3.528594970703125e-05
delete time:2.193450927734375e-05
delete time:3.0279159545898438e-05
delete time:3.0994415283203125e-05
delete time:3.719329833984375e-05
delete time:3.147125244140625e-05
delete time:3.409385681152344e-05
delete time:3.5762786865234375e-05
delete time:2.6702880859375e-05
delete time:3.3855438232421875e-05
delete time:2.765655517578125e-05
delete time:3.910064697265625e-05
delete time:3.528594970703125e-05
delete time:3.075599670410156e-05
delete time:2.193450927734375e-05
delete time:3.6716461181640625e-05
delete time:2.574920654296875e-05
delete time:4.649162292480469e-05
delete time:2.9802322387695312e-05
delete time:7.462501525878906e-05
delete time:4.0531158447265625e-05
delete time:3.170967102050781e-05
delete time:1.9073486328125e-05
delete time:3.170967102050781e-05
delete time:2.86102294921875e-05
delete time:3.814697265625e-05
delete time:3.552436828613281e-05
delete time:3.123283386230469e-05
delete time:2.5510787963867188e-05
delete time:3.886222839355469e-05
delete time:3.528594970703125e-05
delete time:3.719329833984375e-05
delete time:7.224082946777344e-05
delete time:3.552436828613281e-05
delete time:3.0279159545898438e-05
delete time:2.2172927856445312e-05
delete time:3.1948089599609375e-05
delete time:1.9550323486328125e-05
delete time:3.504753112792969e-05
delete time:2.7418136596679688e-05
delete time:2.5987625122070312e-05
delete time:3.790855407714844e-05
delete time:3.552436828613281e-05
delete time:3.266334533691406e-05
delete time:2.8371810913085938e-05
delete time:2.8848648071289062e-05
delete time:2.5987625122070312e-05
delete time:3.910064697265625e-05
delete time:4.00543212890625e-05
delete time:6.723403930664062e-05
delete time:3.528594970703125e-05
delete time:3.719329833984375e-05
delete time:2.0503997802734375e-05
delete time:3.0040740966796875e-05
delete time:8.177757263183594e-05
delete time:3.3855438232421875e-05
delete time:2.193450927734375e-05
delete time:2.5272369384765625e-05
delete time:3.4332275390625e-05
delete time:3.910064697265625e-05
delete time:3.314018249511719e-05
delete time:2.765655517578125e-05
delete time:3.743171691894531e-05
delete time:2.8133392333984375e-05
delete time:3.910064697265625e-05
delete time:3.266334533691406e-05
delete time:4.029273986816406e-05
delete time:3.8623809814453125e-05
delete time:3.6716461181640625e-05
delete time:3.123283386230469e-05
delete time:3.0279159545898438e-05
delete time:2.47955322265625e-05
delete time:2.9087066650390625e-05
delete time:2.86102294921875e-05
delete time:4.100799560546875e-05
delete time:3.147125244140625e-05
delete time:2.3365020751953125e-05
delete time:2.5272369384765625e-05
delete time:6.866455078125e-05
delete time:3.0279159545898438e-05
delete time:3.147125244140625e-05
delete time:3.8623809814453125e-05
delete time:2.2172927856445312e-05
delete time:3.218650817871094e-05
delete time:2.09808349609375e-05
delete time:8.225440979003906e-05
delete time:3.457069396972656e-05
delete time:2.9325485229492188e-05
delete time:3.600120544433594e-05
delete time:3.170967102050781e-05
delete time:2.5510787963867188e-05
delete time:2.7179718017578125e-05
delete time:3.4809112548828125e-05
delete time:3.4809112548828125e-05
delete time:2.8133392333984375e-05
delete time:2.8133392333984375e-05
delete time:1.8835067749023438e-05
delete time:3.647804260253906e-05
delete time:6.508827209472656e-05
delete time:2.9087066650390625e-05
delete time:3.0279159545898438e-05
delete time:2.0265579223632812e-05
delete time:6.580352783203125e-05
delete time:2.9325485229492188e-05
delete time:3.504753112792969e-05
delete time:3.266334533691406e-05
delete time:6.985664367675781e-05
delete time:3.147125244140625e-05
delete time:2.9325485229492188e-05
delete time:3.695487976074219e-05
delete time:8.487701416015625e-05
delete time:2.6226043701171875e-05
delete time:2.6702880859375e-05
delete time:2.5272369384765625e-05
delete time:7.033348083496094e-05
delete time:3.170967102050781e-05
delete time:2.002716064453125e-05
delete time:3.361701965332031e-05
delete time:3.218650817871094e-05
delete time:3.6716461181640625e-05
delete time:2.574920654296875e-05
delete time:2.5272369384765625e-05
delete time:7.43865966796875e-05
delete time:1.6927719116210938e-05
delete time:3.123283386230469e-05
delete time:3.4809112548828125e-05
delete time:7.510185241699219e-05
delete time:1.8358230590820312e-05
delete time:3.814697265625e-05
delete time:2.6702880859375e-05
delete time:2.6226043701171875e-05
delete time:3.409385681152344e-05
delete time:2.956390380859375e-05
delete time:2.384185791015625e-05
delete time:2.956390380859375e-05
delete time:3.457069396972656e-05
delete time:2.193450927734375e-05
delete time:3.0994415283203125e-05
delete time:3.910064697265625e-05
delete time:2.9802322387695312e-05
delete time:2.9802322387695312e-05
delete time:3.0040740966796875e-05
delete time:3.0279159545898438e-05
delete time:2.8133392333984375e-05
delete time:2.7894973754882812e-05
delete time:5.1975250244140625e-05
delete time:3.218650817871094e-05
delete time:3.314018249511719e-05
delete time:3.075599670410156e-05
delete time:2.8371810913085938e-05
delete time:6.890296936035156e-05
delete time:3.314018249511719e-05
delete time:2.86102294921875e-05
delete time:3.314018249511719e-05
delete time:2.9087066650390625e-05
delete time:2.6226043701171875e-05
delete time:3.6716461181640625e-05
delete time:3.24249267578125e-05
delete time:2.5272369384765625e-05
delete time:3.528594970703125e-05
delete time:3.457069396972656e-05
delete time:2.5510787963867188e-05
delete time:2.9087066650390625e-05
delete time:2.574920654296875e-05
delete time:3.218650817871094e-05
delete time:3.719329833984375e-05
delete time:3.075599670410156e-05
delete time:3.123283386230469e-05
delete time:2.7894973754882812e-05
delete time:1.621246337890625e-05
delete time:4.57763671875e-05
delete time:7.772445678710938e-05
delete time:2.8133392333984375e-05
delete time:3.600120544433594e-05
delete time:2.86102294921875e-05
delete time:3.9577484130859375e-05
delete time:7.581710815429688e-05
delete time:3.0279159545898438e-05
delete time:1.5735626220703125e-05
delete time:2.6941299438476562e-05
delete time:2.6226043701171875e-05
delete time:1.9311904907226562e-05
delete time:2.956390380859375e-05
delete time:2.8133392333984375e-05
delete time:2.09808349609375e-05
delete time:3.4809112548828125e-05
delete time:2.47955322265625e-05
delete time:3.910064697265625e-05
delete time:1.8358230590820312e-05
delete time:2.2649765014648438e-05
delete time:3.0040740966796875e-05
delete time:2.765655517578125e-05
delete time:3.147125244140625e-05
delete time:2.956390380859375e-05
delete time:7.367134094238281e-05
delete time:3.1948089599609375e-05
delete time:3.147125244140625e-05
delete time:3.170967102050781e-05
delete time:1.430511474609375e-05
delete time:3.838539123535156e-05
delete time:3.504753112792969e-05
delete time:1.5020370483398438e-05
delete time:3.314018249511719e-05
delete time:3.409385681152344e-05
delete time:7.963180541992188e-05
delete time:3.337860107421875e-05
delete time:4.1961669921875e-05
delete time:2.6702880859375e-05
delete time:2.765655517578125e-05
delete time:2.0742416381835938e-05
delete time:3.719329833984375e-05
delete time:7.200241088867188e-05
delete time:7.367134094238281e-05
delete time:2.7179718017578125e-05
delete time:3.409385681152344e-05
delete time:3.4332275390625e-05
delete time:3.147125244140625e-05
delete time:3.123283386230469e-05
delete time:3.0994415283203125e-05
delete time:2.956390380859375e-05
delete time:3.552436828613281e-05
delete time:2.6464462280273438e-05
delete time:3.457069396972656e-05
delete time:3.0994415283203125e-05
delete time:2.3365020751953125e-05
delete time:2.6226043701171875e-05
delete time:1.2874603271484375e-05
delete time:3.8623809814453125e-05
delete time:1.6689300537109375e-05
delete time:3.218650817871094e-05
delete time:3.0040740966796875e-05
delete time:3.457069396972656e-05
delete time:3.647804260253906e-05
delete time:2.9325485229492188e-05
delete time:3.147125244140625e-05
delete time:3.170967102050781e-05
delete time:2.7179718017578125e-05
delete time:2.6226043701171875e-05
delete time:3.719329833984375e-05
delete time:2.5987625122070312e-05
delete time:6.961822509765625e-05
delete time:3.600120544433594e-05
delete time:2.6702880859375e-05
delete time:3.552436828613281e-05
delete time:7.510185241699219e-05
delete time:3.4809112548828125e-05
delete time:1.6450881958007812e-05
delete time:3.528594970703125e-05
delete time:1.4543533325195312e-05
delete time:2.5033950805664062e-05
delete time:4.0531158447265625e-05
delete time:7.772445678710938e-05
delete time:2.1219253540039062e-05
delete time:8.320808410644531e-05
delete time:3.361701965332031e-05
delete time:2.5510787963867188e-05
delete time:2.6702880859375e-05
delete time:3.743171691894531e-05
delete time:2.86102294921875e-05
delete time:1.33514404296875e-05
delete time:6.771087646484375e-05
delete time:3.0994415283203125e-05
delete time:2.4080276489257812e-05
delete time:3.743171691894531e-05
delete time:2.288818359375e-05
delete time:3.814697265625e-05
delete time:3.0040740966796875e-05
delete time:3.695487976074219e-05
delete time:3.3855438232421875e-05
delete time:3.552436828613281e-05
delete time:3.266334533691406e-05
delete time:3.457069396972656e-05
delete time:2.5510787963867188e-05
delete time:3.528594970703125e-05
delete time:3.123283386230469e-05
delete time:2.956390380859375e-05
delete time:4.029273986816406e-05
delete time:2.6464462280273438e-05
delete time:3.0040740966796875e-05
delete time:3.24249267578125e-05
delete time:3.6716461181640625e-05
delete time:2.574920654296875e-05
delete time:2.86102294921875e-05
delete time:3.361701965332031e-05
delete time:3.528594970703125e-05
delete time:3.170967102050781e-05
delete time:2.384185791015625e-05
delete time:2.3365020751953125e-05
delete time:3.552436828613281e-05
delete time:3.7670135498046875e-05
delete time:3.1948089599609375e-05
delete time:7.534027099609375e-05
delete time:3.719329833984375e-05
delete time:2.5033950805664062e-05
delete time:2.8371810913085938e-05
delete time:7.677078247070312e-05
delete time:2.7179718017578125e-05
delete time:1.6927719116210938e-05
delete time:7.343292236328125e-05
delete time:2.384185791015625e-05
delete time:3.170967102050781e-05
delete time:2.7894973754882812e-05
delete time:3.814697265625e-05
delete time:3.0517578125e-05
delete time:3.0994415283203125e-05
delete time:1.5735626220703125e-05
delete time:3.218650817871094e-05
delete time:7.748603820800781e-05
delete time:2.7894973754882812e-05
delete time:3.314018249511719e-05
delete time:5.698204040527344e-05
delete time:2.5987625122070312e-05
delete time:3.790855407714844e-05
delete time:2.6226043701171875e-05
delete time:3.1948089599609375e-05
delete time:2.9802322387695312e-05
delete time:3.3855438232421875e-05
delete time:3.6716461181640625e-05
delete time:3.314018249511719e-05
delete time:4.887580871582031e-05
delete time:3.314018249511719e-05
delete time:3.2901763916015625e-05
delete time:3.62396240234375e-05
delete time:1.6450881958007812e-05
delete time:2.3126602172851562e-05
delete time:3.457069396972656e-05
delete time:3.9577484130859375e-05
delete time:3.3855438232421875e-05
delete time:2.7418136596679688e-05
delete time:2.6464462280273438e-05
delete time:3.218650817871094e-05
delete time:3.5762786865234375e-05
delete time:2.6941299438476562e-05
delete time:1.811981201171875e-05
delete time:1.8596649169921875e-05
delete time:3.1948089599609375e-05
delete time:2.3603439331054688e-05
delete time:2.8371810913085938e-05
delete time:2.9087066650390625e-05
delete time:3.218650817871094e-05
delete time:2.5510787963867188e-05
delete time:2.6464462280273438e-05
delete time:3.504753112792969e-05
delete time:3.0040740966796875e-05
delete time:3.7670135498046875e-05
delete time:2.6226043701171875e-05
delete time:3.2901763916015625e-05
delete time:2.8848648071289062e-05
delete time:2.5272369384765625e-05
delete time:2.8371810913085938e-05
delete time:2.574920654296875e-05
delete time:3.695487976074219e-05
delete time:2.7418136596679688e-05
delete time:2.956390380859375e-05
delete time:3.0517578125e-05
delete time:0.00010085105895996094
delete time:3.337860107421875e-05
delete time:9.322166442871094e-05
delete time:1.8358230590820312e-05
delete time:3.4809112548828125e-05
delete time:2.5272369384765625e-05
delete time:2.6464462280273438e-05
delete time:2.9325485229492188e-05
delete time:2.2649765014648438e-05
delete time:8.988380432128906e-05
delete time:3.4332275390625e-05
delete time:3.075599670410156e-05
delete time:3.075599670410156e-05
delete time:3.743171691894531e-05
delete time:2.1457672119140625e-05
delete time:2.5033950805664062e-05
delete time:7.867813110351562e-05
delete time:1.8835067749023438e-05
delete time:6.723403930664062e-05
delete time:3.147125244140625e-05
delete time:3.123283386230469e-05
delete time:3.4332275390625e-05
delete time:3.409385681152344e-05
delete time:2.956390380859375e-05
delete time:3.075599670410156e-05
delete time:3.314018249511719e-05
delete time:3.0279159545898438e-05
delete time:2.956390380859375e-05
delete time:7.295608520507812e-05
delete time:3.6716461181640625e-05
delete time:2.0503997802734375e-05
delete time:2.7418136596679688e-05
delete time:3.4332275390625e-05
delete time:2.384185791015625e-05
delete time:3.0279159545898438e-05
delete time:2.1696090698242188e-05
delete time:2.7894973754882812e-05
delete time:7.081031799316406e-05
delete time:4.124641418457031e-05
delete time:3.1948089599609375e-05
delete time:2.9087066650390625e-05
delete time:3.266334533691406e-05
delete time:7.796287536621094e-05
delete time:1.8358230590820312e-05
delete time:3.910064697265625e-05
delete time:3.695487976074219e-05
delete time:2.5987625122070312e-05
delete time:2.7894973754882812e-05
delete time:3.147125244140625e-05
delete time:2.5033950805664062e-05
delete time:7.43865966796875e-05
delete time:3.24249267578125e-05
delete time:3.886222839355469e-05
delete time:3.24249267578125e-05
delete time:7.963180541992188e-05
delete time:3.24249267578125e-05
delete time:3.361701965332031e-05
delete time:2.47955322265625e-05
delete time:2.5272369384765625e-05
delete time:6.866455078125e-05
delete time:3.337860107421875e-05
delete time:3.314018249511719e-05
delete time:6.890296936035156e-05
delete time:2.9325485229492188e-05
delete time:3.457069396972656e-05
delete time:2.0503997802734375e-05
delete time:2.7179718017578125e-05
delete time:3.457069396972656e-05
delete time:2.8848648071289062e-05
delete time:8.0108642578125e-05
delete time:3.0994415283203125e-05
delete time:2.956390380859375e-05
delete time:3.6716461181640625e-05
delete time:3.0517578125e-05
delete time:2.6702880859375e-05
delete time:4.553794860839844e-05
delete time:3.457069396972656e-05
delete time:2.86102294921875e-05
delete time:3.0040740966796875e-05
delete time:3.0994415283203125e-05
delete time:4.649162292480469e-05
delete time:3.123283386230469e-05
delete time:2.9802322387695312e-05
delete time:3.218650817871094e-05
delete time:3.0994415283203125e-05
delete time:3.218650817871094e-05
delete time:3.4332275390625e-05
delete time:2.956390380859375e-05
delete time:2.8371810913085938e-05
delete time:2.8848648071289062e-05
delete time:1.7881393432617188e-05
delete time:2.6226043701171875e-05
delete time:7.939338684082031e-05
delete time:3.838539123535156e-05
delete time:3.6716461181640625e-05
delete time:3.314018249511719e-05
delete time:2.5033950805664062e-05
delete time:2.8371810913085938e-05
delete time:6.437301635742188e-05
delete time:3.552436828613281e-05
delete time:2.4557113647460938e-05
delete time:3.790855407714844e-05
delete time:3.123283386230469e-05
delete time:2.8848648071289062e-05
delete time:6.842613220214844e-05
delete time:2.8133392333984375e-05
delete time:3.266334533691406e-05
delete time:3.719329833984375e-05
delete time:7.033348083496094e-05
delete time:3.3855438232421875e-05
delete time:3.361701965332031e-05
delete time:3.814697265625e-05
delete time:3.2901763916015625e-05
delete time:3.0279159545898438e-05
delete time:2.9802322387695312e-05
delete time:2.6464462280273438e-05
delete time:2.8848648071289062e-05
delete time:3.6716461181640625e-05
delete time:3.266334533691406e-05
delete time:4.649162292480469e-05
delete time:3.0040740966796875e-05
delete time:2.765655517578125e-05
delete time:2.09808349609375e-05
delete time:3.1948089599609375e-05
delete time:3.314018249511719e-05
delete time:2.4080276489257812e-05
delete time:3.504753112792969e-05
delete time:2.7418136596679688e-05
delete time:2.288818359375e-05
delete time:3.266334533691406e-05
delete time:3.528594970703125e-05
delete time:3.409385681152344e-05
delete time:3.147125244140625e-05
delete time:3.24249267578125e-05
delete time:3.886222839355469e-05
delete time:3.075599670410156e-05
delete time:3.695487976074219e-05
delete time:2.5033950805664062e-05
delete time:3.0040740966796875e-05
delete time:2.6941299438476562e-05
delete time:2.5033950805664062e-05
delete time:2.9087066650390625e-05
delete time:2.7179718017578125e-05
delete time:3.457069396972656e-05
delete time:6.794929504394531e-05
delete time:3.695487976074219e-05
delete time:2.5987625122070312e-05
delete time:3.361701965332031e-05
delete time:3.0279159545898438e-05
delete time:4.315376281738281e-05
delete time:2.6702880859375e-05
delete time:2.86102294921875e-05
delete time:3.552436828613281e-05
delete time:2.86102294921875e-05
delete time:3.814697265625e-05
delete time:1.5020370483398438e-05
delete time:3.552436828613281e-05
delete time:3.361701965332031e-05
delete time:3.266334533691406e-05
delete time:3.6716461181640625e-05
delete time:3.0994415283203125e-05
delete time:4.1961669921875e-05
delete time:3.314018249511719e-05
delete time:3.528594970703125e-05
delete time:3.552436828613281e-05
delete time:1.3828277587890625e-05
delete time:2.9325485229492188e-05
delete time:3.075599670410156e-05
delete time:3.552436828613281e-05
delete time:3.2901763916015625e-05
delete time:2.956390380859375e-05
delete time:7.987022399902344e-05
delete time:3.123283386230469e-05
delete time:1.6927719116210938e-05
delete time:6.389617919921875e-05
delete time:2.4557113647460938e-05
delete time:3.743171691894531e-05
delete time:3.695487976074219e-05
delete time:3.6716461181640625e-05
delete time:3.3855438232421875e-05
delete time:2.6941299438476562e-05
delete time:3.075599670410156e-05
delete time:3.0040740966796875e-05
delete time:2.4557113647460938e-05
delete time:2.6702880859375e-05
delete time:3.4332275390625e-05
delete time:2.193450927734375e-05
delete time:2.956390380859375e-05
delete time:3.457069396972656e-05
delete time:2.7418136596679688e-05
delete time:2.9325485229492188e-05
delete time:1.6450881958007812e-05
delete time:3.695487976074219e-05
delete time:7.200241088867188e-05
delete time:3.123283386230469e-05
delete time:4.601478576660156e-05
delete time:2.2172927856445312e-05
delete time:3.24249267578125e-05
delete time:3.170967102050781e-05
delete time:2.956390380859375e-05
delete time:2.9325485229492188e-05
delete time:2.9802322387695312e-05
delete time:3.4809112548828125e-05
delete time:3.4809112548828125e-05
delete time:2.4318695068359375e-05
delete time:3.5762786865234375e-05
delete time:7.367134094238281e-05
delete time:2.6702880859375e-05
delete time:2.956390380859375e-05
delete time:3.0040740966796875e-05
delete time:2.5987625122070312e-05
delete time:3.9577484130859375e-05
delete time:4.267692565917969e-05
delete time:2.5272369384765625e-05
delete time:4.458427429199219e-05
delete time:2.574920654296875e-05
delete time:2.6226043701171875e-05
delete time:6.413459777832031e-05
delete time:8.20159912109375e-05
delete time:1.52587890625e-05
delete time:3.3855438232421875e-05
delete time:3.314018249511719e-05
delete time:2.765655517578125e-05
delete time:3.4332275390625e-05
delete time:2.4318695068359375e-05
delete time:2.956390380859375e-05
delete time:3.504753112792969e-05
delete time:3.218650817871094e-05
delete time:2.9325485229492188e-05
delete time:2.6226043701171875e-05
delete time:3.266334533691406e-05
delete time:2.7418136596679688e-05
delete time:2.7418136596679688e-05
delete time:3.647804260253906e-05
delete time:3.075599670410156e-05
delete time:7.033348083496094e-05
delete time:3.1948089599609375e-05
delete time:1.430511474609375e-05
delete time:2.6702880859375e-05
delete time:7.510185241699219e-05
delete time:3.0279159545898438e-05
delete time:3.600120544433594e-05
delete time:4.029273986816406e-05
delete time:3.0994415283203125e-05
delete time:3.2901763916015625e-05
delete time:7.176399230957031e-05
delete time:2.8371810913085938e-05
delete time:7.581710815429688e-05
delete time:3.337860107421875e-05
delete time:3.0040740966796875e-05
delete time:2.9087066650390625e-05
delete time:2.5510787963867188e-05
delete time:2.7894973754882812e-05
delete time:6.222724914550781e-05
delete time:2.956390380859375e-05
delete time:2.2411346435546875e-05
delete time:3.0517578125e-05
delete time:3.528594970703125e-05
delete time:7.295608520507812e-05
delete time:3.457069396972656e-05
delete time:2.9087066650390625e-05
delete time:3.0517578125e-05
delete time:4.1961669921875e-05
delete time:3.337860107421875e-05
delete time:3.457069396972656e-05
delete time:3.147125244140625e-05
delete time:2.3365020751953125e-05
delete time:3.1948089599609375e-05
delete time:4.2438507080078125e-05
delete time:3.0994415283203125e-05
delete time:2.47955322265625e-05
delete time:1.4066696166992188e-05
delete time:3.528594970703125e-05
delete time:3.814697265625e-05
delete time:4.38690185546875e-05
delete time:3.886222839355469e-05
delete time:3.0517578125e-05
delete time:2.765655517578125e-05
delete time:2.4557113647460938e-05
delete time:2.5510787963867188e-05
delete time:3.0517578125e-05
delete time:3.5762786865234375e-05
delete time:3.4332275390625e-05
delete time:2.9087066650390625e-05
delete time:2.4080276489257812e-05
delete time:2.47955322265625e-05
delete time:2.8133392333984375e-05
delete time:3.314018249511719e-05
delete time:3.5762786865234375e-05
delete time:2.956390380859375e-05
delete time:3.886222839355469e-05
delete time:3.4332275390625e-05
delete time:2.8848648071289062e-05
delete time:4.410743713378906e-05
delete time:2.574920654296875e-05
delete time:4.029273986816406e-05
delete time:3.0517578125e-05
delete time:2.9802322387695312e-05
delete time:2.86102294921875e-05
delete time:3.123283386230469e-05
delete time:3.0279159545898438e-05
delete time:2.9325485229492188e-05
delete time:3.7670135498046875e-05
delete time:6.866455078125e-05
delete time:2.6702880859375e-05
delete time:2.6702880859375e-05
delete time:2.7894973754882812e-05
delete time:2.86102294921875e-05
delete time:3.62396240234375e-05
delete time:2.4080276489257812e-05
delete time:6.604194641113281e-05
delete time:3.266334533691406e-05
delete time:3.3855438232421875e-05
delete time:3.814697265625e-05
delete time:2.9325485229492188e-05
delete time:2.1219253540039062e-05
delete time:2.7894973754882812e-05
delete time:3.933906555175781e-05
delete time:7.963180541992188e-05
delete time:3.0994415283203125e-05
delete time:3.0279159545898438e-05
delete time:3.075599670410156e-05
delete time:3.3855438232421875e-05
delete time:3.0040740966796875e-05
delete time:2.7418136596679688e-05
delete time:3.361701965332031e-05
delete time:2.9087066650390625e-05
delete time:3.838539123535156e-05
delete time:3.4809112548828125e-05
delete time:3.910064697265625e-05
delete time:3.0040740966796875e-05
delete time:6.103515625e-05
delete time:3.170967102050781e-05
delete time:2.956390380859375e-05
delete time:3.361701965332031e-05
delete time:3.170967102050781e-05
delete time:2.6226043701171875e-05
delete time:2.4557113647460938e-05
delete time:3.886222839355469e-05
delete time:2.5987625122070312e-05
delete time:7.557868957519531e-05
delete time:6.604194641113281e-05
delete time:2.8848648071289062e-05
delete time:2.5033950805664062e-05
delete time:3.4332275390625e-05
delete time:2.2649765014648438e-05
delete time:2.2411346435546875e-05
delete time:2.956390380859375e-05
delete time:3.6716461181640625e-05
delete time:4.935264587402344e-05
delete time:3.218650817871094e-05
delete time:3.0517578125e-05
delete time:2.956390380859375e-05
delete time:2.7418136596679688e-05
delete time:3.409385681152344e-05
delete time:7.081031799316406e-05
delete time:3.123283386230469e-05
delete time:3.910064697265625e-05
delete time:3.0040740966796875e-05
delete time:4.076957702636719e-05
delete time:3.790855407714844e-05
delete time:3.3855438232421875e-05
delete time:3.6716461181640625e-05
delete time:1.8358230590820312e-05
delete time:4.6253204345703125e-05
delete time:2.86102294921875e-05
delete time:2.9802322387695312e-05
delete time:3.24249267578125e-05
delete time:2.5033950805664062e-05
delete time:3.4332275390625e-05
delete time:2.6226043701171875e-05
delete time:3.266334533691406e-05
delete time:2.3365020751953125e-05
delete time:2.7179718017578125e-05
delete time:2.6941299438476562e-05
delete time:3.24249267578125e-05
delete time:3.24249267578125e-05
delete time:1.239776611328125e-05
delete time:2.3126602172851562e-05
delete time:2.956390380859375e-05
delete time:3.361701965332031e-05
delete time:2.956390380859375e-05
delete time:2.86102294921875e-05
delete time:3.1948089599609375e-05
delete time:2.7179718017578125e-05
delete time:3.0279159545898438e-05
delete time:2.7418136596679688e-05
delete time:4.100799560546875e-05
delete time:2.288818359375e-05
delete time:2.5987625122070312e-05
delete time:4.410743713378906e-05
delete time:4.220008850097656e-05
delete time:2.574920654296875e-05
delete time:3.170967102050781e-05
delete time:2.3603439331054688e-05
delete time:3.457069396972656e-05
delete time:3.075599670410156e-05
delete time:3.314018249511719e-05
delete time:2.4318695068359375e-05
delete time:2.86102294921875e-05
delete time:3.123283386230469e-05
delete time:4.220008850097656e-05
delete time:3.147125244140625e-05
delete time:2.1457672119140625e-05
delete time:7.62939453125e-05
delete time:2.4557113647460938e-05
delete time:3.719329833984375e-05
delete time:2.5987625122070312e-05
delete time:3.337860107421875e-05
delete time:3.337860107421875e-05
delete time:2.6226043701171875e-05
delete time:2.8133392333984375e-05
delete time:2.4318695068359375e-05
delete time:3.600120544433594e-05
delete time:3.266334533691406e-05
delete time:3.4332275390625e-05
delete time:3.4332275390625e-05
delete time:3.075599670410156e-05
delete time:3.170967102050781e-05
delete time:3.457069396972656e-05
delete time:3.1948089599609375e-05
delete time:4.0531158447265625e-05
delete time:2.3603439331054688e-05
delete time:2.7894973754882812e-05
delete time:2.9802322387695312e-05
delete time:8.058547973632812e-05
delete time:2.7418136596679688e-05
delete time:2.86102294921875e-05
delete time:3.6716461181640625e-05
delete time:3.600120544433594e-05
delete time:4.7206878662109375e-05
delete time:3.0040740966796875e-05
delete time:3.457069396972656e-05
delete time:3.0040740966796875e-05
delete time:2.5510787963867188e-05
delete time:2.1457672119140625e-05
delete time:3.457069396972656e-05
delete time:3.0279159545898438e-05
delete time:2.4557113647460938e-05
delete time:3.838539123535156e-05
delete time:3.2901763916015625e-05
delete time:3.170967102050781e-05
delete time:3.3855438232421875e-05
delete time:3.123283386230469e-05
delete time:2.86102294921875e-05
delete time:2.8848648071289062e-05
delete time:7.867813110351562e-05
delete time:2.7418136596679688e-05
delete time:2.1457672119140625e-05
delete time:2.86102294921875e-05
delete time:2.574920654296875e-05
delete time:2.7894973754882812e-05
delete time:3.24249267578125e-05
delete time:4.220008850097656e-05
delete time:2.7179718017578125e-05
delete time:2.5987625122070312e-05
delete time:2.5272369384765625e-05
delete time:3.5762786865234375e-05
delete time:2.6702880859375e-05
delete time:3.528594970703125e-05
delete time:3.266334533691406e-05
delete time:2.3126602172851562e-05
delete time:2.4080276489257812e-05
delete time:2.3365020751953125e-05
delete time:3.170967102050781e-05
delete time:3.6716461181640625e-05
delete time:3.7670135498046875e-05
delete time:3.1948089599609375e-05
delete time:3.647804260253906e-05
delete time:3.886222839355469e-05
delete time:3.075599670410156e-05
delete time:4.00543212890625e-05
delete time:3.0994415283203125e-05
delete time:4.291534423828125e-05
delete time:2.956390380859375e-05
delete time:2.384185791015625e-05
delete time:2.6226043701171875e-05
delete time:2.4318695068359375e-05
delete time:3.0517578125e-05
delete time:2.5272369384765625e-05
delete time:4.7206878662109375e-05
delete time:3.1948089599609375e-05
delete time:3.4809112548828125e-05
delete time:3.361701965332031e-05
delete time:2.5510787963867188e-05
delete time:4.982948303222656e-05
delete time:2.0503997802734375e-05
delete time:2.4318695068359375e-05
delete time:3.337860107421875e-05
delete time:2.574920654296875e-05
delete time:3.075599670410156e-05
delete time:3.743171691894531e-05
delete time:3.0994415283203125e-05
delete time:3.0279159545898438e-05
delete time:3.457069396972656e-05
delete time:2.1457672119140625e-05
delete time:2.4318695068359375e-05
delete time:3.0517578125e-05
delete time:3.314018249511719e-05
delete time:3.4332275390625e-05
delete time:8.20159912109375e-05
delete time:2.7418136596679688e-05
delete time:3.361701965332031e-05
delete time:3.600120544433594e-05
delete time:3.0994415283203125e-05
delete time:2.7418136596679688e-05
delete time:2.9325485229492188e-05
delete time:2.4318695068359375e-05
delete time:2.9087066650390625e-05
delete time:2.2172927856445312e-05
delete time:2.86102294921875e-05
delete time:3.337860107421875e-05
delete time:4.0531158447265625e-05
delete time:6.961822509765625e-05
delete time:3.9577484130859375e-05
delete time:2.2411346435546875e-05
delete time:2.765655517578125e-05
delete time:3.457069396972656e-05
delete time:2.8133392333984375e-05
delete time:3.0279159545898438e-05
delete time:3.0517578125e-05
delete time:2.3126602172851562e-05
delete time:3.075599670410156e-05
delete time:2.7418136596679688e-05
delete time:2.3126602172851562e-05
delete time:3.695487976074219e-05
delete time:3.0279159545898438e-05
delete time:3.0994415283203125e-05
delete time:3.528594970703125e-05
delete time:2.8133392333984375e-05
delete time:5.125999450683594e-05
delete time:3.314018249511719e-05
delete time:2.956390380859375e-05
delete time:2.6226043701171875e-05
delete time:3.2901763916015625e-05
delete time:2.956390380859375e-05
delete time:3.933906555175781e-05
delete time:3.337860107421875e-05
delete time:2.8848648071289062e-05
delete time:4.3392181396484375e-05
delete time:2.6464462280273438e-05
delete time:2.5033950805664062e-05
delete time:2.3603439331054688e-05
delete time:2.5272369384765625e-05
delete time:2.5510787963867188e-05
delete time:2.4080276489257812e-05
delete time:2.2649765014648438e-05
delete time:3.2901763916015625e-05
delete time:2.4557113647460938e-05
delete time:2.4318695068359375e-05
delete time:2.8371810913085938e-05
delete time:7.343292236328125e-05
delete time:2.8371810913085938e-05
delete time:3.0994415283203125e-05
delete time:2.47955322265625e-05
delete time:2.7179718017578125e-05
delete time:3.123283386230469e-05
delete time:3.0040740966796875e-05
delete time:2.09808349609375e-05
delete time:3.5762786865234375e-05
delete time:3.600120544433594e-05
delete time:7.748603820800781e-05
delete time:3.4332275390625e-05
delete time:2.384185791015625e-05
delete time:2.6226043701171875e-05
delete time:3.600120544433594e-05
delete time:2.7894973754882812e-05
delete time:2.86102294921875e-05
delete time:2.765655517578125e-05
delete time:8.249282836914062e-05
delete time:3.838539123535156e-05
delete time:2.6702880859375e-05
delete time:2.3603439331054688e-05
delete time:3.4809112548828125e-05
delete time:2.3126602172851562e-05
delete time:3.3855438232421875e-05
delete time:3.4809112548828125e-05
delete time:3.170967102050781e-05
delete time:2.8133392333984375e-05
delete time:3.0994415283203125e-05
delete time:2.5033950805664062e-05
delete time:3.123283386230469e-05
delete time:3.3855438232421875e-05
delete time:3.457069396972656e-05
delete time:3.218650817871094e-05
delete time:6.389617919921875e-05
delete time:2.3603439331054688e-05
delete time:2.6941299438476562e-05
delete time:4.029273986816406e-05
delete time:3.0994415283203125e-05
delete time:3.552436828613281e-05
delete time:8.58306884765625e-05
delete time:2.9325485229492188e-05
delete time:7.653236389160156e-05
delete time:2.3365020751953125e-05
delete time:3.504753112792969e-05
delete time:2.4557113647460938e-05
delete time:2.5987625122070312e-05
delete time:3.647804260253906e-05
delete time:2.2411346435546875e-05
delete time:3.7670135498046875e-05
delete time:3.0517578125e-05
delete time:3.123283386230469e-05
delete time:2.8848648071289062e-05
delete time:2.7179718017578125e-05
delete time:2.9087066650390625e-05
delete time:2.1696090698242188e-05
delete time:3.457069396972656e-05
delete time:2.9802322387695312e-05
delete time:2.9325485229492188e-05
delete time:2.9802322387695312e-05
delete time:3.0994415283203125e-05
delete time:2.6702880859375e-05
delete time:1.7881393432617188e-05
delete time:3.170967102050781e-05
delete time:2.3126602172851562e-05
delete time:7.843971252441406e-05
delete time:2.6226043701171875e-05
delete time:2.765655517578125e-05
delete time:2.765655517578125e-05
delete time:2.956390380859375e-05
delete time:2.5987625122070312e-05
delete time:3.4809112548828125e-05
delete time:1.9788742065429688e-05
delete time:2.6702880859375e-05
delete time:2.288818359375e-05
delete time:2.3126602172851562e-05
delete time:2.5033950805664062e-05
delete time:3.075599670410156e-05
delete time:2.2411346435546875e-05
delete time:3.409385681152344e-05
delete time:3.24249267578125e-05
delete time:2.5987625122070312e-05
delete time:3.2901763916015625e-05
delete time:3.552436828613281e-05
delete time:2.288818359375e-05
delete time:3.838539123535156e-05
delete time:7.200241088867188e-05
delete time:2.7894973754882812e-05
delete time:3.0517578125e-05
delete time:3.361701965332031e-05
delete time:3.814697265625e-05
delete time:2.6464462280273438e-05
delete time:2.9087066650390625e-05
delete time:3.266334533691406e-05
delete time:2.6941299438476562e-05
delete time:2.1696090698242188e-05
delete time:2.3126602172851562e-05
delete time:4.172325134277344e-05
delete time:2.3365020751953125e-05
delete time:4.38690185546875e-05
delete time:4.1484832763671875e-05
delete time:2.3365020751953125e-05
delete time:3.7670135498046875e-05
delete time:2.956390380859375e-05
delete time:3.075599670410156e-05
delete time:2.3603439331054688e-05
delete time:3.504753112792969e-05
delete time:3.8623809814453125e-05
delete time:2.8371810913085938e-05
delete time:2.6702880859375e-05
delete time:2.5510787963867188e-05
delete time:6.890296936035156e-05
delete time:2.765655517578125e-05
delete time:7.104873657226562e-05
delete time:3.743171691894531e-05
delete time:2.7179718017578125e-05
delete time:3.24249267578125e-05
delete time:2.956390380859375e-05
delete time:3.886222839355469e-05
delete time:3.24249267578125e-05
delete time:2.6464462280273438e-05
delete time:4.1484832763671875e-05
delete time:2.7418136596679688e-05
delete time:6.699562072753906e-05
delete time:3.62396240234375e-05
delete time:3.504753112792969e-05
delete time:2.8133392333984375e-05
delete time:4.673004150390625e-05
delete time:2.6464462280273438e-05
delete time:3.1948089599609375e-05
delete time:2.6702880859375e-05
delete time:2.5987625122070312e-05
delete time:2.4318695068359375e-05
delete time:3.8623809814453125e-05
delete time:2.1219253540039062e-05
delete time:2.6226043701171875e-05
delete time:2.3126602172851562e-05
delete time:3.4332275390625e-05
delete time:7.772445678710938e-05
delete time:3.647804260253906e-05
delete time:4.458427429199219e-05
delete time:3.147125244140625e-05
delete time:2.7894973754882812e-05
delete time:2.47955322265625e-05
delete time:2.8371810913085938e-05
delete time:2.193450927734375e-05
delete time:2.6226043701171875e-05
delete time:3.147125244140625e-05
delete time:2.9802322387695312e-05
delete time:2.09808349609375e-05
delete time:2.8371810913085938e-05
delete time:2.2172927856445312e-05
delete time:4.696846008300781e-05
delete time:2.2411346435546875e-05
delete time:2.6226043701171875e-05
delete time:3.147125244140625e-05
delete time:2.8371810913085938e-05
delete time:2.9325485229492188e-05
delete time:2.3126602172851562e-05
delete time:4.1484832763671875e-05
delete time:2.6702880859375e-05
delete time:3.62396240234375e-05
delete time:2.5987625122070312e-05
delete time:4.291534423828125e-05
delete time:3.147125244140625e-05
delete time:2.86102294921875e-05
delete time:3.170967102050781e-05
delete time:2.7179718017578125e-05
delete time:2.09808349609375e-05
delete time:3.24249267578125e-05
delete time:2.1457672119140625e-05
delete time:2.288818359375e-05
delete time:1.9073486328125e-05
delete time:3.170967102050781e-05
delete time:2.9325485229492188e-05
delete time:2.8133392333984375e-05
delete time:3.647804260253906e-05
delete time:2.4318695068359375e-05
delete time:3.5762786865234375e-05
delete time:4.315376281738281e-05
delete time:2.8133392333984375e-05
delete time:2.6941299438476562e-05
delete time:3.838539123535156e-05
delete time:2.6464462280273438e-05
delete time:2.4557113647460938e-05
delete time:2.6226043701171875e-05
delete time:3.1948089599609375e-05
delete time:7.557868957519531e-05
delete time:2.5510787963867188e-05
delete time:3.0994415283203125e-05
delete time:2.6702880859375e-05
delete time:3.170967102050781e-05
delete time:3.600120544433594e-05
delete time:2.7179718017578125e-05
delete time:2.384185791015625e-05
delete time:3.24249267578125e-05
delete time:2.2411346435546875e-05
delete time:4.673004150390625e-05
delete time:7.700920104980469e-05
delete time:2.8133392333984375e-05
delete time:3.528594970703125e-05
delete time:2.5272369384765625e-05
delete time:3.7670135498046875e-05
delete time:2.765655517578125e-05
delete time:4.172325134277344e-05
delete time:2.5510787963867188e-05
delete time:3.9577484130859375e-05
delete time:3.170967102050781e-05
delete time:3.0040740966796875e-05
delete time:3.0279159545898438e-05
delete time:2.956390380859375e-05
delete time:3.504753112792969e-05
delete time:2.8848648071289062e-05
delete time:2.6226043701171875e-05
delete time:2.8371810913085938e-05
delete time:2.3603439331054688e-05
delete time:2.4557113647460938e-05
delete time:2.9802322387695312e-05
delete time:2.6464462280273438e-05
delete time:3.814697265625e-05
delete time:2.384185791015625e-05
delete time:2.1457672119140625e-05
delete time:2.6702880859375e-05
delete time:2.8133392333984375e-05
delete time:3.2901763916015625e-05
delete time:3.409385681152344e-05
delete time:3.814697265625e-05
delete time:3.361701965332031e-05
delete time:3.457069396972656e-05
delete time:6.127357482910156e-05
delete time:6.604194641113281e-05
delete time:2.0265579223632812e-05
delete time:1.9550323486328125e-05
delete time:3.337860107421875e-05
delete time:3.266334533691406e-05
delete time:3.361701965332031e-05
delete time:2.384185791015625e-05
delete time:3.528594970703125e-05
delete time:2.3365020751953125e-05
delete time:2.9802322387695312e-05
delete time:4.315376281738281e-05
delete time:3.3855438232421875e-05
delete time:3.24249267578125e-05
delete time:2.384185791015625e-05
delete time:3.266334533691406e-05
delete time:2.8133392333984375e-05
delete time:2.4080276489257812e-05
delete time:3.2901763916015625e-05
delete time:3.457069396972656e-05
delete time:2.5510787963867188e-05
delete time:3.600120544433594e-05
delete time:3.0040740966796875e-05
delete time:3.0040740966796875e-05
delete time:2.6702880859375e-05
delete time:2.9087066650390625e-05
delete time:6.246566772460938e-05
delete time:2.2649765014648438e-05
delete time:3.218650817871094e-05
delete time:2.956390380859375e-05
delete time:2.9087066650390625e-05
delete time:2.86102294921875e-05
delete time:2.193450927734375e-05
delete time:3.6716461181640625e-05
delete time:2.8371810913085938e-05
delete time:2.5033950805664062e-05
delete time:2.765655517578125e-05
delete time:3.361701965332031e-05
delete time:2.47955322265625e-05
delete time:3.409385681152344e-05
delete time:3.361701965332031e-05
delete time:6.413459777832031e-05
delete time:2.3126602172851562e-05
delete time:2.6226043701171875e-05
delete time:4.5299530029296875e-05
delete time:3.600120544433594e-05
delete time:2.4080276489257812e-05
delete time:2.9325485229492188e-05
delete time:2.5033950805664062e-05
delete time:3.218650817871094e-05
delete time:3.218650817871094e-05
delete time:3.910064697265625e-05
delete time:2.765655517578125e-05
delete time:3.0994415283203125e-05
delete time:2.9087066650390625e-05
delete time:2.0265579223632812e-05
delete time:2.574920654296875e-05
delete time:2.86102294921875e-05
delete time:3.337860107421875e-05
delete time:3.933906555175781e-05
delete time:2.5272369384765625e-05
delete time:2.4080276489257812e-05
delete time:2.765655517578125e-05
delete time:3.0040740966796875e-05
delete time:2.288818359375e-05
delete time:3.5762786865234375e-05
delete time:3.886222839355469e-05
delete time:2.0265579223632812e-05
delete time:3.1948089599609375e-05
delete time:3.147125244140625e-05
delete time:2.9325485229492188e-05
delete time:2.384185791015625e-05
delete time:2.1457672119140625e-05
delete time:3.2901763916015625e-05
delete time:2.4318695068359375e-05
delete time:2.3603439331054688e-05
delete time:3.409385681152344e-05
delete time:3.910064697265625e-05
delete time:2.6941299438476562e-05
delete time:3.123283386230469e-05
delete time:3.838539123535156e-05
delete time:3.218650817871094e-05
delete time:3.504753112792969e-05
delete time:2.0742416381835938e-05
delete time:2.574920654296875e-05
delete time:2.7179718017578125e-05
delete time:3.266334533691406e-05
delete time:2.002716064453125e-05
delete time:2.8848648071289062e-05
delete time:3.0279159545898438e-05
delete time:2.6941299438476562e-05
delete time:3.314018249511719e-05
delete time:3.409385681152344e-05
delete time:7.843971252441406e-05
delete time:2.6226043701171875e-05
delete time:4.506111145019531e-05
delete time:2.193450927734375e-05
delete time:7.414817810058594e-05
delete time:2.8371810913085938e-05
delete time:2.384185791015625e-05
delete time:2.9802322387695312e-05
delete time:3.075599670410156e-05
delete time:3.2901763916015625e-05
delete time:3.719329833984375e-05
delete time:2.4080276489257812e-05
delete time:2.765655517578125e-05
delete time:2.193450927734375e-05
delete time:3.24249267578125e-05
delete time:2.7894973754882812e-05
delete time:3.0994415283203125e-05
delete time:3.361701965332031e-05
delete time:2.8848648071289062e-05
delete time:3.314018249511719e-05
delete time:3.0517578125e-05
delete time:3.0994415283203125e-05
delete time:2.0742416381835938e-05
delete time:3.409385681152344e-05
delete time:3.1948089599609375e-05
delete time:3.218650817871094e-05
delete time:7.534027099609375e-05
delete time:2.3365020751953125e-05
delete time:2.9802322387695312e-05
delete time:2.765655517578125e-05
delete time:7.152557373046875e-05
delete time:2.2411346435546875e-05
delete time:3.170967102050781e-05
delete time:6.818771362304688e-05
delete time:2.6226043701171875e-05
delete time:3.314018249511719e-05
delete time:2.7418136596679688e-05
delete time:6.437301635742188e-05
delete time:2.002716064453125e-05
delete time:2.9087066650390625e-05
delete time:2.9802322387695312e-05
delete time:2.6464462280273438e-05
delete time:7.343292236328125e-05
delete time:2.9802322387695312e-05
delete time:3.457069396972656e-05
delete time:2.2172927856445312e-05
delete time:1.8835067749023438e-05
delete time:4.482269287109375e-05
delete time:2.5272369384765625e-05
delete time:2.384185791015625e-05
delete time:3.790855407714844e-05
delete time:2.4318695068359375e-05
delete time:3.361701965332031e-05
delete time:2.574920654296875e-05
delete time:2.7179718017578125e-05
delete time:2.9325485229492188e-05
delete time:2.6226043701171875e-05
delete time:2.8133392333984375e-05
delete time:2.2172927856445312e-05
delete time:2.288818359375e-05
delete time:2.6226043701171875e-05
delete time:2.1219253540039062e-05
delete time:6.222724914550781e-05
delete time:3.4332275390625e-05
delete time:2.002716064453125e-05
delete time:3.337860107421875e-05
delete time:3.218650817871094e-05
delete time:5.9604644775390625e-05
delete time:2.288818359375e-05
delete time:5.6743621826171875e-05
delete time:2.9325485229492188e-05
delete time:3.4332275390625e-05
delete time:4.0531158447265625e-05
delete time:2.9802322387695312e-05
delete time:2.7179718017578125e-05
delete time:4.100799560546875e-05
delete time:2.3603439331054688e-05
delete time:3.552436828613281e-05
delete time:2.5987625122070312e-05
delete time:2.002716064453125e-05
delete time:3.24249267578125e-05
delete time:1.9311904907226562e-05
delete time:4.76837158203125e-05
delete time:7.987022399902344e-05
delete time:2.9325485229492188e-05
delete time:2.2649765014648438e-05
delete time:4.7206878662109375e-05
delete time:2.4318695068359375e-05
delete time:2.574920654296875e-05
delete time:2.956390380859375e-05
delete time:2.9325485229492188e-05
delete time:2.9087066650390625e-05
delete time:1.9788742065429688e-05
delete time:4.673004150390625e-05
delete time:3.0279159545898438e-05
delete time:2.5987625122070312e-05
delete time:3.0279159545898438e-05
delete time:2.0742416381835938e-05
delete time:2.9802322387695312e-05
delete time:7.677078247070312e-05
delete time:3.0994415283203125e-05
delete time:2.1219253540039062e-05
delete time:3.528594970703125e-05
delete time:2.4318695068359375e-05
delete time:7.319450378417969e-05
delete time:7.05718994140625e-05
delete time:1.9550323486328125e-05
delete time:2.5987625122070312e-05
delete time:3.337860107421875e-05
delete time:4.3392181396484375e-05
delete time:3.218650817871094e-05
delete time:2.1457672119140625e-05
delete time:3.504753112792969e-05
delete time:3.1948089599609375e-05
delete time:4.839897155761719e-05
delete time:2.9325485229492188e-05
delete time:2.7179718017578125e-05
delete time:7.128715515136719e-05
delete time:3.0279159545898438e-05
delete time:2.4557113647460938e-05
delete time:2.9087066650390625e-05
delete time:3.123283386230469e-05
delete time:2.288818359375e-05
delete time:2.7894973754882812e-05
delete time:2.7894973754882812e-05
delete time:3.600120544433594e-05
delete time:2.765655517578125e-05
delete time:3.266334533691406e-05
delete time:5.7220458984375e-05
delete time:3.3855438232421875e-05
delete time:3.266334533691406e-05
delete time:2.8133392333984375e-05
delete time:3.552436828613281e-05
delete time:2.4080276489257812e-05
delete time:3.075599670410156e-05
delete time:7.104873657226562e-05
delete time:2.3126602172851562e-05
delete time:2.384185791015625e-05
delete time:2.86102294921875e-05
delete time:3.3855438232421875e-05
delete time:3.1948089599609375e-05
delete time:2.4557113647460938e-05
delete time:3.743171691894531e-05
delete time:0.00028252601623535156
delete time:2.7418136596679688e-05
delete time:3.0279159545898438e-05
delete time:6.985664367675781e-05
delete time:3.647804260253906e-05
delete time:3.6716461181640625e-05
delete time:3.0994415283203125e-05
delete time:2.6226043701171875e-05
delete time:4.38690185546875e-05
delete time:2.7179718017578125e-05
delete time:3.0040740966796875e-05
delete time:2.7179718017578125e-05
delete time:3.0994415283203125e-05
delete time:3.6716461181640625e-05
delete time:3.528594970703125e-05
delete time:2.1696090698242188e-05
delete time:2.2172927856445312e-05
delete time:3.1948089599609375e-05
delete time:2.6702880859375e-05
delete time:2.956390380859375e-05
delete time:2.8371810913085938e-05
delete time:2.193450927734375e-05
delete time:3.2901763916015625e-05
delete time:2.86102294921875e-05
delete time:2.7418136596679688e-05
delete time:3.218650817871094e-05
delete time:2.5033950805664062e-05
delete time:2.5033950805664062e-05
delete time:2.3365020751953125e-05
delete time:3.9577484130859375e-05
delete time:4.5299530029296875e-05
delete time:2.7418136596679688e-05
delete time:7.343292236328125e-05
delete time:2.956390380859375e-05
delete time:2.9087066650390625e-05
delete time:2.956390380859375e-05
delete time:3.457069396972656e-05
delete time:3.147125244140625e-05
delete time:6.842613220214844e-05
delete time:3.0517578125e-05
delete time:3.147125244140625e-05
delete time:4.172325134277344e-05
delete time:3.504753112792969e-05
delete time:3.170967102050781e-05
delete time:3.695487976074219e-05
delete time:2.9087066650390625e-05
delete time:3.123283386230469e-05
delete time:2.86102294921875e-05
delete time:6.771087646484375e-05
delete time:3.886222839355469e-05
delete time:3.6716461181640625e-05
delete time:2.5987625122070312e-05
delete time:3.4809112548828125e-05
delete time:2.6702880859375e-05
delete time:2.5987625122070312e-05
delete time:2.1219253540039062e-05
delete time:2.1219253540039062e-05
delete time:2.6702880859375e-05
delete time:3.0040740966796875e-05
delete time:4.029273986816406e-05
delete time:2.7179718017578125e-05
delete time:3.62396240234375e-05
delete time:3.266334533691406e-05
delete time:2.4080276489257812e-05
delete time:3.910064697265625e-05
delete time:3.9577484130859375e-05
delete time:3.910064697265625e-05
delete time:2.3126602172851562e-05
delete time:3.0517578125e-05
delete time:3.147125244140625e-05
delete time:3.600120544433594e-05
delete time:2.86102294921875e-05
delete time:3.24249267578125e-05
delete time:1.9788742065429688e-05
delete time:7.319450378417969e-05
delete time:2.3603439331054688e-05
delete time:3.719329833984375e-05
delete time:2.9325485229492188e-05
delete time:2.5272369384765625e-05
delete time:2.8848648071289062e-05
delete time:2.5033950805664062e-05
delete time:4.2438507080078125e-05
delete time:3.266334533691406e-05
delete time:2.47955322265625e-05
delete time:3.4332275390625e-05
delete time:2.6702880859375e-05
delete time:3.0517578125e-05
delete time:2.8371810913085938e-05
delete time:3.0994415283203125e-05
delete time:2.1219253540039062e-05
delete time:3.075599670410156e-05
delete time:3.0040740966796875e-05
delete time:2.86102294921875e-05
delete time:4.6253204345703125e-05
delete time:7.009506225585938e-05
delete time:2.1457672119140625e-05
delete time:3.0279159545898438e-05
delete time:3.0040740966796875e-05
delete time:3.147125244140625e-05
delete time:4.1961669921875e-05
delete time:3.0279159545898438e-05
delete time:2.47955322265625e-05
delete time:2.4080276489257812e-05
delete time:2.5987625122070312e-05
delete time:3.4809112548828125e-05
delete time:2.5987625122070312e-05
delete time:3.4332275390625e-05
delete time:3.075599670410156e-05
delete time:2.7179718017578125e-05
delete time:1.9073486328125e-05
delete time:3.0517578125e-05
delete time:3.0040740966796875e-05
delete time:2.3365020751953125e-05
delete time:3.3855438232421875e-05
delete time:2.6941299438476562e-05
delete time:2.1457672119140625e-05
delete time:3.170967102050781e-05
delete time:2.3365020751953125e-05
delete time:2.956390380859375e-05
delete time:3.0517578125e-05
delete time:2.9325485229492188e-05
delete time:2.6941299438476562e-05
delete time:2.6226043701171875e-05
delete time:3.528594970703125e-05
delete time:3.457069396972656e-05
delete time:2.5510787963867188e-05
delete time:3.600120544433594e-05
delete time:3.457069396972656e-05
delete time:3.0279159545898438e-05
delete time:3.790855407714844e-05
delete time:2.8848648071289062e-05
delete time:3.504753112792969e-05
delete time:2.5510787963867188e-05
delete time:3.218650817871094e-05
delete time:3.409385681152344e-05
delete time:3.075599670410156e-05
delete time:2.2649765014648438e-05
delete time:3.075599670410156e-05
delete time:3.814697265625e-05
delete time:2.9802322387695312e-05
delete time:2.6226043701171875e-05
delete time:2.956390380859375e-05
delete time:2.47955322265625e-05
delete time:2.5987625122070312e-05
delete time:3.170967102050781e-05
delete time:3.361701965332031e-05
delete time:3.0279159545898438e-05
delete time:2.765655517578125e-05
delete time:7.772445678710938e-05
delete time:4.76837158203125e-05
delete time:1.8835067749023438e-05
delete time:3.552436828613281e-05
delete time:3.4332275390625e-05
delete time:2.9802322387695312e-05
delete time:8.296966552734375e-05
delete time:4.124641418457031e-05
delete time:2.5987625122070312e-05
delete time:2.6941299438476562e-05
delete time:2.09808349609375e-05
delete time:2.3603439331054688e-05
delete time:2.3126602172851562e-05
delete time:2.6226043701171875e-05
delete time:3.2901763916015625e-05
delete time:4.4345855712890625e-05
delete time:3.3855438232421875e-05
delete time:7.152557373046875e-05
delete time:3.0517578125e-05
delete time:2.8371810913085938e-05
delete time:2.3126602172851562e-05
delete time:2.9802322387695312e-05
delete time:2.7179718017578125e-05
delete time:3.0040740966796875e-05
delete time:7.200241088867188e-05
delete time:2.9802322387695312e-05
delete time:2.002716064453125e-05
delete time:3.314018249511719e-05
delete time:2.5987625122070312e-05
delete time:3.504753112792969e-05
delete time:3.337860107421875e-05
delete time:3.123283386230469e-05
delete time:2.9087066650390625e-05
delete time:3.314018249511719e-05
delete time:2.765655517578125e-05
delete time:3.218650817871094e-05
delete time:3.457069396972656e-05
delete time:4.315376281738281e-05
delete time:2.574920654296875e-05
delete time:3.528594970703125e-05
delete time:2.8848648071289062e-05
delete time:3.8623809814453125e-05
delete time:4.1484832763671875e-05
delete time:2.5510787963867188e-05
delete time:3.314018249511719e-05
delete time:2.9325485229492188e-05
delete time:2.8848648071289062e-05
delete time:2.7179718017578125e-05
delete time:3.266334533691406e-05
delete time:3.814697265625e-05
delete time:2.574920654296875e-05
delete time:2.956390380859375e-05
delete time:3.147125244140625e-05
delete time:2.3365020751953125e-05
delete time:3.147125244140625e-05
delete time:2.7894973754882812e-05
delete time:3.0994415283203125e-05
delete time:2.5510787963867188e-05
delete time:2.9087066650390625e-05
delete time:2.5033950805664062e-05
delete time:2.9087066650390625e-05
delete time:6.818771362304688e-05
delete time:3.1948089599609375e-05
delete time:3.3855438232421875e-05
delete time:3.337860107421875e-05
delete time:2.956390380859375e-05
delete time:2.8371810913085938e-05
delete time:3.4332275390625e-05
delete time:2.5033950805664062e-05
delete time:2.574920654296875e-05
delete time:2.86102294921875e-05
delete time:6.866455078125e-05
delete time:3.4332275390625e-05
delete time:6.008148193359375e-05
delete time:3.9577484130859375e-05
delete time:2.6702880859375e-05
delete time:2.86102294921875e-05
delete time:3.266334533691406e-05
delete time:2.1457672119140625e-05
delete time:3.1948089599609375e-05
delete time:2.9802322387695312e-05
delete time:2.5510787963867188e-05
delete time:6.723403930664062e-05
delete time:2.956390380859375e-05
delete time:2.8371810913085938e-05
delete time:2.193450927734375e-05
delete time:3.147125244140625e-05
delete time:2.9087066650390625e-05
delete time:3.504753112792969e-05
delete time:2.574920654296875e-05
delete time:2.5987625122070312e-05
delete time:2.8848648071289062e-05
delete time:2.8371810913085938e-05
delete time:3.123283386230469e-05
delete time:2.3603439331054688e-05
delete time:2.9325485229492188e-05
delete time:3.1948089599609375e-05
delete time:2.5510787963867188e-05
delete time:2.4318695068359375e-05
delete time:2.5033950805664062e-05
delete time:2.5033950805664062e-05
delete time:2.47955322265625e-05
delete time:2.8371810913085938e-05
delete time:3.266334533691406e-05
delete time:4.4345855712890625e-05
delete time:3.266334533691406e-05
delete time:2.86102294921875e-05
delete time:3.981590270996094e-05
delete time:3.147125244140625e-05
delete time:3.170967102050781e-05
delete time:4.601478576660156e-05
delete time:2.574920654296875e-05
delete time:2.5272369384765625e-05
delete time:2.288818359375e-05
delete time:2.5987625122070312e-05
delete time:4.315376281738281e-05
delete time:2.7418136596679688e-05
delete time:6.985664367675781e-05
delete time:3.24249267578125e-05
delete time:3.647804260253906e-05
delete time:2.09808349609375e-05
delete time:3.147125244140625e-05
delete time:2.5987625122070312e-05
delete time:3.62396240234375e-05
delete time:3.457069396972656e-05
delete time:3.075599670410156e-05
delete time:3.218650817871094e-05
delete time:3.337860107421875e-05
delete time:3.0279159545898438e-05
delete time:2.9087066650390625e-05
delete time:3.0517578125e-05
delete time:3.5762786865234375e-05
delete time:3.3855438232421875e-05
delete time:2.6941299438476562e-05
delete time:3.075599670410156e-05
delete time:3.504753112792969e-05
delete time:2.7179718017578125e-05
delete time:3.409385681152344e-05
delete time:3.600120544433594e-05
delete time:2.7894973754882812e-05
delete time:3.4809112548828125e-05
delete time:3.0994415283203125e-05
delete time:2.7418136596679688e-05
delete time:3.170967102050781e-05
delete time:3.409385681152344e-05
delete time:3.0517578125e-05
delete time:2.9087066650390625e-05
delete time:2.1696090698242188e-05
delete time:1.9311904907226562e-05
delete time:2.3603439331054688e-05
delete time:2.47955322265625e-05
delete time:2.5510787963867188e-05
delete time:2.193450927734375e-05
delete time:2.4080276489257812e-05
delete time:3.5762786865234375e-05
delete time:3.147125244140625e-05
delete time:2.4080276489257812e-05
delete time:4.506111145019531e-05
delete time:3.170967102050781e-05
delete time:2.574920654296875e-05
delete time:2.956390380859375e-05
delete time:3.24249267578125e-05
delete time:3.743171691894531e-05
delete time:3.218650817871094e-05
delete time:2.86102294921875e-05
delete time:1.7881393432617188e-05
delete time:3.3855438232421875e-05
delete time:2.9325485229492188e-05
delete time:2.574920654296875e-05
delete time:1.9073486328125e-05
delete time:2.3365020751953125e-05
delete time:2.86102294921875e-05
delete time:2.5033950805664062e-05
delete time:3.24249267578125e-05
delete time:7.963180541992188e-05
delete time:4.172325134277344e-05
delete time:5.078315734863281e-05
delete time:2.4557113647460938e-05
delete time:4.458427429199219e-05
delete time:3.0040740966796875e-05
delete time:3.218650817871094e-05
delete time:4.7206878662109375e-05
delete time:2.4318695068359375e-05
delete time:2.765655517578125e-05
delete time:3.409385681152344e-05
delete time:2.8371810913085938e-05
delete time:3.0517578125e-05
delete time:2.4557113647460938e-05
delete time:2.2649765014648438e-05
delete time:2.5510787963867188e-05
delete time:7.152557373046875e-05
delete time:3.1948089599609375e-05
delete time:2.7418136596679688e-05
delete time:3.0279159545898438e-05
delete time:2.5510787963867188e-05
delete time:2.1696090698242188e-05
delete time:3.337860107421875e-05
delete time:2.7179718017578125e-05
delete time:2.86102294921875e-05
delete time:3.2901763916015625e-05
delete time:3.600120544433594e-05
delete time:3.0040740966796875e-05
delete time:3.0040740966796875e-05
delete time:3.0279159545898438e-05
delete time:2.1696090698242188e-05
delete time:2.1457672119140625e-05
delete time:4.9114227294921875e-05
delete time:8.0108642578125e-05
delete time:7.152557373046875e-05
delete time:2.8371810913085938e-05
delete time:2.7179718017578125e-05
delete time:2.956390380859375e-05
delete time:3.743171691894531e-05
delete time:2.6702880859375e-05
delete time:3.170967102050781e-05
delete time:3.0040740966796875e-05
delete time:3.0040740966796875e-05
delete time:2.6702880859375e-05
delete time:3.266334533691406e-05
delete time:3.5762786865234375e-05
delete time:4.076957702636719e-05
delete time:2.4080276489257812e-05
delete time:2.288818359375e-05
delete time:3.0517578125e-05
delete time:2.5987625122070312e-05
delete time:2.8133392333984375e-05
delete time:2.2649765014648438e-05
delete time:2.8848648071289062e-05
delete time:3.314018249511719e-05
delete time:3.6716461181640625e-05
delete time:6.771087646484375e-05
delete time:2.3126602172851562e-05
delete time:2.5272369384765625e-05
delete time:2.6941299438476562e-05
delete time:3.0517578125e-05
delete time:2.2172927856445312e-05
delete time:2.9325485229492188e-05
delete time:3.886222839355469e-05
delete time:3.2901763916015625e-05
delete time:3.0279159545898438e-05
delete time:2.765655517578125e-05
delete time:2.4318695068359375e-05
delete time:3.600120544433594e-05
delete time:2.8848648071289062e-05
delete time:3.218650817871094e-05
delete time:3.0517578125e-05
delete time:2.7418136596679688e-05
delete time:6.961822509765625e-05
delete time:3.528594970703125e-05
delete time:3.266334533691406e-05
delete time:3.2901763916015625e-05
delete time:3.552436828613281e-05
delete time:3.695487976074219e-05
delete time:3.266334533691406e-05
delete time:3.0994415283203125e-05
delete time:2.86102294921875e-05
delete time:3.075599670410156e-05
delete time:2.193450927734375e-05
delete time:2.8371810913085938e-05
delete time:3.719329833984375e-05
delete time:7.414817810058594e-05
delete time:4.124641418457031e-05
delete time:2.86102294921875e-05
delete time:3.24249267578125e-05
delete time:3.337860107421875e-05
delete time:2.8133392333984375e-05
delete time:2.9802322387695312e-05
delete time:3.0279159545898438e-05
delete time:2.8133392333984375e-05
delete time:2.384185791015625e-05
delete time:2.193450927734375e-05
delete time:3.4332275390625e-05
delete time:3.0517578125e-05
delete time:2.7179718017578125e-05
delete time:3.457069396972656e-05
delete time:2.384185791015625e-05
delete time:2.7894973754882812e-05
delete time:2.956390380859375e-05
delete time:3.218650817871094e-05
delete time:4.1961669921875e-05
delete time:2.7894973754882812e-05
delete time:3.24249267578125e-05
delete time:3.4332275390625e-05
delete time:2.3603439331054688e-05
delete time:3.743171691894531e-05
delete time:2.8848648071289062e-05
delete time:3.552436828613281e-05
delete time:2.7179718017578125e-05
delete time:4.363059997558594e-05
delete time:3.314018249511719e-05
delete time:2.47955322265625e-05
delete time:2.7894973754882812e-05
delete time:2.7418136596679688e-05
delete time:3.457069396972656e-05
delete time:3.0040740966796875e-05
delete time:3.409385681152344e-05
delete time:1.8596649169921875e-05
delete time:2.7894973754882812e-05
delete time:2.9802322387695312e-05
delete time:1.8596649169921875e-05
delete time:2.765655517578125e-05
delete time:2.5033950805664062e-05
delete time:3.719329833984375e-05
delete time:3.1948089599609375e-05
delete time:7.557868957519531e-05
delete time:2.9325485229492188e-05
delete time:3.218650817871094e-05
delete time:4.2438507080078125e-05
delete time:3.695487976074219e-05
delete time:3.814697265625e-05
delete time:3.0040740966796875e-05
delete time:2.6464462280273438e-05
delete time:1.9550323486328125e-05
delete time:2.7179718017578125e-05
delete time:2.8848648071289062e-05
delete time:3.147125244140625e-05
delete time:3.266334533691406e-05
delete time:2.7418136596679688e-05
delete time:2.9325485229492188e-05
delete time:2.9802322387695312e-05
delete time:2.7179718017578125e-05
delete time:2.765655517578125e-05
delete time:3.266334533691406e-05
delete time:2.9087066650390625e-05
delete time:2.09808349609375e-05
delete time:1.9311904907226562e-05
delete time:4.935264587402344e-05
delete time:1.8835067749023438e-05
delete time:3.1948089599609375e-05
delete time:3.0517578125e-05
delete time:3.170967102050781e-05
delete time:7.295608520507812e-05
delete time:3.0517578125e-05
delete time:5.14984130859375e-05
delete time:3.075599670410156e-05
delete time:2.956390380859375e-05
delete time:2.5510787963867188e-05
delete time:3.170967102050781e-05
delete time:2.4318695068359375e-05
delete time:3.0994415283203125e-05
delete time:4.220008850097656e-05
delete time:3.123283386230469e-05
delete time:2.384185791015625e-05
delete time:2.3603439331054688e-05
delete time:3.4809112548828125e-05
delete time:2.0265579223632812e-05
delete time:2.384185791015625e-05
delete time:2.765655517578125e-05
delete time:2.7418136596679688e-05
delete time:2.7179718017578125e-05
delete time:2.7894973754882812e-05
delete time:3.695487976074219e-05
delete time:2.6226043701171875e-05
delete time:3.0517578125e-05
delete time:2.288818359375e-05
delete time:3.170967102050781e-05
delete time:3.910064697265625e-05
delete time:2.5987625122070312e-05
delete time:2.3603439331054688e-05
delete time:2.6226043701171875e-05
delete time:2.4080276489257812e-05
delete time:3.8623809814453125e-05
delete time:2.9325485229492188e-05
delete time:2.384185791015625e-05
delete time:4.076957702636719e-05
delete time:2.574920654296875e-05
delete time:2.765655517578125e-05
delete time:3.886222839355469e-05
delete time:7.2479248046875e-05
delete time:2.8133392333984375e-05
delete time:3.2901763916015625e-05
delete time:3.0517578125e-05
delete time:3.1948089599609375e-05
delete time:2.5510787963867188e-05
delete time:2.8371810913085938e-05
delete time:2.4318695068359375e-05
delete time:2.384185791015625e-05
delete time:3.170967102050781e-05
delete time:2.8133392333984375e-05
delete time:2.6464462280273438e-05
delete time:3.0040740966796875e-05
delete time:3.910064697265625e-05
delete time:2.2172927856445312e-05
delete time:3.0517578125e-05
delete time:2.9325485229492188e-05
delete time:2.288818359375e-05
delete time:3.218650817871094e-05
delete time:3.0279159545898438e-05
delete time:3.1948089599609375e-05
delete time:6.318092346191406e-05
delete time:2.765655517578125e-05
delete time:1.8835067749023438e-05
delete time:3.2901763916015625e-05
delete time:3.266334533691406e-05
delete time:3.0040740966796875e-05
delete time:3.5762786865234375e-05
delete time:2.7179718017578125e-05
delete time:3.528594970703125e-05
delete time:3.6716461181640625e-05
delete time:3.886222839355469e-05
delete time:3.0994415283203125e-05
delete time:3.147125244140625e-05
delete time:2.4318695068359375e-05
delete time:2.8133392333984375e-05
delete time:2.0742416381835938e-05
delete time:2.86102294921875e-05
delete time:3.3855438232421875e-05
delete time:2.6941299438476562e-05
delete time:4.506111145019531e-05
delete time:2.288818359375e-05
delete time:2.4557113647460938e-05
delete time:2.0265579223632812e-05
delete time:3.266334533691406e-05
delete time:2.574920654296875e-05
delete time:2.5272369384765625e-05
delete time:2.47955322265625e-05
delete time:3.695487976074219e-05
delete time:3.218650817871094e-05
delete time:2.3365020751953125e-05
delete time:4.0531158447265625e-05
delete time:3.24249267578125e-05
delete time:3.0517578125e-05
delete time:2.8371810913085938e-05
delete time:3.075599670410156e-05
delete time:2.5987625122070312e-05
delete time:2.7179718017578125e-05
delete time:4.458427429199219e-05
delete time:2.8133392333984375e-05
delete time:2.384185791015625e-05
delete time:2.7179718017578125e-05
delete time:2.8848648071289062e-05
delete time:2.8848648071289062e-05
delete time:3.337860107421875e-05
delete time:2.4080276489257812e-05
delete time:3.337860107421875e-05
delete time:2.6702880859375e-05
delete time:3.0040740966796875e-05
delete time:6.771087646484375e-05
delete time:2.8848648071289062e-05
delete time:2.5033950805664062e-05
delete time:2.9802322387695312e-05
delete time:3.170967102050781e-05
delete time:2.7418136596679688e-05
delete time:2.5033950805664062e-05
delete time:2.5033950805664062e-05
delete time:2.4318695068359375e-05
delete time:3.528594970703125e-05
delete time:2.6226043701171875e-05
delete time:3.3855438232421875e-05
delete time:2.3365020751953125e-05
delete time:2.2649765014648438e-05
delete time:2.5987625122070312e-05
delete time:3.4332275390625e-05
delete time:4.029273986816406e-05
delete time:2.193450927734375e-05
delete time:3.337860107421875e-05
delete time:2.5272369384765625e-05
delete time:2.7179718017578125e-05
delete time:3.8623809814453125e-05
delete time:2.0503997802734375e-05
delete time:2.4318695068359375e-05
delete time:2.6226043701171875e-05
delete time:2.7179718017578125e-05
delete time:3.314018249511719e-05
delete time:3.337860107421875e-05
delete time:2.7179718017578125e-05
delete time:3.147125244140625e-05
delete time:3.2901763916015625e-05
delete time:2.5033950805664062e-05
delete time:3.910064697265625e-05
delete time:2.47955322265625e-05
delete time:2.9087066650390625e-05
delete time:2.765655517578125e-05
delete time:3.457069396972656e-05
delete time:2.5033950805664062e-05
delete time:6.532669067382812e-05
delete time:2.7418136596679688e-05
delete time:3.7670135498046875e-05
delete time:2.193450927734375e-05
delete time:2.9087066650390625e-05
delete time:2.6226043701171875e-05
delete time:3.266334533691406e-05
delete time:2.3365020751953125e-05
delete time:3.361701965332031e-05
delete time:2.5510787963867188e-05
delete time:3.0040740966796875e-05
delete time:3.170967102050781e-05
delete time:2.6941299438476562e-05
delete time:2.193450927734375e-05
delete time:3.504753112792969e-05
delete time:2.956390380859375e-05
delete time:2.5033950805664062e-05
delete time:4.3392181396484375e-05
delete time:3.147125244140625e-05
delete time:4.100799560546875e-05
delete time:3.3855438232421875e-05
delete time:2.7179718017578125e-05
delete time:2.765655517578125e-05
delete time:2.7179718017578125e-05
delete time:2.4318695068359375e-05
delete time:2.8371810913085938e-05
delete time:2.384185791015625e-05
delete time:3.981590270996094e-05
delete time:2.6941299438476562e-05
delete time:3.266334533691406e-05
delete time:3.981590270996094e-05
delete time:2.9802322387695312e-05
delete time:2.8848648071289062e-05
delete time:2.5033950805664062e-05
delete time:2.7418136596679688e-05
delete time:3.361701965332031e-05
delete time:2.4080276489257812e-05
delete time:3.0994415283203125e-05
delete time:3.409385681152344e-05
delete time:2.5510787963867188e-05
delete time:2.3126602172851562e-05
delete time:3.075599670410156e-05
delete time:3.552436828613281e-05
delete time:3.147125244140625e-05
delete time:1.6927719116210938e-05
delete time:2.6226043701171875e-05
delete time:2.193450927734375e-05
delete time:2.8848648071289062e-05
delete time:2.9802322387695312e-05
delete time:6.985664367675781e-05
delete time:2.9325485229492188e-05
delete time:2.7894973754882812e-05
delete time:2.765655517578125e-05
delete time:2.193450927734375e-05
delete time:2.2172927856445312e-05
delete time:3.0994415283203125e-05
delete time:2.8133392333984375e-05
delete time:2.7894973754882812e-05
delete time:2.5272369384765625e-05
delete time:4.673004150390625e-05
delete time:2.7179718017578125e-05
delete time:2.8371810913085938e-05
delete time:2.9802322387695312e-05
delete time:3.814697265625e-05
delete time:3.4809112548828125e-05
delete time:3.170967102050781e-05
delete time:2.47955322265625e-05
delete time:2.7418136596679688e-05
delete time:3.266334533691406e-05
delete time:2.47955322265625e-05
delete time:2.8371810913085938e-05
delete time:7.43865966796875e-05
delete time:2.765655517578125e-05
delete time:3.8623809814453125e-05
delete time:3.981590270996094e-05
delete time:2.1219253540039062e-05
delete time:2.574920654296875e-05
delete time:2.002716064453125e-05
delete time:2.7418136596679688e-05
delete time:3.647804260253906e-05
delete time:2.4318695068359375e-05
delete time:3.0040740966796875e-05
delete time:2.956390380859375e-05
delete time:3.790855407714844e-05
delete time:3.24249267578125e-05
delete time:6.437301635742188e-05
delete time:2.4557113647460938e-05
delete time:3.170967102050781e-05
delete time:2.6702880859375e-05
delete time:3.0517578125e-05
delete time:2.1696090698242188e-05
delete time:6.604194641113281e-05
delete time:2.7894973754882812e-05
delete time:2.7418136596679688e-05
delete time:2.9087066650390625e-05
delete time:2.86102294921875e-05
delete time:2.5033950805664062e-05
delete time:3.0517578125e-05
delete time:3.600120544433594e-05
delete time:1.811981201171875e-05
delete time:2.86102294921875e-05
delete time:3.504753112792969e-05
delete time:2.86102294921875e-05
delete time:2.4318695068359375e-05
delete time:3.2901763916015625e-05
delete time:3.123283386230469e-05
delete time:2.7418136596679688e-05
delete time:2.6941299438476562e-05
delete time:2.5510787963867188e-05
delete time:2.7894973754882812e-05
delete time:2.8133392333984375e-05
delete time:2.86102294921875e-05
delete time:3.1948089599609375e-05
delete time:2.288818359375e-05
delete time:2.9802322387695312e-05
delete time:2.193450927734375e-05
delete time:3.3855438232421875e-05
delete time:2.8371810913085938e-05
delete time:1.9788742065429688e-05
delete time:2.5510787963867188e-05
delete time:2.2649765014648438e-05
delete time:3.123283386230469e-05
delete time:2.6941299438476562e-05
delete time:2.384185791015625e-05
delete time:2.6226043701171875e-05
delete time:2.5987625122070312e-05
delete time:2.9325485229492188e-05
delete time:2.8848648071289062e-05
delete time:2.9802322387695312e-05
delete time:2.7179718017578125e-05
delete time:2.9087066650390625e-05
delete time:3.24249267578125e-05
delete time:2.5272369384765625e-05
delete time:2.0265579223632812e-05
delete time:2.193450927734375e-05
delete time:2.8371810913085938e-05
delete time:3.838539123535156e-05
delete time:1.9311904907226562e-05
delete time:2.86102294921875e-05
delete time:2.6702880859375e-05
delete time:2.765655517578125e-05
delete time:3.647804260253906e-05
delete time:1.9550323486328125e-05
delete time:2.4318695068359375e-05
delete time:3.123283386230469e-05
delete time:2.5272369384765625e-05
delete time:2.7179718017578125e-05
delete time:3.62396240234375e-05
delete time:2.3603439331054688e-05
delete time:2.7894973754882812e-05
delete time:2.8133392333984375e-05
delete time:2.3126602172851562e-05
delete time:1.7881393432617188e-05
delete time:3.0279159545898438e-05
delete time:2.47955322265625e-05
delete time:2.8133392333984375e-05
delete time:5.1021575927734375e-05
delete time:3.552436828613281e-05
delete time:2.9325485229492188e-05
delete time:2.2411346435546875e-05
delete time:2.5987625122070312e-05
delete time:2.3126602172851562e-05
delete time:2.4318695068359375e-05
delete time:2.6941299438476562e-05
delete time:3.123283386230469e-05
delete time:3.314018249511719e-05
delete time:2.574920654296875e-05
delete time:2.765655517578125e-05
delete time:2.3365020751953125e-05
delete time:3.147125244140625e-05
delete time:1.9311904907226562e-05
delete time:3.886222839355469e-05
delete time:2.9087066650390625e-05
delete time:2.2172927856445312e-05
delete time:2.5987625122070312e-05
delete time:2.7179718017578125e-05
delete time:3.0279159545898438e-05
delete time:2.7418136596679688e-05
delete time:7.224082946777344e-05
delete time:2.3365020751953125e-05
delete time:2.47955322265625e-05
delete time:3.218650817871094e-05
delete time:2.2411346435546875e-05
delete time:3.0279159545898438e-05
delete time:2.6941299438476562e-05
delete time:2.7418136596679688e-05
delete time:2.5987625122070312e-05
delete time:2.193450927734375e-05
delete time:3.337860107421875e-05
delete time:2.6226043701171875e-05
delete time:2.6464462280273438e-05
delete time:3.910064697265625e-05
delete time:3.337860107421875e-05
delete time:3.4332275390625e-05
delete time:4.124641418457031e-05
delete time:2.765655517578125e-05
delete time:2.3603439331054688e-05
delete time:3.218650817871094e-05
delete time:2.3603439331054688e-05
delete time:2.5272369384765625e-05
delete time:2.6702880859375e-05
delete time:3.0279159545898438e-05
delete time:2.8133392333984375e-05
delete time:3.0040740966796875e-05
delete time:1.8596649169921875e-05
delete time:2.86102294921875e-05
delete time:3.218650817871094e-05
delete time:2.8371810913085938e-05
delete time:2.574920654296875e-05
delete time:2.574920654296875e-05
delete time:3.4332275390625e-05
delete time:7.700920104980469e-05
delete time:2.86102294921875e-05
delete time:2.7894973754882812e-05
delete time:2.5987625122070312e-05
delete time:1.9788742065429688e-05
delete time:2.5033950805664062e-05
delete time:2.193450927734375e-05
delete time:2.4080276489257812e-05
delete time:3.0279159545898438e-05
delete time:3.600120544433594e-05
delete time:2.5033950805664062e-05
delete time:2.6702880859375e-05
delete time:3.361701965332031e-05
delete time:3.504753112792969e-05
delete time:2.956390380859375e-05
delete time:2.0742416381835938e-05
delete time:7.2479248046875e-05
delete time:2.6702880859375e-05
delete time:2.6464462280273438e-05
delete time:3.075599670410156e-05
delete time:2.2172927856445312e-05
delete time:3.170967102050781e-05
delete time:1.9788742065429688e-05
delete time:2.9325485229492188e-05
delete time:3.266334533691406e-05
delete time:2.574920654296875e-05
delete time:3.0517578125e-05
delete time:3.4809112548828125e-05
delete time:2.384185791015625e-05
delete time:2.6226043701171875e-05
delete time:2.6226043701171875e-05
delete time:2.9087066650390625e-05
delete time:2.3365020751953125e-05
delete time:2.9087066650390625e-05
delete time:2.8371810913085938e-05
delete time:3.337860107421875e-05
delete time:2.384185791015625e-05
delete time:2.3365020751953125e-05
delete time:2.09808349609375e-05
delete time:2.4080276489257812e-05
delete time:2.288818359375e-05
delete time:2.002716064453125e-05
delete time:3.6716461181640625e-05
delete time:2.86102294921875e-05
delete time:2.2649765014648438e-05
delete time:1.9788742065429688e-05
delete time:2.4557113647460938e-05
delete time:2.384185791015625e-05
delete time:3.147125244140625e-05
delete time:2.6226043701171875e-05
delete time:2.2649765014648438e-05
delete time:2.3603439331054688e-05
delete time:2.1696090698242188e-05
delete time:2.5033950805664062e-05
delete time:6.341934204101562e-05
delete time:2.2649765014648438e-05
delete time:2.956390380859375e-05
delete time:2.574920654296875e-05
delete time:2.5033950805664062e-05
delete time:2.4080276489257812e-05
delete time:2.8371810913085938e-05
delete time:2.8133392333984375e-05
delete time:3.409385681152344e-05
delete time:2.9802322387695312e-05
delete time:2.6702880859375e-05
delete time:2.7894973754882812e-05
delete time:2.7894973754882812e-05
delete time:1.7881393432617188e-05
delete time:3.0517578125e-05
delete time:2.5510787963867188e-05
delete time:2.6464462280273438e-05
delete time:7.176399230957031e-05
delete time:2.5510787963867188e-05
delete time:2.7894973754882812e-05
delete time:2.6702880859375e-05
delete time:3.1948089599609375e-05
delete time:2.86102294921875e-05
delete time:2.5033950805664062e-05
delete time:3.314018249511719e-05
delete time:2.3365020751953125e-05
delete time:1.9788742065429688e-05
delete time:2.9325485229492188e-05
delete time:2.1219253540039062e-05
delete time:2.5272369384765625e-05
delete time:2.8371810913085938e-05
delete time:2.6226043701171875e-05
delete time:5.078315734863281e-05
delete time:4.220008850097656e-05
delete time:2.47955322265625e-05
delete time:2.6464462280273438e-05
delete time:4.315376281738281e-05
delete time:2.4557113647460938e-05
delete time:3.147125244140625e-05
delete time:2.9802322387695312e-05
delete time:2.9087066650390625e-05
delete time:1.9311904907226562e-05
delete time:2.5033950805664062e-05
delete time:2.5272369384765625e-05
delete time:3.0040740966796875e-05
delete time:2.6941299438476562e-05
delete time:1.9788742065429688e-05
delete time:3.528594970703125e-05
delete time:3.528594970703125e-05
delete time:3.218650817871094e-05
delete time:1.7881393432617188e-05
delete time:2.5033950805664062e-05
delete time:2.3365020751953125e-05
delete time:2.384185791015625e-05
delete time:2.47955322265625e-05
delete time:2.6226043701171875e-05
delete time:3.266334533691406e-05
delete time:9.131431579589844e-05
delete time:7.414817810058594e-05
delete time:3.24249267578125e-05
delete time:2.288818359375e-05
delete time:2.7179718017578125e-05
delete time:2.2411346435546875e-05
delete time:3.170967102050781e-05
delete time:3.600120544433594e-05
delete time:7.367134094238281e-05
delete time:3.0279159545898438e-05
delete time:4.482269287109375e-05
delete time:2.5987625122070312e-05
delete time:3.170967102050781e-05
delete time:4.482269287109375e-05
delete time:2.765655517578125e-05
delete time:2.1457672119140625e-05
delete time:2.288818359375e-05
delete time:2.5033950805664062e-05
delete time:2.2411346435546875e-05
delete time:2.193450927734375e-05
delete time:2.193450927734375e-05
delete time:3.910064697265625e-05
delete time:7.724761962890625e-05
delete time:2.3365020751953125e-05
delete time:3.0040740966796875e-05
delete time:3.409385681152344e-05
delete time:2.5272369384765625e-05
delete time:3.0279159545898438e-05
delete time:2.86102294921875e-05
delete time:2.5272369384765625e-05
delete time:3.933906555175781e-05
delete time:1.6927719116210938e-05
delete time:2.8133392333984375e-05
delete time:2.5987625122070312e-05
delete time:3.838539123535156e-05
delete time:3.5762786865234375e-05
delete time:2.7418136596679688e-05
delete time:3.147125244140625e-05
delete time:4.1484832763671875e-05
delete time:2.2411346435546875e-05
delete time:3.123283386230469e-05
delete time:3.361701965332031e-05
delete time:1.9311904907226562e-05
delete time:4.315376281738281e-05
delete time:2.384185791015625e-05
delete time:2.765655517578125e-05
delete time:3.218650817871094e-05
delete time:2.7418136596679688e-05
delete time:2.574920654296875e-05
delete time:2.6941299438476562e-05
delete time:2.7179718017578125e-05
delete time:3.409385681152344e-05
delete time:3.266334533691406e-05
delete time:4.1484832763671875e-05
delete time:3.4332275390625e-05
delete time:3.218650817871094e-05
delete time:2.6226043701171875e-05
delete time:3.0040740966796875e-05
delete time:3.695487976074219e-05
delete time:3.123283386230469e-05
delete time:3.695487976074219e-05
delete time:3.0279159545898438e-05
delete time:2.193450927734375e-05
delete time:3.838539123535156e-05
delete time:3.8623809814453125e-05
delete time:2.6702880859375e-05
delete time:2.9087066650390625e-05
delete time:2.7418136596679688e-05
delete time:3.3855438232421875e-05
delete time:3.504753112792969e-05
delete time:1.9073486328125e-05
delete time:2.4557113647460938e-05
delete time:2.9087066650390625e-05
delete time:2.6702880859375e-05
delete time:1.7881393432617188e-05
delete time:3.981590270996094e-05
delete time:2.2172927856445312e-05
delete time:2.4080276489257812e-05
delete time:2.8133392333984375e-05
delete time:2.6464462280273438e-05
delete time:3.647804260253906e-05
delete time:2.9087066650390625e-05
delete time:2.3365020751953125e-05
delete time:2.193450927734375e-05
delete time:3.0279159545898438e-05
delete time:3.719329833984375e-05
delete time:1.9311904907226562e-05
delete time:2.47955322265625e-05
delete time:2.9802322387695312e-05
delete time:3.62396240234375e-05
delete time:2.8371810913085938e-05
delete time:2.288818359375e-05
delete time:2.7179718017578125e-05
delete time:3.314018249511719e-05
delete time:3.075599670410156e-05
delete time:2.0503997802734375e-05
delete time:2.2649765014648438e-05
delete time:2.5033950805664062e-05
delete time:2.86102294921875e-05
delete time:3.62396240234375e-05
delete time:2.956390380859375e-05
delete time:2.3126602172851562e-05
delete time:3.266334533691406e-05
delete time:4.1484832763671875e-05
delete time:4.291534423828125e-05
delete time:3.123283386230469e-05
delete time:3.337860107421875e-05
delete time:3.0517578125e-05
delete time:2.5987625122070312e-05
delete time:3.743171691894531e-05
delete time:1.9311904907226562e-05
delete time:3.170967102050781e-05
delete time:2.6226043701171875e-05
delete time:3.0279159545898438e-05
delete time:2.8133392333984375e-05
delete time:2.3603439331054688e-05
delete time:2.5272369384765625e-05
delete time:4.100799560546875e-05
delete time:3.552436828613281e-05
delete time:3.147125244140625e-05
delete time:3.0040740966796875e-05
delete time:1.9550323486328125e-05
delete time:2.3126602172851562e-05
delete time:2.9087066650390625e-05
delete time:2.6464462280273438e-05
delete time:3.0994415283203125e-05
delete time:4.482269287109375e-05
delete time:9.465217590332031e-05
delete time:3.790855407714844e-05
delete time:2.1219253540039062e-05
delete time:3.3855438232421875e-05
delete time:2.6226043701171875e-05
delete time:4.172325134277344e-05
delete time:2.8133392333984375e-05
delete time:2.4557113647460938e-05
delete time:2.8133392333984375e-05
delete time:2.7179718017578125e-05
delete time:3.838539123535156e-05
delete time:2.956390380859375e-05
delete time:2.5033950805664062e-05
delete time:2.0265579223632812e-05
delete time:2.9802322387695312e-05
delete time:2.3603439331054688e-05
delete time:2.6702880859375e-05
delete time:2.6464462280273438e-05
delete time:2.9087066650390625e-05
delete time:3.075599670410156e-05
delete time:3.170967102050781e-05
delete time:2.1696090698242188e-05
delete time:2.0742416381835938e-05
delete time:1.811981201171875e-05
delete time:3.075599670410156e-05
delete time:2.288818359375e-05
delete time:3.218650817871094e-05
delete time:2.1696090698242188e-05
delete time:2.7179718017578125e-05
delete time:3.1948089599609375e-05
delete time:2.4080276489257812e-05
delete time:2.384185791015625e-05
delete time:2.9087066650390625e-05
delete time:3.0279159545898438e-05
delete time:3.8623809814453125e-05
delete time:2.8848648071289062e-05
delete time:2.6226043701171875e-05
delete time:3.0040740966796875e-05
delete time:2.0503997802734375e-05
delete time:1.9550323486328125e-05
delete time:2.3603439331054688e-05
delete time:2.288818359375e-05
delete time:3.075599670410156e-05
delete time:2.2411346435546875e-05
delete time:3.0517578125e-05
delete time:2.1219253540039062e-05
delete time:1.71661376953125e-05
delete time:8.726119995117188e-05
delete time:2.6226043701171875e-05
delete time:1.8835067749023438e-05
delete time:2.1457672119140625e-05
delete time:2.86102294921875e-05
delete time:2.3126602172851562e-05
delete time:2.6702880859375e-05
delete time:2.5272369384765625e-05
delete time:3.361701965332031e-05
delete time:1.811981201171875e-05
delete time:2.6464462280273438e-05
delete time:8.606910705566406e-05
delete time:2.5272369384765625e-05
delete time:2.4080276489257812e-05
delete time:2.3603439331054688e-05
delete time:2.2411346435546875e-05
delete time:3.24249267578125e-05
delete time:2.86102294921875e-05
delete time:2.2411346435546875e-05
delete time:2.8371810913085938e-05
delete time:1.9788742065429688e-05
delete time:2.5510787963867188e-05
delete time:2.4318695068359375e-05
delete time:3.170967102050781e-05
delete time:3.409385681152344e-05
delete time:3.528594970703125e-05
delete time:2.86102294921875e-05
delete time:2.0742416381835938e-05
delete time:2.86102294921875e-05
delete time:3.075599670410156e-05
delete time:2.9802322387695312e-05
delete time:2.6226043701171875e-05
delete time:2.956390380859375e-05
delete time:2.5033950805664062e-05
delete time:2.6702880859375e-05
delete time:8.106231689453125e-05
delete time:2.1219253540039062e-05
delete time:2.193450927734375e-05
delete time:3.170967102050781e-05
delete time:4.935264587402344e-05
delete time:2.4557113647460938e-05
delete time:1.8835067749023438e-05
delete time:2.7894973754882812e-05
delete time:2.9802322387695312e-05
delete time:2.7418136596679688e-05
delete time:3.62396240234375e-05
delete time:3.266334533691406e-05
delete time:2.4080276489257812e-05
delete time:2.47955322265625e-05
delete time:3.361701965332031e-05
delete time:2.574920654296875e-05
delete time:2.6226043701171875e-05
delete time:2.288818359375e-05
delete time:2.9087066650390625e-05
delete time:2.7179718017578125e-05
delete time:1.9788742065429688e-05
delete time:2.765655517578125e-05
delete time:2.09808349609375e-05
delete time:3.409385681152344e-05
delete time:2.09808349609375e-05
delete time:1.9311904907226562e-05
delete time:2.9325485229492188e-05
delete time:2.4080276489257812e-05
delete time:2.288818359375e-05
delete time:2.956390380859375e-05
delete time:2.0265579223632812e-05
delete time:2.4318695068359375e-05
delete time:2.9325485229492188e-05
delete time:3.147125244140625e-05
delete time:2.8371810913085938e-05
delete time:2.8371810913085938e-05
delete time:3.361701965332031e-05
delete time:3.266334533691406e-05
delete time:3.170967102050781e-05
delete time:2.9325485229492188e-05
delete time:2.7179718017578125e-05
delete time:2.7179718017578125e-05
delete time:2.9802322387695312e-05
delete time:2.47955322265625e-05
delete time:2.7894973754882812e-05
delete time:2.5510787963867188e-05
delete time:2.1219253540039062e-05
delete time:2.8133392333984375e-05
delete time:2.4557113647460938e-05
delete time:2.6464462280273438e-05
delete time:2.4318695068359375e-05
delete time:2.5987625122070312e-05
delete time:2.7179718017578125e-05
delete time:2.2649765014648438e-05
delete time:2.1696090698242188e-05
delete time:3.314018249511719e-05
delete time:2.3365020751953125e-05
delete time:2.384185791015625e-05
delete time:2.193450927734375e-05
delete time:2.6464462280273438e-05
delete time:2.6226043701171875e-05
delete time:3.1948089599609375e-05
delete time:2.1457672119140625e-05
delete time:2.6464462280273438e-05
delete time:2.4318695068359375e-05
delete time:2.2649765014648438e-05
delete time:2.7418136596679688e-05
delete time:2.3126602172851562e-05
delete time:2.8848648071289062e-05
delete time:2.956390380859375e-05
delete time:2.3365020751953125e-05
delete time:8.463859558105469e-05
delete time:3.7670135498046875e-05
delete time:3.838539123535156e-05
delete time:2.47955322265625e-05
delete time:2.7418136596679688e-05
delete time:2.5987625122070312e-05
delete time:3.409385681152344e-05
delete time:2.5272369384765625e-05
delete time:2.6702880859375e-05
delete time:2.956390380859375e-05
delete time:2.4557113647460938e-05
delete time:2.1219253540039062e-05
delete time:2.0742416381835938e-05
delete time:2.3365020751953125e-05
delete time:3.123283386230469e-05
delete time:2.3365020751953125e-05
delete time:2.86102294921875e-05
delete time:2.574920654296875e-05
delete time:2.4318695068359375e-05
delete time:2.2172927856445312e-05
delete time:3.123283386230469e-05
delete time:2.5033950805664062e-05
delete time:3.337860107421875e-05
delete time:3.0040740966796875e-05
delete time:2.7894973754882812e-05
delete time:2.4557113647460938e-05
delete time:3.0279159545898438e-05
delete time:8.249282836914062e-05
delete time:2.9087066650390625e-05
delete time:2.3126602172851562e-05
delete time:2.956390380859375e-05
delete time:2.9087066650390625e-05
delete time:2.384185791015625e-05
delete time:3.0994415283203125e-05
delete time:2.384185791015625e-05
delete time:3.647804260253906e-05
delete time:3.719329833984375e-05
delete time:2.288818359375e-05
delete time:1.9073486328125e-05
delete time:1.9073486328125e-05
delete time:2.384185791015625e-05
delete time:2.5033950805664062e-05
delete time:2.4080276489257812e-05
delete time:2.574920654296875e-05
delete time:2.8848648071289062e-05
delete time:2.3126602172851562e-05
delete time:2.5272369384765625e-05
delete time:8.678436279296875e-05
delete time:3.0040740966796875e-05
delete time:2.6941299438476562e-05
delete time:3.3855438232421875e-05
delete time:3.3855438232421875e-05
delete time:3.075599670410156e-05
delete time:2.9087066650390625e-05
delete time:2.09808349609375e-05
delete time:2.6702880859375e-05
delete time:2.8848648071289062e-05
delete time:2.1457672119140625e-05
delete time:2.2411346435546875e-05
delete time:2.4557113647460938e-05
delete time:2.2172927856445312e-05
delete time:2.2649765014648438e-05
delete time:2.2649765014648438e-05
delete time:2.574920654296875e-05
delete time:3.600120544433594e-05
delete time:2.6941299438476562e-05
delete time:2.193450927734375e-05
delete time:1.7642974853515625e-05
delete time:1.9550323486328125e-05
delete time:3.2901763916015625e-05
delete time:4.172325134277344e-05
delete time:2.9325485229492188e-05
delete time:2.0503997802734375e-05
delete time:2.1219253540039062e-05
delete time:2.4557113647460938e-05
delete time:3.0279159545898438e-05
delete time:2.5987625122070312e-05
delete time:3.552436828613281e-05
delete time:3.7670135498046875e-05
delete time:2.4557113647460938e-05
delete time:4.1961669921875e-05
delete time:2.0742416381835938e-05
delete time:2.5510787963867188e-05
delete time:3.218650817871094e-05
delete time:2.86102294921875e-05
delete time:2.2411346435546875e-05
delete time:3.1948089599609375e-05
delete time:2.4318695068359375e-05
delete time:2.193450927734375e-05
delete time:2.2649765014648438e-05
delete time:2.8848648071289062e-05
delete time:3.170967102050781e-05
delete time:7.772445678710938e-05
delete time:2.3603439331054688e-05
delete time:1.9550323486328125e-05
delete time:2.9325485229492188e-05
delete time:2.0742416381835938e-05
delete time:3.337860107421875e-05
delete time:2.0503997802734375e-05
delete time:2.7894973754882812e-05
delete time:2.193450927734375e-05
delete time:2.2411346435546875e-05
delete time:1.9311904907226562e-05
delete time:2.2411346435546875e-05
delete time:1.8596649169921875e-05
delete time:1.7881393432617188e-05
delete time:2.574920654296875e-05
delete time:2.86102294921875e-05
delete time:3.123283386230469e-05
delete time:2.2649765014648438e-05
delete time:2.1457672119140625e-05
delete time:3.62396240234375e-05
delete time:3.0040740966796875e-05
delete time:2.5033950805664062e-05
delete time:2.6702880859375e-05
delete time:2.193450927734375e-05
delete time:3.147125244140625e-05
delete time:2.9325485229492188e-05
delete time:2.8133392333984375e-05
delete time:3.409385681152344e-05
delete time:2.6464462280273438e-05
delete time:2.4080276489257812e-05
delete time:2.384185791015625e-05
delete time:2.86102294921875e-05
delete time:2.9325485229492188e-05
delete time:2.6702880859375e-05
delete time:3.0279159545898438e-05
delete time:2.8848648071289062e-05
delete time:2.384185791015625e-05
delete time:2.5033950805664062e-05
delete time:2.7179718017578125e-05
delete time:2.765655517578125e-05
delete time:2.7418136596679688e-05
delete time:2.6702880859375e-05
delete time:1.8596649169921875e-05
delete time:2.0265579223632812e-05
delete time:2.2172927856445312e-05
delete time:8.153915405273438e-05
delete time:2.6941299438476562e-05
delete time:2.7418136596679688e-05
delete time:3.170967102050781e-05
delete time:2.6464462280273438e-05
delete time:7.796287536621094e-05
delete time:2.9325485229492188e-05
delete time:3.0040740966796875e-05
delete time:2.384185791015625e-05
delete time:2.4318695068359375e-05
delete time:2.2649765014648438e-05
delete time:2.288818359375e-05
delete time:4.553794860839844e-05
delete time:2.7894973754882812e-05
delete time:1.9311904907226562e-05
delete time:2.4080276489257812e-05
delete time:3.2901763916015625e-05
delete time:1.811981201171875e-05
delete time:2.2172927856445312e-05
delete time:2.2411346435546875e-05
delete time:1.9550323486328125e-05
delete time:2.0265579223632812e-05
delete time:2.9325485229492188e-05
delete time:2.6941299438476562e-05
delete time:2.7179718017578125e-05
delete time:2.5272369384765625e-05
delete time:2.6226043701171875e-05
delete time:2.6464462280273438e-05
delete time:2.765655517578125e-05
delete time:2.3126602172851562e-05
delete time:2.0503997802734375e-05
delete time:1.811981201171875e-05
delete time:2.9802322387695312e-05
delete time:2.5272369384765625e-05
delete time:1.6689300537109375e-05
delete time:2.002716064453125e-05
delete time:2.193450927734375e-05
delete time:3.1948089599609375e-05
delete time:2.5033950805664062e-05
delete time:3.3855438232421875e-05
delete time:2.6464462280273438e-05
delete time:2.2172927856445312e-05
delete time:2.3603439331054688e-05
delete time:2.9087066650390625e-05
delete time:2.193450927734375e-05
delete time:2.193450927734375e-05
delete time:2.0503997802734375e-05
delete time:2.6702880859375e-05
delete time:2.8371810913085938e-05
delete time:2.384185791015625e-05
delete time:2.8133392333984375e-05
delete time:2.3365020751953125e-05
delete time:2.956390380859375e-05
delete time:1.9788742065429688e-05
delete time:2.3365020751953125e-05
delete time:2.47955322265625e-05
delete time:3.0517578125e-05
delete time:2.8848648071289062e-05
delete time:3.170967102050781e-05
delete time:2.002716064453125e-05
delete time:2.1696090698242188e-05
delete time:8.225440979003906e-05
delete time:2.5272369384765625e-05
delete time:2.574920654296875e-05
delete time:2.4557113647460938e-05
delete time:2.1696090698242188e-05
delete time:2.1696090698242188e-05
delete time:2.9802322387695312e-05
delete time:2.4557113647460938e-05
delete time:2.2411346435546875e-05
delete time:7.915496826171875e-05
delete time:2.3365020751953125e-05
delete time:2.5033950805664062e-05
delete time:2.09808349609375e-05
delete time:2.3603439331054688e-05
delete time:2.09808349609375e-05
delete time:2.8848648071289062e-05
delete time:3.147125244140625e-05
delete time:2.1219253540039062e-05
delete time:2.2411346435546875e-05
delete time:3.147125244140625e-05
delete time:3.0994415283203125e-05
delete time:2.5033950805664062e-05
delete time:2.3126602172851562e-05
delete time:3.910064697265625e-05
delete time:2.288818359375e-05
delete time:2.2411346435546875e-05
delete time:2.09808349609375e-05
delete time:2.384185791015625e-05
delete time:2.5033950805664062e-05
delete time:2.7418136596679688e-05
delete time:2.0265579223632812e-05
delete time:3.886222839355469e-05
delete time:2.86102294921875e-05
delete time:2.3365020751953125e-05
delete time:2.1696090698242188e-05
delete time:2.6464462280273438e-05
delete time:4.267692565917969e-05
delete time:3.6716461181640625e-05
delete time:6.985664367675781e-05
delete time:2.002716064453125e-05
delete time:1.811981201171875e-05
delete time:3.0994415283203125e-05
delete time:2.7179718017578125e-05
delete time:1.621246337890625e-05
delete time:2.193450927734375e-05
delete time:2.86102294921875e-05
delete time:2.47955322265625e-05
delete time:2.3365020751953125e-05
delete time:2.6464462280273438e-05
delete time:3.600120544433594e-05
delete time:7.390975952148438e-05
delete time:2.6702880859375e-05
delete time:2.7894973754882812e-05
delete time:2.3126602172851562e-05
delete time:2.1219253540039062e-05
delete time:1.8835067749023438e-05
delete time:1.7642974853515625e-05
delete time:3.504753112792969e-05
delete time:2.765655517578125e-05
delete time:2.193450927734375e-05
delete time:2.6702880859375e-05
delete time:2.384185791015625e-05
delete time:3.0279159545898438e-05
delete time:2.4318695068359375e-05
delete time:2.765655517578125e-05
delete time:2.0742416381835938e-05
delete time:1.9311904907226562e-05
delete time:2.3603439331054688e-05
delete time:2.3365020751953125e-05
delete time:2.8371810913085938e-05
delete time:2.2411346435546875e-05
delete time:1.7642974853515625e-05
delete time:2.2649765014648438e-05
delete time:2.0742416381835938e-05
delete time:3.1948089599609375e-05
delete time:2.956390380859375e-05
delete time:2.7418136596679688e-05
delete time:2.288818359375e-05
delete time:6.437301635742188e-05
delete time:1.9073486328125e-05
delete time:1.8835067749023438e-05
delete time:3.504753112792969e-05
delete time:2.8371810913085938e-05
delete time:4.0531158447265625e-05
delete time:1.8358230590820312e-05
delete time:7.033348083496094e-05
delete time:2.0742416381835938e-05
delete time:2.5033950805664062e-05
delete time:2.47955322265625e-05
delete time:2.3365020751953125e-05
delete time:2.0742416381835938e-05
delete time:2.0742416381835938e-05
delete time:1.7642974853515625e-05
delete time:1.71661376953125e-05
delete time:2.765655517578125e-05
delete time:3.838539123535156e-05
delete time:2.5987625122070312e-05
delete time:2.5033950805664062e-05
delete time:1.8596649169921875e-05
delete time:2.2172927856445312e-05
delete time:2.6464462280273438e-05
delete time:2.5510787963867188e-05
delete time:1.5497207641601562e-05
delete time:1.9073486328125e-05
delete time:2.1219253540039062e-05
delete time:1.8596649169921875e-05
delete time:2.2649765014648438e-05
delete time:3.0040740966796875e-05
delete time:1.7642974853515625e-05
delete time:2.288818359375e-05
delete time:1.9788742065429688e-05
delete time:2.4080276489257812e-05
delete time:2.2411346435546875e-05
delete time:4.100799560546875e-05
delete time:1.9788742065429688e-05
delete time:2.1457672119140625e-05
delete time:2.8848648071289062e-05
delete time:3.218650817871094e-05
delete time:2.384185791015625e-05
delete time:3.2901763916015625e-05
delete time:4.2438507080078125e-05
delete time:2.0265579223632812e-05
delete time:2.2411346435546875e-05
delete time:3.6716461181640625e-05
delete time:2.5987625122070312e-05
delete time:3.314018249511719e-05
delete time:1.9788742065429688e-05
delete time:2.193450927734375e-05
delete time:2.193450927734375e-05
delete time:1.9788742065429688e-05
delete time:2.3126602172851562e-05
delete time:2.1219253540039062e-05
delete time:1.9788742065429688e-05
delete time:2.2649765014648438e-05
delete time:1.9550323486328125e-05
delete time:1.8358230590820312e-05
delete time:2.0742416381835938e-05
delete time:2.1219253540039062e-05
delete time:0.00011515617370605469
delete time:2.4080276489257812e-05
delete time:2.1696090698242188e-05
delete time:3.838539123535156e-05
delete time:1.6689300537109375e-05
delete time:2.4557113647460938e-05
delete time:3.0040740966796875e-05
delete time:1.71661376953125e-05
delete time:2.1457672119140625e-05
delete time:1.4543533325195312e-05
delete time:3.0517578125e-05
delete time:3.170967102050781e-05
delete time:3.743171691894531e-05
delete time:2.4557113647460938e-05
delete time:2.5987625122070312e-05
delete time:2.002716064453125e-05
delete time:1.8596649169921875e-05
delete time:2.0503997802734375e-05
delete time:1.9788742065429688e-05
delete time:3.3855438232421875e-05
delete time:1.621246337890625e-05
delete time:7.82012939453125e-05
delete time:3.910064697265625e-05
delete time:1.7881393432617188e-05
delete time:2.002716064453125e-05
delete time:1.621246337890625e-05
delete time:1.6689300537109375e-05
delete time:2.9802322387695312e-05
delete time:2.5987625122070312e-05
delete time:1.8596649169921875e-05
delete time:2.9802322387695312e-05
delete time:1.6689300537109375e-05
delete time:2.193450927734375e-05
delete time:1.7881393432617188e-05
delete time:1.811981201171875e-05
delete time:1.8596649169921875e-05
delete time:1.811981201171875e-05
delete time:1.5497207641601562e-05
delete time:2.09808349609375e-05
delete time:3.218650817871094e-05
delete time:3.4332275390625e-05
delete time:2.9325485229492188e-05
delete time:2.6941299438476562e-05
delete time:1.621246337890625e-05
delete time:3.266334533691406e-05
delete time:1.71661376953125e-05
delete time:1.5974044799804688e-05
delete time:2.4318695068359375e-05
delete time:2.9325485229492188e-05
delete time:1.4781951904296875e-05
delete time:2.1219253540039062e-05
delete time:1.9788742065429688e-05
delete time:1.6689300537109375e-05
delete time:3.0994415283203125e-05
delete time:2.7179718017578125e-05
delete time:6.67572021484375e-05
delete time:6.151199340820312e-05
delete time:3.075599670410156e-05
delete time:2.9802322387695312e-05
delete time:6.127357482910156e-05
delete time:5.91278076171875e-05
delete time:5.793571472167969e-05
delete time:5.9604644775390625e-05
delete time:6.461143493652344e-05
delete time:2.765655517578125e-05
delete time:5.507469177246094e-05
delete time:5.9604644775390625e-05
delete time:2.5510787963867188e-05
delete time:5.6743621826171875e-05
delete time:2.956390380859375e-05
delete time:5.555152893066406e-05
delete time:1.4781951904296875e-05
delete time:5.435943603515625e-05
delete time:3.0040740966796875e-05
delete time:2.8133392333984375e-05
delete time:5.8650970458984375e-05
delete time:5.888938903808594e-05
delete time:5.364418029785156e-05
delete time:5.269050598144531e-05
delete time:2.4080276489257812e-05
delete time:2.4318695068359375e-05
delete time:5.125999450683594e-05
delete time:2.5987625122070312e-05
delete time:5.173683166503906e-05
delete time:5.340576171875e-05
delete time:2.6226043701171875e-05
delete time:6.341934204101562e-05
delete time:2.4318695068359375e-05
delete time:4.982948303222656e-05
delete time:4.9591064453125e-05
delete time:5.14984130859375e-05
delete time:5.0067901611328125e-05
delete time:4.9591064453125e-05
delete time:5.745887756347656e-05
delete time:4.792213439941406e-05
delete time:6.4849853515625e-05
delete time:2.3126602172851562e-05
delete time:4.935264587402344e-05
delete time:5.221366882324219e-05
delete time:5.054473876953125e-05
delete time:3.123283386230469e-05
delete time:2.5987625122070312e-05
delete time:3.24249267578125e-05
delete time:2.9087066650390625e-05
delete time:2.1696090698242188e-05
delete time:2.6702880859375e-05
delete time:4.673004150390625e-05
delete time:5.340576171875e-05
delete time:2.0503997802734375e-05
delete time:2.956390380859375e-05
delete time:5.364418029785156e-05
delete time:6.0558319091796875e-05
delete time:3.337860107421875e-05
delete time:3.600120544433594e-05
delete time:5.078315734863281e-05
delete time:1.9788742065429688e-05
delete time:4.76837158203125e-05
delete time:4.57763671875e-05
delete time:4.696846008300781e-05
delete time:4.601478576660156e-05
delete time:2.765655517578125e-05
delete time:2.193450927734375e-05
delete time:2.8848648071289062e-05
delete time:4.601478576660156e-05
delete time:2.2649765014648438e-05
delete time:5.0067901611328125e-05
delete time:4.553794860839844e-05
delete time:4.553794860839844e-05
delete time:1.8835067749023438e-05
delete time:4.601478576660156e-05
delete time:4.363059997558594e-05
delete time:4.649162292480469e-05
delete time:2.4557113647460938e-05
delete time:5.459785461425781e-05
delete time:4.506111145019531e-05
delete time:4.291534423828125e-05
delete time:3.123283386230469e-05
delete time:4.6253204345703125e-05
delete time:2.6941299438476562e-05
delete time:2.3126602172851562e-05
delete time:3.218650817871094e-05
delete time:3.7670135498046875e-05
delete time:4.220008850097656e-05
delete time:5.125999450683594e-05
delete time:2.0503997802734375e-05
delete time:2.3365020751953125e-05
delete time:4.839897155761719e-05
delete time:4.124641418457031e-05
delete time:4.124641418457031e-05
delete time:4.410743713378906e-05
delete time:4.696846008300781e-05
delete time:4.076957702636719e-05
delete time:3.8623809814453125e-05
delete time:4.696846008300781e-05
delete time:3.933906555175781e-05
delete time:3.4809112548828125e-05
delete time:3.981590270996094e-05
delete time:4.839897155761719e-05
delete time:3.886222839355469e-05
delete time:4.744529724121094e-05
delete time:3.695487976074219e-05
delete time:3.719329833984375e-05
delete time:3.4809112548828125e-05
delete time:3.600120544433594e-05
delete time:3.7670135498046875e-05
delete time:3.647804260253906e-05
delete time:2.9325485229492188e-05
delete time:3.814697265625e-05
delete time:3.0517578125e-05
delete time:4.1484832763671875e-05
delete time:4.2438507080078125e-05
delete time:3.7670135498046875e-05
delete time:3.409385681152344e-05
delete time:3.4332275390625e-05
delete time:3.266334533691406e-05
delete time:3.457069396972656e-05
delete time:3.8623809814453125e-05
delete time:2.2411346435546875e-05
delete time:3.886222839355469e-05
delete time:3.337860107421875e-05
delete time:3.4809112548828125e-05
delete time:5.364418029785156e-05
delete time:2.574920654296875e-05
delete time:4.172325134277344e-05
delete time:3.4332275390625e-05
delete time:3.409385681152344e-05
delete time:3.4809112548828125e-05
delete time:3.5762786865234375e-05
delete time:3.600120544433594e-05
delete time:3.314018249511719e-05
delete time:3.457069396972656e-05
delete time:3.409385681152344e-05
delete time:3.170967102050781e-05
delete time:3.266334533691406e-05
delete time:4.696846008300781e-05
delete time:3.8623809814453125e-05
delete time:3.0279159545898438e-05
delete time:3.218650817871094e-05
delete time:3.0994415283203125e-05
delete time:3.123283386230469e-05
delete time:3.4332275390625e-05
delete time:2.574920654296875e-05
delete time:3.528594970703125e-05
delete time:3.075599670410156e-05
delete time:2.6464462280273438e-05
delete time:3.6716461181640625e-05
delete time:3.600120544433594e-05
delete time:3.123283386230469e-05
delete time:3.0517578125e-05
delete time:3.790855407714844e-05
delete time:3.337860107421875e-05
delete time:3.0994415283203125e-05
delete time:3.6716461181640625e-05
delete time:3.0279159545898438e-05
delete time:2.8133392333984375e-05
delete time:4.696846008300781e-05
delete time:3.0279159545898438e-05
delete time:2.9325485229492188e-05
delete time:2.09808349609375e-05
delete time:3.0994415283203125e-05
delete time:3.647804260253906e-05
delete time:3.5762786865234375e-05
delete time:3.457069396972656e-05
delete time:3.0279159545898438e-05
delete time:2.9087066650390625e-05
delete time:2.8133392333984375e-05
delete time:2.7179718017578125e-05
delete time:3.361701965332031e-05
delete time:2.7894973754882812e-05
delete time:4.863739013671875e-05
delete time:2.8371810913085938e-05
delete time:3.4332275390625e-05
delete time:3.647804260253906e-05
delete time:2.7418136596679688e-05
delete time:2.7179718017578125e-05
delete time:1.7881393432617188e-05
delete time:2.8133392333984375e-05
delete time:2.8371810913085938e-05
delete time:2.8133392333984375e-05
delete time:2.5987625122070312e-05
delete time:2.4557113647460938e-05
delete time:2.7418136596679688e-05
delete time:2.7418136596679688e-05
delete time:2.956390380859375e-05
delete time:3.7670135498046875e-05
delete time:3.4809112548828125e-05
delete time:3.170967102050781e-05
delete time:2.5987625122070312e-05
delete time:2.4318695068359375e-05
delete time:3.075599670410156e-05
delete time:2.765655517578125e-05
delete time:2.8133392333984375e-05
delete time:2.7418136596679688e-05
delete time:2.9325485229492188e-05
delete time:2.8848648071289062e-05
delete time:2.8371810913085938e-05
delete time:2.5510787963867188e-05
delete time:3.647804260253906e-05
delete time:2.7179718017578125e-05
delete time:2.193450927734375e-05
delete time:2.574920654296875e-05
delete time:2.2411346435546875e-05
delete time:2.9802322387695312e-05
delete time:2.3126602172851562e-05
delete time:2.6702880859375e-05
delete time:2.7179718017578125e-05
delete time:2.5510787963867188e-05
delete time:2.5272369384765625e-05
delete time:3.0279159545898438e-05
delete time:2.4080276489257812e-05
delete time:3.266334533691406e-05
delete time:2.765655517578125e-05
delete time:3.719329833984375e-05
delete time:3.504753112792969e-05
delete time:2.4318695068359375e-05
delete time:2.4557113647460938e-05
delete time:2.5272369384765625e-05
delete time:2.4080276489257812e-05
delete time:3.8623809814453125e-05
delete time:3.62396240234375e-05
delete time:2.6941299438476562e-05
delete time:2.5272369384765625e-05
delete time:2.5272369384765625e-05
delete time:2.7179718017578125e-05
delete time:3.552436828613281e-05
delete time:3.0279159545898438e-05
delete time:3.0040740966796875e-05
delete time:3.147125244140625e-05
delete time:3.0517578125e-05
delete time:2.384185791015625e-05
delete time:3.361701965332031e-05
delete time:2.9802322387695312e-05
delete time:2.5987625122070312e-05
delete time:2.5510787963867188e-05
delete time:2.5987625122070312e-05
delete time:2.574920654296875e-05
delete time:3.4809112548828125e-05
delete time:2.6702880859375e-05
delete time:2.9087066650390625e-05
delete time:2.7418136596679688e-05
delete time:2.7894973754882812e-05
delete time:2.8848648071289062e-05
delete time:3.0040740966796875e-05
delete time:2.5987625122070312e-05
delete time:2.0742416381835938e-05
delete time:2.5033950805664062e-05
delete time:2.3126602172851562e-05
delete time:2.47955322265625e-05
delete time:2.574920654296875e-05
delete time:2.6226043701171875e-05
delete time:3.552436828613281e-05
delete time:3.123283386230469e-05
delete time:1.9550323486328125e-05
delete time:2.2172927856445312e-05
delete time:2.002716064453125e-05
delete time:2.2411346435546875e-05
delete time:2.0742416381835938e-05
delete time:2.5510787963867188e-05
delete time:2.2649765014648438e-05
delete time:2.2649765014648438e-05
delete time:2.2172927856445312e-05
delete time:2.5033950805664062e-05
delete time:3.1948089599609375e-05
delete time:2.09808349609375e-05
delete time:2.5033950805664062e-05
delete time:2.4557113647460938e-05
delete time:2.384185791015625e-05
delete time:2.0742416381835938e-05
delete time:2.4080276489257812e-05
delete time:4.1961669921875e-05
delete time:2.1696090698242188e-05
delete time:2.3126602172851562e-05
delete time:1.9788742065429688e-05
delete time:2.3603439331054688e-05
delete time:2.0742416381835938e-05
delete time:2.8133392333984375e-05
delete time:2.002716064453125e-05
delete time:2.7179718017578125e-05
delete time:3.24249267578125e-05
delete time:2.002716064453125e-05
delete time:3.457069396972656e-05
delete time:3.0994415283203125e-05
delete time:2.0742416381835938e-05
delete time:2.574920654296875e-05
delete time:2.1457672119140625e-05
delete time:3.361701965332031e-05
delete time:2.4080276489257812e-05
delete time:3.3855438232421875e-05
delete time:2.7179718017578125e-05
delete time:2.3603439331054688e-05
delete time:2.09808349609375e-05
delete time:3.0279159545898438e-05
delete time:2.2172927856445312e-05
delete time:2.0742416381835938e-05
delete time:2.6464462280273438e-05
delete time:3.409385681152344e-05
delete time:3.218650817871094e-05
delete time:2.002716064453125e-05
delete time:1.9788742065429688e-05
delete time:2.8371810913085938e-05
delete time:3.170967102050781e-05
delete time:2.0265579223632812e-05
delete time:3.147125244140625e-05
delete time:2.7894973754882812e-05
delete time:2.7894973754882812e-05
delete time:1.7404556274414062e-05
delete time:2.7894973754882812e-05
delete time:2.2649765014648438e-05
delete time:2.5987625122070312e-05
delete time:2.7418136596679688e-05
delete time:2.3603439331054688e-05
delete time:2.09808349609375e-05
delete time:2.2172927856445312e-05
delete time:3.838539123535156e-05
delete time:2.2172927856445312e-05
delete time:3.123283386230469e-05
delete time:3.24249267578125e-05
delete time:1.811981201171875e-05
delete time:3.1948089599609375e-05
delete time:2.7179718017578125e-05
delete time:1.9311904907226562e-05
delete time:2.193450927734375e-05
delete time:1.9073486328125e-05
delete time:2.574920654296875e-05
delete time:2.2411346435546875e-05
delete time:2.86102294921875e-05
delete time:2.1219253540039062e-05
delete time:3.457069396972656e-05
delete time:2.5987625122070312e-05
delete time:2.384185791015625e-05
delete time:3.218650817871094e-05
delete time:1.9550323486328125e-05
delete time:2.5510787963867188e-05
delete time:2.3365020751953125e-05
delete time:2.765655517578125e-05
delete time:2.5033950805664062e-05
delete time:0.00010323524475097656
delete time:2.9802322387695312e-05
delete time:3.695487976074219e-05
delete time:3.337860107421875e-05
delete time:2.8133392333984375e-05
delete time:3.0279159545898438e-05
delete time:2.1457672119140625e-05
delete time:3.337860107421875e-05
delete time:2.5987625122070312e-05
delete time:3.1948089599609375e-05
delete time:2.384185791015625e-05
delete time:2.47955322265625e-05
delete time:2.09808349609375e-05
delete time:2.7894973754882812e-05
delete time:2.6464462280273438e-05
delete time:2.193450927734375e-05
delete time:2.574920654296875e-05
delete time:3.600120544433594e-05
delete time:2.002716064453125e-05
delete time:3.0279159545898438e-05
delete time:3.552436828613281e-05
delete time:2.6464462280273438e-05
delete time:2.6226043701171875e-05
delete time:2.6464462280273438e-05
delete time:3.504753112792969e-05
delete time:3.7670135498046875e-05
delete time:3.24249267578125e-05
delete time:2.956390380859375e-05
delete time:3.0517578125e-05
delete time:2.574920654296875e-05
delete time:2.3126602172851562e-05
delete time:2.8371810913085938e-05
delete time:2.6941299438476562e-05
delete time:2.8371810913085938e-05
delete time:3.218650817871094e-05
delete time:2.002716064453125e-05
delete time:2.4557113647460938e-05
delete time:2.288818359375e-05
delete time:2.8848648071289062e-05
delete time:2.9802322387695312e-05
delete time:2.3603439331054688e-05
delete time:2.9802322387695312e-05
delete time:2.0503997802734375e-05
delete time:2.9802322387695312e-05
delete time:2.8848648071289062e-05
delete time:3.504753112792969e-05
delete time:3.0040740966796875e-05
delete time:3.0279159545898438e-05
delete time:2.5510787963867188e-05
delete time:3.8623809814453125e-05
delete time:2.6464462280273438e-05
delete time:2.86102294921875e-05
delete time:4.267692565917969e-05
delete time:3.1948089599609375e-05
delete time:2.384185791015625e-05
delete time:2.8133392333984375e-05
delete time:2.7179718017578125e-05
delete time:2.2411346435546875e-05
delete time:3.504753112792969e-05
delete time:3.314018249511719e-05
delete time:3.361701965332031e-05
delete time:3.075599670410156e-05
delete time:3.218650817871094e-05
delete time:3.504753112792969e-05
delete time:2.6464462280273438e-05
delete time:3.361701965332031e-05
delete time:2.47955322265625e-05
delete time:2.4080276489257812e-05
delete time:2.9087066650390625e-05
delete time:1.9788742065429688e-05
delete time:3.266334533691406e-05
delete time:3.4332275390625e-05
delete time:3.6716461181640625e-05
delete time:2.002716064453125e-05
delete time:2.956390380859375e-05
delete time:2.5510787963867188e-05
delete time:3.743171691894531e-05
delete time:2.765655517578125e-05
delete time:2.9802322387695312e-05
delete time:2.9325485229492188e-05
delete time:2.7894973754882812e-05
delete time:3.0279159545898438e-05
delete time:2.9087066650390625e-05
delete time:2.9325485229492188e-05
delete time:3.2901763916015625e-05
delete time:3.0279159545898438e-05
delete time:3.2901763916015625e-05
delete time:3.0994415283203125e-05
delete time:3.0517578125e-05
delete time:2.8133392333984375e-05
delete time:3.9577484130859375e-05
delete time:2.4557113647460938e-05
delete time:5.1021575927734375e-05
delete time:2.6941299438476562e-05
delete time:2.9087066650390625e-05
delete time:2.7894973754882812e-05
delete time:2.6464462280273438e-05
delete time:3.0279159545898438e-05
delete time:3.0517578125e-05
delete time:3.147125244140625e-05
delete time:4.315376281738281e-05
delete time:2.6941299438476562e-05
delete time:2.7179718017578125e-05
delete time:3.457069396972656e-05
delete time:3.0517578125e-05
delete time:3.147125244140625e-05
delete time:2.7894973754882812e-05
delete time:3.24249267578125e-05
delete time:3.218650817871094e-05
delete time:3.0279159545898438e-05
delete time:2.6226043701171875e-05
delete time:3.0279159545898438e-05
delete time:2.7894973754882812e-05
delete time:3.075599670410156e-05
delete time:3.24249267578125e-05
delete time:4.744529724121094e-05
delete time:3.0517578125e-05
delete time:2.7179718017578125e-05
delete time:3.409385681152344e-05
delete time:3.6716461181640625e-05
delete time:2.6226043701171875e-05
delete time:2.0265579223632812e-05
delete time:2.9802322387695312e-05
delete time:3.5762786865234375e-05
delete time:3.719329833984375e-05
delete time:3.3855438232421875e-05
delete time:2.8371810913085938e-05
delete time:3.7670135498046875e-05
delete time:3.147125244140625e-05
delete time:3.361701965332031e-05
delete time:2.9802322387695312e-05
delete time:2.8133392333984375e-05
delete time:2.574920654296875e-05
delete time:3.3855438232421875e-05
delete time:3.147125244140625e-05
delete time:2.86102294921875e-05
delete time:1.8596649169921875e-05
delete time:2.9802322387695312e-05
delete time:2.7179718017578125e-05
delete time:2.574920654296875e-05
delete time:3.147125244140625e-05
delete time:2.3603439331054688e-05
delete time:3.123283386230469e-05
delete time:1.8358230590820312e-05
delete time:2.7179718017578125e-05
delete time:3.337860107421875e-05
delete time:2.8848648071289062e-05
delete time:3.123283386230469e-05
delete time:2.5510787963867188e-05
delete time:3.9577484130859375e-05
delete time:3.218650817871094e-05
delete time:2.7179718017578125e-05
delete time:2.3126602172851562e-05
delete time:3.528594970703125e-05
delete time:2.6464462280273438e-05
delete time:2.6464462280273438e-05
delete time:4.029273986816406e-05
delete time:3.743171691894531e-05
delete time:2.0742416381835938e-05
delete time:3.1948089599609375e-05
delete time:3.1948089599609375e-05
delete time:2.6464462280273438e-05
delete time:3.218650817871094e-05
delete time:3.0279159545898438e-05
delete time:2.956390380859375e-05
delete time:3.504753112792969e-05
delete time:2.2649765014648438e-05
delete time:2.5272369384765625e-05
delete time:2.5033950805664062e-05
delete time:4.410743713378906e-05
delete time:2.9325485229492188e-05
delete time:3.2901763916015625e-05
delete time:2.5510787963867188e-05
delete time:2.5272369384765625e-05
delete time:3.218650817871094e-05
delete time:2.6941299438476562e-05
delete time:3.886222839355469e-05
delete time:2.9087066650390625e-05
delete time:3.647804260253906e-05
delete time:3.337860107421875e-05
delete time:4.076957702636719e-05
delete time:2.8848648071289062e-05
delete time:3.743171691894531e-05
delete time:3.0040740966796875e-05
delete time:2.765655517578125e-05
delete time:2.6702880859375e-05
delete time:3.24249267578125e-05
delete time:3.6716461181640625e-05
delete time:3.0279159545898438e-05
delete time:2.5272369384765625e-05
delete time:2.3365020751953125e-05
delete time:2.7418136596679688e-05
delete time:3.0994415283203125e-05
delete time:3.600120544433594e-05
delete time:3.0279159545898438e-05
delete time:3.0279159545898438e-05
delete time:3.695487976074219e-05
delete time:3.2901763916015625e-05
delete time:1.811981201171875e-05
delete time:3.600120544433594e-05
delete time:3.147125244140625e-05
delete time:2.956390380859375e-05
delete time:2.7894973754882812e-05
delete time:2.956390380859375e-05
delete time:2.4080276489257812e-05
delete time:3.409385681152344e-05
delete time:3.170967102050781e-05
delete time:3.528594970703125e-05
delete time:2.1696090698242188e-05
delete time:3.0517578125e-05
delete time:2.8371810913085938e-05
delete time:2.9087066650390625e-05
delete time:3.8623809814453125e-05
delete time:2.6226043701171875e-05
delete time:3.0517578125e-05
delete time:2.2172927856445312e-05
delete time:2.6226043701171875e-05
delete time:3.266334533691406e-05
delete time:2.5033950805664062e-05
delete time:2.7894973754882812e-05
delete time:2.4557113647460938e-05
delete time:2.7894973754882812e-05
delete time:3.600120544433594e-05
delete time:2.5033950805664062e-05
delete time:2.8848648071289062e-05
delete time:3.1948089599609375e-05
delete time:3.5762786865234375e-05
delete time:3.266334533691406e-05
delete time:3.123283386230469e-05
delete time:3.600120544433594e-05
delete time:2.4557113647460938e-05
delete time:3.600120544433594e-05
delete time:2.5510787963867188e-05
delete time:2.4080276489257812e-05
delete time:3.886222839355469e-05
delete time:3.0040740966796875e-05
delete time:2.86102294921875e-05
delete time:3.600120544433594e-05
delete time:3.147125244140625e-05
delete time:2.6941299438476562e-05
delete time:3.7670135498046875e-05
delete time:3.3855438232421875e-05
delete time:2.8371810913085938e-05
delete time:3.3855438232421875e-05
delete time:3.933906555175781e-05
delete time:4.57763671875e-05
delete time:3.337860107421875e-05
delete time:2.6702880859375e-05
delete time:3.3855438232421875e-05
delete time:2.86102294921875e-05
delete time:2.7894973754882812e-05
delete time:2.8371810913085938e-05
delete time:3.1948089599609375e-05
delete time:3.528594970703125e-05
delete time:2.5987625122070312e-05
delete time:3.9577484130859375e-05
delete time:2.8848648071289062e-05
delete time:3.4809112548828125e-05
delete time:2.4318695068359375e-05
delete time:2.8371810913085938e-05
delete time:3.910064697265625e-05
delete time:2.8133392333984375e-05
delete time:2.8848648071289062e-05
delete time:3.361701965332031e-05
delete time:3.4332275390625e-05
delete time:2.4080276489257812e-05
delete time:3.6716461181640625e-05
delete time:3.7670135498046875e-05
delete time:2.09808349609375e-05
delete time:2.3126602172851562e-05
delete time:3.170967102050781e-05
delete time:2.6226043701171875e-05
delete time:4.601478576660156e-05
delete time:3.337860107421875e-05
delete time:3.3855438232421875e-05
delete time:3.5762786865234375e-05
delete time:3.7670135498046875e-05
delete time:2.765655517578125e-05
delete time:3.1948089599609375e-05
delete time:2.2649765014648438e-05
delete time:2.3603439331054688e-05
delete time:4.00543212890625e-05
delete time:2.6226043701171875e-05
delete time:3.0517578125e-05
delete time:3.600120544433594e-05
delete time:2.9325485229492188e-05
delete time:3.647804260253906e-05
delete time:3.123283386230469e-05
delete time:3.457069396972656e-05
delete time:3.0040740966796875e-05
delete time:2.86102294921875e-05
delete time:2.8133392333984375e-05
delete time:3.0040740966796875e-05
delete time:2.765655517578125e-05
delete time:3.170967102050781e-05
delete time:3.361701965332031e-05
delete time:3.2901763916015625e-05
delete time:3.5762786865234375e-05
delete time:2.574920654296875e-05
delete time:3.981590270996094e-05
delete time:2.7179718017578125e-05
delete time:2.6226043701171875e-05
delete time:3.838539123535156e-05
delete time:3.0517578125e-05
delete time:3.218650817871094e-05
delete time:3.24249267578125e-05
delete time:3.4809112548828125e-05
delete time:2.6941299438476562e-05
delete time:3.838539123535156e-05
delete time:3.0517578125e-05
delete time:2.9087066650390625e-05
delete time:2.7179718017578125e-05
delete time:3.743171691894531e-05
delete time:3.314018249511719e-05
delete time:3.170967102050781e-05
delete time:4.482269287109375e-05
delete time:3.981590270996094e-05
delete time:2.8848648071289062e-05
delete time:3.218650817871094e-05
delete time:3.123283386230469e-05
delete time:3.123283386230469e-05
delete time:3.0994415283203125e-05
delete time:3.0994415283203125e-05
delete time:3.647804260253906e-05
delete time:3.552436828613281e-05
delete time:2.9802322387695312e-05
delete time:3.361701965332031e-05
delete time:3.2901763916015625e-05
delete time:2.3365020751953125e-05
delete time:3.7670135498046875e-05
delete time:2.9087066650390625e-05
delete time:3.4332275390625e-05
delete time:3.170967102050781e-05
delete time:3.504753112792969e-05
delete time:3.7670135498046875e-05
delete time:2.5987625122070312e-05
delete time:2.9325485229492188e-05
delete time:3.528594970703125e-05
delete time:4.00543212890625e-05
delete time:4.3392181396484375e-05
delete time:3.8623809814453125e-05
delete time:2.7418136596679688e-05
delete time:2.7894973754882812e-05
delete time:3.719329833984375e-05
delete time:2.7894973754882812e-05
delete time:3.600120544433594e-05
delete time:3.147125244140625e-05
delete time:3.1948089599609375e-05
delete time:2.9087066650390625e-05
delete time:3.0279159545898438e-05
delete time:4.315376281738281e-05
delete time:2.956390380859375e-05
delete time:3.123283386230469e-05
delete time:2.4318695068359375e-05
delete time:2.9325485229492188e-05
delete time:3.4809112548828125e-05
delete time:3.218650817871094e-05
delete time:2.6702880859375e-05
delete time:2.5033950805664062e-05
delete time:3.552436828613281e-05
delete time:2.6941299438476562e-05
delete time:3.1948089599609375e-05
delete time:3.266334533691406e-05
delete time:2.9325485229492188e-05
delete time:2.6464462280273438e-05
delete time:3.62396240234375e-05
delete time:2.8848648071289062e-05
delete time:2.8848648071289062e-05
delete time:3.0994415283203125e-05
delete time:3.0517578125e-05
delete time:3.409385681152344e-05
delete time:2.5987625122070312e-05
delete time:2.86102294921875e-05
delete time:3.123283386230469e-05
delete time:2.6226043701171875e-05
delete time:4.792213439941406e-05
delete time:3.266334533691406e-05
delete time:2.86102294921875e-05
delete time:3.933906555175781e-05
delete time:3.981590270996094e-05
delete time:3.218650817871094e-05
delete time:2.7179718017578125e-05
delete time:4.1961669921875e-05
delete time:2.956390380859375e-05
delete time:3.337860107421875e-05
delete time:3.4809112548828125e-05
delete time:2.765655517578125e-05
delete time:3.4332275390625e-05
delete time:3.7670135498046875e-05
delete time:3.123283386230469e-05
delete time:2.5510787963867188e-05
delete time:2.9802322387695312e-05
delete time:3.457069396972656e-05
delete time:2.6226043701171875e-05
delete time:2.6702880859375e-05
delete time:2.7179718017578125e-05
delete time:2.7894973754882812e-05
delete time:3.123283386230469e-05
delete time:2.2649765014648438e-05
delete time:3.504753112792969e-05
delete time:2.6226043701171875e-05
delete time:5.7220458984375e-05
delete time:3.314018249511719e-05
delete time:3.3855438232421875e-05
delete time:3.528594970703125e-05
delete time:2.5033950805664062e-05
delete time:2.2172927856445312e-05
delete time:3.361701965332031e-05
delete time:4.8160552978515625e-05
delete time:2.5987625122070312e-05
delete time:3.409385681152344e-05
delete time:3.719329833984375e-05
delete time:2.2649765014648438e-05
delete time:3.0040740966796875e-05
delete time:3.0994415283203125e-05
delete time:3.0994415283203125e-05
delete time:2.7894973754882812e-05
delete time:3.1948089599609375e-05
delete time:3.838539123535156e-05
delete time:2.7894973754882812e-05
delete time:2.6464462280273438e-05
delete time:3.1948089599609375e-05
delete time:3.457069396972656e-05
delete time:3.0040740966796875e-05
delete time:3.24249267578125e-05
delete time:3.62396240234375e-05
delete time:3.314018249511719e-05
delete time:3.337860107421875e-05
delete time:3.4809112548828125e-05
delete time:3.170967102050781e-05
delete time:3.457069396972656e-05
delete time:2.8371810913085938e-05
delete time:2.765655517578125e-05
delete time:2.384185791015625e-05
delete time:2.5510787963867188e-05
delete time:3.170967102050781e-05
delete time:3.266334533691406e-05
delete time:3.24249267578125e-05
delete time:2.7894973754882812e-05
delete time:2.9087066650390625e-05
delete time:3.075599670410156e-05
delete time:3.504753112792969e-05
delete time:3.2901763916015625e-05
delete time:3.9577484130859375e-05
delete time:2.6464462280273438e-05
delete time:2.5033950805664062e-05
delete time:2.765655517578125e-05
delete time:3.170967102050781e-05
delete time:3.0279159545898438e-05
delete time:3.0040740966796875e-05
delete time:3.0517578125e-05
delete time:3.24249267578125e-05
delete time:3.504753112792969e-05
delete time:2.8133392333984375e-05
delete time:3.337860107421875e-05
delete time:3.62396240234375e-05
delete time:2.9802322387695312e-05
delete time:2.5510787963867188e-05
delete time:2.956390380859375e-05
delete time:2.6941299438476562e-05
delete time:3.0994415283203125e-05
delete time:3.910064697265625e-05
delete time:3.2901763916015625e-05
delete time:3.647804260253906e-05
delete time:3.0279159545898438e-05
delete time:2.574920654296875e-05
delete time:3.0040740966796875e-05
delete time:3.719329833984375e-05
delete time:2.765655517578125e-05
delete time:3.6716461181640625e-05
delete time:3.4332275390625e-05
delete time:3.24249267578125e-05
delete time:2.765655517578125e-05
delete time:2.8848648071289062e-05
delete time:3.337860107421875e-05
delete time:3.528594970703125e-05
delete time:3.123283386230469e-05
delete time:2.4080276489257812e-05
delete time:3.7670135498046875e-05
delete time:3.0994415283203125e-05
delete time:2.8848648071289062e-05
delete time:3.743171691894531e-05
delete time:3.552436828613281e-05
delete time:3.790855407714844e-05
delete time:2.7179718017578125e-05
delete time:3.62396240234375e-05
delete time:3.314018249511719e-05
delete time:3.62396240234375e-05
delete time:3.0994415283203125e-05
delete time:2.4318695068359375e-05
delete time:2.6702880859375e-05
delete time:2.8848648071289062e-05
delete time:3.62396240234375e-05
delete time:3.457069396972656e-05
delete time:2.956390380859375e-05
delete time:3.409385681152344e-05
delete time:3.314018249511719e-05
delete time:3.0517578125e-05
delete time:3.266334533691406e-05
delete time:3.981590270996094e-05
delete time:2.9087066650390625e-05
delete time:3.123283386230469e-05
delete time:3.838539123535156e-05
delete time:4.076957702636719e-05
delete time:3.981590270996094e-05
delete time:3.314018249511719e-05
delete time:3.075599670410156e-05
delete time:2.86102294921875e-05
delete time:3.528594970703125e-05
delete time:4.553794860839844e-05
delete time:3.0279159545898438e-05
delete time:3.600120544433594e-05
delete time:3.504753112792969e-05
delete time:3.337860107421875e-05
delete time:3.504753112792969e-05
delete time:3.2901763916015625e-05
delete time:2.9802322387695312e-05
delete time:4.1484832763671875e-05
delete time:3.1948089599609375e-05
delete time:2.86102294921875e-05
delete time:4.601478576660156e-05
delete time:3.7670135498046875e-05
delete time:2.956390380859375e-05
delete time:3.600120544433594e-05
delete time:3.1948089599609375e-05
delete time:3.123283386230469e-05
delete time:3.0994415283203125e-05
delete time:3.337860107421875e-05
delete time:2.4080276489257812e-05
delete time:2.765655517578125e-05
delete time:3.314018249511719e-05
delete time:3.266334533691406e-05
delete time:3.600120544433594e-05
delete time:3.0517578125e-05
delete time:3.075599670410156e-05
delete time:3.0994415283203125e-05
delete time:2.6226043701171875e-05
delete time:2.6226043701171875e-05
delete time:3.314018249511719e-05
delete time:3.4809112548828125e-05
delete time:3.6716461181640625e-05
delete time:2.765655517578125e-05
delete time:3.838539123535156e-05
delete time:3.075599670410156e-05
delete time:3.600120544433594e-05
delete time:3.1948089599609375e-05
delete time:3.528594970703125e-05
delete time:3.0040740966796875e-05
delete time:2.2649765014648438e-05
delete time:2.9802322387695312e-05
delete time:3.409385681152344e-05
delete time:2.956390380859375e-05
delete time:3.0517578125e-05
delete time:3.337860107421875e-05
delete time:3.647804260253906e-05
delete time:3.504753112792969e-05
delete time:2.9087066650390625e-05
delete time:2.6941299438476562e-05
delete time:2.9802322387695312e-05
delete time:3.1948089599609375e-05
delete time:3.2901763916015625e-05
delete time:2.384185791015625e-05
delete time:3.314018249511719e-05
delete time:2.3603439331054688e-05
delete time:3.1948089599609375e-05
delete time:2.8848648071289062e-05
delete time:3.2901763916015625e-05
delete time:3.24249267578125e-05
delete time:3.0994415283203125e-05
delete time:2.288818359375e-05
delete time:2.8371810913085938e-05
delete time:3.361701965332031e-05
delete time:2.7894973754882812e-05
delete time:3.2901763916015625e-05
delete time:2.6226043701171875e-05
delete time:3.1948089599609375e-05
delete time:3.3855438232421875e-05
delete time:3.790855407714844e-05
delete time:3.337860107421875e-05
delete time:3.24249267578125e-05
delete time:3.218650817871094e-05
delete time:2.7418136596679688e-05
delete time:3.886222839355469e-05
delete time:4.1484832763671875e-05
delete time:2.7418136596679688e-05
delete time:2.8371810913085938e-05
delete time:3.123283386230469e-05
delete time:3.981590270996094e-05
delete time:2.7179718017578125e-05
delete time:2.5510787963867188e-05
delete time:2.765655517578125e-05
delete time:3.0517578125e-05
delete time:3.981590270996094e-05
delete time:2.9087066650390625e-05
delete time:2.7179718017578125e-05
delete time:2.8133392333984375e-05
delete time:2.9087066650390625e-05
delete time:2.9087066650390625e-05
delete time:2.193450927734375e-05
delete time:1.7881393432617188e-05
delete time:3.075599670410156e-05
delete time:3.0279159545898438e-05
delete time:2.86102294921875e-05
delete time:2.9087066650390625e-05
delete time:3.0279159545898438e-05
delete time:2.765655517578125e-05
delete time:2.9087066650390625e-05
delete time:3.218650817871094e-05
delete time:2.6941299438476562e-05
delete time:2.6702880859375e-05
delete time:3.0040740966796875e-05
delete time:2.8133392333984375e-05
delete time:3.361701965332031e-05
delete time:3.3855438232421875e-05
delete time:3.647804260253906e-05
delete time:3.7670135498046875e-05
delete time:3.147125244140625e-05
delete time:3.075599670410156e-05
delete time:3.123283386230469e-05
delete time:3.3855438232421875e-05
delete time:3.528594970703125e-05
delete time:2.86102294921875e-05
delete time:4.0531158447265625e-05
delete time:3.218650817871094e-05
delete time:3.170967102050781e-05
delete time:2.5510787963867188e-05
delete time:4.1961669921875e-05
delete time:2.5987625122070312e-05
delete time:3.8623809814453125e-05
delete time:3.7670135498046875e-05
delete time:3.5762786865234375e-05
delete time:3.3855438232421875e-05
delete time:2.5987625122070312e-05
delete time:3.790855407714844e-05
delete time:3.5762786865234375e-05
delete time:3.266334533691406e-05
delete time:2.6464462280273438e-05
delete time:3.123283386230469e-05
delete time:4.00543212890625e-05
delete time:3.743171691894531e-05
delete time:2.765655517578125e-05
delete time:2.4318695068359375e-05
delete time:3.314018249511719e-05
delete time:4.2438507080078125e-05
delete time:4.291534423828125e-05
delete time:3.838539123535156e-05
delete time:3.218650817871094e-05
delete time:3.1948089599609375e-05
delete time:3.4809112548828125e-05
delete time:3.075599670410156e-05
delete time:3.0994415283203125e-05
delete time:3.4809112548828125e-05
delete time:3.719329833984375e-05
delete time:2.765655517578125e-05
delete time:3.4809112548828125e-05
delete time:3.981590270996094e-05
delete time:3.886222839355469e-05
delete time:3.552436828613281e-05
delete time:3.886222839355469e-05
delete time:4.1484832763671875e-05
delete time:3.147125244140625e-05
delete time:4.0531158447265625e-05
delete time:2.9087066650390625e-05
delete time:3.528594970703125e-05
delete time:3.266334533691406e-05
delete time:3.5762786865234375e-05
delete time:4.315376281738281e-05
delete time:2.8848648071289062e-05
delete time:3.3855438232421875e-05
delete time:3.62396240234375e-05
delete time:3.409385681152344e-05
delete time:3.337860107421875e-05
delete time:2.4080276489257812e-05
delete time:2.09808349609375e-05
delete time:3.075599670410156e-05
delete time:3.075599670410156e-05
delete time:2.956390380859375e-05
delete time:3.4809112548828125e-05
delete time:3.4809112548828125e-05
delete time:3.337860107421875e-05
delete time:4.100799560546875e-05
delete time:3.743171691894531e-05
delete time:2.4080276489257812e-05
delete time:3.170967102050781e-05
delete time:3.1948089599609375e-05
delete time:2.8371810913085938e-05
delete time:2.7418136596679688e-05
delete time:3.123283386230469e-05
delete time:2.86102294921875e-05
delete time:3.123283386230469e-05
delete time:3.528594970703125e-05
delete time:4.57763671875e-05
delete time:2.9325485229492188e-05
delete time:3.361701965332031e-05
delete time:2.8371810913085938e-05
delete time:3.147125244140625e-05
delete time:2.765655517578125e-05
delete time:3.457069396972656e-05
delete time:3.3855438232421875e-05
delete time:2.4318695068359375e-05
delete time:2.6226043701171875e-05
delete time:2.7894973754882812e-05
delete time:4.00543212890625e-05
delete time:3.0994415283203125e-05
delete time:2.86102294921875e-05
delete time:3.409385681152344e-05
delete time:3.2901763916015625e-05
delete time:3.0517578125e-05
delete time:2.7894973754882812e-05
delete time:3.719329833984375e-05
delete time:4.673004150390625e-05
delete time:3.0040740966796875e-05
delete time:2.4080276489257812e-05
delete time:4.982948303222656e-05
delete time:4.00543212890625e-05
delete time:3.4332275390625e-05
delete time:3.4332275390625e-05
delete time:3.7670135498046875e-05
delete time:3.5762786865234375e-05
delete time:3.528594970703125e-05
delete time:3.409385681152344e-05
delete time:3.647804260253906e-05
delete time:3.7670135498046875e-05
delete time:3.910064697265625e-05
delete time:3.62396240234375e-05
delete time:3.4809112548828125e-05
delete time:2.8133392333984375e-05
delete time:3.170967102050781e-05
delete time:3.504753112792969e-05
delete time:2.8133392333984375e-05
delete time:3.695487976074219e-05
delete time:2.6464462280273438e-05
delete time:2.765655517578125e-05
delete time:3.0994415283203125e-05
delete time:2.4318695068359375e-05
delete time:3.24249267578125e-05
delete time:3.0279159545898438e-05
delete time:2.86102294921875e-05
delete time:3.337860107421875e-05
delete time:3.647804260253906e-05
delete time:3.8623809814453125e-05
delete time:3.790855407714844e-05
delete time:3.0279159545898438e-05
delete time:3.62396240234375e-05
delete time:2.7179718017578125e-05
delete time:2.574920654296875e-05
delete time:3.528594970703125e-05
delete time:3.337860107421875e-05
delete time:3.719329833984375e-05
delete time:2.7418136596679688e-05
delete time:2.4080276489257812e-05
delete time:3.147125244140625e-05
delete time:3.409385681152344e-05
delete time:2.7894973754882812e-05
delete time:3.0994415283203125e-05
delete time:2.5510787963867188e-05
delete time:3.266334533691406e-05
delete time:3.647804260253906e-05
delete time:3.123283386230469e-05
delete time:4.1961669921875e-05
delete time:3.814697265625e-05
delete time:3.528594970703125e-05
delete time:3.62396240234375e-05
delete time:3.170967102050781e-05
delete time:3.6716461181640625e-05
delete time:3.4809112548828125e-05
delete time:2.8133392333984375e-05
delete time:3.361701965332031e-05
delete time:2.7179718017578125e-05
delete time:3.0517578125e-05
delete time:2.5033950805664062e-05
delete time:3.910064697265625e-05
delete time:3.4809112548828125e-05
delete time:3.719329833984375e-05
delete time:3.790855407714844e-05
delete time:3.790855407714844e-05
delete time:3.4809112548828125e-05
delete time:3.0517578125e-05
delete time:3.3855438232421875e-05
delete time:3.814697265625e-05
delete time:2.8848648071289062e-05
delete time:3.5762786865234375e-05
delete time:3.4332275390625e-05
delete time:3.695487976074219e-05
delete time:2.7179718017578125e-05
delete time:3.933906555175781e-05
delete time:2.7894973754882812e-05
delete time:3.7670135498046875e-05
delete time:4.00543212890625e-05
delete time:2.86102294921875e-05
delete time:3.5762786865234375e-05
delete time:3.314018249511719e-05
delete time:3.409385681152344e-05
delete time:4.172325134277344e-05
delete time:3.075599670410156e-05
delete time:3.4809112548828125e-05
delete time:3.3855438232421875e-05
delete time:2.2411346435546875e-05
delete time:2.6226043701171875e-05
delete time:3.9577484130859375e-05
delete time:3.170967102050781e-05
delete time:3.910064697265625e-05
delete time:3.170967102050781e-05
delete time:2.9087066650390625e-05
delete time:3.647804260253906e-05
delete time:2.6941299438476562e-05
delete time:3.5762786865234375e-05
delete time:3.62396240234375e-05
delete time:3.361701965332031e-05
delete time:2.5033950805664062e-05
delete time:3.170967102050781e-05
delete time:2.9087066650390625e-05
delete time:3.218650817871094e-05
delete time:3.3855438232421875e-05
delete time:3.7670135498046875e-05
delete time:3.3855438232421875e-05
delete time:2.9325485229492188e-05
delete time:3.528594970703125e-05
delete time:3.409385681152344e-05
delete time:3.1948089599609375e-05
delete time:3.3855438232421875e-05
delete time:3.314018249511719e-05
delete time:3.0517578125e-05
delete time:2.6941299438476562e-05
delete time:4.1484832763671875e-05
delete time:2.7179718017578125e-05
delete time:2.4557113647460938e-05
delete time:5.698204040527344e-05
delete time:3.314018249511719e-05
delete time:4.029273986816406e-05
delete time:3.361701965332031e-05
delete time:3.838539123535156e-05
delete time:3.4332275390625e-05
delete time:3.2901763916015625e-05
delete time:3.552436828613281e-05
delete time:3.552436828613281e-05
delete time:3.7670135498046875e-05
delete time:2.5272369384765625e-05
delete time:3.695487976074219e-05
delete time:3.409385681152344e-05
delete time:2.4557113647460938e-05
delete time:2.6941299438476562e-05
delete time:2.9802322387695312e-05
delete time:4.410743713378906e-05
delete time:3.337860107421875e-05
delete time:4.363059997558594e-05
delete time:2.8133392333984375e-05
delete time:2.7179718017578125e-05
delete time:4.482269287109375e-05
delete time:2.9087066650390625e-05
delete time:3.266334533691406e-05
delete time:3.814697265625e-05
delete time:3.743171691894531e-05
delete time:3.337860107421875e-05
delete time:3.0279159545898438e-05
delete time:3.981590270996094e-05
delete time:4.935264587402344e-05
delete time:2.956390380859375e-05
delete time:3.4332275390625e-05
delete time:3.0517578125e-05
delete time:3.314018249511719e-05
delete time:3.504753112792969e-05
delete time:3.075599670410156e-05
delete time:3.075599670410156e-05
delete time:3.457069396972656e-05
delete time:3.552436828613281e-05
delete time:3.528594970703125e-05
delete time:3.647804260253906e-05
delete time:3.814697265625e-05
delete time:2.7418136596679688e-05
delete time:2.6702880859375e-05
delete time:3.7670135498046875e-05
delete time:3.075599670410156e-05
delete time:3.0994415283203125e-05
delete time:4.124641418457031e-05
delete time:4.5299530029296875e-05
delete time:3.528594970703125e-05
delete time:3.8623809814453125e-05
delete time:3.743171691894531e-05
delete time:2.765655517578125e-05
delete time:3.6716461181640625e-05
delete time:3.170967102050781e-05
delete time:3.552436828613281e-05
delete time:3.647804260253906e-05
delete time:3.218650817871094e-05
delete time:4.4345855712890625e-05
delete time:3.314018249511719e-05
delete time:3.0040740966796875e-05
delete time:3.0994415283203125e-05
delete time:3.314018249511719e-05
delete time:3.5762786865234375e-05
delete time:3.266334533691406e-05
delete time:3.123283386230469e-05
delete time:3.218650817871094e-05
delete time:2.5272369384765625e-05
delete time:3.170967102050781e-05
delete time:3.695487976074219e-05
delete time:3.3855438232421875e-05
delete time:3.647804260253906e-05
delete time:3.147125244140625e-05
delete time:3.361701965332031e-05
delete time:2.7418136596679688e-05
delete time:2.5033950805664062e-05
delete time:3.790855407714844e-05
delete time:3.0279159545898438e-05
delete time:3.361701965332031e-05
delete time:3.266334533691406e-05
delete time:3.147125244140625e-05
delete time:3.0517578125e-05
delete time:3.2901763916015625e-05
delete time:2.9087066650390625e-05
delete time:3.147125244140625e-05
delete time:2.9087066650390625e-05
delete time:2.7418136596679688e-05
delete time:3.457069396972656e-05
delete time:3.528594970703125e-05
delete time:2.765655517578125e-05
delete time:3.2901763916015625e-05
delete time:3.933906555175781e-05
delete time:3.0994415283203125e-05
delete time:2.4080276489257812e-05
delete time:2.7179718017578125e-05
delete time:3.552436828613281e-05
delete time:2.4318695068359375e-05
delete time:2.6226043701171875e-05
delete time:2.5272369384765625e-05
delete time:3.123283386230469e-05
delete time:3.123283386230469e-05
delete time:3.170967102050781e-05
delete time:3.647804260253906e-05
delete time:4.0531158447265625e-05
delete time:3.266334533691406e-05
delete time:2.1696090698242188e-05
delete time:3.0994415283203125e-05
delete time:2.6226043701171875e-05
delete time:3.314018249511719e-05
delete time:3.552436828613281e-05
delete time:3.170967102050781e-05
delete time:2.6941299438476562e-05
delete time:3.7670135498046875e-05
delete time:3.4809112548828125e-05
delete time:2.956390380859375e-05
delete time:3.9577484130859375e-05
delete time:3.361701965332031e-05
delete time:3.981590270996094e-05
delete time:3.266334533691406e-05
delete time:3.695487976074219e-05
delete time:2.9087066650390625e-05
delete time:3.6716461181640625e-05
delete time:2.86102294921875e-05
delete time:3.600120544433594e-05
delete time:3.170967102050781e-05
delete time:3.0517578125e-05
delete time:2.4318695068359375e-05
delete time:3.1948089599609375e-05
delete time:2.765655517578125e-05
delete time:2.6226043701171875e-05
delete time:2.47955322265625e-05
delete time:3.0040740966796875e-05
delete time:3.075599670410156e-05
delete time:3.170967102050781e-05
delete time:2.7179718017578125e-05
delete time:3.0517578125e-05
delete time:2.9325485229492188e-05
delete time:3.314018249511719e-05
delete time:3.075599670410156e-05
delete time:2.8371810913085938e-05
delete time:3.504753112792969e-05
delete time:2.6226043701171875e-05
delete time:3.457069396972656e-05
delete time:3.528594970703125e-05
delete time:3.981590270996094e-05
delete time:3.0517578125e-05
delete time:3.504753112792969e-05
delete time:3.886222839355469e-05
delete time:2.3603439331054688e-05
delete time:3.600120544433594e-05
delete time:3.170967102050781e-05
delete time:3.266334533691406e-05
delete time:3.4332275390625e-05
delete time:3.0279159545898438e-05
delete time:3.5762786865234375e-05
delete time:4.0531158447265625e-05
delete time:3.123283386230469e-05
delete time:3.218650817871094e-05
delete time:2.8848648071289062e-05
delete time:2.8371810913085938e-05
delete time:2.9802322387695312e-05
delete time:3.4332275390625e-05
delete time:3.409385681152344e-05
delete time:4.38690185546875e-05
delete time:3.6716461181640625e-05
delete time:3.218650817871094e-05
delete time:3.0279159545898438e-05
delete time:3.743171691894531e-05
delete time:3.504753112792969e-05
delete time:3.0279159545898438e-05
delete time:3.3855438232421875e-05
delete time:2.5987625122070312e-05
delete time:3.790855407714844e-05
delete time:2.47955322265625e-05
delete time:3.981590270996094e-05
delete time:2.9087066650390625e-05
delete time:3.981590270996094e-05
delete time:2.8371810913085938e-05
delete time:2.6226043701171875e-05
delete time:3.361701965332031e-05
delete time:2.7418136596679688e-05
delete time:4.0531158447265625e-05
delete time:2.86102294921875e-05
delete time:2.6226043701171875e-05
delete time:2.6702880859375e-05
delete time:2.5987625122070312e-05
delete time:3.8623809814453125e-05
delete time:3.4809112548828125e-05
delete time:2.6702880859375e-05
delete time:3.409385681152344e-05
delete time:3.123283386230469e-05
delete time:3.528594970703125e-05
delete time:3.075599670410156e-05
delete time:2.8133392333984375e-05
delete time:2.86102294921875e-05
delete time:3.504753112792969e-05
delete time:3.123283386230469e-05
delete time:4.482269287109375e-05
delete time:3.7670135498046875e-05
delete time:3.361701965332031e-05
delete time:3.314018249511719e-05
delete time:3.1948089599609375e-05
delete time:3.0040740966796875e-05
delete time:3.361701965332031e-05
delete time:2.8848648071289062e-05
delete time:2.4557113647460938e-05
delete time:3.24249267578125e-05
delete time:3.1948089599609375e-05
delete time:4.744529724121094e-05
delete time:3.2901763916015625e-05
delete time:3.170967102050781e-05
delete time:3.0279159545898438e-05
delete time:3.457069396972656e-05
delete time:2.9325485229492188e-05
delete time:3.719329833984375e-05
delete time:3.0279159545898438e-05
delete time:3.457069396972656e-05
delete time:3.600120544433594e-05
delete time:2.9087066650390625e-05
delete time:2.7894973754882812e-05
delete time:2.47955322265625e-05
delete time:3.0994415283203125e-05
delete time:3.647804260253906e-05
delete time:3.743171691894531e-05
delete time:4.00543212890625e-05
delete time:3.361701965332031e-05
delete time:3.647804260253906e-05
delete time:2.6702880859375e-05
delete time:3.790855407714844e-05
delete time:2.86102294921875e-05
delete time:3.743171691894531e-05
delete time:3.123283386230469e-05
delete time:3.9577484130859375e-05
delete time:3.528594970703125e-05
delete time:2.5987625122070312e-05
delete time:3.6716461181640625e-05
delete time:3.0517578125e-05
delete time:3.0994415283203125e-05
delete time:2.8848648071289062e-05
delete time:3.790855407714844e-05
delete time:3.24249267578125e-05
delete time:2.86102294921875e-05
delete time:2.6464462280273438e-05
delete time:2.7179718017578125e-05
delete time:2.5033950805664062e-05
delete time:3.337860107421875e-05
delete time:3.24249267578125e-05
delete time:3.0279159545898438e-05
delete time:3.6716461181640625e-05
delete time:2.5987625122070312e-05
delete time:2.9087066650390625e-05
delete time:2.384185791015625e-05
delete time:3.552436828613281e-05
delete time:3.266334533691406e-05
delete time:3.5762786865234375e-05
delete time:3.0517578125e-05
delete time:2.9325485229492188e-05
delete time:2.86102294921875e-05
delete time:3.147125244140625e-05
delete time:3.361701965332031e-05
delete time:3.457069396972656e-05
delete time:4.0531158447265625e-05
delete time:3.695487976074219e-05
delete time:3.62396240234375e-05
delete time:3.2901763916015625e-05
delete time:4.0531158447265625e-05
delete time:2.8371810913085938e-05
delete time:2.3126602172851562e-05
delete time:3.838539123535156e-05
delete time:2.7179718017578125e-05
delete time:3.123283386230469e-05
delete time:2.5272369384765625e-05
delete time:2.7894973754882812e-05
delete time:3.266334533691406e-05
delete time:3.147125244140625e-05
delete time:3.0994415283203125e-05
delete time:4.029273986816406e-05
delete time:2.7894973754882812e-05
delete time:2.6226043701171875e-05
delete time:3.218650817871094e-05
delete time:3.170967102050781e-05
delete time:3.7670135498046875e-05
delete time:3.409385681152344e-05
delete time:3.4809112548828125e-05
delete time:3.62396240234375e-05
delete time:4.100799560546875e-05
delete time:2.4557113647460938e-05
delete time:3.504753112792969e-05
delete time:2.5272369384765625e-05
delete time:4.506111145019531e-05
delete time:2.9802322387695312e-05
delete time:3.314018249511719e-05
delete time:3.314018249511719e-05
delete time:2.3126602172851562e-05
delete time:3.3855438232421875e-05
delete time:3.600120544433594e-05
delete time:3.075599670410156e-05
delete time:3.2901763916015625e-05
delete time:3.266334533691406e-05
delete time:2.9087066650390625e-05
delete time:4.291534423828125e-05
delete time:2.6464462280273438e-05
delete time:2.4557113647460938e-05
delete time:3.4809112548828125e-05
delete time:2.7894973754882812e-05
delete time:2.574920654296875e-05
delete time:2.3365020751953125e-05
delete time:3.838539123535156e-05
delete time:4.124641418457031e-05
delete time:3.0517578125e-05
delete time:3.0279159545898438e-05
delete time:4.0531158447265625e-05
delete time:3.123283386230469e-05
delete time:3.4332275390625e-05
delete time:3.910064697265625e-05
delete time:2.8848648071289062e-05
delete time:3.337860107421875e-05
delete time:2.6226043701171875e-05
delete time:3.0040740966796875e-05
delete time:3.5762786865234375e-05
delete time:3.218650817871094e-05
delete time:3.123283386230469e-05
delete time:3.528594970703125e-05
delete time:2.8133392333984375e-05
delete time:4.00543212890625e-05
delete time:4.029273986816406e-05
delete time:3.790855407714844e-05
delete time:2.9325485229492188e-05
delete time:2.9325485229492188e-05
delete time:3.075599670410156e-05
delete time:3.743171691894531e-05
delete time:3.719329833984375e-05
delete time:3.4809112548828125e-05
delete time:3.0994415283203125e-05
delete time:3.0517578125e-05
delete time:3.075599670410156e-05
delete time:3.504753112792969e-05
delete time:3.409385681152344e-05
delete time:2.6464462280273438e-05
delete time:3.266334533691406e-05
delete time:3.552436828613281e-05
delete time:2.4080276489257812e-05
delete time:3.743171691894531e-05
delete time:3.0994415283203125e-05
delete time:3.790855407714844e-05
delete time:3.8623809814453125e-05
delete time:3.24249267578125e-05
delete time:3.528594970703125e-05
delete time:3.0994415283203125e-05
delete time:3.409385681152344e-05
delete time:3.4332275390625e-05
delete time:2.9802322387695312e-05
delete time:2.6941299438476562e-05
delete time:2.765655517578125e-05
delete time:2.7894973754882812e-05
delete time:3.266334533691406e-05
delete time:3.314018249511719e-05
delete time:3.266334533691406e-05
delete time:3.8623809814453125e-05
delete time:2.9802322387695312e-05
delete time:2.8848648071289062e-05
delete time:2.5510787963867188e-05
delete time:2.8133392333984375e-05
delete time:3.24249267578125e-05
delete time:2.09808349609375e-05
delete time:3.123283386230469e-05
delete time:4.029273986816406e-05
delete time:3.0040740966796875e-05
delete time:2.956390380859375e-05
delete time:4.029273986816406e-05
delete time:2.6464462280273438e-05
delete time:3.0994415283203125e-05
delete time:3.266334533691406e-05
delete time:2.86102294921875e-05
delete time:2.4318695068359375e-05
delete time:3.743171691894531e-05
delete time:3.7670135498046875e-05
delete time:3.814697265625e-05
delete time:2.9325485229492188e-05
delete time:2.7418136596679688e-05
delete time:4.100799560546875e-05
delete time:2.8371810913085938e-05
delete time:2.9325485229492188e-05
delete time:2.6702880859375e-05
delete time:2.8848648071289062e-05
delete time:3.1948089599609375e-05
delete time:3.886222839355469e-05
delete time:3.266334533691406e-05
delete time:2.8848648071289062e-05
delete time:2.6941299438476562e-05
delete time:2.9802322387695312e-05
delete time:2.5033950805664062e-05
delete time:2.86102294921875e-05
delete time:2.4318695068359375e-05
delete time:4.029273986816406e-05
delete time:5.3882598876953125e-05
delete time:3.4809112548828125e-05
delete time:3.337860107421875e-05
delete time:3.981590270996094e-05
delete time:3.790855407714844e-05
delete time:3.218650817871094e-05
delete time:2.5510787963867188e-05
delete time:2.2649765014648438e-05
delete time:3.0517578125e-05
delete time:3.0279159545898438e-05
delete time:3.147125244140625e-05
delete time:3.552436828613281e-05
delete time:3.910064697265625e-05
delete time:3.814697265625e-05
delete time:2.5272369384765625e-05
delete time:3.457069396972656e-05
delete time:3.886222839355469e-05
delete time:3.170967102050781e-05
delete time:4.076957702636719e-05
delete time:3.457069396972656e-05
delete time:3.2901763916015625e-05
delete time:3.170967102050781e-05
delete time:2.4080276489257812e-05
delete time:2.8371810913085938e-05
delete time:4.1484832763671875e-05
delete time:3.504753112792969e-05
delete time:4.2438507080078125e-05
delete time:2.6226043701171875e-05
delete time:3.4332275390625e-05
delete time:4.172325134277344e-05
delete time:4.0531158447265625e-05
delete time:4.649162292480469e-05
delete time:3.600120544433594e-05
delete time:2.956390380859375e-05
delete time:3.8623809814453125e-05
delete time:3.4332275390625e-05
delete time:3.0994415283203125e-05
delete time:3.910064697265625e-05
delete time:4.029273986816406e-05
delete time:3.552436828613281e-05
delete time:2.6941299438476562e-05
delete time:3.4332275390625e-05
delete time:2.5510787963867188e-05
delete time:2.7894973754882812e-05
delete time:3.814697265625e-05
delete time:4.4345855712890625e-05
delete time:2.765655517578125e-05
delete time:3.457069396972656e-05
delete time:3.2901763916015625e-05
delete time:3.981590270996094e-05
delete time:4.363059997558594e-05
delete time:4.38690185546875e-05
delete time:3.0040740966796875e-05
delete time:3.6716461181640625e-05
delete time:2.288818359375e-05
delete time:2.9802322387695312e-05
delete time:4.315376281738281e-05
delete time:3.743171691894531e-05
delete time:4.172325134277344e-05
delete time:3.361701965332031e-05
delete time:4.291534423828125e-05
delete time:3.266334533691406e-05
delete time:3.4809112548828125e-05
delete time:3.790855407714844e-05
delete time:3.600120544433594e-05
delete time:3.0279159545898438e-05
delete time:4.076957702636719e-05
delete time:2.7418136596679688e-05
delete time:3.266334533691406e-05
delete time:3.4809112548828125e-05
delete time:3.0994415283203125e-05
delete time:3.5762786865234375e-05
delete time:2.8133392333984375e-05
delete time:2.8848648071289062e-05
delete time:5.221366882324219e-05
delete time:2.8133392333984375e-05
delete time:2.765655517578125e-05
delete time:3.695487976074219e-05
delete time:3.814697265625e-05
delete time:3.409385681152344e-05
delete time:2.6702880859375e-05
delete time:3.790855407714844e-05
delete time:4.4345855712890625e-05
delete time:3.337860107421875e-05
delete time:2.574920654296875e-05
delete time:4.363059997558594e-05
delete time:4.1484832763671875e-05
delete time:3.600120544433594e-05
delete time:2.6702880859375e-05
delete time:2.5272369384765625e-05
delete time:3.910064697265625e-05
delete time:2.7418136596679688e-05
delete time:3.552436828613281e-05
delete time:3.838539123535156e-05
delete time:2.8371810913085938e-05
delete time:3.8623809814453125e-05
delete time:3.3855438232421875e-05
delete time:3.24249267578125e-05
delete time:3.2901763916015625e-05
delete time:3.457069396972656e-05
delete time:3.695487976074219e-05
delete time:4.076957702636719e-05
delete time:3.0517578125e-05
delete time:3.790855407714844e-05
delete time:3.5762786865234375e-05
delete time:2.5033950805664062e-05
delete time:2.9802322387695312e-05
delete time:3.647804260253906e-05
delete time:3.8623809814453125e-05
delete time:4.029273986816406e-05
delete time:4.267692565917969e-05
delete time:2.574920654296875e-05
delete time:3.0994415283203125e-05
delete time:3.218650817871094e-05
delete time:2.765655517578125e-05
delete time:3.552436828613281e-05
delete time:3.0994415283203125e-05
delete time:2.6941299438476562e-05
delete time:2.47955322265625e-05
delete time:3.170967102050781e-05
delete time:2.9325485229492188e-05
delete time:3.6716461181640625e-05
delete time:3.0040740966796875e-05
delete time:3.8623809814453125e-05
delete time:3.719329833984375e-05
delete time:2.9087066650390625e-05
delete time:2.9087066650390625e-05
delete time:2.86102294921875e-05
delete time:3.7670135498046875e-05
delete time:3.6716461181640625e-05
delete time:3.6716461181640625e-05
delete time:3.075599670410156e-05
delete time:3.7670135498046875e-05
delete time:4.124641418457031e-05
delete time:3.600120544433594e-05
delete time:3.409385681152344e-05
delete time:3.147125244140625e-05
delete time:3.457069396972656e-05
delete time:3.695487976074219e-05
delete time:3.528594970703125e-05
delete time:3.0517578125e-05
delete time:3.24249267578125e-05
delete time:3.170967102050781e-05
delete time:2.7179718017578125e-05
delete time:3.314018249511719e-05
delete time:3.0517578125e-05
delete time:2.9087066650390625e-05
delete time:4.9114227294921875e-05
delete time:2.5272369384765625e-05
delete time:3.170967102050781e-05
delete time:3.075599670410156e-05
delete time:3.2901763916015625e-05
delete time:3.552436828613281e-05
delete time:2.5033950805664062e-05
delete time:2.9087066650390625e-05
delete time:3.9577484130859375e-05
delete time:2.8133392333984375e-05
delete time:3.600120544433594e-05
delete time:2.2172927856445312e-05
delete time:3.361701965332031e-05
delete time:2.5272369384765625e-05
delete time:2.765655517578125e-05
delete time:4.124641418457031e-05
delete time:3.1948089599609375e-05
delete time:3.647804260253906e-05
delete time:3.3855438232421875e-05
delete time:2.956390380859375e-05
delete time:3.814697265625e-05
delete time:2.6226043701171875e-05
delete time:4.38690185546875e-05
delete time:3.2901763916015625e-05
delete time:3.528594970703125e-05
delete time:2.7179718017578125e-05
delete time:3.218650817871094e-05
delete time:3.147125244140625e-05
delete time:2.86102294921875e-05
delete time:2.5987625122070312e-05
delete time:2.8848648071289062e-05
delete time:3.504753112792969e-05
delete time:2.5510787963867188e-05
delete time:2.9087066650390625e-05
delete time:3.075599670410156e-05
delete time:2.574920654296875e-05
delete time:2.8371810913085938e-05
delete time:3.719329833984375e-05
delete time:2.956390380859375e-05
delete time:3.0279159545898438e-05
delete time:3.4332275390625e-05
delete time:3.504753112792969e-05
delete time:3.7670135498046875e-05
delete time:3.8623809814453125e-05
delete time:2.2649765014648438e-05
delete time:2.7179718017578125e-05
delete time:2.8371810913085938e-05
delete time:3.170967102050781e-05
delete time:3.528594970703125e-05
delete time:3.0279159545898438e-05
delete time:3.4809112548828125e-05
delete time:4.1484832763671875e-05
delete time:2.4318695068359375e-05
delete time:3.3855438232421875e-05
delete time:3.790855407714844e-05
delete time:3.600120544433594e-05
delete time:3.409385681152344e-05
delete time:3.147125244140625e-05
delete time:2.7418136596679688e-05
delete time:4.100799560546875e-05
delete time:3.6716461181640625e-05
delete time:2.86102294921875e-05
delete time:3.552436828613281e-05
delete time:2.9802322387695312e-05
delete time:3.409385681152344e-05
delete time:4.601478576660156e-05
delete time:3.719329833984375e-05
delete time:2.9087066650390625e-05
delete time:3.910064697265625e-05
delete time:3.0279159545898438e-05
delete time:3.504753112792969e-05
delete time:4.482269287109375e-05
delete time:3.0279159545898438e-05
delete time:3.5762786865234375e-05
delete time:2.5033950805664062e-05
delete time:2.7894973754882812e-05
delete time:2.5272369384765625e-05
delete time:3.504753112792969e-05
delete time:3.719329833984375e-05
delete time:2.384185791015625e-05
delete time:3.170967102050781e-05
delete time:4.1961669921875e-05
delete time:3.170967102050781e-05
delete time:2.9087066650390625e-05
delete time:2.6702880859375e-05
delete time:2.8133392333984375e-05
delete time:3.2901763916015625e-05
delete time:3.4332275390625e-05
delete time:3.361701965332031e-05
delete time:3.504753112792969e-05
delete time:2.765655517578125e-05
delete time:3.218650817871094e-05
delete time:3.361701965332031e-05
delete time:3.886222839355469e-05
delete time:3.7670135498046875e-05
delete time:2.9087066650390625e-05
delete time:3.2901763916015625e-05
delete time:4.124641418457031e-05
delete time:2.8848648071289062e-05
delete time:2.8133392333984375e-05
delete time:3.8623809814453125e-05
delete time:3.0994415283203125e-05
delete time:3.457069396972656e-05
delete time:3.528594970703125e-05
delete time:3.075599670410156e-05
delete time:3.1948089599609375e-05
delete time:3.2901763916015625e-05
delete time:3.337860107421875e-05
delete time:3.600120544433594e-05
delete time:2.5510787963867188e-05
delete time:3.981590270996094e-05
delete time:2.5987625122070312e-05
delete time:3.2901763916015625e-05
delete time:2.8848648071289062e-05
delete time:4.1961669921875e-05
delete time:3.170967102050781e-05
delete time:2.86102294921875e-05
delete time:2.5510787963867188e-05
delete time:3.170967102050781e-05
delete time:4.291534423828125e-05
delete time:3.62396240234375e-05
delete time:4.4345855712890625e-05
delete time:2.8133392333984375e-05
delete time:3.337860107421875e-05
delete time:3.170967102050781e-05
delete time:3.695487976074219e-05
delete time:3.1948089599609375e-05
delete time:3.314018249511719e-05
delete time:2.8371810913085938e-05
delete time:3.552436828613281e-05
delete time:2.6464462280273438e-05
delete time:2.9087066650390625e-05
delete time:3.814697265625e-05
delete time:3.528594970703125e-05
delete time:2.3365020751953125e-05
delete time:3.361701965332031e-05
delete time:2.9802322387695312e-05
delete time:2.9802322387695312e-05
delete time:2.956390380859375e-05
delete time:3.600120544433594e-05
delete time:4.0531158447265625e-05
delete time:2.288818359375e-05
delete time:3.719329833984375e-05
delete time:3.933906555175781e-05
delete time:3.719329833984375e-05
delete time:2.6702880859375e-05
delete time:3.719329833984375e-05
delete time:2.5987625122070312e-05
delete time:3.910064697265625e-05
delete time:3.9577484130859375e-05
delete time:2.4557113647460938e-05
delete time:3.2901763916015625e-05
delete time:2.8848648071289062e-05
delete time:2.5987625122070312e-05
delete time:2.86102294921875e-05
delete time:3.6716461181640625e-05
delete time:2.6702880859375e-05
delete time:3.337860107421875e-05
delete time:2.4080276489257812e-05
delete time:2.9802322387695312e-05
delete time:3.504753112792969e-05
delete time:3.981590270996094e-05
delete time:3.5762786865234375e-05
delete time:3.266334533691406e-05
delete time:2.8848648071289062e-05
delete time:4.029273986816406e-05
delete time:2.4318695068359375e-05
delete time:2.86102294921875e-05
delete time:3.981590270996094e-05
delete time:2.5272369384765625e-05
delete time:2.288818359375e-05
delete time:2.5510787963867188e-05
delete time:3.147125244140625e-05
delete time:2.7179718017578125e-05
delete time:3.4809112548828125e-05
delete time:2.9802322387695312e-05
delete time:3.695487976074219e-05
delete time:3.218650817871094e-05
delete time:3.0279159545898438e-05
delete time:3.790855407714844e-05
delete time:3.743171691894531e-05
delete time:4.315376281738281e-05
delete time:3.9577484130859375e-05
delete time:2.6941299438476562e-05
delete time:2.5033950805664062e-05
delete time:3.552436828613281e-05
delete time:3.504753112792969e-05
delete time:2.6226043701171875e-05
delete time:2.9087066650390625e-05
delete time:3.147125244140625e-05
delete time:2.9325485229492188e-05
delete time:3.62396240234375e-05
delete time:2.9087066650390625e-05
delete time:3.600120544433594e-05
delete time:2.7418136596679688e-05
delete time:3.838539123535156e-05
delete time:3.361701965332031e-05
delete time:2.574920654296875e-05
delete time:3.2901763916015625e-05
delete time:2.5987625122070312e-05
delete time:2.288818359375e-05
delete time:3.457069396972656e-05
delete time:2.7418136596679688e-05
delete time:2.288818359375e-05
delete time:4.0531158447265625e-05
delete time:2.47955322265625e-05
delete time:3.337860107421875e-05
delete time:3.24249267578125e-05
delete time:2.956390380859375e-05
delete time:2.956390380859375e-05
delete time:3.695487976074219e-05
delete time:3.4332275390625e-05
delete time:2.6941299438476562e-05
delete time:2.5510787963867188e-05
delete time:3.075599670410156e-05
delete time:3.0517578125e-05
delete time:3.266334533691406e-05
delete time:3.600120544433594e-05
delete time:3.361701965332031e-05
delete time:3.457069396972656e-05
delete time:2.4080276489257812e-05
delete time:3.0279159545898438e-05
delete time:3.528594970703125e-05
delete time:2.6941299438476562e-05
delete time:3.147125244140625e-05
delete time:2.9087066650390625e-05
delete time:4.172325134277344e-05
delete time:3.6716461181640625e-05
delete time:2.3365020751953125e-05
delete time:2.765655517578125e-05
delete time:2.6464462280273438e-05
delete time:2.384185791015625e-05
delete time:3.886222839355469e-05
delete time:2.5987625122070312e-05
delete time:2.6464462280273438e-05
delete time:3.218650817871094e-05
delete time:3.0517578125e-05
delete time:3.2901763916015625e-05
delete time:3.7670135498046875e-05
delete time:3.0040740966796875e-05
delete time:3.123283386230469e-05
delete time:3.814697265625e-05
delete time:2.574920654296875e-05
delete time:2.9325485229492188e-05
delete time:3.933906555175781e-05
delete time:3.4332275390625e-05
delete time:3.314018249511719e-05
delete time:2.384185791015625e-05
delete time:4.673004150390625e-05
delete time:2.8848648071289062e-05
delete time:2.9325485229492188e-05
delete time:2.5987625122070312e-05
delete time:3.2901763916015625e-05
delete time:3.933906555175781e-05
delete time:2.002716064453125e-05
delete time:2.7179718017578125e-05
delete time:4.482269287109375e-05
delete time:4.792213439941406e-05
delete time:2.574920654296875e-05
delete time:3.457069396972656e-05
delete time:3.075599670410156e-05
delete time:3.0994415283203125e-05
delete time:3.719329833984375e-05
delete time:3.910064697265625e-05
delete time:3.933906555175781e-05
delete time:2.9325485229492188e-05
delete time:4.9114227294921875e-05
delete time:2.7894973754882812e-05
delete time:2.6226043701171875e-05
delete time:2.7418136596679688e-05
delete time:3.647804260253906e-05
delete time:3.695487976074219e-05
delete time:4.887580871582031e-05
delete time:2.384185791015625e-05
delete time:2.3126602172851562e-05
delete time:4.601478576660156e-05
delete time:3.0994415283203125e-05
delete time:4.649162292480469e-05
delete time:2.7179718017578125e-05
delete time:3.314018249511719e-05
delete time:2.8371810913085938e-05
delete time:3.409385681152344e-05
delete time:3.8623809814453125e-05
delete time:3.24249267578125e-05
delete time:2.6464462280273438e-05
delete time:3.528594970703125e-05
delete time:4.363059997558594e-05
delete time:3.838539123535156e-05
delete time:2.765655517578125e-05
delete time:2.956390380859375e-05
delete time:4.8160552978515625e-05
delete time:4.172325134277344e-05
delete time:4.029273986816406e-05
delete time:3.4332275390625e-05
delete time:2.9325485229492188e-05
delete time:4.315376281738281e-05
delete time:3.790855407714844e-05
delete time:2.5033950805664062e-05
delete time:2.5033950805664062e-05
delete time:3.0040740966796875e-05
delete time:3.123283386230469e-05
delete time:4.6253204345703125e-05
delete time:2.86102294921875e-05
delete time:3.0279159545898438e-05
delete time:3.504753112792969e-05
delete time:2.6226043701171875e-05
delete time:4.291534423828125e-05
delete time:2.9325485229492188e-05
delete time:3.5762786865234375e-05
delete time:2.6702880859375e-05
delete time:2.6941299438476562e-05
delete time:3.457069396972656e-05
delete time:2.9325485229492188e-05
delete time:3.170967102050781e-05
delete time:2.7418136596679688e-05
delete time:4.3392181396484375e-05
delete time:4.553794860839844e-05
delete time:5.412101745605469e-05
delete time:2.6702880859375e-05
delete time:3.886222839355469e-05
delete time:2.9325485229492188e-05
delete time:4.124641418457031e-05
delete time:3.1948089599609375e-05
delete time:3.457069396972656e-05
delete time:3.600120544433594e-05
delete time:3.647804260253906e-05
delete time:3.8623809814453125e-05
delete time:3.218650817871094e-05
delete time:3.314018249511719e-05
delete time:4.696846008300781e-05
delete time:3.838539123535156e-05
delete time:2.8371810913085938e-05
delete time:2.6702880859375e-05
delete time:2.765655517578125e-05
delete time:3.62396240234375e-05
delete time:3.361701965332031e-05
delete time:4.601478576660156e-05
delete time:3.719329833984375e-05
delete time:3.4332275390625e-05
delete time:3.0994415283203125e-05
delete time:4.5299530029296875e-05
delete time:2.6226043701171875e-05
delete time:3.0994415283203125e-05
delete time:3.910064697265625e-05
delete time:3.838539123535156e-05
delete time:3.695487976074219e-05
delete time:3.170967102050781e-05
delete time:2.5510787963867188e-05
delete time:4.5299530029296875e-05
delete time:3.695487976074219e-05
delete time:2.7894973754882812e-05
delete time:3.9577484130859375e-05
delete time:3.337860107421875e-05
delete time:3.5762786865234375e-05
delete time:3.838539123535156e-05
delete time:3.886222839355469e-05
delete time:4.1484832763671875e-05
delete time:3.719329833984375e-05
delete time:3.552436828613281e-05
delete time:3.933906555175781e-05
delete time:3.4332275390625e-05
delete time:3.314018249511719e-05
delete time:3.4332275390625e-05
delete time:3.2901763916015625e-05
delete time:3.6716461181640625e-05
delete time:3.886222839355469e-05
delete time:4.00543212890625e-05
delete time:4.100799560546875e-05
delete time:3.266334533691406e-05
delete time:4.57763671875e-05
delete time:3.1948089599609375e-05
delete time:3.24249267578125e-05
delete time:3.24249267578125e-05
delete time:3.528594970703125e-05
delete time:3.075599670410156e-05
delete time:3.457069396972656e-05
delete time:2.8848648071289062e-05
delete time:4.458427429199219e-05
delete time:2.7179718017578125e-05
delete time:3.457069396972656e-05
delete time:3.409385681152344e-05
delete time:4.100799560546875e-05
delete time:3.647804260253906e-05
delete time:3.9577484130859375e-05
delete time:3.24249267578125e-05
delete time:3.123283386230469e-05
delete time:3.4809112548828125e-05
delete time:2.6702880859375e-05
delete time:3.170967102050781e-05
delete time:3.1948089599609375e-05
delete time:3.504753112792969e-05
delete time:3.2901763916015625e-05
delete time:3.5762786865234375e-05
delete time:3.7670135498046875e-05
delete time:6.151199340820312e-05
delete time:3.0517578125e-05
delete time:2.9325485229492188e-05
delete time:3.314018249511719e-05
delete time:3.910064697265625e-05
delete time:2.6226043701171875e-05
delete time:2.5033950805664062e-05
delete time:2.3603439331054688e-05
delete time:2.6702880859375e-05
delete time:3.266334533691406e-05
delete time:2.765655517578125e-05
delete time:3.314018249511719e-05
delete time:3.8623809814453125e-05
delete time:3.314018249511719e-05
delete time:3.4809112548828125e-05
delete time:3.790855407714844e-05
delete time:2.6702880859375e-05
delete time:3.170967102050781e-05
delete time:4.3392181396484375e-05
delete time:2.8371810913085938e-05
delete time:3.1948089599609375e-05
delete time:2.8371810913085938e-05
delete time:3.123283386230469e-05
delete time:3.266334533691406e-05
delete time:3.62396240234375e-05
delete time:3.528594970703125e-05
delete time:3.147125244140625e-05
delete time:3.337860107421875e-05
delete time:3.361701965332031e-05
delete time:3.719329833984375e-05
delete time:2.8133392333984375e-05
delete time:2.4318695068359375e-05
delete time:4.8160552978515625e-05
delete time:4.029273986816406e-05
delete time:3.695487976074219e-05
delete time:3.62396240234375e-05
delete time:3.790855407714844e-05
delete time:2.8371810913085938e-05
delete time:4.482269287109375e-05
delete time:2.6941299438476562e-05
delete time:2.6464462280273438e-05
delete time:2.47955322265625e-05
delete time:4.887580871582031e-05
delete time:4.076957702636719e-05
delete time:2.86102294921875e-05
delete time:2.7418136596679688e-05
delete time:3.7670135498046875e-05
delete time:3.0517578125e-05
delete time:3.0517578125e-05
delete time:2.5987625122070312e-05
delete time:2.4557113647460938e-05
delete time:2.8371810913085938e-05
delete time:2.8371810913085938e-05
delete time:3.814697265625e-05
delete time:3.504753112792969e-05
delete time:2.7418136596679688e-05
delete time:3.719329833984375e-05
delete time:2.5987625122070312e-05
delete time:3.790855407714844e-05
delete time:3.647804260253906e-05
delete time:3.3855438232421875e-05
delete time:3.147125244140625e-05
delete time:4.291534423828125e-05
delete time:3.170967102050781e-05
delete time:3.600120544433594e-05
delete time:2.4318695068359375e-05
delete time:3.981590270996094e-05
delete time:4.76837158203125e-05
delete time:3.552436828613281e-05
delete time:2.765655517578125e-05
delete time:2.8848648071289062e-05
delete time:3.075599670410156e-05
delete time:2.9087066650390625e-05
delete time:4.1484832763671875e-05
delete time:3.1948089599609375e-05
delete time:3.504753112792969e-05
delete time:3.218650817871094e-05
delete time:2.5033950805664062e-05
delete time:3.409385681152344e-05
delete time:3.62396240234375e-05
delete time:2.9325485229492188e-05
delete time:2.9087066650390625e-05
delete time:3.0040740966796875e-05
delete time:3.0994415283203125e-05
delete time:2.5033950805664062e-05
delete time:3.504753112792969e-05
delete time:3.719329833984375e-05
delete time:2.3365020751953125e-05
delete time:3.814697265625e-05
delete time:3.409385681152344e-05
delete time:3.838539123535156e-05
delete time:2.9087066650390625e-05
delete time:3.075599670410156e-05
delete time:2.9325485229492188e-05
delete time:2.1219253540039062e-05
delete time:2.4318695068359375e-05
delete time:4.029273986816406e-05
delete time:5.340576171875e-05
delete time:2.765655517578125e-05
delete time:2.6702880859375e-05
delete time:3.743171691894531e-05
delete time:3.4809112548828125e-05
delete time:3.123283386230469e-05
delete time:2.956390380859375e-05
delete time:2.86102294921875e-05
delete time:3.4809112548828125e-05
delete time:3.981590270996094e-05
delete time:4.0531158447265625e-05
delete time:3.695487976074219e-05
delete time:3.457069396972656e-05
delete time:3.4809112548828125e-05
delete time:2.7179718017578125e-05
delete time:3.6716461181640625e-05
delete time:2.9325485229492188e-05
delete time:3.314018249511719e-05
delete time:3.5762786865234375e-05
delete time:3.147125244140625e-05
delete time:3.0994415283203125e-05
delete time:4.029273986816406e-05
delete time:2.384185791015625e-05
delete time:3.814697265625e-05
delete time:3.552436828613281e-05
delete time:3.790855407714844e-05
delete time:3.719329833984375e-05
delete time:3.123283386230469e-05
delete time:2.4557113647460938e-05
delete time:3.814697265625e-05
delete time:3.0517578125e-05
delete time:3.6716461181640625e-05
delete time:5.0067901611328125e-05
delete time:3.0279159545898438e-05
delete time:2.47955322265625e-05
delete time:3.886222839355469e-05
delete time:3.695487976074219e-05
delete time:3.62396240234375e-05
delete time:3.910064697265625e-05
delete time:2.9325485229492188e-05
delete time:2.765655517578125e-05
delete time:4.172325134277344e-05
delete time:3.0517578125e-05
delete time:4.6253204345703125e-05
delete time:2.6702880859375e-05
delete time:3.4332275390625e-05
delete time:3.4332275390625e-05
delete time:2.8133392333984375e-05
delete time:2.765655517578125e-05
delete time:3.409385681152344e-05
delete time:2.5272369384765625e-05
delete time:2.2172927856445312e-05
delete time:3.0279159545898438e-05
delete time:3.7670135498046875e-05
delete time:2.5033950805664062e-05
delete time:2.765655517578125e-05
delete time:2.574920654296875e-05
delete time:3.8623809814453125e-05
delete time:3.504753112792969e-05
delete time:4.601478576660156e-05
delete time:3.719329833984375e-05
delete time:3.9577484130859375e-05
delete time:3.337860107421875e-05
delete time:3.910064697265625e-05
delete time:2.8371810913085938e-05
delete time:2.86102294921875e-05
delete time:4.291534423828125e-05
delete time:3.0040740966796875e-05
delete time:2.7179718017578125e-05
delete time:2.8371810913085938e-05
delete time:3.123283386230469e-05
delete time:3.62396240234375e-05
delete time:3.981590270996094e-05
delete time:3.3855438232421875e-05
delete time:3.0040740966796875e-05
delete time:3.266334533691406e-05
delete time:3.528594970703125e-05
delete time:2.5987625122070312e-05
delete time:2.8133392333984375e-05
delete time:3.4332275390625e-05
delete time:2.956390380859375e-05
delete time:3.457069396972656e-05
delete time:3.9577484130859375e-05
delete time:2.9087066650390625e-05
delete time:2.7894973754882812e-05
delete time:4.57763671875e-05
delete time:3.0040740966796875e-05
delete time:2.9087066650390625e-05
delete time:3.4809112548828125e-05
delete time:3.314018249511719e-05
delete time:2.4080276489257812e-05
delete time:3.2901763916015625e-05
delete time:3.4809112548828125e-05
delete time:2.1696090698242188e-05
delete time:3.0994415283203125e-05
delete time:3.647804260253906e-05
delete time:2.2172927856445312e-05
delete time:3.314018249511719e-05
delete time:4.1961669921875e-05
delete time:3.62396240234375e-05
delete time:3.5762786865234375e-05
delete time:3.361701965332031e-05
delete time:3.6716461181640625e-05
delete time:2.5510787963867188e-05
delete time:2.9087066650390625e-05
delete time:3.933906555175781e-05
delete time:2.574920654296875e-05
delete time:3.170967102050781e-05
delete time:2.956390380859375e-05
delete time:2.9802322387695312e-05
delete time:3.337860107421875e-05
delete time:3.147125244140625e-05
delete time:3.552436828613281e-05
delete time:2.9325485229492188e-05
delete time:3.266334533691406e-05
delete time:4.1961669921875e-05
delete time:4.1961669921875e-05
delete time:3.4809112548828125e-05
delete time:3.123283386230469e-05
delete time:3.647804260253906e-05
delete time:2.6702880859375e-05
delete time:3.3855438232421875e-05
delete time:3.457069396972656e-05
delete time:3.6716461181640625e-05
delete time:3.123283386230469e-05
delete time:3.123283386230469e-05
delete time:3.24249267578125e-05
delete time:2.9802322387695312e-05
delete time:3.552436828613281e-05
delete time:3.528594970703125e-05
delete time:3.1948089599609375e-05
delete time:2.574920654296875e-05
delete time:3.218650817871094e-05
delete time:3.4809112548828125e-05
delete time:2.7894973754882812e-05
delete time:2.9087066650390625e-05
delete time:3.647804260253906e-05
delete time:3.9577484130859375e-05
delete time:3.361701965332031e-05
delete time:3.552436828613281e-05
delete time:2.8371810913085938e-05
delete time:2.4318695068359375e-05
delete time:4.2438507080078125e-05
delete time:3.7670135498046875e-05
delete time:3.552436828613281e-05
delete time:4.00543212890625e-05
delete time:2.86102294921875e-05
delete time:5.173683166503906e-05
delete time:2.9325485229492188e-05
delete time:3.0994415283203125e-05
delete time:3.528594970703125e-05
delete time:3.600120544433594e-05
delete time:4.482269287109375e-05
delete time:3.123283386230469e-05
delete time:3.0994415283203125e-05
delete time:4.649162292480469e-05
delete time:3.0279159545898438e-05
delete time:2.6226043701171875e-05
delete time:3.361701965332031e-05
delete time:3.1948089599609375e-05
delete time:2.8133392333984375e-05
delete time:2.9802322387695312e-05
delete time:3.123283386230469e-05
delete time:3.790855407714844e-05
delete time:3.337860107421875e-05
delete time:3.910064697265625e-05
delete time:2.002716064453125e-05
delete time:2.9802322387695312e-05
delete time:2.7418136596679688e-05
delete time:2.9087066650390625e-05
delete time:3.5762786865234375e-05
delete time:3.62396240234375e-05
delete time:3.3855438232421875e-05
delete time:2.6941299438476562e-05
delete time:2.765655517578125e-05
delete time:3.457069396972656e-05
delete time:3.0040740966796875e-05
delete time:2.9087066650390625e-05
delete time:3.0994415283203125e-05
delete time:2.9087066650390625e-05
delete time:2.8848648071289062e-05
delete time:3.552436828613281e-05
delete time:3.361701965332031e-05
delete time:3.337860107421875e-05
delete time:3.719329833984375e-05
delete time:3.24249267578125e-05
delete time:2.9325485229492188e-05
delete time:3.409385681152344e-05
delete time:4.00543212890625e-05
delete time:2.86102294921875e-05
delete time:3.4332275390625e-05
delete time:3.266334533691406e-05
delete time:3.4332275390625e-05
delete time:2.8133392333984375e-05
delete time:3.719329833984375e-05
delete time:3.647804260253906e-05
delete time:2.9802322387695312e-05
delete time:4.124641418457031e-05
delete time:3.719329833984375e-05
delete time:3.62396240234375e-05
delete time:2.1696090698242188e-05
delete time:2.86102294921875e-05
delete time:2.9802322387695312e-05
delete time:3.266334533691406e-05
delete time:3.218650817871094e-05
delete time:2.9087066650390625e-05
delete time:3.0279159545898438e-05
delete time:3.457069396972656e-05
delete time:3.361701965332031e-05
delete time:3.790855407714844e-05
delete time:3.8623809814453125e-05
delete time:2.4557113647460938e-05
delete time:3.457069396972656e-05
delete time:3.147125244140625e-05
delete time:3.62396240234375e-05
delete time:3.075599670410156e-05
delete time:3.075599670410156e-05
delete time:3.7670135498046875e-05
delete time:2.7894973754882812e-05
delete time:2.7418136596679688e-05
delete time:4.124641418457031e-05
delete time:2.8371810913085938e-05
delete time:3.600120544433594e-05
delete time:3.24249267578125e-05
delete time:3.2901763916015625e-05
delete time:2.5272369384765625e-05
delete time:3.147125244140625e-05
delete time:3.719329833984375e-05
delete time:2.5987625122070312e-05
delete time:3.933906555175781e-05
delete time:4.6253204345703125e-05
delete time:2.0742416381835938e-05
delete time:2.5510787963867188e-05
delete time:3.62396240234375e-05
delete time:3.457069396972656e-05
delete time:4.00543212890625e-05
delete time:2.3603439331054688e-05
delete time:2.8371810913085938e-05
delete time:3.933906555175781e-05
delete time:2.8848648071289062e-05
delete time:3.218650817871094e-05
delete time:2.9087066650390625e-05
delete time:5.245208740234375e-05
delete time:3.8623809814453125e-05
delete time:3.266334533691406e-05
delete time:2.6226043701171875e-05
delete time:3.218650817871094e-05
delete time:2.47955322265625e-05
delete time:4.1961669921875e-05
delete time:2.2649765014648438e-05
delete time:3.1948089599609375e-05
delete time:3.552436828613281e-05
delete time:2.288818359375e-05
delete time:2.5987625122070312e-05
delete time:3.218650817871094e-05
delete time:4.172325134277344e-05
delete time:2.9325485229492188e-05
delete time:2.9325485229492188e-05
delete time:3.0279159545898438e-05
delete time:2.9087066650390625e-05
delete time:3.504753112792969e-05
delete time:3.0040740966796875e-05
delete time:2.4557113647460938e-05
delete time:4.029273986816406e-05
delete time:3.0994415283203125e-05
delete time:3.075599670410156e-05
delete time:3.4809112548828125e-05
delete time:4.029273986816406e-05
delete time:3.647804260253906e-05
delete time:3.886222839355469e-05
delete time:2.8133392333984375e-05
delete time:2.8371810913085938e-05
delete time:3.7670135498046875e-05
delete time:3.218650817871094e-05
delete time:2.4318695068359375e-05
delete time:2.5272369384765625e-05
delete time:2.86102294921875e-05
delete time:2.7418136596679688e-05
delete time:2.5510787963867188e-05
delete time:3.075599670410156e-05
delete time:3.361701965332031e-05
delete time:3.457069396972656e-05
delete time:3.814697265625e-05
delete time:3.6716461181640625e-05
delete time:2.7179718017578125e-05
delete time:2.956390380859375e-05
delete time:2.5272369384765625e-05
delete time:4.076957702636719e-05
delete time:3.7670135498046875e-05
delete time:2.8133392333984375e-05
delete time:3.337860107421875e-05
delete time:3.4332275390625e-05
delete time:2.47955322265625e-05
delete time:2.5510787963867188e-05
delete time:3.6716461181640625e-05
delete time:3.504753112792969e-05
delete time:3.910064697265625e-05
delete time:4.792213439941406e-05
delete time:2.2411346435546875e-05
delete time:2.9802322387695312e-05
delete time:3.457069396972656e-05
delete time:2.6464462280273438e-05
delete time:2.9325485229492188e-05
delete time:4.410743713378906e-05
delete time:2.5510787963867188e-05
delete time:3.5762786865234375e-05
delete time:4.76837158203125e-05
delete time:3.504753112792969e-05
delete time:4.1961669921875e-05
delete time:3.4332275390625e-05
delete time:3.337860107421875e-05
delete time:3.266334533691406e-05
delete time:4.2438507080078125e-05
delete time:3.457069396972656e-05
delete time:3.552436828613281e-05
delete time:4.100799560546875e-05
delete time:3.1948089599609375e-05
delete time:2.7418136596679688e-05
delete time:3.170967102050781e-05
delete time:3.3855438232421875e-05
delete time:4.124641418457031e-05
delete time:4.458427429199219e-05
delete time:2.6464462280273438e-05
delete time:4.029273986816406e-05
delete time:4.57763671875e-05
delete time:3.314018249511719e-05
delete time:4.100799560546875e-05
delete time:4.220008850097656e-05
delete time:3.838539123535156e-05
delete time:2.47955322265625e-05
delete time:3.3855438232421875e-05
delete time:3.743171691894531e-05
delete time:3.0040740966796875e-05
delete time:3.647804260253906e-05
delete time:2.6464462280273438e-05
delete time:3.0994415283203125e-05
delete time:2.6941299438476562e-05
delete time:4.029273986816406e-05
delete time:3.552436828613281e-05
delete time:3.1948089599609375e-05
delete time:3.170967102050781e-05
delete time:2.7418136596679688e-05
delete time:3.933906555175781e-05
delete time:3.218650817871094e-05
delete time:3.457069396972656e-05
delete time:3.337860107421875e-05
delete time:2.956390380859375e-05
delete time:2.5272369384765625e-05
delete time:4.4345855712890625e-05
delete time:2.5510787963867188e-05
delete time:3.0040740966796875e-05
delete time:2.7894973754882812e-05
delete time:2.7894973754882812e-05
delete time:3.1948089599609375e-05
delete time:2.8133392333984375e-05
delete time:3.075599670410156e-05
delete time:4.0531158447265625e-05
delete time:3.218650817871094e-05
delete time:3.218650817871094e-05
delete time:2.765655517578125e-05
delete time:4.076957702636719e-05
delete time:2.9802322387695312e-05
delete time:3.170967102050781e-05
delete time:3.600120544433594e-05
delete time:3.4332275390625e-05
delete time:2.1696090698242188e-05
delete time:4.38690185546875e-05
delete time:2.8848648071289062e-05
delete time:3.933906555175781e-05
delete time:3.0279159545898438e-05
delete time:2.5033950805664062e-05
delete time:2.574920654296875e-05
delete time:3.1948089599609375e-05
delete time:3.457069396972656e-05
delete time:3.218650817871094e-05
delete time:3.6716461181640625e-05
delete time:3.1948089599609375e-05
delete time:4.315376281738281e-05
delete time:3.1948089599609375e-05
delete time:3.0279159545898438e-05
delete time:3.0279159545898438e-05
delete time:3.910064697265625e-05
delete time:2.288818359375e-05
delete time:3.1948089599609375e-05
delete time:4.0531158447265625e-05
delete time:3.147125244140625e-05
delete time:3.147125244140625e-05
delete time:3.528594970703125e-05
delete time:3.075599670410156e-05
delete time:2.6941299438476562e-05
delete time:3.814697265625e-05
delete time:3.743171691894531e-05
delete time:3.7670135498046875e-05
delete time:3.314018249511719e-05
delete time:4.220008850097656e-05
delete time:3.361701965332031e-05
delete time:3.0040740966796875e-05
delete time:3.4809112548828125e-05
delete time:3.6716461181640625e-05
delete time:2.9802322387695312e-05
delete time:2.9802322387695312e-05
delete time:2.7894973754882812e-05
delete time:3.0040740966796875e-05
delete time:2.9087066650390625e-05
delete time:2.7894973754882812e-05
delete time:3.552436828613281e-05
delete time:3.0517578125e-05
delete time:3.814697265625e-05
delete time:3.9577484130859375e-05
delete time:3.695487976074219e-05
delete time:3.0040740966796875e-05
delete time:2.3603439331054688e-05
delete time:3.600120544433594e-05
delete time:3.457069396972656e-05
delete time:2.6702880859375e-05
delete time:2.4318695068359375e-05
delete time:3.5762786865234375e-05
delete time:3.933906555175781e-05
delete time:2.8848648071289062e-05
delete time:3.075599670410156e-05
delete time:2.9325485229492188e-05
delete time:3.5762786865234375e-05
delete time:3.9577484130859375e-05
delete time:4.601478576660156e-05
delete time:2.765655517578125e-05
delete time:3.170967102050781e-05
delete time:4.3392181396484375e-05
delete time:3.409385681152344e-05
delete time:3.457069396972656e-05
delete time:3.6716461181640625e-05
delete time:2.8133392333984375e-05
delete time:3.0279159545898438e-05
delete time:3.5762786865234375e-05
delete time:2.9087066650390625e-05
delete time:4.00543212890625e-05
delete time:3.62396240234375e-05
delete time:3.266334533691406e-05
delete time:3.2901763916015625e-05
delete time:2.3603439331054688e-05
delete time:3.1948089599609375e-05
delete time:3.4332275390625e-05
delete time:2.574920654296875e-05
delete time:3.7670135498046875e-05
delete time:2.8848648071289062e-05
delete time:3.170967102050781e-05
delete time:4.220008850097656e-05
delete time:3.790855407714844e-05
delete time:2.8133392333984375e-05
delete time:3.075599670410156e-05
delete time:3.790855407714844e-05
delete time:2.8133392333984375e-05
delete time:2.8133392333984375e-05
delete time:2.6464462280273438e-05
delete time:4.6253204345703125e-05
delete time:2.8848648071289062e-05
delete time:4.2438507080078125e-05
delete time:3.170967102050781e-05
delete time:2.47955322265625e-05
delete time:2.9325485229492188e-05
delete time:3.361701965332031e-05
delete time:3.457069396972656e-05
delete time:3.0994415283203125e-05
delete time:3.4809112548828125e-05
delete time:3.886222839355469e-05
delete time:3.314018249511719e-05
delete time:3.600120544433594e-05
delete time:2.9087066650390625e-05
delete time:3.0040740966796875e-05
delete time:3.552436828613281e-05
delete time:3.0279159545898438e-05
delete time:3.457069396972656e-05
delete time:3.409385681152344e-05
delete time:3.2901763916015625e-05
delete time:4.2438507080078125e-05
delete time:2.9325485229492188e-05
delete time:3.361701965332031e-05
delete time:3.647804260253906e-05
delete time:2.5987625122070312e-05
delete time:3.0040740966796875e-05
delete time:2.956390380859375e-05
delete time:3.8623809814453125e-05
delete time:2.6941299438476562e-05
delete time:3.5762786865234375e-05
delete time:3.6716461181640625e-05
delete time:3.409385681152344e-05
delete time:3.24249267578125e-05
delete time:2.7418136596679688e-05
delete time:3.933906555175781e-05
delete time:3.5762786865234375e-05
delete time:2.4080276489257812e-05
delete time:3.218650817871094e-05
delete time:3.0040740966796875e-05
delete time:3.504753112792969e-05
delete time:3.933906555175781e-05
delete time:3.600120544433594e-05
delete time:2.5987625122070312e-05
delete time:3.314018249511719e-05
delete time:3.0517578125e-05
delete time:3.409385681152344e-05
delete time:2.9802322387695312e-05
delete time:3.743171691894531e-05
delete time:3.0279159545898438e-05
delete time:4.0531158447265625e-05
delete time:2.9325485229492188e-05
delete time:3.838539123535156e-05
delete time:3.814697265625e-05
delete time:2.8371810913085938e-05
delete time:4.124641418457031e-05
delete time:2.7418136596679688e-05
delete time:3.910064697265625e-05
delete time:3.0517578125e-05
delete time:2.8371810913085938e-05
delete time:3.147125244140625e-05
delete time:3.0994415283203125e-05
delete time:3.7670135498046875e-05
delete time:3.8623809814453125e-05
delete time:3.361701965332031e-05
delete time:2.9325485229492188e-05
delete time:3.123283386230469e-05
delete time:3.0517578125e-05
delete time:3.0279159545898438e-05
delete time:3.933906555175781e-05
delete time:3.62396240234375e-05
delete time:2.574920654296875e-05
delete time:2.3126602172851562e-05
delete time:3.24249267578125e-05
delete time:3.528594970703125e-05
delete time:3.075599670410156e-05
delete time:2.86102294921875e-05
delete time:3.24249267578125e-05
delete time:3.218650817871094e-05
delete time:3.0279159545898438e-05
delete time:3.314018249511719e-05
delete time:3.0994415283203125e-05
delete time:3.933906555175781e-05
delete time:3.4332275390625e-05
delete time:2.2411346435546875e-05
delete time:3.0517578125e-05
delete time:3.075599670410156e-05
delete time:4.38690185546875e-05
delete time:3.266334533691406e-05
delete time:4.76837158203125e-05
delete time:2.9325485229492188e-05
delete time:2.9325485229492188e-05
delete time:3.552436828613281e-05
delete time:4.172325134277344e-05
delete time:2.1457672119140625e-05
delete time:3.790855407714844e-05
delete time:2.193450927734375e-05
delete time:4.315376281738281e-05
delete time:2.5510787963867188e-05
delete time:3.0994415283203125e-05
delete time:2.8371810913085938e-05
delete time:2.9802322387695312e-05
delete time:2.0265579223632812e-05
delete time:3.361701965332031e-05
delete time:2.765655517578125e-05
delete time:3.314018249511719e-05
delete time:2.8133392333984375e-05
delete time:3.147125244140625e-05
delete time:3.266334533691406e-05
delete time:3.337860107421875e-05
delete time:2.6226043701171875e-05
delete time:3.3855438232421875e-05
delete time:2.8371810913085938e-05
delete time:2.8848648071289062e-05
delete time:3.647804260253906e-05
delete time:2.6464462280273438e-05
delete time:2.6702880859375e-05
delete time:3.266334533691406e-05
delete time:2.9087066650390625e-05
delete time:3.504753112792969e-05
delete time:3.790855407714844e-05
delete time:2.6702880859375e-05
delete time:4.57763671875e-05
delete time:3.695487976074219e-05
delete time:3.0994415283203125e-05
delete time:3.838539123535156e-05
delete time:2.2172927856445312e-05
delete time:3.147125244140625e-05
delete time:2.6226043701171875e-05
delete time:3.981590270996094e-05
delete time:2.6702880859375e-05
delete time:2.3365020751953125e-05
delete time:3.5762786865234375e-05
delete time:4.363059997558594e-05
delete time:3.0040740966796875e-05
delete time:2.4318695068359375e-05
delete time:4.1961669921875e-05
delete time:3.147125244140625e-05
delete time:3.170967102050781e-05
delete time:2.4557113647460938e-05
delete time:1.8596649169921875e-05
delete time:3.361701965332031e-05
delete time:3.266334533691406e-05
delete time:3.5762786865234375e-05
delete time:3.361701965332031e-05
delete time:3.123283386230469e-05
delete time:3.218650817871094e-05
delete time:5.555152893066406e-05
delete time:2.2411346435546875e-05
delete time:4.100799560546875e-05
delete time:2.6702880859375e-05
delete time:2.5987625122070312e-05
delete time:3.910064697265625e-05
delete time:3.4332275390625e-05
delete time:3.0994415283203125e-05
delete time:2.6941299438476562e-05
delete time:4.2438507080078125e-05
delete time:1.6689300537109375e-05
delete time:2.288818359375e-05
delete time:3.4809112548828125e-05
delete time:2.765655517578125e-05
delete time:3.218650817871094e-05
delete time:4.601478576660156e-05
delete time:4.076957702636719e-05
delete time:2.1457672119140625e-05
delete time:3.528594970703125e-05
delete time:3.552436828613281e-05
delete time:3.2901763916015625e-05
delete time:3.910064697265625e-05
delete time:2.193450927734375e-05
delete time:1.8835067749023438e-05
delete time:2.3603439331054688e-05
delete time:3.457069396972656e-05
delete time:2.47955322265625e-05
delete time:3.719329833984375e-05
delete time:3.266334533691406e-05
delete time:2.6941299438476562e-05
delete time:4.315376281738281e-05
delete time:1.7642974853515625e-05
delete time:3.3855438232421875e-05
delete time:2.7418136596679688e-05
delete time:1.52587890625e-05
delete time:3.170967102050781e-05
delete time:1.4066696166992188e-05
delete time:2.1696090698242188e-05
delete time:3.24249267578125e-05
delete time:3.3855438232421875e-05
delete time:3.1948089599609375e-05
delete time:3.886222839355469e-05
delete time:3.314018249511719e-05
delete time:2.6226043701171875e-05
delete time:4.5299530029296875e-05
delete time:2.0742416381835938e-05
delete time:2.5272369384765625e-05
delete time:2.6464462280273438e-05
delete time:2.288818359375e-05
delete time:2.6226043701171875e-05
delete time:2.7894973754882812e-05
delete time:3.790855407714844e-05
delete time:2.8848648071289062e-05
delete time:2.956390380859375e-05
delete time:2.6941299438476562e-05
delete time:3.075599670410156e-05
delete time:3.123283386230469e-05
delete time:2.5987625122070312e-05
delete time:3.147125244140625e-05
delete time:2.2411346435546875e-05
delete time:3.123283386230469e-05
delete time:4.291534423828125e-05
delete time:4.267692565917969e-05
delete time:2.8133392333984375e-05
delete time:3.647804260253906e-05
delete time:2.6941299438476562e-05
delete time:2.956390380859375e-05
delete time:3.075599670410156e-05
delete time:2.3126602172851562e-05
delete time:2.2172927856445312e-05
delete time:3.457069396972656e-05
delete time:3.0040740966796875e-05
delete time:2.002716064453125e-05
delete time:2.5272369384765625e-05
delete time:3.981590270996094e-05
delete time:2.3603439331054688e-05
delete time:2.8371810913085938e-05
delete time:3.743171691894531e-05
delete time:3.719329833984375e-05
delete time:2.7179718017578125e-05
delete time:2.4318695068359375e-05
delete time:2.574920654296875e-05
delete time:3.2901763916015625e-05
delete time:3.266334533691406e-05
delete time:4.7206878662109375e-05
delete time:4.029273986816406e-05
delete time:3.790855407714844e-05
delete time:4.649162292480469e-05
delete time:2.8133392333984375e-05
delete time:2.7894973754882812e-05
delete time:3.266334533691406e-05
delete time:3.0279159545898438e-05
delete time:3.2901763916015625e-05
delete time:2.8848648071289062e-05
delete time:3.647804260253906e-05
delete time:2.86102294921875e-05
delete time:3.0517578125e-05
delete time:2.8371810913085938e-05
delete time:2.6941299438476562e-05
delete time:2.5272369384765625e-05
delete time:3.4809112548828125e-05
delete time:2.765655517578125e-05
delete time:3.838539123535156e-05
delete time:3.0279159545898438e-05
delete time:2.1696090698242188e-05
delete time:1.9788742065429688e-05
delete time:4.0531158447265625e-05
delete time:3.981590270996094e-05
delete time:2.6702880859375e-05
delete time:3.647804260253906e-05
delete time:2.3365020751953125e-05
delete time:2.86102294921875e-05
delete time:2.9802322387695312e-05
delete time:2.9802322387695312e-05
delete time:2.2649765014648438e-05
delete time:3.409385681152344e-05
delete time:2.9087066650390625e-05
delete time:3.5762786865234375e-05
delete time:3.790855407714844e-05
delete time:2.3365020751953125e-05
delete time:3.123283386230469e-05
delete time:3.2901763916015625e-05
delete time:2.765655517578125e-05
delete time:3.123283386230469e-05
delete time:2.9802322387695312e-05
delete time:2.8848648071289062e-05
delete time:1.7404556274414062e-05
delete time:3.266334533691406e-05
delete time:3.814697265625e-05
delete time:2.3126602172851562e-05
delete time:3.24249267578125e-05
delete time:4.1961669921875e-05
delete time:4.00543212890625e-05
delete time:3.62396240234375e-05
delete time:1.9788742065429688e-05
delete time:2.1696090698242188e-05
delete time:3.910064697265625e-05
delete time:3.7670135498046875e-05
delete time:2.3126602172851562e-05
delete time:4.458427429199219e-05
delete time:2.8133392333984375e-05
delete time:2.86102294921875e-05
delete time:2.6702880859375e-05
delete time:2.3365020751953125e-05
delete time:2.7894973754882812e-05
delete time:3.266334533691406e-05
delete time:3.504753112792969e-05
delete time:2.09808349609375e-05
delete time:2.5510787963867188e-05
delete time:4.220008850097656e-05
delete time:1.5497207641601562e-05
delete time:2.7894973754882812e-05
delete time:3.600120544433594e-05
delete time:2.9325485229492188e-05
delete time:3.409385681152344e-05
delete time:2.7418136596679688e-05
delete time:3.3855438232421875e-05
delete time:2.7894973754882812e-05
delete time:2.7418136596679688e-05
delete time:3.2901763916015625e-05
delete time:3.504753112792969e-05
delete time:2.2411346435546875e-05
delete time:2.193450927734375e-05
delete time:2.1696090698242188e-05
delete time:2.7179718017578125e-05
delete time:2.6941299438476562e-05
delete time:3.266334533691406e-05
delete time:2.09808349609375e-05
delete time:2.384185791015625e-05
delete time:2.5510787963867188e-05
delete time:2.5272369384765625e-05
delete time:4.124641418457031e-05
delete time:4.315376281738281e-05
delete time:2.86102294921875e-05
delete time:2.193450927734375e-05
delete time:3.743171691894531e-05
delete time:3.6716461181640625e-05
delete time:2.2172927856445312e-05
delete time:3.4809112548828125e-05
delete time:3.933906555175781e-05
delete time:2.9802322387695312e-05
delete time:1.9550323486328125e-05
delete time:3.0040740966796875e-05
delete time:2.3126602172851562e-05
delete time:4.5299530029296875e-05
delete time:3.337860107421875e-05
delete time:2.3603439331054688e-05
delete time:3.647804260253906e-05
delete time:3.3855438232421875e-05
delete time:3.8623809814453125e-05
delete time:2.8848648071289062e-05
delete time:3.409385681152344e-05
delete time:2.09808349609375e-05
delete time:4.1961669921875e-05
delete time:2.0742416381835938e-05
delete time:2.002716064453125e-05
delete time:1.71661376953125e-05
delete time:1.9550323486328125e-05
delete time:4.00543212890625e-05
delete time:3.7670135498046875e-05
delete time:3.409385681152344e-05
delete time:3.7670135498046875e-05
delete time:3.123283386230469e-05
delete time:3.337860107421875e-05
delete time:2.7179718017578125e-05
delete time:3.4332275390625e-05
delete time:1.8358230590820312e-05
delete time:2.3603439331054688e-05
delete time:2.5033950805664062e-05
delete time:3.075599670410156e-05
delete time:2.1696090698242188e-05
delete time:2.86102294921875e-05
delete time:3.0517578125e-05
delete time:2.8371810913085938e-05
delete time:3.075599670410156e-05
delete time:2.0503997802734375e-05
delete time:2.1457672119140625e-05
delete time:3.5762786865234375e-05
delete time:3.933906555175781e-05
delete time:2.384185791015625e-05
delete time:4.982948303222656e-05
delete time:3.075599670410156e-05
delete time:3.838539123535156e-05
delete time:3.552436828613281e-05
delete time:3.600120544433594e-05
delete time:3.4332275390625e-05
delete time:2.6464462280273438e-05
delete time:3.4332275390625e-05
delete time:3.814697265625e-05
delete time:2.9802322387695312e-05
delete time:2.5272369384765625e-05
delete time:3.3855438232421875e-05
delete time:2.5987625122070312e-05
delete time:2.6702880859375e-05
delete time:2.574920654296875e-05
delete time:2.0503997802734375e-05
delete time:2.765655517578125e-05
delete time:3.528594970703125e-05
delete time:3.719329833984375e-05
delete time:4.76837158203125e-05
delete time:2.6464462280273438e-05
delete time:1.9311904907226562e-05
delete time:2.5987625122070312e-05
delete time:3.814697265625e-05
delete time:4.7206878662109375e-05
delete time:4.029273986816406e-05
delete time:3.600120544433594e-05
delete time:3.361701965332031e-05
delete time:2.6464462280273438e-05
delete time:2.8371810913085938e-05
delete time:2.288818359375e-05
delete time:2.6702880859375e-05
delete time:2.8371810913085938e-05
delete time:4.291534423828125e-05
delete time:3.838539123535156e-05
delete time:3.170967102050781e-05
delete time:3.4809112548828125e-05
delete time:3.647804260253906e-05
delete time:3.0994415283203125e-05
delete time:3.528594970703125e-05
delete time:2.9087066650390625e-05
delete time:3.7670135498046875e-05
delete time:3.6716461181640625e-05
delete time:2.1457672119140625e-05
delete time:3.695487976074219e-05
delete time:3.4332275390625e-05
delete time:5.2928924560546875e-05
delete time:2.9802322387695312e-05
delete time:2.6941299438476562e-05
delete time:3.9577484130859375e-05
delete time:3.6716461181640625e-05
delete time:3.910064697265625e-05
delete time:4.0531158447265625e-05
delete time:3.62396240234375e-05
delete time:4.172325134277344e-05
delete time:2.0742416381835938e-05
delete time:3.457069396972656e-05
delete time:3.2901763916015625e-05
delete time:4.0531158447265625e-05
delete time:2.1219253540039062e-05
delete time:3.409385681152344e-05
delete time:2.8371810913085938e-05
delete time:3.0279159545898438e-05
delete time:3.4809112548828125e-05
delete time:2.956390380859375e-05
delete time:3.0517578125e-05
delete time:2.4080276489257812e-05
delete time:2.765655517578125e-05
delete time:3.361701965332031e-05
delete time:2.3365020751953125e-05
delete time:4.982948303222656e-05
delete time:2.7418136596679688e-05
delete time:3.170967102050781e-05
delete time:3.218650817871094e-05
delete time:2.5033950805664062e-05
delete time:4.267692565917969e-05
delete time:3.886222839355469e-05
delete time:1.3828277587890625e-05
delete time:3.981590270996094e-05
delete time:2.9087066650390625e-05
delete time:2.9325485229492188e-05
delete time:1.8596649169921875e-05
delete time:2.9802322387695312e-05
delete time:3.4332275390625e-05
delete time:3.62396240234375e-05
delete time:4.220008850097656e-05
delete time:3.504753112792969e-05
delete time:3.0040740966796875e-05
delete time:4.649162292480469e-05
delete time:2.5987625122070312e-05
delete time:2.1696090698242188e-05
delete time:2.765655517578125e-05
delete time:1.7881393432617188e-05
delete time:1.6689300537109375e-05
delete time:3.600120544433594e-05
delete time:3.600120544433594e-05
delete time:3.4809112548828125e-05
delete time:4.506111145019531e-05
delete time:2.384185791015625e-05
delete time:3.910064697265625e-05
delete time:4.6253204345703125e-05
delete time:3.886222839355469e-05
delete time:4.696846008300781e-05
delete time:2.6226043701171875e-05
delete time:3.2901763916015625e-05
delete time:2.8133392333984375e-05
delete time:2.2172927856445312e-05
delete time:2.9087066650390625e-05
delete time:2.3365020751953125e-05
delete time:1.811981201171875e-05
delete time:3.361701965332031e-05
delete time:3.0517578125e-05
delete time:3.3855438232421875e-05
delete time:2.2172927856445312e-05
delete time:2.7179718017578125e-05
delete time:4.744529724121094e-05
delete time:3.0279159545898438e-05
delete time:3.0517578125e-05
delete time:1.8596649169921875e-05
delete time:3.170967102050781e-05
delete time:2.7179718017578125e-05
delete time:4.506111145019531e-05
delete time:4.124641418457031e-05
delete time:2.6702880859375e-05
delete time:1.7881393432617188e-05
delete time:5.412101745605469e-05
delete time:4.2438507080078125e-05
delete time:3.4332275390625e-05
delete time:2.7894973754882812e-05
delete time:3.2901763916015625e-05
delete time:2.6702880859375e-05
delete time:4.076957702636719e-05
delete time:2.956390380859375e-05
delete time:3.314018249511719e-05
delete time:4.506111145019531e-05
delete time:3.910064697265625e-05
delete time:3.123283386230469e-05
delete time:4.363059997558594e-05
delete time:2.0503997802734375e-05
delete time:3.886222839355469e-05
delete time:3.695487976074219e-05
delete time:2.2172927856445312e-05
delete time:2.0503997802734375e-05
delete time:3.2901763916015625e-05
delete time:3.528594970703125e-05
delete time:3.981590270996094e-05
delete time:4.7206878662109375e-05
delete time:3.3855438232421875e-05
delete time:3.147125244140625e-05
delete time:2.002716064453125e-05
delete time:3.2901763916015625e-05
delete time:2.86102294921875e-05
delete time:2.3126602172851562e-05
delete time:3.528594970703125e-05
delete time:2.7894973754882812e-05
delete time:4.00543212890625e-05
delete time:3.075599670410156e-05
delete time:3.0040740966796875e-05
delete time:3.24249267578125e-05
delete time:3.814697265625e-05
delete time:3.361701965332031e-05
delete time:3.0279159545898438e-05
delete time:2.9802322387695312e-05
delete time:2.6941299438476562e-05
delete time:3.5762786865234375e-05
delete time:2.47955322265625e-05
delete time:3.981590270996094e-05
delete time:2.1696090698242188e-05
delete time:2.2172927856445312e-05
delete time:3.600120544433594e-05
delete time:2.5272369384765625e-05
delete time:3.266334533691406e-05
delete time:2.288818359375e-05
delete time:3.9577484130859375e-05
delete time:2.1696090698242188e-05
delete time:3.3855438232421875e-05
delete time:3.123283386230469e-05
delete time:3.266334533691406e-05
delete time:2.9325485229492188e-05
delete time:3.910064697265625e-05
delete time:3.504753112792969e-05
delete time:2.7418136596679688e-05
delete time:2.956390380859375e-05
delete time:3.314018249511719e-05
delete time:2.4557113647460938e-05
delete time:2.5510787963867188e-05
delete time:3.147125244140625e-05
delete time:1.6689300537109375e-05
delete time:4.4345855712890625e-05
delete time:2.6702880859375e-05
delete time:3.1948089599609375e-05
delete time:3.8623809814453125e-05
delete time:2.2649765014648438e-05
delete time:3.552436828613281e-05
delete time:3.9577484130859375e-05
delete time:4.1484832763671875e-05
delete time:4.2438507080078125e-05
delete time:2.288818359375e-05
delete time:3.7670135498046875e-05
delete time:1.8596649169921875e-05
delete time:3.647804260253906e-05
delete time:4.363059997558594e-05
delete time:4.172325134277344e-05
delete time:2.5987625122070312e-05
delete time:3.552436828613281e-05
delete time:3.7670135498046875e-05
delete time:4.1484832763671875e-05
delete time:2.384185791015625e-05
delete time:3.337860107421875e-05
delete time:3.0994415283203125e-05
delete time:4.1961669921875e-05
delete time:2.4557113647460938e-05
delete time:4.5299530029296875e-05
delete time:2.9802322387695312e-05
delete time:1.621246337890625e-05
delete time:3.600120544433594e-05
delete time:4.00543212890625e-05
delete time:2.0742416381835938e-05
delete time:2.2172927856445312e-05
delete time:3.361701965332031e-05
delete time:3.743171691894531e-05
delete time:4.3392181396484375e-05
delete time:2.0742416381835938e-05
delete time:3.695487976074219e-05
delete time:2.956390380859375e-05
delete time:3.3855438232421875e-05
delete time:3.123283386230469e-05
delete time:2.4080276489257812e-05
delete time:2.9087066650390625e-05
delete time:3.6716461181640625e-05
delete time:3.528594970703125e-05
delete time:2.3365020751953125e-05
delete time:3.0040740966796875e-05
delete time:3.147125244140625e-05
delete time:3.981590270996094e-05
delete time:3.8623809814453125e-05
delete time:3.337860107421875e-05
delete time:4.029273986816406e-05
delete time:3.790855407714844e-05
delete time:3.504753112792969e-05
delete time:3.552436828613281e-05
delete time:2.6464462280273438e-05
delete time:3.337860107421875e-05
delete time:3.62396240234375e-05
delete time:3.9577484130859375e-05
delete time:3.9577484130859375e-05
delete time:3.0517578125e-05
delete time:3.1948089599609375e-05
delete time:3.814697265625e-05
delete time:3.314018249511719e-05
delete time:4.4345855712890625e-05
delete time:2.9087066650390625e-05
delete time:3.528594970703125e-05
delete time:3.314018249511719e-05
delete time:2.86102294921875e-05
delete time:3.314018249511719e-05
delete time:3.409385681152344e-05
delete time:3.314018249511719e-05
delete time:2.9802322387695312e-05
delete time:4.172325134277344e-05
delete time:3.0040740966796875e-05
delete time:3.9577484130859375e-05
delete time:2.002716064453125e-05
delete time:3.7670135498046875e-05
delete time:2.3365020751953125e-05
delete time:2.2172927856445312e-05
delete time:2.9325485229492188e-05
delete time:2.6702880859375e-05
delete time:3.504753112792969e-05
delete time:3.218650817871094e-05
delete time:3.361701965332031e-05
delete time:2.9325485229492188e-05
delete time:3.147125244140625e-05
delete time:3.337860107421875e-05
delete time:3.2901763916015625e-05
delete time:2.0265579223632812e-05
delete time:2.86102294921875e-05
delete time:3.9577484130859375e-05
delete time:4.00543212890625e-05
delete time:3.6716461181640625e-05
delete time:3.5762786865234375e-05
delete time:2.8848648071289062e-05
delete time:2.9325485229492188e-05
delete time:2.5510787963867188e-05
delete time:2.574920654296875e-05
delete time:2.384185791015625e-05
delete time:3.075599670410156e-05
delete time:3.409385681152344e-05
delete time:3.0040740966796875e-05
delete time:2.574920654296875e-05
delete time:3.4332275390625e-05
delete time:3.719329833984375e-05
delete time:3.0994415283203125e-05
delete time:3.838539123535156e-05
delete time:2.956390380859375e-05
delete time:4.2438507080078125e-05
delete time:3.337860107421875e-05
delete time:2.5987625122070312e-05
delete time:2.6702880859375e-05
delete time:4.3392181396484375e-05
delete time:2.3126602172851562e-05
delete time:1.9311904907226562e-05
delete time:3.4332275390625e-05
delete time:4.1484832763671875e-05
delete time:2.0503997802734375e-05
delete time:2.9802322387695312e-05
delete time:3.075599670410156e-05
delete time:2.4318695068359375e-05
delete time:3.981590270996094e-05
delete time:3.1948089599609375e-05
delete time:2.6702880859375e-05
delete time:3.62396240234375e-05
delete time:2.0265579223632812e-05
delete time:3.4332275390625e-05
delete time:2.956390380859375e-05
delete time:3.2901763916015625e-05
delete time:1.7404556274414062e-05
delete time:3.123283386230469e-05
delete time:4.1961669921875e-05
delete time:2.193450927734375e-05
delete time:3.123283386230469e-05
delete time:2.7418136596679688e-05
delete time:1.9788742065429688e-05
delete time:3.647804260253906e-05
delete time:3.62396240234375e-05
delete time:2.86102294921875e-05
delete time:4.100799560546875e-05
delete time:2.956390380859375e-05
delete time:3.62396240234375e-05
delete time:3.6716461181640625e-05
delete time:3.719329833984375e-05
delete time:2.765655517578125e-05
delete time:2.8371810913085938e-05
delete time:3.647804260253906e-05
delete time:3.123283386230469e-05
delete time:3.504753112792969e-05
delete time:4.100799560546875e-05
delete time:2.9802322387695312e-05
delete time:3.409385681152344e-05
delete time:2.4318695068359375e-05
delete time:4.315376281738281e-05
delete time:2.7418136596679688e-05
delete time:3.4809112548828125e-05
delete time:2.09808349609375e-05
delete time:3.790855407714844e-05
delete time:4.220008850097656e-05
delete time:3.0040740966796875e-05
delete time:3.266334533691406e-05
delete time:3.147125244140625e-05
delete time:3.838539123535156e-05
delete time:3.0994415283203125e-05
delete time:2.47955322265625e-05
delete time:1.9073486328125e-05
delete time:1.9311904907226562e-05
delete time:3.3855438232421875e-05
delete time:3.0517578125e-05
delete time:2.7418136596679688e-05
delete time:3.552436828613281e-05
delete time:2.2649765014648438e-05
delete time:2.5033950805664062e-05
delete time:3.8623809814453125e-05
delete time:2.0265579223632812e-05
delete time:2.0265579223632812e-05
delete time:2.09808349609375e-05
delete time:3.147125244140625e-05
delete time:3.337860107421875e-05
delete time:1.8835067749023438e-05
delete time:3.0517578125e-05
delete time:3.314018249511719e-05
delete time:2.5510787963867188e-05
delete time:1.9550323486328125e-05
delete time:2.86102294921875e-05
delete time:2.86102294921875e-05
delete time:3.504753112792969e-05
delete time:1.71661376953125e-05
delete time:2.5033950805664062e-05
delete time:2.193450927734375e-05
delete time:3.695487976074219e-05
delete time:3.1948089599609375e-05
delete time:2.956390380859375e-05
delete time:3.409385681152344e-05
delete time:3.0994415283203125e-05
delete time:3.0040740966796875e-05
delete time:4.029273986816406e-05
delete time:2.9325485229492188e-05
delete time:2.86102294921875e-05
delete time:1.811981201171875e-05
delete time:3.552436828613281e-05
delete time:1.7404556274414062e-05
delete time:2.9802322387695312e-05
delete time:4.553794860839844e-05
delete time:3.123283386230469e-05
delete time:2.09808349609375e-05
delete time:2.86102294921875e-05
delete time:2.9802322387695312e-05
delete time:1.9311904907226562e-05
delete time:4.458427429199219e-05
delete time:4.100799560546875e-05
delete time:3.1948089599609375e-05
delete time:2.2649765014648438e-05
delete time:2.956390380859375e-05
delete time:3.361701965332031e-05
delete time:1.9550323486328125e-05
delete time:3.075599670410156e-05
delete time:4.291534423828125e-05
delete time:3.409385681152344e-05
delete time:3.600120544433594e-05
delete time:2.8371810913085938e-05
delete time:3.409385681152344e-05
delete time:1.7404556274414062e-05
delete time:3.075599670410156e-05
delete time:1.71661376953125e-05
delete time:1.621246337890625e-05
delete time:3.528594970703125e-05
delete time:3.1948089599609375e-05
delete time:3.62396240234375e-05
delete time:3.504753112792969e-05
delete time:3.790855407714844e-05
delete time:3.0040740966796875e-05
delete time:4.38690185546875e-05
delete time:3.7670135498046875e-05
delete time:3.24249267578125e-05
delete time:2.8133392333984375e-05
delete time:3.147125244140625e-05
delete time:3.4332275390625e-05
delete time:2.86102294921875e-05
delete time:2.574920654296875e-05
delete time:1.7881393432617188e-05
delete time:2.956390380859375e-05
delete time:3.1948089599609375e-05
delete time:1.8835067749023438e-05
delete time:3.528594970703125e-05
delete time:2.288818359375e-05
delete time:3.0279159545898438e-05
delete time:2.4557113647460938e-05
delete time:3.647804260253906e-05
delete time:3.337860107421875e-05
delete time:3.886222839355469e-05
delete time:3.4332275390625e-05
delete time:3.838539123535156e-05
delete time:3.886222839355469e-05
delete time:2.6464462280273438e-05
delete time:2.956390380859375e-05
delete time:4.00543212890625e-05
delete time:3.361701965332031e-05
delete time:2.765655517578125e-05
delete time:3.600120544433594e-05
delete time:2.0503997802734375e-05
delete time:3.6716461181640625e-05
delete time:2.4318695068359375e-05
delete time:3.0517578125e-05
delete time:2.5510787963867188e-05
delete time:2.47955322265625e-05
delete time:2.2649765014648438e-05
delete time:2.8848648071289062e-05
delete time:3.361701965332031e-05
delete time:2.9087066650390625e-05
delete time:3.24249267578125e-05
delete time:3.5762786865234375e-05
delete time:3.0279159545898438e-05
delete time:2.0265579223632812e-05
delete time:3.4809112548828125e-05
delete time:3.075599670410156e-05
delete time:4.6253204345703125e-05
delete time:1.811981201171875e-05
delete time:4.172325134277344e-05
delete time:2.002716064453125e-05
delete time:3.719329833984375e-05
delete time:2.7894973754882812e-05
delete time:3.0040740966796875e-05
delete time:2.1696090698242188e-05
delete time:3.147125244140625e-05
delete time:2.9087066650390625e-05
delete time:2.9325485229492188e-05
delete time:2.4318695068359375e-05
delete time:3.9577484130859375e-05
delete time:1.8835067749023438e-05
delete time:3.981590270996094e-05
delete time:2.4318695068359375e-05
delete time:5.030632019042969e-05
delete time:3.4332275390625e-05
delete time:2.2172927856445312e-05
delete time:1.8596649169921875e-05
delete time:2.956390380859375e-05
delete time:3.5762786865234375e-05
delete time:3.123283386230469e-05
delete time:3.2901763916015625e-05
delete time:3.361701965332031e-05
delete time:2.7418136596679688e-05
delete time:4.220008850097656e-05
delete time:1.8358230590820312e-05
delete time:2.002716064453125e-05
delete time:3.1948089599609375e-05
delete time:1.8596649169921875e-05
delete time:3.457069396972656e-05
delete time:3.62396240234375e-05
delete time:1.7642974853515625e-05
delete time:3.0517578125e-05
delete time:3.24249267578125e-05
delete time:2.956390380859375e-05
delete time:2.6226043701171875e-05
delete time:2.86102294921875e-05
delete time:2.956390380859375e-05
delete time:3.314018249511719e-05
delete time:4.100799560546875e-05
delete time:2.7418136596679688e-05
delete time:3.695487976074219e-05
delete time:3.6716461181640625e-05
delete time:1.9550323486328125e-05
delete time:3.743171691894531e-05
delete time:3.337860107421875e-05
delete time:4.482269287109375e-05
delete time:3.147125244140625e-05
delete time:2.288818359375e-05
delete time:1.6689300537109375e-05
delete time:2.9802322387695312e-05
delete time:1.5020370483398438e-05
delete time:3.075599670410156e-05
delete time:2.7179718017578125e-05
delete time:3.0517578125e-05
delete time:3.910064697265625e-05
delete time:2.9802322387695312e-05
delete time:2.7418136596679688e-05
delete time:3.337860107421875e-05
delete time:3.314018249511719e-05
delete time:2.9802322387695312e-05
delete time:2.9087066650390625e-05
delete time:2.1696090698242188e-05
delete time:2.5510787963867188e-05
delete time:2.384185791015625e-05
delete time:4.1484832763671875e-05
delete time:3.5762786865234375e-05
delete time:4.220008850097656e-05
delete time:2.2411346435546875e-05
delete time:2.4557113647460938e-05
delete time:1.71661376953125e-05
delete time:4.00543212890625e-05
delete time:2.2172927856445312e-05
delete time:2.3126602172851562e-05
delete time:2.9087066650390625e-05
delete time:3.838539123535156e-05
delete time:1.430511474609375e-05
delete time:3.552436828613281e-05
delete time:2.384185791015625e-05
delete time:3.170967102050781e-05
delete time:2.574920654296875e-05
delete time:2.09808349609375e-05
delete time:3.218650817871094e-05
delete time:1.811981201171875e-05
delete time:3.910064697265625e-05
delete time:3.0040740966796875e-05
delete time:3.528594970703125e-05
delete time:2.2411346435546875e-05
delete time:2.5272369384765625e-05
delete time:2.0742416381835938e-05
delete time:4.38690185546875e-05
delete time:2.7894973754882812e-05
delete time:2.7418136596679688e-05
delete time:3.62396240234375e-05
delete time:4.00543212890625e-05
delete time:2.5510787963867188e-05
delete time:3.314018249511719e-05
delete time:2.6464462280273438e-05
delete time:4.363059997558594e-05
delete time:2.4318695068359375e-05
delete time:2.6702880859375e-05
delete time:2.8371810913085938e-05
delete time:3.7670135498046875e-05
delete time:1.6927719116210938e-05
delete time:1.5020370483398438e-05
delete time:3.170967102050781e-05
delete time:3.337860107421875e-05
delete time:4.1484832763671875e-05
delete time:3.0994415283203125e-05
delete time:2.9802322387695312e-05
delete time:3.170967102050781e-05
delete time:3.218650817871094e-05
delete time:3.170967102050781e-05
delete time:2.4557113647460938e-05
delete time:2.8848648071289062e-05
delete time:1.5020370483398438e-05
delete time:2.5272369384765625e-05
delete time:3.0517578125e-05
delete time:3.266334533691406e-05
delete time:3.1948089599609375e-05
delete time:2.2649765014648438e-05
delete time:0.00018978118896484375
delete time:4.6253204345703125e-05
delete time:3.886222839355469e-05
delete time:3.7670135498046875e-05
delete time:3.695487976074219e-05
delete time:2.3603439331054688e-05
delete time:3.123283386230469e-05
delete time:2.2172927856445312e-05
delete time:3.0040740966796875e-05
delete time:4.267692565917969e-05
delete time:4.935264587402344e-05
delete time:3.075599670410156e-05
delete time:4.0531158447265625e-05
delete time:3.266334533691406e-05
delete time:3.1948089599609375e-05
delete time:4.100799560546875e-05
delete time:2.5510787963867188e-05
delete time:3.266334533691406e-05
delete time:2.6464462280273438e-05
delete time:3.6716461181640625e-05
delete time:3.4332275390625e-05
delete time:2.5272369384765625e-05
delete time:3.337860107421875e-05
delete time:3.504753112792969e-05
delete time:2.5987625122070312e-05
delete time:3.2901763916015625e-05
delete time:2.765655517578125e-05
delete time:3.743171691894531e-05
delete time:4.8160552978515625e-05
delete time:4.124641418457031e-05
delete time:3.075599670410156e-05
delete time:2.9087066650390625e-05
delete time:1.9073486328125e-05
delete time:4.863739013671875e-05
delete time:3.4809112548828125e-05
delete time:3.147125244140625e-05
delete time:3.266334533691406e-05
delete time:3.3855438232421875e-05
delete time:3.504753112792969e-05
delete time:4.029273986816406e-05
delete time:3.0517578125e-05
delete time:2.86102294921875e-05
delete time:3.0517578125e-05
delete time:2.8371810913085938e-05
delete time:2.9802322387695312e-05
delete time:3.62396240234375e-05
delete time:2.8848648071289062e-05
delete time:3.504753112792969e-05
delete time:2.1219253540039062e-05
delete time:4.100799560546875e-05
delete time:3.147125244140625e-05
delete time:2.7179718017578125e-05
delete time:2.3126602172851562e-05
delete time:2.0265579223632812e-05
delete time:2.5987625122070312e-05
delete time:4.5299530029296875e-05
delete time:2.5510787963867188e-05
delete time:3.337860107421875e-05
delete time:2.5033950805664062e-05
delete time:2.09808349609375e-05
delete time:3.504753112792969e-05
delete time:3.3855438232421875e-05
delete time:3.933906555175781e-05
delete time:5.2928924560546875e-05
delete time:2.9325485229492188e-05
delete time:2.86102294921875e-05
delete time:2.288818359375e-05
delete time:3.838539123535156e-05
delete time:2.6226043701171875e-05
delete time:2.5987625122070312e-05
delete time:2.5272369384765625e-05
delete time:3.075599670410156e-05
delete time:3.695487976074219e-05
delete time:3.0994415283203125e-05
delete time:2.4318695068359375e-05
delete time:3.361701965332031e-05
delete time:3.218650817871094e-05
delete time:3.719329833984375e-05
delete time:3.3855438232421875e-05
delete time:3.24249267578125e-05
delete time:3.8623809814453125e-05
delete time:3.7670135498046875e-05
delete time:3.1948089599609375e-05
delete time:4.1484832763671875e-05
delete time:2.09808349609375e-05
delete time:3.2901763916015625e-05
delete time:3.0040740966796875e-05
delete time:4.00543212890625e-05
delete time:3.528594970703125e-05
delete time:3.409385681152344e-05
delete time:4.076957702636719e-05
delete time:2.8848648071289062e-05
delete time:3.075599670410156e-05
delete time:2.2411346435546875e-05
delete time:3.743171691894531e-05
delete time:2.9802322387695312e-05
delete time:3.5762786865234375e-05
delete time:3.5762786865234375e-05
delete time:3.3855438232421875e-05
delete time:2.2649765014648438e-05
delete time:2.8133392333984375e-05
delete time:2.4080276489257812e-05
delete time:2.8848648071289062e-05
delete time:3.0279159545898438e-05
delete time:4.267692565917969e-05
delete time:4.887580871582031e-05
delete time:2.09808349609375e-05
delete time:2.2411346435546875e-05
delete time:3.0040740966796875e-05
delete time:2.765655517578125e-05
delete time:2.3126602172851562e-05
delete time:3.647804260253906e-05
delete time:3.337860107421875e-05
delete time:4.7206878662109375e-05
delete time:4.029273986816406e-05
delete time:2.5987625122070312e-05
delete time:4.458427429199219e-05
delete time:3.528594970703125e-05
delete time:3.147125244140625e-05
delete time:2.9802322387695312e-05
delete time:3.314018249511719e-05
delete time:2.5033950805664062e-05
delete time:2.5272369384765625e-05
delete time:3.910064697265625e-05
delete time:4.267692565917969e-05
delete time:3.743171691894531e-05
delete time:2.002716064453125e-05
delete time:3.9577484130859375e-05
delete time:3.1948089599609375e-05
delete time:3.0279159545898438e-05
delete time:3.2901763916015625e-05
delete time:2.4557113647460938e-05
delete time:3.1948089599609375e-05
delete time:3.409385681152344e-05
delete time:4.0531158447265625e-05
delete time:3.5762786865234375e-05
delete time:4.267692565917969e-05
delete time:3.409385681152344e-05
delete time:3.170967102050781e-05
delete time:1.7881393432617188e-05
delete time:3.0517578125e-05
delete time:4.00543212890625e-05
delete time:1.8596649169921875e-05
delete time:3.0994415283203125e-05
delete time:2.09808349609375e-05
delete time:1.9550323486328125e-05
delete time:2.288818359375e-05
delete time:4.0531158447265625e-05
delete time:3.075599670410156e-05
delete time:2.7418136596679688e-05
delete time:2.9087066650390625e-05
delete time:3.981590270996094e-05
delete time:2.3126602172851562e-05
delete time:3.409385681152344e-05
delete time:3.0517578125e-05
delete time:4.553794860839844e-05
delete time:2.5510787963867188e-05
delete time:3.0994415283203125e-05
delete time:2.6702880859375e-05
delete time:3.0279159545898438e-05
delete time:3.0279159545898438e-05
delete time:1.9788742065429688e-05
delete time:2.0265579223632812e-05
delete time:3.910064697265625e-05
delete time:3.337860107421875e-05
delete time:2.8133392333984375e-05
delete time:3.1948089599609375e-05
delete time:3.2901763916015625e-05
delete time:2.86102294921875e-05
delete time:3.337860107421875e-05
delete time:2.9325485229492188e-05
delete time:4.172325134277344e-05
delete time:1.811981201171875e-05
delete time:2.6226043701171875e-05
delete time:3.361701965332031e-05
delete time:3.0040740966796875e-05
delete time:2.47955322265625e-05
delete time:2.7418136596679688e-05
delete time:3.266334533691406e-05
delete time:3.910064697265625e-05
delete time:2.7418136596679688e-05
delete time:2.8371810913085938e-05
delete time:2.5510787963867188e-05
delete time:3.170967102050781e-05
delete time:2.7894973754882812e-05
delete time:2.3603439331054688e-05
delete time:3.170967102050781e-05
delete time:3.147125244140625e-05
delete time:2.4080276489257812e-05
delete time:3.0994415283203125e-05
delete time:2.9325485229492188e-05
delete time:2.8848648071289062e-05
delete time:2.1457672119140625e-05
delete time:2.3126602172851562e-05
delete time:3.4809112548828125e-05
delete time:3.647804260253906e-05
delete time:4.458427429199219e-05
delete time:4.76837158203125e-05
delete time:3.0040740966796875e-05
delete time:3.719329833984375e-05
delete time:2.7418136596679688e-05
delete time:2.4080276489257812e-05
delete time:4.649162292480469e-05
delete time:2.9325485229492188e-05
delete time:3.266334533691406e-05
delete time:3.62396240234375e-05
delete time:2.1696090698242188e-05
delete time:2.8371810913085938e-05
delete time:3.1948089599609375e-05
delete time:3.24249267578125e-05
delete time:2.384185791015625e-05
delete time:2.6702880859375e-05
delete time:3.266334533691406e-05
delete time:1.9311904907226562e-05
delete time:2.8371810913085938e-05
delete time:3.5762786865234375e-05
delete time:3.409385681152344e-05
delete time:4.76837158203125e-05
delete time:3.0279159545898438e-05
delete time:1.9788742065429688e-05
delete time:1.7881393432617188e-05
delete time:3.528594970703125e-05
delete time:3.2901763916015625e-05
delete time:4.696846008300781e-05
delete time:3.0994415283203125e-05
delete time:3.337860107421875e-05
delete time:3.0517578125e-05
delete time:4.029273986816406e-05
delete time:3.123283386230469e-05
delete time:2.6464462280273438e-05
delete time:3.719329833984375e-05
delete time:3.600120544433594e-05
delete time:3.62396240234375e-05
delete time:2.9802322387695312e-05
delete time:3.8623809814453125e-05
delete time:3.4332275390625e-05
delete time:1.8596649169921875e-05
delete time:2.6702880859375e-05
delete time:2.3126602172851562e-05
delete time:2.6702880859375e-05
delete time:2.86102294921875e-05
delete time:2.765655517578125e-05
delete time:2.002716064453125e-05
delete time:1.8835067749023438e-05
delete time:3.0994415283203125e-05
delete time:3.123283386230469e-05
delete time:1.7881393432617188e-05
delete time:3.0279159545898438e-05
delete time:4.76837158203125e-05
delete time:2.2172927856445312e-05
delete time:1.9073486328125e-05
delete time:2.7418136596679688e-05
delete time:3.170967102050781e-05
delete time:2.2649765014648438e-05
delete time:2.7179718017578125e-05
delete time:2.7179718017578125e-05
delete time:3.314018249511719e-05
delete time:1.8835067749023438e-05
delete time:2.7179718017578125e-05
delete time:2.288818359375e-05
delete time:2.8133392333984375e-05
delete time:3.743171691894531e-05
delete time:2.4080276489257812e-05
delete time:3.24249267578125e-05
delete time:2.765655517578125e-05
delete time:3.886222839355469e-05
delete time:3.147125244140625e-05
delete time:2.6226043701171875e-05
delete time:3.0517578125e-05
delete time:3.552436828613281e-05
delete time:3.218650817871094e-05
delete time:4.410743713378906e-05
delete time:2.8848648071289062e-05
delete time:4.2438507080078125e-05
delete time:3.0994415283203125e-05
delete time:2.4080276489257812e-05
delete time:3.838539123535156e-05
delete time:3.981590270996094e-05
delete time:3.814697265625e-05
delete time:4.124641418457031e-05
delete time:4.3392181396484375e-05
delete time:3.24249267578125e-05
delete time:3.9577484130859375e-05
delete time:1.8596649169921875e-05
delete time:4.38690185546875e-05
delete time:4.076957702636719e-05
delete time:3.8623809814453125e-05
delete time:3.0517578125e-05
delete time:2.288818359375e-05
delete time:2.4557113647460938e-05
delete time:3.6716461181640625e-05
delete time:2.1696090698242188e-05
delete time:3.266334533691406e-05
delete time:3.266334533691406e-05
delete time:1.5497207641601562e-05
delete time:2.9087066650390625e-05
delete time:3.600120544433594e-05
delete time:2.6941299438476562e-05
delete time:2.5987625122070312e-05
delete time:3.361701965332031e-05
delete time:3.123283386230469e-05
delete time:2.47955322265625e-05
delete time:4.2438507080078125e-05
delete time:3.647804260253906e-05
delete time:3.3855438232421875e-05
delete time:2.9802322387695312e-05
delete time:2.5987625122070312e-05
delete time:3.0517578125e-05
delete time:2.2649765014648438e-05
delete time:1.8358230590820312e-05
delete time:3.147125244140625e-05
delete time:3.218650817871094e-05
delete time:3.0279159545898438e-05
delete time:4.172325134277344e-05
delete time:3.5762786865234375e-05
delete time:3.838539123535156e-05
delete time:3.4809112548828125e-05
delete time:4.00543212890625e-05
delete time:2.7179718017578125e-05
delete time:3.528594970703125e-05
delete time:2.0265579223632812e-05
delete time:2.8371810913085938e-05
delete time:1.7404556274414062e-05
delete time:3.743171691894531e-05
delete time:3.075599670410156e-05
delete time:4.887580871582031e-05
delete time:3.123283386230469e-05
delete time:2.0265579223632812e-05
delete time:3.647804260253906e-05
delete time:2.9087066650390625e-05
delete time:2.09808349609375e-05
delete time:3.4809112548828125e-05
delete time:3.2901763916015625e-05
delete time:4.00543212890625e-05
delete time:3.266334533691406e-05
delete time:3.9577484130859375e-05
delete time:2.574920654296875e-05
delete time:2.1219253540039062e-05
delete time:2.5272369384765625e-05
delete time:3.24249267578125e-05
delete time:2.8848648071289062e-05
delete time:3.552436828613281e-05
delete time:1.71661376953125e-05
delete time:2.6941299438476562e-05
delete time:2.9087066650390625e-05
delete time:3.170967102050781e-05
delete time:3.361701965332031e-05
delete time:2.6941299438476562e-05
delete time:2.956390380859375e-05
delete time:2.2411346435546875e-05
delete time:3.7670135498046875e-05
delete time:3.147125244140625e-05
delete time:2.6226043701171875e-05
delete time:3.3855438232421875e-05
delete time:3.814697265625e-05
delete time:2.2172927856445312e-05
delete time:2.5272369384765625e-05
delete time:1.7642974853515625e-05
delete time:3.075599670410156e-05
delete time:4.553794860839844e-05
delete time:3.0517578125e-05
delete time:1.5735626220703125e-05
delete time:3.6716461181640625e-05
delete time:2.5987625122070312e-05
delete time:3.218650817871094e-05
delete time:2.5272369384765625e-05
delete time:3.4332275390625e-05
delete time:3.266334533691406e-05
delete time:3.910064697265625e-05
delete time:3.886222839355469e-05
delete time:3.147125244140625e-05
delete time:3.910064697265625e-05
delete time:2.6464462280273438e-05
delete time:2.5987625122070312e-05
delete time:3.3855438232421875e-05
delete time:3.695487976074219e-05
delete time:4.363059997558594e-05
delete time:2.956390380859375e-05
delete time:3.981590270996094e-05
delete time:3.4332275390625e-05
delete time:3.838539123535156e-05
delete time:3.2901763916015625e-05
delete time:2.8133392333984375e-05
delete time:3.4332275390625e-05
delete time:2.4318695068359375e-05
delete time:3.2901763916015625e-05
delete time:3.552436828613281e-05
delete time:1.6450881958007812e-05
delete time:3.0040740966796875e-05
delete time:2.1696090698242188e-05
delete time:3.743171691894531e-05
delete time:3.170967102050781e-05
delete time:2.47955322265625e-05
delete time:4.4345855712890625e-05
delete time:3.3855438232421875e-05
delete time:2.3603439331054688e-05
delete time:3.123283386230469e-05
delete time:1.9311904907226562e-05
delete time:2.9802322387695312e-05
delete time:3.123283386230469e-05
delete time:3.0517578125e-05
delete time:3.218650817871094e-05
delete time:1.52587890625e-05
delete time:3.5762786865234375e-05
delete time:3.504753112792969e-05
delete time:3.337860107421875e-05
delete time:2.3365020751953125e-05
delete time:4.8160552978515625e-05
delete time:2.0265579223632812e-05
delete time:3.5762786865234375e-05
delete time:3.552436828613281e-05
delete time:2.5987625122070312e-05
delete time:2.5272369384765625e-05
delete time:2.6226043701171875e-05
delete time:2.6702880859375e-05
delete time:3.457069396972656e-05
delete time:3.8623809814453125e-05
delete time:4.0531158447265625e-05
delete time:2.2649765014648438e-05
delete time:4.0531158447265625e-05
delete time:2.8133392333984375e-05
delete time:3.1948089599609375e-05
delete time:1.9788742065429688e-05
delete time:2.8133392333984375e-05
delete time:3.147125244140625e-05
delete time:1.9788742065429688e-05
delete time:3.0994415283203125e-05
delete time:2.8133392333984375e-05
delete time:3.457069396972656e-05
delete time:2.8133392333984375e-05
delete time:2.47955322265625e-05
delete time:3.314018249511719e-05
delete time:3.62396240234375e-05
delete time:3.6716461181640625e-05
delete time:2.47955322265625e-05
delete time:3.24249267578125e-05
delete time:4.100799560546875e-05
delete time:1.9788742065429688e-05
delete time:1.7404556274414062e-05
delete time:2.5272369384765625e-05
delete time:2.6226043701171875e-05
delete time:3.075599670410156e-05
delete time:3.0994415283203125e-05
delete time:3.647804260253906e-05
delete time:4.029273986816406e-05
delete time:2.1219253540039062e-05
delete time:3.0994415283203125e-05
delete time:2.193450927734375e-05
delete time:2.9802322387695312e-05
delete time:3.2901763916015625e-05
delete time:3.814697265625e-05
delete time:3.075599670410156e-05
delete time:1.7881393432617188e-05
delete time:1.811981201171875e-05
delete time:4.100799560546875e-05
delete time:4.57763671875e-05
delete time:3.24249267578125e-05
delete time:3.337860107421875e-05
delete time:2.8133392333984375e-05
delete time:3.743171691894531e-05
delete time:3.743171691894531e-05
delete time:3.457069396972656e-05
delete time:3.0994415283203125e-05
delete time:3.337860107421875e-05
delete time:3.0517578125e-05
delete time:2.8848648071289062e-05
delete time:2.6226043701171875e-05
delete time:2.6941299438476562e-05
delete time:3.457069396972656e-05
delete time:2.7894973754882812e-05
delete time:3.1948089599609375e-05
delete time:2.2172927856445312e-05
delete time:2.4318695068359375e-05
delete time:3.457069396972656e-05
delete time:2.7418136596679688e-05
delete time:2.3603439331054688e-05
delete time:2.8371810913085938e-05
delete time:2.8848648071289062e-05
delete time:2.2649765014648438e-05
delete time:1.9311904907226562e-05
delete time:3.4809112548828125e-05
delete time:1.3113021850585938e-05
delete time:2.5033950805664062e-05
delete time:2.7179718017578125e-05
delete time:3.886222839355469e-05
delete time:3.24249267578125e-05
delete time:2.5033950805664062e-05
delete time:2.0742416381835938e-05
delete time:3.0040740966796875e-05
delete time:3.457069396972656e-05
delete time:3.337860107421875e-05
delete time:3.695487976074219e-05
delete time:2.956390380859375e-05
delete time:2.8133392333984375e-05
delete time:3.266334533691406e-05
delete time:3.695487976074219e-05
delete time:4.076957702636719e-05
delete time:1.8835067749023438e-05
delete time:2.7418136596679688e-05
delete time:3.647804260253906e-05
delete time:3.3855438232421875e-05
delete time:3.7670135498046875e-05
delete time:3.075599670410156e-05
delete time:3.790855407714844e-05
delete time:2.8371810913085938e-05
delete time:3.814697265625e-05
delete time:1.71661376953125e-05
delete time:4.076957702636719e-05
delete time:3.6716461181640625e-05
delete time:3.24249267578125e-05
delete time:2.3603439331054688e-05
delete time:2.193450927734375e-05
delete time:4.00543212890625e-05
delete time:3.8623809814453125e-05
delete time:3.910064697265625e-05
delete time:3.5762786865234375e-05
delete time:3.814697265625e-05
delete time:3.457069396972656e-05
delete time:3.123283386230469e-05
delete time:2.1696090698242188e-05
delete time:3.266334533691406e-05
delete time:4.124641418457031e-05
delete time:3.0040740966796875e-05
delete time:2.6702880859375e-05
delete time:1.7404556274414062e-05
delete time:3.0517578125e-05
delete time:2.47955322265625e-05
delete time:3.123283386230469e-05
delete time:3.2901763916015625e-05
delete time:3.314018249511719e-05
delete time:5.1021575927734375e-05
delete time:4.100799560546875e-05
delete time:2.765655517578125e-05
delete time:4.172325134277344e-05
delete time:2.2411346435546875e-05
delete time:2.7894973754882812e-05
delete time:3.24249267578125e-05
delete time:4.7206878662109375e-05
delete time:3.0279159545898438e-05
delete time:1.8358230590820312e-05
delete time:3.3855438232421875e-05
delete time:3.695487976074219e-05
delete time:3.457069396972656e-05
delete time:3.147125244140625e-05
delete time:4.553794860839844e-05
delete time:2.956390380859375e-05
delete time:3.075599670410156e-05
delete time:3.910064697265625e-05
delete time:3.337860107421875e-05
delete time:3.0040740966796875e-05
delete time:3.790855407714844e-05
delete time:2.9087066650390625e-05
delete time:3.0994415283203125e-05
delete time:3.147125244140625e-05
delete time:2.2411346435546875e-05
delete time:2.47955322265625e-05
delete time:3.1948089599609375e-05
delete time:3.552436828613281e-05
delete time:3.62396240234375e-05
delete time:2.86102294921875e-05
delete time:3.552436828613281e-05
delete time:4.482269287109375e-05
delete time:4.029273986816406e-05
delete time:2.384185791015625e-05
delete time:2.7894973754882812e-05
delete time:1.6450881958007812e-05
delete time:2.86102294921875e-05
delete time:2.6226043701171875e-05
delete time:3.457069396972656e-05
delete time:2.0503997802734375e-05
delete time:3.0279159545898438e-05
delete time:3.1948089599609375e-05
delete time:2.1457672119140625e-05
delete time:3.266334533691406e-05
delete time:3.790855407714844e-05
delete time:3.123283386230469e-05
delete time:2.9802322387695312e-05
delete time:1.9788742065429688e-05
delete time:2.0503997802734375e-05
delete time:3.790855407714844e-05
delete time:2.5510787963867188e-05
delete time:4.291534423828125e-05
delete time:2.1696090698242188e-05
delete time:3.170967102050781e-05
delete time:3.0040740966796875e-05
delete time:3.337860107421875e-05
delete time:2.9325485229492188e-05
delete time:3.8623809814453125e-05
delete time:2.1219253540039062e-05
delete time:2.8848648071289062e-05
delete time:3.361701965332031e-05
delete time:2.3126602172851562e-05
delete time:2.9087066650390625e-05
delete time:4.0531158447265625e-05
delete time:2.1696090698242188e-05
delete time:2.86102294921875e-05
delete time:3.910064697265625e-05
delete time:2.574920654296875e-05
delete time:2.002716064453125e-05
delete time:2.86102294921875e-05
delete time:2.5510787963867188e-05
delete time:2.0742416381835938e-05
delete time:1.5974044799804688e-05
delete time:3.314018249511719e-05
delete time:2.956390380859375e-05
delete time:3.314018249511719e-05
delete time:2.4080276489257812e-05
delete time:4.291534423828125e-05
delete time:2.86102294921875e-05
delete time:3.0517578125e-05
delete time:2.8848648071289062e-05
delete time:3.409385681152344e-05
delete time:2.9325485229492188e-05
delete time:3.981590270996094e-05
delete time:2.5033950805664062e-05
delete time:1.9788742065429688e-05
delete time:2.7179718017578125e-05
delete time:2.765655517578125e-05
delete time:2.5033950805664062e-05
delete time:2.86102294921875e-05
delete time:1.6450881958007812e-05
delete time:2.6226043701171875e-05
delete time:3.24249267578125e-05
delete time:1.7404556274414062e-05
delete time:2.0503997802734375e-05
delete time:1.5497207641601562e-05
delete time:1.811981201171875e-05
delete time:2.5033950805664062e-05
delete time:2.8133392333984375e-05
delete time:1.8835067749023438e-05
delete time:2.8133392333984375e-05
delete time:2.8848648071289062e-05
delete time:4.6253204345703125e-05
delete time:1.6689300537109375e-05
delete time:3.0517578125e-05
delete time:3.075599670410156e-05
delete time:1.8596649169921875e-05
delete time:2.9087066650390625e-05
delete time:3.552436828613281e-05
delete time:3.075599670410156e-05
delete time:2.3603439331054688e-05
delete time:2.9802322387695312e-05
delete time:3.0994415283203125e-05
delete time:4.38690185546875e-05
delete time:3.5762786865234375e-05
delete time:2.288818359375e-05
delete time:1.8596649169921875e-05
delete time:3.147125244140625e-05
delete time:2.956390380859375e-05
delete time:3.0040740966796875e-05
delete time:2.7894973754882812e-05
delete time:2.8133392333984375e-05
delete time:3.1948089599609375e-05
delete time:2.5272369384765625e-05
delete time:2.8371810913085938e-05
delete time:3.123283386230469e-05
delete time:3.62396240234375e-05
delete time:1.71661376953125e-05
delete time:2.0265579223632812e-05
delete time:4.315376281738281e-05
delete time:3.337860107421875e-05
delete time:2.8848648071289062e-05
delete time:2.2649765014648438e-05
delete time:3.0040740966796875e-05
delete time:2.574920654296875e-05
delete time:4.100799560546875e-05
delete time:3.552436828613281e-05
delete time:2.86102294921875e-05
delete time:2.574920654296875e-05
delete time:2.7179718017578125e-05
delete time:3.886222839355469e-05
delete time:3.147125244140625e-05
delete time:3.647804260253906e-05
delete time:2.574920654296875e-05
delete time:5.2928924560546875e-05
delete time:3.218650817871094e-05
delete time:3.3855438232421875e-05
delete time:2.4318695068359375e-05
delete time:2.288818359375e-05
delete time:3.504753112792969e-05
delete time:1.8358230590820312e-05
delete time:3.337860107421875e-05
delete time:4.982948303222656e-05
delete time:2.8371810913085938e-05
delete time:2.8848648071289062e-05
delete time:3.910064697265625e-05
delete time:2.9325485229492188e-05
delete time:2.5987625122070312e-05
delete time:3.218650817871094e-05
delete time:3.314018249511719e-05
delete time:5.364418029785156e-05
delete time:3.814697265625e-05
delete time:3.0040740966796875e-05
delete time:4.172325134277344e-05
delete time:2.86102294921875e-05
delete time:3.1948089599609375e-05
delete time:3.123283386230469e-05
delete time:2.9325485229492188e-05
delete time:3.552436828613281e-05
delete time:1.621246337890625e-05
delete time:1.621246337890625e-05
delete time:2.5272369384765625e-05
delete time:1.430511474609375e-05
delete time:4.315376281738281e-05
delete time:2.9325485229492188e-05
delete time:1.9788742065429688e-05
delete time:3.814697265625e-05
delete time:3.2901763916015625e-05
delete time:4.267692565917969e-05
delete time:3.62396240234375e-05
delete time:3.4809112548828125e-05
delete time:4.315376281738281e-05
delete time:2.574920654296875e-05
delete time:3.4332275390625e-05
delete time:3.123283386230469e-05
delete time:4.482269287109375e-05
delete time:1.3828277587890625e-05
delete time:3.147125244140625e-05
delete time:3.170967102050781e-05
delete time:2.86102294921875e-05
delete time:1.7642974853515625e-05
delete time:2.7179718017578125e-05
delete time:1.7642974853515625e-05
delete time:3.24249267578125e-05
delete time:3.7670135498046875e-05
delete time:2.9325485229492188e-05
delete time:3.0279159545898438e-05
delete time:2.5987625122070312e-05
delete time:3.266334533691406e-05
delete time:2.765655517578125e-05
delete time:2.8133392333984375e-05
delete time:2.9087066650390625e-05
delete time:2.7179718017578125e-05
delete time:2.9802322387695312e-05
delete time:2.47955322265625e-05
delete time:2.5272369384765625e-05
delete time:2.5987625122070312e-05
delete time:3.743171691894531e-05
delete time:2.765655517578125e-05
delete time:3.790855407714844e-05
delete time:2.3603439331054688e-05
delete time:3.457069396972656e-05
delete time:3.147125244140625e-05
delete time:2.765655517578125e-05
delete time:3.337860107421875e-05
delete time:3.075599670410156e-05
delete time:2.7418136596679688e-05
delete time:3.123283386230469e-05
delete time:3.0994415283203125e-05
delete time:2.7894973754882812e-05
delete time:2.8371810913085938e-05
delete time:3.647804260253906e-05
delete time:2.8848648071289062e-05
delete time:2.9802322387695312e-05
delete time:3.409385681152344e-05
delete time:3.933906555175781e-05
delete time:3.0040740966796875e-05
delete time:4.410743713378906e-05
delete time:3.218650817871094e-05
delete time:3.933906555175781e-05
delete time:3.600120544433594e-05
delete time:2.9802322387695312e-05
delete time:2.6464462280273438e-05
delete time:3.6716461181640625e-05
delete time:4.3392181396484375e-05
delete time:3.4809112548828125e-05
delete time:4.1961669921875e-05
delete time:2.3126602172851562e-05
delete time:3.886222839355469e-05
delete time:3.695487976074219e-05
delete time:2.6941299438476562e-05
delete time:2.47955322265625e-05
delete time:2.8371810913085938e-05
delete time:2.956390380859375e-05
delete time:4.0531158447265625e-05
delete time:4.410743713378906e-05
delete time:3.504753112792969e-05
delete time:2.1457672119140625e-05
delete time:4.315376281738281e-05
delete time:4.124641418457031e-05
delete time:3.4809112548828125e-05
delete time:2.86102294921875e-05
delete time:3.814697265625e-05
delete time:2.2172927856445312e-05
delete time:3.361701965332031e-05
delete time:4.220008850097656e-05
delete time:4.029273986816406e-05
delete time:3.409385681152344e-05
delete time:2.86102294921875e-05
delete time:3.24249267578125e-05
delete time:2.9087066650390625e-05
delete time:2.6702880859375e-05
delete time:2.0265579223632812e-05
delete time:2.6464462280273438e-05
delete time:3.886222839355469e-05
delete time:2.7418136596679688e-05
delete time:2.6464462280273438e-05
delete time:2.86102294921875e-05
delete time:4.291534423828125e-05
delete time:2.574920654296875e-05
delete time:3.1948089599609375e-05
delete time:2.9087066650390625e-05
delete time:4.744529724121094e-05
delete time:2.288818359375e-05
delete time:2.9802322387695312e-05
delete time:2.9325485229492188e-05
delete time:2.4318695068359375e-05
delete time:3.910064697265625e-05
delete time:3.838539123535156e-05
delete time:3.3855438232421875e-05
delete time:3.266334533691406e-05
delete time:3.123283386230469e-05
delete time:4.267692565917969e-05
delete time:3.719329833984375e-05
delete time:2.3603439331054688e-05
delete time:2.9802322387695312e-05
delete time:3.814697265625e-05
delete time:3.981590270996094e-05
delete time:3.695487976074219e-05
delete time:2.6941299438476562e-05
delete time:3.123283386230469e-05
delete time:3.719329833984375e-05
delete time:5.14984130859375e-05
delete time:3.7670135498046875e-05
delete time:4.9114227294921875e-05
delete time:3.814697265625e-05
delete time:2.5033950805664062e-05
delete time:3.0517578125e-05
delete time:3.218650817871094e-05
delete time:3.647804260253906e-05
delete time:2.3126602172851562e-05
delete time:3.075599670410156e-05
delete time:2.9325485229492188e-05
delete time:2.7894973754882812e-05
delete time:4.1961669921875e-05
delete time:3.647804260253906e-05
delete time:3.9577484130859375e-05
delete time:3.3855438232421875e-05
delete time:3.218650817871094e-05
delete time:3.528594970703125e-05
delete time:2.6702880859375e-05
delete time:2.8848648071289062e-05
delete time:2.3603439331054688e-05
delete time:3.528594970703125e-05
delete time:2.9087066650390625e-05
delete time:2.2649765014648438e-05
delete time:2.765655517578125e-05
delete time:3.981590270996094e-05
delete time:3.314018249511719e-05
delete time:2.9087066650390625e-05
delete time:3.719329833984375e-05
delete time:2.574920654296875e-05
delete time:3.62396240234375e-05
delete time:2.4080276489257812e-05
delete time:2.8133392333984375e-05
delete time:3.814697265625e-05
delete time:3.528594970703125e-05
delete time:3.147125244140625e-05
delete time:3.0517578125e-05
delete time:2.7179718017578125e-05
delete time:3.9577484130859375e-05
delete time:2.6941299438476562e-05
delete time:2.7179718017578125e-05
delete time:3.504753112792969e-05
delete time:2.7418136596679688e-05
delete time:4.601478576660156e-05
delete time:3.314018249511719e-05
delete time:2.8848648071289062e-05
delete time:4.38690185546875e-05
delete time:3.6716461181640625e-05
delete time:3.743171691894531e-05
delete time:2.9802322387695312e-05
delete time:2.956390380859375e-05
delete time:2.765655517578125e-05
delete time:3.0994415283203125e-05
delete time:2.574920654296875e-05
delete time:3.147125244140625e-05
delete time:2.1457672119140625e-05
delete time:3.4332275390625e-05
delete time:2.7179718017578125e-05
delete time:2.7418136596679688e-05
delete time:3.600120544433594e-05
delete time:2.6464462280273438e-05
delete time:1.3828277587890625e-05
delete time:3.7670135498046875e-05
delete time:3.8623809814453125e-05
delete time:3.4809112548828125e-05
delete time:3.218650817871094e-05
delete time:3.743171691894531e-05
delete time:3.409385681152344e-05
delete time:3.3855438232421875e-05
delete time:3.528594970703125e-05
delete time:3.8623809814453125e-05
delete time:3.743171691894531e-05
delete time:3.0517578125e-05
delete time:4.649162292480469e-05
delete time:2.193450927734375e-05
delete time:3.0279159545898438e-05
delete time:3.7670135498046875e-05
delete time:2.7179718017578125e-05
delete time:2.09808349609375e-05
delete time:2.86102294921875e-05
delete time:3.218650817871094e-05
delete time:3.6716461181640625e-05
delete time:4.029273986816406e-05
delete time:3.1948089599609375e-05
delete time:3.147125244140625e-05
delete time:2.0503997802734375e-05
delete time:4.458427429199219e-05
delete time:2.9802322387695312e-05
delete time:2.8848648071289062e-05
delete time:3.123283386230469e-05
delete time:3.647804260253906e-05
delete time:2.574920654296875e-05
delete time:3.075599670410156e-05
delete time:2.6702880859375e-05
delete time:3.24249267578125e-05
delete time:4.029273986816406e-05
delete time:3.838539123535156e-05
delete time:3.790855407714844e-05
delete time:3.457069396972656e-05
delete time:3.0279159545898438e-05
delete time:2.7894973754882812e-05
delete time:3.7670135498046875e-05
delete time:3.6716461181640625e-05
delete time:3.170967102050781e-05
delete time:2.5510787963867188e-05
delete time:2.7418136596679688e-05
delete time:2.9087066650390625e-05
delete time:2.574920654296875e-05
delete time:2.7418136596679688e-05
delete time:3.3855438232421875e-05
delete time:4.649162292480469e-05
delete time:3.1948089599609375e-05
delete time:3.1948089599609375e-05
delete time:2.9325485229492188e-05
delete time:4.076957702636719e-05
delete time:3.0040740966796875e-05
delete time:3.2901763916015625e-05
delete time:3.123283386230469e-05
delete time:2.4318695068359375e-05
delete time:2.765655517578125e-05
delete time:3.147125244140625e-05
delete time:1.7642974853515625e-05
delete time:2.2172927856445312e-05
delete time:3.24249267578125e-05
delete time:4.76837158203125e-05
delete time:2.4557113647460938e-05
delete time:2.86102294921875e-05
delete time:3.337860107421875e-05
delete time:4.291534423828125e-05
delete time:4.506111145019531e-05
delete time:3.2901763916015625e-05
delete time:2.7418136596679688e-05
delete time:2.5987625122070312e-05
delete time:2.4557113647460938e-05
delete time:2.4557113647460938e-05
delete time:3.337860107421875e-05
delete time:3.4809112548828125e-05
delete time:3.218650817871094e-05
delete time:2.1219253540039062e-05
delete time:3.266334533691406e-05
delete time:3.6716461181640625e-05
delete time:4.482269287109375e-05
delete time:2.5272369384765625e-05
delete time:3.147125244140625e-05
delete time:2.9325485229492188e-05
delete time:3.981590270996094e-05
delete time:3.886222839355469e-05
delete time:5.030632019042969e-05
delete time:4.0531158447265625e-05
delete time:4.291534423828125e-05
delete time:3.790855407714844e-05
delete time:2.193450927734375e-05
delete time:3.504753112792969e-05
delete time:2.6464462280273438e-05
delete time:3.7670135498046875e-05
delete time:3.170967102050781e-05
delete time:2.5033950805664062e-05
delete time:3.457069396972656e-05
delete time:3.409385681152344e-05
delete time:4.0531158447265625e-05
delete time:3.552436828613281e-05
delete time:4.172325134277344e-05
delete time:3.504753112792969e-05
delete time:2.4080276489257812e-05
delete time:3.075599670410156e-05
delete time:2.4080276489257812e-05
delete time:2.1457672119140625e-05
delete time:2.9087066650390625e-05
delete time:3.7670135498046875e-05
delete time:2.7179718017578125e-05
delete time:2.288818359375e-05
delete time:3.886222839355469e-05
delete time:3.0279159545898438e-05
delete time:2.6941299438476562e-05
delete time:2.4080276489257812e-05
delete time:2.2411346435546875e-05
delete time:3.910064697265625e-05
delete time:3.552436828613281e-05
delete time:3.075599670410156e-05
delete time:3.3855438232421875e-05
delete time:3.314018249511719e-05
delete time:3.6716461181640625e-05
delete time:2.7418136596679688e-05
delete time:2.384185791015625e-05
delete time:2.86102294921875e-05
delete time:3.62396240234375e-05
delete time:4.172325134277344e-05
delete time:4.124641418457031e-05
delete time:3.457069396972656e-05
delete time:3.0994415283203125e-05
delete time:4.363059997558594e-05
delete time:2.7418136596679688e-05
delete time:4.076957702636719e-05
delete time:4.649162292480469e-05
delete time:2.8371810913085938e-05
delete time:2.9802322387695312e-05
delete time:3.790855407714844e-05
delete time:3.504753112792969e-05
delete time:3.0994415283203125e-05
delete time:2.5033950805664062e-05
delete time:2.2411346435546875e-05
delete time:3.4332275390625e-05
delete time:2.86102294921875e-05
delete time:2.7894973754882812e-05
delete time:4.267692565917969e-05
delete time:4.076957702636719e-05
delete time:2.3126602172851562e-05
delete time:3.790855407714844e-05
delete time:3.600120544433594e-05
delete time:1.7881393432617188e-05
delete time:3.695487976074219e-05
delete time:3.075599670410156e-05
delete time:3.0279159545898438e-05
delete time:3.504753112792969e-05
delete time:1.6689300537109375e-05
delete time:3.24249267578125e-05
delete time:3.552436828613281e-05
delete time:3.8623809814453125e-05
delete time:3.62396240234375e-05
delete time:3.0994415283203125e-05
delete time:2.5033950805664062e-05
delete time:3.266334533691406e-05
delete time:2.956390380859375e-05
delete time:2.8848648071289062e-05
delete time:3.24249267578125e-05
delete time:3.409385681152344e-05
delete time:5.030632019042969e-05
delete time:3.600120544433594e-05
delete time:3.1948089599609375e-05
delete time:3.123283386230469e-05
delete time:2.8133392333984375e-05
delete time:3.910064697265625e-05
delete time:2.4318695068359375e-05
delete time:4.1484832763671875e-05
delete time:4.1484832763671875e-05
delete time:3.743171691894531e-05
delete time:3.3855438232421875e-05
delete time:2.5033950805664062e-05
delete time:3.528594970703125e-05
delete time:2.7418136596679688e-05
delete time:2.47955322265625e-05
delete time:3.6716461181640625e-05
delete time:4.410743713378906e-05
delete time:2.6464462280273438e-05
delete time:2.6226043701171875e-05
delete time:2.6941299438476562e-05
delete time:2.5987625122070312e-05
delete time:2.6702880859375e-05
delete time:3.647804260253906e-05
delete time:3.24249267578125e-05
delete time:2.9802322387695312e-05
delete time:3.600120544433594e-05
delete time:2.9802322387695312e-05
delete time:3.647804260253906e-05
delete time:3.409385681152344e-05
delete time:2.5033950805664062e-05
delete time:3.2901763916015625e-05
delete time:3.552436828613281e-05
delete time:3.814697265625e-05
delete time:3.1948089599609375e-05
delete time:3.457069396972656e-05
delete time:4.00543212890625e-05
delete time:2.3603439331054688e-05
delete time:2.86102294921875e-05
delete time:3.7670135498046875e-05
delete time:3.0040740966796875e-05
delete time:2.1696090698242188e-05
delete time:2.4557113647460938e-05
delete time:3.4332275390625e-05
delete time:2.8133392333984375e-05
delete time:3.170967102050781e-05
delete time:3.838539123535156e-05
delete time:3.409385681152344e-05
delete time:3.1948089599609375e-05
delete time:3.314018249511719e-05
delete time:3.504753112792969e-05
delete time:2.9802322387695312e-05
delete time:3.814697265625e-05
delete time:2.9802322387695312e-05
delete time:4.315376281738281e-05
delete time:3.0040740966796875e-05
delete time:3.4332275390625e-05
delete time:3.218650817871094e-05
delete time:3.0517578125e-05
delete time:4.458427429199219e-05
delete time:3.6716461181640625e-05
delete time:2.5987625122070312e-05
delete time:3.910064697265625e-05
delete time:3.0994415283203125e-05
delete time:3.4809112548828125e-05
delete time:3.981590270996094e-05
delete time:3.0040740966796875e-05
delete time:3.409385681152344e-05
delete time:2.7418136596679688e-05
delete time:2.2172927856445312e-05
delete time:4.506111145019531e-05
delete time:2.6941299438476562e-05
delete time:3.361701965332031e-05
delete time:4.315376281738281e-05
delete time:3.3855438232421875e-05
delete time:3.0040740966796875e-05
delete time:2.765655517578125e-05
delete time:3.600120544433594e-05
delete time:3.910064697265625e-05
delete time:2.86102294921875e-05
delete time:4.38690185546875e-05
delete time:2.384185791015625e-05
delete time:3.838539123535156e-05
delete time:2.4318695068359375e-05
delete time:3.361701965332031e-05
delete time:3.743171691894531e-05
delete time:2.7418136596679688e-05
delete time:3.933906555175781e-05
delete time:3.7670135498046875e-05
delete time:4.124641418457031e-05
delete time:2.5033950805664062e-05
delete time:2.5272369384765625e-05
delete time:4.029273986816406e-05
delete time:2.5272369384765625e-05
delete time:3.600120544433594e-05
delete time:3.6716461181640625e-05
delete time:2.288818359375e-05
delete time:3.528594970703125e-05
delete time:3.266334533691406e-05
delete time:3.314018249511719e-05
delete time:3.4809112548828125e-05
delete time:3.5762786865234375e-05
delete time:4.172325134277344e-05
delete time:3.170967102050781e-05
delete time:3.4809112548828125e-05
delete time:2.6464462280273438e-05
delete time:2.4318695068359375e-05
delete time:3.24249267578125e-05
delete time:3.147125244140625e-05
delete time:3.457069396972656e-05
delete time:3.1948089599609375e-05
delete time:3.075599670410156e-05
delete time:3.7670135498046875e-05
delete time:3.0994415283203125e-05
delete time:2.384185791015625e-05
delete time:2.9087066650390625e-05
delete time:3.719329833984375e-05
delete time:4.1961669921875e-05
delete time:2.5987625122070312e-05
delete time:3.0279159545898438e-05
delete time:3.266334533691406e-05
delete time:3.123283386230469e-05
delete time:2.5510787963867188e-05
delete time:2.7418136596679688e-05
delete time:3.3855438232421875e-05
delete time:1.6927719116210938e-05
delete time:3.5762786865234375e-05
delete time:3.4809112548828125e-05
delete time:3.147125244140625e-05
delete time:3.361701965332031e-05
delete time:4.124641418457031e-05
delete time:2.3126602172851562e-05
delete time:3.2901763916015625e-05
delete time:3.170967102050781e-05
delete time:3.457069396972656e-05
delete time:2.1219253540039062e-05
delete time:2.9325485229492188e-05
delete time:3.24249267578125e-05
delete time:3.218650817871094e-05
delete time:3.504753112792969e-05
delete time:2.3365020751953125e-05
delete time:2.6464462280273438e-05
delete time:3.24249267578125e-05
delete time:3.504753112792969e-05
delete time:3.24249267578125e-05
delete time:3.123283386230469e-05
delete time:3.981590270996094e-05
delete time:2.8371810913085938e-05
delete time:3.814697265625e-05
delete time:5.364418029785156e-05
delete time:3.4332275390625e-05
delete time:3.0040740966796875e-05
delete time:2.956390380859375e-05
delete time:3.695487976074219e-05
delete time:3.743171691894531e-05
delete time:2.3603439331054688e-05
delete time:2.7418136596679688e-05
delete time:2.574920654296875e-05
delete time:3.790855407714844e-05
delete time:3.719329833984375e-05
delete time:2.8371810913085938e-05
delete time:3.170967102050781e-05
delete time:3.790855407714844e-05
delete time:3.886222839355469e-05
delete time:3.314018249511719e-05
delete time:3.075599670410156e-05
delete time:2.86102294921875e-05
delete time:2.9802322387695312e-05
delete time:3.838539123535156e-05
delete time:2.7894973754882812e-05
delete time:2.4557113647460938e-05
delete time:3.337860107421875e-05
delete time:3.0994415283203125e-05
delete time:3.647804260253906e-05
delete time:2.9087066650390625e-05
delete time:3.981590270996094e-05
delete time:3.6716461181640625e-05
delete time:2.8848648071289062e-05
delete time:3.4332275390625e-05
delete time:3.0517578125e-05
delete time:3.695487976074219e-05
delete time:2.6941299438476562e-05
delete time:2.956390380859375e-05
delete time:2.7418136596679688e-05
delete time:2.8133392333984375e-05
delete time:3.8623809814453125e-05
delete time:2.9325485229492188e-05
delete time:2.384185791015625e-05
delete time:2.86102294921875e-05
delete time:2.7179718017578125e-05
delete time:3.170967102050781e-05
delete time:2.574920654296875e-05
delete time:2.3365020751953125e-05
delete time:3.528594970703125e-05
delete time:2.6941299438476562e-05
delete time:2.2411346435546875e-05
delete time:3.0994415283203125e-05
delete time:3.337860107421875e-05
delete time:2.9802322387695312e-05
delete time:2.384185791015625e-05
delete time:3.3855438232421875e-05
delete time:2.47955322265625e-05
delete time:3.123283386230469e-05
delete time:3.600120544433594e-05
delete time:2.956390380859375e-05
delete time:2.1457672119140625e-05
delete time:3.814697265625e-05
delete time:2.8371810913085938e-05
delete time:3.123283386230469e-05
delete time:3.719329833984375e-05
delete time:3.361701965332031e-05
delete time:3.123283386230469e-05
delete time:3.0994415283203125e-05
delete time:3.814697265625e-05
delete time:4.00543212890625e-05
delete time:2.4557113647460938e-05
delete time:2.8848648071289062e-05
delete time:3.814697265625e-05
delete time:3.695487976074219e-05
delete time:3.7670135498046875e-05
delete time:1.621246337890625e-05
delete time:2.7894973754882812e-05
delete time:3.7670135498046875e-05
delete time:4.100799560546875e-05
delete time:3.5762786865234375e-05
delete time:3.0994415283203125e-05
delete time:3.170967102050781e-05
delete time:2.5987625122070312e-05
delete time:3.409385681152344e-05
delete time:4.267692565917969e-05
delete time:3.218650817871094e-05
delete time:2.956390380859375e-05
delete time:3.337860107421875e-05
delete time:2.6702880859375e-05
delete time:3.0279159545898438e-05
delete time:3.504753112792969e-05
delete time:4.1961669921875e-05
delete time:3.838539123535156e-05
delete time:3.5762786865234375e-05
delete time:3.0517578125e-05
delete time:3.552436828613281e-05
delete time:3.647804260253906e-05
delete time:2.2411346435546875e-05
delete time:3.9577484130859375e-05
delete time:2.8133392333984375e-05
delete time:3.4809112548828125e-05
delete time:2.6702880859375e-05
delete time:2.3126602172851562e-05
delete time:4.00543212890625e-05
delete time:2.0503997802734375e-05
delete time:2.3126602172851562e-05
delete time:3.790855407714844e-05
delete time:3.0994415283203125e-05
delete time:3.743171691894531e-05
delete time:3.647804260253906e-05
delete time:2.1457672119140625e-05
delete time:3.600120544433594e-05
delete time:2.6226043701171875e-05
delete time:2.86102294921875e-05
delete time:3.075599670410156e-05
delete time:2.4080276489257812e-05
delete time:3.147125244140625e-05
delete time:2.9087066650390625e-05
delete time:2.7418136596679688e-05
delete time:2.6464462280273438e-05
delete time:3.147125244140625e-05
delete time:3.314018249511719e-05
delete time:3.814697265625e-05
delete time:2.574920654296875e-05
delete time:3.8623809814453125e-05
delete time:3.170967102050781e-05
delete time:3.266334533691406e-05
delete time:3.4809112548828125e-05
delete time:3.361701965332031e-05
delete time:2.574920654296875e-05
delete time:2.4557113647460938e-05
delete time:4.5299530029296875e-05
delete time:2.8371810913085938e-05
delete time:3.337860107421875e-05
delete time:2.3603439331054688e-05
delete time:3.838539123535156e-05
delete time:3.1948089599609375e-05
delete time:3.24249267578125e-05
delete time:3.504753112792969e-05
delete time:3.743171691894531e-05
delete time:3.0279159545898438e-05
delete time:2.6226043701171875e-05
delete time:2.47955322265625e-05
delete time:3.743171691894531e-05
delete time:3.0040740966796875e-05
delete time:2.6226043701171875e-05
delete time:3.147125244140625e-05
delete time:3.314018249511719e-05
delete time:4.172325134277344e-05
delete time:2.5510787963867188e-05
delete time:3.9577484130859375e-05
delete time:3.147125244140625e-05
delete time:2.8371810913085938e-05
delete time:2.5510787963867188e-05
delete time:3.7670135498046875e-05
delete time:2.4318695068359375e-05
delete time:2.2649765014648438e-05
delete time:3.4332275390625e-05
delete time:3.266334533691406e-05
delete time:2.7179718017578125e-05
delete time:2.384185791015625e-05
delete time:3.0517578125e-05
delete time:3.695487976074219e-05
delete time:3.814697265625e-05
delete time:3.147125244140625e-05
delete time:2.6226043701171875e-05
delete time:2.6702880859375e-05
delete time:2.3365020751953125e-05
delete time:3.528594970703125e-05
delete time:3.0279159545898438e-05
delete time:3.0279159545898438e-05
delete time:2.6941299438476562e-05
delete time:2.6226043701171875e-05
delete time:1.6450881958007812e-05
delete time:3.9577484130859375e-05
delete time:3.0279159545898438e-05
delete time:3.2901763916015625e-05
delete time:2.8848648071289062e-05
delete time:2.2172927856445312e-05
delete time:2.574920654296875e-05
delete time:3.266334533691406e-05
delete time:1.5735626220703125e-05
delete time:3.838539123535156e-05
delete time:1.8835067749023438e-05
delete time:2.574920654296875e-05
delete time:2.193450927734375e-05
delete time:2.3603439331054688e-05
delete time:5.0067901611328125e-05
delete time:2.9325485229492188e-05
delete time:3.361701965332031e-05
delete time:3.2901763916015625e-05
delete time:3.1948089599609375e-05
delete time:3.123283386230469e-05
delete time:2.9802322387695312e-05
delete time:3.981590270996094e-05
delete time:4.410743713378906e-05
delete time:2.3126602172851562e-05
delete time:3.0279159545898438e-05
delete time:3.337860107421875e-05
delete time:3.1948089599609375e-05
delete time:2.193450927734375e-05
delete time:2.5033950805664062e-05
delete time:2.47955322265625e-05
delete time:3.5762786865234375e-05
delete time:2.956390380859375e-05
delete time:2.8848648071289062e-05
delete time:3.528594970703125e-05
delete time:4.0531158447265625e-05
delete time:3.2901763916015625e-05
delete time:3.361701965332031e-05
delete time:2.4318695068359375e-05
delete time:3.719329833984375e-05
delete time:2.956390380859375e-05
delete time:2.765655517578125e-05
delete time:2.3126602172851562e-05
delete time:4.1484832763671875e-05
delete time:4.315376281738281e-05
delete time:3.24249267578125e-05
delete time:2.1457672119140625e-05
delete time:3.719329833984375e-05
delete time:2.86102294921875e-05
delete time:2.8371810913085938e-05
delete time:4.00543212890625e-05
delete time:3.7670135498046875e-05
delete time:2.765655517578125e-05
delete time:3.123283386230469e-05
delete time:3.695487976074219e-05
delete time:3.457069396972656e-05
delete time:3.647804260253906e-05
delete time:4.0531158447265625e-05
delete time:2.9802322387695312e-05
delete time:3.361701965332031e-05
delete time:2.7894973754882812e-05
delete time:3.1948089599609375e-05
delete time:3.9577484130859375e-05
delete time:3.075599670410156e-05
delete time:2.6226043701171875e-05
delete time:3.814697265625e-05
delete time:2.384185791015625e-05
delete time:3.314018249511719e-05
delete time:4.029273986816406e-05
delete time:3.0279159545898438e-05
delete time:4.2438507080078125e-05
delete time:2.9802322387695312e-05
delete time:3.337860107421875e-05
delete time:2.6464462280273438e-05
delete time:2.7179718017578125e-05
delete time:3.814697265625e-05
delete time:3.7670135498046875e-05
delete time:3.504753112792969e-05
delete time:3.0517578125e-05
delete time:3.170967102050781e-05
delete time:3.719329833984375e-05
delete time:3.075599670410156e-05
delete time:3.075599670410156e-05
delete time:3.24249267578125e-05
delete time:3.266334533691406e-05
delete time:2.8133392333984375e-05
delete time:3.457069396972656e-05
delete time:3.9577484130859375e-05
delete time:3.719329833984375e-05
delete time:3.0279159545898438e-05
delete time:3.0517578125e-05
delete time:3.4809112548828125e-05
delete time:1.811981201171875e-05
delete time:2.6464462280273438e-05
delete time:3.647804260253906e-05
delete time:3.62396240234375e-05
delete time:3.981590270996094e-05
delete time:3.552436828613281e-05
delete time:2.47955322265625e-05
delete time:3.3855438232421875e-05
delete time:3.314018249511719e-05
delete time:3.123283386230469e-05
delete time:3.552436828613281e-05
delete time:3.504753112792969e-05
delete time:2.6226043701171875e-05
delete time:2.6941299438476562e-05
delete time:2.9802322387695312e-05
delete time:3.743171691894531e-05
delete time:3.1948089599609375e-05
delete time:3.6716461181640625e-05
delete time:1.9788742065429688e-05
delete time:3.123283386230469e-05
delete time:4.1961669921875e-05
delete time:3.6716461181640625e-05
delete time:3.814697265625e-05
delete time:3.814697265625e-05
delete time:3.123283386230469e-05
delete time:3.814697265625e-05
delete time:2.8371810913085938e-05
delete time:3.814697265625e-05
delete time:3.266334533691406e-05
delete time:2.5272369384765625e-05
delete time:2.8371810913085938e-05
delete time:3.0040740966796875e-05
delete time:3.409385681152344e-05
delete time:3.5762786865234375e-05
delete time:4.4345855712890625e-05
delete time:3.7670135498046875e-05
delete time:2.86102294921875e-05
delete time:2.9325485229492188e-05
delete time:3.504753112792969e-05
delete time:2.4557113647460938e-05
delete time:2.5033950805664062e-05
delete time:2.5510787963867188e-05
delete time:3.743171691894531e-05
delete time:3.8623809814453125e-05
delete time:2.6226043701171875e-05
delete time:3.170967102050781e-05
delete time:2.6941299438476562e-05
delete time:2.002716064453125e-05
delete time:3.147125244140625e-05
delete time:4.4345855712890625e-05
delete time:2.1457672119140625e-05
delete time:2.9802322387695312e-05
delete time:3.504753112792969e-05
delete time:3.62396240234375e-05
delete time:3.123283386230469e-05
delete time:3.170967102050781e-05
delete time:3.504753112792969e-05
delete time:2.3365020751953125e-05
delete time:4.38690185546875e-05
delete time:2.9325485229492188e-05
delete time:3.4332275390625e-05
delete time:3.790855407714844e-05
delete time:3.552436828613281e-05
delete time:3.147125244140625e-05
delete time:2.4557113647460938e-05
delete time:2.47955322265625e-05
delete time:3.266334533691406e-05
delete time:3.790855407714844e-05
delete time:2.6702880859375e-05
delete time:3.5762786865234375e-05
delete time:3.5762786865234375e-05
delete time:2.6226043701171875e-05
delete time:3.743171691894531e-05
delete time:2.2172927856445312e-05
delete time:4.673004150390625e-05
delete time:3.4809112548828125e-05
delete time:3.24249267578125e-05
delete time:2.956390380859375e-05
delete time:2.956390380859375e-05
delete time:2.9802322387695312e-05
delete time:2.4318695068359375e-05
delete time:3.075599670410156e-05
delete time:2.2649765014648438e-05
delete time:2.8371810913085938e-05
delete time:3.3855438232421875e-05
delete time:2.6464462280273438e-05
delete time:2.8848648071289062e-05
delete time:2.3603439331054688e-05
delete time:2.5272369384765625e-05
delete time:3.3855438232421875e-05
delete time:3.218650817871094e-05
delete time:1.9311904907226562e-05
delete time:2.3365020751953125e-05
delete time:3.528594970703125e-05
delete time:4.076957702636719e-05
delete time:2.6941299438476562e-05
delete time:2.574920654296875e-05
delete time:4.00543212890625e-05
delete time:1.7404556274414062e-05
delete time:3.0994415283203125e-05
delete time:3.123283386230469e-05
delete time:3.3855438232421875e-05
delete time:3.266334533691406e-05
delete time:4.00543212890625e-05
delete time:3.6716461181640625e-05
delete time:2.384185791015625e-05
delete time:3.2901763916015625e-05
delete time:4.38690185546875e-05
delete time:3.409385681152344e-05
delete time:2.6464462280273438e-05
delete time:3.2901763916015625e-05
delete time:2.765655517578125e-05
delete time:2.7179718017578125e-05
delete time:2.6226043701171875e-05
delete time:6.079673767089844e-05
delete time:3.147125244140625e-05
delete time:3.24249267578125e-05
delete time:3.9577484130859375e-05
delete time:3.337860107421875e-05
delete time:3.790855407714844e-05
delete time:2.956390380859375e-05
delete time:2.956390380859375e-05
delete time:2.9802322387695312e-05
delete time:3.24249267578125e-05
delete time:4.57763671875e-05
delete time:3.24249267578125e-05
delete time:4.076957702636719e-05
delete time:2.8371810913085938e-05
delete time:2.8848648071289062e-05
delete time:3.528594970703125e-05
delete time:3.123283386230469e-05
delete time:3.123283386230469e-05
delete time:3.457069396972656e-05
delete time:2.956390380859375e-05
delete time:4.76837158203125e-05
delete time:2.9087066650390625e-05
delete time:3.528594970703125e-05
delete time:3.7670135498046875e-05
delete time:3.266334533691406e-05
delete time:3.170967102050781e-05
delete time:2.2649765014648438e-05
delete time:3.3855438232421875e-05
delete time:3.552436828613281e-05
delete time:3.1948089599609375e-05
delete time:2.9087066650390625e-05
delete time:3.4332275390625e-05
delete time:2.574920654296875e-05
delete time:3.0994415283203125e-05
delete time:2.193450927734375e-05
delete time:3.0517578125e-05
delete time:3.314018249511719e-05
delete time:3.123283386230469e-05
delete time:3.314018249511719e-05
delete time:2.8848648071289062e-05
delete time:2.384185791015625e-05
delete time:2.86102294921875e-05
delete time:2.765655517578125e-05
delete time:3.409385681152344e-05
delete time:2.765655517578125e-05
delete time:4.124641418457031e-05
delete time:2.193450927734375e-05
delete time:2.7894973754882812e-05
delete time:3.075599670410156e-05
delete time:2.4080276489257812e-05
delete time:3.457069396972656e-05
delete time:3.528594970703125e-05
delete time:3.0994415283203125e-05
delete time:2.3365020751953125e-05
delete time:3.457069396972656e-05
delete time:4.9591064453125e-05
delete time:3.2901763916015625e-05
delete time:2.956390380859375e-05
delete time:4.029273986816406e-05
delete time:2.2172927856445312e-05
delete time:2.6941299438476562e-05
delete time:3.0517578125e-05
delete time:3.814697265625e-05
delete time:2.4080276489257812e-05
delete time:2.6941299438476562e-05
delete time:4.00543212890625e-05
delete time:2.4080276489257812e-05
delete time:3.5762786865234375e-05
delete time:3.910064697265625e-05
delete time:3.3855438232421875e-05
delete time:3.075599670410156e-05
delete time:3.981590270996094e-05
delete time:3.123283386230469e-05
delete time:3.218650817871094e-05
delete time:3.266334533691406e-05
delete time:2.6464462280273438e-05
delete time:3.0994415283203125e-05
delete time:2.5987625122070312e-05
delete time:4.00543212890625e-05
delete time:3.361701965332031e-05
delete time:2.956390380859375e-05
delete time:3.647804260253906e-05
delete time:2.5987625122070312e-05
delete time:2.9802322387695312e-05
delete time:3.5762786865234375e-05
delete time:2.765655517578125e-05
delete time:2.9087066650390625e-05
delete time:4.38690185546875e-05
delete time:3.123283386230469e-05
delete time:2.9325485229492188e-05
delete time:3.0040740966796875e-05
delete time:3.504753112792969e-05
delete time:2.86102294921875e-05
delete time:2.7894973754882812e-05
delete time:3.170967102050781e-05
delete time:1.5735626220703125e-05
delete time:2.1696090698242188e-05
delete time:2.4080276489257812e-05
delete time:2.8848648071289062e-05
delete time:2.6941299438476562e-05
delete time:3.6716461181640625e-05
delete time:2.8848648071289062e-05
delete time:2.9802322387695312e-05
delete time:2.8848648071289062e-05
delete time:2.7894973754882812e-05
delete time:2.9325485229492188e-05
delete time:3.5762786865234375e-05
delete time:2.7894973754882812e-05
delete time:3.62396240234375e-05
delete time:3.504753112792969e-05
delete time:2.86102294921875e-05
delete time:3.0994415283203125e-05
delete time:1.5497207641601562e-05
delete time:3.2901763916015625e-05
delete time:1.5974044799804688e-05
delete time:4.124641418457031e-05
delete time:2.7418136596679688e-05
delete time:3.266334533691406e-05
delete time:2.8133392333984375e-05
delete time:4.220008850097656e-05
delete time:2.7179718017578125e-05
delete time:1.5974044799804688e-05
delete time:2.5272369384765625e-05
delete time:3.838539123535156e-05
delete time:4.124641418457031e-05
delete time:4.0531158447265625e-05
delete time:2.7418136596679688e-05
delete time:2.574920654296875e-05
delete time:2.6702880859375e-05
delete time:3.0517578125e-05
delete time:2.5987625122070312e-05
delete time:3.8623809814453125e-05
delete time:3.123283386230469e-05
delete time:2.5033950805664062e-05
delete time:1.3589859008789062e-05
delete time:2.9087066650390625e-05
delete time:3.6716461181640625e-05
delete time:4.172325134277344e-05
delete time:3.9577484130859375e-05
delete time:2.3603439331054688e-05
delete time:4.2438507080078125e-05
delete time:2.6226043701171875e-05
delete time:2.2172927856445312e-05
delete time:2.4557113647460938e-05
delete time:2.9087066650390625e-05
delete time:3.075599670410156e-05
delete time:2.6464462280273438e-05
delete time:2.5272369384765625e-05
delete time:3.266334533691406e-05
delete time:2.47955322265625e-05
delete time:2.574920654296875e-05
delete time:2.47955322265625e-05
delete time:3.337860107421875e-05
delete time:3.123283386230469e-05
delete time:2.4557113647460938e-05
delete time:3.218650817871094e-05
delete time:2.5033950805664062e-05
delete time:3.24249267578125e-05
delete time:3.337860107421875e-05
delete time:2.7418136596679688e-05
delete time:2.6702880859375e-05
delete time:2.765655517578125e-05
delete time:3.6716461181640625e-05
delete time:4.1484832763671875e-05
delete time:1.8835067749023438e-05
delete time:2.5272369384765625e-05
delete time:3.552436828613281e-05
delete time:3.910064697265625e-05
delete time:3.552436828613281e-05
delete time:3.790855407714844e-05
delete time:1.5974044799804688e-05
delete time:2.765655517578125e-05
delete time:3.4809112548828125e-05
delete time:2.193450927734375e-05
delete time:1.9550323486328125e-05
delete time:3.647804260253906e-05
delete time:2.3126602172851562e-05
delete time:2.956390380859375e-05
delete time:2.6226043701171875e-05
delete time:3.337860107421875e-05
delete time:3.790855407714844e-05
delete time:5.030632019042969e-05
delete time:2.8848648071289062e-05
delete time:3.457069396972656e-05
delete time:3.8623809814453125e-05
delete time:3.62396240234375e-05
delete time:2.1696090698242188e-05
delete time:3.719329833984375e-05
delete time:3.600120544433594e-05
delete time:2.384185791015625e-05
delete time:2.4080276489257812e-05
delete time:2.3126602172851562e-05
delete time:2.288818359375e-05
delete time:3.0040740966796875e-05
delete time:2.6702880859375e-05
delete time:3.1948089599609375e-05
delete time:1.8835067749023438e-05
delete time:3.528594970703125e-05
delete time:2.3365020751953125e-05
delete time:2.8133392333984375e-05
delete time:3.0040740966796875e-05
delete time:2.3365020751953125e-05
delete time:2.6702880859375e-05
delete time:3.3855438232421875e-05
delete time:2.4557113647460938e-05
delete time:3.552436828613281e-05
delete time:4.1484832763671875e-05
delete time:2.9087066650390625e-05
delete time:2.5272369384765625e-05
delete time:3.24249267578125e-05
delete time:3.0040740966796875e-05
delete time:3.62396240234375e-05
delete time:4.1484832763671875e-05
delete time:2.288818359375e-05
delete time:2.1696090698242188e-05
delete time:2.3603439331054688e-05
delete time:3.743171691894531e-05
delete time:2.1457672119140625e-05
delete time:2.1219253540039062e-05
delete time:3.0040740966796875e-05
delete time:3.743171691894531e-05
delete time:2.193450927734375e-05
delete time:2.1219253540039062e-05
delete time:2.1219253540039062e-05
delete time:2.09808349609375e-05
delete time:2.7894973754882812e-05
delete time:3.0517578125e-05
delete time:3.6716461181640625e-05
delete time:3.7670135498046875e-05
delete time:4.0531158447265625e-05
delete time:3.743171691894531e-05
delete time:1.9788742065429688e-05
delete time:2.574920654296875e-05
delete time:2.002716064453125e-05
delete time:3.6716461181640625e-05
delete time:3.504753112792969e-05
delete time:2.288818359375e-05
delete time:2.0265579223632812e-05
delete time:4.6253204345703125e-05
delete time:3.170967102050781e-05
delete time:3.4809112548828125e-05
delete time:3.337860107421875e-05
delete time:1.9550323486328125e-05
delete time:3.838539123535156e-05
delete time:3.361701965332031e-05
delete time:3.0040740966796875e-05
delete time:3.0279159545898438e-05
delete time:1.5974044799804688e-05
delete time:2.5510787963867188e-05
delete time:1.8358230590820312e-05
delete time:2.002716064453125e-05
delete time:3.0517578125e-05
delete time:3.647804260253906e-05
delete time:1.9073486328125e-05
delete time:3.4809112548828125e-05
delete time:2.1457672119140625e-05
delete time:3.981590270996094e-05
delete time:1.7404556274414062e-05
delete time:3.790855407714844e-05
delete time:4.100799560546875e-05
delete time:2.9802322387695312e-05
delete time:2.9802322387695312e-05
delete time:2.765655517578125e-05
delete time:5.602836608886719e-05
delete time:4.7206878662109375e-05
delete time:2.9325485229492188e-05
delete time:3.218650817871094e-05
delete time:2.3603439331054688e-05
delete time:3.0040740966796875e-05
delete time:3.409385681152344e-05
delete time:1.4066696166992188e-05
delete time:3.790855407714844e-05
delete time:3.075599670410156e-05
delete time:3.5762786865234375e-05
delete time:5.125999450683594e-05
delete time:2.7179718017578125e-05
delete time:3.719329833984375e-05
delete time:3.7670135498046875e-05
delete time:3.8623809814453125e-05
delete time:3.0994415283203125e-05
delete time:3.743171691894531e-05
delete time:3.123283386230469e-05
delete time:3.5762786865234375e-05
delete time:3.695487976074219e-05
delete time:4.029273986816406e-05
delete time:3.24249267578125e-05
delete time:3.337860107421875e-05
delete time:2.3365020751953125e-05
delete time:3.170967102050781e-05
delete time:3.147125244140625e-05
delete time:1.7404556274414062e-05
delete time:3.528594970703125e-05
delete time:2.6702880859375e-05
delete time:4.1961669921875e-05
delete time:5.2928924560546875e-05
delete time:2.7894973754882812e-05
delete time:2.6226043701171875e-05
delete time:3.743171691894531e-05
delete time:3.814697265625e-05
delete time:3.457069396972656e-05
delete time:3.504753112792969e-05
delete time:3.647804260253906e-05
delete time:4.506111145019531e-05
delete time:1.5974044799804688e-05
delete time:2.574920654296875e-05
delete time:4.410743713378906e-05
delete time:4.9591064453125e-05
delete time:3.147125244140625e-05
delete time:3.600120544433594e-05
delete time:1.6689300537109375e-05
delete time:3.409385681152344e-05
delete time:3.8623809814453125e-05
delete time:2.956390380859375e-05
delete time:2.5033950805664062e-05
delete time:4.029273986816406e-05
delete time:3.9577484130859375e-05
delete time:3.695487976074219e-05
delete time:3.3855438232421875e-05
delete time:2.9325485229492188e-05
delete time:4.315376281738281e-05
delete time:1.1444091796875e-05
delete time:3.24249267578125e-05
delete time:3.0279159545898438e-05
delete time:2.8848648071289062e-05
delete time:3.24249267578125e-05
delete time:3.123283386230469e-05
delete time:2.8848648071289062e-05
delete time:3.528594970703125e-05
delete time:2.8371810913085938e-05
delete time:3.337860107421875e-05
delete time:2.86102294921875e-05
delete time:3.409385681152344e-05
delete time:4.0531158447265625e-05
delete time:3.0517578125e-05
delete time:2.47955322265625e-05
delete time:2.7179718017578125e-05
delete time:3.3855438232421875e-05
delete time:3.7670135498046875e-05
delete time:3.0040740966796875e-05
delete time:3.4809112548828125e-05
delete time:3.0279159545898438e-05
delete time:3.409385681152344e-05
delete time:3.409385681152344e-05
delete time:3.647804260253906e-05
delete time:2.86102294921875e-05
delete time:3.981590270996094e-05
delete time:2.5033950805664062e-05
delete time:2.7179718017578125e-05
delete time:3.409385681152344e-05
delete time:3.337860107421875e-05
delete time:3.2901763916015625e-05
delete time:4.124641418457031e-05
delete time:3.504753112792969e-05
delete time:3.0517578125e-05
delete time:3.600120544433594e-05
delete time:3.147125244140625e-05
delete time:4.4345855712890625e-05
delete time:4.172325134277344e-05
delete time:2.7418136596679688e-05
delete time:3.62396240234375e-05
delete time:2.193450927734375e-05
delete time:5.173683166503906e-05
delete time:3.170967102050781e-05
delete time:3.4809112548828125e-05
delete time:3.62396240234375e-05
delete time:2.002716064453125e-05
delete time:4.553794860839844e-05
delete time:2.384185791015625e-05
delete time:3.62396240234375e-05
delete time:3.600120544433594e-05
delete time:2.8371810913085938e-05
delete time:4.100799560546875e-05
delete time:3.7670135498046875e-05
delete time:2.1457672119140625e-05
delete time:2.8133392333984375e-05
delete time:4.00543212890625e-05
delete time:3.361701965332031e-05
delete time:3.4332275390625e-05
delete time:3.075599670410156e-05
delete time:3.838539123535156e-05
delete time:3.647804260253906e-05
delete time:3.600120544433594e-05
delete time:3.695487976074219e-05
delete time:3.6716461181640625e-05
delete time:3.0994415283203125e-05
delete time:3.719329833984375e-05
delete time:2.9802322387695312e-05
delete time:2.8133392333984375e-05
delete time:3.123283386230469e-05
delete time:3.24249267578125e-05
delete time:2.5033950805664062e-05
delete time:3.719329833984375e-05
delete time:3.1948089599609375e-05
delete time:2.8133392333984375e-05
delete time:2.8133392333984375e-05
delete time:4.1961669921875e-05
delete time:2.7179718017578125e-05
delete time:3.0517578125e-05
delete time:3.0279159545898438e-05
delete time:1.9550323486328125e-05
delete time:2.6941299438476562e-05
delete time:3.2901763916015625e-05
delete time:3.3855438232421875e-05
delete time:3.24249267578125e-05
delete time:3.0517578125e-05
delete time:3.266334533691406e-05
delete time:2.9325485229492188e-05
delete time:3.170967102050781e-05
delete time:3.337860107421875e-05
delete time:3.814697265625e-05
delete time:2.8848648071289062e-05
delete time:2.5510787963867188e-05
delete time:3.24249267578125e-05
delete time:2.6464462280273438e-05
delete time:3.170967102050781e-05
delete time:4.220008850097656e-05
delete time:2.9325485229492188e-05
delete time:3.504753112792969e-05
delete time:2.8133392333984375e-05
delete time:2.7418136596679688e-05
delete time:3.4332275390625e-05
delete time:3.0040740966796875e-05
delete time:4.458427429199219e-05
delete time:3.647804260253906e-05
delete time:2.574920654296875e-05
delete time:3.170967102050781e-05
delete time:2.7418136596679688e-05
delete time:1.811981201171875e-05
delete time:2.9087066650390625e-05
delete time:2.9802322387695312e-05
delete time:3.504753112792969e-05
delete time:3.886222839355469e-05
delete time:2.765655517578125e-05
delete time:4.1961669921875e-05
delete time:2.8848648071289062e-05
delete time:3.0040740966796875e-05
delete time:2.9325485229492188e-05
delete time:3.1948089599609375e-05
delete time:3.0040740966796875e-05
delete time:2.8133392333984375e-05
delete time:2.5272369384765625e-05
delete time:2.6226043701171875e-05
delete time:2.6702880859375e-05
delete time:2.9325485229492188e-05
delete time:2.4080276489257812e-05
delete time:3.504753112792969e-05
delete time:3.0279159545898438e-05
delete time:3.814697265625e-05
delete time:3.0040740966796875e-05
delete time:2.9802322387695312e-05
delete time:2.7179718017578125e-05
delete time:3.0279159545898438e-05
delete time:2.5987625122070312e-05
delete time:3.218650817871094e-05
delete time:3.695487976074219e-05
delete time:2.6464462280273438e-05
delete time:3.266334533691406e-05
delete time:4.863739013671875e-05
delete time:2.5987625122070312e-05
delete time:3.2901763916015625e-05
delete time:2.5272369384765625e-05
delete time:3.4332275390625e-05
delete time:5.14984130859375e-05
delete time:3.552436828613281e-05
delete time:3.62396240234375e-05
delete time:2.5987625122070312e-05
delete time:2.9087066650390625e-05
delete time:3.8623809814453125e-05
delete time:2.1696090698242188e-05
delete time:3.0040740966796875e-05
delete time:3.1948089599609375e-05
delete time:3.337860107421875e-05
delete time:2.8133392333984375e-05
delete time:3.743171691894531e-05
delete time:2.86102294921875e-05
delete time:3.457069396972656e-05
delete time:2.9087066650390625e-05
delete time:3.0994415283203125e-05
delete time:2.86102294921875e-05
delete time:2.9325485229492188e-05
delete time:3.337860107421875e-05
delete time:2.9802322387695312e-05
delete time:3.361701965332031e-05
delete time:2.86102294921875e-05
delete time:2.7418136596679688e-05
delete time:3.0279159545898438e-05
delete time:2.5033950805664062e-05
delete time:3.62396240234375e-05
delete time:2.9325485229492188e-05
delete time:2.7418136596679688e-05
delete time:2.5987625122070312e-05
delete time:2.8371810913085938e-05
delete time:3.2901763916015625e-05
delete time:3.361701965332031e-05
delete time:3.4332275390625e-05
delete time:2.3365020751953125e-05
delete time:2.4318695068359375e-05
delete time:2.574920654296875e-05
delete time:4.649162292480469e-05
delete time:3.218650817871094e-05
delete time:3.719329833984375e-05
delete time:3.62396240234375e-05
delete time:3.838539123535156e-05
delete time:3.933906555175781e-05
delete time:3.075599670410156e-05
delete time:3.814697265625e-05
delete time:3.600120544433594e-05
delete time:2.6464462280273438e-05
delete time:2.8371810913085938e-05
delete time:3.0994415283203125e-05
delete time:3.3855438232421875e-05
delete time:3.24249267578125e-05
delete time:3.9577484130859375e-05
delete time:3.147125244140625e-05
delete time:3.4332275390625e-05
delete time:2.47955322265625e-05
delete time:2.956390380859375e-05
delete time:3.8623809814453125e-05
delete time:4.100799560546875e-05
delete time:2.3603439331054688e-05
delete time:4.1961669921875e-05
delete time:2.8371810913085938e-05
delete time:2.6941299438476562e-05
delete time:2.6226043701171875e-05
delete time:6.508827209472656e-05
delete time:4.673004150390625e-05
delete time:5.221366882324219e-05
delete time:3.695487976074219e-05
delete time:2.6941299438476562e-05
delete time:3.981590270996094e-05
delete time:3.075599670410156e-05
delete time:3.8623809814453125e-05
delete time:5.602836608886719e-05
delete time:2.47955322265625e-05
delete time:3.8623809814453125e-05
delete time:3.361701965332031e-05
delete time:3.910064697265625e-05
delete time:2.6702880859375e-05
delete time:2.5033950805664062e-05
delete time:3.6716461181640625e-05
delete time:3.504753112792969e-05
delete time:2.6464462280273438e-05
delete time:3.0517578125e-05
delete time:3.5762786865234375e-05
delete time:3.814697265625e-05
delete time:4.553794860839844e-05
delete time:4.9114227294921875e-05
delete time:3.2901763916015625e-05
delete time:2.8371810913085938e-05
delete time:4.2438507080078125e-05
delete time:3.528594970703125e-05
delete time:2.8133392333984375e-05
delete time:3.4809112548828125e-05
delete time:3.719329833984375e-05
delete time:4.0531158447265625e-05
delete time:3.62396240234375e-05
delete time:3.170967102050781e-05
delete time:3.695487976074219e-05
delete time:3.743171691894531e-05
delete time:3.504753112792969e-05
delete time:4.0531158447265625e-05
delete time:3.647804260253906e-05
delete time:3.266334533691406e-05
delete time:3.3855438232421875e-05
delete time:3.4809112548828125e-05
delete time:3.0994415283203125e-05
delete time:3.266334533691406e-05
delete time:3.0517578125e-05
delete time:3.647804260253906e-05
delete time:2.86102294921875e-05
delete time:2.4557113647460938e-05
delete time:3.314018249511719e-05
delete time:4.0531158447265625e-05
delete time:3.933906555175781e-05
delete time:3.1948089599609375e-05
delete time:3.4332275390625e-05
delete time:3.147125244140625e-05
delete time:3.409385681152344e-05
delete time:2.86102294921875e-05
delete time:3.3855438232421875e-05
delete time:3.0279159545898438e-05
delete time:3.409385681152344e-05
delete time:2.3126602172851562e-05
delete time:3.409385681152344e-05
delete time:3.0040740966796875e-05
delete time:3.1948089599609375e-05
delete time:3.4332275390625e-05
delete time:3.147125244140625e-05
delete time:2.6226043701171875e-05
delete time:4.1961669921875e-05
delete time:2.86102294921875e-05
delete time:2.6941299438476562e-05
delete time:2.5272369384765625e-05
delete time:2.6702880859375e-05
delete time:4.267692565917969e-05
delete time:3.2901763916015625e-05
delete time:2.6702880859375e-05
delete time:3.6716461181640625e-05
delete time:2.9087066650390625e-05
delete time:3.4332275390625e-05
delete time:3.075599670410156e-05
delete time:3.981590270996094e-05
delete time:3.0994415283203125e-05
delete time:3.886222839355469e-05
delete time:2.9087066650390625e-05
delete time:3.1948089599609375e-05
delete time:3.4809112548828125e-05
delete time:3.1948089599609375e-05
delete time:3.147125244140625e-05
delete time:3.0994415283203125e-05
delete time:4.2438507080078125e-05
delete time:2.6464462280273438e-05
delete time:4.458427429199219e-05
delete time:2.956390380859375e-05
delete time:3.3855438232421875e-05
delete time:3.8623809814453125e-05
delete time:3.361701965332031e-05
delete time:3.337860107421875e-05
delete time:4.2438507080078125e-05
delete time:3.266334533691406e-05
delete time:3.1948089599609375e-05
delete time:4.220008850097656e-05
delete time:2.4318695068359375e-05
delete time:2.4557113647460938e-05
delete time:2.8848648071289062e-05
delete time:3.266334533691406e-05
delete time:2.5033950805664062e-05
delete time:3.266334533691406e-05
delete time:3.719329833984375e-05
delete time:3.790855407714844e-05
delete time:3.3855438232421875e-05
delete time:3.7670135498046875e-05
delete time:2.1696090698242188e-05
delete time:2.6702880859375e-05
delete time:2.4318695068359375e-05
delete time:2.8371810913085938e-05
delete time:3.695487976074219e-05
delete time:3.790855407714844e-05
delete time:2.6941299438476562e-05
delete time:3.62396240234375e-05
delete time:3.24249267578125e-05
delete time:3.504753112792969e-05
delete time:4.982948303222656e-05
delete time:3.7670135498046875e-05
delete time:3.337860107421875e-05
delete time:3.790855407714844e-05
delete time:2.8848648071289062e-05
delete time:3.218650817871094e-05
delete time:3.147125244140625e-05
delete time:4.6253204345703125e-05
delete time:2.3603439331054688e-05
delete time:3.361701965332031e-05
delete time:3.361701965332031e-05
delete time:2.6226043701171875e-05
delete time:3.170967102050781e-05
delete time:3.147125244140625e-05
delete time:2.6464462280273438e-05
delete time:3.361701965332031e-05
delete time:2.956390380859375e-05
delete time:2.86102294921875e-05
delete time:2.6941299438476562e-05
delete time:3.075599670410156e-05
delete time:5.173683166503906e-05
delete time:3.0994415283203125e-05
delete time:3.933906555175781e-05
delete time:3.266334533691406e-05
delete time:2.5033950805664062e-05
delete time:3.266334533691406e-05
delete time:3.528594970703125e-05
delete time:3.910064697265625e-05
delete time:3.218650817871094e-05
delete time:3.218650817871094e-05
delete time:2.956390380859375e-05
delete time:3.8623809814453125e-05
delete time:2.0503997802734375e-05
delete time:2.8848648071289062e-05
delete time:3.218650817871094e-05
delete time:3.790855407714844e-05
delete time:3.170967102050781e-05
delete time:3.552436828613281e-05
delete time:4.1484832763671875e-05
delete time:3.409385681152344e-05
delete time:3.0279159545898438e-05
delete time:3.600120544433594e-05
delete time:3.552436828613281e-05
delete time:3.075599670410156e-05
delete time:3.0994415283203125e-05
delete time:2.7418136596679688e-05
delete time:2.8848648071289062e-05
delete time:3.0994415283203125e-05
delete time:2.574920654296875e-05
delete time:2.7179718017578125e-05
delete time:3.457069396972656e-05
delete time:4.1484832763671875e-05
delete time:3.0994415283203125e-05
delete time:2.8133392333984375e-05
delete time:3.457069396972656e-05
delete time:3.2901763916015625e-05
delete time:5.14984130859375e-05
delete time:3.123283386230469e-05
delete time:4.1961669921875e-05
delete time:4.124641418457031e-05
delete time:2.8848648071289062e-05
delete time:3.528594970703125e-05
delete time:2.956390380859375e-05
delete time:2.4080276489257812e-05
delete time:3.1948089599609375e-05
delete time:4.029273986816406e-05
delete time:3.147125244140625e-05
delete time:2.765655517578125e-05
delete time:2.765655517578125e-05
delete time:2.288818359375e-05
delete time:3.0517578125e-05
delete time:3.838539123535156e-05
delete time:4.220008850097656e-05
delete time:4.172325134277344e-05
delete time:2.09808349609375e-05
delete time:3.1948089599609375e-05
delete time:3.147125244140625e-05
delete time:2.5033950805664062e-05
delete time:3.552436828613281e-05
delete time:3.600120544433594e-05
delete time:3.528594970703125e-05
delete time:3.600120544433594e-05
delete time:3.457069396972656e-05
delete time:3.123283386230469e-05
delete time:3.3855438232421875e-05
delete time:4.458427429199219e-05
delete time:3.0279159545898438e-05
delete time:3.0517578125e-05
delete time:2.9325485229492188e-05
delete time:2.8371810913085938e-05
delete time:3.457069396972656e-05
delete time:2.47955322265625e-05
delete time:3.647804260253906e-05
delete time:3.457069396972656e-05
delete time:2.6702880859375e-05
delete time:3.409385681152344e-05
delete time:3.933906555175781e-05
delete time:3.075599670410156e-05
delete time:4.3392181396484375e-05
delete time:2.7418136596679688e-05
delete time:2.86102294921875e-05
delete time:3.2901763916015625e-05
delete time:2.6226043701171875e-05
delete time:3.24249267578125e-05
delete time:4.029273986816406e-05
delete time:2.3603439331054688e-05
delete time:3.361701965332031e-05
delete time:3.743171691894531e-05
delete time:2.765655517578125e-05
delete time:3.62396240234375e-05
delete time:2.6226043701171875e-05
delete time:3.695487976074219e-05
delete time:3.910064697265625e-05
delete time:2.6226043701171875e-05
delete time:4.029273986816406e-05
delete time:3.314018249511719e-05
delete time:3.8623809814453125e-05
delete time:3.218650817871094e-05
delete time:3.647804260253906e-05
delete time:3.409385681152344e-05
delete time:2.2172927856445312e-05
delete time:3.5762786865234375e-05
delete time:3.218650817871094e-05
delete time:3.361701965332031e-05
delete time:2.7894973754882812e-05
delete time:3.0994415283203125e-05
delete time:2.8371810913085938e-05
delete time:3.3855438232421875e-05
delete time:3.7670135498046875e-05
delete time:3.170967102050781e-05
delete time:3.790855407714844e-05
delete time:3.528594970703125e-05
delete time:2.8848648071289062e-05
delete time:4.7206878662109375e-05
delete time:2.9325485229492188e-05
delete time:3.7670135498046875e-05
delete time:3.123283386230469e-05
delete time:2.9325485229492188e-05
delete time:2.956390380859375e-05
delete time:2.5033950805664062e-05
delete time:3.170967102050781e-05
delete time:3.266334533691406e-05
delete time:3.8623809814453125e-05
delete time:4.315376281738281e-05
delete time:3.337860107421875e-05
delete time:3.719329833984375e-05
delete time:3.361701965332031e-05
delete time:2.193450927734375e-05
delete time:3.910064697265625e-05
delete time:3.838539123535156e-05
delete time:3.266334533691406e-05
delete time:3.1948089599609375e-05
delete time:2.956390380859375e-05
delete time:2.9325485229492188e-05
delete time:3.814697265625e-05
delete time:2.5987625122070312e-05
delete time:2.7418136596679688e-05
delete time:3.838539123535156e-05
delete time:4.1484832763671875e-05
delete time:3.3855438232421875e-05
delete time:3.24249267578125e-05
delete time:3.337860107421875e-05
delete time:2.7894973754882812e-05
delete time:3.075599670410156e-05
delete time:3.24249267578125e-05
delete time:2.86102294921875e-05
delete time:2.7418136596679688e-05
delete time:3.8623809814453125e-05
delete time:3.552436828613281e-05
delete time:3.314018249511719e-05
delete time:3.218650817871094e-05
delete time:3.218650817871094e-05
delete time:3.457069396972656e-05
delete time:4.673004150390625e-05
delete time:3.5762786865234375e-05
delete time:3.24249267578125e-05
delete time:3.838539123535156e-05
delete time:3.647804260253906e-05
delete time:3.814697265625e-05
delete time:3.719329833984375e-05
delete time:3.647804260253906e-05
delete time:2.6941299438476562e-05
delete time:2.4318695068359375e-05
delete time:3.8623809814453125e-05
delete time:3.123283386230469e-05
delete time:4.5299530029296875e-05
delete time:3.147125244140625e-05
delete time:3.695487976074219e-05
delete time:3.457069396972656e-05
delete time:3.0994415283203125e-05
delete time:2.7179718017578125e-05
delete time:3.0279159545898438e-05
delete time:2.956390380859375e-05
delete time:2.9325485229492188e-05
delete time:3.266334533691406e-05
delete time:3.24249267578125e-05
delete time:3.0994415283203125e-05
delete time:2.5510787963867188e-05
delete time:3.266334533691406e-05
delete time:3.147125244140625e-05
delete time:3.5762786865234375e-05
delete time:2.7418136596679688e-05
delete time:3.790855407714844e-05
delete time:3.24249267578125e-05
delete time:2.6702880859375e-05
delete time:3.457069396972656e-05
delete time:2.8133392333984375e-05
delete time:3.790855407714844e-05
delete time:4.100799560546875e-05
delete time:2.7179718017578125e-05
delete time:2.9087066650390625e-05
delete time:3.981590270996094e-05
delete time:3.3855438232421875e-05
delete time:3.814697265625e-05
delete time:2.956390380859375e-05
delete time:3.1948089599609375e-05
delete time:3.123283386230469e-05
delete time:3.3855438232421875e-05
delete time:3.647804260253906e-05
delete time:2.574920654296875e-05
delete time:2.3603439331054688e-05
delete time:4.601478576660156e-05
delete time:2.6941299438476562e-05
delete time:3.0040740966796875e-05
delete time:3.6716461181640625e-05
delete time:3.075599670410156e-05
delete time:4.172325134277344e-05
delete time:2.47955322265625e-05
delete time:3.3855438232421875e-05
delete time:2.47955322265625e-05
delete time:2.956390380859375e-05
delete time:3.075599670410156e-05
delete time:4.363059997558594e-05
delete time:3.790855407714844e-05
delete time:3.6716461181640625e-05
delete time:3.647804260253906e-05
delete time:3.337860107421875e-05
delete time:2.4557113647460938e-05
delete time:3.314018249511719e-05
delete time:2.765655517578125e-05
delete time:3.170967102050781e-05
delete time:3.5762786865234375e-05
delete time:3.409385681152344e-05
delete time:3.838539123535156e-05
delete time:3.0040740966796875e-05
delete time:2.6226043701171875e-05
delete time:3.886222839355469e-05
delete time:3.147125244140625e-05
delete time:3.337860107421875e-05
delete time:2.956390380859375e-05
delete time:3.24249267578125e-05
delete time:3.7670135498046875e-05
delete time:2.2172927856445312e-05
delete time:3.0040740966796875e-05
delete time:2.7894973754882812e-05
delete time:2.7418136596679688e-05
delete time:3.4809112548828125e-05
delete time:3.0279159545898438e-05
delete time:4.315376281738281e-05
delete time:2.9087066650390625e-05
delete time:3.719329833984375e-05
delete time:3.123283386230469e-05
delete time:2.6226043701171875e-05
delete time:2.9802322387695312e-05
delete time:3.0040740966796875e-05
delete time:2.288818359375e-05
delete time:2.4557113647460938e-05
delete time:3.314018249511719e-05
delete time:2.9325485229492188e-05
delete time:1.5735626220703125e-05
delete time:2.6941299438476562e-05
delete time:3.2901763916015625e-05
delete time:3.600120544433594e-05
delete time:2.7418136596679688e-05
delete time:3.4332275390625e-05
delete time:2.765655517578125e-05
delete time:2.6464462280273438e-05
delete time:2.574920654296875e-05
delete time:3.457069396972656e-05
delete time:3.62396240234375e-05
delete time:2.765655517578125e-05
delete time:2.5987625122070312e-05
delete time:3.457069396972656e-05
delete time:2.574920654296875e-05
delete time:2.9802322387695312e-05
delete time:2.9087066650390625e-05
delete time:2.8848648071289062e-05
delete time:2.574920654296875e-05
delete time:3.504753112792969e-05
delete time:3.790855407714844e-05
delete time:3.5762786865234375e-05
delete time:3.600120544433594e-05
delete time:3.337860107421875e-05
delete time:3.8623809814453125e-05
delete time:3.7670135498046875e-05
delete time:2.3126602172851562e-05
delete time:2.765655517578125e-05
delete time:4.220008850097656e-05
delete time:2.6941299438476562e-05
delete time:4.076957702636719e-05
delete time:4.00543212890625e-05
delete time:2.47955322265625e-05
delete time:2.574920654296875e-05
delete time:3.0040740966796875e-05
delete time:2.7418136596679688e-05
delete time:3.695487976074219e-05
delete time:2.9802322387695312e-05
delete time:3.170967102050781e-05
delete time:3.528594970703125e-05
delete time:3.314018249511719e-05
delete time:2.6464462280273438e-05
delete time:2.7179718017578125e-05
delete time:2.3603439331054688e-05
delete time:3.4332275390625e-05
delete time:2.6702880859375e-05
delete time:3.123283386230469e-05
delete time:3.24249267578125e-05
delete time:3.743171691894531e-05
delete time:2.7179718017578125e-05
delete time:3.814697265625e-05
delete time:2.6702880859375e-05
delete time:3.504753112792969e-05
delete time:2.574920654296875e-05
delete time:3.361701965332031e-05
delete time:3.337860107421875e-05
delete time:3.790855407714844e-05
delete time:2.5987625122070312e-05
delete time:2.574920654296875e-05
delete time:5.7697296142578125e-05
delete time:3.790855407714844e-05
delete time:2.4557113647460938e-05
delete time:2.5272369384765625e-05
delete time:3.8623809814453125e-05
delete time:2.8133392333984375e-05
delete time:3.4809112548828125e-05
delete time:2.4557113647460938e-05
delete time:2.86102294921875e-05
delete time:2.9325485229492188e-05
delete time:2.4318695068359375e-05
delete time:2.6702880859375e-05
delete time:3.075599670410156e-05
delete time:2.574920654296875e-05
delete time:2.288818359375e-05
delete time:3.457069396972656e-05
delete time:2.9087066650390625e-05
delete time:3.3855438232421875e-05
delete time:3.7670135498046875e-05
delete time:3.170967102050781e-05
delete time:2.765655517578125e-05
delete time:3.4332275390625e-05
delete time:2.47955322265625e-05
delete time:2.6226043701171875e-05
delete time:2.6702880859375e-05
delete time:2.8133392333984375e-05
delete time:3.600120544433594e-05
delete time:3.910064697265625e-05
delete time:4.124641418457031e-05
delete time:3.504753112792969e-05
delete time:3.9577484130859375e-05
delete time:2.8133392333984375e-05
delete time:2.7418136596679688e-05
delete time:3.62396240234375e-05
delete time:3.2901763916015625e-05
delete time:2.956390380859375e-05
delete time:2.8371810913085938e-05
delete time:2.8848648071289062e-05
delete time:3.743171691894531e-05
delete time:4.1961669921875e-05
delete time:3.075599670410156e-05
delete time:2.47955322265625e-05
delete time:2.2649765014648438e-05
delete time:2.86102294921875e-05
delete time:2.2649765014648438e-05
delete time:2.9325485229492188e-05
delete time:3.933906555175781e-05
delete time:3.552436828613281e-05
delete time:3.4332275390625e-05
delete time:3.695487976074219e-05
delete time:2.6226043701171875e-05
delete time:3.457069396972656e-05
delete time:3.123283386230469e-05
delete time:3.266334533691406e-05
delete time:2.9325485229492188e-05
delete time:3.886222839355469e-05
delete time:3.528594970703125e-05
delete time:2.7894973754882812e-05
delete time:3.218650817871094e-05
delete time:3.075599670410156e-05
delete time:3.314018249511719e-05
delete time:3.409385681152344e-05
delete time:2.5510787963867188e-05
delete time:2.5033950805664062e-05
delete time:2.0742416381835938e-05
delete time:3.743171691894531e-05
delete time:3.0517578125e-05
delete time:3.457069396972656e-05
delete time:3.600120544433594e-05
delete time:2.5987625122070312e-05
delete time:3.0040740966796875e-05
delete time:2.8371810913085938e-05
delete time:2.9325485229492188e-05
delete time:3.266334533691406e-05
delete time:3.123283386230469e-05
delete time:2.1457672119140625e-05
delete time:2.47955322265625e-05
delete time:3.314018249511719e-05
delete time:3.600120544433594e-05
delete time:2.9802322387695312e-05
delete time:4.220008850097656e-05
delete time:3.075599670410156e-05
delete time:4.2438507080078125e-05
delete time:5.221366882324219e-05
delete time:2.5033950805664062e-05
delete time:3.0517578125e-05
delete time:3.504753112792969e-05
delete time:4.1484832763671875e-05
delete time:2.6941299438476562e-05
delete time:2.8133392333984375e-05
delete time:3.9577484130859375e-05
delete time:4.1961669921875e-05
delete time:3.504753112792969e-05
delete time:3.457069396972656e-05
delete time:3.647804260253906e-05
delete time:3.719329833984375e-05
delete time:2.6226043701171875e-05
delete time:2.86102294921875e-05
delete time:2.7418136596679688e-05
delete time:3.719329833984375e-05
delete time:2.6226043701171875e-05
delete time:3.361701965332031e-05
delete time:3.218650817871094e-05
delete time:2.6941299438476562e-05
delete time:2.86102294921875e-05
delete time:2.7179718017578125e-05
delete time:3.6716461181640625e-05
delete time:3.266334533691406e-05
delete time:4.124641418457031e-05
delete time:2.8848648071289062e-05
delete time:2.574920654296875e-05
delete time:3.147125244140625e-05
delete time:3.361701965332031e-05
delete time:3.552436828613281e-05
delete time:3.600120544433594e-05
delete time:2.7179718017578125e-05
delete time:2.9087066650390625e-05
delete time:3.647804260253906e-05
delete time:4.315376281738281e-05
delete time:3.719329833984375e-05
delete time:3.886222839355469e-05
delete time:1.8596649169921875e-05
delete time:3.814697265625e-05
delete time:2.4557113647460938e-05
delete time:2.765655517578125e-05
delete time:2.574920654296875e-05
delete time:2.956390380859375e-05
delete time:3.4332275390625e-05
delete time:2.9087066650390625e-05
delete time:3.0517578125e-05
delete time:2.7418136596679688e-05
delete time:3.4332275390625e-05
delete time:3.933906555175781e-05
delete time:2.7418136596679688e-05
delete time:3.361701965332031e-05
delete time:2.7179718017578125e-05
delete time:5.269050598144531e-05
delete time:3.0279159545898438e-05
delete time:2.6226043701171875e-05
delete time:2.7418136596679688e-05
delete time:3.266334533691406e-05
delete time:2.86102294921875e-05
delete time:4.3392181396484375e-05
delete time:3.314018249511719e-05
delete time:3.218650817871094e-05
delete time:3.790855407714844e-05
delete time:3.504753112792969e-05
delete time:4.3392181396484375e-05
delete time:2.765655517578125e-05
delete time:3.790855407714844e-05
delete time:2.7179718017578125e-05
delete time:3.7670135498046875e-05
delete time:3.814697265625e-05
delete time:3.790855407714844e-05
delete time:2.8133392333984375e-05
delete time:4.458427429199219e-05
delete time:3.0279159545898438e-05
delete time:2.5510787963867188e-05
delete time:3.4332275390625e-05
delete time:2.7179718017578125e-05
delete time:2.5033950805664062e-05
delete time:3.147125244140625e-05
delete time:3.981590270996094e-05
delete time:3.123283386230469e-05
delete time:2.8848648071289062e-05
delete time:3.147125244140625e-05
delete time:4.0531158447265625e-05
delete time:3.3855438232421875e-05
delete time:5.125999450683594e-05
delete time:3.361701965332031e-05
delete time:4.267692565917969e-05
delete time:2.8133392333984375e-05
delete time:4.744529724121094e-05
delete time:3.6716461181640625e-05
delete time:3.695487976074219e-05
delete time:3.170967102050781e-05
delete time:2.5272369384765625e-05
delete time:2.6941299438476562e-05
delete time:2.7179718017578125e-05
delete time:2.7418136596679688e-05
delete time:2.5987625122070312e-05
delete time:1.9550323486328125e-05
delete time:3.504753112792969e-05
delete time:3.075599670410156e-05
delete time:3.647804260253906e-05
delete time:3.0994415283203125e-05
delete time:4.100799560546875e-05
delete time:2.5272369384765625e-05
delete time:3.314018249511719e-05
delete time:2.47955322265625e-05
delete time:2.7418136596679688e-05
delete time:2.2649765014648438e-05
delete time:4.029273986816406e-05
delete time:4.220008850097656e-05
delete time:4.076957702636719e-05
delete time:4.1484832763671875e-05
delete time:2.7894973754882812e-05
delete time:3.361701965332031e-05
delete time:3.528594970703125e-05
delete time:3.647804260253906e-05
delete time:4.744529724121094e-05
delete time:3.6716461181640625e-05
delete time:3.8623809814453125e-05
delete time:4.649162292480469e-05
delete time:2.6464462280273438e-05
delete time:3.24249267578125e-05
delete time:1.430511474609375e-05
delete time:2.6702880859375e-05
delete time:3.123283386230469e-05
delete time:3.647804260253906e-05
delete time:3.0517578125e-05
delete time:3.4332275390625e-05
delete time:2.7418136596679688e-05
delete time:3.1948089599609375e-05
delete time:3.9577484130859375e-05
delete time:4.673004150390625e-05
delete time:3.7670135498046875e-05
delete time:3.719329833984375e-05
delete time:2.765655517578125e-05
delete time:3.337860107421875e-05
delete time:2.5272369384765625e-05
delete time:3.2901763916015625e-05
delete time:4.458427429199219e-05
delete time:3.7670135498046875e-05
delete time:2.6941299438476562e-05
delete time:2.5272369384765625e-05
delete time:3.600120544433594e-05
delete time:2.7179718017578125e-05
delete time:3.933906555175781e-05
delete time:3.0517578125e-05
delete time:3.218650817871094e-05
delete time:2.4080276489257812e-05
delete time:3.4809112548828125e-05
delete time:2.765655517578125e-05
delete time:2.86102294921875e-05
delete time:2.7179718017578125e-05
delete time:3.0994415283203125e-05
delete time:4.935264587402344e-05
delete time:3.933906555175781e-05
delete time:2.5987625122070312e-05
delete time:3.266334533691406e-05
delete time:2.86102294921875e-05
delete time:3.910064697265625e-05
delete time:3.457069396972656e-05
delete time:2.9325485229492188e-05
delete time:4.029273986816406e-05
delete time:2.7179718017578125e-05
delete time:3.528594970703125e-05
delete time:2.7179718017578125e-05
delete time:3.504753112792969e-05
delete time:3.1948089599609375e-05
delete time:2.7179718017578125e-05
delete time:3.647804260253906e-05
delete time:3.0279159545898438e-05
delete time:3.886222839355469e-05
delete time:3.2901763916015625e-05
delete time:3.910064697265625e-05
delete time:2.5033950805664062e-05
delete time:3.719329833984375e-05
delete time:3.695487976074219e-05
delete time:4.57763671875e-05
delete time:2.2172927856445312e-05
delete time:3.4332275390625e-05
delete time:2.8371810913085938e-05
delete time:4.267692565917969e-05
delete time:2.5272369384765625e-05
delete time:3.910064697265625e-05
delete time:2.765655517578125e-05
delete time:4.3392181396484375e-05
delete time:3.981590270996094e-05
delete time:4.1484832763671875e-05
delete time:3.361701965332031e-05
delete time:3.4809112548828125e-05
delete time:2.6941299438476562e-05
delete time:4.124641418457031e-05
delete time:2.7894973754882812e-05
delete time:2.6941299438476562e-05
delete time:3.0994415283203125e-05
delete time:2.5272369384765625e-05
delete time:3.600120544433594e-05
delete time:4.315376281738281e-05
delete time:3.0517578125e-05
delete time:2.384185791015625e-05
delete time:1.4543533325195312e-05
delete time:2.6464462280273438e-05
delete time:2.7894973754882812e-05
delete time:1.9550323486328125e-05
delete time:3.6716461181640625e-05
delete time:3.1948089599609375e-05
delete time:4.267692565917969e-05
delete time:2.7179718017578125e-05
delete time:3.361701965332031e-05
delete time:2.002716064453125e-05
delete time:2.1457672119140625e-05
delete time:3.552436828613281e-05
delete time:2.8371810913085938e-05
delete time:3.24249267578125e-05
delete time:4.601478576660156e-05
delete time:3.528594970703125e-05
delete time:2.9802322387695312e-05
delete time:3.2901763916015625e-05
delete time:3.0040740966796875e-05
delete time:2.8133392333984375e-05
delete time:3.361701965332031e-05
delete time:3.790855407714844e-05
delete time:3.838539123535156e-05
delete time:2.7418136596679688e-05
delete time:2.86102294921875e-05
delete time:3.695487976074219e-05
delete time:2.8371810913085938e-05
delete time:2.6464462280273438e-05
delete time:3.790855407714844e-05
delete time:3.0279159545898438e-05
delete time:2.8133392333984375e-05
delete time:2.8133392333984375e-05
delete time:2.7179718017578125e-05
delete time:3.7670135498046875e-05
delete time:4.029273986816406e-05
delete time:3.361701965332031e-05
delete time:4.410743713378906e-05
delete time:3.743171691894531e-05
delete time:3.814697265625e-05
delete time:3.1948089599609375e-05
delete time:2.5987625122070312e-05
delete time:3.1948089599609375e-05
delete time:4.1961669921875e-05
delete time:4.172325134277344e-05
delete time:2.5510787963867188e-05
delete time:2.5033950805664062e-05
delete time:5.0067901611328125e-05
delete time:3.981590270996094e-05
delete time:3.0994415283203125e-05
delete time:3.3855438232421875e-05
delete time:2.47955322265625e-05
delete time:3.528594970703125e-05
delete time:3.0994415283203125e-05
delete time:2.6226043701171875e-05
delete time:3.647804260253906e-05
delete time:3.266334533691406e-05
delete time:2.765655517578125e-05
delete time:4.0531158447265625e-05
delete time:2.47955322265625e-05
delete time:4.363059997558594e-05
delete time:4.076957702636719e-05
delete time:3.600120544433594e-05
delete time:3.218650817871094e-05
delete time:2.6941299438476562e-05
delete time:2.956390380859375e-05
delete time:3.266334533691406e-05
delete time:3.0994415283203125e-05
delete time:3.528594970703125e-05
delete time:3.1948089599609375e-05
delete time:3.123283386230469e-05
delete time:3.457069396972656e-05
delete time:3.0279159545898438e-05
delete time:3.0517578125e-05
delete time:2.6464462280273438e-05
delete time:2.956390380859375e-05
delete time:6.127357482910156e-05
delete time:4.100799560546875e-05
delete time:1.8358230590820312e-05
delete time:3.361701965332031e-05
delete time:4.172325134277344e-05
delete time:2.956390380859375e-05
delete time:3.4809112548828125e-05
delete time:2.5987625122070312e-05
delete time:2.86102294921875e-05
delete time:4.887580871582031e-05
delete time:3.695487976074219e-05
delete time:3.2901763916015625e-05
delete time:2.2649765014648438e-05
delete time:3.5762786865234375e-05
delete time:3.62396240234375e-05
delete time:2.6702880859375e-05
delete time:2.6464462280273438e-05
delete time:4.00543212890625e-05
delete time:2.5510787963867188e-05
delete time:3.600120544433594e-05
delete time:3.123283386230469e-05
delete time:2.1696090698242188e-05
delete time:2.9325485229492188e-05
delete time:3.0040740966796875e-05
delete time:2.765655517578125e-05
delete time:3.814697265625e-05
delete time:4.267692565917969e-05
delete time:2.47955322265625e-05
delete time:4.315376281738281e-05
delete time:5.125999450683594e-05
delete time:3.838539123535156e-05
delete time:3.719329833984375e-05
delete time:2.3603439331054688e-05
delete time:2.7179718017578125e-05
delete time:2.8133392333984375e-05
delete time:2.9325485229492188e-05
delete time:3.337860107421875e-05
delete time:3.218650817871094e-05
delete time:2.956390380859375e-05
delete time:3.2901763916015625e-05
delete time:4.291534423828125e-05
delete time:3.170967102050781e-05
delete time:4.172325134277344e-05
delete time:4.458427429199219e-05
delete time:3.266334533691406e-05
delete time:2.956390380859375e-05
delete time:4.315376281738281e-05
delete time:2.3365020751953125e-05
delete time:2.956390380859375e-05
delete time:3.504753112792969e-05
delete time:4.00543212890625e-05
delete time:3.528594970703125e-05
delete time:3.6716461181640625e-05
delete time:2.956390380859375e-05
delete time:2.5987625122070312e-05
delete time:3.314018249511719e-05
delete time:3.337860107421875e-05
delete time:4.00543212890625e-05
delete time:3.62396240234375e-05
delete time:2.3126602172851562e-05
delete time:3.814697265625e-05
delete time:3.457069396972656e-05
delete time:2.5987625122070312e-05
delete time:4.100799560546875e-05
delete time:4.124641418457031e-05
delete time:2.5272369384765625e-05
delete time:2.5510787963867188e-05
delete time:3.409385681152344e-05
delete time:3.0994415283203125e-05
delete time:2.8371810913085938e-05
delete time:3.1948089599609375e-05
delete time:2.2411346435546875e-05
delete time:3.719329833984375e-05
delete time:2.3603439331054688e-05
delete time:2.956390380859375e-05
delete time:1.8358230590820312e-05
delete time:3.3855438232421875e-05
delete time:3.075599670410156e-05
delete time:3.075599670410156e-05
delete time:3.600120544433594e-05
delete time:3.075599670410156e-05
delete time:4.00543212890625e-05
delete time:3.4332275390625e-05
delete time:2.9087066650390625e-05
delete time:4.172325134277344e-05
delete time:3.8623809814453125e-05
delete time:3.457069396972656e-05
delete time:3.170967102050781e-05
delete time:5.507469177246094e-05
delete time:2.6226043701171875e-05
delete time:3.647804260253906e-05
delete time:2.9087066650390625e-05
delete time:2.7179718017578125e-05
delete time:4.100799560546875e-05
delete time:2.9325485229492188e-05
delete time:2.6226043701171875e-05
delete time:2.6702880859375e-05
delete time:4.1961669921875e-05
delete time:2.0265579223632812e-05
delete time:2.2411346435546875e-05
delete time:4.0531158447265625e-05
delete time:2.9802322387695312e-05
delete time:3.910064697265625e-05
delete time:2.5510787963867188e-05
delete time:4.1484832763671875e-05
delete time:3.2901763916015625e-05
delete time:2.574920654296875e-05
delete time:2.6702880859375e-05
delete time:2.956390380859375e-05
delete time:2.5987625122070312e-05
delete time:1.9550323486328125e-05
delete time:3.719329833984375e-05
delete time:3.552436828613281e-05
delete time:3.0279159545898438e-05
delete time:3.743171691894531e-05
delete time:3.1948089599609375e-05
delete time:2.7418136596679688e-05
delete time:1.430511474609375e-05
delete time:2.9802322387695312e-05
delete time:2.7894973754882812e-05
delete time:3.695487976074219e-05
delete time:3.981590270996094e-05
delete time:3.8623809814453125e-05
delete time:3.337860107421875e-05
delete time:3.600120544433594e-05
delete time:2.8133392333984375e-05
delete time:3.0040740966796875e-05
delete time:3.123283386230469e-05
delete time:4.38690185546875e-05
delete time:3.838539123535156e-05
delete time:3.552436828613281e-05
delete time:2.6464462280273438e-05
delete time:3.3855438232421875e-05
delete time:3.600120544433594e-05
delete time:2.8133392333984375e-05
delete time:2.956390380859375e-05
delete time:4.3392181396484375e-05
delete time:2.7418136596679688e-05
delete time:3.218650817871094e-05
delete time:2.7894973754882812e-05
delete time:3.123283386230469e-05
delete time:4.00543212890625e-05
delete time:2.9325485229492188e-05
delete time:4.029273986816406e-05
delete time:2.574920654296875e-05
delete time:3.7670135498046875e-05
delete time:2.6702880859375e-05
delete time:2.574920654296875e-05
delete time:3.0517578125e-05
delete time:4.100799560546875e-05
delete time:2.5987625122070312e-05
delete time:3.123283386230469e-05
delete time:2.288818359375e-05
delete time:3.4809112548828125e-05
delete time:3.504753112792969e-05
delete time:3.314018249511719e-05
delete time:2.956390380859375e-05
delete time:4.410743713378906e-05
delete time:3.9577484130859375e-05
delete time:2.4318695068359375e-05
delete time:3.361701965332031e-05
delete time:3.218650817871094e-05
delete time:3.8623809814453125e-05
delete time:2.6702880859375e-05
delete time:2.5510787963867188e-05
delete time:3.218650817871094e-05
delete time:3.0517578125e-05
delete time:4.2438507080078125e-05
delete time:2.8371810913085938e-05
delete time:2.6702880859375e-05
delete time:3.5762786865234375e-05
delete time:2.8133392333984375e-05
delete time:3.552436828613281e-05
delete time:2.288818359375e-05
delete time:3.552436828613281e-05
delete time:2.9325485229492188e-05
delete time:4.172325134277344e-05
delete time:2.4557113647460938e-05
delete time:3.314018249511719e-05
delete time:2.5272369384765625e-05
delete time:3.552436828613281e-05
delete time:2.6226043701171875e-05
delete time:3.361701965332031e-05
delete time:2.7179718017578125e-05
delete time:4.1484832763671875e-05
delete time:3.600120544433594e-05
delete time:3.0517578125e-05
delete time:4.267692565917969e-05
delete time:2.8133392333984375e-05
delete time:2.5987625122070312e-05
delete time:3.9577484130859375e-05
delete time:3.1948089599609375e-05
delete time:2.9325485229492188e-05
delete time:2.4557113647460938e-05
delete time:2.288818359375e-05
delete time:4.649162292480469e-05
delete time:2.2411346435546875e-05
delete time:3.361701965332031e-05
delete time:3.790855407714844e-05
delete time:3.814697265625e-05
delete time:2.5272369384765625e-05
delete time:4.124641418457031e-05
delete time:3.6716461181640625e-05
delete time:3.1948089599609375e-05
delete time:4.1961669921875e-05
delete time:2.956390380859375e-05
delete time:3.6716461181640625e-05
delete time:3.266334533691406e-05
delete time:3.314018249511719e-05
delete time:2.765655517578125e-05
delete time:3.0517578125e-05
delete time:2.4318695068359375e-05
delete time:2.6941299438476562e-05
delete time:3.147125244140625e-05
delete time:2.8371810913085938e-05
delete time:5.0067901611328125e-05
delete time:2.5510787963867188e-05
delete time:2.5987625122070312e-05
delete time:4.57763671875e-05
delete time:4.887580871582031e-05
delete time:3.886222839355469e-05
delete time:1.8358230590820312e-05
delete time:2.8133392333984375e-05
delete time:3.266334533691406e-05
delete time:4.410743713378906e-05
delete time:3.4332275390625e-05
delete time:2.4318695068359375e-05
delete time:2.288818359375e-05
delete time:2.7894973754882812e-05
delete time:3.504753112792969e-05
delete time:2.8371810913085938e-05
delete time:3.62396240234375e-05
delete time:2.574920654296875e-05
delete time:2.4557113647460938e-05
delete time:3.2901763916015625e-05
delete time:2.1457672119140625e-05
delete time:4.4345855712890625e-05
delete time:3.2901763916015625e-05
delete time:4.029273986816406e-05
delete time:3.314018249511719e-05
delete time:3.170967102050781e-05
delete time:2.6226043701171875e-05
delete time:3.647804260253906e-05
delete time:2.8848648071289062e-05
delete time:2.765655517578125e-05
delete time:2.9325485229492188e-05
delete time:3.170967102050781e-05
delete time:2.7179718017578125e-05
delete time:3.266334533691406e-05
delete time:2.3603439331054688e-05
delete time:2.7418136596679688e-05
delete time:4.458427429199219e-05
delete time:3.457069396972656e-05
delete time:2.765655517578125e-05
delete time:2.0742416381835938e-05
delete time:2.574920654296875e-05
delete time:3.4809112548828125e-05
delete time:2.9087066650390625e-05
delete time:3.886222839355469e-05
delete time:2.765655517578125e-05
delete time:3.790855407714844e-05
delete time:3.314018249511719e-05
delete time:2.3365020751953125e-05
delete time:2.9325485229492188e-05
delete time:3.123283386230469e-05
delete time:2.6464462280273438e-05
delete time:3.8623809814453125e-05
delete time:3.409385681152344e-05
delete time:4.649162292480469e-05
delete time:3.1948089599609375e-05
delete time:3.457069396972656e-05
delete time:2.765655517578125e-05
delete time:2.6226043701171875e-05
delete time:1.811981201171875e-05
delete time:4.506111145019531e-05
delete time:3.0040740966796875e-05
delete time:2.5987625122070312e-05
delete time:2.765655517578125e-05
delete time:2.7894973754882812e-05
delete time:3.981590270996094e-05
delete time:3.695487976074219e-05
delete time:4.0531158447265625e-05
delete time:4.4345855712890625e-05
delete time:3.337860107421875e-05
delete time:2.574920654296875e-05
delete time:3.790855407714844e-05
delete time:2.7179718017578125e-05
delete time:2.7894973754882812e-05
delete time:4.0531158447265625e-05
delete time:3.266334533691406e-05
delete time:3.457069396972656e-05
delete time:3.075599670410156e-05
delete time:2.86102294921875e-05
delete time:3.719329833984375e-05
delete time:2.6941299438476562e-05
delete time:3.0517578125e-05
delete time:1.811981201171875e-05
delete time:2.5272369384765625e-05
delete time:4.267692565917969e-05
delete time:3.528594970703125e-05
delete time:4.076957702636719e-05
delete time:4.124641418457031e-05
delete time:3.0040740966796875e-05
delete time:3.600120544433594e-05
delete time:3.790855407714844e-05
delete time:2.7418136596679688e-05
delete time:3.981590270996094e-05
delete time:3.075599670410156e-05
delete time:2.9087066650390625e-05
delete time:2.574920654296875e-05
delete time:1.430511474609375e-05
delete time:3.6716461181640625e-05
delete time:4.410743713378906e-05
delete time:2.5033950805664062e-05
delete time:2.8133392333984375e-05
delete time:2.9325485229492188e-05
delete time:2.8371810913085938e-05
delete time:3.123283386230469e-05
delete time:2.288818359375e-05
delete time:3.075599670410156e-05
delete time:2.2411346435546875e-05
delete time:4.38690185546875e-05
delete time:2.8371810913085938e-05
delete time:3.457069396972656e-05
delete time:3.743171691894531e-05
delete time:2.86102294921875e-05
delete time:3.0279159545898438e-05
delete time:3.790855407714844e-05
delete time:3.4332275390625e-05
delete time:3.814697265625e-05
delete time:3.981590270996094e-05
delete time:2.2172927856445312e-05
delete time:2.8848648071289062e-05
delete time:2.6464462280273438e-05
delete time:5.53131103515625e-05
delete time:3.170967102050781e-05
delete time:4.100799560546875e-05
delete time:2.7179718017578125e-05
delete time:2.9325485229492188e-05
delete time:3.075599670410156e-05
delete time:3.409385681152344e-05
delete time:4.0531158447265625e-05
delete time:2.6702880859375e-05
delete time:4.076957702636719e-05
delete time:2.7179718017578125e-05
delete time:3.8623809814453125e-05
delete time:2.956390380859375e-05
delete time:3.314018249511719e-05
delete time:2.7179718017578125e-05
delete time:3.8623809814453125e-05
delete time:1.7881393432617188e-05
delete time:4.172325134277344e-05
delete time:3.0040740966796875e-05
delete time:3.170967102050781e-05
delete time:2.4557113647460938e-05
delete time:3.552436828613281e-05
delete time:3.838539123535156e-05
delete time:4.38690185546875e-05
delete time:3.695487976074219e-05
delete time:2.7894973754882812e-05
delete time:2.6464462280273438e-05
delete time:3.2901763916015625e-05
delete time:4.1484832763671875e-05
delete time:2.8133392333984375e-05
delete time:3.218650817871094e-05
delete time:3.3855438232421875e-05
delete time:2.6226043701171875e-05
delete time:1.8358230590820312e-05
delete time:4.553794860839844e-05
delete time:2.9802322387695312e-05
delete time:2.1219253540039062e-05
delete time:3.62396240234375e-05
delete time:3.361701965332031e-05
delete time:2.8848648071289062e-05
delete time:2.7418136596679688e-05
delete time:3.123283386230469e-05
delete time:3.1948089599609375e-05
delete time:2.6226043701171875e-05
delete time:3.457069396972656e-05
delete time:3.9577484130859375e-05
delete time:3.24249267578125e-05
delete time:2.0503997802734375e-05
delete time:4.267692565917969e-05
delete time:2.8133392333984375e-05
delete time:2.8371810913085938e-05
delete time:3.218650817871094e-05
delete time:4.124641418457031e-05
delete time:2.7418136596679688e-05
delete time:2.9802322387695312e-05
delete time:3.5762786865234375e-05
delete time:2.86102294921875e-05
delete time:2.4557113647460938e-05
delete time:2.3603439331054688e-05
delete time:2.765655517578125e-05
delete time:4.4345855712890625e-05
delete time:3.1948089599609375e-05
delete time:2.0503997802734375e-05
delete time:3.62396240234375e-05
delete time:4.0531158447265625e-05
delete time:3.743171691894531e-05
delete time:3.0994415283203125e-05
delete time:2.9087066650390625e-05
delete time:3.814697265625e-05
delete time:3.5762786865234375e-05
delete time:3.528594970703125e-05
delete time:2.5510787963867188e-05
delete time:3.7670135498046875e-05
delete time:3.4332275390625e-05
delete time:3.62396240234375e-05
delete time:2.5987625122070312e-05
delete time:2.7418136596679688e-05
delete time:2.956390380859375e-05
delete time:4.315376281738281e-05
delete time:3.2901763916015625e-05
delete time:4.38690185546875e-05
delete time:3.504753112792969e-05
delete time:2.7894973754882812e-05
delete time:5.0067901611328125e-05
delete time:3.719329833984375e-05
delete time:3.0517578125e-05
delete time:4.100799560546875e-05
delete time:3.8623809814453125e-05
delete time:3.170967102050781e-05
delete time:3.361701965332031e-05
delete time:2.5272369384765625e-05
delete time:3.5762786865234375e-05
delete time:4.673004150390625e-05
delete time:4.1484832763671875e-05
delete time:4.315376281738281e-05
delete time:2.9325485229492188e-05
delete time:3.123283386230469e-05
delete time:2.8371810913085938e-05
delete time:3.886222839355469e-05
delete time:3.552436828613281e-05
delete time:2.5510787963867188e-05
delete time:4.076957702636719e-05
delete time:3.790855407714844e-05
delete time:2.86102294921875e-05
delete time:3.886222839355469e-05
delete time:2.8371810913085938e-05
delete time:3.3855438232421875e-05
delete time:3.504753112792969e-05
delete time:3.0279159545898438e-05
delete time:2.4318695068359375e-05
delete time:3.790855407714844e-05
delete time:3.933906555175781e-05
delete time:4.315376281738281e-05
delete time:2.7894973754882812e-05
delete time:3.147125244140625e-05
delete time:3.504753112792969e-05
delete time:2.8133392333984375e-05
delete time:3.0040740966796875e-05
delete time:2.6226043701171875e-05
delete time:3.314018249511719e-05
delete time:3.0994415283203125e-05
delete time:4.267692565917969e-05
delete time:2.6464462280273438e-05
delete time:4.124641418457031e-05
delete time:3.62396240234375e-05
delete time:3.814697265625e-05
delete time:4.172325134277344e-05
delete time:2.86102294921875e-05
delete time:3.552436828613281e-05
delete time:3.504753112792969e-05
delete time:2.8133392333984375e-05
delete time:3.719329833984375e-05
delete time:2.7894973754882812e-05
delete time:3.4332275390625e-05
delete time:3.075599670410156e-05
delete time:1.7642974853515625e-05
delete time:4.00543212890625e-05
delete time:3.218650817871094e-05
delete time:2.9802322387695312e-05
delete time:3.62396240234375e-05
delete time:2.6226043701171875e-05
delete time:3.123283386230469e-05
delete time:3.552436828613281e-05
delete time:3.814697265625e-05
delete time:3.218650817871094e-05
delete time:1.6689300537109375e-05
delete time:2.8133392333984375e-05
delete time:3.1948089599609375e-05
delete time:3.409385681152344e-05
delete time:3.600120544433594e-05
delete time:3.743171691894531e-05
delete time:3.170967102050781e-05
delete time:3.314018249511719e-05
delete time:1.7881393432617188e-05
delete time:3.695487976074219e-05
delete time:2.5272369384765625e-05
delete time:2.5987625122070312e-05
delete time:2.956390380859375e-05
delete time:2.956390380859375e-05
delete time:3.790855407714844e-05
delete time:3.719329833984375e-05
delete time:3.600120544433594e-05
delete time:2.7894973754882812e-05
delete time:3.0279159545898438e-05
delete time:3.218650817871094e-05
delete time:2.3126602172851562e-05
delete time:4.8160552978515625e-05
delete time:3.62396240234375e-05
delete time:3.2901763916015625e-05
delete time:2.384185791015625e-05
delete time:1.7642974853515625e-05
delete time:2.8133392333984375e-05
delete time:3.4809112548828125e-05
delete time:3.62396240234375e-05
delete time:3.266334533691406e-05
delete time:4.1961669921875e-05
delete time:4.2438507080078125e-05
delete time:4.124641418457031e-05
delete time:2.6226043701171875e-05
delete time:2.7179718017578125e-05
delete time:2.765655517578125e-05
delete time:3.600120544433594e-05
delete time:2.5987625122070312e-05
delete time:3.218650817871094e-05
delete time:3.0994415283203125e-05
delete time:3.8623809814453125e-05
delete time:2.6941299438476562e-05
delete time:3.647804260253906e-05
delete time:3.170967102050781e-05
delete time:3.361701965332031e-05
delete time:2.3603439331054688e-05
delete time:5.14984130859375e-05
delete time:2.4318695068359375e-05
delete time:3.2901763916015625e-05
delete time:3.075599670410156e-05
delete time:2.5033950805664062e-05
delete time:2.574920654296875e-05
delete time:2.9325485229492188e-05
delete time:3.695487976074219e-05
delete time:2.7418136596679688e-05
delete time:2.86102294921875e-05
delete time:2.956390380859375e-05
delete time:3.552436828613281e-05
delete time:3.218650817871094e-05
delete time:3.504753112792969e-05
delete time:3.743171691894531e-05
delete time:2.3365020751953125e-05
delete time:3.0279159545898438e-05
delete time:1.6927719116210938e-05
delete time:3.266334533691406e-05
delete time:3.4332275390625e-05
delete time:4.673004150390625e-05
delete time:4.00543212890625e-05
delete time:3.528594970703125e-05
delete time:3.62396240234375e-05
delete time:3.600120544433594e-05
delete time:2.7894973754882812e-05
delete time:1.9311904907226562e-05
delete time:2.7179718017578125e-05
delete time:2.6464462280273438e-05
delete time:3.314018249511719e-05
delete time:2.6941299438476562e-05
delete time:3.6716461181640625e-05
delete time:3.0517578125e-05
delete time:3.361701965332031e-05
delete time:3.1948089599609375e-05
delete time:2.6702880859375e-05
delete time:2.8371810913085938e-05
delete time:3.0279159545898438e-05
delete time:3.3855438232421875e-05
delete time:3.0040740966796875e-05
delete time:3.3855438232421875e-05
delete time:2.7894973754882812e-05
delete time:2.7894973754882812e-05
delete time:3.910064697265625e-05
delete time:2.6464462280273438e-05
delete time:2.9087066650390625e-05
delete time:2.384185791015625e-05
delete time:3.1948089599609375e-05
delete time:2.8371810913085938e-05
delete time:2.6941299438476562e-05
delete time:2.6941299438476562e-05
delete time:1.8358230590820312e-05
delete time:4.076957702636719e-05
delete time:4.00543212890625e-05
delete time:3.361701965332031e-05
delete time:3.933906555175781e-05
delete time:3.886222839355469e-05
delete time:2.9087066650390625e-05
delete time:3.886222839355469e-05
delete time:3.170967102050781e-05
delete time:3.790855407714844e-05
delete time:2.7418136596679688e-05
delete time:2.09808349609375e-05
delete time:3.361701965332031e-05
delete time:3.170967102050781e-05
delete time:3.910064697265625e-05
delete time:3.504753112792969e-05
delete time:3.1948089599609375e-05
delete time:3.981590270996094e-05
delete time:3.9577484130859375e-05
delete time:3.910064697265625e-05
delete time:3.1948089599609375e-05
delete time:3.24249267578125e-05
delete time:3.123283386230469e-05
delete time:3.24249267578125e-05
delete time:2.6702880859375e-05
delete time:3.838539123535156e-05
delete time:3.552436828613281e-05
delete time:2.4557113647460938e-05
delete time:1.5020370483398438e-05
delete time:2.8371810913085938e-05
delete time:3.123283386230469e-05
delete time:3.552436828613281e-05
delete time:2.7179718017578125e-05
delete time:2.574920654296875e-05
delete time:3.1948089599609375e-05
delete time:3.266334533691406e-05
delete time:3.910064697265625e-05
delete time:3.266334533691406e-05
delete time:3.0994415283203125e-05
delete time:3.0279159545898438e-05
delete time:4.1484832763671875e-05
delete time:3.933906555175781e-05
delete time:2.47955322265625e-05
delete time:2.5033950805664062e-05
delete time:3.3855438232421875e-05
delete time:3.3855438232421875e-05
delete time:3.0517578125e-05
delete time:4.506111145019531e-05
delete time:3.170967102050781e-05
delete time:3.695487976074219e-05
delete time:2.9802322387695312e-05
delete time:3.314018249511719e-05
delete time:2.2411346435546875e-05
delete time:2.8133392333984375e-05
delete time:2.6226043701171875e-05
delete time:3.6716461181640625e-05
delete time:3.600120544433594e-05
delete time:3.4809112548828125e-05
delete time:3.314018249511719e-05
delete time:4.029273986816406e-05
delete time:3.4332275390625e-05
delete time:2.4557113647460938e-05
delete time:2.4557113647460938e-05
delete time:3.170967102050781e-05
delete time:3.5762786865234375e-05
delete time:3.719329833984375e-05
delete time:3.2901763916015625e-05
delete time:3.457069396972656e-05
delete time:3.24249267578125e-05
delete time:2.8133392333984375e-05
delete time:2.2172927856445312e-05
delete time:3.695487976074219e-05
delete time:4.458427429199219e-05
delete time:2.956390380859375e-05
delete time:3.0040740966796875e-05
delete time:1.9311904907226562e-05
delete time:2.574920654296875e-05
delete time:3.218650817871094e-05
delete time:3.337860107421875e-05
delete time:4.267692565917969e-05
delete time:3.600120544433594e-05
delete time:2.5033950805664062e-05
delete time:2.7179718017578125e-05
delete time:4.0531158447265625e-05
delete time:4.38690185546875e-05
delete time:2.2649765014648438e-05
delete time:3.552436828613281e-05
delete time:3.4332275390625e-05
delete time:2.6464462280273438e-05
delete time:4.029273986816406e-05
delete time:3.1948089599609375e-05
delete time:3.409385681152344e-05
delete time:3.552436828613281e-05
delete time:4.00543212890625e-05
delete time:3.123283386230469e-05
delete time:2.3126602172851562e-05
delete time:3.8623809814453125e-05
delete time:2.765655517578125e-05
delete time:4.315376281738281e-05
delete time:2.288818359375e-05
delete time:4.482269287109375e-05
delete time:3.9577484130859375e-05
delete time:3.0040740966796875e-05
delete time:2.956390380859375e-05
delete time:2.6941299438476562e-05
delete time:3.910064697265625e-05
delete time:3.123283386230469e-05
delete time:3.266334533691406e-05
delete time:2.8371810913085938e-05
delete time:3.314018249511719e-05
delete time:3.743171691894531e-05
delete time:3.314018249511719e-05
delete time:3.218650817871094e-05
delete time:4.482269287109375e-05
delete time:3.528594970703125e-05
delete time:2.956390380859375e-05
delete time:3.2901763916015625e-05
delete time:2.8371810913085938e-05
delete time:2.7418136596679688e-05
delete time:3.504753112792969e-05
delete time:2.86102294921875e-05
delete time:3.457069396972656e-05
delete time:3.647804260253906e-05
delete time:3.695487976074219e-05
delete time:3.314018249511719e-05
delete time:3.3855438232421875e-05
delete time:4.029273986816406e-05
delete time:3.170967102050781e-05
delete time:2.6464462280273438e-05
delete time:2.4318695068359375e-05
delete time:2.5510787963867188e-05
delete time:2.9802322387695312e-05
delete time:2.8371810913085938e-05
delete time:3.147125244140625e-05
delete time:3.528594970703125e-05
delete time:3.218650817871094e-05
delete time:3.2901763916015625e-05
delete time:4.172325134277344e-05
delete time:3.9577484130859375e-05
delete time:2.3126602172851562e-05
delete time:3.838539123535156e-05
delete time:3.6716461181640625e-05
delete time:2.574920654296875e-05
delete time:3.075599670410156e-05
delete time:4.5299530029296875e-05
delete time:2.8133392333984375e-05
delete time:4.506111145019531e-05
delete time:4.4345855712890625e-05
delete time:4.1961669921875e-05
delete time:2.765655517578125e-05
delete time:2.7418136596679688e-05
delete time:2.5272369384765625e-05
delete time:2.4557113647460938e-05
delete time:3.7670135498046875e-05
delete time:2.86102294921875e-05
delete time:4.267692565917969e-05
delete time:2.8133392333984375e-05
delete time:3.647804260253906e-05
delete time:3.0279159545898438e-05
delete time:3.0040740966796875e-05
delete time:4.267692565917969e-05
delete time:2.86102294921875e-05
delete time:3.0517578125e-05
delete time:4.4345855712890625e-05
delete time:3.838539123535156e-05
delete time:2.9087066650390625e-05
delete time:2.7179718017578125e-05
delete time:3.600120544433594e-05
delete time:4.38690185546875e-05
delete time:2.8371810913085938e-05
delete time:3.147125244140625e-05
delete time:3.528594970703125e-05
delete time:3.504753112792969e-05
delete time:2.7894973754882812e-05
delete time:3.7670135498046875e-05
delete time:3.838539123535156e-05
delete time:4.8160552978515625e-05
delete time:2.0265579223632812e-05
delete time:2.956390380859375e-05
delete time:4.57763671875e-05
delete time:3.266334533691406e-05
delete time:4.267692565917969e-05
delete time:3.7670135498046875e-05
delete time:3.528594970703125e-05
delete time:3.743171691894531e-05
delete time:4.4345855712890625e-05
delete time:2.3365020751953125e-05
delete time:3.170967102050781e-05
delete time:2.5987625122070312e-05
delete time:3.838539123535156e-05
delete time:4.315376281738281e-05
delete time:4.100799560546875e-05
delete time:2.8371810913085938e-05
delete time:3.0279159545898438e-05
delete time:3.123283386230469e-05
delete time:4.315376281738281e-05
delete time:2.956390380859375e-05
delete time:3.7670135498046875e-05
delete time:4.076957702636719e-05
delete time:3.647804260253906e-05
delete time:4.4345855712890625e-05
delete time:2.6941299438476562e-05
delete time:2.6464462280273438e-05
delete time:1.8358230590820312e-05
delete time:2.8133392333984375e-05
delete time:3.790855407714844e-05
delete time:4.076957702636719e-05
delete time:5.221366882324219e-05
delete time:3.1948089599609375e-05
delete time:4.029273986816406e-05
delete time:4.172325134277344e-05
delete time:3.2901763916015625e-05
delete time:3.647804260253906e-05
delete time:2.7179718017578125e-05
delete time:5.078315734863281e-05
delete time:2.7179718017578125e-05
delete time:2.288818359375e-05
delete time:2.6702880859375e-05
delete time:3.123283386230469e-05
delete time:2.8133392333984375e-05
delete time:3.147125244140625e-05
delete time:2.9325485229492188e-05
delete time:3.266334533691406e-05
delete time:3.3855438232421875e-05
delete time:2.9087066650390625e-05
delete time:2.5033950805664062e-05
delete time:3.3855438232421875e-05
delete time:4.1484832763671875e-05
delete time:3.6716461181640625e-05
delete time:4.267692565917969e-05
delete time:3.409385681152344e-05
delete time:2.8371810913085938e-05
delete time:2.9087066650390625e-05
delete time:2.9087066650390625e-05
delete time:3.075599670410156e-05
delete time:3.8623809814453125e-05
delete time:2.5987625122070312e-05
delete time:3.2901763916015625e-05
delete time:2.5272369384765625e-05
delete time:4.57763671875e-05
delete time:3.910064697265625e-05
delete time:3.6716461181640625e-05
delete time:4.00543212890625e-05
delete time:3.5762786865234375e-05
delete time:3.4809112548828125e-05
delete time:3.24249267578125e-05
delete time:2.8371810913085938e-05
delete time:2.6941299438476562e-05
delete time:3.24249267578125e-05
delete time:2.6702880859375e-05
delete time:3.337860107421875e-05
delete time:3.600120544433594e-05
delete time:3.743171691894531e-05
delete time:2.8848648071289062e-05
delete time:3.5762786865234375e-05
delete time:3.314018249511719e-05
delete time:3.4332275390625e-05
delete time:4.2438507080078125e-05
delete time:3.0994415283203125e-05
delete time:3.814697265625e-05
delete time:3.409385681152344e-05
delete time:3.218650817871094e-05
delete time:3.4809112548828125e-05
delete time:3.886222839355469e-05
delete time:3.337860107421875e-05
delete time:2.2172927856445312e-05
delete time:3.504753112792969e-05
delete time:2.956390380859375e-05
delete time:3.170967102050781e-05
delete time:3.0994415283203125e-05
delete time:2.5272369384765625e-05
delete time:1.8835067749023438e-05
delete time:3.075599670410156e-05
delete time:2.6941299438476562e-05
delete time:2.9325485229492188e-05
delete time:3.457069396972656e-05
delete time:3.5762786865234375e-05
delete time:4.315376281738281e-05
delete time:3.695487976074219e-05
delete time:3.743171691894531e-05
delete time:3.170967102050781e-05
delete time:3.814697265625e-05
delete time:2.8133392333984375e-05
delete time:2.8371810913085938e-05
delete time:3.504753112792969e-05
delete time:2.2649765014648438e-05
delete time:2.47955322265625e-05
delete time:3.457069396972656e-05
delete time:3.838539123535156e-05
delete time:4.172325134277344e-05
delete time:2.8133392333984375e-05
delete time:3.0517578125e-05
delete time:2.4557113647460938e-05
delete time:3.24249267578125e-05
delete time:3.4809112548828125e-05
delete time:2.8133392333984375e-05
delete time:2.6226043701171875e-05
delete time:3.5762786865234375e-05
delete time:2.9802322387695312e-05
delete time:2.7418136596679688e-05
delete time:3.600120544433594e-05
delete time:4.1961669921875e-05
delete time:3.504753112792969e-05
delete time:3.123283386230469e-05
delete time:2.86102294921875e-05
delete time:3.5762786865234375e-05
delete time:5.030632019042969e-05
delete time:3.337860107421875e-05
delete time:3.647804260253906e-05
delete time:2.6226043701171875e-05
delete time:3.5762786865234375e-05
delete time:3.170967102050781e-05
delete time:3.170967102050781e-05
delete time:4.4345855712890625e-05
delete time:3.170967102050781e-05
delete time:4.1961669921875e-05
delete time:3.409385681152344e-05
delete time:3.0994415283203125e-05
delete time:3.0994415283203125e-05
delete time:2.574920654296875e-05
delete time:3.170967102050781e-05
delete time:2.7894973754882812e-05
delete time:3.790855407714844e-05
delete time:2.9325485229492188e-05
delete time:3.0040740966796875e-05
delete time:1.8596649169921875e-05
delete time:2.5033950805664062e-05
delete time:3.647804260253906e-05
delete time:2.4080276489257812e-05
delete time:3.075599670410156e-05
delete time:3.24249267578125e-05
delete time:2.47955322265625e-05
delete time:3.266334533691406e-05
delete time:2.6941299438476562e-05
delete time:3.457069396972656e-05
delete time:4.9591064453125e-05
delete time:3.337860107421875e-05
delete time:3.814697265625e-05
delete time:2.8133392333984375e-05
delete time:4.172325134277344e-05
delete time:3.7670135498046875e-05
delete time:4.315376281738281e-05
delete time:2.5272369384765625e-05
delete time:3.337860107421875e-05
delete time:3.886222839355469e-05
delete time:2.7894973754882812e-05
delete time:4.029273986816406e-05
delete time:2.9802322387695312e-05
delete time:2.6226043701171875e-05
delete time:3.170967102050781e-05
delete time:3.695487976074219e-05
delete time:1.6927719116210938e-05
delete time:3.170967102050781e-05
delete time:3.528594970703125e-05
delete time:2.7179718017578125e-05
delete time:3.552436828613281e-05
delete time:2.9802322387695312e-05
delete time:2.765655517578125e-05
delete time:3.075599670410156e-05
delete time:4.00543212890625e-05
delete time:3.218650817871094e-05
delete time:3.170967102050781e-05
delete time:3.62396240234375e-05
delete time:3.552436828613281e-05
delete time:3.6716461181640625e-05
delete time:3.075599670410156e-05
delete time:2.8133392333984375e-05
delete time:3.147125244140625e-05
delete time:3.647804260253906e-05
delete time:3.4332275390625e-05
delete time:3.266334533691406e-05
delete time:4.00543212890625e-05
delete time:3.552436828613281e-05
delete time:3.409385681152344e-05
delete time:3.170967102050781e-05
delete time:2.9802322387695312e-05
delete time:4.3392181396484375e-05
delete time:2.5272369384765625e-05
delete time:2.2411346435546875e-05
delete time:2.86102294921875e-05
delete time:3.4332275390625e-05
delete time:3.6716461181640625e-05
delete time:3.695487976074219e-05
delete time:3.075599670410156e-05
delete time:4.506111145019531e-05
delete time:3.147125244140625e-05
delete time:3.2901763916015625e-05
delete time:2.6464462280273438e-05
delete time:3.9577484130859375e-05
delete time:3.0279159545898438e-05
delete time:3.361701965332031e-05
delete time:2.7418136596679688e-05
delete time:4.482269287109375e-05
delete time:2.6941299438476562e-05
delete time:3.2901763916015625e-05
delete time:4.100799560546875e-05
delete time:3.743171691894531e-05
delete time:2.5987625122070312e-05
delete time:2.7179718017578125e-05
delete time:2.8371810913085938e-05
delete time:4.172325134277344e-05
delete time:3.0517578125e-05
delete time:4.410743713378906e-05
delete time:3.4332275390625e-05
delete time:2.5033950805664062e-05
delete time:5.173683166503906e-05
delete time:3.552436828613281e-05
delete time:4.649162292480469e-05
delete time:2.956390380859375e-05
delete time:3.24249267578125e-05
delete time:3.504753112792969e-05
delete time:3.123283386230469e-05
delete time:3.528594970703125e-05
delete time:3.457069396972656e-05
delete time:3.457069396972656e-05
delete time:3.361701965332031e-05
delete time:3.170967102050781e-05
delete time:2.47955322265625e-05
delete time:4.57763671875e-05
delete time:2.6226043701171875e-05
delete time:2.5510787963867188e-05
delete time:2.6941299438476562e-05
delete time:4.2438507080078125e-05
delete time:2.956390380859375e-05
delete time:3.314018249511719e-05
delete time:3.147125244140625e-05
delete time:1.3589859008789062e-05
delete time:1.811981201171875e-05
delete time:2.6464462280273438e-05
delete time:3.647804260253906e-05
delete time:4.220008850097656e-05
delete time:2.574920654296875e-05
delete time:2.7418136596679688e-05
delete time:4.1961669921875e-05
delete time:3.361701965332031e-05
delete time:3.9577484130859375e-05
delete time:3.0040740966796875e-05
delete time:3.266334533691406e-05
delete time:4.38690185546875e-05
delete time:2.8133392333984375e-05
delete time:2.7179718017578125e-05
delete time:3.0994415283203125e-05
delete time:2.288818359375e-05
delete time:3.218650817871094e-05
delete time:3.5762786865234375e-05
delete time:3.409385681152344e-05
delete time:3.2901763916015625e-05
delete time:2.6941299438476562e-05
delete time:2.7418136596679688e-05
delete time:4.172325134277344e-05
delete time:2.5987625122070312e-05
delete time:3.838539123535156e-05
delete time:2.3365020751953125e-05
delete time:3.147125244140625e-05
delete time:3.886222839355469e-05
delete time:3.337860107421875e-05
delete time:2.574920654296875e-05
delete time:3.981590270996094e-05
delete time:4.0531158447265625e-05
delete time:3.123283386230469e-05
delete time:2.86102294921875e-05
delete time:2.86102294921875e-05
delete time:3.9577484130859375e-05
delete time:2.47955322265625e-05
delete time:3.0279159545898438e-05
delete time:2.574920654296875e-05
delete time:3.170967102050781e-05
delete time:4.673004150390625e-05
delete time:3.075599670410156e-05
delete time:2.384185791015625e-05
delete time:2.6702880859375e-05
delete time:3.266334533691406e-05
delete time:3.504753112792969e-05
delete time:4.029273986816406e-05
delete time:2.4557113647460938e-05
delete time:2.956390380859375e-05
delete time:2.7418136596679688e-05
delete time:4.172325134277344e-05
delete time:4.0531158447265625e-05
delete time:2.8848648071289062e-05
delete time:3.743171691894531e-05
delete time:3.337860107421875e-05
delete time:3.743171691894531e-05
delete time:3.123283386230469e-05
delete time:3.4332275390625e-05
delete time:4.00543212890625e-05
delete time:2.5510787963867188e-05
delete time:2.6226043701171875e-05
delete time:5.078315734863281e-05
delete time:2.9802322387695312e-05
delete time:3.4332275390625e-05
delete time:2.3126602172851562e-05
delete time:3.62396240234375e-05
delete time:2.7418136596679688e-05
delete time:2.4080276489257812e-05
delete time:3.1948089599609375e-05
delete time:2.574920654296875e-05
delete time:2.7894973754882812e-05
delete time:3.647804260253906e-05
delete time:2.1219253540039062e-05
delete time:3.5762786865234375e-05
delete time:2.8133392333984375e-05
delete time:2.4080276489257812e-05
delete time:4.2438507080078125e-05
delete time:2.3365020751953125e-05
delete time:3.8623809814453125e-05
delete time:2.6226043701171875e-05
delete time:3.0040740966796875e-05
delete time:3.170967102050781e-05
delete time:3.0994415283203125e-05
delete time:3.0279159545898438e-05
delete time:2.7418136596679688e-05
delete time:4.076957702636719e-05
delete time:2.1696090698242188e-05
delete time:3.4809112548828125e-05
delete time:3.0279159545898438e-05
delete time:3.0517578125e-05
delete time:3.552436828613281e-05
delete time:2.3603439331054688e-05
delete time:2.5510787963867188e-05
delete time:3.0040740966796875e-05
delete time:4.076957702636719e-05
delete time:2.5510787963867188e-05
delete time:3.790855407714844e-05
delete time:3.314018249511719e-05
delete time:4.220008850097656e-05
delete time:3.7670135498046875e-05
delete time:4.0531158447265625e-05
delete time:2.4318695068359375e-05
delete time:3.0279159545898438e-05
delete time:2.7179718017578125e-05
delete time:3.0279159545898438e-05
delete time:2.86102294921875e-05
delete time:2.7179718017578125e-05
delete time:3.886222839355469e-05
delete time:2.8848648071289062e-05
delete time:3.886222839355469e-05
delete time:3.9577484130859375e-05
delete time:3.552436828613281e-05
delete time:3.62396240234375e-05
delete time:4.00543212890625e-05
delete time:3.457069396972656e-05
delete time:3.719329833984375e-05
delete time:3.0517578125e-05
delete time:3.6716461181640625e-05
delete time:1.9788742065429688e-05
delete time:2.6226043701171875e-05
delete time:4.267692565917969e-05
delete time:2.7894973754882812e-05
delete time:3.314018249511719e-05
delete time:3.0994415283203125e-05
delete time:3.5762786865234375e-05
delete time:3.552436828613281e-05
delete time:2.765655517578125e-05
delete time:3.0279159545898438e-05
delete time:2.8371810913085938e-05
delete time:2.6941299438476562e-05
delete time:3.337860107421875e-05
delete time:2.6464462280273438e-05
delete time:3.504753112792969e-05
delete time:3.0040740966796875e-05
delete time:3.409385681152344e-05
delete time:2.0742416381835938e-05
delete time:3.0279159545898438e-05
delete time:2.9325485229492188e-05
delete time:3.981590270996094e-05
delete time:4.601478576660156e-05
delete time:2.7894973754882812e-05
delete time:3.62396240234375e-05
delete time:2.5272369384765625e-05
delete time:2.8848648071289062e-05
delete time:2.9087066650390625e-05
delete time:3.4332275390625e-05
delete time:4.1484832763671875e-05
delete time:2.9087066650390625e-05
delete time:4.76837158203125e-05
delete time:3.552436828613281e-05
delete time:2.7418136596679688e-05
delete time:3.62396240234375e-05
delete time:4.2438507080078125e-05
delete time:1.9550323486328125e-05
delete time:3.0994415283203125e-05
delete time:3.2901763916015625e-05
delete time:2.8133392333984375e-05
delete time:1.4543533325195312e-05
delete time:3.910064697265625e-05
delete time:2.6702880859375e-05
delete time:3.4809112548828125e-05
delete time:3.910064697265625e-05
delete time:2.193450927734375e-05
delete time:2.7418136596679688e-05
delete time:2.8848648071289062e-05
delete time:3.7670135498046875e-05
delete time:2.9325485229492188e-05
delete time:4.0531158447265625e-05
delete time:3.0040740966796875e-05
delete time:3.719329833984375e-05
delete time:3.0994415283203125e-05
delete time:3.337860107421875e-05
delete time:2.6941299438476562e-05
delete time:2.4080276489257812e-05
delete time:2.3603439331054688e-05
delete time:3.552436828613281e-05
delete time:1.4543533325195312e-05
delete time:2.9087066650390625e-05
delete time:4.3392181396484375e-05
delete time:3.5762786865234375e-05
delete time:2.9802322387695312e-05
delete time:3.266334533691406e-05
delete time:3.719329833984375e-05
delete time:3.528594970703125e-05
delete time:1.6450881958007812e-05
delete time:3.790855407714844e-05
delete time:2.5272369384765625e-05
delete time:4.172325134277344e-05
delete time:3.838539123535156e-05
delete time:3.314018249511719e-05
delete time:2.8848648071289062e-05
delete time:3.504753112792969e-05
delete time:2.8133392333984375e-05
delete time:3.3855438232421875e-05
delete time:2.574920654296875e-05
delete time:2.86102294921875e-05
delete time:2.8133392333984375e-05
delete time:3.409385681152344e-05
delete time:2.6702880859375e-05
delete time:3.0517578125e-05
delete time:3.838539123535156e-05
delete time:3.790855407714844e-05
delete time:2.86102294921875e-05
delete time:4.076957702636719e-05
delete time:4.0531158447265625e-05
delete time:3.743171691894531e-05
delete time:3.9577484130859375e-05
delete time:2.86102294921875e-05
delete time:2.6226043701171875e-05
delete time:3.552436828613281e-05
delete time:3.7670135498046875e-05
delete time:3.600120544433594e-05
delete time:2.4318695068359375e-05
delete time:3.1948089599609375e-05
delete time:4.458427429199219e-05
delete time:3.8623809814453125e-05
delete time:2.4318695068359375e-05
delete time:3.147125244140625e-05
delete time:3.4332275390625e-05
delete time:2.9802322387695312e-05
delete time:2.7418136596679688e-05
delete time:3.409385681152344e-05
delete time:2.9325485229492188e-05
delete time:3.743171691894531e-05
delete time:4.00543212890625e-05
delete time:3.218650817871094e-05
delete time:2.6226043701171875e-05
delete time:2.8133392333984375e-05
delete time:2.6941299438476562e-05
delete time:3.337860107421875e-05
delete time:3.790855407714844e-05
delete time:4.482269287109375e-05
delete time:3.0517578125e-05
delete time:3.218650817871094e-05
delete time:2.956390380859375e-05
delete time:2.9087066650390625e-05
delete time:3.886222839355469e-05
delete time:3.075599670410156e-05
delete time:3.8623809814453125e-05
delete time:3.218650817871094e-05
delete time:3.314018249511719e-05
delete time:3.0040740966796875e-05
delete time:4.0531158447265625e-05
delete time:3.933906555175781e-05
delete time:3.361701965332031e-05
delete time:2.7179718017578125e-05
delete time:3.814697265625e-05
delete time:4.2438507080078125e-05
delete time:4.076957702636719e-05
delete time:2.5510787963867188e-05
delete time:4.291534423828125e-05
delete time:3.218650817871094e-05
delete time:2.5272369384765625e-05
delete time:2.8133392333984375e-05
delete time:2.6464462280273438e-05
delete time:3.3855438232421875e-05
delete time:3.695487976074219e-05
delete time:3.0994415283203125e-05
delete time:3.0040740966796875e-05
delete time:1.8358230590820312e-05
delete time:3.5762786865234375e-05
delete time:2.9802322387695312e-05
delete time:2.9325485229492188e-05
delete time:3.5762786865234375e-05
delete time:3.2901763916015625e-05
delete time:2.4080276489257812e-05
delete time:3.647804260253906e-05
delete time:3.266334533691406e-05
delete time:4.124641418457031e-05
delete time:3.314018249511719e-05
delete time:3.743171691894531e-05
delete time:2.9087066650390625e-05
delete time:2.765655517578125e-05
delete time:4.3392181396484375e-05
delete time:3.361701965332031e-05
delete time:2.7179718017578125e-05
delete time:3.933906555175781e-05
delete time:3.719329833984375e-05
delete time:2.5272369384765625e-05
delete time:3.886222839355469e-05
delete time:2.956390380859375e-05
delete time:3.910064697265625e-05
delete time:3.933906555175781e-05
delete time:2.5987625122070312e-05
delete time:3.504753112792969e-05
delete time:2.4318695068359375e-05
delete time:2.574920654296875e-05
delete time:2.956390380859375e-05
delete time:3.0279159545898438e-05
delete time:2.5510787963867188e-05
delete time:2.6226043701171875e-05
delete time:2.5272369384765625e-05
delete time:4.673004150390625e-05
delete time:4.601478576660156e-05
delete time:4.267692565917969e-05
delete time:3.790855407714844e-05
delete time:3.4809112548828125e-05
delete time:3.170967102050781e-05
delete time:2.9802322387695312e-05
delete time:3.600120544433594e-05
delete time:3.9577484130859375e-05
delete time:1.71661376953125e-05
delete time:3.337860107421875e-05
delete time:3.147125244140625e-05
delete time:3.170967102050781e-05
delete time:3.695487976074219e-05
delete time:2.86102294921875e-05
delete time:4.57763671875e-05
delete time:4.506111145019531e-05
delete time:3.5762786865234375e-05
delete time:2.7894973754882812e-05
delete time:2.9087066650390625e-05
delete time:3.6716461181640625e-05
delete time:2.4557113647460938e-05
delete time:4.124641418457031e-05
delete time:4.076957702636719e-05
delete time:3.5762786865234375e-05
delete time:3.457069396972656e-05
delete time:3.2901763916015625e-05
delete time:4.792213439941406e-05
delete time:3.457069396972656e-05
delete time:2.6226043701171875e-05
delete time:2.7418136596679688e-05
delete time:3.695487976074219e-05
delete time:2.86102294921875e-05
delete time:3.457069396972656e-05
delete time:3.600120544433594e-05
delete time:2.1219253540039062e-05
delete time:3.314018249511719e-05
delete time:2.8133392333984375e-05
delete time:3.075599670410156e-05
delete time:4.601478576660156e-05
delete time:3.910064697265625e-05
delete time:3.123283386230469e-05
delete time:4.2438507080078125e-05
delete time:3.743171691894531e-05
delete time:3.6716461181640625e-05
delete time:3.0994415283203125e-05
delete time:3.337860107421875e-05
delete time:2.6702880859375e-05
delete time:5.269050598144531e-05
delete time:4.100799560546875e-05
delete time:4.6253204345703125e-05
delete time:2.956390380859375e-05
delete time:3.24249267578125e-05
delete time:4.100799560546875e-05
delete time:2.7894973754882812e-05
delete time:3.910064697265625e-05
delete time:4.553794860839844e-05
delete time:3.409385681152344e-05
delete time:2.9802322387695312e-05
delete time:3.504753112792969e-05
delete time:3.6716461181640625e-05
delete time:3.24249267578125e-05
delete time:4.1484832763671875e-05
delete time:3.695487976074219e-05
delete time:3.457069396972656e-05
delete time:2.7179718017578125e-05
delete time:3.3855438232421875e-05
delete time:3.552436828613281e-05
delete time:2.765655517578125e-05
delete time:4.38690185546875e-05
delete time:2.6464462280273438e-05
delete time:3.337860107421875e-05
delete time:3.337860107421875e-05
delete time:4.38690185546875e-05
delete time:4.0531158447265625e-05
delete time:3.0040740966796875e-05
delete time:3.3855438232421875e-05
delete time:4.1484832763671875e-05
delete time:4.3392181396484375e-05
delete time:3.886222839355469e-05
delete time:4.4345855712890625e-05
delete time:3.0517578125e-05
delete time:3.075599670410156e-05
delete time:3.4332275390625e-05
delete time:3.4809112548828125e-05
delete time:3.5762786865234375e-05
delete time:3.504753112792969e-05
delete time:3.075599670410156e-05
delete time:3.3855438232421875e-05
delete time:2.7894973754882812e-05
delete time:3.647804260253906e-05
delete time:4.172325134277344e-05
delete time:3.647804260253906e-05
delete time:3.814697265625e-05
delete time:3.695487976074219e-05
delete time:3.147125244140625e-05
delete time:3.5762786865234375e-05
delete time:2.8133392333984375e-05
delete time:2.4557113647460938e-05
delete time:2.956390380859375e-05
delete time:2.7179718017578125e-05
delete time:3.361701965332031e-05
delete time:3.409385681152344e-05
delete time:4.029273986816406e-05
delete time:4.100799560546875e-05
delete time:2.8133392333984375e-05
delete time:3.7670135498046875e-05
delete time:3.647804260253906e-05
delete time:4.673004150390625e-05
delete time:2.9087066650390625e-05
delete time:3.910064697265625e-05
delete time:3.4332275390625e-05
delete time:3.3855438232421875e-05
delete time:3.3855438232421875e-05
delete time:3.933906555175781e-05
delete time:3.314018249511719e-05
delete time:1.7642974853515625e-05
delete time:3.838539123535156e-05
delete time:3.4809112548828125e-05
delete time:4.792213439941406e-05
delete time:4.410743713378906e-05
delete time:3.4332275390625e-05
delete time:4.57763671875e-05
delete time:3.409385681152344e-05
delete time:3.933906555175781e-05
delete time:3.457069396972656e-05
delete time:3.933906555175781e-05
delete time:3.314018249511719e-05
delete time:2.8848648071289062e-05
delete time:3.0040740966796875e-05
delete time:2.6702880859375e-05
delete time:4.029273986816406e-05
delete time:4.124641418457031e-05
delete time:3.24249267578125e-05
delete time:3.170967102050781e-05
delete time:4.100799560546875e-05
delete time:3.361701965332031e-05
delete time:4.124641418457031e-05
delete time:3.5762786865234375e-05
delete time:2.5987625122070312e-05
delete time:2.6464462280273438e-05
delete time:3.337860107421875e-05
delete time:3.838539123535156e-05
delete time:3.4809112548828125e-05
delete time:2.765655517578125e-05
delete time:2.7179718017578125e-05
delete time:3.4332275390625e-05
delete time:3.8623809814453125e-05
delete time:3.2901763916015625e-05
delete time:4.100799560546875e-05
delete time:2.3365020751953125e-05
delete time:3.910064697265625e-05
delete time:3.0994415283203125e-05
delete time:4.100799560546875e-05
delete time:2.7418136596679688e-05
delete time:4.57763671875e-05
delete time:2.9325485229492188e-05
delete time:3.886222839355469e-05
delete time:2.8371810913085938e-05
delete time:2.5987625122070312e-05
delete time:3.62396240234375e-05
delete time:3.504753112792969e-05
delete time:3.552436828613281e-05
delete time:3.695487976074219e-05
delete time:3.266334533691406e-05
delete time:3.218650817871094e-05
delete time:3.337860107421875e-05
delete time:3.218650817871094e-05
delete time:2.8371810913085938e-05
delete time:2.86102294921875e-05
delete time:4.076957702636719e-05
delete time:3.7670135498046875e-05
delete time:4.363059997558594e-05
delete time:3.838539123535156e-05
delete time:3.2901763916015625e-05
delete time:3.981590270996094e-05
delete time:4.124641418457031e-05
delete time:3.552436828613281e-05
delete time:3.8623809814453125e-05
delete time:4.458427429199219e-05
delete time:3.838539123535156e-05
delete time:2.8371810913085938e-05
delete time:3.981590270996094e-05
delete time:3.552436828613281e-05
delete time:4.506111145019531e-05
delete time:3.1948089599609375e-05
delete time:3.24249267578125e-05
delete time:3.719329833984375e-05
delete time:2.574920654296875e-05
delete time:4.2438507080078125e-05
delete time:5.173683166503906e-05
delete time:3.7670135498046875e-05
delete time:2.956390380859375e-05
delete time:3.552436828613281e-05
delete time:4.1484832763671875e-05
delete time:2.4557113647460938e-05
delete time:2.7418136596679688e-05
delete time:4.673004150390625e-05
delete time:3.9577484130859375e-05
delete time:3.0994415283203125e-05
delete time:3.361701965332031e-05
delete time:4.00543212890625e-05
delete time:3.170967102050781e-05
delete time:1.6927719116210938e-05
delete time:3.981590270996094e-05
delete time:4.601478576660156e-05
delete time:2.8848648071289062e-05
delete time:3.743171691894531e-05
delete time:3.409385681152344e-05
delete time:2.8133392333984375e-05
delete time:3.147125244140625e-05
delete time:3.147125244140625e-05
delete time:3.457069396972656e-05
delete time:2.7418136596679688e-05
delete time:3.0994415283203125e-05
delete time:3.719329833984375e-05
delete time:4.124641418457031e-05
delete time:3.600120544433594e-05
delete time:3.2901763916015625e-05
delete time:3.314018249511719e-05
delete time:3.695487976074219e-05
delete time:3.8623809814453125e-05
delete time:3.62396240234375e-05
delete time:3.910064697265625e-05
delete time:4.124641418457031e-05
delete time:2.8133392333984375e-05
delete time:2.8848648071289062e-05
delete time:4.2438507080078125e-05
delete time:3.933906555175781e-05
delete time:2.956390380859375e-05
delete time:3.314018249511719e-05
delete time:3.743171691894531e-05
delete time:3.2901763916015625e-05
delete time:3.0279159545898438e-05
delete time:4.2438507080078125e-05
delete time:3.695487976074219e-05
delete time:2.3365020751953125e-05
delete time:4.315376281738281e-05
delete time:3.62396240234375e-05
delete time:2.5510787963867188e-05
delete time:4.1961669921875e-05
delete time:3.457069396972656e-05
delete time:2.6464462280273438e-05
delete time:3.4809112548828125e-05
delete time:2.6464462280273438e-05
delete time:3.457069396972656e-05
delete time:2.9087066650390625e-05
delete time:2.5272369384765625e-05
delete time:3.1948089599609375e-05
delete time:3.123283386230469e-05
delete time:4.076957702636719e-05
delete time:2.7894973754882812e-05
delete time:3.790855407714844e-05
delete time:3.24249267578125e-05
delete time:3.504753112792969e-05
delete time:3.552436828613281e-05
delete time:2.6702880859375e-05
delete time:3.814697265625e-05
delete time:3.170967102050781e-05
delete time:4.029273986816406e-05
delete time:3.647804260253906e-05
delete time:2.7418136596679688e-05
delete time:4.410743713378906e-05
delete time:2.8133392333984375e-05
delete time:3.0517578125e-05
delete time:4.5299530029296875e-05
delete time:3.075599670410156e-05
delete time:3.337860107421875e-05
delete time:3.933906555175781e-05
delete time:3.600120544433594e-05
delete time:3.218650817871094e-05
delete time:2.7179718017578125e-05
delete time:1.4781951904296875e-05
delete time:3.4332275390625e-05
delete time:3.910064697265625e-05
delete time:3.218650817871094e-05
delete time:2.8848648071289062e-05
delete time:3.457069396972656e-05
delete time:1.5020370483398438e-05
delete time:3.8623809814453125e-05
delete time:3.695487976074219e-05
delete time:3.910064697265625e-05
delete time:3.600120544433594e-05
delete time:3.2901763916015625e-05
delete time:2.956390380859375e-05
delete time:3.0517578125e-05
delete time:3.409385681152344e-05
delete time:3.1948089599609375e-05
delete time:3.814697265625e-05
delete time:2.7894973754882812e-05
delete time:3.24249267578125e-05
delete time:3.457069396972656e-05
delete time:3.170967102050781e-05
delete time:3.409385681152344e-05
delete time:4.00543212890625e-05
delete time:4.172325134277344e-05
delete time:3.4332275390625e-05
delete time:2.5033950805664062e-05
delete time:3.0994415283203125e-05
delete time:2.6941299438476562e-05
delete time:4.1961669921875e-05
delete time:3.62396240234375e-05
delete time:3.409385681152344e-05
delete time:3.314018249511719e-05
delete time:3.147125244140625e-05
delete time:3.0279159545898438e-05
delete time:2.8371810913085938e-05
delete time:3.0040740966796875e-05
delete time:3.600120544433594e-05
delete time:4.553794860839844e-05
delete time:3.314018249511719e-05
delete time:4.029273986816406e-05
delete time:3.457069396972656e-05
delete time:3.7670135498046875e-05
delete time:2.7894973754882812e-05
delete time:3.3855438232421875e-05
delete time:3.218650817871094e-05
delete time:3.24249267578125e-05
delete time:3.337860107421875e-05
delete time:3.8623809814453125e-05
delete time:3.0517578125e-05
delete time:3.0040740966796875e-05
delete time:4.029273986816406e-05
delete time:2.8371810913085938e-05
delete time:3.838539123535156e-05
delete time:3.504753112792969e-05
delete time:4.00543212890625e-05
delete time:4.315376281738281e-05
delete time:3.123283386230469e-05
delete time:2.7179718017578125e-05
delete time:3.147125244140625e-05
delete time:3.1948089599609375e-05
delete time:3.4332275390625e-05
delete time:3.4809112548828125e-05
delete time:3.266334533691406e-05
delete time:2.4318695068359375e-05
delete time:3.981590270996094e-05
delete time:3.910064697265625e-05
delete time:3.600120544433594e-05
delete time:2.7179718017578125e-05
delete time:4.0531158447265625e-05
delete time:3.743171691894531e-05
delete time:2.956390380859375e-05
delete time:3.695487976074219e-05
delete time:3.62396240234375e-05
delete time:3.838539123535156e-05
delete time:3.647804260253906e-05
delete time:2.8133392333984375e-05
delete time:2.765655517578125e-05
delete time:3.3855438232421875e-05
delete time:2.8133392333984375e-05
delete time:2.8133392333984375e-05
delete time:3.457069396972656e-05
delete time:2.86102294921875e-05
delete time:3.5762786865234375e-05
delete time:4.2438507080078125e-05
delete time:3.6716461181640625e-05
delete time:2.9325485229492188e-05
delete time:3.457069396972656e-05
delete time:2.6226043701171875e-05
delete time:4.9114227294921875e-05
delete time:3.504753112792969e-05
delete time:2.384185791015625e-05
delete time:2.765655517578125e-05
delete time:3.0994415283203125e-05
delete time:3.075599670410156e-05
delete time:3.981590270996094e-05
delete time:2.5510787963867188e-05
delete time:3.314018249511719e-05
delete time:3.9577484130859375e-05
delete time:3.170967102050781e-05
delete time:2.384185791015625e-05
delete time:2.9802322387695312e-05
delete time:3.0517578125e-05
delete time:3.62396240234375e-05
delete time:3.8623809814453125e-05
delete time:2.9325485229492188e-05
delete time:2.8133392333984375e-05
delete time:3.6716461181640625e-05
delete time:4.5299530029296875e-05
delete time:3.218650817871094e-05
delete time:3.933906555175781e-05
delete time:2.6464462280273438e-05
delete time:2.6464462280273438e-05
delete time:3.457069396972656e-05
delete time:2.47955322265625e-05
delete time:4.0531158447265625e-05
delete time:3.790855407714844e-05
delete time:3.0279159545898438e-05
delete time:2.6702880859375e-05
delete time:4.76837158203125e-05
delete time:3.123283386230469e-05
delete time:3.8623809814453125e-05
delete time:2.6702880859375e-05
delete time:2.6702880859375e-05
delete time:4.029273986816406e-05
delete time:3.0279159545898438e-05
delete time:3.1948089599609375e-05
delete time:2.9325485229492188e-05
delete time:4.482269287109375e-05
delete time:2.8133392333984375e-05
delete time:2.7179718017578125e-05
delete time:4.029273986816406e-05
delete time:2.4557113647460938e-05
delete time:2.5987625122070312e-05
delete time:4.315376281738281e-05
delete time:2.574920654296875e-05
delete time:3.457069396972656e-05
delete time:3.1948089599609375e-05
delete time:2.9087066650390625e-05
delete time:4.0531158447265625e-05
delete time:4.0531158447265625e-05
delete time:4.57763671875e-05
delete time:3.838539123535156e-05
delete time:2.4080276489257812e-05
delete time:3.147125244140625e-05
delete time:4.1961669921875e-05
delete time:4.410743713378906e-05
delete time:4.363059997558594e-05
delete time:2.8133392333984375e-05
delete time:2.6226043701171875e-05
delete time:3.600120544433594e-05
delete time:3.814697265625e-05
delete time:3.528594970703125e-05
delete time:4.1961669921875e-05
delete time:4.601478576660156e-05
delete time:2.5033950805664062e-05
delete time:3.6716461181640625e-05
delete time:4.3392181396484375e-05
delete time:3.933906555175781e-05
delete time:3.695487976074219e-05
delete time:3.6716461181640625e-05
delete time:3.0517578125e-05
delete time:3.62396240234375e-05
delete time:3.4809112548828125e-05
delete time:5.4836273193359375e-05
delete time:2.5510787963867188e-05
delete time:3.170967102050781e-05
delete time:2.8133392333984375e-05
delete time:3.5762786865234375e-05
delete time:3.528594970703125e-05
delete time:3.0517578125e-05
delete time:4.2438507080078125e-05
delete time:3.3855438232421875e-05
delete time:3.24249267578125e-05
delete time:3.4332275390625e-05
delete time:2.9325485229492188e-05
delete time:2.765655517578125e-05
delete time:4.172325134277344e-05
delete time:3.314018249511719e-05
delete time:2.7418136596679688e-05
delete time:2.3603439331054688e-05
delete time:3.0040740966796875e-05
delete time:3.337860107421875e-05
delete time:2.765655517578125e-05
delete time:3.0040740966796875e-05
delete time:2.6702880859375e-05
delete time:4.00543212890625e-05
delete time:3.504753112792969e-05
delete time:2.6226043701171875e-05
delete time:3.886222839355469e-05
delete time:3.647804260253906e-05
delete time:3.933906555175781e-05
delete time:4.267692565917969e-05
delete time:3.266334533691406e-05
delete time:3.814697265625e-05
delete time:4.649162292480469e-05
delete time:4.1484832763671875e-05
delete time:3.0279159545898438e-05
delete time:2.9325485229492188e-05
delete time:3.528594970703125e-05
delete time:2.6702880859375e-05
delete time:3.075599670410156e-05
delete time:3.504753112792969e-05
delete time:2.3126602172851562e-05
delete time:3.647804260253906e-05
delete time:3.24249267578125e-05
delete time:3.266334533691406e-05
delete time:2.8133392333984375e-05
delete time:3.0994415283203125e-05
delete time:3.3855438232421875e-05
delete time:3.170967102050781e-05
delete time:2.9325485229492188e-05
delete time:3.0279159545898438e-05
delete time:4.315376281738281e-05
delete time:3.075599670410156e-05
delete time:3.719329833984375e-05
delete time:3.0994415283203125e-05
delete time:2.6226043701171875e-05
delete time:2.9325485229492188e-05
delete time:3.314018249511719e-05
delete time:4.029273986816406e-05
delete time:3.2901763916015625e-05
delete time:3.4332275390625e-05
delete time:2.5033950805664062e-05
delete time:2.8371810913085938e-05
delete time:2.6464462280273438e-05
delete time:2.7418136596679688e-05
delete time:2.765655517578125e-05
delete time:4.1961669921875e-05
delete time:2.9087066650390625e-05
delete time:3.218650817871094e-05
delete time:3.337860107421875e-05
delete time:4.267692565917969e-05
delete time:2.765655517578125e-05
delete time:2.9087066650390625e-05
delete time:3.4332275390625e-05
delete time:3.0040740966796875e-05
delete time:2.8848648071289062e-05
delete time:4.506111145019531e-05
delete time:4.100799560546875e-05
delete time:3.910064697265625e-05
delete time:0.00016951560974121094
delete time:0.0001442432403564453
delete time:7.653236389160156e-05
delete time:0.00010085105895996094
delete time:6.413459777832031e-05
delete time:0.00010132789611816406
delete time:0.00015783309936523438
delete time:0.00011301040649414062
delete time:4.673004150390625e-05
delete time:9.1552734375e-05
delete time:9.393692016601562e-05
delete time:0.0001266002655029297
delete time:0.00016236305236816406
delete time:9.107589721679688e-05
delete time:5.650520324707031e-05
delete time:0.0001125335693359375
delete time:5.626678466796875e-05
delete time:7.843971252441406e-05
delete time:0.00010776519775390625
delete time:9.179115295410156e-05
delete time:3.886222839355469e-05
delete time:7.343292236328125e-05
delete time:3.552436828613281e-05
delete time:7.605552673339844e-05
delete time:5.5789947509765625e-05
delete time:8.797645568847656e-05
delete time:3.528594970703125e-05
delete time:9.989738464355469e-05
delete time:8.630752563476562e-05
delete time:6.103515625e-05
delete time:6.4849853515625e-05
delete time:4.5299530029296875e-05
delete time:5.650520324707031e-05
delete time:5.888938903808594e-05
delete time:7.152557373046875e-05
delete time:3.62396240234375e-05
delete time:4.9114227294921875e-05
delete time:5.269050598144531e-05
delete time:6.318092346191406e-05
delete time:8.344650268554688e-05
delete time:3.4332275390625e-05
delete time:7.271766662597656e-05
delete time:4.839897155761719e-05
delete time:5.173683166503906e-05
delete time:5.14984130859375e-05
delete time:5.4836273193359375e-05
delete time:6.842613220214844e-05
delete time:8.845329284667969e-05
delete time:7.224082946777344e-05
delete time:4.2438507080078125e-05
delete time:6.747245788574219e-05
delete time:4.4345855712890625e-05
delete time:5.078315734863281e-05
delete time:4.1961669921875e-05
delete time:5.745887756347656e-05
delete time:2.5510787963867188e-05
delete time:5.7697296142578125e-05
delete time:5.4836273193359375e-05
delete time:4.839897155761719e-05
delete time:6.4849853515625e-05
delete time:5.340576171875e-05
delete time:5.5789947509765625e-05
delete time:4.172325134277344e-05
delete time:6.365776062011719e-05
delete time:5.8650970458984375e-05
delete time:3.314018249511719e-05
delete time:4.649162292480469e-05
delete time:5.364418029785156e-05
delete time:4.673004150390625e-05
delete time:7.176399230957031e-05
delete time:4.076957702636719e-05
delete time:3.4332275390625e-05
delete time:3.24249267578125e-05
delete time:3.600120544433594e-05
delete time:3.337860107421875e-05
delete time:6.246566772460938e-05
delete time:5.14984130859375e-05
delete time:4.458427429199219e-05
delete time:4.410743713378906e-05
delete time:5.030632019042969e-05
delete time:5.8650970458984375e-05
delete time:4.1961669921875e-05
delete time:4.029273986816406e-05
delete time:3.7670135498046875e-05
delete time:5.245208740234375e-05
delete time:4.315376281738281e-05
delete time:6.031990051269531e-05
delete time:4.553794860839844e-05
delete time:4.315376281738281e-05
delete time:4.220008850097656e-05
delete time:5.841255187988281e-05
delete time:7.486343383789062e-05
delete time:3.933906555175781e-05
delete time:4.076957702636719e-05
delete time:4.100799560546875e-05
delete time:5.245208740234375e-05
delete time:2.6226043701171875e-05
delete time:5.435943603515625e-05
delete time:6.604194641113281e-05
delete time:4.982948303222656e-05
delete time:3.7670135498046875e-05
delete time:2.6226043701171875e-05
delete time:3.933906555175781e-05
delete time:5.364418029785156e-05
delete time:5.078315734863281e-05
delete time:4.553794860839844e-05
delete time:3.7670135498046875e-05
delete time:4.601478576660156e-05
delete time:5.2928924560546875e-05
delete time:3.9577484130859375e-05
delete time:4.5299530029296875e-05
delete time:4.482269287109375e-05
delete time:3.24249267578125e-05
delete time:2.4557113647460938e-05
delete time:4.0531158447265625e-05
delete time:3.1948089599609375e-05
delete time:4.220008850097656e-05
delete time:4.553794860839844e-05
delete time:3.552436828613281e-05
delete time:3.4809112548828125e-05
delete time:3.981590270996094e-05
delete time:4.124641418457031e-05
delete time:3.5762786865234375e-05
delete time:4.482269287109375e-05
delete time:5.555152893066406e-05
delete time:1.7404556274414062e-05
delete time:5.8650970458984375e-05
delete time:3.552436828613281e-05
delete time:3.1948089599609375e-05
delete time:5.793571472167969e-05
delete time:2.4080276489257812e-05
delete time:4.7206878662109375e-05
delete time:4.38690185546875e-05
delete time:2.8371810913085938e-05
delete time:4.100799560546875e-05
delete time:4.124641418457031e-05
delete time:3.504753112792969e-05
delete time:3.552436828613281e-05
delete time:3.838539123535156e-05
delete time:4.2438507080078125e-05
delete time:4.673004150390625e-05
delete time:4.553794860839844e-05
delete time:3.0994415283203125e-05
delete time:4.6253204345703125e-05
delete time:4.8160552978515625e-05
delete time:4.982948303222656e-05
delete time:4.482269287109375e-05
delete time:4.172325134277344e-05
delete time:3.218650817871094e-05
delete time:3.552436828613281e-05
delete time:4.744529724121094e-05
delete time:5.53131103515625e-05
delete time:4.8160552978515625e-05
delete time:3.218650817871094e-05
delete time:3.504753112792969e-05
delete time:4.7206878662109375e-05
delete time:5.14984130859375e-05
delete time:2.2172927856445312e-05
delete time:4.601478576660156e-05
delete time:5.2928924560546875e-05
delete time:4.172325134277344e-05
delete time:4.00543212890625e-05
delete time:3.600120544433594e-05
delete time:3.314018249511719e-05
delete time:2.86102294921875e-05
delete time:5.173683166503906e-05
delete time:2.6941299438476562e-05
delete time:3.0517578125e-05
delete time:6.341934204101562e-05
delete time:3.981590270996094e-05
delete time:3.0040740966796875e-05
delete time:5.3882598876953125e-05
delete time:5.173683166503906e-05
delete time:4.124641418457031e-05
delete time:3.361701965332031e-05
delete time:4.4345855712890625e-05
delete time:3.4809112548828125e-05
delete time:3.695487976074219e-05
delete time:3.838539123535156e-05
delete time:5.412101745605469e-05
delete time:7.295608520507812e-05
delete time:2.4557113647460938e-05
delete time:3.7670135498046875e-05
delete time:4.124641418457031e-05
delete time:3.123283386230469e-05
delete time:3.409385681152344e-05
delete time:6.341934204101562e-05
delete time:3.3855438232421875e-05
delete time:2.765655517578125e-05
delete time:5.1975250244140625e-05
delete time:4.458427429199219e-05
delete time:3.814697265625e-05
delete time:4.673004150390625e-05
delete time:5.054473876953125e-05
delete time:4.76837158203125e-05
delete time:3.600120544433594e-05
delete time:5.269050598144531e-05
delete time:3.695487976074219e-05
delete time:2.9087066650390625e-05
delete time:5.507469177246094e-05
delete time:3.457069396972656e-05
delete time:5.078315734863281e-05
delete time:4.601478576660156e-05
delete time:4.172325134277344e-05
delete time:4.2438507080078125e-05
delete time:6.246566772460938e-05
delete time:3.170967102050781e-05
delete time:3.24249267578125e-05
delete time:4.76837158203125e-05
delete time:4.982948303222656e-05
delete time:3.24249267578125e-05
delete time:4.2438507080078125e-05
delete time:3.814697265625e-05
delete time:4.982948303222656e-05
delete time:3.647804260253906e-05
delete time:3.838539123535156e-05
delete time:4.506111145019531e-05
delete time:3.457069396972656e-05
delete time:4.220008850097656e-05
delete time:4.100799560546875e-05
delete time:4.482269287109375e-05
delete time:4.863739013671875e-05
delete time:3.743171691894531e-05
delete time:3.266334533691406e-05
delete time:3.6716461181640625e-05
delete time:2.765655517578125e-05
delete time:3.170967102050781e-05
delete time:3.695487976074219e-05
delete time:3.814697265625e-05
delete time:5.269050598144531e-05
delete time:2.7894973754882812e-05
delete time:4.0531158447265625e-05
delete time:4.315376281738281e-05
delete time:4.6253204345703125e-05
delete time:2.4318695068359375e-05
delete time:3.170967102050781e-05
delete time:3.910064697265625e-05
delete time:3.647804260253906e-05
delete time:4.124641418457031e-05
delete time:3.647804260253906e-05
delete time:3.981590270996094e-05
delete time:4.3392181396484375e-05
delete time:3.8623809814453125e-05
delete time:4.482269287109375e-05
delete time:3.5762786865234375e-05
delete time:2.8848648071289062e-05
delete time:3.8623809814453125e-05
delete time:4.982948303222656e-05
delete time:3.147125244140625e-05
delete time:3.695487976074219e-05
delete time:3.9577484130859375e-05
delete time:3.910064697265625e-05
delete time:5.412101745605469e-05
delete time:3.814697265625e-05
delete time:4.267692565917969e-05
delete time:4.0531158447265625e-05
delete time:3.910064697265625e-05
delete time:3.4809112548828125e-05
delete time:4.267692565917969e-05
delete time:4.458427429199219e-05
delete time:3.838539123535156e-05
delete time:3.719329833984375e-05
delete time:3.910064697265625e-05
delete time:3.337860107421875e-05
delete time:4.1961669921875e-05
delete time:3.4332275390625e-05
delete time:3.9577484130859375e-05
delete time:4.38690185546875e-05
delete time:4.267692565917969e-05
delete time:3.695487976074219e-05
delete time:3.910064697265625e-05
delete time:3.647804260253906e-05
delete time:3.4332275390625e-05
delete time:2.384185791015625e-05
delete time:5.269050598144531e-05
delete time:3.4809112548828125e-05
delete time:4.601478576660156e-05
delete time:3.170967102050781e-05
delete time:3.0040740966796875e-05
delete time:2.765655517578125e-05
delete time:4.8160552978515625e-05
delete time:4.076957702636719e-05
delete time:4.029273986816406e-05
delete time:4.1484832763671875e-05
delete time:2.8848648071289062e-05
delete time:3.695487976074219e-05
delete time:2.8371810913085938e-05
delete time:3.838539123535156e-05
delete time:2.7179718017578125e-05
delete time:2.9087066650390625e-05
delete time:4.5299530029296875e-05
delete time:3.695487976074219e-05
delete time:3.0517578125e-05
delete time:1.2874603271484375e-05
delete time:2.86102294921875e-05
delete time:4.0531158447265625e-05
delete time:3.5762786865234375e-05
delete time:4.410743713378906e-05
delete time:3.8623809814453125e-05
delete time:2.574920654296875e-05
delete time:3.5762786865234375e-05
delete time:4.029273986816406e-05
delete time:4.1961669921875e-05
delete time:2.8133392333984375e-05
delete time:2.6464462280273438e-05
delete time:2.384185791015625e-05
delete time:5.507469177246094e-05
delete time:3.7670135498046875e-05
delete time:3.9577484130859375e-05
delete time:4.5299530029296875e-05
delete time:3.933906555175781e-05
delete time:2.6226043701171875e-05
delete time:6.031990051269531e-05
delete time:5.078315734863281e-05
delete time:4.291534423828125e-05
delete time:2.5272369384765625e-05
delete time:2.765655517578125e-05
delete time:3.2901763916015625e-05
delete time:3.314018249511719e-05
delete time:3.6716461181640625e-05
delete time:4.029273986816406e-05
delete time:4.5299530029296875e-05
delete time:3.457069396972656e-05
delete time:4.5299530029296875e-05
delete time:4.410743713378906e-05
delete time:3.361701965332031e-05
delete time:4.6253204345703125e-05
delete time:2.4080276489257812e-05
delete time:3.4809112548828125e-05
delete time:4.0531158447265625e-05
delete time:3.075599670410156e-05
delete time:4.38690185546875e-05
delete time:3.24249267578125e-05
delete time:4.506111145019531e-05
delete time:4.0531158447265625e-05
delete time:3.2901763916015625e-05
delete time:2.8371810913085938e-05
delete time:3.457069396972656e-05
delete time:2.7179718017578125e-05
delete time:3.504753112792969e-05
delete time:4.291534423828125e-05
delete time:3.886222839355469e-05
delete time:4.6253204345703125e-05
delete time:4.363059997558594e-05
delete time:2.765655517578125e-05
delete time:3.62396240234375e-05
delete time:3.2901763916015625e-05
delete time:3.147125244140625e-05
delete time:3.719329833984375e-05
delete time:2.7179718017578125e-05
delete time:3.9577484130859375e-05
delete time:3.123283386230469e-05
delete time:4.267692565917969e-05
delete time:3.647804260253906e-05
delete time:3.5762786865234375e-05
delete time:3.147125244140625e-05
delete time:5.125999450683594e-05
delete time:2.6941299438476562e-05
delete time:4.315376281738281e-05
delete time:2.5987625122070312e-05
delete time:4.2438507080078125e-05
delete time:3.552436828613281e-05
delete time:3.3855438232421875e-05
delete time:3.719329833984375e-05
delete time:3.695487976074219e-05
delete time:3.528594970703125e-05
delete time:4.744529724121094e-05
delete time:4.100799560546875e-05
delete time:4.601478576660156e-05
delete time:3.0517578125e-05
delete time:4.1484832763671875e-05
delete time:4.887580871582031e-05
delete time:3.170967102050781e-05
delete time:3.719329833984375e-05
delete time:3.361701965332031e-05
delete time:3.266334533691406e-05
delete time:2.7179718017578125e-05
delete time:3.457069396972656e-05
delete time:3.361701965332031e-05
delete time:3.886222839355469e-05
delete time:2.7179718017578125e-05
delete time:4.220008850097656e-05
delete time:3.0994415283203125e-05
delete time:3.1948089599609375e-05
delete time:3.886222839355469e-05
delete time:3.62396240234375e-05
delete time:3.5762786865234375e-05
delete time:3.409385681152344e-05
delete time:3.743171691894531e-05
delete time:4.6253204345703125e-05
delete time:4.1961669921875e-05
delete time:2.3126602172851562e-05
delete time:3.62396240234375e-05
delete time:3.361701965332031e-05
delete time:4.9114227294921875e-05
delete time:2.8371810913085938e-05
delete time:4.673004150390625e-05
delete time:3.814697265625e-05
delete time:3.5762786865234375e-05
delete time:3.4332275390625e-05
delete time:4.1961669921875e-05
delete time:5.269050598144531e-05
delete time:3.0040740966796875e-05
delete time:3.147125244140625e-05
delete time:4.5299530029296875e-05
delete time:4.00543212890625e-05
delete time:4.172325134277344e-05
delete time:4.315376281738281e-05
delete time:4.6253204345703125e-05
delete time:3.6716461181640625e-05
delete time:3.218650817871094e-05
delete time:2.574920654296875e-05
delete time:2.9802322387695312e-05
delete time:2.8371810913085938e-05
delete time:4.673004150390625e-05
delete time:3.4809112548828125e-05
delete time:3.218650817871094e-05
delete time:2.9802322387695312e-05
delete time:2.6226043701171875e-05
delete time:4.220008850097656e-05
delete time:3.170967102050781e-05
delete time:2.86102294921875e-05
delete time:4.029273986816406e-05
delete time:3.647804260253906e-05
delete time:3.933906555175781e-05
delete time:3.790855407714844e-05
delete time:2.8133392333984375e-05
delete time:4.982948303222656e-05
delete time:2.8848648071289062e-05
delete time:3.314018249511719e-05
delete time:3.719329833984375e-05
delete time:3.719329833984375e-05
delete time:3.170967102050781e-05
delete time:5.125999450683594e-05
delete time:4.267692565917969e-05
delete time:3.552436828613281e-05
delete time:3.0279159545898438e-05
delete time:3.457069396972656e-05
delete time:3.9577484130859375e-05
delete time:2.9802322387695312e-05
delete time:3.552436828613281e-05
delete time:3.695487976074219e-05
delete time:3.218650817871094e-05
delete time:2.5033950805664062e-05
delete time:2.4080276489257812e-05
delete time:3.24249267578125e-05
delete time:2.1696090698242188e-05
delete time:3.814697265625e-05
delete time:3.6716461181640625e-05
delete time:2.47955322265625e-05
delete time:4.291534423828125e-05
delete time:2.7418136596679688e-05
delete time:3.075599670410156e-05
delete time:3.719329833984375e-05
delete time:4.744529724121094e-05
delete time:2.1219253540039062e-05
delete time:3.1948089599609375e-05
delete time:3.361701965332031e-05
delete time:3.0040740966796875e-05
delete time:2.9802322387695312e-05
delete time:4.673004150390625e-05
delete time:3.4809112548828125e-05
delete time:4.363059997558594e-05
delete time:3.266334533691406e-05
delete time:3.981590270996094e-05
delete time:3.4809112548828125e-05
delete time:3.981590270996094e-05
delete time:4.76837158203125e-05
delete time:5.269050598144531e-05
delete time:1.8358230590820312e-05
delete time:2.765655517578125e-05
delete time:3.075599670410156e-05
delete time:3.3855438232421875e-05
delete time:2.956390380859375e-05
delete time:3.4332275390625e-05
delete time:4.0531158447265625e-05
delete time:3.4809112548828125e-05
delete time:3.743171691894531e-05
delete time:3.9577484130859375e-05
delete time:3.457069396972656e-05
delete time:3.647804260253906e-05
delete time:3.528594970703125e-05
delete time:3.147125244140625e-05
delete time:3.5762786865234375e-05
delete time:3.314018249511719e-05
delete time:4.601478576660156e-05
delete time:3.337860107421875e-05
delete time:3.266334533691406e-05
delete time:3.504753112792969e-05
delete time:3.814697265625e-05
delete time:3.409385681152344e-05
delete time:3.3855438232421875e-05
delete time:4.291534423828125e-05
delete time:2.86102294921875e-05
delete time:2.5987625122070312e-05
delete time:2.4080276489257812e-05
delete time:3.4332275390625e-05
delete time:3.2901763916015625e-05
delete time:3.361701965332031e-05
delete time:4.029273986816406e-05
delete time:3.647804260253906e-05
delete time:4.029273986816406e-05
delete time:4.220008850097656e-05
delete time:3.719329833984375e-05
delete time:2.384185791015625e-05
delete time:3.218650817871094e-05
delete time:3.457069396972656e-05
delete time:4.38690185546875e-05
delete time:3.838539123535156e-05
delete time:3.4332275390625e-05
delete time:5.1021575927734375e-05
delete time:2.765655517578125e-05
delete time:3.0040740966796875e-05
delete time:3.790855407714844e-05
delete time:2.7894973754882812e-05
delete time:3.4332275390625e-05
delete time:3.0517578125e-05
delete time:2.5272369384765625e-05
delete time:4.363059997558594e-05
delete time:6.008148193359375e-05
delete time:3.0994415283203125e-05
delete time:3.4332275390625e-05
delete time:3.266334533691406e-05
delete time:4.267692565917969e-05
delete time:3.0994415283203125e-05
delete time:4.363059997558594e-05
delete time:3.981590270996094e-05
delete time:3.123283386230469e-05
delete time:3.933906555175781e-05
delete time:3.7670135498046875e-05
delete time:1.811981201171875e-05
delete time:3.409385681152344e-05
delete time:3.1948089599609375e-05
delete time:3.814697265625e-05
delete time:3.218650817871094e-05
delete time:3.170967102050781e-05
delete time:3.361701965332031e-05
delete time:3.218650817871094e-05
delete time:3.600120544433594e-05
delete time:3.9577484130859375e-05
delete time:3.4332275390625e-05
delete time:4.124641418457031e-05
delete time:3.170967102050781e-05
delete time:3.0517578125e-05
delete time:4.1484832763671875e-05
delete time:5.078315734863281e-05
delete time:4.9114227294921875e-05
delete time:3.552436828613281e-05
delete time:3.552436828613281e-05
delete time:5.4836273193359375e-05
delete time:3.719329833984375e-05
delete time:4.839897155761719e-05
delete time:2.7418136596679688e-05
delete time:3.9577484130859375e-05
delete time:3.0517578125e-05
delete time:3.743171691894531e-05
delete time:4.00543212890625e-05
delete time:4.76837158203125e-05
delete time:4.2438507080078125e-05
delete time:4.076957702636719e-05
delete time:3.5762786865234375e-05
delete time:2.8848648071289062e-05
delete time:3.695487976074219e-05
delete time:2.8133392333984375e-05
delete time:4.506111145019531e-05
delete time:3.814697265625e-05
delete time:2.956390380859375e-05
delete time:4.124641418457031e-05
delete time:3.457069396972656e-05
delete time:5.030632019042969e-05
delete time:3.814697265625e-05
delete time:3.838539123535156e-05
delete time:3.7670135498046875e-05
delete time:4.5299530029296875e-05
delete time:3.24249267578125e-05
delete time:3.4332275390625e-05
delete time:4.553794860839844e-05
delete time:3.814697265625e-05
delete time:4.00543212890625e-05
delete time:2.2649765014648438e-05
delete time:3.218650817871094e-05
delete time:2.9325485229492188e-05
delete time:3.337860107421875e-05
delete time:4.8160552978515625e-05
delete time:3.170967102050781e-05
delete time:3.8623809814453125e-05
delete time:4.2438507080078125e-05
delete time:2.86102294921875e-05
delete time:3.337860107421875e-05
delete time:2.8848648071289062e-05
delete time:4.3392181396484375e-05
delete time:3.4332275390625e-05
delete time:2.9087066650390625e-05
delete time:4.172325134277344e-05
delete time:3.886222839355469e-05
delete time:2.3603439331054688e-05
delete time:4.2438507080078125e-05
delete time:3.4809112548828125e-05
delete time:4.8160552978515625e-05
delete time:3.170967102050781e-05
delete time:3.123283386230469e-05
delete time:4.410743713378906e-05
delete time:2.7894973754882812e-05
delete time:3.62396240234375e-05
delete time:3.4809112548828125e-05
delete time:3.4332275390625e-05
delete time:2.5272369384765625e-05
delete time:3.743171691894531e-05
delete time:3.814697265625e-05
delete time:3.266334533691406e-05
delete time:3.6716461181640625e-05
delete time:4.744529724121094e-05
delete time:4.3392181396484375e-05
delete time:3.647804260253906e-05
delete time:3.695487976074219e-05
delete time:3.886222839355469e-05
delete time:2.5987625122070312e-05
delete time:2.86102294921875e-05
delete time:4.744529724121094e-05
delete time:2.8371810913085938e-05
delete time:3.552436828613281e-05
delete time:5.841255187988281e-05
delete time:3.6716461181640625e-05
delete time:3.0517578125e-05
delete time:4.076957702636719e-05
delete time:2.7418136596679688e-05
delete time:3.8623809814453125e-05
delete time:2.9802322387695312e-05
delete time:3.695487976074219e-05
delete time:3.5762786865234375e-05
delete time:3.528594970703125e-05
delete time:4.029273986816406e-05
delete time:3.528594970703125e-05
delete time:3.147125244140625e-05
delete time:3.62396240234375e-05
delete time:2.5033950805664062e-05
delete time:4.57763671875e-05
delete time:3.24249267578125e-05
delete time:3.123283386230469e-05
delete time:4.100799560546875e-05
delete time:2.9325485229492188e-05
delete time:2.86102294921875e-05
delete time:4.982948303222656e-05
delete time:4.649162292480469e-05
delete time:3.838539123535156e-05
delete time:2.6941299438476562e-05
delete time:5.221366882324219e-05
delete time:2.6226043701171875e-05
delete time:3.790855407714844e-05
delete time:3.695487976074219e-05
delete time:3.266334533691406e-05
delete time:3.4332275390625e-05
delete time:3.790855407714844e-05
delete time:3.5762786865234375e-05
delete time:2.9087066650390625e-05
delete time:4.673004150390625e-05
delete time:2.956390380859375e-05
delete time:3.218650817871094e-05
delete time:4.00543212890625e-05
delete time:3.314018249511719e-05
delete time:3.6716461181640625e-05
delete time:2.3365020751953125e-05
delete time:2.6226043701171875e-05
delete time:3.600120544433594e-05
delete time:3.0517578125e-05
delete time:4.1484832763671875e-05
delete time:3.5762786865234375e-05
delete time:4.0531158447265625e-05
delete time:3.457069396972656e-05
delete time:3.409385681152344e-05
delete time:4.267692565917969e-05
delete time:2.5272369384765625e-05
delete time:3.981590270996094e-05
delete time:4.029273986816406e-05
delete time:2.3126602172851562e-05
delete time:2.1457672119140625e-05
delete time:3.3855438232421875e-05
delete time:3.743171691894531e-05
delete time:4.0531158447265625e-05
delete time:2.86102294921875e-05
delete time:4.7206878662109375e-05
delete time:4.1484832763671875e-05
delete time:3.266334533691406e-05
delete time:2.8848648071289062e-05
delete time:6.890296936035156e-05
delete time:4.172325134277344e-05
delete time:3.695487976074219e-05
delete time:2.4318695068359375e-05
delete time:3.457069396972656e-05
delete time:5.4836273193359375e-05
delete time:3.933906555175781e-05
delete time:2.6702880859375e-05
delete time:3.0279159545898438e-05
delete time:3.170967102050781e-05
delete time:4.410743713378906e-05
delete time:3.123283386230469e-05
delete time:4.506111145019531e-05
delete time:4.100799560546875e-05
delete time:3.0279159545898438e-05
delete time:3.910064697265625e-05
delete time:3.4809112548828125e-05
delete time:3.9577484130859375e-05
delete time:3.719329833984375e-05
delete time:2.5272369384765625e-05
delete time:2.4318695068359375e-05
delete time:3.3855438232421875e-05
delete time:2.8371810913085938e-05
delete time:3.0994415283203125e-05
delete time:4.00543212890625e-05
delete time:3.361701965332031e-05
delete time:3.0040740966796875e-05
delete time:3.0040740966796875e-05
delete time:2.6941299438476562e-05
delete time:3.337860107421875e-05
delete time:3.24249267578125e-05
delete time:3.457069396972656e-05
delete time:3.0040740966796875e-05
delete time:4.601478576660156e-05
delete time:2.4557113647460938e-05
delete time:4.076957702636719e-05
delete time:5.3882598876953125e-05
delete time:3.147125244140625e-05
delete time:3.6716461181640625e-05
delete time:2.8848648071289062e-05
delete time:2.384185791015625e-05
delete time:3.0279159545898438e-05
delete time:2.6702880859375e-05
delete time:4.363059997558594e-05
delete time:2.1219253540039062e-05
delete time:3.528594970703125e-05
delete time:2.09808349609375e-05
delete time:2.9325485229492188e-05
delete time:3.743171691894531e-05
delete time:3.3855438232421875e-05
delete time:3.886222839355469e-05
delete time:2.956390380859375e-05
delete time:2.5272369384765625e-05
delete time:3.695487976074219e-05
delete time:3.5762786865234375e-05
delete time:3.814697265625e-05
delete time:3.814697265625e-05
delete time:3.600120544433594e-05
delete time:2.8848648071289062e-05
delete time:4.291534423828125e-05
delete time:4.172325134277344e-05
delete time:3.3855438232421875e-05
delete time:4.9114227294921875e-05
delete time:4.744529724121094e-05
delete time:2.7418136596679688e-05
delete time:2.5033950805664062e-05
delete time:4.315376281738281e-05
delete time:2.288818359375e-05
delete time:5.459785461425781e-05
delete time:3.4809112548828125e-05
delete time:3.218650817871094e-05
delete time:2.956390380859375e-05
delete time:3.409385681152344e-05
delete time:4.0531158447265625e-05
delete time:4.4345855712890625e-05
delete time:3.838539123535156e-05
delete time:2.9802322387695312e-05
delete time:2.8848648071289062e-05
delete time:2.384185791015625e-05
delete time:3.3855438232421875e-05
delete time:3.0517578125e-05
delete time:3.4809112548828125e-05
delete time:2.3126602172851562e-05
delete time:3.0994415283203125e-05
delete time:2.956390380859375e-05
delete time:2.9325485229492188e-05
delete time:2.765655517578125e-05
delete time:3.0994415283203125e-05
delete time:3.0040740966796875e-05
delete time:3.743171691894531e-05
delete time:4.100799560546875e-05
delete time:3.3855438232421875e-05
delete time:4.4345855712890625e-05
delete time:2.956390380859375e-05
delete time:2.5033950805664062e-05
delete time:4.744529724121094e-05
delete time:4.291534423828125e-05
delete time:3.361701965332031e-05
delete time:3.314018249511719e-05
delete time:2.7418136596679688e-05
delete time:4.57763671875e-05
delete time:3.6716461181640625e-05
delete time:5.602836608886719e-05
delete time:2.5510787963867188e-05
delete time:3.695487976074219e-05
delete time:2.7418136596679688e-05
delete time:4.291534423828125e-05
delete time:4.3392181396484375e-05
delete time:2.5510787963867188e-05
delete time:2.956390380859375e-05
delete time:3.62396240234375e-05
delete time:3.266334533691406e-05
delete time:2.7894973754882812e-05
delete time:4.100799560546875e-05
delete time:3.647804260253906e-05
delete time:3.552436828613281e-05
delete time:2.2172927856445312e-05
delete time:3.4332275390625e-05
delete time:3.981590270996094e-05
delete time:4.363059997558594e-05
delete time:2.6226043701171875e-05
delete time:3.075599670410156e-05
delete time:3.981590270996094e-05
delete time:2.5987625122070312e-05
delete time:4.792213439941406e-05
delete time:4.100799560546875e-05
delete time:3.24249267578125e-05
delete time:3.409385681152344e-05
delete time:4.887580871582031e-05
delete time:2.574920654296875e-05
delete time:3.0517578125e-05
delete time:4.029273986816406e-05
delete time:2.9325485229492188e-05
delete time:3.7670135498046875e-05
delete time:4.220008850097656e-05
delete time:3.695487976074219e-05
delete time:3.814697265625e-05
delete time:3.123283386230469e-05
delete time:4.00543212890625e-05
delete time:4.38690185546875e-05
delete time:4.291534423828125e-05
delete time:2.2411346435546875e-05
delete time:5.14984130859375e-05
delete time:4.291534423828125e-05
delete time:2.956390380859375e-05
delete time:2.86102294921875e-05
delete time:3.3855438232421875e-05
delete time:4.315376281738281e-05
delete time:4.291534423828125e-05
delete time:3.528594970703125e-05
delete time:3.886222839355469e-05
delete time:3.814697265625e-05
delete time:2.8133392333984375e-05
delete time:3.933906555175781e-05
delete time:4.506111145019531e-05
delete time:4.315376281738281e-05
delete time:4.76837158203125e-05
delete time:5.078315734863281e-05
delete time:3.337860107421875e-05
delete time:2.5510787963867188e-05
delete time:4.267692565917969e-05
delete time:2.4080276489257812e-05
delete time:3.910064697265625e-05
delete time:4.172325134277344e-05
delete time:3.8623809814453125e-05
delete time:3.886222839355469e-05
delete time:3.9577484130859375e-05
delete time:4.792213439941406e-05
delete time:2.574920654296875e-05
delete time:2.9802322387695312e-05
delete time:3.838539123535156e-05
delete time:2.7418136596679688e-05
delete time:3.24249267578125e-05
delete time:3.123283386230469e-05
delete time:3.6716461181640625e-05
delete time:3.3855438232421875e-05
delete time:3.910064697265625e-05
delete time:4.792213439941406e-05
delete time:3.457069396972656e-05
delete time:3.600120544433594e-05
delete time:3.8623809814453125e-05
delete time:3.814697265625e-05
delete time:3.600120544433594e-05
delete time:3.814697265625e-05
delete time:3.0040740966796875e-05
delete time:3.2901763916015625e-05
delete time:3.886222839355469e-05
delete time:2.8848648071289062e-05
delete time:3.1948089599609375e-05
delete time:3.123283386230469e-05
delete time:4.744529724121094e-05
delete time:2.9325485229492188e-05
delete time:3.409385681152344e-05
delete time:3.0517578125e-05
delete time:3.457069396972656e-05
delete time:2.8133392333984375e-05
delete time:4.458427429199219e-05
delete time:3.0994415283203125e-05
delete time:3.790855407714844e-05
delete time:4.38690185546875e-05
delete time:3.24249267578125e-05
delete time:3.7670135498046875e-05
delete time:3.8623809814453125e-05
delete time:3.218650817871094e-05
delete time:3.361701965332031e-05
delete time:3.62396240234375e-05
delete time:3.6716461181640625e-05
delete time:2.6226043701171875e-05
delete time:3.2901763916015625e-05
delete time:2.5987625122070312e-05
delete time:2.8848648071289062e-05
delete time:4.1961669921875e-05
delete time:2.7418136596679688e-05
delete time:3.62396240234375e-05
delete time:3.838539123535156e-05
delete time:3.4809112548828125e-05
delete time:3.600120544433594e-05
delete time:3.528594970703125e-05
delete time:3.695487976074219e-05
delete time:3.886222839355469e-05
delete time:2.47955322265625e-05
delete time:4.100799560546875e-05
delete time:3.9577484130859375e-05
delete time:3.4809112548828125e-05
delete time:3.314018249511719e-05
delete time:3.1948089599609375e-05
delete time:3.886222839355469e-05
delete time:4.0531158447265625e-05
delete time:2.86102294921875e-05
delete time:2.9802322387695312e-05
delete time:4.0531158447265625e-05
delete time:4.649162292480469e-05
delete time:3.981590270996094e-05
delete time:3.886222839355469e-05
delete time:3.2901763916015625e-05
delete time:3.647804260253906e-05
delete time:3.361701965332031e-05
delete time:3.743171691894531e-05
delete time:3.0279159545898438e-05
delete time:3.981590270996094e-05
delete time:2.9087066650390625e-05
delete time:2.7418136596679688e-05
delete time:3.528594970703125e-05
delete time:3.9577484130859375e-05
delete time:3.3855438232421875e-05
delete time:2.5272369384765625e-05
delete time:3.62396240234375e-05
delete time:3.0279159545898438e-05
delete time:3.7670135498046875e-05
delete time:3.3855438232421875e-05
delete time:4.6253204345703125e-05
delete time:2.7179718017578125e-05
delete time:3.981590270996094e-05
delete time:2.5987625122070312e-05
delete time:3.075599670410156e-05
delete time:4.172325134277344e-05
delete time:3.7670135498046875e-05
delete time:2.4557113647460938e-05
delete time:2.8133392333984375e-05
delete time:3.337860107421875e-05
delete time:3.504753112792969e-05
delete time:3.123283386230469e-05
delete time:3.2901763916015625e-05
delete time:3.147125244140625e-05
delete time:2.4557113647460938e-05
delete time:2.5033950805664062e-05
delete time:3.528594970703125e-05
delete time:3.743171691894531e-05
delete time:4.57763671875e-05
delete time:2.86102294921875e-05
delete time:3.814697265625e-05
delete time:3.075599670410156e-05
delete time:3.5762786865234375e-05
delete time:4.696846008300781e-05
delete time:2.1457672119140625e-05
delete time:4.3392181396484375e-05
delete time:3.218650817871094e-05
delete time:3.147125244140625e-05
delete time:3.910064697265625e-05
delete time:3.147125244140625e-05
delete time:3.7670135498046875e-05
delete time:4.029273986816406e-05
delete time:3.218650817871094e-05
delete time:2.574920654296875e-05
delete time:6.151199340820312e-05
delete time:3.0517578125e-05
delete time:3.6716461181640625e-05
delete time:4.4345855712890625e-05
delete time:3.600120544433594e-05
delete time:2.5272369384765625e-05
delete time:3.266334533691406e-05
delete time:4.0531158447265625e-05
delete time:4.553794860839844e-05
delete time:2.956390380859375e-05
delete time:3.147125244140625e-05
delete time:3.123283386230469e-05
delete time:4.1961669921875e-05
delete time:2.9087066650390625e-05
delete time:2.7418136596679688e-05
delete time:2.5033950805664062e-05
delete time:3.5762786865234375e-05
delete time:3.3855438232421875e-05
delete time:2.5033950805664062e-05
delete time:3.1948089599609375e-05
delete time:3.0517578125e-05
delete time:2.9802322387695312e-05
delete time:3.790855407714844e-05
delete time:3.4332275390625e-05
delete time:3.0517578125e-05
delete time:4.076957702636719e-05
delete time:3.147125244140625e-05
delete time:3.838539123535156e-05
delete time:3.314018249511719e-05
delete time:3.886222839355469e-05
delete time:3.3855438232421875e-05
delete time:2.5272369384765625e-05
delete time:3.600120544433594e-05
delete time:3.552436828613281e-05
delete time:2.956390380859375e-05
delete time:3.790855407714844e-05
delete time:3.314018249511719e-05
delete time:3.552436828613281e-05
delete time:4.696846008300781e-05
delete time:3.886222839355469e-05
delete time:4.172325134277344e-05
delete time:3.504753112792969e-05
delete time:4.076957702636719e-05
delete time:4.76837158203125e-05
delete time:3.6716461181640625e-05
delete time:3.719329833984375e-05
delete time:2.3126602172851562e-05
delete time:4.696846008300781e-05
delete time:2.7179718017578125e-05
delete time:3.504753112792969e-05
delete time:2.0265579223632812e-05
delete time:2.9087066650390625e-05
delete time:3.361701965332031e-05
delete time:3.62396240234375e-05
delete time:2.384185791015625e-05
delete time:2.1219253540039062e-05
delete time:3.4809112548828125e-05
delete time:3.62396240234375e-05
delete time:4.0531158447265625e-05
delete time:2.765655517578125e-05
delete time:3.2901763916015625e-05
delete time:2.2649765014648438e-05
delete time:3.814697265625e-05
delete time:2.7179718017578125e-05
delete time:2.7894973754882812e-05
delete time:4.100799560546875e-05
delete time:2.5987625122070312e-05
delete time:2.5272369384765625e-05
delete time:3.5762786865234375e-05
delete time:3.933906555175781e-05
delete time:2.9325485229492188e-05
delete time:3.6716461181640625e-05
delete time:2.8371810913085938e-05
delete time:3.5762786865234375e-05
delete time:3.123283386230469e-05
delete time:3.7670135498046875e-05
delete time:4.506111145019531e-05
delete time:3.123283386230469e-05
delete time:3.8623809814453125e-05
delete time:3.9577484130859375e-05
delete time:4.9591064453125e-05
delete time:3.2901763916015625e-05
delete time:3.62396240234375e-05
delete time:4.9591064453125e-05
delete time:5.0067901611328125e-05
delete time:4.553794860839844e-05
delete time:3.337860107421875e-05
delete time:2.4318695068359375e-05
delete time:2.8133392333984375e-05
delete time:4.6253204345703125e-05
delete time:3.647804260253906e-05
delete time:5.245208740234375e-05
delete time:4.458427429199219e-05
delete time:3.838539123535156e-05
delete time:4.4345855712890625e-05
delete time:3.5762786865234375e-05
delete time:3.4332275390625e-05
delete time:3.0994415283203125e-05
delete time:2.3365020751953125e-05
delete time:3.337860107421875e-05
delete time:2.7418136596679688e-05
delete time:3.170967102050781e-05
delete time:2.5510787963867188e-05
delete time:2.765655517578125e-05
delete time:2.9087066650390625e-05
delete time:4.0531158447265625e-05
delete time:2.8848648071289062e-05
delete time:2.7418136596679688e-05
delete time:2.9325485229492188e-05
delete time:3.7670135498046875e-05
delete time:2.8133392333984375e-05
delete time:4.076957702636719e-05
delete time:3.8623809814453125e-05
delete time:3.981590270996094e-05
delete time:2.288818359375e-05
delete time:2.574920654296875e-05
delete time:4.3392181396484375e-05
delete time:3.1948089599609375e-05
delete time:4.458427429199219e-05
delete time:3.838539123535156e-05
delete time:4.267692565917969e-05
delete time:3.5762786865234375e-05
delete time:4.076957702636719e-05
delete time:3.361701965332031e-05
delete time:3.266334533691406e-05
delete time:4.7206878662109375e-05
delete time:4.4345855712890625e-05
delete time:2.2649765014648438e-05
delete time:5.2928924560546875e-05
delete time:4.0531158447265625e-05
delete time:3.695487976074219e-05
delete time:3.7670135498046875e-05
delete time:2.956390380859375e-05
delete time:3.8623809814453125e-05
delete time:3.933906555175781e-05
delete time:4.220008850097656e-05
delete time:3.7670135498046875e-05
delete time:3.7670135498046875e-05
delete time:2.6941299438476562e-05
delete time:4.673004150390625e-05
delete time:4.601478576660156e-05
delete time:2.6702880859375e-05
delete time:3.62396240234375e-05
delete time:2.47955322265625e-05
delete time:3.933906555175781e-05
delete time:4.100799560546875e-05
delete time:3.24249267578125e-05
delete time:2.86102294921875e-05
delete time:2.7179718017578125e-05
delete time:4.458427429199219e-05
delete time:3.361701965332031e-05
delete time:3.504753112792969e-05
delete time:2.9087066650390625e-05
delete time:4.458427429199219e-05
delete time:3.814697265625e-05
delete time:3.2901763916015625e-05
delete time:4.38690185546875e-05
delete time:3.337860107421875e-05
delete time:3.743171691894531e-05
delete time:3.314018249511719e-05
delete time:5.5789947509765625e-05
delete time:3.2901763916015625e-05
delete time:3.8623809814453125e-05
delete time:3.266334533691406e-05
delete time:3.4332275390625e-05
delete time:3.075599670410156e-05
delete time:4.172325134277344e-05
delete time:3.814697265625e-05
delete time:2.8371810913085938e-05
delete time:3.552436828613281e-05
delete time:3.647804260253906e-05
delete time:2.765655517578125e-05
delete time:3.743171691894531e-05
delete time:2.86102294921875e-05
delete time:5.412101745605469e-05
delete time:3.552436828613281e-05
delete time:3.600120544433594e-05
delete time:3.266334533691406e-05
delete time:2.9087066650390625e-05
delete time:3.838539123535156e-05
delete time:3.886222839355469e-05
delete time:3.409385681152344e-05
delete time:3.170967102050781e-05
delete time:4.3392181396484375e-05
delete time:3.910064697265625e-05
delete time:3.314018249511719e-05
delete time:4.2438507080078125e-05
delete time:3.62396240234375e-05
delete time:3.147125244140625e-05
delete time:3.0994415283203125e-05
delete time:2.574920654296875e-05
delete time:2.288818359375e-05
delete time:3.1948089599609375e-05
delete time:3.933906555175781e-05
delete time:3.9577484130859375e-05
delete time:2.6226043701171875e-05
delete time:2.956390380859375e-05
delete time:4.124641418457031e-05
delete time:2.86102294921875e-05
delete time:3.2901763916015625e-05
delete time:3.457069396972656e-05
delete time:3.3855438232421875e-05
delete time:4.553794860839844e-05
delete time:3.314018249511719e-05
delete time:3.933906555175781e-05
delete time:2.8848648071289062e-05
delete time:4.696846008300781e-05
delete time:3.9577484130859375e-05
delete time:2.8848648071289062e-05
delete time:3.8623809814453125e-05
delete time:3.4809112548828125e-05
delete time:3.5762786865234375e-05
delete time:3.7670135498046875e-05
delete time:4.076957702636719e-05
delete time:3.3855438232421875e-05
delete time:3.075599670410156e-05
delete time:3.409385681152344e-05
delete time:3.504753112792969e-05
delete time:3.409385681152344e-05
delete time:3.814697265625e-05
delete time:2.8371810913085938e-05
delete time:3.981590270996094e-05
delete time:3.910064697265625e-05
delete time:3.3855438232421875e-05
delete time:3.504753112792969e-05
delete time:3.790855407714844e-05
delete time:3.361701965332031e-05
delete time:3.24249267578125e-05
delete time:3.600120544433594e-05
delete time:2.8848648071289062e-05
delete time:4.291534423828125e-05
delete time:4.4345855712890625e-05
delete time:4.792213439941406e-05
delete time:3.62396240234375e-05
delete time:4.9114227294921875e-05
delete time:4.267692565917969e-05
delete time:3.600120544433594e-05
delete time:2.8133392333984375e-05
delete time:3.0517578125e-05
delete time:3.504753112792969e-05
delete time:3.123283386230469e-05
delete time:2.765655517578125e-05
delete time:3.409385681152344e-05
delete time:2.9802322387695312e-05
delete time:3.4332275390625e-05
delete time:3.4809112548828125e-05
delete time:3.123283386230469e-05
delete time:3.1948089599609375e-05
delete time:3.075599670410156e-05
delete time:4.291534423828125e-05
delete time:3.7670135498046875e-05
delete time:5.078315734863281e-05
delete time:2.6702880859375e-05
delete time:3.3855438232421875e-05
delete time:3.0517578125e-05
delete time:3.361701965332031e-05
delete time:3.266334533691406e-05
delete time:2.956390380859375e-05
delete time:3.910064697265625e-05
delete time:2.4557113647460938e-05
delete time:3.790855407714844e-05
delete time:3.7670135498046875e-05
delete time:3.528594970703125e-05
delete time:3.24249267578125e-05
delete time:2.8371810913085938e-05
delete time:2.384185791015625e-05
delete time:2.0503997802734375e-05
delete time:3.0279159545898438e-05
delete time:4.792213439941406e-05
delete time:3.4809112548828125e-05
delete time:4.124641418457031e-05
delete time:3.6716461181640625e-05
delete time:4.00543212890625e-05
delete time:3.695487976074219e-05
delete time:3.504753112792969e-05
delete time:3.24249267578125e-05
delete time:4.38690185546875e-05
delete time:3.1948089599609375e-05
delete time:3.3855438232421875e-05
delete time:3.361701965332031e-05
delete time:3.8623809814453125e-05
delete time:4.00543212890625e-05
delete time:2.765655517578125e-05
delete time:3.647804260253906e-05
delete time:3.528594970703125e-05
delete time:3.075599670410156e-05
delete time:2.7418136596679688e-05
delete time:3.266334533691406e-05
delete time:3.695487976074219e-05
delete time:3.6716461181640625e-05
delete time:3.0517578125e-05
delete time:2.2172927856445312e-05
delete time:2.8371810913085938e-05
delete time:3.528594970703125e-05
delete time:2.47955322265625e-05
delete time:3.886222839355469e-05
delete time:3.886222839355469e-05
delete time:3.933906555175781e-05
delete time:4.1961669921875e-05
delete time:3.504753112792969e-05
delete time:3.0279159545898438e-05
delete time:3.647804260253906e-05
delete time:2.288818359375e-05
delete time:3.5762786865234375e-05
delete time:3.075599670410156e-05
delete time:3.337860107421875e-05
delete time:3.0994415283203125e-05
delete time:2.5510787963867188e-05
delete time:2.8371810913085938e-05
delete time:4.410743713378906e-05
delete time:4.839897155761719e-05
delete time:4.57763671875e-05
delete time:2.9087066650390625e-05
delete time:3.218650817871094e-05
delete time:4.100799560546875e-05
delete time:2.8371810913085938e-05
delete time:2.765655517578125e-05
delete time:3.4332275390625e-05
delete time:3.4809112548828125e-05
delete time:2.7418136596679688e-05
delete time:2.8133392333984375e-05
delete time:3.075599670410156e-05
delete time:5.14984130859375e-05
delete time:2.9325485229492188e-05
delete time:2.3603439331054688e-05
delete time:3.123283386230469e-05
delete time:3.552436828613281e-05
delete time:3.409385681152344e-05
delete time:2.956390380859375e-05
delete time:4.1961669921875e-05
delete time:4.220008850097656e-05
delete time:2.47955322265625e-05
delete time:2.8848648071289062e-05
delete time:4.291534423828125e-05
delete time:2.2649765014648438e-05
delete time:3.075599670410156e-05
delete time:3.457069396972656e-05
delete time:2.956390380859375e-05
delete time:3.409385681152344e-05
delete time:3.4809112548828125e-05
delete time:2.86102294921875e-05
delete time:3.266334533691406e-05
delete time:2.574920654296875e-05
delete time:2.6941299438476562e-05
delete time:3.0040740966796875e-05
delete time:3.123283386230469e-05
delete time:3.337860107421875e-05
delete time:3.123283386230469e-05
delete time:2.4557113647460938e-05
delete time:4.00543212890625e-05
delete time:2.193450927734375e-05
delete time:2.6226043701171875e-05
delete time:4.076957702636719e-05
delete time:4.792213439941406e-05
delete time:2.6702880859375e-05
delete time:2.86102294921875e-05
delete time:2.4318695068359375e-05
delete time:4.506111145019531e-05
delete time:3.0040740966796875e-05
delete time:4.291534423828125e-05
delete time:3.075599670410156e-05
delete time:2.7894973754882812e-05
delete time:3.62396240234375e-05
delete time:2.8371810913085938e-05
delete time:2.2172927856445312e-05
delete time:4.410743713378906e-05
delete time:3.2901763916015625e-05
delete time:2.574920654296875e-05
delete time:3.600120544433594e-05
delete time:3.0517578125e-05
delete time:2.765655517578125e-05
delete time:4.0531158447265625e-05
delete time:4.124641418457031e-05
delete time:2.1696090698242188e-05
delete time:3.361701965332031e-05
delete time:5.125999450683594e-05
delete time:3.0994415283203125e-05
delete time:4.863739013671875e-05
delete time:4.1961669921875e-05
delete time:2.6464462280273438e-05
delete time:3.0517578125e-05
delete time:3.457069396972656e-05
delete time:3.719329833984375e-05
delete time:3.5762786865234375e-05
delete time:4.100799560546875e-05
delete time:3.337860107421875e-05
delete time:3.4809112548828125e-05
delete time:2.6226043701171875e-05
delete time:3.0040740966796875e-05
delete time:2.7179718017578125e-05
delete time:3.7670135498046875e-05
delete time:3.457069396972656e-05
delete time:4.38690185546875e-05
delete time:3.0279159545898438e-05
delete time:3.2901763916015625e-05
delete time:2.4080276489257812e-05
delete time:2.6702880859375e-05
delete time:3.218650817871094e-05
delete time:3.790855407714844e-05
delete time:3.1948089599609375e-05
delete time:2.9802322387695312e-05
delete time:2.7179718017578125e-05
delete time:4.887580871582031e-05
delete time:3.62396240234375e-05
delete time:3.337860107421875e-05
delete time:2.7418136596679688e-05
delete time:3.8623809814453125e-05
delete time:2.1219253540039062e-05
delete time:3.170967102050781e-05
delete time:3.0279159545898438e-05
delete time:4.673004150390625e-05
delete time:2.9325485229492188e-05
delete time:4.696846008300781e-05
delete time:2.9325485229492188e-05
delete time:2.2649765014648438e-05
delete time:3.0279159545898438e-05
delete time:3.409385681152344e-05
delete time:4.2438507080078125e-05
delete time:2.5033950805664062e-05
delete time:2.2411346435546875e-05
delete time:3.409385681152344e-05
delete time:4.363059997558594e-05
delete time:3.4332275390625e-05
delete time:2.7418136596679688e-05
delete time:2.4080276489257812e-05
delete time:4.00543212890625e-05
delete time:2.574920654296875e-05
delete time:2.8848648071289062e-05
delete time:2.7179718017578125e-05
delete time:2.47955322265625e-05
delete time:4.7206878662109375e-05
delete time:2.6464462280273438e-05
delete time:3.314018249511719e-05
delete time:2.8133392333984375e-05
delete time:4.482269287109375e-05
delete time:3.4332275390625e-05
delete time:2.4318695068359375e-05
delete time:3.0279159545898438e-05
delete time:3.790855407714844e-05
delete time:3.504753112792969e-05
delete time:2.7179718017578125e-05
delete time:3.337860107421875e-05
delete time:3.409385681152344e-05
delete time:2.1457672119140625e-05
delete time:2.5987625122070312e-05
delete time:3.409385681152344e-05
delete time:3.7670135498046875e-05
delete time:3.9577484130859375e-05
delete time:2.8848648071289062e-05
delete time:3.266334533691406e-05
delete time:2.9087066650390625e-05
delete time:2.8371810913085938e-05
delete time:3.1948089599609375e-05
delete time:3.457069396972656e-05
delete time:2.3603439331054688e-05
delete time:2.5987625122070312e-05
delete time:4.601478576660156e-05
delete time:2.956390380859375e-05
delete time:4.506111145019531e-05
delete time:2.7418136596679688e-05
delete time:4.029273986816406e-05
delete time:2.8848648071289062e-05
delete time:3.075599670410156e-05
delete time:4.029273986816406e-05
delete time:3.743171691894531e-05
delete time:4.553794860839844e-05
delete time:2.86102294921875e-05
delete time:3.266334533691406e-05
delete time:3.361701965332031e-05
delete time:3.5762786865234375e-05
delete time:3.695487976074219e-05
delete time:4.363059997558594e-05
delete time:3.8623809814453125e-05
delete time:3.337860107421875e-05
delete time:3.1948089599609375e-05
delete time:4.291534423828125e-05
delete time:2.8848648071289062e-05
delete time:5.1975250244140625e-05
delete time:4.100799560546875e-05
delete time:3.24249267578125e-05
delete time:4.1961669921875e-05
delete time:3.4809112548828125e-05
delete time:5.459785461425781e-05
delete time:4.124641418457031e-05
delete time:4.935264587402344e-05
delete time:4.124641418457031e-05
delete time:3.0994415283203125e-05
delete time:3.1948089599609375e-05
delete time:3.0994415283203125e-05
delete time:5.53131103515625e-05
delete time:3.123283386230469e-05
delete time:2.9802322387695312e-05
delete time:3.600120544433594e-05
delete time:3.933906555175781e-05
delete time:5.2928924560546875e-05
delete time:2.7418136596679688e-05
delete time:2.6464462280273438e-05
delete time:3.647804260253906e-05
delete time:4.57763671875e-05
delete time:3.1948089599609375e-05
delete time:3.4809112548828125e-05
delete time:2.5510787963867188e-05
delete time:3.790855407714844e-05
delete time:3.886222839355469e-05
delete time:2.7894973754882812e-05
delete time:3.647804260253906e-05
delete time:3.504753112792969e-05
delete time:3.0517578125e-05
delete time:4.363059997558594e-05
delete time:3.0279159545898438e-05
delete time:4.38690185546875e-05
delete time:3.0040740966796875e-05
delete time:3.6716461181640625e-05
delete time:4.1484832763671875e-05
delete time:4.267692565917969e-05
delete time:2.8133392333984375e-05
delete time:4.315376281738281e-05
delete time:4.029273986816406e-05
delete time:2.7418136596679688e-05
delete time:3.457069396972656e-05
delete time:3.743171691894531e-05
delete time:2.5510787963867188e-05
delete time:5.53131103515625e-05
delete time:3.528594970703125e-05
delete time:3.5762786865234375e-05
delete time:3.62396240234375e-05
delete time:4.0531158447265625e-05
delete time:3.4332275390625e-05
delete time:3.3855438232421875e-05
delete time:2.2172927856445312e-05
delete time:2.7894973754882812e-05
delete time:3.0994415283203125e-05
delete time:3.647804260253906e-05
delete time:3.409385681152344e-05
delete time:3.218650817871094e-05
delete time:3.0994415283203125e-05
delete time:3.0040740966796875e-05
delete time:3.266334533691406e-05
delete time:2.7894973754882812e-05
delete time:3.933906555175781e-05
delete time:3.528594970703125e-05
delete time:3.981590270996094e-05
delete time:2.4318695068359375e-05
delete time:4.1484832763671875e-05
delete time:3.719329833984375e-05
delete time:3.24249267578125e-05
delete time:3.075599670410156e-05
delete time:3.552436828613281e-05
delete time:3.409385681152344e-05
delete time:3.0040740966796875e-05
delete time:3.457069396972656e-05
delete time:3.4809112548828125e-05
delete time:2.9802322387695312e-05
delete time:3.457069396972656e-05
delete time:3.7670135498046875e-05
delete time:3.528594970703125e-05
delete time:5.054473876953125e-05
delete time:4.00543212890625e-05
delete time:3.0040740966796875e-05
delete time:3.123283386230469e-05
delete time:3.552436828613281e-05
delete time:4.124641418457031e-05
delete time:3.147125244140625e-05
delete time:3.0279159545898438e-05
delete time:3.7670135498046875e-05
delete time:3.695487976074219e-05
delete time:4.267692565917969e-05
delete time:2.9802322387695312e-05
delete time:2.4318695068359375e-05
delete time:2.9802322387695312e-05
delete time:4.649162292480469e-05
delete time:2.956390380859375e-05
delete time:3.4809112548828125e-05
delete time:2.574920654296875e-05
delete time:2.3603439331054688e-05
delete time:3.218650817871094e-05
delete time:3.409385681152344e-05
delete time:3.933906555175781e-05
delete time:4.267692565917969e-05
delete time:2.7894973754882812e-05
delete time:4.267692565917969e-05
delete time:3.7670135498046875e-05
delete time:3.0040740966796875e-05
delete time:4.3392181396484375e-05
delete time:3.886222839355469e-05
delete time:2.8133392333984375e-05
delete time:2.956390380859375e-05
delete time:2.4557113647460938e-05
delete time:3.719329833984375e-05
delete time:4.100799560546875e-05
delete time:2.7894973754882812e-05
delete time:2.574920654296875e-05
delete time:3.3855438232421875e-05
delete time:3.24249267578125e-05
delete time:3.123283386230469e-05
delete time:2.5510787963867188e-05
delete time:2.9325485229492188e-05
delete time:3.147125244140625e-05
delete time:2.6941299438476562e-05
delete time:3.1948089599609375e-05
delete time:3.409385681152344e-05
delete time:3.528594970703125e-05
delete time:4.291534423828125e-05
delete time:2.7418136596679688e-05
delete time:2.6226043701171875e-05
delete time:4.172325134277344e-05
delete time:3.314018249511719e-05
delete time:3.0040740966796875e-05
delete time:2.8848648071289062e-05
delete time:3.457069396972656e-05
delete time:3.743171691894531e-05
delete time:2.9087066650390625e-05
delete time:4.076957702636719e-05
delete time:3.838539123535156e-05
delete time:3.266334533691406e-05
delete time:3.123283386230469e-05
delete time:3.4809112548828125e-05
delete time:3.647804260253906e-05
delete time:3.552436828613281e-05
delete time:3.600120544433594e-05
delete time:3.933906555175781e-05
delete time:2.384185791015625e-05
delete time:3.361701965332031e-05
delete time:4.363059997558594e-05
delete time:2.574920654296875e-05
delete time:4.410743713378906e-05
delete time:3.0040740966796875e-05
delete time:3.6716461181640625e-05
delete time:3.170967102050781e-05
delete time:2.09808349609375e-05
delete time:3.1948089599609375e-05
delete time:3.147125244140625e-05
delete time:4.220008850097656e-05
delete time:3.647804260253906e-05
delete time:4.57763671875e-05
delete time:4.6253204345703125e-05
delete time:2.9087066650390625e-05
delete time:4.029273986816406e-05
delete time:2.4318695068359375e-05
delete time:4.100799560546875e-05
delete time:3.933906555175781e-05
delete time:3.3855438232421875e-05
delete time:2.9802322387695312e-05
delete time:2.6464462280273438e-05
delete time:3.7670135498046875e-05
delete time:4.410743713378906e-05
delete time:2.6941299438476562e-05
delete time:3.0279159545898438e-05
delete time:4.124641418457031e-05
delete time:2.7894973754882812e-05
delete time:2.8371810913085938e-05
delete time:3.4809112548828125e-05
delete time:4.4345855712890625e-05
delete time:4.7206878662109375e-05
delete time:3.123283386230469e-05
delete time:2.4080276489257812e-05
delete time:4.6253204345703125e-05
delete time:3.0994415283203125e-05
delete time:3.409385681152344e-05
delete time:2.9087066650390625e-05
delete time:3.147125244140625e-05
delete time:3.266334533691406e-05
delete time:2.9325485229492188e-05
delete time:3.0279159545898438e-05
delete time:2.8133392333984375e-05
delete time:3.147125244140625e-05
delete time:3.0517578125e-05
delete time:3.4809112548828125e-05
delete time:3.337860107421875e-05
delete time:4.553794860839844e-05
delete time:2.7894973754882812e-05
delete time:4.124641418457031e-05
delete time:4.6253204345703125e-05
delete time:3.2901763916015625e-05
delete time:3.1948089599609375e-05
delete time:5.054473876953125e-05
delete time:3.3855438232421875e-05
delete time:2.3365020751953125e-05
delete time:3.886222839355469e-05
delete time:4.1961669921875e-05
delete time:3.337860107421875e-05
delete time:2.86102294921875e-05
delete time:3.814697265625e-05
delete time:4.172325134277344e-05
delete time:3.9577484130859375e-05
delete time:2.574920654296875e-05
delete time:3.695487976074219e-05
delete time:4.76837158203125e-05
delete time:3.1948089599609375e-05
delete time:2.6226043701171875e-05
delete time:3.4809112548828125e-05
delete time:3.457069396972656e-05
delete time:3.361701965332031e-05
delete time:3.314018249511719e-05
delete time:2.9325485229492188e-05
delete time:4.1961669921875e-05
delete time:2.8371810913085938e-05
delete time:3.266334533691406e-05
delete time:3.600120544433594e-05
delete time:2.6702880859375e-05
delete time:2.6702880859375e-05
delete time:2.6941299438476562e-05
delete time:3.075599670410156e-05
delete time:2.8133392333984375e-05
delete time:2.7418136596679688e-05
delete time:3.6716461181640625e-05
delete time:2.7894973754882812e-05
delete time:3.123283386230469e-05
delete time:4.696846008300781e-05
delete time:3.266334533691406e-05
delete time:2.8133392333984375e-05
delete time:3.2901763916015625e-05
delete time:3.147125244140625e-05
delete time:4.291534423828125e-05
delete time:3.218650817871094e-05
delete time:4.029273986816406e-05
delete time:2.7894973754882812e-05
delete time:2.5033950805664062e-05
delete time:3.647804260253906e-05
delete time:3.4332275390625e-05
delete time:2.6702880859375e-05
delete time:3.814697265625e-05
delete time:3.266334533691406e-05
delete time:3.7670135498046875e-05
delete time:3.0279159545898438e-05
delete time:3.170967102050781e-05
delete time:2.4557113647460938e-05
delete time:2.574920654296875e-05
delete time:3.8623809814453125e-05
delete time:2.9802322387695312e-05
delete time:3.552436828613281e-05
delete time:4.00543212890625e-05
delete time:2.765655517578125e-05
delete time:2.6702880859375e-05
delete time:2.6464462280273438e-05
delete time:3.528594970703125e-05
delete time:2.5987625122070312e-05
delete time:4.00543212890625e-05
delete time:2.9325485229492188e-05
delete time:2.1219253540039062e-05
delete time:3.1948089599609375e-05
delete time:2.2172927856445312e-05
delete time:3.409385681152344e-05
delete time:3.1948089599609375e-05
delete time:4.38690185546875e-05
delete time:3.886222839355469e-05
delete time:3.5762786865234375e-05
delete time:3.719329833984375e-05
delete time:3.600120544433594e-05
delete time:2.9087066650390625e-05
delete time:3.4809112548828125e-05
delete time:4.3392181396484375e-05
delete time:2.7418136596679688e-05
delete time:3.838539123535156e-05
delete time:2.8848648071289062e-05
delete time:4.100799560546875e-05
delete time:2.4557113647460938e-05
delete time:3.504753112792969e-05
delete time:3.147125244140625e-05
delete time:3.933906555175781e-05
delete time:3.647804260253906e-05
delete time:3.4809112548828125e-05
delete time:4.458427429199219e-05
delete time:3.5762786865234375e-05
delete time:2.8848648071289062e-05
delete time:3.1948089599609375e-05
delete time:3.170967102050781e-05
delete time:3.600120544433594e-05
delete time:3.528594970703125e-05
delete time:3.457069396972656e-05
delete time:3.647804260253906e-05
delete time:3.695487976074219e-05
delete time:4.3392181396484375e-05
delete time:3.0279159545898438e-05
delete time:3.62396240234375e-05
delete time:3.361701965332031e-05
delete time:2.09808349609375e-05
delete time:3.2901763916015625e-05
delete time:3.528594970703125e-05
delete time:3.62396240234375e-05
delete time:3.075599670410156e-05
delete time:3.62396240234375e-05
delete time:3.743171691894531e-05
delete time:2.8371810913085938e-05
delete time:4.029273986816406e-05
delete time:4.553794860839844e-05
delete time:2.7418136596679688e-05
delete time:3.170967102050781e-05
delete time:3.075599670410156e-05
delete time:2.7894973754882812e-05
delete time:2.3603439331054688e-05
delete time:3.0040740966796875e-05
delete time:2.3365020751953125e-05
delete time:2.9325485229492188e-05
delete time:3.170967102050781e-05
delete time:3.7670135498046875e-05
delete time:2.6702880859375e-05
delete time:3.910064697265625e-05
delete time:3.1948089599609375e-05
delete time:2.956390380859375e-05
delete time:2.5987625122070312e-05
delete time:3.981590270996094e-05
delete time:2.0503997802734375e-05
delete time:3.314018249511719e-05
delete time:3.170967102050781e-05
delete time:3.147125244140625e-05
delete time:2.8133392333984375e-05
delete time:3.170967102050781e-05
delete time:4.363059997558594e-05
delete time:3.409385681152344e-05
delete time:3.6716461181640625e-05
delete time:3.361701965332031e-05
delete time:4.029273986816406e-05
delete time:4.792213439941406e-05
delete time:2.4557113647460938e-05
delete time:3.5762786865234375e-05
delete time:4.0531158447265625e-05
delete time:4.076957702636719e-05
delete time:3.600120544433594e-05
delete time:4.863739013671875e-05
delete time:3.0279159545898438e-05
delete time:2.9802322387695312e-05
delete time:3.600120544433594e-05
delete time:4.363059997558594e-05
delete time:3.910064697265625e-05
delete time:2.574920654296875e-05
delete time:2.956390380859375e-05
delete time:2.7894973754882812e-05
delete time:3.9577484130859375e-05
delete time:2.8133392333984375e-05
delete time:2.3365020751953125e-05
delete time:3.2901763916015625e-05
delete time:2.7179718017578125e-05
delete time:3.218650817871094e-05
delete time:4.363059997558594e-05
delete time:3.218650817871094e-05
delete time:3.337860107421875e-05
delete time:4.00543212890625e-05
delete time:3.0279159545898438e-05
delete time:3.0994415283203125e-05
delete time:3.266334533691406e-05
delete time:3.3855438232421875e-05
delete time:3.0279159545898438e-05
delete time:3.24249267578125e-05
delete time:3.123283386230469e-05
delete time:3.218650817871094e-05
delete time:4.839897155761719e-05
delete time:3.1948089599609375e-05
delete time:2.3365020751953125e-05
delete time:3.62396240234375e-05
delete time:4.172325134277344e-05
delete time:3.647804260253906e-05
delete time:2.8848648071289062e-05
delete time:3.457069396972656e-05
delete time:3.528594970703125e-05
delete time:2.3365020751953125e-05
delete time:2.6464462280273438e-05
delete time:2.9802322387695312e-05
delete time:3.147125244140625e-05
delete time:2.7179718017578125e-05
delete time:4.3392181396484375e-05
delete time:3.3855438232421875e-05
delete time:3.2901763916015625e-05
delete time:4.029273986816406e-05
delete time:2.86102294921875e-05
delete time:3.147125244140625e-05
delete time:2.5987625122070312e-05
delete time:2.574920654296875e-05
delete time:2.5272369384765625e-05
delete time:3.600120544433594e-05
delete time:2.2411346435546875e-05
delete time:2.7418136596679688e-05
delete time:3.886222839355469e-05
delete time:2.5987625122070312e-05
delete time:2.193450927734375e-05
delete time:4.6253204345703125e-05
delete time:4.2438507080078125e-05
delete time:3.314018249511719e-05
delete time:3.4332275390625e-05
delete time:2.2649765014648438e-05
delete time:3.910064697265625e-05
delete time:4.458427429199219e-05
delete time:2.7418136596679688e-05
delete time:2.574920654296875e-05
delete time:2.5510787963867188e-05
delete time:2.8133392333984375e-05
delete time:3.075599670410156e-05
delete time:2.8371810913085938e-05
delete time:3.361701965332031e-05
delete time:4.673004150390625e-05
delete time:3.719329833984375e-05
delete time:3.1948089599609375e-05
delete time:2.6464462280273438e-05
delete time:2.7179718017578125e-05
delete time:3.0279159545898438e-05
delete time:3.7670135498046875e-05
delete time:3.2901763916015625e-05
delete time:3.5762786865234375e-05
delete time:3.600120544433594e-05
delete time:3.457069396972656e-05
delete time:3.123283386230469e-05
delete time:3.814697265625e-05
delete time:2.2172927856445312e-05
delete time:2.8371810913085938e-05
delete time:4.100799560546875e-05
delete time:2.86102294921875e-05
delete time:3.0517578125e-05
delete time:3.6716461181640625e-05
delete time:3.4809112548828125e-05
delete time:4.315376281738281e-05
delete time:2.8848648071289062e-05
delete time:2.956390380859375e-05
delete time:3.0517578125e-05
delete time:3.218650817871094e-05
delete time:3.1948089599609375e-05
delete time:2.8133392333984375e-05
delete time:3.7670135498046875e-05
delete time:3.814697265625e-05
delete time:3.910064697265625e-05
delete time:4.029273986816406e-05
delete time:4.3392181396484375e-05
delete time:4.2438507080078125e-05
delete time:3.7670135498046875e-05
delete time:4.172325134277344e-05
delete time:2.8371810913085938e-05
delete time:2.0503997802734375e-05
delete time:3.552436828613281e-05
delete time:2.0265579223632812e-05
delete time:2.2411346435546875e-05
delete time:3.981590270996094e-05
delete time:3.0040740966796875e-05
delete time:3.790855407714844e-05
delete time:2.384185791015625e-05
delete time:3.170967102050781e-05
delete time:2.288818359375e-05
delete time:3.4332275390625e-05
delete time:3.170967102050781e-05
delete time:3.075599670410156e-05
delete time:4.363059997558594e-05
delete time:2.86102294921875e-05
delete time:3.62396240234375e-05
delete time:2.574920654296875e-05
delete time:3.457069396972656e-05
delete time:3.1948089599609375e-05
delete time:4.1961669921875e-05
delete time:2.765655517578125e-05
delete time:2.9325485229492188e-05
delete time:3.552436828613281e-05
delete time:2.9802322387695312e-05
delete time:2.6464462280273438e-05
delete time:3.123283386230469e-05
delete time:2.4080276489257812e-05
delete time:2.4318695068359375e-05
delete time:3.695487976074219e-05
delete time:2.765655517578125e-05
delete time:2.6226043701171875e-05
delete time:3.9577484130859375e-05
delete time:3.552436828613281e-05
delete time:4.029273986816406e-05
delete time:3.838539123535156e-05
delete time:2.956390380859375e-05
delete time:2.6941299438476562e-05
delete time:3.743171691894531e-05
delete time:3.9577484130859375e-05
delete time:3.337860107421875e-05
delete time:2.86102294921875e-05
delete time:2.6702880859375e-05
delete time:3.695487976074219e-05
delete time:2.384185791015625e-05
delete time:3.0994415283203125e-05
delete time:2.8133392333984375e-05
delete time:2.765655517578125e-05
delete time:3.719329833984375e-05
delete time:2.8848648071289062e-05
delete time:2.7418136596679688e-05
delete time:3.218650817871094e-05
delete time:1.8835067749023438e-05
delete time:2.86102294921875e-05
delete time:3.266334533691406e-05
delete time:2.8133392333984375e-05
delete time:2.3603439331054688e-05
delete time:2.3365020751953125e-05
delete time:2.6941299438476562e-05
delete time:3.337860107421875e-05
delete time:3.3855438232421875e-05
delete time:2.5987625122070312e-05
delete time:2.8371810913085938e-05
delete time:2.5510787963867188e-05
delete time:2.4080276489257812e-05
delete time:2.8371810913085938e-05
delete time:3.314018249511719e-05
delete time:2.86102294921875e-05
delete time:3.409385681152344e-05
delete time:2.6941299438476562e-05
delete time:3.8623809814453125e-05
delete time:2.765655517578125e-05
delete time:4.172325134277344e-05
delete time:3.409385681152344e-05
delete time:3.0994415283203125e-05
delete time:3.147125244140625e-05
delete time:4.220008850097656e-05
delete time:1.9550323486328125e-05
delete time:3.9577484130859375e-05
delete time:4.029273986816406e-05
delete time:4.0531158447265625e-05
delete time:2.574920654296875e-05
delete time:3.337860107421875e-05
delete time:2.7894973754882812e-05
delete time:4.291534423828125e-05
delete time:3.0994415283203125e-05
delete time:3.4809112548828125e-05
delete time:4.172325134277344e-05
delete time:2.2172927856445312e-05
delete time:2.86102294921875e-05
delete time:2.8371810913085938e-05
delete time:2.47955322265625e-05
delete time:2.6226043701171875e-05
delete time:3.266334533691406e-05
delete time:2.7418136596679688e-05
delete time:1.7642974853515625e-05
delete time:2.7894973754882812e-05
delete time:3.361701965332031e-05
delete time:4.267692565917969e-05
delete time:2.9802322387695312e-05
delete time:2.6464462280273438e-05
delete time:3.457069396972656e-05
delete time:3.337860107421875e-05
delete time:2.0742416381835938e-05
delete time:2.4318695068359375e-05
delete time:4.124641418457031e-05
delete time:3.3855438232421875e-05
delete time:4.315376281738281e-05
delete time:3.981590270996094e-05
delete time:3.0279159545898438e-05
delete time:3.147125244140625e-05
delete time:2.7179718017578125e-05
delete time:2.1457672119140625e-05
delete time:2.4080276489257812e-05
delete time:3.528594970703125e-05
delete time:2.6464462280273438e-05
delete time:2.5272369384765625e-05
delete time:2.86102294921875e-05
delete time:3.695487976074219e-05
delete time:2.0265579223632812e-05
delete time:3.933906555175781e-05
delete time:1.8596649169921875e-05
delete time:3.218650817871094e-05
delete time:1.9311904907226562e-05
delete time:3.409385681152344e-05
delete time:2.6941299438476562e-05
delete time:2.4318695068359375e-05
delete time:3.719329833984375e-05
delete time:3.266334533691406e-05
delete time:2.8371810913085938e-05
delete time:3.266334533691406e-05
delete time:2.0742416381835938e-05
delete time:2.47955322265625e-05
delete time:3.170967102050781e-05
delete time:3.2901763916015625e-05
delete time:3.8623809814453125e-05
delete time:3.790855407714844e-05
delete time:3.62396240234375e-05
delete time:5.1021575927734375e-05
delete time:2.47955322265625e-05
delete time:3.695487976074219e-05
delete time:4.124641418457031e-05
delete time:2.9802322387695312e-05
delete time:3.5762786865234375e-05
delete time:3.6716461181640625e-05
delete time:2.384185791015625e-05
delete time:2.7418136596679688e-05
delete time:2.765655517578125e-05
delete time:3.0517578125e-05
delete time:3.0279159545898438e-05
delete time:3.266334533691406e-05
delete time:1.6927719116210938e-05
delete time:4.100799560546875e-05
delete time:3.170967102050781e-05
delete time:2.8848648071289062e-05
delete time:2.8371810913085938e-05
delete time:3.218650817871094e-05
delete time:2.2649765014648438e-05
delete time:2.193450927734375e-05
delete time:3.3855438232421875e-05
delete time:3.814697265625e-05
delete time:2.0503997802734375e-05
delete time:3.218650817871094e-05
delete time:3.2901763916015625e-05
delete time:4.2438507080078125e-05
delete time:2.288818359375e-05
delete time:2.9325485229492188e-05
delete time:2.3126602172851562e-05
delete time:3.24249267578125e-05
delete time:2.0503997802734375e-05
delete time:2.0265579223632812e-05
delete time:2.5033950805664062e-05
delete time:3.0517578125e-05
delete time:2.2649765014648438e-05
delete time:2.3365020751953125e-05
delete time:2.9802322387695312e-05
delete time:3.981590270996094e-05
delete time:3.6716461181640625e-05
delete time:3.4809112548828125e-05
delete time:3.409385681152344e-05
delete time:1.9311904907226562e-05
delete time:4.839897155761719e-05
delete time:3.218650817871094e-05
delete time:2.8848648071289062e-05
delete time:4.0531158447265625e-05
delete time:4.0531158447265625e-05
delete time:3.075599670410156e-05
delete time:2.193450927734375e-05
delete time:3.933906555175781e-05
delete time:2.7418136596679688e-05
delete time:1.9788742065429688e-05
delete time:3.218650817871094e-05
delete time:3.62396240234375e-05
delete time:3.5762786865234375e-05
delete time:3.457069396972656e-05
delete time:2.7418136596679688e-05
delete time:2.002716064453125e-05
delete time:3.266334533691406e-05
delete time:4.935264587402344e-05
delete time:1.9788742065429688e-05
delete time:3.4809112548828125e-05
delete time:3.743171691894531e-05
delete time:3.886222839355469e-05
delete time:2.5033950805664062e-05
delete time:3.838539123535156e-05
delete time:3.218650817871094e-05
delete time:3.647804260253906e-05
delete time:2.3365020751953125e-05
delete time:2.1457672119140625e-05
delete time:3.457069396972656e-05
delete time:1.8596649169921875e-05
delete time:2.288818359375e-05
delete time:3.170967102050781e-05
delete time:4.00543212890625e-05
delete time:2.8371810913085938e-05
delete time:3.743171691894531e-05
delete time:1.9073486328125e-05
delete time:3.337860107421875e-05
delete time:1.8596649169921875e-05
delete time:1.8358230590820312e-05
delete time:3.62396240234375e-05
delete time:4.076957702636719e-05
delete time:1.7881393432617188e-05
delete time:1.6927719116210938e-05
delete time:2.6941299438476562e-05
delete time:2.9325485229492188e-05
delete time:3.0994415283203125e-05
delete time:3.62396240234375e-05
delete time:3.528594970703125e-05
delete time:2.956390380859375e-05
delete time:1.7404556274414062e-05
delete time:5.0067901611328125e-05
delete time:3.719329833984375e-05
delete time:3.504753112792969e-05
delete time:4.0531158447265625e-05
delete time:3.981590270996094e-05
delete time:3.314018249511719e-05
delete time:2.193450927734375e-05
delete time:3.719329833984375e-05
delete time:4.1484832763671875e-05
delete time:2.8848648071289062e-05
delete time:2.6464462280273438e-05
delete time:4.4345855712890625e-05
delete time:2.7894973754882812e-05
delete time:4.458427429199219e-05
delete time:3.218650817871094e-05
delete time:3.552436828613281e-05
delete time:2.9325485229492188e-05
delete time:3.24249267578125e-05
delete time:3.314018249511719e-05
delete time:3.8623809814453125e-05
delete time:2.7418136596679688e-05
delete time:4.3392181396484375e-05
delete time:2.5510787963867188e-05
delete time:3.1948089599609375e-05
delete time:3.933906555175781e-05
delete time:2.4080276489257812e-05
delete time:3.2901763916015625e-05
delete time:3.814697265625e-05
delete time:2.5987625122070312e-05
delete time:3.337860107421875e-05
delete time:4.38690185546875e-05
delete time:2.86102294921875e-05
delete time:3.24249267578125e-05
delete time:3.457069396972656e-05
delete time:3.647804260253906e-05
delete time:3.647804260253906e-05
delete time:3.4332275390625e-05
delete time:3.0517578125e-05
delete time:2.7418136596679688e-05
delete time:2.5033950805664062e-05
delete time:3.886222839355469e-05
delete time:2.6464462280273438e-05
delete time:2.5987625122070312e-05
delete time:2.9802322387695312e-05
delete time:3.504753112792969e-05
delete time:2.7418136596679688e-05
delete time:3.266334533691406e-05
delete time:3.337860107421875e-05
delete time:4.506111145019531e-05
delete time:4.9114227294921875e-05
delete time:3.123283386230469e-05
delete time:3.814697265625e-05
delete time:4.935264587402344e-05
delete time:2.7894973754882812e-05
delete time:3.504753112792969e-05
delete time:2.47955322265625e-05
delete time:3.7670135498046875e-05
delete time:3.552436828613281e-05
delete time:2.765655517578125e-05
delete time:3.0040740966796875e-05
delete time:3.409385681152344e-05
delete time:3.5762786865234375e-05
delete time:1.1920928955078125e-05
delete time:3.409385681152344e-05
delete time:3.337860107421875e-05
delete time:2.9087066650390625e-05
delete time:9.298324584960938e-06
delete time:4.029273986816406e-05
delete time:2.9802322387695312e-05
delete time:3.647804260253906e-05
delete time:3.552436828613281e-05
delete time:3.337860107421875e-05
delete time:3.886222839355469e-05
delete time:2.8371810913085938e-05
delete time:3.9577484130859375e-05
delete time:2.8133392333984375e-05
delete time:3.314018249511719e-05
delete time:3.790855407714844e-05
delete time:3.719329833984375e-05
delete time:4.863739013671875e-05
delete time:2.8371810913085938e-05
delete time:4.553794860839844e-05
delete time:3.695487976074219e-05
delete time:2.765655517578125e-05
delete time:5.340576171875e-05
delete time:2.7418136596679688e-05
delete time:4.1961669921875e-05
delete time:2.8133392333984375e-05
delete time:3.170967102050781e-05
delete time:3.24249267578125e-05
delete time:2.6702880859375e-05
delete time:3.981590270996094e-05
delete time:3.743171691894531e-05
delete time:4.029273986816406e-05
delete time:2.47955322265625e-05
delete time:2.6464462280273438e-05
delete time:3.8623809814453125e-05
delete time:4.076957702636719e-05
delete time:3.266334533691406e-05
delete time:3.314018249511719e-05
delete time:3.933906555175781e-05
delete time:3.528594970703125e-05
delete time:3.743171691894531e-05
delete time:2.5510787963867188e-05
delete time:3.147125244140625e-05
delete time:3.075599670410156e-05
delete time:2.7418136596679688e-05
delete time:3.600120544433594e-05
delete time:2.193450927734375e-05
delete time:3.266334533691406e-05
delete time:3.5762786865234375e-05
delete time:3.5762786865234375e-05
delete time:4.458427429199219e-05
delete time:3.266334533691406e-05
delete time:3.0994415283203125e-05
delete time:2.86102294921875e-05
delete time:3.0279159545898438e-05
delete time:3.2901763916015625e-05
delete time:3.0040740966796875e-05
delete time:3.933906555175781e-05
delete time:2.9087066650390625e-05
delete time:2.47955322265625e-05
delete time:2.47955322265625e-05
delete time:2.8848648071289062e-05
delete time:2.5272369384765625e-05
delete time:3.0279159545898438e-05
delete time:3.719329833984375e-05
delete time:3.62396240234375e-05
delete time:2.9325485229492188e-05
delete time:3.910064697265625e-05
delete time:2.7179718017578125e-05
delete time:3.528594970703125e-05
delete time:4.1484832763671875e-05
delete time:3.123283386230469e-05
delete time:2.5510787963867188e-05
delete time:4.1484832763671875e-05
delete time:3.933906555175781e-05
delete time:4.076957702636719e-05
delete time:3.3855438232421875e-05
delete time:3.123283386230469e-05
delete time:3.0994415283203125e-05
delete time:3.7670135498046875e-05
delete time:3.409385681152344e-05
delete time:3.4809112548828125e-05
delete time:4.029273986816406e-05
delete time:3.814697265625e-05
delete time:2.6464462280273438e-05
delete time:3.0994415283203125e-05
delete time:2.8848648071289062e-05
delete time:2.574920654296875e-05
delete time:2.9802322387695312e-05
delete time:2.5987625122070312e-05
delete time:3.0517578125e-05
delete time:3.147125244140625e-05
delete time:3.2901763916015625e-05
delete time:2.9087066650390625e-05
delete time:3.1948089599609375e-05
delete time:2.9325485229492188e-05
delete time:3.4332275390625e-05
delete time:2.9087066650390625e-05
delete time:2.47955322265625e-05
delete time:2.7894973754882812e-05
delete time:3.552436828613281e-05
delete time:3.2901763916015625e-05
delete time:3.504753112792969e-05
delete time:3.3855438232421875e-05
delete time:2.765655517578125e-05
delete time:3.314018249511719e-05
delete time:2.5033950805664062e-05
delete time:4.482269287109375e-05
delete time:2.6941299438476562e-05
delete time:3.218650817871094e-05
delete time:3.075599670410156e-05
delete time:3.647804260253906e-05
delete time:2.8371810913085938e-05
delete time:4.38690185546875e-05
delete time:2.4080276489257812e-05
delete time:2.8133392333984375e-05
delete time:2.5033950805664062e-05
delete time:2.9802322387695312e-05
delete time:4.458427429199219e-05
delete time:4.0531158447265625e-05
delete time:2.9802322387695312e-05
delete time:2.9087066650390625e-05
delete time:4.124641418457031e-05
delete time:2.7894973754882812e-05
delete time:3.719329833984375e-05
delete time:3.314018249511719e-05
delete time:3.0994415283203125e-05
delete time:3.4332275390625e-05
delete time:2.9087066650390625e-05
delete time:2.7179718017578125e-05
delete time:2.9087066650390625e-05
delete time:3.528594970703125e-05
delete time:2.7179718017578125e-05
delete time:3.552436828613281e-05
delete time:3.147125244140625e-05
delete time:2.4557113647460938e-05
delete time:2.7418136596679688e-05
delete time:3.910064697265625e-05
delete time:3.600120544433594e-05
delete time:2.8371810913085938e-05
delete time:3.0994415283203125e-05
delete time:3.3855438232421875e-05
delete time:2.9802322387695312e-05
delete time:2.8133392333984375e-05
delete time:3.600120544433594e-05
delete time:3.743171691894531e-05
delete time:2.9802322387695312e-05
delete time:4.291534423828125e-05
delete time:3.409385681152344e-05
delete time:3.147125244140625e-05
delete time:2.7418136596679688e-05
delete time:2.9087066650390625e-05
delete time:2.8133392333984375e-05
delete time:3.3855438232421875e-05
delete time:3.2901763916015625e-05
delete time:4.267692565917969e-05
delete time:3.719329833984375e-05
delete time:2.765655517578125e-05
delete time:4.5299530029296875e-05
delete time:2.3365020751953125e-05
delete time:3.24249267578125e-05
delete time:3.4809112548828125e-05
delete time:3.361701965332031e-05
delete time:2.8371810913085938e-05
delete time:2.86102294921875e-05
delete time:2.6226043701171875e-05
delete time:3.4332275390625e-05
delete time:3.647804260253906e-05
delete time:2.5033950805664062e-05
delete time:2.956390380859375e-05
delete time:2.9087066650390625e-05
delete time:2.5272369384765625e-05
delete time:2.5272369384765625e-05
delete time:3.361701965332031e-05
delete time:4.8160552978515625e-05
delete time:2.6226043701171875e-05
delete time:2.765655517578125e-05
delete time:3.4809112548828125e-05
delete time:3.218650817871094e-05
delete time:2.384185791015625e-05
delete time:3.4809112548828125e-05
delete time:2.5272369384765625e-05
delete time:2.288818359375e-05
delete time:3.147125244140625e-05
delete time:3.0279159545898438e-05
delete time:3.1948089599609375e-05
delete time:3.5762786865234375e-05
delete time:2.6941299438476562e-05
delete time:2.8848648071289062e-05
delete time:4.267692565917969e-05
delete time:2.7418136596679688e-05
delete time:3.62396240234375e-05
delete time:3.2901763916015625e-05
delete time:3.266334533691406e-05
delete time:2.6941299438476562e-05
delete time:3.933906555175781e-05
delete time:2.765655517578125e-05
delete time:3.1948089599609375e-05
delete time:3.337860107421875e-05
delete time:2.8848648071289062e-05
delete time:3.4809112548828125e-05
delete time:3.361701965332031e-05
delete time:4.0531158447265625e-05
delete time:3.5762786865234375e-05
delete time:3.0040740966796875e-05
delete time:3.886222839355469e-05
delete time:2.5033950805664062e-05
delete time:2.574920654296875e-05
delete time:3.0517578125e-05
delete time:2.8371810913085938e-05
delete time:2.288818359375e-05
delete time:3.7670135498046875e-05
delete time:2.3603439331054688e-05
delete time:3.3855438232421875e-05
delete time:3.886222839355469e-05
delete time:2.4557113647460938e-05
delete time:3.2901763916015625e-05
delete time:3.5762786865234375e-05
delete time:2.9325485229492188e-05
delete time:3.743171691894531e-05
delete time:2.8848648071289062e-05
delete time:4.3392181396484375e-05
delete time:3.790855407714844e-05
delete time:3.266334533691406e-05
delete time:3.886222839355469e-05
delete time:3.123283386230469e-05
delete time:2.86102294921875e-05
delete time:4.38690185546875e-05
delete time:3.4332275390625e-05
delete time:2.2411346435546875e-05
delete time:2.7894973754882812e-05
delete time:2.765655517578125e-05
delete time:2.8848648071289062e-05
delete time:4.172325134277344e-05
delete time:3.5762786865234375e-05
delete time:3.457069396972656e-05
delete time:3.337860107421875e-05
delete time:2.9325485229492188e-05
delete time:3.409385681152344e-05
delete time:2.8133392333984375e-05
delete time:3.147125244140625e-05
delete time:2.002716064453125e-05
delete time:2.574920654296875e-05
delete time:2.86102294921875e-05
delete time:2.7894973754882812e-05
delete time:2.2649765014648438e-05
delete time:3.24249267578125e-05
delete time:3.695487976074219e-05
delete time:2.7179718017578125e-05
delete time:2.8133392333984375e-05
delete time:2.6226043701171875e-05
delete time:4.00543212890625e-05
delete time:2.2411346435546875e-05
delete time:3.314018249511719e-05
delete time:2.4557113647460938e-05
delete time:2.9802322387695312e-05
delete time:4.076957702636719e-05
delete time:3.7670135498046875e-05
delete time:3.218650817871094e-05
delete time:4.482269287109375e-05
delete time:3.8623809814453125e-05
delete time:3.218650817871094e-05
delete time:3.62396240234375e-05
delete time:2.47955322265625e-05
delete time:2.6226043701171875e-05
delete time:3.409385681152344e-05
delete time:2.6464462280273438e-05
delete time:3.266334533691406e-05
delete time:4.935264587402344e-05
delete time:3.528594970703125e-05
delete time:2.47955322265625e-05
delete time:3.528594970703125e-05
delete time:2.5510787963867188e-05
delete time:3.7670135498046875e-05
delete time:3.790855407714844e-05
delete time:2.86102294921875e-05
delete time:2.86102294921875e-05
delete time:2.2411346435546875e-05
delete time:3.123283386230469e-05
delete time:3.2901763916015625e-05
delete time:2.86102294921875e-05
delete time:2.8133392333984375e-05
delete time:2.6941299438476562e-05
delete time:3.528594970703125e-05
delete time:2.9087066650390625e-05
delete time:3.1948089599609375e-05
delete time:3.24249267578125e-05
delete time:3.337860107421875e-05
delete time:3.147125244140625e-05
delete time:2.765655517578125e-05
delete time:2.765655517578125e-05
delete time:4.2438507080078125e-05
delete time:4.220008850097656e-05
delete time:2.8848648071289062e-05
delete time:3.170967102050781e-05
delete time:2.5510787963867188e-05
delete time:3.075599670410156e-05
delete time:3.147125244140625e-05
delete time:3.790855407714844e-05
delete time:2.5987625122070312e-05
delete time:3.0517578125e-05
delete time:2.4080276489257812e-05
delete time:3.457069396972656e-05
delete time:3.7670135498046875e-05
delete time:2.2411346435546875e-05
delete time:2.8848648071289062e-05
delete time:4.076957702636719e-05
delete time:2.956390380859375e-05
delete time:2.7418136596679688e-05
delete time:2.8371810913085938e-05
delete time:3.552436828613281e-05
delete time:2.4318695068359375e-05
delete time:2.7418136596679688e-05
delete time:2.3603439331054688e-05
delete time:2.7894973754882812e-05
delete time:2.5510787963867188e-05
delete time:4.315376281738281e-05
delete time:2.4080276489257812e-05
delete time:5.14984130859375e-05
delete time:2.8371810913085938e-05
delete time:3.147125244140625e-05
delete time:3.504753112792969e-05
delete time:3.218650817871094e-05
delete time:3.504753112792969e-05
delete time:4.00543212890625e-05
delete time:4.482269287109375e-05
delete time:4.1961669921875e-05
delete time:3.4809112548828125e-05
delete time:4.57763671875e-05
delete time:3.218650817871094e-05
delete time:2.4557113647460938e-05
delete time:2.7179718017578125e-05
delete time:2.288818359375e-05
delete time:3.647804260253906e-05
delete time:3.266334533691406e-05
delete time:3.2901763916015625e-05
delete time:2.574920654296875e-05
delete time:2.8133392333984375e-05
delete time:3.337860107421875e-05
delete time:2.9802322387695312e-05
delete time:2.6702880859375e-05
delete time:2.384185791015625e-05
delete time:2.7179718017578125e-05
delete time:3.814697265625e-05
delete time:3.5762786865234375e-05
delete time:3.24249267578125e-05
delete time:3.695487976074219e-05
delete time:3.266334533691406e-05
delete time:2.5272369384765625e-05
delete time:3.1948089599609375e-05
delete time:2.5987625122070312e-05
delete time:3.1948089599609375e-05
delete time:3.24249267578125e-05
delete time:2.9802322387695312e-05
delete time:3.24249267578125e-05
delete time:3.1948089599609375e-05
delete time:2.9087066650390625e-05
delete time:4.76837158203125e-05
delete time:3.0040740966796875e-05
delete time:2.8371810913085938e-05
delete time:3.314018249511719e-05
delete time:3.1948089599609375e-05
delete time:2.8371810913085938e-05
delete time:2.9325485229492188e-05
delete time:3.719329833984375e-05
delete time:2.956390380859375e-05
delete time:2.9087066650390625e-05
delete time:2.2411346435546875e-05
delete time:3.361701965332031e-05
delete time:2.956390380859375e-05
delete time:4.1961669921875e-05
delete time:3.504753112792969e-05
delete time:2.9325485229492188e-05
delete time:3.933906555175781e-05
delete time:2.7179718017578125e-05
delete time:3.552436828613281e-05
delete time:3.24249267578125e-05
delete time:3.0994415283203125e-05
delete time:3.814697265625e-05
delete time:3.075599670410156e-05
delete time:3.409385681152344e-05
delete time:2.7179718017578125e-05
delete time:2.09808349609375e-05
delete time:2.1457672119140625e-05
delete time:4.0531158447265625e-05
delete time:3.266334533691406e-05
delete time:3.695487976074219e-05
delete time:3.933906555175781e-05
delete time:3.0040740966796875e-05
delete time:2.1457672119140625e-05
delete time:2.4557113647460938e-05
delete time:3.0279159545898438e-05
delete time:3.0994415283203125e-05
delete time:3.218650817871094e-05
delete time:2.4318695068359375e-05
delete time:2.6702880859375e-05
delete time:3.409385681152344e-05
delete time:2.8133392333984375e-05
delete time:4.029273986816406e-05
delete time:4.649162292480469e-05
delete time:3.218650817871094e-05
delete time:3.0279159545898438e-05
delete time:3.552436828613281e-05
delete time:3.743171691894531e-05
delete time:2.7894973754882812e-05
delete time:3.719329833984375e-05
delete time:2.3603439331054688e-05
delete time:2.8133392333984375e-05
delete time:3.409385681152344e-05
delete time:2.3365020751953125e-05
delete time:2.9087066650390625e-05
delete time:2.765655517578125e-05
delete time:3.337860107421875e-05
delete time:3.814697265625e-05
delete time:2.5272369384765625e-05
delete time:2.86102294921875e-05
delete time:2.6702880859375e-05
delete time:2.5510787963867188e-05
delete time:3.3855438232421875e-05
delete time:3.1948089599609375e-05
delete time:2.7418136596679688e-05
delete time:3.170967102050781e-05
delete time:3.886222839355469e-05
delete time:2.7894973754882812e-05
delete time:2.956390380859375e-05
delete time:3.337860107421875e-05
delete time:3.2901763916015625e-05
delete time:2.765655517578125e-05
delete time:3.5762786865234375e-05
delete time:3.8623809814453125e-05
delete time:3.3855438232421875e-05
delete time:2.5033950805664062e-05
delete time:3.123283386230469e-05
delete time:3.0994415283203125e-05
delete time:3.0517578125e-05
delete time:3.790855407714844e-05
delete time:3.457069396972656e-05
delete time:2.86102294921875e-05
delete time:3.3855438232421875e-05
delete time:3.3855438232421875e-05
delete time:3.170967102050781e-05
delete time:3.695487976074219e-05
delete time:3.0517578125e-05
delete time:3.409385681152344e-05
delete time:3.409385681152344e-05
delete time:2.956390380859375e-05
delete time:3.2901763916015625e-05
delete time:4.553794860839844e-05
delete time:3.0517578125e-05
delete time:2.8848648071289062e-05
delete time:2.6464462280273438e-05
delete time:2.8848648071289062e-05
delete time:2.288818359375e-05
delete time:2.9802322387695312e-05
delete time:3.24249267578125e-05
delete time:4.935264587402344e-05
delete time:2.4557113647460938e-05
delete time:3.0517578125e-05
delete time:3.147125244140625e-05
delete time:3.3855438232421875e-05
delete time:2.3365020751953125e-05
delete time:3.5762786865234375e-05
delete time:2.2411346435546875e-05
delete time:2.4557113647460938e-05
delete time:3.075599670410156e-05
delete time:2.3365020751953125e-05
delete time:2.956390380859375e-05
delete time:3.5762786865234375e-05
delete time:3.886222839355469e-05
delete time:2.7894973754882812e-05
delete time:3.4809112548828125e-05
delete time:3.5762786865234375e-05
delete time:2.8848648071289062e-05
delete time:3.075599670410156e-05
delete time:3.0040740966796875e-05
delete time:2.09808349609375e-05
delete time:3.147125244140625e-05
delete time:4.7206878662109375e-05
delete time:2.7894973754882812e-05
delete time:3.218650817871094e-05
delete time:3.218650817871094e-05
delete time:2.7894973754882812e-05
delete time:2.47955322265625e-05
delete time:3.4809112548828125e-05
delete time:2.574920654296875e-05
delete time:2.6226043701171875e-05
delete time:2.6226043701171875e-05
delete time:3.790855407714844e-05
delete time:5.793571472167969e-05
delete time:3.0994415283203125e-05
delete time:3.4332275390625e-05
delete time:3.457069396972656e-05
delete time:3.0994415283203125e-05
delete time:3.457069396972656e-05
delete time:2.47955322265625e-05
delete time:2.5272369384765625e-05
delete time:3.4809112548828125e-05
delete time:2.2649765014648438e-05
delete time:4.458427429199219e-05
delete time:4.076957702636719e-05
delete time:3.2901763916015625e-05
delete time:3.743171691894531e-05
delete time:2.9325485229492188e-05
delete time:3.504753112792969e-05
delete time:3.933906555175781e-05
delete time:3.5762786865234375e-05
delete time:3.3855438232421875e-05
delete time:4.1484832763671875e-05
delete time:2.5033950805664062e-05
delete time:2.288818359375e-05
delete time:2.5510787963867188e-05
delete time:2.6226043701171875e-05
delete time:2.9087066650390625e-05
delete time:2.6941299438476562e-05
delete time:2.288818359375e-05
delete time:4.410743713378906e-05
delete time:4.363059997558594e-05
delete time:3.2901763916015625e-05
delete time:3.24249267578125e-05
delete time:4.1484832763671875e-05
delete time:3.1948089599609375e-05
delete time:3.62396240234375e-05
delete time:4.172325134277344e-05
delete time:3.600120544433594e-05
delete time:2.8848648071289062e-05
delete time:3.457069396972656e-05
delete time:3.743171691894531e-05
delete time:3.1948089599609375e-05
delete time:3.719329833984375e-05
delete time:2.8133392333984375e-05
delete time:2.1696090698242188e-05
delete time:3.314018249511719e-05
delete time:2.6702880859375e-05
delete time:3.838539123535156e-05
delete time:2.6226043701171875e-05
delete time:3.409385681152344e-05
delete time:3.0517578125e-05
delete time:3.504753112792969e-05
delete time:2.9325485229492188e-05
delete time:4.291534423828125e-05
delete time:2.7418136596679688e-05
delete time:3.528594970703125e-05
delete time:3.3855438232421875e-05
delete time:2.5987625122070312e-05
delete time:2.9087066650390625e-05
delete time:2.8371810913085938e-05
delete time:3.409385681152344e-05
delete time:2.9802322387695312e-05
delete time:2.8848648071289062e-05
delete time:3.528594970703125e-05
delete time:2.86102294921875e-05
delete time:2.5510787963867188e-05
delete time:2.956390380859375e-05
delete time:2.6702880859375e-05
delete time:5.1975250244140625e-05
delete time:4.124641418457031e-05
delete time:2.9325485229492188e-05
delete time:4.076957702636719e-05
delete time:3.457069396972656e-05
delete time:2.3365020751953125e-05
delete time:3.314018249511719e-05
delete time:2.956390380859375e-05
delete time:2.4318695068359375e-05
delete time:3.361701965332031e-05
delete time:3.457069396972656e-05
delete time:2.7418136596679688e-05
delete time:3.123283386230469e-05
delete time:3.1948089599609375e-05
delete time:3.5762786865234375e-05
delete time:3.6716461181640625e-05
delete time:3.0040740966796875e-05
delete time:3.0279159545898438e-05
delete time:2.3126602172851562e-05
delete time:2.9325485229492188e-05
delete time:3.62396240234375e-05
delete time:2.9325485229492188e-05
delete time:3.218650817871094e-05
delete time:2.7894973754882812e-05
delete time:3.4332275390625e-05
delete time:2.8133392333984375e-05
delete time:2.8848648071289062e-05
delete time:4.649162292480469e-05
delete time:2.7894973754882812e-05
delete time:4.1961669921875e-05
delete time:3.457069396972656e-05
delete time:4.482269287109375e-05
delete time:3.147125244140625e-05
delete time:2.5987625122070312e-05
delete time:2.8371810913085938e-05
delete time:2.9325485229492188e-05
delete time:2.8848648071289062e-05
delete time:3.337860107421875e-05
delete time:2.6464462280273438e-05
delete time:2.193450927734375e-05
delete time:3.314018249511719e-05
delete time:4.076957702636719e-05
delete time:3.337860107421875e-05
delete time:3.218650817871094e-05
delete time:3.4809112548828125e-05
delete time:3.409385681152344e-05
delete time:4.696846008300781e-05
delete time:3.504753112792969e-05
delete time:3.6716461181640625e-05
delete time:3.62396240234375e-05
delete time:3.147125244140625e-05
delete time:3.719329833984375e-05
delete time:3.910064697265625e-05
delete time:3.337860107421875e-05
delete time:3.62396240234375e-05
delete time:2.47955322265625e-05
delete time:2.956390380859375e-05
delete time:2.47955322265625e-05
delete time:3.886222839355469e-05
delete time:3.9577484130859375e-05
delete time:2.5510787963867188e-05
delete time:3.409385681152344e-05
delete time:3.123283386230469e-05
delete time:2.288818359375e-05
delete time:2.7418136596679688e-05
delete time:4.1961669921875e-05
delete time:2.7179718017578125e-05
delete time:2.7179718017578125e-05
delete time:2.765655517578125e-05
delete time:2.5033950805664062e-05
delete time:4.076957702636719e-05
delete time:3.218650817871094e-05
delete time:3.790855407714844e-05
delete time:2.8848648071289062e-05
delete time:3.361701965332031e-05
delete time:4.100799560546875e-05
delete time:4.553794860839844e-05
delete time:4.6253204345703125e-05
delete time:2.9325485229492188e-05
delete time:2.5272369384765625e-05
delete time:3.4809112548828125e-05
delete time:3.337860107421875e-05
delete time:3.838539123535156e-05
delete time:2.5987625122070312e-05
delete time:2.6702880859375e-05
delete time:2.5510787963867188e-05
delete time:3.5762786865234375e-05
delete time:3.790855407714844e-05
delete time:2.5272369384765625e-05
delete time:2.384185791015625e-05
delete time:3.24249267578125e-05
delete time:2.765655517578125e-05
delete time:2.5272369384765625e-05
delete time:2.8848648071289062e-05
delete time:2.2172927856445312e-05
delete time:4.172325134277344e-05
delete time:3.24249267578125e-05
delete time:3.314018249511719e-05
delete time:2.8848648071289062e-05
delete time:2.09808349609375e-05
delete time:2.3603439331054688e-05
delete time:2.86102294921875e-05
delete time:2.8371810913085938e-05
delete time:3.1948089599609375e-05
delete time:2.2411346435546875e-05
delete time:2.384185791015625e-05
delete time:3.0040740966796875e-05
delete time:2.8848648071289062e-05
delete time:3.147125244140625e-05
delete time:3.314018249511719e-05
delete time:2.5510787963867188e-05
delete time:2.86102294921875e-05
delete time:3.0517578125e-05
delete time:2.6702880859375e-05
delete time:2.86102294921875e-05
delete time:3.719329833984375e-05
delete time:3.361701965332031e-05
delete time:2.4557113647460938e-05
delete time:3.5762786865234375e-05
delete time:2.7894973754882812e-05
delete time:3.0994415283203125e-05
delete time:3.552436828613281e-05
delete time:2.5272369384765625e-05
delete time:2.6226043701171875e-05
delete time:3.719329833984375e-05
delete time:2.9802322387695312e-05
delete time:3.4809112548828125e-05
delete time:2.6702880859375e-05
delete time:2.4080276489257812e-05
delete time:3.8623809814453125e-05
delete time:2.9802322387695312e-05
delete time:2.956390380859375e-05
delete time:2.5510787963867188e-05
delete time:2.4080276489257812e-05
delete time:2.6464462280273438e-05
delete time:4.1961669921875e-05
delete time:3.123283386230469e-05
delete time:2.4557113647460938e-05
delete time:2.7418136596679688e-05
delete time:2.6464462280273438e-05
delete time:3.1948089599609375e-05
delete time:3.4809112548828125e-05
delete time:3.0040740966796875e-05
delete time:2.6702880859375e-05
delete time:2.574920654296875e-05
delete time:3.147125244140625e-05
delete time:4.482269287109375e-05
delete time:3.123283386230469e-05
delete time:3.457069396972656e-05
delete time:3.170967102050781e-05
delete time:2.4557113647460938e-05
delete time:3.62396240234375e-05
delete time:3.814697265625e-05
delete time:2.5033950805664062e-05
delete time:3.62396240234375e-05
delete time:3.337860107421875e-05
delete time:3.24249267578125e-05
delete time:4.6253204345703125e-05
delete time:2.6702880859375e-05
delete time:3.695487976074219e-05
delete time:4.172325134277344e-05
delete time:2.5033950805664062e-05
delete time:3.0517578125e-05
delete time:4.38690185546875e-05
delete time:3.790855407714844e-05
delete time:2.9325485229492188e-05
delete time:3.4332275390625e-05
delete time:2.8848648071289062e-05
delete time:4.744529724121094e-05
delete time:3.1948089599609375e-05
delete time:2.6464462280273438e-05
delete time:3.075599670410156e-05
delete time:2.6702880859375e-05
delete time:2.9802322387695312e-05
delete time:2.6941299438476562e-05
delete time:3.409385681152344e-05
delete time:3.0279159545898438e-05
delete time:2.5510787963867188e-05
delete time:3.0517578125e-05
delete time:3.218650817871094e-05
delete time:3.457069396972656e-05
delete time:2.5987625122070312e-05
delete time:2.6702880859375e-05
delete time:2.9802322387695312e-05
delete time:2.86102294921875e-05
delete time:3.600120544433594e-05
delete time:3.7670135498046875e-05
delete time:2.4557113647460938e-05
delete time:2.5272369384765625e-05
delete time:3.552436828613281e-05
delete time:2.8371810913085938e-05
delete time:3.218650817871094e-05
delete time:3.170967102050781e-05
delete time:2.47955322265625e-05
delete time:2.288818359375e-05
delete time:2.9802322387695312e-05
delete time:3.0040740966796875e-05
delete time:3.886222839355469e-05
delete time:3.123283386230469e-05
delete time:4.0531158447265625e-05
delete time:2.86102294921875e-05
delete time:3.647804260253906e-05
delete time:3.743171691894531e-05
delete time:2.9802322387695312e-05
delete time:2.7894973754882812e-05
delete time:2.9087066650390625e-05
delete time:2.3126602172851562e-05
delete time:2.4318695068359375e-05
delete time:2.5033950805664062e-05
delete time:2.4080276489257812e-05
delete time:3.170967102050781e-05
delete time:3.504753112792969e-05
delete time:2.4557113647460938e-05
delete time:4.506111145019531e-05
delete time:3.647804260253906e-05
delete time:3.409385681152344e-05
delete time:2.9087066650390625e-05
delete time:3.218650817871094e-05
delete time:2.5033950805664062e-05
delete time:3.743171691894531e-05
delete time:3.170967102050781e-05
delete time:2.8371810913085938e-05
delete time:3.337860107421875e-05
delete time:2.86102294921875e-05
delete time:3.361701965332031e-05
delete time:2.7894973754882812e-05
delete time:2.3603439331054688e-05
delete time:3.457069396972656e-05
delete time:3.9577484130859375e-05
delete time:2.8848648071289062e-05
delete time:2.574920654296875e-05
delete time:4.076957702636719e-05
delete time:2.8848648071289062e-05
delete time:2.47955322265625e-05
delete time:2.6226043701171875e-05
delete time:2.2172927856445312e-05
delete time:2.5987625122070312e-05
delete time:2.193450927734375e-05
delete time:2.3365020751953125e-05
delete time:2.8371810913085938e-05
delete time:2.4318695068359375e-05
delete time:2.7179718017578125e-05
delete time:2.5510787963867188e-05
delete time:2.7418136596679688e-05
delete time:4.220008850097656e-05
delete time:3.3855438232421875e-05
delete time:3.123283386230469e-05
delete time:3.266334533691406e-05
delete time:2.5987625122070312e-05
delete time:3.2901763916015625e-05
delete time:3.910064697265625e-05
delete time:2.5272369384765625e-05
delete time:3.981590270996094e-05
delete time:3.24249267578125e-05
delete time:3.0517578125e-05
delete time:2.3126602172851562e-05
delete time:3.075599670410156e-05
delete time:2.7179718017578125e-05
delete time:3.647804260253906e-05
delete time:2.6702880859375e-05
delete time:2.765655517578125e-05
delete time:2.6464462280273438e-05
delete time:2.574920654296875e-05
delete time:2.6941299438476562e-05
delete time:2.5033950805664062e-05
delete time:3.147125244140625e-05
delete time:2.4080276489257812e-05
delete time:2.7179718017578125e-05
delete time:3.814697265625e-05
delete time:3.9577484130859375e-05
delete time:3.695487976074219e-05
delete time:3.4809112548828125e-05
delete time:2.7894973754882812e-05
delete time:3.0517578125e-05
delete time:2.9325485229492188e-05
delete time:3.0994415283203125e-05
delete time:2.2411346435546875e-05
delete time:3.8623809814453125e-05
delete time:2.6464462280273438e-05
delete time:2.5033950805664062e-05
delete time:3.7670135498046875e-05
delete time:2.384185791015625e-05
delete time:2.6702880859375e-05
delete time:3.0040740966796875e-05
delete time:2.5033950805664062e-05
delete time:2.8133392333984375e-05
delete time:2.4557113647460938e-05
delete time:1.9550323486328125e-05
delete time:2.8848648071289062e-05
delete time:4.887580871582031e-05
delete time:2.7894973754882812e-05
delete time:2.8371810913085938e-05
delete time:4.482269287109375e-05
delete time:2.4557113647460938e-05
delete time:3.314018249511719e-05
delete time:2.956390380859375e-05
delete time:3.3855438232421875e-05
delete time:2.5987625122070312e-05
delete time:3.123283386230469e-05
delete time:3.600120544433594e-05
delete time:2.4080276489257812e-05
delete time:3.147125244140625e-05
delete time:2.6464462280273438e-05
delete time:2.8848648071289062e-05
delete time:2.574920654296875e-05
delete time:3.409385681152344e-05
delete time:3.123283386230469e-05
delete time:3.504753112792969e-05
delete time:3.504753112792969e-05
delete time:2.0265579223632812e-05
delete time:3.0279159545898438e-05
delete time:4.696846008300781e-05
delete time:3.9577484130859375e-05
delete time:3.4332275390625e-05
delete time:2.7418136596679688e-05
delete time:2.5033950805664062e-05
delete time:2.8371810913085938e-05
delete time:2.3365020751953125e-05
delete time:3.0517578125e-05
delete time:2.7894973754882812e-05
delete time:2.3603439331054688e-05
delete time:2.7894973754882812e-05
delete time:3.8623809814453125e-05
delete time:2.9087066650390625e-05
delete time:2.7418136596679688e-05
delete time:3.361701965332031e-05
delete time:3.600120544433594e-05
delete time:2.765655517578125e-05
delete time:2.7179718017578125e-05
delete time:2.6226043701171875e-05
delete time:3.933906555175781e-05
delete time:3.4332275390625e-05
delete time:3.62396240234375e-05
delete time:2.5272369384765625e-05
delete time:2.4557113647460938e-05
delete time:2.8371810913085938e-05
delete time:2.3365020751953125e-05
delete time:3.4809112548828125e-05
delete time:2.5510787963867188e-05
delete time:3.361701965332031e-05
delete time:2.7418136596679688e-05
delete time:3.266334533691406e-05
delete time:2.5987625122070312e-05
delete time:2.9802322387695312e-05
delete time:2.9802322387695312e-05
delete time:2.6464462280273438e-05
delete time:2.4557113647460938e-05
delete time:3.4332275390625e-05
delete time:2.47955322265625e-05
delete time:3.1948089599609375e-05
delete time:2.6226043701171875e-05
delete time:4.220008850097656e-05
delete time:3.0040740966796875e-05
delete time:2.288818359375e-05
delete time:2.6702880859375e-05
delete time:3.170967102050781e-05
delete time:2.4080276489257812e-05
delete time:2.8133392333984375e-05
delete time:2.193450927734375e-05
delete time:2.5272369384765625e-05
delete time:3.123283386230469e-05
delete time:4.5299530029296875e-05
delete time:2.4557113647460938e-05
delete time:3.075599670410156e-05
delete time:3.600120544433594e-05
delete time:3.1948089599609375e-05
delete time:2.6226043701171875e-05
delete time:2.193450927734375e-05
delete time:2.3126602172851562e-05
delete time:2.2411346435546875e-05
delete time:3.886222839355469e-05
delete time:2.9087066650390625e-05
delete time:2.7179718017578125e-05
delete time:2.5510787963867188e-05
delete time:2.574920654296875e-05
delete time:3.1948089599609375e-05
delete time:1.7404556274414062e-05
delete time:2.6464462280273438e-05
delete time:2.6941299438476562e-05
delete time:2.9087066650390625e-05
delete time:3.4809112548828125e-05
delete time:4.100799560546875e-05
delete time:3.743171691894531e-05
delete time:2.9087066650390625e-05
delete time:2.956390380859375e-05
delete time:4.4345855712890625e-05
delete time:2.86102294921875e-05
delete time:2.1457672119140625e-05
delete time:3.0517578125e-05
delete time:3.600120544433594e-05
delete time:2.6702880859375e-05
delete time:3.123283386230469e-05
delete time:2.7179718017578125e-05
delete time:2.765655517578125e-05
delete time:2.765655517578125e-05
delete time:3.528594970703125e-05
delete time:2.3603439331054688e-05
delete time:2.8133392333984375e-05
delete time:3.337860107421875e-05
delete time:3.2901763916015625e-05
delete time:4.506111145019531e-05
delete time:3.981590270996094e-05
delete time:3.361701965332031e-05
delete time:2.1457672119140625e-05
delete time:2.8133392333984375e-05
delete time:3.981590270996094e-05
delete time:2.1457672119140625e-05
delete time:2.8371810913085938e-05
delete time:3.4809112548828125e-05
delete time:2.2172927856445312e-05
delete time:3.62396240234375e-05
delete time:3.337860107421875e-05
delete time:3.0040740966796875e-05
delete time:2.9802322387695312e-05
delete time:2.6464462280273438e-05
delete time:3.0994415283203125e-05
delete time:3.0040740966796875e-05
delete time:2.9087066650390625e-05
delete time:2.2649765014648438e-05
delete time:3.933906555175781e-05
delete time:3.24249267578125e-05
delete time:2.7418136596679688e-05
delete time:3.24249267578125e-05
delete time:2.4318695068359375e-05
delete time:2.4557113647460938e-05
delete time:3.0517578125e-05
delete time:3.409385681152344e-05
delete time:2.9087066650390625e-05
delete time:2.7894973754882812e-05
delete time:3.170967102050781e-05
delete time:2.6941299438476562e-05
delete time:2.9325485229492188e-05
delete time:3.24249267578125e-05
delete time:4.410743713378906e-05
delete time:3.361701965332031e-05
delete time:2.6941299438476562e-05
delete time:4.935264587402344e-05
delete time:2.8371810913085938e-05
delete time:2.86102294921875e-05
delete time:2.765655517578125e-05
delete time:2.2649765014648438e-05
delete time:2.4557113647460938e-05
delete time:2.4557113647460938e-05
delete time:3.7670135498046875e-05
delete time:3.695487976074219e-05
delete time:2.4557113647460938e-05
delete time:2.8848648071289062e-05
delete time:2.5272369384765625e-05
delete time:2.2649765014648438e-05
delete time:2.288818359375e-05
delete time:2.4557113647460938e-05
delete time:2.8371810913085938e-05
delete time:2.2411346435546875e-05
delete time:2.6702880859375e-05
delete time:2.956390380859375e-05
delete time:3.266334533691406e-05
delete time:4.029273986816406e-05
delete time:2.9325485229492188e-05
delete time:3.1948089599609375e-05
delete time:3.266334533691406e-05
delete time:2.5272369384765625e-05
delete time:3.266334533691406e-05
delete time:2.6464462280273438e-05
delete time:4.315376281738281e-05
delete time:2.6702880859375e-05
delete time:2.002716064453125e-05
delete time:2.5510787963867188e-05
delete time:2.3126602172851562e-05
delete time:2.86102294921875e-05
delete time:2.384185791015625e-05
delete time:2.2649765014648438e-05
delete time:2.193450927734375e-05
delete time:4.0531158447265625e-05
delete time:2.384185791015625e-05
delete time:4.0531158447265625e-05
delete time:4.029273986816406e-05
delete time:3.147125244140625e-05
delete time:2.4080276489257812e-05
delete time:2.384185791015625e-05
delete time:3.1948089599609375e-05
delete time:2.7418136596679688e-05
delete time:3.337860107421875e-05
delete time:3.2901763916015625e-05
delete time:2.8133392333984375e-05
delete time:3.075599670410156e-05
delete time:2.3126602172851562e-05
delete time:3.147125244140625e-05
delete time:3.337860107421875e-05
delete time:2.5272369384765625e-05
delete time:2.7418136596679688e-05
delete time:2.4318695068359375e-05
delete time:2.574920654296875e-05
delete time:3.933906555175781e-05
delete time:2.9802322387695312e-05
delete time:2.4557113647460938e-05
delete time:2.6464462280273438e-05
delete time:3.075599670410156e-05
delete time:3.2901763916015625e-05
delete time:3.075599670410156e-05
delete time:2.3603439331054688e-05
delete time:4.0531158447265625e-05
delete time:3.218650817871094e-05
delete time:2.0742416381835938e-05
delete time:3.719329833984375e-05
delete time:2.7894973754882812e-05
delete time:2.0742416381835938e-05
delete time:2.5272369384765625e-05
delete time:3.0517578125e-05
delete time:3.0040740966796875e-05
delete time:2.3126602172851562e-05
delete time:2.8133392333984375e-05
delete time:2.6226043701171875e-05
delete time:2.6226043701171875e-05
delete time:3.814697265625e-05
delete time:2.9802322387695312e-05
delete time:2.288818359375e-05
delete time:2.5987625122070312e-05
delete time:2.6464462280273438e-05
delete time:3.6716461181640625e-05
delete time:3.647804260253906e-05
delete time:2.4318695068359375e-05
delete time:2.8371810913085938e-05
delete time:3.6716461181640625e-05
delete time:2.4557113647460938e-05
delete time:2.7894973754882812e-05
delete time:2.8371810913085938e-05
delete time:2.86102294921875e-05
delete time:2.47955322265625e-05
delete time:3.0994415283203125e-05
delete time:3.4332275390625e-05
delete time:2.2649765014648438e-05
delete time:3.4809112548828125e-05
delete time:3.695487976074219e-05
delete time:2.0742416381835938e-05
delete time:2.956390380859375e-05
delete time:4.100799560546875e-05
delete time:2.384185791015625e-05
delete time:3.528594970703125e-05
delete time:3.600120544433594e-05
delete time:3.886222839355469e-05
delete time:3.123283386230469e-05
delete time:4.172325134277344e-05
delete time:3.361701965332031e-05
delete time:2.8848648071289062e-05
delete time:3.3855438232421875e-05
delete time:2.6226043701171875e-05
delete time:3.170967102050781e-05
delete time:4.506111145019531e-05
delete time:4.076957702636719e-05
delete time:3.743171691894531e-05
delete time:2.6702880859375e-05
delete time:3.0517578125e-05
delete time:3.24249267578125e-05
delete time:2.6941299438476562e-05
delete time:4.553794860839844e-05
delete time:3.0040740966796875e-05
delete time:2.8371810913085938e-05
delete time:3.743171691894531e-05
delete time:2.6702880859375e-05
delete time:2.86102294921875e-05
delete time:3.6716461181640625e-05
delete time:2.1457672119140625e-05
delete time:2.6226043701171875e-05
delete time:2.9325485229492188e-05
delete time:2.6702880859375e-05
delete time:2.7894973754882812e-05
delete time:2.6702880859375e-05
delete time:2.765655517578125e-05
delete time:2.2172927856445312e-05
delete time:2.9325485229492188e-05
delete time:2.1696090698242188e-05
delete time:2.574920654296875e-05
delete time:2.7894973754882812e-05
delete time:3.218650817871094e-05
delete time:2.7894973754882812e-05
delete time:2.3603439331054688e-05
delete time:3.1948089599609375e-05
delete time:3.3855438232421875e-05
delete time:2.765655517578125e-05
delete time:2.4318695068359375e-05
delete time:3.24249267578125e-05
delete time:3.218650817871094e-05
delete time:3.981590270996094e-05
delete time:4.76837158203125e-05
delete time:2.8133392333984375e-05
delete time:2.288818359375e-05
delete time:2.384185791015625e-05
delete time:2.956390380859375e-05
delete time:2.7894973754882812e-05
delete time:2.7418136596679688e-05
delete time:2.9802322387695312e-05
delete time:1.9550323486328125e-05
delete time:1.9788742065429688e-05
delete time:2.5510787963867188e-05
delete time:2.8371810913085938e-05
delete time:2.47955322265625e-05
delete time:2.5510787963867188e-05
delete time:2.8848648071289062e-05
delete time:3.0279159545898438e-05
delete time:2.8371810913085938e-05
delete time:3.0994415283203125e-05
delete time:3.409385681152344e-05
delete time:5.269050598144531e-05
delete time:3.981590270996094e-05
delete time:5.078315734863281e-05
delete time:3.147125244140625e-05
delete time:2.5033950805664062e-05
delete time:4.291534423828125e-05
delete time:3.123283386230469e-05
delete time:2.7894973754882812e-05
delete time:2.5510787963867188e-05
delete time:2.6702880859375e-05
delete time:3.218650817871094e-05
delete time:4.0531158447265625e-05
delete time:4.649162292480469e-05
delete time:2.4080276489257812e-05
delete time:2.3365020751953125e-05
delete time:3.409385681152344e-05
delete time:2.5033950805664062e-05
delete time:2.9087066650390625e-05
delete time:2.6941299438476562e-05
delete time:2.5272369384765625e-05
delete time:3.457069396972656e-05
delete time:3.6716461181640625e-05
delete time:3.170967102050781e-05
delete time:3.7670135498046875e-05
delete time:3.170967102050781e-05
delete time:3.3855438232421875e-05
delete time:2.9802322387695312e-05
delete time:4.0531158447265625e-05
delete time:2.8848648071289062e-05
delete time:2.8371810913085938e-05
delete time:4.029273986816406e-05
delete time:3.7670135498046875e-05
delete time:2.384185791015625e-05
delete time:3.0994415283203125e-05
delete time:3.0517578125e-05
delete time:2.7894973754882812e-05
delete time:3.0517578125e-05
delete time:3.600120544433594e-05
delete time:2.765655517578125e-05
delete time:2.1219253540039062e-05
delete time:3.0517578125e-05
delete time:2.4080276489257812e-05
delete time:2.0503997802734375e-05
delete time:3.600120544433594e-05
delete time:3.4809112548828125e-05
delete time:2.384185791015625e-05
delete time:2.3365020751953125e-05
delete time:3.218650817871094e-05
delete time:3.8623809814453125e-05
delete time:2.8371810913085938e-05
delete time:2.1696090698242188e-05
delete time:2.5272369384765625e-05
delete time:3.3855438232421875e-05
delete time:3.075599670410156e-05
delete time:2.2172927856445312e-05
delete time:4.2438507080078125e-05
delete time:3.218650817871094e-05
delete time:1.811981201171875e-05
delete time:3.62396240234375e-05
delete time:3.1948089599609375e-05
delete time:2.3126602172851562e-05
delete time:2.7179718017578125e-05
delete time:3.123283386230469e-05
delete time:2.6464462280273438e-05
delete time:2.8848648071289062e-05
delete time:3.528594970703125e-05
delete time:3.0994415283203125e-05
delete time:2.4557113647460938e-05
delete time:3.361701965332031e-05
delete time:2.8133392333984375e-05
delete time:2.6464462280273438e-05
delete time:3.075599670410156e-05
delete time:2.956390380859375e-05
delete time:3.361701965332031e-05
delete time:2.8133392333984375e-05
delete time:2.5272369384765625e-05
delete time:2.288818359375e-05
delete time:2.5987625122070312e-05
delete time:2.9802322387695312e-05
delete time:2.5272369384765625e-05
delete time:3.337860107421875e-05
delete time:2.6702880859375e-05
delete time:2.574920654296875e-05
delete time:3.314018249511719e-05
delete time:2.9325485229492188e-05
delete time:2.5510787963867188e-05
delete time:2.6941299438476562e-05
delete time:2.6941299438476562e-05
delete time:3.0040740966796875e-05
delete time:4.57763671875e-05
delete time:2.8848648071289062e-05
delete time:2.5987625122070312e-05
delete time:3.314018249511719e-05
delete time:3.218650817871094e-05
delete time:3.361701965332031e-05
delete time:3.933906555175781e-05
delete time:3.0279159545898438e-05
delete time:2.5987625122070312e-05
delete time:3.0279159545898438e-05
delete time:3.5762786865234375e-05
delete time:2.6226043701171875e-05
delete time:2.3126602172851562e-05
delete time:3.647804260253906e-05
delete time:4.2438507080078125e-05
delete time:4.267692565917969e-05
delete time:2.6464462280273438e-05
delete time:4.124641418457031e-05
delete time:2.9087066650390625e-05
delete time:3.6716461181640625e-05
delete time:4.172325134277344e-05
delete time:2.4557113647460938e-05
delete time:3.7670135498046875e-05
delete time:1.9550323486328125e-05
delete time:2.956390380859375e-05
delete time:2.3126602172851562e-05
delete time:3.719329833984375e-05
delete time:2.2649765014648438e-05
delete time:3.218650817871094e-05
delete time:4.1484832763671875e-05
delete time:3.0279159545898438e-05
delete time:2.765655517578125e-05
delete time:3.457069396972656e-05
delete time:2.1457672119140625e-05
delete time:3.218650817871094e-05
delete time:3.170967102050781e-05
delete time:2.7894973754882812e-05
delete time:3.504753112792969e-05
delete time:2.384185791015625e-05
delete time:2.4080276489257812e-05
delete time:1.9311904907226562e-05
delete time:2.1696090698242188e-05
delete time:2.8133392333984375e-05
delete time:3.0994415283203125e-05
delete time:2.4318695068359375e-05
delete time:2.1696090698242188e-05
delete time:2.384185791015625e-05
delete time:2.86102294921875e-05
delete time:2.4557113647460938e-05
delete time:2.7418136596679688e-05
delete time:3.123283386230469e-05
delete time:2.9802322387695312e-05
delete time:4.0531158447265625e-05
delete time:3.218650817871094e-05
delete time:2.2649765014648438e-05
delete time:2.7418136596679688e-05
delete time:2.6941299438476562e-05
delete time:2.5033950805664062e-05
delete time:4.2438507080078125e-05
delete time:2.4080276489257812e-05
delete time:3.9577484130859375e-05
delete time:2.574920654296875e-05
delete time:3.361701965332031e-05
delete time:3.0040740966796875e-05
delete time:4.1484832763671875e-05
delete time:3.0517578125e-05
delete time:2.0503997802734375e-05
delete time:3.314018249511719e-05
delete time:2.7894973754882812e-05
delete time:2.1696090698242188e-05
delete time:2.6226043701171875e-05
delete time:3.552436828613281e-05
delete time:4.2438507080078125e-05
delete time:2.6226043701171875e-05
delete time:3.886222839355469e-05
delete time:2.574920654296875e-05
delete time:2.6464462280273438e-05
delete time:4.1961669921875e-05
delete time:3.170967102050781e-05
delete time:3.337860107421875e-05
delete time:2.8371810913085938e-05
delete time:2.3603439331054688e-05
delete time:4.029273986816406e-05
delete time:3.0040740966796875e-05
delete time:2.7418136596679688e-05
delete time:3.4332275390625e-05
delete time:2.4080276489257812e-05
delete time:2.384185791015625e-05
delete time:2.6464462280273438e-05
delete time:1.8596649169921875e-05
delete time:2.8133392333984375e-05
delete time:3.814697265625e-05
delete time:2.6702880859375e-05
delete time:3.528594970703125e-05
delete time:2.3365020751953125e-05
delete time:2.9087066650390625e-05
delete time:1.8596649169921875e-05
delete time:2.765655517578125e-05
delete time:2.3365020751953125e-05
delete time:4.00543212890625e-05
delete time:2.6702880859375e-05
delete time:2.8848648071289062e-05
delete time:2.574920654296875e-05
delete time:3.0040740966796875e-05
delete time:2.384185791015625e-05
delete time:2.9802322387695312e-05
delete time:3.62396240234375e-05
delete time:3.457069396972656e-05
delete time:3.647804260253906e-05
delete time:3.409385681152344e-05
delete time:3.504753112792969e-05
delete time:2.4557113647460938e-05
delete time:2.6941299438476562e-05
delete time:2.6226043701171875e-05
delete time:2.9325485229492188e-05
delete time:2.5272369384765625e-05
delete time:2.7179718017578125e-05
delete time:2.8848648071289062e-05
delete time:2.288818359375e-05
delete time:2.4557113647460938e-05
delete time:2.47955322265625e-05
delete time:2.574920654296875e-05
delete time:3.743171691894531e-05
delete time:2.7418136596679688e-05
delete time:2.9325485229492188e-05
delete time:3.814697265625e-05
delete time:2.2411346435546875e-05
delete time:1.5735626220703125e-05
delete time:1.811981201171875e-05
delete time:3.0994415283203125e-05
delete time:2.1696090698242188e-05
delete time:3.1948089599609375e-05
delete time:3.8623809814453125e-05
delete time:3.147125244140625e-05
delete time:2.9087066650390625e-05
delete time:4.267692565917969e-05
delete time:3.147125244140625e-05
delete time:2.4318695068359375e-05
delete time:2.6226043701171875e-05
delete time:2.6941299438476562e-05
delete time:1.9550323486328125e-05
delete time:4.1484832763671875e-05
delete time:2.8133392333984375e-05
delete time:1.9311904907226562e-05
delete time:3.886222839355469e-05
delete time:3.62396240234375e-05
delete time:3.075599670410156e-05
delete time:4.124641418457031e-05
delete time:1.8596649169921875e-05
delete time:2.9325485229492188e-05
delete time:3.719329833984375e-05
delete time:3.790855407714844e-05
delete time:3.170967102050781e-05
delete time:2.8848648071289062e-05
delete time:2.3365020751953125e-05
delete time:2.9087066650390625e-05
delete time:2.6702880859375e-05
delete time:2.6941299438476562e-05
delete time:1.8835067749023438e-05
delete time:3.0279159545898438e-05
delete time:3.9577484130859375e-05
delete time:2.956390380859375e-05
delete time:2.6226043701171875e-05
delete time:3.147125244140625e-05
delete time:2.86102294921875e-05
delete time:4.863739013671875e-05
delete time:2.8371810913085938e-05
delete time:2.6226043701171875e-05
delete time:3.0040740966796875e-05
delete time:2.5272369384765625e-05
delete time:2.2411346435546875e-05
delete time:3.743171691894531e-05
delete time:2.6464462280273438e-05
delete time:2.6702880859375e-05
delete time:3.0040740966796875e-05
delete time:2.6226043701171875e-05
delete time:2.8371810913085938e-05
delete time:3.075599670410156e-05
delete time:3.0517578125e-05
delete time:2.384185791015625e-05
delete time:4.1961669921875e-05
delete time:2.7179718017578125e-05
delete time:2.7894973754882812e-05
delete time:3.838539123535156e-05
delete time:3.314018249511719e-05
delete time:2.288818359375e-05
delete time:2.6226043701171875e-05
delete time:3.170967102050781e-05
delete time:2.6226043701171875e-05
delete time:4.220008850097656e-05
delete time:4.315376281738281e-05
delete time:2.002716064453125e-05
delete time:2.1219253540039062e-05
delete time:2.6941299438476562e-05
delete time:3.0517578125e-05
delete time:3.123283386230469e-05
delete time:3.0994415283203125e-05
delete time:2.956390380859375e-05
delete time:4.124641418457031e-05
delete time:2.8133392333984375e-05
delete time:2.9325485229492188e-05
delete time:2.09808349609375e-05
delete time:3.9577484130859375e-05
delete time:2.4080276489257812e-05
delete time:3.361701965332031e-05
delete time:4.482269287109375e-05
delete time:2.384185791015625e-05
delete time:3.0040740966796875e-05
delete time:3.695487976074219e-05
delete time:3.62396240234375e-05
delete time:3.361701965332031e-05
delete time:2.86102294921875e-05
delete time:4.124641418457031e-05
delete time:1.6450881958007812e-05
delete time:3.3855438232421875e-05
delete time:2.574920654296875e-05
delete time:2.8848648071289062e-05
delete time:2.8371810913085938e-05
delete time:2.09808349609375e-05
delete time:3.528594970703125e-05
delete time:2.1696090698242188e-05
delete time:3.695487976074219e-05
delete time:1.9788742065429688e-05
delete time:3.266334533691406e-05
delete time:1.9073486328125e-05
delete time:2.6941299438476562e-05
delete time:1.8835067749023438e-05
delete time:3.504753112792969e-05
delete time:3.2901763916015625e-05
delete time:2.7418136596679688e-05
delete time:3.743171691894531e-05
delete time:2.5272369384765625e-05
delete time:2.3603439331054688e-05
delete time:2.8848648071289062e-05
delete time:1.9550323486328125e-05
delete time:2.3365020751953125e-05
delete time:3.24249267578125e-05
delete time:3.337860107421875e-05
delete time:2.8848648071289062e-05
delete time:1.9311904907226562e-05
delete time:4.220008850097656e-05
delete time:2.9087066650390625e-05
delete time:2.9325485229492188e-05
delete time:2.5987625122070312e-05
delete time:2.5987625122070312e-05
delete time:2.9325485229492188e-05
delete time:3.3855438232421875e-05
delete time:2.193450927734375e-05
delete time:2.002716064453125e-05
delete time:3.0994415283203125e-05
delete time:3.337860107421875e-05
delete time:3.910064697265625e-05
delete time:3.0040740966796875e-05
delete time:4.4345855712890625e-05
delete time:4.291534423828125e-05
delete time:2.9802322387695312e-05
delete time:3.24249267578125e-05
delete time:3.409385681152344e-05
delete time:4.1484832763671875e-05
delete time:2.86102294921875e-05
delete time:4.1961669921875e-05
delete time:3.528594970703125e-05
delete time:2.47955322265625e-05
delete time:2.4318695068359375e-05
delete time:1.7881393432617188e-05
delete time:3.0040740966796875e-05
delete time:2.956390380859375e-05
delete time:3.075599670410156e-05
delete time:3.528594970703125e-05
delete time:2.2411346435546875e-05
delete time:2.288818359375e-05
delete time:2.5272369384765625e-05
delete time:1.5974044799804688e-05
delete time:2.288818359375e-05
delete time:2.4318695068359375e-05
delete time:2.86102294921875e-05
delete time:3.218650817871094e-05
delete time:4.0531158447265625e-05
delete time:2.9087066650390625e-05
delete time:3.0040740966796875e-05
delete time:4.601478576660156e-05
delete time:2.5272369384765625e-05
delete time:2.193450927734375e-05
delete time:5.2928924560546875e-05
delete time:2.3365020751953125e-05
delete time:3.7670135498046875e-05
delete time:2.6702880859375e-05
delete time:3.409385681152344e-05
delete time:1.8835067749023438e-05
delete time:2.9802322387695312e-05
delete time:2.2172927856445312e-05
delete time:3.1948089599609375e-05
delete time:3.981590270996094e-05
delete time:2.5272369384765625e-05
delete time:2.193450927734375e-05
delete time:3.361701965332031e-05
delete time:2.8848648071289062e-05
delete time:2.9802322387695312e-05
delete time:1.9311904907226562e-05
delete time:4.029273986816406e-05
delete time:3.0040740966796875e-05
delete time:4.2438507080078125e-05
delete time:2.9802322387695312e-05
delete time:3.314018249511719e-05
delete time:2.5510787963867188e-05
delete time:2.7894973754882812e-05
delete time:3.0040740966796875e-05
delete time:3.4809112548828125e-05
delete time:2.09808349609375e-05
delete time:2.47955322265625e-05
delete time:3.0517578125e-05
delete time:1.8358230590820312e-05
delete time:3.409385681152344e-05
delete time:3.337860107421875e-05
delete time:3.170967102050781e-05
delete time:3.8623809814453125e-05
delete time:3.0040740966796875e-05
delete time:3.838539123535156e-05
delete time:3.6716461181640625e-05
delete time:1.7404556274414062e-05
delete time:4.076957702636719e-05
delete time:3.8623809814453125e-05
delete time:2.0503997802734375e-05
delete time:2.0265579223632812e-05
delete time:2.384185791015625e-05
delete time:2.9802322387695312e-05
delete time:3.2901763916015625e-05
delete time:4.291534423828125e-05
delete time:3.7670135498046875e-05
delete time:3.24249267578125e-05
delete time:1.9550323486328125e-05
delete time:3.4332275390625e-05
delete time:2.86102294921875e-05
delete time:2.8848648071289062e-05
delete time:2.47955322265625e-05
delete time:2.9325485229492188e-05
delete time:3.552436828613281e-05
delete time:3.3855438232421875e-05
delete time:3.4332275390625e-05
delete time:4.029273986816406e-05
delete time:3.0040740966796875e-05
delete time:3.123283386230469e-05
delete time:2.9802322387695312e-05
delete time:5.8650970458984375e-05
delete time:3.0517578125e-05
delete time:3.814697265625e-05
delete time:2.2411346435546875e-05
delete time:2.6702880859375e-05
delete time:2.5987625122070312e-05
delete time:2.4557113647460938e-05
delete time:2.6226043701171875e-05
delete time:2.4557113647460938e-05
delete time:4.363059997558594e-05
delete time:3.933906555175781e-05
delete time:3.528594970703125e-05
delete time:2.9087066650390625e-05
delete time:2.8133392333984375e-05
delete time:3.337860107421875e-05
delete time:3.075599670410156e-05
delete time:2.8133392333984375e-05
delete time:3.2901763916015625e-05
delete time:2.8371810913085938e-05
delete time:2.5272369384765625e-05
delete time:2.7179718017578125e-05
delete time:3.528594970703125e-05
delete time:2.47955322265625e-05
delete time:2.8848648071289062e-05
delete time:2.7179718017578125e-05
delete time:2.6702880859375e-05
delete time:3.552436828613281e-05
delete time:2.8133392333984375e-05
delete time:3.409385681152344e-05
delete time:2.6702880859375e-05
delete time:3.647804260253906e-05
delete time:2.956390380859375e-05
delete time:2.765655517578125e-05
delete time:2.5987625122070312e-05
delete time:2.765655517578125e-05
delete time:2.765655517578125e-05
delete time:3.8623809814453125e-05
delete time:3.695487976074219e-05
delete time:2.86102294921875e-05
delete time:4.100799560546875e-05
delete time:2.5033950805664062e-05
delete time:3.0994415283203125e-05
delete time:3.0279159545898438e-05
delete time:4.458427429199219e-05
delete time:3.4809112548828125e-05
delete time:3.123283386230469e-05
delete time:2.9087066650390625e-05
delete time:2.002716064453125e-05
delete time:3.075599670410156e-05
delete time:2.5510787963867188e-05
delete time:3.719329833984375e-05
delete time:3.170967102050781e-05
delete time:3.5762786865234375e-05
delete time:2.1219253540039062e-05
delete time:4.3392181396484375e-05
delete time:2.8848648071289062e-05
delete time:4.291534423828125e-05
delete time:3.504753112792969e-05
delete time:2.4318695068359375e-05
delete time:1.9788742065429688e-05
delete time:3.314018249511719e-05
delete time:3.886222839355469e-05
delete time:2.8848648071289062e-05
delete time:4.291534423828125e-05
delete time:3.0994415283203125e-05
delete time:2.8371810913085938e-05
delete time:3.552436828613281e-05
delete time:2.8371810913085938e-05
delete time:2.3603439331054688e-05
delete time:2.1696090698242188e-05
delete time:3.933906555175781e-05
delete time:2.9087066650390625e-05
delete time:3.647804260253906e-05
delete time:2.9325485229492188e-05
delete time:2.9802322387695312e-05
delete time:3.0279159545898438e-05
delete time:2.5987625122070312e-05
delete time:3.504753112792969e-05
delete time:3.504753112792969e-05
delete time:2.86102294921875e-05
delete time:2.4557113647460938e-05
delete time:2.6702880859375e-05
delete time:2.6702880859375e-05
delete time:3.719329833984375e-05
delete time:3.147125244140625e-05
delete time:3.218650817871094e-05
delete time:2.86102294921875e-05
delete time:4.410743713378906e-05
delete time:3.719329833984375e-05
delete time:3.5762786865234375e-05
delete time:2.3365020751953125e-05
delete time:2.2411346435546875e-05
delete time:2.6226043701171875e-05
delete time:4.124641418457031e-05
delete time:2.7894973754882812e-05
delete time:2.3365020751953125e-05
delete time:2.5272369384765625e-05
delete time:3.8623809814453125e-05
delete time:3.218650817871094e-05
delete time:2.7894973754882812e-05
delete time:2.8133392333984375e-05
delete time:2.288818359375e-05
delete time:2.002716064453125e-05
delete time:3.1948089599609375e-05
delete time:2.86102294921875e-05
delete time:3.790855407714844e-05
delete time:2.4080276489257812e-05
delete time:3.719329833984375e-05
delete time:3.647804260253906e-05
delete time:3.075599670410156e-05
delete time:3.8623809814453125e-05
delete time:2.6702880859375e-05
delete time:3.6716461181640625e-05
delete time:3.504753112792969e-05
delete time:3.528594970703125e-05
delete time:2.6464462280273438e-05
delete time:4.00543212890625e-05
delete time:3.4332275390625e-05
delete time:3.147125244140625e-05
delete time:2.6464462280273438e-05
delete time:4.172325134277344e-05
delete time:3.933906555175781e-05
delete time:3.075599670410156e-05
delete time:3.552436828613281e-05
delete time:3.075599670410156e-05
delete time:3.814697265625e-05
delete time:4.553794860839844e-05
delete time:2.9325485229492188e-05
delete time:2.8848648071289062e-05
delete time:3.170967102050781e-05
delete time:3.5762786865234375e-05
delete time:2.86102294921875e-05
delete time:3.886222839355469e-05
delete time:2.6226043701171875e-05
delete time:2.2172927856445312e-05
delete time:2.5510787963867188e-05
delete time:3.457069396972656e-05
delete time:3.409385681152344e-05
delete time:3.0517578125e-05
delete time:2.8371810913085938e-05
delete time:3.457069396972656e-05
delete time:2.193450927734375e-05
delete time:3.6716461181640625e-05
delete time:3.0040740966796875e-05
delete time:3.719329833984375e-05
delete time:2.47955322265625e-05
delete time:3.0040740966796875e-05
delete time:4.124641418457031e-05
delete time:3.695487976074219e-05
delete time:3.0279159545898438e-05
delete time:2.6226043701171875e-05
delete time:2.7179718017578125e-05
delete time:3.3855438232421875e-05
delete time:2.7179718017578125e-05
delete time:2.9087066650390625e-05
delete time:3.0040740966796875e-05
delete time:2.9087066650390625e-05
delete time:3.528594970703125e-05
delete time:3.528594970703125e-05
delete time:3.3855438232421875e-05
delete time:3.337860107421875e-05
delete time:2.7179718017578125e-05
delete time:3.24249267578125e-05
delete time:2.956390380859375e-05
delete time:3.910064697265625e-05
delete time:2.2411346435546875e-05
delete time:3.2901763916015625e-05
delete time:2.6464462280273438e-05
delete time:2.4080276489257812e-05
delete time:5.0067901611328125e-05
delete time:3.3855438232421875e-05
delete time:3.886222839355469e-05
delete time:2.8133392333984375e-05
delete time:3.170967102050781e-05
delete time:3.838539123535156e-05
delete time:2.7418136596679688e-05
delete time:3.4332275390625e-05
delete time:2.5510787963867188e-05
delete time:2.7418136596679688e-05
delete time:3.147125244140625e-05
delete time:2.6226043701171875e-05
delete time:2.5510787963867188e-05
delete time:3.0279159545898438e-05
delete time:3.0040740966796875e-05
delete time:2.288818359375e-05
delete time:2.9802322387695312e-05
delete time:3.337860107421875e-05
delete time:3.0040740966796875e-05
delete time:3.147125244140625e-05
delete time:2.8371810913085938e-05
delete time:2.6702880859375e-05
delete time:3.147125244140625e-05
delete time:3.528594970703125e-05
delete time:3.0040740966796875e-05
delete time:2.9087066650390625e-05
delete time:3.981590270996094e-05
delete time:1.71661376953125e-05
delete time:4.029273986816406e-05
delete time:3.409385681152344e-05
delete time:3.457069396972656e-05
delete time:3.600120544433594e-05
delete time:2.5510787963867188e-05
delete time:3.147125244140625e-05
delete time:3.886222839355469e-05
delete time:2.5510787963867188e-05
delete time:2.6226043701171875e-05
delete time:3.5762786865234375e-05
delete time:0.00010418891906738281
delete time:5.793571472167969e-05
delete time:0.00011277198791503906
delete time:3.123283386230469e-05
delete time:4.506111145019531e-05
delete time:3.0517578125e-05
delete time:4.076957702636719e-05
delete time:3.0517578125e-05
delete time:3.314018249511719e-05
delete time:4.506111145019531e-05
delete time:3.62396240234375e-05
delete time:4.1961669921875e-05
delete time:3.5762786865234375e-05
delete time:2.4557113647460938e-05
delete time:3.457069396972656e-05
delete time:3.337860107421875e-05
delete time:3.361701965332031e-05
delete time:3.600120544433594e-05
delete time:2.5272369384765625e-05
delete time:3.314018249511719e-05
delete time:2.9325485229492188e-05
delete time:2.9325485229492188e-05
delete time:2.9087066650390625e-05
delete time:3.0279159545898438e-05
delete time:4.029273986816406e-05
delete time:4.1484832763671875e-05
delete time:3.8623809814453125e-05
delete time:3.886222839355469e-05
delete time:3.123283386230469e-05
delete time:2.5033950805664062e-05
delete time:3.8623809814453125e-05
delete time:2.6226043701171875e-05
delete time:3.647804260253906e-05
delete time:3.218650817871094e-05
delete time:3.4332275390625e-05
delete time:1.7881393432617188e-05
delete time:2.9087066650390625e-05
delete time:2.2649765014648438e-05
delete time:2.765655517578125e-05
delete time:3.075599670410156e-05
delete time:2.9325485229492188e-05
delete time:4.1961669921875e-05
delete time:3.814697265625e-05
delete time:3.123283386230469e-05
delete time:3.409385681152344e-05
delete time:2.574920654296875e-05
delete time:3.981590270996094e-05
delete time:3.8623809814453125e-05
delete time:1.9550323486328125e-05
delete time:2.86102294921875e-05
delete time:3.552436828613281e-05
delete time:3.409385681152344e-05
delete time:2.5272369384765625e-05
delete time:3.4809112548828125e-05
delete time:2.8371810913085938e-05
delete time:3.1948089599609375e-05
delete time:3.6716461181640625e-05
delete time:2.6941299438476562e-05
delete time:3.62396240234375e-05
delete time:3.409385681152344e-05
delete time:3.147125244140625e-05
delete time:3.695487976074219e-05
delete time:3.1948089599609375e-05
delete time:3.504753112792969e-05
delete time:2.5987625122070312e-05
delete time:2.6941299438476562e-05
delete time:2.574920654296875e-05
delete time:2.6464462280273438e-05
delete time:2.8133392333984375e-05
delete time:2.6702880859375e-05
delete time:3.838539123535156e-05
delete time:2.4557113647460938e-05
delete time:3.528594970703125e-05
delete time:1.9073486328125e-05
delete time:3.504753112792969e-05
delete time:5.173683166503906e-05
delete time:3.0994415283203125e-05
delete time:2.4557113647460938e-05
delete time:3.24249267578125e-05
delete time:3.552436828613281e-05
delete time:2.3603439331054688e-05
delete time:2.6941299438476562e-05
delete time:3.0279159545898438e-05
delete time:3.814697265625e-05
delete time:3.0040740966796875e-05
delete time:3.981590270996094e-05
delete time:2.3603439331054688e-05
delete time:5.435943603515625e-05
delete time:2.765655517578125e-05
delete time:2.7179718017578125e-05
delete time:3.1948089599609375e-05
delete time:2.3365020751953125e-05
delete time:3.814697265625e-05
delete time:3.62396240234375e-05
delete time:2.3603439331054688e-05
delete time:2.5987625122070312e-05
delete time:2.7894973754882812e-05
delete time:3.9577484130859375e-05
delete time:2.6464462280273438e-05
delete time:3.5762786865234375e-05
delete time:2.288818359375e-05
delete time:3.218650817871094e-05
delete time:5.2928924560546875e-05
delete time:3.7670135498046875e-05
delete time:4.172325134277344e-05
delete time:3.457069396972656e-05
delete time:5.3882598876953125e-05
delete time:4.124641418457031e-05
delete time:3.504753112792969e-05
delete time:2.2411346435546875e-05
delete time:3.743171691894531e-05
delete time:3.147125244140625e-05
delete time:2.8848648071289062e-05
delete time:3.147125244140625e-05
delete time:2.765655517578125e-05
delete time:3.814697265625e-05
delete time:2.86102294921875e-05
delete time:3.147125244140625e-05
delete time:3.743171691894531e-05
delete time:2.5272369384765625e-05
delete time:2.6702880859375e-05
delete time:6.699562072753906e-05
delete time:3.218650817871094e-05
delete time:3.2901763916015625e-05
delete time:4.38690185546875e-05
delete time:3.528594970703125e-05
delete time:3.0040740966796875e-05
delete time:3.8623809814453125e-05
delete time:3.075599670410156e-05
delete time:3.8623809814453125e-05
delete time:2.7179718017578125e-05
delete time:3.0279159545898438e-05
delete time:2.6464462280273438e-05
delete time:3.147125244140625e-05
delete time:4.3392181396484375e-05
delete time:3.1948089599609375e-05
delete time:2.8133392333984375e-05
delete time:2.2172927856445312e-05
delete time:3.5762786865234375e-05
delete time:3.0994415283203125e-05
delete time:2.7179718017578125e-05
delete time:3.790855407714844e-05
delete time:4.8160552978515625e-05
delete time:3.0279159545898438e-05
delete time:2.5987625122070312e-05
delete time:3.4332275390625e-05
delete time:3.1948089599609375e-05
delete time:3.4332275390625e-05
delete time:3.123283386230469e-05
delete time:3.3855438232421875e-05
delete time:2.6702880859375e-05
delete time:2.7894973754882812e-05
delete time:4.4345855712890625e-05
delete time:2.5510787963867188e-05
delete time:3.719329833984375e-05
delete time:3.647804260253906e-05
delete time:3.0279159545898438e-05
delete time:2.5033950805664062e-05
delete time:4.172325134277344e-05
delete time:3.0040740966796875e-05
delete time:4.076957702636719e-05
delete time:5.030632019042969e-05
delete time:3.0994415283203125e-05
delete time:3.24249267578125e-05
delete time:4.00543212890625e-05
delete time:2.956390380859375e-05
delete time:2.4318695068359375e-05
delete time:2.956390380859375e-05
delete time:2.4318695068359375e-05
delete time:2.574920654296875e-05
delete time:2.956390380859375e-05
delete time:3.218650817871094e-05
delete time:2.6702880859375e-05
delete time:2.1696090698242188e-05
delete time:2.47955322265625e-05
delete time:2.7894973754882812e-05
delete time:3.600120544433594e-05
delete time:2.5272369384765625e-05
delete time:2.6941299438476562e-05
delete time:3.314018249511719e-05
delete time:6.413459777832031e-05
delete time:3.3855438232421875e-05
delete time:4.4345855712890625e-05
delete time:2.86102294921875e-05
delete time:2.6702880859375e-05
delete time:3.0517578125e-05
delete time:2.86102294921875e-05
delete time:3.647804260253906e-05
delete time:2.3126602172851562e-05
delete time:3.838539123535156e-05
delete time:4.458427429199219e-05
delete time:2.3126602172851562e-05
delete time:2.9087066650390625e-05
delete time:2.8133392333984375e-05
delete time:2.9325485229492188e-05
delete time:2.765655517578125e-05
delete time:2.5510787963867188e-05
delete time:3.2901763916015625e-05
delete time:3.170967102050781e-05
delete time:3.1948089599609375e-05
delete time:1.6689300537109375e-05
delete time:3.3855438232421875e-05
delete time:3.409385681152344e-05
delete time:3.7670135498046875e-05
delete time:2.4318695068359375e-05
delete time:2.288818359375e-05
delete time:3.0279159545898438e-05
delete time:3.1948089599609375e-05
delete time:2.8848648071289062e-05
delete time:3.147125244140625e-05
delete time:3.24249267578125e-05
delete time:2.5272369384765625e-05
delete time:2.5272369384765625e-05
delete time:3.647804260253906e-05
delete time:3.4332275390625e-05
delete time:3.4332275390625e-05
delete time:3.600120544433594e-05
delete time:3.552436828613281e-05
delete time:4.029273986816406e-05
delete time:2.9802322387695312e-05
delete time:2.956390380859375e-05
delete time:2.6941299438476562e-05
delete time:2.4557113647460938e-05
delete time:2.1457672119140625e-05
delete time:2.5033950805664062e-05
delete time:2.9087066650390625e-05
delete time:2.2172927856445312e-05
delete time:4.1961669921875e-05
delete time:3.266334533691406e-05
delete time:3.457069396972656e-05
delete time:3.552436828613281e-05
delete time:2.3365020751953125e-05
delete time:3.075599670410156e-05
delete time:3.24249267578125e-05
delete time:5.14984130859375e-05
delete time:3.4809112548828125e-05
delete time:2.6464462280273438e-05
delete time:2.4080276489257812e-05
delete time:2.765655517578125e-05
delete time:4.9591064453125e-05
delete time:2.9087066650390625e-05
delete time:2.6941299438476562e-05
delete time:3.7670135498046875e-05
delete time:3.0994415283203125e-05
delete time:3.600120544433594e-05
delete time:2.2411346435546875e-05
delete time:3.8623809814453125e-05
delete time:3.552436828613281e-05
delete time:3.5762786865234375e-05
delete time:2.47955322265625e-05
delete time:3.5762786865234375e-05
delete time:3.0040740966796875e-05
delete time:3.075599670410156e-05
delete time:2.7179718017578125e-05
delete time:3.218650817871094e-05
delete time:2.7179718017578125e-05
delete time:3.504753112792969e-05
delete time:3.0040740966796875e-05
delete time:3.218650817871094e-05
delete time:2.956390380859375e-05
delete time:2.6226043701171875e-05
delete time:3.266334533691406e-05
delete time:2.5272369384765625e-05
delete time:2.4080276489257812e-05
delete time:3.552436828613281e-05
delete time:3.886222839355469e-05
delete time:3.528594970703125e-05
delete time:3.409385681152344e-05
delete time:2.86102294921875e-05
delete time:2.5987625122070312e-05
delete time:3.1948089599609375e-05
delete time:2.4557113647460938e-05
delete time:3.719329833984375e-05
delete time:4.172325134277344e-05
delete time:2.8133392333984375e-05
delete time:3.838539123535156e-05
delete time:2.7894973754882812e-05
delete time:3.2901763916015625e-05
delete time:1.9788742065429688e-05
delete time:2.9087066650390625e-05
delete time:3.147125244140625e-05
delete time:3.314018249511719e-05
delete time:3.314018249511719e-05
delete time:4.291534423828125e-05
delete time:3.838539123535156e-05
delete time:3.147125244140625e-05
delete time:3.075599670410156e-05
delete time:3.9577484130859375e-05
delete time:3.170967102050781e-05
delete time:2.4318695068359375e-05
delete time:3.1948089599609375e-05
delete time:2.8371810913085938e-05
delete time:2.7418136596679688e-05
delete time:1.8596649169921875e-05
delete time:4.029273986816406e-05
delete time:3.218650817871094e-05
delete time:2.86102294921875e-05
delete time:3.457069396972656e-05
delete time:2.9325485229492188e-05
delete time:2.6226043701171875e-05
delete time:3.6716461181640625e-05
delete time:3.504753112792969e-05
delete time:3.0994415283203125e-05
delete time:2.8848648071289062e-05
delete time:2.6226043701171875e-05
delete time:3.0279159545898438e-05
delete time:4.1961669921875e-05
delete time:3.218650817871094e-05
delete time:2.5987625122070312e-05
delete time:2.0742416381835938e-05
delete time:3.528594970703125e-05
delete time:4.315376281738281e-05
delete time:2.384185791015625e-05
delete time:1.71661376953125e-05
delete time:2.4080276489257812e-05
delete time:2.6226043701171875e-05
delete time:2.4080276489257812e-05
delete time:2.4557113647460938e-05
delete time:3.5762786865234375e-05
delete time:2.7179718017578125e-05
delete time:4.267692565917969e-05
delete time:2.6226043701171875e-05
delete time:3.314018249511719e-05
delete time:3.743171691894531e-05
delete time:3.814697265625e-05
delete time:2.7179718017578125e-05
delete time:2.956390380859375e-05
delete time:3.409385681152344e-05
delete time:3.0279159545898438e-05
delete time:1.8835067749023438e-05
delete time:3.4332275390625e-05
delete time:3.218650817871094e-05
delete time:2.7894973754882812e-05
delete time:2.86102294921875e-05
delete time:4.00543212890625e-05
delete time:2.8371810913085938e-05
delete time:2.4318695068359375e-05
delete time:4.00543212890625e-05
delete time:3.4332275390625e-05
delete time:3.719329833984375e-05
delete time:2.3365020751953125e-05
delete time:2.7894973754882812e-05
delete time:2.1457672119140625e-05
delete time:3.1948089599609375e-05
delete time:3.314018249511719e-05
delete time:2.6941299438476562e-05
delete time:2.86102294921875e-05
delete time:3.337860107421875e-05
delete time:3.0040740966796875e-05
delete time:2.6226043701171875e-05
delete time:2.6702880859375e-05
delete time:2.193450927734375e-05
delete time:2.5033950805664062e-05
delete time:3.7670135498046875e-05
delete time:3.8623809814453125e-05
delete time:3.5762786865234375e-05
delete time:3.0040740966796875e-05
delete time:3.695487976074219e-05
delete time:2.6226043701171875e-05
delete time:3.1948089599609375e-05
delete time:3.337860107421875e-05
delete time:3.266334533691406e-05
delete time:2.6941299438476562e-05
delete time:3.62396240234375e-05
delete time:2.1696090698242188e-05
delete time:3.0517578125e-05
delete time:2.765655517578125e-05
delete time:3.123283386230469e-05
delete time:3.4809112548828125e-05
delete time:3.075599670410156e-05
delete time:2.574920654296875e-05
delete time:2.2411346435546875e-05
delete time:2.6941299438476562e-05
delete time:2.7418136596679688e-05
delete time:2.5987625122070312e-05
delete time:3.0279159545898438e-05
delete time:2.765655517578125e-05
delete time:3.0040740966796875e-05
delete time:4.00543212890625e-05
delete time:3.075599670410156e-05
delete time:3.719329833984375e-05
delete time:2.5987625122070312e-05
delete time:4.00543212890625e-05
delete time:3.0994415283203125e-05
delete time:2.6464462280273438e-05
delete time:3.2901763916015625e-05
delete time:1.9550323486328125e-05
delete time:2.5272369384765625e-05
delete time:2.7418136596679688e-05
delete time:3.314018249511719e-05
delete time:3.910064697265625e-05
delete time:2.9325485229492188e-05
delete time:2.5510787963867188e-05
delete time:3.1948089599609375e-05
delete time:2.47955322265625e-05
delete time:3.314018249511719e-05
delete time:2.3603439331054688e-05
delete time:3.886222839355469e-05
delete time:2.574920654296875e-05
delete time:1.6450881958007812e-05
delete time:2.5272369384765625e-05
delete time:2.0503997802734375e-05
delete time:2.2172927856445312e-05
delete time:2.193450927734375e-05
delete time:2.193450927734375e-05
delete time:2.8371810913085938e-05
delete time:2.6702880859375e-05
delete time:3.552436828613281e-05
delete time:3.0040740966796875e-05
delete time:3.266334533691406e-05
delete time:3.123283386230469e-05
delete time:3.62396240234375e-05
delete time:3.457069396972656e-05
delete time:4.7206878662109375e-05
delete time:2.6226043701171875e-05
delete time:2.7179718017578125e-05
delete time:3.7670135498046875e-05
delete time:1.6927719116210938e-05
delete time:3.695487976074219e-05
delete time:2.9325485229492188e-05
delete time:3.361701965332031e-05
delete time:4.38690185546875e-05
delete time:3.600120544433594e-05
delete time:2.9325485229492188e-05
delete time:3.170967102050781e-05
delete time:2.3126602172851562e-05
delete time:2.47955322265625e-05
delete time:2.8371810913085938e-05
delete time:3.170967102050781e-05
delete time:1.811981201171875e-05
delete time:4.38690185546875e-05
delete time:2.5987625122070312e-05
delete time:3.9577484130859375e-05
delete time:3.218650817871094e-05
delete time:2.765655517578125e-05
delete time:2.47955322265625e-05
delete time:3.504753112792969e-05
delete time:3.24249267578125e-05
delete time:2.6464462280273438e-05
delete time:3.719329833984375e-05
delete time:2.9325485229492188e-05
delete time:3.337860107421875e-05
delete time:2.3126602172851562e-05
delete time:2.9325485229492188e-05
delete time:2.4557113647460938e-05
delete time:2.7179718017578125e-05
delete time:2.86102294921875e-05
delete time:2.7179718017578125e-05
delete time:2.5033950805664062e-05
delete time:3.504753112792969e-05
delete time:2.5987625122070312e-05
delete time:3.0994415283203125e-05
delete time:2.4080276489257812e-05
delete time:3.3855438232421875e-05
delete time:2.09808349609375e-05
delete time:2.765655517578125e-05
delete time:2.0503997802734375e-05
delete time:3.62396240234375e-05
delete time:2.9802322387695312e-05
delete time:2.4557113647460938e-05
delete time:2.8848648071289062e-05
delete time:3.0994415283203125e-05
delete time:3.647804260253906e-05
delete time:3.337860107421875e-05
delete time:2.5510787963867188e-05
delete time:2.956390380859375e-05
delete time:2.5987625122070312e-05
delete time:2.5033950805664062e-05
delete time:2.9087066650390625e-05
delete time:3.218650817871094e-05
delete time:3.504753112792969e-05
delete time:2.5987625122070312e-05
delete time:3.4332275390625e-05
delete time:3.2901763916015625e-05
delete time:3.0279159545898438e-05
delete time:3.695487976074219e-05
delete time:2.5987625122070312e-05
delete time:3.2901763916015625e-05
delete time:2.7894973754882812e-05
delete time:2.7894973754882812e-05
delete time:2.6941299438476562e-05
delete time:2.6941299438476562e-05
delete time:3.075599670410156e-05
delete time:2.765655517578125e-05
delete time:2.4557113647460938e-05
delete time:3.123283386230469e-05
delete time:2.2172927856445312e-05
delete time:2.7418136596679688e-05
delete time:2.6941299438476562e-05
delete time:3.8623809814453125e-05
delete time:2.6226043701171875e-05
delete time:2.5987625122070312e-05
delete time:3.62396240234375e-05
delete time:2.9802322387695312e-05
delete time:2.6226043701171875e-05
delete time:2.09808349609375e-05
delete time:3.147125244140625e-05
delete time:2.288818359375e-05
delete time:2.5987625122070312e-05
delete time:3.504753112792969e-05
delete time:3.0279159545898438e-05
delete time:2.9087066650390625e-05
delete time:2.6941299438476562e-05
delete time:3.790855407714844e-05
delete time:2.9325485229492188e-05
delete time:2.4557113647460938e-05
delete time:2.1696090698242188e-05
delete time:3.24249267578125e-05
delete time:3.0279159545898438e-05
delete time:2.09808349609375e-05
delete time:2.765655517578125e-05
delete time:2.384185791015625e-05
delete time:2.4318695068359375e-05
delete time:2.8133392333984375e-05
delete time:2.5510787963867188e-05
delete time:2.2411346435546875e-05
delete time:2.8371810913085938e-05
delete time:2.765655517578125e-05
delete time:2.2411346435546875e-05
delete time:2.765655517578125e-05
delete time:3.0517578125e-05
delete time:3.552436828613281e-05
delete time:2.6464462280273438e-05
delete time:2.5510787963867188e-05
delete time:2.9087066650390625e-05
delete time:2.86102294921875e-05
delete time:2.956390380859375e-05
delete time:3.647804260253906e-05
delete time:3.314018249511719e-05
delete time:3.0279159545898438e-05
delete time:3.62396240234375e-05
delete time:3.0517578125e-05
delete time:3.147125244140625e-05
delete time:3.0040740966796875e-05
delete time:2.6702880859375e-05
delete time:3.409385681152344e-05
delete time:3.743171691894531e-05
delete time:3.1948089599609375e-05
delete time:3.075599670410156e-05
delete time:3.147125244140625e-05
delete time:2.7894973754882812e-05
delete time:2.9325485229492188e-05
delete time:2.4080276489257812e-05
delete time:3.266334533691406e-05
delete time:2.9802322387695312e-05
delete time:3.0279159545898438e-05
delete time:2.7894973754882812e-05
delete time:2.5510787963867188e-05
delete time:2.7418136596679688e-05
delete time:3.409385681152344e-05
delete time:2.9087066650390625e-05
delete time:3.170967102050781e-05
delete time:2.2649765014648438e-05
delete time:3.1948089599609375e-05
delete time:3.24249267578125e-05
delete time:2.47955322265625e-05
delete time:3.62396240234375e-05
delete time:2.6941299438476562e-05
delete time:3.0040740966796875e-05
delete time:2.7418136596679688e-05
delete time:2.1219253540039062e-05
delete time:2.09808349609375e-05
delete time:3.147125244140625e-05
delete time:2.4557113647460938e-05
delete time:3.0517578125e-05
delete time:4.1961669921875e-05
delete time:3.504753112792969e-05
delete time:3.9577484130859375e-05
delete time:2.7894973754882812e-05
delete time:2.1219253540039062e-05
delete time:3.0517578125e-05
delete time:3.790855407714844e-05
delete time:3.457069396972656e-05
delete time:2.47955322265625e-05
delete time:3.0994415283203125e-05
delete time:2.002716064453125e-05
delete time:3.4332275390625e-05
delete time:2.47955322265625e-05
delete time:2.956390380859375e-05
delete time:2.4318695068359375e-05
delete time:2.2411346435546875e-05
delete time:2.6464462280273438e-05
delete time:2.0503997802734375e-05
delete time:4.076957702636719e-05
delete time:3.0040740966796875e-05
delete time:3.123283386230469e-05
delete time:2.5272369384765625e-05
delete time:2.5510787963867188e-05
delete time:2.9325485229492188e-05
delete time:2.6702880859375e-05
delete time:3.218650817871094e-05
delete time:3.409385681152344e-05
delete time:3.170967102050781e-05
delete time:2.6702880859375e-05
delete time:2.2411346435546875e-05
delete time:2.765655517578125e-05
delete time:3.147125244140625e-05
delete time:2.6226043701171875e-05
delete time:3.24249267578125e-05
delete time:2.6702880859375e-05
delete time:3.4332275390625e-05
delete time:2.574920654296875e-05
delete time:1.811981201171875e-05
delete time:2.5510787963867188e-05
delete time:3.528594970703125e-05
delete time:2.5987625122070312e-05
delete time:2.6464462280273438e-05
delete time:2.47955322265625e-05
delete time:2.86102294921875e-05
delete time:2.574920654296875e-05
delete time:2.47955322265625e-05
delete time:2.7418136596679688e-05
delete time:3.2901763916015625e-05
delete time:2.8848648071289062e-05
delete time:2.9802322387695312e-05
delete time:3.1948089599609375e-05
delete time:2.6464462280273438e-05
delete time:3.0994415283203125e-05
delete time:2.7179718017578125e-05
delete time:3.62396240234375e-05
delete time:2.7418136596679688e-05
delete time:3.2901763916015625e-05
delete time:2.3126602172851562e-05
delete time:3.147125244140625e-05
delete time:3.4809112548828125e-05
delete time:3.1948089599609375e-05
delete time:3.0040740966796875e-05
delete time:1.9073486328125e-05
delete time:2.86102294921875e-05
delete time:3.886222839355469e-05
delete time:3.2901763916015625e-05
delete time:2.384185791015625e-05
delete time:3.0994415283203125e-05
delete time:1.9788742065429688e-05
delete time:2.6226043701171875e-05
delete time:2.9087066650390625e-05
delete time:3.3855438232421875e-05
delete time:2.9802322387695312e-05
delete time:2.8371810913085938e-05
delete time:2.6226043701171875e-05
delete time:2.384185791015625e-05
delete time:3.600120544433594e-05
delete time:2.956390380859375e-05
delete time:3.409385681152344e-05
delete time:2.2411346435546875e-05
delete time:2.5510787963867188e-05
delete time:3.4809112548828125e-05
delete time:2.7894973754882812e-05
delete time:2.4318695068359375e-05
delete time:3.8623809814453125e-05
delete time:3.695487976074219e-05
delete time:3.0994415283203125e-05
delete time:2.3603439331054688e-05
delete time:2.193450927734375e-05
delete time:2.7418136596679688e-05
delete time:3.457069396972656e-05
delete time:2.9325485229492188e-05
delete time:2.47955322265625e-05
delete time:2.6941299438476562e-05
delete time:2.0742416381835938e-05
delete time:2.7894973754882812e-05
delete time:2.3603439331054688e-05
delete time:3.170967102050781e-05
delete time:3.409385681152344e-05
delete time:3.3855438232421875e-05
delete time:2.7179718017578125e-05
delete time:2.956390380859375e-05
delete time:3.24249267578125e-05
delete time:2.6226043701171875e-05
delete time:3.1948089599609375e-05
delete time:3.0279159545898438e-05
delete time:3.8623809814453125e-05
delete time:3.4332275390625e-05
delete time:3.123283386230469e-05
delete time:2.7179718017578125e-05
delete time:2.4080276489257812e-05
delete time:2.3365020751953125e-05
delete time:2.9087066650390625e-05
delete time:3.0040740966796875e-05
delete time:3.0040740966796875e-05
delete time:2.2172927856445312e-05
delete time:3.0517578125e-05
delete time:2.6941299438476562e-05
delete time:2.2172927856445312e-05
delete time:3.0517578125e-05
delete time:2.47955322265625e-05
delete time:3.218650817871094e-05
delete time:2.8371810913085938e-05
delete time:3.075599670410156e-05
delete time:2.8848648071289062e-05
delete time:3.361701965332031e-05
delete time:2.6941299438476562e-05
delete time:2.1457672119140625e-05
delete time:3.4332275390625e-05
delete time:3.24249267578125e-05
delete time:3.1948089599609375e-05
delete time:2.4318695068359375e-05
delete time:3.552436828613281e-05
delete time:4.8160552978515625e-05
delete time:2.7179718017578125e-05
delete time:3.7670135498046875e-05
delete time:3.2901763916015625e-05
delete time:2.86102294921875e-05
delete time:3.147125244140625e-05
delete time:2.5272369384765625e-05
delete time:2.8848648071289062e-05
delete time:2.5272369384765625e-05
delete time:3.4809112548828125e-05
delete time:2.6941299438476562e-05
delete time:2.7894973754882812e-05
delete time:2.4080276489257812e-05
delete time:3.3855438232421875e-05
delete time:2.6226043701171875e-05
delete time:3.0517578125e-05
delete time:3.743171691894531e-05
delete time:4.1961669921875e-05
delete time:3.0517578125e-05
delete time:2.4557113647460938e-05
delete time:3.266334533691406e-05
delete time:2.384185791015625e-05
delete time:2.5272369384765625e-05
delete time:3.0517578125e-05
delete time:2.8133392333984375e-05
delete time:2.6464462280273438e-05
delete time:3.528594970703125e-05
delete time:2.6702880859375e-05
delete time:3.790855407714844e-05
delete time:3.2901763916015625e-05
delete time:2.956390380859375e-05
delete time:3.5762786865234375e-05
delete time:2.5510787963867188e-05
delete time:2.8371810913085938e-05
delete time:3.0517578125e-05
delete time:2.9325485229492188e-05
delete time:2.5033950805664062e-05
delete time:4.029273986816406e-05
delete time:2.9802322387695312e-05
delete time:2.5272369384765625e-05
delete time:2.86102294921875e-05
delete time:3.075599670410156e-05
delete time:2.6941299438476562e-05
delete time:2.7894973754882812e-05
delete time:3.147125244140625e-05
delete time:3.24249267578125e-05
delete time:3.6716461181640625e-05
delete time:4.029273986816406e-05
delete time:2.4318695068359375e-05
delete time:3.457069396972656e-05
delete time:3.337860107421875e-05
delete time:3.647804260253906e-05
delete time:2.7179718017578125e-05
delete time:2.0265579223632812e-05
delete time:3.24249267578125e-05
delete time:3.123283386230469e-05
delete time:2.384185791015625e-05
delete time:2.7179718017578125e-05
delete time:2.0742416381835938e-05
delete time:2.384185791015625e-05
delete time:2.3365020751953125e-05
delete time:3.5762786865234375e-05
delete time:2.8848648071289062e-05
delete time:2.2411346435546875e-05
delete time:1.9788742065429688e-05
delete time:3.695487976074219e-05
delete time:2.8133392333984375e-05
delete time:2.7894973754882812e-05
delete time:3.6716461181640625e-05
delete time:2.8848648071289062e-05
delete time:2.574920654296875e-05
delete time:3.218650817871094e-05
delete time:2.5510787963867188e-05
delete time:2.4318695068359375e-05
delete time:2.6941299438476562e-05
delete time:2.6702880859375e-05
delete time:3.0517578125e-05
delete time:2.9802322387695312e-05
delete time:3.123283386230469e-05
delete time:4.00543212890625e-05
delete time:3.1948089599609375e-05
delete time:1.9073486328125e-05
delete time:2.8133392333984375e-05
delete time:2.5033950805664062e-05
delete time:3.2901763916015625e-05
delete time:3.0517578125e-05
delete time:5.745887756347656e-05
delete time:3.0040740966796875e-05
delete time:4.410743713378906e-05
delete time:3.600120544433594e-05
delete time:3.147125244140625e-05
delete time:2.002716064453125e-05
delete time:2.9802322387695312e-05
delete time:3.0994415283203125e-05
delete time:2.3126602172851562e-05
delete time:2.8133392333984375e-05
delete time:2.8848648071289062e-05
delete time:4.029273986816406e-05
delete time:2.5987625122070312e-05
delete time:3.2901763916015625e-05
delete time:3.075599670410156e-05
delete time:3.4332275390625e-05
delete time:2.6226043701171875e-05
delete time:2.5033950805664062e-05
delete time:2.4318695068359375e-05
delete time:2.5510787963867188e-05
delete time:2.3603439331054688e-05
delete time:3.1948089599609375e-05
delete time:3.218650817871094e-05
delete time:3.266334533691406e-05
delete time:3.170967102050781e-05
delete time:2.1457672119140625e-05
delete time:2.86102294921875e-05
delete time:2.6702880859375e-05
delete time:2.574920654296875e-05
delete time:3.4809112548828125e-05
delete time:2.47955322265625e-05
delete time:2.47955322265625e-05
delete time:3.62396240234375e-05
delete time:2.6226043701171875e-05
delete time:3.743171691894531e-05
delete time:2.6464462280273438e-05
delete time:2.6702880859375e-05
delete time:3.0517578125e-05
delete time:2.6702880859375e-05
delete time:2.3365020751953125e-05
delete time:3.0040740966796875e-05
delete time:3.3855438232421875e-05
delete time:2.956390380859375e-05
delete time:3.457069396972656e-05
delete time:2.765655517578125e-05
delete time:4.9591064453125e-05
delete time:1.8596649169921875e-05
delete time:3.2901763916015625e-05
delete time:2.7179718017578125e-05
delete time:2.5272369384765625e-05
delete time:2.4318695068359375e-05
delete time:3.218650817871094e-05
delete time:3.4332275390625e-05
delete time:2.5510787963867188e-05
delete time:2.6941299438476562e-05
delete time:3.147125244140625e-05
delete time:3.266334533691406e-05
delete time:2.9325485229492188e-05
delete time:2.5987625122070312e-05
delete time:3.0040740966796875e-05
delete time:3.314018249511719e-05
delete time:4.1484832763671875e-05
delete time:3.981590270996094e-05
delete time:3.3855438232421875e-05
delete time:2.9802322387695312e-05
delete time:3.123283386230469e-05
delete time:3.266334533691406e-05
delete time:2.384185791015625e-05
delete time:3.7670135498046875e-05
delete time:2.6464462280273438e-05
delete time:2.5033950805664062e-05
delete time:2.47955322265625e-05
delete time:2.9087066650390625e-05
delete time:2.9802322387695312e-05
delete time:3.337860107421875e-05
delete time:3.337860107421875e-05
delete time:2.8371810913085938e-05
delete time:2.4080276489257812e-05
delete time:2.2649765014648438e-05
delete time:2.6702880859375e-05
delete time:2.193450927734375e-05
delete time:2.9802322387695312e-05
delete time:3.337860107421875e-05
delete time:3.4332275390625e-05
delete time:2.6702880859375e-05
delete time:3.4332275390625e-05
delete time:3.0994415283203125e-05
delete time:2.2649765014648438e-05
delete time:4.00543212890625e-05
delete time:3.457069396972656e-05
delete time:3.0279159545898438e-05
delete time:2.47955322265625e-05
delete time:2.7179718017578125e-05
delete time:2.4557113647460938e-05
delete time:2.1219253540039062e-05
delete time:2.3603439331054688e-05
delete time:3.218650817871094e-05
delete time:4.1961669921875e-05
delete time:3.2901763916015625e-05
delete time:2.4080276489257812e-05
delete time:2.5272369384765625e-05
delete time:2.765655517578125e-05
delete time:2.6226043701171875e-05
delete time:2.574920654296875e-05
delete time:3.218650817871094e-05
delete time:2.6226043701171875e-05
delete time:2.9325485229492188e-05
delete time:3.6716461181640625e-05
delete time:3.5762786865234375e-05
delete time:2.5987625122070312e-05
delete time:3.0517578125e-05
delete time:3.504753112792969e-05
delete time:2.5510787963867188e-05
delete time:2.4318695068359375e-05
delete time:2.3126602172851562e-05
delete time:2.288818359375e-05
delete time:2.86102294921875e-05
delete time:2.956390380859375e-05
delete time:3.504753112792969e-05
delete time:3.62396240234375e-05
delete time:2.4080276489257812e-05
delete time:2.6941299438476562e-05
delete time:2.7179718017578125e-05
delete time:2.4080276489257812e-05
delete time:2.765655517578125e-05
delete time:2.2172927856445312e-05
delete time:2.8371810913085938e-05
delete time:3.147125244140625e-05
delete time:2.956390380859375e-05
delete time:4.00543212890625e-05
delete time:3.147125244140625e-05
delete time:3.361701965332031e-05
delete time:3.7670135498046875e-05
delete time:2.8133392333984375e-05
delete time:4.315376281738281e-05
delete time:3.552436828613281e-05
delete time:2.193450927734375e-05
delete time:2.2649765014648438e-05
delete time:2.1219253540039062e-05
delete time:3.0517578125e-05
delete time:3.910064697265625e-05
delete time:3.314018249511719e-05
delete time:2.7179718017578125e-05
delete time:2.8133392333984375e-05
delete time:2.7179718017578125e-05
delete time:3.123283386230469e-05
delete time:2.7179718017578125e-05
delete time:2.2649765014648438e-05
delete time:2.5033950805664062e-05
delete time:2.1219253540039062e-05
delete time:3.814697265625e-05
delete time:2.6226043701171875e-05
delete time:2.8848648071289062e-05
delete time:3.9577484130859375e-05
delete time:2.1219253540039062e-05
delete time:3.1948089599609375e-05
delete time:2.384185791015625e-05
delete time:2.1696090698242188e-05
delete time:3.4809112548828125e-05
delete time:2.3126602172851562e-05
delete time:2.5033950805664062e-05
delete time:2.8133392333984375e-05
delete time:2.86102294921875e-05
delete time:2.574920654296875e-05
delete time:2.8371810913085938e-05
delete time:2.2411346435546875e-05
delete time:3.6716461181640625e-05
delete time:3.361701965332031e-05
delete time:2.574920654296875e-05
delete time:2.2411346435546875e-05
delete time:2.3365020751953125e-05
delete time:1.9550323486328125e-05
delete time:1.9788742065429688e-05
delete time:3.218650817871094e-05
delete time:4.029273986816406e-05
delete time:2.7179718017578125e-05
delete time:3.0517578125e-05
delete time:1.9550323486328125e-05
delete time:3.0040740966796875e-05
delete time:3.0040740966796875e-05
delete time:2.3365020751953125e-05
delete time:2.6702880859375e-05
delete time:2.2411346435546875e-05
delete time:2.4557113647460938e-05
delete time:2.2649765014648438e-05
delete time:2.09808349609375e-05
delete time:2.1457672119140625e-05
delete time:2.3603439331054688e-05
delete time:3.218650817871094e-05
delete time:3.24249267578125e-05
delete time:2.2172927856445312e-05
delete time:2.1219253540039062e-05
delete time:3.1948089599609375e-05
delete time:2.5033950805664062e-05
delete time:2.8371810913085938e-05
delete time:2.193450927734375e-05
delete time:4.029273986816406e-05
delete time:2.193450927734375e-05
delete time:1.9550323486328125e-05
delete time:1.9550323486328125e-05
delete time:2.0503997802734375e-05
delete time:3.266334533691406e-05
delete time:2.1219253540039062e-05
delete time:2.2172927856445312e-05
delete time:3.1948089599609375e-05
delete time:3.0279159545898438e-05
delete time:2.2649765014648438e-05
delete time:3.62396240234375e-05
delete time:3.266334533691406e-05
delete time:2.3365020751953125e-05
delete time:3.2901763916015625e-05
delete time:2.2172927856445312e-05
delete time:2.5033950805664062e-05
delete time:2.1457672119140625e-05
delete time:2.09808349609375e-05
delete time:2.002716064453125e-05
delete time:3.0279159545898438e-05
delete time:2.5272369384765625e-05
delete time:2.765655517578125e-05
delete time:2.5033950805664062e-05
delete time:2.7179718017578125e-05
delete time:2.0503997802734375e-05
delete time:1.8358230590820312e-05
delete time:2.8371810913085938e-05
delete time:3.910064697265625e-05
delete time:2.3365020751953125e-05
delete time:3.504753112792969e-05
delete time:3.3855438232421875e-05
delete time:2.9802322387695312e-05
delete time:3.123283386230469e-05
delete time:2.2649765014648438e-05
delete time:2.4318695068359375e-05
delete time:3.0040740966796875e-05
delete time:4.482269287109375e-05
delete time:3.0517578125e-05
delete time:1.8835067749023438e-05
delete time:2.9087066650390625e-05
delete time:2.574920654296875e-05
delete time:1.9073486328125e-05
delete time:3.457069396972656e-05
delete time:2.8848648071289062e-05
delete time:2.9802322387695312e-05
delete time:2.7418136596679688e-05
delete time:1.7404556274414062e-05
delete time:3.314018249511719e-05
delete time:2.2411346435546875e-05
delete time:2.7894973754882812e-05
delete time:2.956390380859375e-05
delete time:2.384185791015625e-05
delete time:3.0279159545898438e-05
delete time:2.193450927734375e-05
delete time:2.384185791015625e-05
delete time:2.6702880859375e-05
delete time:3.814697265625e-05
delete time:3.147125244140625e-05
delete time:1.9788742065429688e-05
delete time:3.695487976074219e-05
delete time:2.3603439331054688e-05
delete time:1.9550323486328125e-05
delete time:2.8133392333984375e-05
delete time:2.3365020751953125e-05
delete time:2.4557113647460938e-05
delete time:2.7894973754882812e-05
delete time:2.5272369384765625e-05
delete time:2.5033950805664062e-05
delete time:3.1948089599609375e-05
delete time:1.9788742065429688e-05
delete time:3.0040740966796875e-05
delete time:2.2649765014648438e-05
delete time:3.4332275390625e-05
delete time:2.3126602172851562e-05
delete time:3.457069396972656e-05
delete time:2.4557113647460938e-05
delete time:4.124641418457031e-05
delete time:2.6941299438476562e-05
delete time:4.410743713378906e-05
delete time:3.5762786865234375e-05
delete time:3.409385681152344e-05
delete time:3.2901763916015625e-05
delete time:2.86102294921875e-05
delete time:2.4080276489257812e-05
delete time:2.9087066650390625e-05
delete time:1.7881393432617188e-05
delete time:3.0994415283203125e-05
delete time:3.457069396972656e-05
delete time:2.765655517578125e-05
delete time:4.5299530029296875e-05
delete time:2.1219253540039062e-05
delete time:2.3365020751953125e-05
delete time:2.3126602172851562e-05
delete time:3.123283386230469e-05
delete time:2.7179718017578125e-05
delete time:2.4080276489257812e-05
delete time:4.38690185546875e-05
delete time:3.0040740966796875e-05
delete time:3.170967102050781e-05
delete time:3.504753112792969e-05
delete time:3.4809112548828125e-05
delete time:2.574920654296875e-05
delete time:2.6226043701171875e-05
delete time:2.3603439331054688e-05
delete time:2.7418136596679688e-05
delete time:3.123283386230469e-05
delete time:2.4318695068359375e-05
delete time:3.147125244140625e-05
delete time:2.5033950805664062e-05
delete time:2.4080276489257812e-05
delete time:2.2411346435546875e-05
delete time:3.409385681152344e-05
delete time:3.0040740966796875e-05
delete time:4.482269287109375e-05
delete time:2.2649765014648438e-05
delete time:3.5762786865234375e-05
delete time:3.1948089599609375e-05
delete time:3.6716461181640625e-05
delete time:2.7418136596679688e-05
delete time:3.361701965332031e-05
delete time:3.266334533691406e-05
delete time:3.266334533691406e-05
delete time:2.9325485229492188e-05
delete time:2.5510787963867188e-05
delete time:3.0517578125e-05
delete time:2.09808349609375e-05
delete time:3.719329833984375e-05
delete time:3.218650817871094e-05
delete time:3.528594970703125e-05
delete time:2.3603439331054688e-05
delete time:2.8133392333984375e-05
delete time:3.0279159545898438e-05
delete time:3.409385681152344e-05
delete time:2.7418136596679688e-05
delete time:2.7418136596679688e-05
delete time:2.86102294921875e-05
delete time:3.24249267578125e-05
delete time:3.1948089599609375e-05
delete time:2.9802322387695312e-05
delete time:3.314018249511719e-05
delete time:3.0517578125e-05
delete time:2.384185791015625e-05
delete time:2.9325485229492188e-05
delete time:3.361701965332031e-05
delete time:3.3855438232421875e-05
delete time:3.1948089599609375e-05
delete time:2.7179718017578125e-05
delete time:3.1948089599609375e-05
delete time:3.3855438232421875e-05
delete time:3.7670135498046875e-05
delete time:2.9087066650390625e-05
delete time:3.814697265625e-05
delete time:3.1948089599609375e-05
delete time:3.838539123535156e-05
delete time:2.1457672119140625e-05
delete time:4.2438507080078125e-05
delete time:3.0279159545898438e-05
delete time:3.838539123535156e-05
delete time:2.9087066650390625e-05
delete time:3.0517578125e-05
delete time:3.266334533691406e-05
delete time:3.147125244140625e-05
delete time:2.86102294921875e-05
delete time:2.956390380859375e-05
delete time:2.3126602172851562e-05
delete time:3.5762786865234375e-05
delete time:2.47955322265625e-05
delete time:3.0517578125e-05
delete time:2.2411346435546875e-05
delete time:2.5510787963867188e-05
delete time:3.2901763916015625e-05
delete time:2.6702880859375e-05
delete time:1.8835067749023438e-05
delete time:2.4080276489257812e-05
delete time:2.5510787963867188e-05
delete time:2.6464462280273438e-05
delete time:2.956390380859375e-05
delete time:2.574920654296875e-05
delete time:3.790855407714844e-05
delete time:2.1457672119140625e-05
delete time:2.574920654296875e-05
delete time:2.2649765014648438e-05
delete time:3.147125244140625e-05
delete time:3.314018249511719e-05
delete time:2.5510787963867188e-05
delete time:2.9087066650390625e-05
delete time:2.47955322265625e-05
delete time:3.0040740966796875e-05
delete time:2.9087066650390625e-05
delete time:2.7418136596679688e-05
delete time:3.075599670410156e-05
delete time:3.4809112548828125e-05
delete time:3.0994415283203125e-05
delete time:2.8848648071289062e-05
delete time:2.6941299438476562e-05
delete time:2.5033950805664062e-05
delete time:3.5762786865234375e-05
delete time:2.2649765014648438e-05
delete time:3.0279159545898438e-05
delete time:2.6702880859375e-05
delete time:3.1948089599609375e-05
delete time:1.6450881958007812e-05
delete time:3.0040740966796875e-05
delete time:2.5987625122070312e-05
delete time:2.288818359375e-05
delete time:2.3126602172851562e-05
delete time:2.765655517578125e-05
delete time:2.8371810913085938e-05
delete time:4.029273986816406e-05
delete time:2.2649765014648438e-05
delete time:3.0040740966796875e-05
delete time:2.86102294921875e-05
delete time:3.361701965332031e-05
delete time:3.1948089599609375e-05
delete time:2.384185791015625e-05
delete time:2.5510787963867188e-05
delete time:2.8133392333984375e-05
delete time:2.5510787963867188e-05
delete time:2.6464462280273438e-05
delete time:2.1219253540039062e-05
delete time:3.552436828613281e-05
delete time:2.8133392333984375e-05
delete time:3.409385681152344e-05
delete time:2.5987625122070312e-05
delete time:2.1696090698242188e-05
delete time:2.7418136596679688e-05
delete time:3.314018249511719e-05
delete time:2.5272369384765625e-05
delete time:3.0994415283203125e-05
delete time:2.0742416381835938e-05
delete time:2.8133392333984375e-05
delete time:3.62396240234375e-05
delete time:2.1457672119140625e-05
delete time:3.123283386230469e-05
delete time:3.790855407714844e-05
delete time:3.0517578125e-05
delete time:3.361701965332031e-05
delete time:4.649162292480469e-05
delete time:3.743171691894531e-05
delete time:2.7894973754882812e-05
delete time:2.956390380859375e-05
delete time:4.887580871582031e-05
delete time:3.0994415283203125e-05
delete time:3.409385681152344e-05
delete time:2.6941299438476562e-05
delete time:3.647804260253906e-05
delete time:2.1457672119140625e-05
delete time:2.9802322387695312e-05
delete time:3.0279159545898438e-05
delete time:3.123283386230469e-05
delete time:2.3126602172851562e-05
delete time:3.457069396972656e-05
delete time:2.2172927856445312e-05
delete time:3.0040740966796875e-05
delete time:2.3365020751953125e-05
delete time:2.2649765014648438e-05
delete time:4.029273986816406e-05
delete time:2.9802322387695312e-05
delete time:2.5033950805664062e-05
delete time:2.6464462280273438e-05
delete time:2.86102294921875e-05
delete time:3.123283386230469e-05
delete time:2.4557113647460938e-05
delete time:2.956390380859375e-05
delete time:2.86102294921875e-05
delete time:2.574920654296875e-05
delete time:2.9802322387695312e-05
delete time:2.7179718017578125e-05
delete time:2.384185791015625e-05
delete time:3.123283386230469e-05
delete time:3.0279159545898438e-05
delete time:2.765655517578125e-05
delete time:3.743171691894531e-05
delete time:3.457069396972656e-05
delete time:3.266334533691406e-05
delete time:3.314018249511719e-05
delete time:2.6702880859375e-05
delete time:3.24249267578125e-05
delete time:2.3365020751953125e-05
delete time:2.6702880859375e-05
delete time:2.288818359375e-05
delete time:3.147125244140625e-05
delete time:2.9325485229492188e-05
delete time:3.600120544433594e-05
delete time:2.384185791015625e-05
delete time:3.4809112548828125e-05
delete time:3.4332275390625e-05
delete time:3.1948089599609375e-05
delete time:2.9802322387695312e-05
delete time:2.3365020751953125e-05
delete time:3.6716461181640625e-05
delete time:3.1948089599609375e-05
delete time:3.147125244140625e-05
delete time:2.9325485229492188e-05
delete time:2.9087066650390625e-05
delete time:2.6226043701171875e-05
delete time:3.147125244140625e-05
delete time:3.24249267578125e-05
delete time:2.86102294921875e-05
delete time:3.743171691894531e-05
delete time:2.2411346435546875e-05
delete time:2.765655517578125e-05
delete time:2.8371810913085938e-05
delete time:2.7418136596679688e-05
delete time:2.002716064453125e-05
delete time:2.4318695068359375e-05
delete time:3.1948089599609375e-05
delete time:3.0279159545898438e-05
delete time:3.4332275390625e-05
delete time:2.8848648071289062e-05
delete time:2.3365020751953125e-05
delete time:2.9087066650390625e-05
delete time:3.266334533691406e-05
delete time:2.8133392333984375e-05
delete time:2.5033950805664062e-05
delete time:3.4332275390625e-05
delete time:3.1948089599609375e-05
delete time:2.3365020751953125e-05
delete time:2.5987625122070312e-05
delete time:3.3855438232421875e-05
delete time:2.8371810913085938e-05
delete time:3.647804260253906e-05
delete time:3.0279159545898438e-05
delete time:2.8848648071289062e-05
delete time:3.0279159545898438e-05
delete time:3.266334533691406e-05
delete time:2.956390380859375e-05
delete time:2.86102294921875e-05
delete time:2.9325485229492188e-05
delete time:2.7179718017578125e-05
delete time:2.8848648071289062e-05
delete time:2.574920654296875e-05
delete time:2.8371810913085938e-05
delete time:3.695487976074219e-05
delete time:1.9788742065429688e-05
delete time:2.5510787963867188e-05
delete time:2.6702880859375e-05
delete time:2.8371810913085938e-05
delete time:2.3365020751953125e-05
delete time:4.00543212890625e-05
delete time:2.4318695068359375e-05
delete time:3.075599670410156e-05
delete time:2.7418136596679688e-05
delete time:2.9325485229492188e-05
delete time:3.409385681152344e-05
delete time:3.457069396972656e-05
delete time:2.2649765014648438e-05
delete time:2.8848648071289062e-05
delete time:3.0040740966796875e-05
delete time:3.170967102050781e-05
delete time:3.814697265625e-05
delete time:3.2901763916015625e-05
delete time:3.0994415283203125e-05
delete time:3.2901763916015625e-05
delete time:3.266334533691406e-05
delete time:3.218650817871094e-05
delete time:3.600120544433594e-05
delete time:2.47955322265625e-05
delete time:3.62396240234375e-05
delete time:2.288818359375e-05
delete time:3.361701965332031e-05
delete time:2.5272369384765625e-05
delete time:2.8133392333984375e-05
delete time:3.2901763916015625e-05
delete time:2.9325485229492188e-05
delete time:3.695487976074219e-05
delete time:2.5987625122070312e-05
delete time:2.47955322265625e-05
delete time:3.981590270996094e-05
delete time:4.029273986816406e-05
delete time:2.8371810913085938e-05
delete time:3.361701965332031e-05
delete time:3.0517578125e-05
delete time:2.6941299438476562e-05
delete time:2.9325485229492188e-05
delete time:4.458427429199219e-05
delete time:3.647804260253906e-05
delete time:3.504753112792969e-05
delete time:3.075599670410156e-05
delete time:4.363059997558594e-05
delete time:4.553794860839844e-05
delete time:2.9802322387695312e-05
delete time:2.0742416381835938e-05
delete time:2.5272369384765625e-05
delete time:2.8133392333984375e-05
delete time:3.3855438232421875e-05
delete time:2.3365020751953125e-05
delete time:2.6702880859375e-05
delete time:3.5762786865234375e-05
delete time:2.7894973754882812e-05
delete time:3.7670135498046875e-05
delete time:2.6702880859375e-05
delete time:3.0040740966796875e-05
delete time:2.956390380859375e-05
delete time:2.7179718017578125e-05
delete time:3.4332275390625e-05
delete time:3.814697265625e-05
delete time:2.9087066650390625e-05
delete time:3.314018249511719e-05
delete time:2.2411346435546875e-05
delete time:2.6464462280273438e-05
delete time:4.1484832763671875e-05
delete time:3.1948089599609375e-05
delete time:3.337860107421875e-05
delete time:3.170967102050781e-05
delete time:2.956390380859375e-05
delete time:2.2172927856445312e-05
delete time:3.2901763916015625e-05
delete time:3.4332275390625e-05
delete time:3.337860107421875e-05
delete time:2.8848648071289062e-05
delete time:2.3126602172851562e-05
delete time:2.8133392333984375e-05
delete time:2.86102294921875e-05
delete time:3.2901763916015625e-05
delete time:3.123283386230469e-05
delete time:2.6702880859375e-05
delete time:2.3365020751953125e-05
delete time:3.0994415283203125e-05
delete time:2.574920654296875e-05
delete time:3.62396240234375e-05
delete time:1.9311904907226562e-05
delete time:3.170967102050781e-05
delete time:3.170967102050781e-05
delete time:3.0279159545898438e-05
delete time:3.814697265625e-05
delete time:2.9325485229492188e-05
delete time:4.029273986816406e-05
delete time:3.4809112548828125e-05
delete time:2.8371810913085938e-05
delete time:2.7179718017578125e-05
delete time:2.2172927856445312e-05
delete time:3.266334533691406e-05
delete time:4.076957702636719e-05
delete time:2.765655517578125e-05
delete time:3.075599670410156e-05
delete time:2.8133392333984375e-05
delete time:2.4318695068359375e-05
delete time:3.933906555175781e-05
delete time:3.7670135498046875e-05
delete time:3.0040740966796875e-05
delete time:3.3855438232421875e-05
delete time:3.123283386230469e-05
delete time:2.5510787963867188e-05
delete time:3.123283386230469e-05
delete time:3.0040740966796875e-05
delete time:3.170967102050781e-05
delete time:3.457069396972656e-05
delete time:3.2901763916015625e-05
delete time:3.123283386230469e-05
delete time:2.6702880859375e-05
delete time:2.3126602172851562e-05
delete time:2.7179718017578125e-05
delete time:2.4318695068359375e-05
delete time:3.1948089599609375e-05
delete time:3.695487976074219e-05
delete time:2.1219253540039062e-05
delete time:2.6941299438476562e-05
delete time:3.1948089599609375e-05
delete time:3.337860107421875e-05
delete time:2.5987625122070312e-05
delete time:3.409385681152344e-05
delete time:3.552436828613281e-05
delete time:2.0742416381835938e-05
delete time:3.552436828613281e-05
delete time:2.0742416381835938e-05
delete time:2.9802322387695312e-05
delete time:3.123283386230469e-05
delete time:2.7418136596679688e-05
delete time:3.266334533691406e-05
delete time:2.5033950805664062e-05
delete time:3.337860107421875e-05
delete time:3.147125244140625e-05
delete time:3.409385681152344e-05
delete time:3.0517578125e-05
delete time:1.9788742065429688e-05
delete time:3.695487976074219e-05
delete time:3.8623809814453125e-05
delete time:3.2901763916015625e-05
delete time:3.528594970703125e-05
delete time:3.0994415283203125e-05
delete time:2.4318695068359375e-05
delete time:3.075599670410156e-05
delete time:3.314018249511719e-05
delete time:2.2172927856445312e-05
delete time:2.8848648071289062e-05
delete time:3.075599670410156e-05
delete time:2.86102294921875e-05
delete time:3.0994415283203125e-05
delete time:3.0517578125e-05
delete time:2.6464462280273438e-05
delete time:2.9325485229492188e-05
delete time:3.0279159545898438e-05
delete time:2.6464462280273438e-05
delete time:2.6226043701171875e-05
delete time:2.7418136596679688e-05
delete time:3.24249267578125e-05
delete time:3.170967102050781e-05
delete time:3.0279159545898438e-05
delete time:3.0517578125e-05
delete time:3.0994415283203125e-05
delete time:2.6941299438476562e-05
delete time:2.86102294921875e-05
delete time:2.5987625122070312e-05
delete time:3.314018249511719e-05
delete time:3.361701965332031e-05
delete time:3.5762786865234375e-05
delete time:2.384185791015625e-05
delete time:2.8848648071289062e-05
delete time:2.0503997802734375e-05
delete time:2.6464462280273438e-05
delete time:2.86102294921875e-05
delete time:3.886222839355469e-05
delete time:2.5987625122070312e-05
delete time:2.2649765014648438e-05
delete time:3.147125244140625e-05
delete time:2.8133392333984375e-05
delete time:3.361701965332031e-05
delete time:2.6702880859375e-05
delete time:3.361701965332031e-05
delete time:2.384185791015625e-05
delete time:2.9802322387695312e-05
delete time:2.8133392333984375e-05
delete time:2.5510787963867188e-05
delete time:2.7179718017578125e-05
delete time:3.647804260253906e-05
delete time:2.6464462280273438e-05
delete time:2.86102294921875e-05
delete time:2.9087066650390625e-05
delete time:2.1219253540039062e-05
delete time:2.956390380859375e-05
delete time:2.6226043701171875e-05
delete time:2.1696090698242188e-05
delete time:2.47955322265625e-05
delete time:3.123283386230469e-05
delete time:3.504753112792969e-05
delete time:3.1948089599609375e-05
delete time:2.8371810913085938e-05
delete time:2.9325485229492188e-05
delete time:3.457069396972656e-05
delete time:2.47955322265625e-05
delete time:2.193450927734375e-05
delete time:2.6226043701171875e-05
delete time:2.5272369384765625e-05
delete time:2.8848648071289062e-05
delete time:2.7418136596679688e-05
delete time:3.147125244140625e-05
delete time:2.8848648071289062e-05
delete time:3.0517578125e-05
delete time:3.647804260253906e-05
delete time:2.0503997802734375e-05
delete time:2.574920654296875e-05
delete time:3.170967102050781e-05
delete time:2.288818359375e-05
delete time:2.47955322265625e-05
delete time:2.3126602172851562e-05
delete time:2.6702880859375e-05
delete time:3.0279159545898438e-05
delete time:2.3603439331054688e-05
delete time:2.0742416381835938e-05
delete time:3.0279159545898438e-05
delete time:2.1457672119140625e-05
delete time:3.0040740966796875e-05
delete time:3.170967102050781e-05
delete time:2.2649765014648438e-05
delete time:3.075599670410156e-05
delete time:2.8848648071289062e-05
delete time:2.7418136596679688e-05
delete time:2.5510787963867188e-05
delete time:2.8371810913085938e-05
delete time:2.9087066650390625e-05
delete time:2.956390380859375e-05
delete time:2.7418136596679688e-05
delete time:2.9087066650390625e-05
delete time:3.337860107421875e-05
delete time:2.6941299438476562e-05
delete time:2.3365020751953125e-05
delete time:2.7894973754882812e-05
delete time:3.457069396972656e-05
delete time:3.4809112548828125e-05
delete time:2.8371810913085938e-05
delete time:3.0994415283203125e-05
delete time:3.1948089599609375e-05
delete time:2.7894973754882812e-05
delete time:2.7894973754882812e-05
delete time:2.6226043701171875e-05
delete time:3.6716461181640625e-05
delete time:3.0040740966796875e-05
delete time:3.0517578125e-05
delete time:3.147125244140625e-05
delete time:3.337860107421875e-05
delete time:3.314018249511719e-05
delete time:2.6226043701171875e-05
delete time:2.9325485229492188e-05
delete time:2.9325485229492188e-05
delete time:2.7894973754882812e-05
delete time:3.600120544433594e-05
delete time:3.1948089599609375e-05
delete time:2.8133392333984375e-05
delete time:3.528594970703125e-05
delete time:2.574920654296875e-05
delete time:2.5272369384765625e-05
delete time:3.170967102050781e-05
delete time:3.123283386230469e-05
delete time:2.5272369384765625e-05
delete time:4.3392181396484375e-05
delete time:2.6702880859375e-05
delete time:3.075599670410156e-05
delete time:3.0040740966796875e-05
delete time:2.4557113647460938e-05
delete time:3.0517578125e-05
delete time:3.600120544433594e-05
delete time:3.600120544433594e-05
delete time:3.814697265625e-05
delete time:2.6702880859375e-05
delete time:2.4557113647460938e-05
delete time:2.3126602172851562e-05
delete time:3.218650817871094e-05
delete time:2.9325485229492188e-05
delete time:2.6702880859375e-05
delete time:3.910064697265625e-05
delete time:2.9325485229492188e-05
delete time:3.075599670410156e-05
delete time:2.956390380859375e-05
delete time:3.0517578125e-05
delete time:2.384185791015625e-05
delete time:2.7418136596679688e-05
delete time:2.9325485229492188e-05
delete time:3.8623809814453125e-05
delete time:3.0040740966796875e-05
delete time:3.1948089599609375e-05
delete time:2.2649765014648438e-05
delete time:2.7418136596679688e-05
delete time:3.075599670410156e-05
delete time:2.7894973754882812e-05
delete time:2.384185791015625e-05
delete time:2.09808349609375e-05
delete time:2.7418136596679688e-05
delete time:2.5033950805664062e-05
delete time:2.8133392333984375e-05
delete time:2.8848648071289062e-05
delete time:2.09808349609375e-05
delete time:2.8848648071289062e-05
delete time:2.9802322387695312e-05
delete time:2.8848648071289062e-05
delete time:3.600120544433594e-05
delete time:2.2172927856445312e-05
delete time:2.6464462280273438e-05
delete time:2.765655517578125e-05
delete time:3.314018249511719e-05
delete time:2.5272369384765625e-05
delete time:2.6464462280273438e-05
delete time:3.266334533691406e-05
delete time:2.5987625122070312e-05
delete time:1.9788742065429688e-05
delete time:3.0040740966796875e-05
delete time:2.6941299438476562e-05
delete time:2.7179718017578125e-05
delete time:2.8848648071289062e-05
delete time:3.266334533691406e-05
delete time:2.7179718017578125e-05
delete time:3.123283386230469e-05
delete time:1.8835067749023438e-05
delete time:3.0279159545898438e-05
delete time:2.0742416381835938e-05
delete time:2.7418136596679688e-05
delete time:3.4332275390625e-05
delete time:2.5272369384765625e-05
delete time:3.0279159545898438e-05
delete time:2.765655517578125e-05
delete time:3.4332275390625e-05
delete time:2.7894973754882812e-05
delete time:3.62396240234375e-05
delete time:2.5987625122070312e-05
delete time:2.4557113647460938e-05
delete time:2.8133392333984375e-05
delete time:2.8371810913085938e-05
delete time:2.5033950805664062e-05
delete time:3.3855438232421875e-05
delete time:2.4080276489257812e-05
delete time:3.075599670410156e-05
delete time:3.266334533691406e-05
delete time:2.5987625122070312e-05
delete time:3.170967102050781e-05
delete time:2.5510787963867188e-05
delete time:2.9802322387695312e-05
delete time:2.5272369384765625e-05
delete time:2.5987625122070312e-05
delete time:2.8848648071289062e-05
delete time:2.3365020751953125e-05
delete time:3.0517578125e-05
delete time:2.86102294921875e-05
delete time:2.0503997802734375e-05
delete time:2.8848648071289062e-05
delete time:2.8133392333984375e-05
delete time:3.1948089599609375e-05
delete time:2.86102294921875e-05
delete time:3.2901763916015625e-05
delete time:2.7179718017578125e-05
delete time:3.528594970703125e-05
delete time:2.3603439331054688e-05
delete time:2.3603439331054688e-05
delete time:2.6702880859375e-05
delete time:2.2411346435546875e-05
delete time:1.8835067749023438e-05
delete time:2.3603439331054688e-05
delete time:2.7179718017578125e-05
delete time:1.6450881958007812e-05
delete time:3.409385681152344e-05
delete time:2.4557113647460938e-05
delete time:3.266334533691406e-05
delete time:2.7894973754882812e-05
delete time:3.218650817871094e-05
delete time:2.3126602172851562e-05
delete time:3.504753112792969e-05
delete time:2.3126602172851562e-05
delete time:2.9802322387695312e-05
delete time:2.4557113647460938e-05
delete time:2.8371810913085938e-05
delete time:2.6464462280273438e-05
delete time:3.62396240234375e-05
delete time:2.8133392333984375e-05
delete time:3.0517578125e-05
delete time:2.8371810913085938e-05
delete time:3.0517578125e-05
delete time:3.075599670410156e-05
delete time:2.8371810913085938e-05
delete time:2.8133392333984375e-05
delete time:2.6464462280273438e-05
delete time:3.361701965332031e-05
delete time:3.170967102050781e-05
delete time:2.1457672119140625e-05
delete time:2.6941299438476562e-05
delete time:2.193450927734375e-05
delete time:2.7418136596679688e-05
delete time:2.2411346435546875e-05
delete time:2.765655517578125e-05
delete time:2.7179718017578125e-05
delete time:2.4318695068359375e-05
delete time:2.4557113647460938e-05
delete time:2.288818359375e-05
delete time:3.123283386230469e-05
delete time:2.4318695068359375e-05
delete time:2.574920654296875e-05
delete time:3.0994415283203125e-05
delete time:3.504753112792969e-05
delete time:3.7670135498046875e-05
delete time:2.7418136596679688e-05
delete time:3.457069396972656e-05
delete time:2.0742416381835938e-05
delete time:2.3365020751953125e-05
delete time:3.790855407714844e-05
delete time:3.552436828613281e-05
delete time:3.1948089599609375e-05
delete time:2.9325485229492188e-05
delete time:3.266334533691406e-05
delete time:2.6226043701171875e-05
delete time:2.3603439331054688e-05
delete time:2.3365020751953125e-05
delete time:3.123283386230469e-05
delete time:3.123283386230469e-05
delete time:3.719329833984375e-05
delete time:2.5033950805664062e-05
delete time:3.2901763916015625e-05
delete time:2.4080276489257812e-05
delete time:3.170967102050781e-05
delete time:2.7418136596679688e-05
delete time:2.384185791015625e-05
delete time:2.574920654296875e-05
delete time:2.9087066650390625e-05
delete time:2.3603439331054688e-05
delete time:1.9073486328125e-05
delete time:2.4318695068359375e-05
delete time:2.5510787963867188e-05
delete time:2.3365020751953125e-05
delete time:3.0517578125e-05
delete time:3.0040740966796875e-05
delete time:2.9087066650390625e-05
delete time:2.8848648071289062e-05
delete time:2.384185791015625e-05
delete time:2.8371810913085938e-05
delete time:3.266334533691406e-05
delete time:2.4080276489257812e-05
delete time:2.574920654296875e-05
delete time:3.457069396972656e-05
delete time:3.2901763916015625e-05
delete time:2.3365020751953125e-05
delete time:2.7894973754882812e-05
delete time:2.002716064453125e-05
delete time:2.288818359375e-05
delete time:2.7894973754882812e-05
delete time:3.266334533691406e-05
delete time:2.9087066650390625e-05
delete time:3.7670135498046875e-05
delete time:2.765655517578125e-05
delete time:3.075599670410156e-05
delete time:2.8848648071289062e-05
delete time:2.3365020751953125e-05
delete time:2.6464462280273438e-05
delete time:3.4809112548828125e-05
delete time:2.7418136596679688e-05
delete time:3.1948089599609375e-05
delete time:2.6941299438476562e-05
delete time:2.384185791015625e-05
delete time:2.574920654296875e-05
delete time:2.6464462280273438e-05
delete time:3.170967102050781e-05
delete time:2.288818359375e-05
delete time:2.5510787963867188e-05
delete time:4.673004150390625e-05
delete time:2.86102294921875e-05
delete time:3.3855438232421875e-05
delete time:2.6464462280273438e-05
delete time:3.5762786865234375e-05
delete time:2.8848648071289062e-05
delete time:2.8848648071289062e-05
delete time:3.528594970703125e-05
delete time:2.9802322387695312e-05
delete time:2.7894973754882812e-05
delete time:2.8371810913085938e-05
delete time:2.2172927856445312e-05
delete time:2.9802322387695312e-05
delete time:2.9802322387695312e-05
delete time:2.86102294921875e-05
delete time:2.7179718017578125e-05
delete time:3.075599670410156e-05
delete time:2.574920654296875e-05
delete time:3.0040740966796875e-05
delete time:3.337860107421875e-05
delete time:3.409385681152344e-05
delete time:2.0742416381835938e-05
delete time:4.100799560546875e-05
delete time:2.956390380859375e-05
delete time:2.384185791015625e-05
delete time:3.075599670410156e-05
delete time:2.956390380859375e-05
delete time:3.123283386230469e-05
delete time:2.5987625122070312e-05
delete time:3.790855407714844e-05
delete time:2.1219253540039062e-05
delete time:2.6226043701171875e-05
delete time:2.3365020751953125e-05
delete time:2.8371810913085938e-05
delete time:2.193450927734375e-05
delete time:2.765655517578125e-05
delete time:3.647804260253906e-05
delete time:3.170967102050781e-05
delete time:2.5987625122070312e-05
delete time:2.288818359375e-05
delete time:3.218650817871094e-05
delete time:2.956390380859375e-05
delete time:2.2649765014648438e-05
delete time:2.7418136596679688e-05
delete time:2.9802322387695312e-05
delete time:2.9802322387695312e-05
delete time:2.7894973754882812e-05
delete time:2.0503997802734375e-05
delete time:2.6226043701171875e-05
delete time:2.4557113647460938e-05
delete time:2.8133392333984375e-05
delete time:2.86102294921875e-05
delete time:2.8133392333984375e-05
delete time:3.123283386230469e-05
delete time:3.1948089599609375e-05
delete time:2.4080276489257812e-05
delete time:2.5272369384765625e-05
delete time:2.765655517578125e-05
delete time:3.147125244140625e-05
delete time:2.5510787963867188e-05
delete time:2.3126602172851562e-05
delete time:2.86102294921875e-05
delete time:2.1219253540039062e-05
delete time:2.574920654296875e-05
delete time:2.8133392333984375e-05
delete time:2.8133392333984375e-05
delete time:3.266334533691406e-05
delete time:2.9325485229492188e-05
delete time:3.147125244140625e-05
delete time:2.8848648071289062e-05
delete time:2.9802322387695312e-05
delete time:2.5987625122070312e-05
delete time:3.266334533691406e-05
delete time:2.6702880859375e-05
delete time:2.956390380859375e-05
delete time:2.09808349609375e-05
delete time:3.266334533691406e-05
delete time:4.458427429199219e-05
delete time:2.765655517578125e-05
delete time:2.7894973754882812e-05
delete time:2.956390380859375e-05
delete time:2.5272369384765625e-05
delete time:1.8835067749023438e-05
delete time:2.7418136596679688e-05
delete time:2.765655517578125e-05
delete time:2.47955322265625e-05
delete time:2.8371810913085938e-05
delete time:3.600120544433594e-05
delete time:2.8848648071289062e-05
delete time:2.7894973754882812e-05
delete time:2.193450927734375e-05
delete time:2.6702880859375e-05
delete time:3.0517578125e-05
delete time:2.7894973754882812e-05
delete time:2.6941299438476562e-05
delete time:2.765655517578125e-05
delete time:2.86102294921875e-05
delete time:2.1457672119140625e-05
delete time:3.1948089599609375e-05
delete time:2.2172927856445312e-05
delete time:2.6941299438476562e-05
delete time:2.765655517578125e-05
delete time:2.4557113647460938e-05
delete time:2.9802322387695312e-05
delete time:3.2901763916015625e-05
delete time:3.3855438232421875e-05
delete time:2.384185791015625e-05
delete time:2.7894973754882812e-05
delete time:3.0994415283203125e-05
delete time:3.123283386230469e-05
delete time:2.5987625122070312e-05
delete time:2.2411346435546875e-05
delete time:2.86102294921875e-05
delete time:2.956390380859375e-05
delete time:2.574920654296875e-05
delete time:3.647804260253906e-05
delete time:2.9325485229492188e-05
delete time:2.6464462280273438e-05
delete time:3.4332275390625e-05
delete time:2.956390380859375e-05
delete time:2.9802322387695312e-05
delete time:2.193450927734375e-05
delete time:3.123283386230469e-05
delete time:3.409385681152344e-05
delete time:2.47955322265625e-05
delete time:2.765655517578125e-05
delete time:2.47955322265625e-05
delete time:2.6464462280273438e-05
delete time:2.9802322387695312e-05
delete time:2.7418136596679688e-05
delete time:2.09808349609375e-05
delete time:2.288818359375e-05
delete time:2.8133392333984375e-05
delete time:2.09808349609375e-05
delete time:2.4318695068359375e-05
delete time:2.5510787963867188e-05
delete time:2.3126602172851562e-05
delete time:4.124641418457031e-05
delete time:2.3603439331054688e-05
delete time:2.86102294921875e-05
delete time:2.7418136596679688e-05
delete time:2.4557113647460938e-05
delete time:2.3365020751953125e-05
delete time:2.6702880859375e-05
delete time:2.86102294921875e-05
delete time:2.6941299438476562e-05
delete time:2.5272369384765625e-05
delete time:3.218650817871094e-05
delete time:2.765655517578125e-05
delete time:2.7418136596679688e-05
delete time:2.5033950805664062e-05
delete time:2.8133392333984375e-05
delete time:2.3603439331054688e-05
delete time:3.314018249511719e-05
delete time:2.6464462280273438e-05
delete time:3.62396240234375e-05
delete time:3.0994415283203125e-05
delete time:3.5762786865234375e-05
delete time:3.981590270996094e-05
delete time:2.5033950805664062e-05
delete time:3.0994415283203125e-05
delete time:2.8371810913085938e-05
delete time:3.123283386230469e-05
delete time:3.6716461181640625e-05
delete time:2.5033950805664062e-05
delete time:2.8133392333984375e-05
delete time:2.288818359375e-05
delete time:2.7418136596679688e-05
delete time:3.600120544433594e-05
delete time:2.9087066650390625e-05
delete time:3.218650817871094e-05
delete time:1.9550323486328125e-05
delete time:2.6226043701171875e-05
delete time:3.0994415283203125e-05
delete time:1.7642974853515625e-05
delete time:2.47955322265625e-05
delete time:2.9802322387695312e-05
delete time:3.123283386230469e-05
delete time:2.384185791015625e-05
delete time:3.075599670410156e-05
delete time:2.5510787963867188e-05
delete time:2.6226043701171875e-05
delete time:2.8133392333984375e-05
delete time:2.8133392333984375e-05
delete time:2.4318695068359375e-05
delete time:2.765655517578125e-05
delete time:2.47955322265625e-05
delete time:1.7404556274414062e-05
delete time:1.8835067749023438e-05
delete time:2.288818359375e-05
delete time:3.600120544433594e-05
delete time:2.8133392333984375e-05
delete time:2.2649765014648438e-05
delete time:2.2649765014648438e-05
delete time:2.3365020751953125e-05
delete time:3.4809112548828125e-05
delete time:2.4318695068359375e-05
delete time:3.528594970703125e-05
delete time:2.956390380859375e-05
delete time:3.504753112792969e-05
delete time:3.0279159545898438e-05
delete time:2.956390380859375e-05
delete time:2.6702880859375e-05
delete time:2.4318695068359375e-05
delete time:3.0279159545898438e-05
delete time:2.8371810913085938e-05
delete time:2.7418136596679688e-05
delete time:3.409385681152344e-05
delete time:2.8133392333984375e-05
delete time:3.4332275390625e-05
delete time:2.9087066650390625e-05
delete time:2.6941299438476562e-05
delete time:2.4080276489257812e-05
delete time:2.765655517578125e-05
delete time:2.4080276489257812e-05
delete time:2.1457672119140625e-05
delete time:2.956390380859375e-05
delete time:2.765655517578125e-05
delete time:3.2901763916015625e-05
delete time:2.4557113647460938e-05
delete time:3.3855438232421875e-05
delete time:2.765655517578125e-05
delete time:2.6941299438476562e-05
delete time:2.8371810913085938e-05
delete time:2.5272369384765625e-05
delete time:2.7179718017578125e-05
delete time:2.4080276489257812e-05
delete time:2.3126602172851562e-05
delete time:2.3126602172851562e-05
delete time:2.2411346435546875e-05
delete time:2.4080276489257812e-05
delete time:2.5987625122070312e-05
delete time:3.123283386230469e-05
delete time:2.3126602172851562e-05
delete time:2.4557113647460938e-05
delete time:2.288818359375e-05
delete time:2.3603439331054688e-05
delete time:2.384185791015625e-05
delete time:3.147125244140625e-05
delete time:2.6464462280273438e-05
delete time:3.075599670410156e-05
delete time:4.100799560546875e-05
delete time:3.743171691894531e-05
delete time:3.075599670410156e-05
delete time:2.5033950805664062e-05
delete time:2.4557113647460938e-05
delete time:2.5272369384765625e-05
delete time:2.47955322265625e-05
delete time:3.600120544433594e-05
delete time:3.504753112792969e-05
delete time:2.47955322265625e-05
delete time:3.314018249511719e-05
delete time:2.86102294921875e-05
delete time:3.24249267578125e-05
delete time:3.170967102050781e-05
delete time:2.3126602172851562e-05
delete time:2.4557113647460938e-05
delete time:2.7179718017578125e-05
delete time:2.47955322265625e-05
delete time:2.6702880859375e-05
delete time:2.6464462280273438e-05
delete time:2.7179718017578125e-05
delete time:2.7418136596679688e-05
delete time:2.6226043701171875e-05
delete time:2.765655517578125e-05
delete time:3.4332275390625e-05
delete time:3.1948089599609375e-05
delete time:3.075599670410156e-05
delete time:2.8371810913085938e-05
delete time:3.218650817871094e-05
delete time:2.7894973754882812e-05
delete time:2.2411346435546875e-05
delete time:2.2649765014648438e-05
delete time:2.6702880859375e-05
delete time:3.24249267578125e-05
delete time:2.5510787963867188e-05
delete time:2.384185791015625e-05
delete time:2.7179718017578125e-05
delete time:2.8848648071289062e-05
delete time:3.1948089599609375e-05
delete time:2.765655517578125e-05
delete time:2.4557113647460938e-05
delete time:3.1948089599609375e-05
delete time:2.7894973754882812e-05
delete time:2.6702880859375e-05
delete time:3.0040740966796875e-05
delete time:4.00543212890625e-05
delete time:2.288818359375e-05
delete time:2.765655517578125e-05
delete time:2.4080276489257812e-05
delete time:3.886222839355469e-05
delete time:2.574920654296875e-05
delete time:3.4332275390625e-05
delete time:2.6941299438476562e-05
delete time:3.337860107421875e-05
delete time:2.4080276489257812e-05
delete time:2.7179718017578125e-05
delete time:2.2172927856445312e-05
delete time:2.9802322387695312e-05
delete time:2.5987625122070312e-05
delete time:2.3603439331054688e-05
delete time:2.384185791015625e-05
delete time:2.5510787963867188e-05
delete time:3.314018249511719e-05
delete time:3.1948089599609375e-05
delete time:2.8371810913085938e-05
delete time:3.24249267578125e-05
delete time:2.5510787963867188e-05
delete time:2.9087066650390625e-05
delete time:3.4809112548828125e-05
delete time:2.5987625122070312e-05
delete time:2.9087066650390625e-05
delete time:2.7894973754882812e-05
delete time:2.2649765014648438e-05
delete time:2.288818359375e-05
delete time:3.552436828613281e-05
delete time:2.6226043701171875e-05
delete time:3.0040740966796875e-05
delete time:3.147125244140625e-05
delete time:3.1948089599609375e-05
delete time:2.3603439331054688e-05
delete time:2.8848648071289062e-05
delete time:3.123283386230469e-05
delete time:2.7418136596679688e-05
delete time:3.266334533691406e-05
delete time:2.6702880859375e-05
delete time:2.2172927856445312e-05
delete time:2.9325485229492188e-05
delete time:2.5272369384765625e-05
delete time:2.8133392333984375e-05
delete time:3.457069396972656e-05
delete time:2.384185791015625e-05
delete time:2.2649765014648438e-05
delete time:2.1696090698242188e-05
delete time:2.9087066650390625e-05
delete time:2.1219253540039062e-05
delete time:2.288818359375e-05
delete time:2.5510787963867188e-05
delete time:3.600120544433594e-05
delete time:2.6702880859375e-05
delete time:2.3126602172851562e-05
delete time:2.5510787963867188e-05
delete time:2.8371810913085938e-05
delete time:2.288818359375e-05
delete time:2.384185791015625e-05
delete time:3.075599670410156e-05
delete time:3.075599670410156e-05
delete time:2.5272369384765625e-05
delete time:2.7418136596679688e-05
delete time:2.5033950805664062e-05
delete time:2.2411346435546875e-05
delete time:2.6702880859375e-05
delete time:2.6226043701171875e-05
delete time:3.0517578125e-05
delete time:2.9325485229492188e-05
delete time:2.0742416381835938e-05
delete time:2.0742416381835938e-05
delete time:2.47955322265625e-05
delete time:2.6702880859375e-05
delete time:2.765655517578125e-05
delete time:2.2649765014648438e-05
delete time:2.8371810913085938e-05
delete time:1.9073486328125e-05
delete time:3.170967102050781e-05
delete time:3.0040740966796875e-05
delete time:2.8848648071289062e-05
delete time:3.528594970703125e-05
delete time:3.075599670410156e-05
delete time:2.6226043701171875e-05
delete time:2.5987625122070312e-05
delete time:2.6702880859375e-05
delete time:3.218650817871094e-05
delete time:3.24249267578125e-05
delete time:2.8848648071289062e-05
delete time:2.86102294921875e-05
delete time:2.09808349609375e-05
delete time:2.765655517578125e-05
delete time:2.09808349609375e-05
delete time:3.075599670410156e-05
delete time:2.6702880859375e-05
delete time:2.956390380859375e-05
delete time:3.0517578125e-05
delete time:2.3603439331054688e-05
delete time:2.9087066650390625e-05
delete time:2.8371810913085938e-05
delete time:1.7642974853515625e-05
delete time:3.2901763916015625e-05
delete time:2.5987625122070312e-05
delete time:2.7418136596679688e-05
delete time:3.147125244140625e-05
delete time:3.4809112548828125e-05
delete time:3.361701965332031e-05
delete time:3.409385681152344e-05
delete time:3.0994415283203125e-05
delete time:2.47955322265625e-05
delete time:3.5762786865234375e-05
delete time:3.457069396972656e-05
delete time:2.1219253540039062e-05
delete time:3.361701965332031e-05
delete time:3.647804260253906e-05
delete time:3.457069396972656e-05
delete time:2.7179718017578125e-05
delete time:2.4557113647460938e-05
delete time:1.5974044799804688e-05
delete time:2.574920654296875e-05
delete time:3.552436828613281e-05
delete time:2.765655517578125e-05
delete time:2.3365020751953125e-05
delete time:2.6226043701171875e-05
delete time:3.147125244140625e-05
delete time:3.933906555175781e-05
delete time:2.5987625122070312e-05
delete time:3.0040740966796875e-05
delete time:2.7894973754882812e-05
delete time:2.6941299438476562e-05
delete time:2.8848648071289062e-05
delete time:3.147125244140625e-05
delete time:2.2172927856445312e-05
delete time:4.291534423828125e-05
delete time:3.0279159545898438e-05
delete time:3.9577484130859375e-05
delete time:2.8133392333984375e-05
delete time:3.3855438232421875e-05
delete time:2.4080276489257812e-05
delete time:2.4318695068359375e-05
delete time:4.172325134277344e-05
delete time:2.9087066650390625e-05
delete time:2.7418136596679688e-05
delete time:2.8371810913085938e-05
delete time:2.7418136596679688e-05
delete time:1.7642974853515625e-05
delete time:3.504753112792969e-05
delete time:3.4332275390625e-05
delete time:2.1457672119140625e-05
delete time:2.5987625122070312e-05
delete time:2.8848648071289062e-05
delete time:3.170967102050781e-05
delete time:3.1948089599609375e-05
delete time:2.3365020751953125e-05
delete time:2.86102294921875e-05
delete time:2.193450927734375e-05
delete time:3.0040740966796875e-05
delete time:2.765655517578125e-05
delete time:2.4080276489257812e-05
delete time:2.8133392333984375e-05
delete time:2.6941299438476562e-05
delete time:2.3603439331054688e-05
delete time:2.002716064453125e-05
delete time:2.9087066650390625e-05
delete time:2.5033950805664062e-05
delete time:3.8623809814453125e-05
delete time:2.4318695068359375e-05
delete time:2.47955322265625e-05
delete time:2.193450927734375e-05
delete time:2.4557113647460938e-05
delete time:3.0994415283203125e-05
delete time:2.6226043701171875e-05
delete time:3.4332275390625e-05
delete time:2.3126602172851562e-05
delete time:2.5272369384765625e-05
delete time:2.0503997802734375e-05
delete time:2.5987625122070312e-05
delete time:2.1696090698242188e-05
delete time:1.9311904907226562e-05
delete time:2.1696090698242188e-05
delete time:3.170967102050781e-05
delete time:2.288818359375e-05
delete time:2.384185791015625e-05
delete time:2.956390380859375e-05
delete time:2.4318695068359375e-05
delete time:3.981590270996094e-05
delete time:2.9087066650390625e-05
delete time:3.266334533691406e-05
delete time:2.5987625122070312e-05
delete time:3.457069396972656e-05
delete time:2.3126602172851562e-05
delete time:2.1219253540039062e-05
delete time:3.123283386230469e-05
delete time:2.1219253540039062e-05
delete time:2.5272369384765625e-05
delete time:2.5510787963867188e-05
delete time:2.8371810913085938e-05
delete time:2.193450927734375e-05
delete time:3.314018249511719e-05
delete time:3.075599670410156e-05
delete time:2.4080276489257812e-05
delete time:1.9073486328125e-05
delete time:2.6226043701171875e-05
delete time:2.8848648071289062e-05
delete time:3.0517578125e-05
delete time:2.3365020751953125e-05
delete time:2.574920654296875e-05
delete time:2.7179718017578125e-05
delete time:2.4557113647460938e-05
delete time:2.956390380859375e-05
delete time:2.5987625122070312e-05
delete time:2.288818359375e-05
delete time:2.6226043701171875e-05
delete time:3.4332275390625e-05
delete time:2.765655517578125e-05
delete time:2.9325485229492188e-05
delete time:2.9087066650390625e-05
delete time:2.9087066650390625e-05
delete time:3.600120544433594e-05
delete time:1.8596649169921875e-05
delete time:2.7894973754882812e-05
delete time:2.3365020751953125e-05
delete time:3.600120544433594e-05
delete time:2.956390380859375e-05
delete time:2.8133392333984375e-05
delete time:2.47955322265625e-05
delete time:3.0517578125e-05
delete time:2.86102294921875e-05
delete time:2.7179718017578125e-05
delete time:2.1696090698242188e-05
delete time:2.9802322387695312e-05
delete time:2.6702880859375e-05
delete time:3.147125244140625e-05
delete time:3.0040740966796875e-05
delete time:2.384185791015625e-05
delete time:3.0517578125e-05
delete time:1.9788742065429688e-05
delete time:2.4080276489257812e-05
delete time:2.384185791015625e-05
delete time:2.3603439331054688e-05
delete time:2.09808349609375e-05
delete time:2.574920654296875e-05
delete time:1.7881393432617188e-05
delete time:2.765655517578125e-05
delete time:2.8848648071289062e-05
delete time:2.8371810913085938e-05
delete time:2.47955322265625e-05
delete time:2.0503997802734375e-05
delete time:2.9802322387695312e-05
delete time:3.361701965332031e-05
delete time:3.719329833984375e-05
delete time:1.9550323486328125e-05
delete time:3.8623809814453125e-05
delete time:2.3365020751953125e-05
delete time:3.790855407714844e-05
delete time:2.4318695068359375e-05
delete time:2.86102294921875e-05
delete time:3.3855438232421875e-05
delete time:2.5987625122070312e-05
delete time:2.2172927856445312e-05
delete time:2.6702880859375e-05
delete time:1.8596649169921875e-05
delete time:2.4318695068359375e-05
delete time:1.9311904907226562e-05
delete time:2.9325485229492188e-05
delete time:2.4080276489257812e-05
delete time:2.956390380859375e-05
delete time:2.5987625122070312e-05
delete time:2.3603439331054688e-05
delete time:2.8848648071289062e-05
delete time:2.6226043701171875e-05
delete time:3.123283386230469e-05
delete time:2.3126602172851562e-05
delete time:2.0503997802734375e-05
delete time:2.6464462280273438e-05
delete time:3.0040740966796875e-05
delete time:2.8848648071289062e-05
delete time:3.170967102050781e-05
delete time:2.8848648071289062e-05
delete time:2.5510787963867188e-05
delete time:2.6464462280273438e-05
delete time:2.4557113647460938e-05
delete time:2.1457672119140625e-05
delete time:3.0040740966796875e-05
delete time:3.170967102050781e-05
delete time:2.1696090698242188e-05
delete time:3.0517578125e-05
delete time:2.288818359375e-05
delete time:4.100799560546875e-05
delete time:2.6226043701171875e-05
delete time:3.0040740966796875e-05
delete time:1.6450881958007812e-05
delete time:2.9325485229492188e-05
delete time:2.956390380859375e-05
delete time:2.47955322265625e-05
delete time:2.1219253540039062e-05
delete time:2.0265579223632812e-05
delete time:2.2649765014648438e-05
delete time:3.24249267578125e-05
delete time:2.956390380859375e-05
delete time:2.86102294921875e-05
delete time:3.075599670410156e-05
delete time:2.8371810913085938e-05
delete time:2.5510787963867188e-05
delete time:2.765655517578125e-05
delete time:2.09808349609375e-05
delete time:2.6941299438476562e-05
delete time:2.6941299438476562e-05
delete time:2.2649765014648438e-05
delete time:2.5033950805664062e-05
delete time:2.3126602172851562e-05
delete time:3.5762786865234375e-05
delete time:2.9087066650390625e-05
delete time:2.5033950805664062e-05
delete time:3.0279159545898438e-05
delete time:2.3365020751953125e-05
delete time:3.0517578125e-05
delete time:2.4318695068359375e-05
delete time:2.0265579223632812e-05
delete time:2.5987625122070312e-05
delete time:3.719329833984375e-05
delete time:2.5987625122070312e-05
delete time:2.4557113647460938e-05
delete time:2.384185791015625e-05
delete time:2.765655517578125e-05
delete time:2.1457672119140625e-05
delete time:3.504753112792969e-05
delete time:2.09808349609375e-05
delete time:3.1948089599609375e-05
delete time:3.123283386230469e-05
delete time:2.5272369384765625e-05
delete time:2.86102294921875e-05
delete time:2.1696090698242188e-05
delete time:2.7418136596679688e-05
delete time:2.6941299438476562e-05
delete time:2.288818359375e-05
delete time:2.4557113647460938e-05
delete time:3.147125244140625e-05
delete time:2.47955322265625e-05
delete time:1.9550323486328125e-05
delete time:2.8133392333984375e-05
delete time:2.2649765014648438e-05
delete time:2.86102294921875e-05
delete time:3.4332275390625e-05
delete time:2.288818359375e-05
delete time:2.7418136596679688e-05
delete time:2.384185791015625e-05
delete time:2.86102294921875e-05
delete time:2.8371810913085938e-05
delete time:2.1219253540039062e-05
delete time:3.0517578125e-05
delete time:3.123283386230469e-05
delete time:3.3855438232421875e-05
delete time:2.8848648071289062e-05
delete time:3.838539123535156e-05
delete time:3.3855438232421875e-05
delete time:2.8371810913085938e-05
delete time:2.6464462280273438e-05
delete time:2.86102294921875e-05
delete time:2.5272369384765625e-05
delete time:2.3603439331054688e-05
delete time:2.765655517578125e-05
delete time:2.9325485229492188e-05
delete time:2.8133392333984375e-05
delete time:2.193450927734375e-05
delete time:3.4332275390625e-05
delete time:1.7881393432617188e-05
delete time:2.574920654296875e-05
delete time:2.956390380859375e-05
delete time:3.123283386230469e-05
delete time:2.7418136596679688e-05
delete time:2.6941299438476562e-05
delete time:3.528594970703125e-05
delete time:2.9087066650390625e-05
delete time:3.647804260253906e-05
delete time:3.170967102050781e-05
delete time:3.0994415283203125e-05
delete time:3.743171691894531e-05
delete time:3.0040740966796875e-05
delete time:2.5033950805664062e-05
delete time:2.8848648071289062e-05
delete time:2.7418136596679688e-05
delete time:3.075599670410156e-05
delete time:2.2172927856445312e-05
delete time:3.170967102050781e-05
delete time:2.4080276489257812e-05
delete time:2.5272369384765625e-05
delete time:3.719329833984375e-05
delete time:2.8848648071289062e-05
delete time:2.956390380859375e-05
delete time:3.361701965332031e-05
delete time:2.47955322265625e-05
delete time:2.5510787963867188e-05
delete time:2.4080276489257812e-05
delete time:2.0503997802734375e-05
delete time:3.0994415283203125e-05
delete time:2.384185791015625e-05
delete time:2.4557113647460938e-05
delete time:2.6464462280273438e-05
delete time:3.0517578125e-05
delete time:2.0742416381835938e-05
delete time:3.361701965332031e-05
delete time:2.7179718017578125e-05
delete time:2.3365020751953125e-05
delete time:2.6226043701171875e-05
delete time:2.384185791015625e-05
delete time:2.6464462280273438e-05
delete time:2.3365020751953125e-05
delete time:1.9788742065429688e-05
delete time:2.3126602172851562e-05
delete time:2.765655517578125e-05
delete time:3.314018249511719e-05
delete time:2.288818359375e-05
delete time:2.6941299438476562e-05
delete time:2.0265579223632812e-05
delete time:3.600120544433594e-05
delete time:2.384185791015625e-05
delete time:2.86102294921875e-05
delete time:2.0265579223632812e-05
delete time:2.6702880859375e-05
delete time:2.7894973754882812e-05
delete time:3.0517578125e-05
delete time:3.409385681152344e-05
delete time:2.574920654296875e-05
delete time:3.409385681152344e-05
delete time:3.123283386230469e-05
delete time:2.2411346435546875e-05
delete time:2.288818359375e-05
delete time:2.765655517578125e-05
delete time:2.5272369384765625e-05
delete time:2.47955322265625e-05
delete time:2.288818359375e-05
delete time:2.4557113647460938e-05
delete time:2.574920654296875e-05
delete time:2.574920654296875e-05
delete time:2.1219253540039062e-05
delete time:2.7179718017578125e-05
delete time:3.266334533691406e-05
delete time:2.2649765014648438e-05
delete time:2.2649765014648438e-05
delete time:2.384185791015625e-05
delete time:2.6226043701171875e-05
delete time:2.0742416381835938e-05
delete time:2.9087066650390625e-05
delete time:2.6464462280273438e-05
delete time:3.147125244140625e-05
delete time:2.5272369384765625e-05
delete time:2.0742416381835938e-05
delete time:2.7418136596679688e-05
delete time:2.1696090698242188e-05
delete time:2.8848648071289062e-05
delete time:3.6716461181640625e-05
delete time:2.2411346435546875e-05
delete time:2.5272369384765625e-05
delete time:2.4080276489257812e-05
delete time:2.7418136596679688e-05
delete time:2.2172927856445312e-05
delete time:2.0742416381835938e-05
delete time:2.8848648071289062e-05
delete time:1.9788742065429688e-05
delete time:2.6464462280273438e-05
delete time:2.3126602172851562e-05
delete time:2.9325485229492188e-05
delete time:2.4318695068359375e-05
delete time:2.002716064453125e-05
delete time:2.5510787963867188e-05
delete time:2.5272369384765625e-05
delete time:3.647804260253906e-05
delete time:2.8848648071289062e-05
delete time:2.5510787963867188e-05
delete time:2.8133392333984375e-05
delete time:2.765655517578125e-05
delete time:3.4332275390625e-05
delete time:2.9802322387695312e-05
delete time:2.6226043701171875e-05
delete time:2.765655517578125e-05
delete time:2.4318695068359375e-05
delete time:3.0994415283203125e-05
delete time:3.218650817871094e-05
delete time:2.6702880859375e-05
delete time:2.7894973754882812e-05
delete time:2.8848648071289062e-05
delete time:2.6226043701171875e-05
delete time:2.47955322265625e-05
delete time:2.4318695068359375e-05
delete time:2.7179718017578125e-05
delete time:2.765655517578125e-05
delete time:2.7894973754882812e-05
delete time:2.2172927856445312e-05
delete time:3.170967102050781e-05
delete time:2.09808349609375e-05
delete time:2.574920654296875e-05
delete time:2.9802322387695312e-05
delete time:2.8848648071289062e-05
delete time:2.7418136596679688e-05
delete time:3.147125244140625e-05
delete time:3.123283386230469e-05
delete time:2.9802322387695312e-05
delete time:2.7894973754882812e-05
delete time:3.504753112792969e-05
delete time:2.4557113647460938e-05
delete time:2.574920654296875e-05
delete time:2.7418136596679688e-05
delete time:2.7894973754882812e-05
delete time:2.4080276489257812e-05
delete time:2.193450927734375e-05
delete time:2.47955322265625e-05
delete time:2.6941299438476562e-05
delete time:3.2901763916015625e-05
delete time:3.0279159545898438e-05
delete time:2.47955322265625e-05
delete time:2.574920654296875e-05
delete time:2.4080276489257812e-05
delete time:3.218650817871094e-05
delete time:2.765655517578125e-05
delete time:2.2172927856445312e-05
delete time:2.3126602172851562e-05
delete time:2.574920654296875e-05
delete time:3.170967102050781e-05
delete time:2.4080276489257812e-05
delete time:2.7894973754882812e-05
delete time:3.170967102050781e-05
delete time:2.4318695068359375e-05
delete time:2.2411346435546875e-05
delete time:2.3603439331054688e-05
delete time:1.7881393432617188e-05
delete time:2.5272369384765625e-05
delete time:2.193450927734375e-05
delete time:2.0742416381835938e-05
delete time:2.6464462280273438e-05
delete time:1.7642974853515625e-05
delete time:2.5272369384765625e-05
delete time:2.5987625122070312e-05
delete time:3.0040740966796875e-05
delete time:2.47955322265625e-05
delete time:2.47955322265625e-05
delete time:1.9311904907226562e-05
delete time:2.3126602172851562e-05
delete time:2.7418136596679688e-05
delete time:3.147125244140625e-05
delete time:2.4318695068359375e-05
delete time:2.574920654296875e-05
delete time:2.7894973754882812e-05
delete time:2.6941299438476562e-05
delete time:2.7894973754882812e-05
delete time:2.7894973754882812e-05
delete time:2.384185791015625e-05
delete time:2.1696090698242188e-05
delete time:3.266334533691406e-05
delete time:2.1457672119140625e-05
delete time:2.7418136596679688e-05
delete time:2.5033950805664062e-05
delete time:2.4080276489257812e-05
delete time:2.6464462280273438e-05
delete time:2.1457672119140625e-05
delete time:1.9788742065429688e-05
delete time:2.5272369384765625e-05
delete time:2.5987625122070312e-05
delete time:2.288818359375e-05
delete time:2.1457672119140625e-05
delete time:2.384185791015625e-05
delete time:1.9788742065429688e-05
delete time:2.1219253540039062e-05
delete time:2.8133392333984375e-05
delete time:2.7179718017578125e-05
delete time:2.0503997802734375e-05
delete time:2.3126602172851562e-05
delete time:2.5272369384765625e-05
delete time:2.765655517578125e-05
delete time:3.0517578125e-05
delete time:2.2649765014648438e-05
delete time:2.0742416381835938e-05
delete time:2.6941299438476562e-05
delete time:2.574920654296875e-05
delete time:2.5510787963867188e-05
delete time:2.3603439331054688e-05
delete time:2.0742416381835938e-05
delete time:2.4080276489257812e-05
delete time:2.4080276489257812e-05
delete time:2.8371810913085938e-05
delete time:1.9311904907226562e-05
delete time:2.5510787963867188e-05
delete time:2.5272369384765625e-05
delete time:2.6941299438476562e-05
delete time:2.6464462280273438e-05
delete time:3.0517578125e-05
delete time:1.6450881958007812e-05
delete time:2.7179718017578125e-05
delete time:2.0742416381835938e-05
delete time:1.8835067749023438e-05
delete time:2.7179718017578125e-05
delete time:2.86102294921875e-05
delete time:2.7418136596679688e-05
delete time:2.4318695068359375e-05
delete time:2.7179718017578125e-05
delete time:2.8371810913085938e-05
delete time:1.9073486328125e-05
delete time:2.3603439331054688e-05
delete time:2.5987625122070312e-05
delete time:3.0040740966796875e-05
delete time:2.0265579223632812e-05
delete time:1.9311904907226562e-05
delete time:2.765655517578125e-05
delete time:2.1457672119140625e-05
delete time:3.147125244140625e-05
delete time:2.4080276489257812e-05
delete time:2.7894973754882812e-05
delete time:2.6226043701171875e-05
delete time:2.7894973754882812e-05
delete time:2.4557113647460938e-05
delete time:3.1948089599609375e-05
delete time:2.2172927856445312e-05
delete time:2.8133392333984375e-05
delete time:2.5033950805664062e-05
delete time:2.2649765014648438e-05
delete time:3.7670135498046875e-05
delete time:1.9073486328125e-05
delete time:2.5987625122070312e-05
delete time:2.2649765014648438e-05
delete time:2.956390380859375e-05
delete time:2.0742416381835938e-05
delete time:2.956390380859375e-05
delete time:2.3603439331054688e-05
delete time:2.0742416381835938e-05
delete time:3.409385681152344e-05
delete time:2.2172927856445312e-05
delete time:3.361701965332031e-05
delete time:3.123283386230469e-05
delete time:2.5510787963867188e-05
delete time:2.288818359375e-05
delete time:2.574920654296875e-05
delete time:2.4080276489257812e-05
delete time:2.2649765014648438e-05
delete time:2.0265579223632812e-05
delete time:2.2649765014648438e-05
delete time:2.8371810913085938e-05
delete time:2.6464462280273438e-05
delete time:3.075599670410156e-05
delete time:1.9788742065429688e-05
delete time:2.2649765014648438e-05
delete time:2.3603439331054688e-05
delete time:2.4318695068359375e-05
delete time:3.218650817871094e-05
delete time:1.9311904907226562e-05
delete time:2.6226043701171875e-05
delete time:3.337860107421875e-05
delete time:3.314018249511719e-05
delete time:2.0503997802734375e-05
delete time:2.09808349609375e-05
delete time:2.8133392333984375e-05
delete time:2.193450927734375e-05
delete time:2.4080276489257812e-05
delete time:2.0265579223632812e-05
delete time:2.3603439331054688e-05
delete time:2.9802322387695312e-05
delete time:2.8133392333984375e-05
delete time:2.193450927734375e-05
delete time:3.123283386230469e-05
delete time:2.5510787963867188e-05
delete time:3.0279159545898438e-05
delete time:2.6941299438476562e-05
delete time:2.9087066650390625e-05
delete time:2.7179718017578125e-05
delete time:2.384185791015625e-05
delete time:2.6226043701171875e-05
delete time:2.86102294921875e-05
delete time:2.4318695068359375e-05
delete time:3.1948089599609375e-05
delete time:1.8596649169921875e-05
delete time:2.5033950805664062e-05
delete time:3.2901763916015625e-05
delete time:2.4557113647460938e-05
delete time:1.9550323486328125e-05
delete time:2.0742416381835938e-05
delete time:1.7404556274414062e-05
delete time:1.9788742065429688e-05
delete time:3.0040740966796875e-05
delete time:2.002716064453125e-05
delete time:2.4557113647460938e-05
delete time:2.4318695068359375e-05
delete time:1.9788742065429688e-05
delete time:2.6226043701171875e-05
delete time:2.2649765014648438e-05
delete time:2.5033950805664062e-05
delete time:2.765655517578125e-05
delete time:2.4557113647460938e-05
delete time:2.47955322265625e-05
delete time:2.5510787963867188e-05
delete time:2.7179718017578125e-05
delete time:2.2411346435546875e-05
delete time:3.266334533691406e-05
delete time:2.09808349609375e-05
delete time:2.0742416381835938e-05
delete time:2.5987625122070312e-05
delete time:2.4080276489257812e-05
delete time:2.4318695068359375e-05
delete time:3.0279159545898438e-05
delete time:2.8133392333984375e-05
delete time:2.3365020751953125e-05
delete time:2.9802322387695312e-05
delete time:2.2172927856445312e-05
delete time:3.2901763916015625e-05
delete time:2.6941299438476562e-05
delete time:3.552436828613281e-05
delete time:2.5510787963867188e-05
delete time:1.8835067749023438e-05
delete time:2.6226043701171875e-05
delete time:2.9087066650390625e-05
delete time:3.0040740966796875e-05
delete time:1.8835067749023438e-05
delete time:2.4080276489257812e-05
delete time:2.6226043701171875e-05
delete time:2.193450927734375e-05
delete time:2.47955322265625e-05
delete time:3.0517578125e-05
delete time:2.6464462280273438e-05
delete time:2.47955322265625e-05
delete time:2.2649765014648438e-05
delete time:3.886222839355469e-05
delete time:2.2172927856445312e-05
delete time:1.8835067749023438e-05
delete time:2.8848648071289062e-05
delete time:2.6702880859375e-05
delete time:2.2172927856445312e-05
delete time:2.5033950805664062e-05
delete time:2.47955322265625e-05
delete time:2.4080276489257812e-05
delete time:2.956390380859375e-05
delete time:3.409385681152344e-05
delete time:2.5033950805664062e-05
delete time:2.9802322387695312e-05
delete time:2.5510787963867188e-05
delete time:3.075599670410156e-05
delete time:2.3603439331054688e-05
delete time:2.8133392333984375e-05
delete time:3.0279159545898438e-05
delete time:2.6702880859375e-05
delete time:2.09808349609375e-05
delete time:2.8371810913085938e-05
delete time:2.6464462280273438e-05
delete time:2.4080276489257812e-05
delete time:2.3603439331054688e-05
delete time:2.574920654296875e-05
delete time:2.6464462280273438e-05
delete time:1.9073486328125e-05
delete time:1.9311904907226562e-05
delete time:2.6941299438476562e-05
delete time:2.4557113647460938e-05
delete time:2.3126602172851562e-05
delete time:2.3126602172851562e-05
delete time:2.4080276489257812e-05
delete time:1.9788742065429688e-05
delete time:3.361701965332031e-05
delete time:2.0503997802734375e-05
delete time:2.2649765014648438e-05
delete time:2.288818359375e-05
delete time:2.384185791015625e-05
delete time:2.0503997802734375e-05
delete time:2.0265579223632812e-05
delete time:2.1219253540039062e-05
delete time:1.6689300537109375e-05
delete time:2.288818359375e-05
delete time:2.288818359375e-05
delete time:2.09808349609375e-05
delete time:2.6702880859375e-05
delete time:2.8133392333984375e-05
delete time:3.075599670410156e-05
delete time:2.7894973754882812e-05
delete time:2.2411346435546875e-05
delete time:2.5272369384765625e-05
delete time:2.765655517578125e-05
delete time:2.6702880859375e-05
delete time:2.7894973754882812e-05
delete time:2.7179718017578125e-05
delete time:2.09808349609375e-05
delete time:3.24249267578125e-05
delete time:2.6702880859375e-05
delete time:2.2649765014648438e-05
delete time:2.193450927734375e-05
delete time:1.6927719116210938e-05
delete time:1.9788742065429688e-05
delete time:2.1457672119140625e-05
delete time:2.0503997802734375e-05
delete time:2.288818359375e-05
delete time:2.5510787963867188e-05
delete time:2.5033950805664062e-05
delete time:2.5272369384765625e-05
delete time:2.0742416381835938e-05
delete time:2.765655517578125e-05
delete time:2.2411346435546875e-05
delete time:2.956390380859375e-05
delete time:2.288818359375e-05
delete time:2.1457672119140625e-05
delete time:2.4318695068359375e-05
delete time:2.2172927856445312e-05
delete time:1.9788742065429688e-05
delete time:1.9311904907226562e-05
delete time:2.3365020751953125e-05
delete time:3.8623809814453125e-05
delete time:2.765655517578125e-05
delete time:2.0265579223632812e-05
delete time:2.9802322387695312e-05
delete time:2.193450927734375e-05
delete time:2.1457672119140625e-05
delete time:2.4318695068359375e-05
delete time:2.4318695068359375e-05
delete time:2.0503997802734375e-05
delete time:1.9073486328125e-05
delete time:2.2172927856445312e-05
delete time:2.4080276489257812e-05
delete time:3.0040740966796875e-05
delete time:2.5272369384765625e-05
delete time:2.5510787963867188e-05
delete time:1.8358230590820312e-05
delete time:2.193450927734375e-05
delete time:2.3126602172851562e-05
delete time:2.0265579223632812e-05
delete time:2.574920654296875e-05
delete time:2.193450927734375e-05
delete time:2.4557113647460938e-05
delete time:2.002716064453125e-05
delete time:2.5987625122070312e-05
delete time:2.5033950805664062e-05
delete time:2.2411346435546875e-05
delete time:2.288818359375e-05
delete time:2.3365020751953125e-05
delete time:1.8835067749023438e-05
delete time:2.5272369384765625e-05
delete time:2.384185791015625e-05
delete time:2.574920654296875e-05
delete time:2.288818359375e-05
delete time:2.0742416381835938e-05
delete time:2.0265579223632812e-05
delete time:2.3365020751953125e-05
delete time:2.4080276489257812e-05
delete time:3.0517578125e-05
delete time:2.6941299438476562e-05
delete time:2.288818359375e-05
delete time:2.2411346435546875e-05
delete time:4.076957702636719e-05
delete time:2.1457672119140625e-05
delete time:2.7179718017578125e-05
delete time:2.3126602172851562e-05
delete time:1.9788742065429688e-05
delete time:2.5510787963867188e-05
delete time:2.193450927734375e-05
delete time:2.9802322387695312e-05
delete time:2.0503997802734375e-05
delete time:1.7642974853515625e-05
delete time:2.1696090698242188e-05
delete time:2.6464462280273438e-05
delete time:3.0517578125e-05
delete time:2.2649765014648438e-05
delete time:2.2172927856445312e-05
delete time:3.24249267578125e-05
delete time:2.7179718017578125e-05
delete time:2.2172927856445312e-05
delete time:2.3126602172851562e-05
delete time:2.3365020751953125e-05
delete time:2.6226043701171875e-05
delete time:2.3365020751953125e-05
delete time:2.384185791015625e-05
delete time:1.9311904907226562e-05
delete time:2.4557113647460938e-05
delete time:2.6702880859375e-05
delete time:2.0503997802734375e-05
delete time:3.0517578125e-05
delete time:2.8133392333984375e-05
delete time:3.2901763916015625e-05
delete time:2.6226043701171875e-05
delete time:2.2172927856445312e-05
delete time:1.811981201171875e-05
delete time:2.47955322265625e-05
delete time:2.5272369384765625e-05
delete time:1.9550323486328125e-05
delete time:2.193450927734375e-05
delete time:2.2411346435546875e-05
delete time:1.8835067749023438e-05
delete time:1.8835067749023438e-05
delete time:2.002716064453125e-05
delete time:1.7404556274414062e-05
delete time:3.1948089599609375e-05
delete time:1.7642974853515625e-05
delete time:2.5987625122070312e-05
delete time:2.574920654296875e-05
delete time:2.7894973754882812e-05
delete time:2.6464462280273438e-05
delete time:2.3603439331054688e-05
delete time:2.86102294921875e-05
delete time:2.0742416381835938e-05
delete time:1.8835067749023438e-05
delete time:2.0265579223632812e-05
delete time:2.0742416381835938e-05
delete time:1.7642974853515625e-05
delete time:2.1457672119140625e-05
delete time:2.288818359375e-05
delete time:1.6689300537109375e-05
delete time:2.6226043701171875e-05
delete time:2.6226043701171875e-05
delete time:2.6941299438476562e-05
delete time:2.1457672119140625e-05
delete time:2.6464462280273438e-05
delete time:1.9311904907226562e-05
delete time:3.5762786865234375e-05
delete time:2.8133392333984375e-05
delete time:2.4080276489257812e-05
delete time:2.47955322265625e-05
delete time:2.1696090698242188e-05
delete time:2.0503997802734375e-05
delete time:2.4080276489257812e-05
delete time:2.47955322265625e-05
delete time:2.384185791015625e-05
delete time:1.9311904907226562e-05
delete time:2.47955322265625e-05
delete time:2.193450927734375e-05
delete time:3.457069396972656e-05
delete time:2.6941299438476562e-05
delete time:2.4557113647460938e-05
delete time:2.8371810913085938e-05
delete time:1.9073486328125e-05
delete time:2.1219253540039062e-05
delete time:2.5272369384765625e-05
delete time:2.3365020751953125e-05
delete time:2.0742416381835938e-05
delete time:1.9311904907226562e-05
delete time:2.0503997802734375e-05
delete time:2.09808349609375e-05
delete time:2.47955322265625e-05
delete time:1.9788742065429688e-05
delete time:2.3603439331054688e-05
delete time:2.288818359375e-05
delete time:2.288818359375e-05
delete time:1.7881393432617188e-05
delete time:2.09808349609375e-05
delete time:1.8596649169921875e-05
delete time:2.0265579223632812e-05
delete time:2.384185791015625e-05
delete time:1.9311904907226562e-05
delete time:2.384185791015625e-05
delete time:2.3365020751953125e-05
delete time:3.0517578125e-05
delete time:1.9788742065429688e-05
delete time:2.0503997802734375e-05
delete time:2.0742416381835938e-05
delete time:2.0265579223632812e-05
delete time:1.9550323486328125e-05
delete time:2.4080276489257812e-05
delete time:2.0742416381835938e-05
delete time:2.3365020751953125e-05
delete time:2.47955322265625e-05
delete time:2.193450927734375e-05
delete time:2.0503997802734375e-05
delete time:2.5987625122070312e-05
delete time:1.6450881958007812e-05
delete time:2.0503997802734375e-05
delete time:1.9550323486328125e-05
delete time:2.1696090698242188e-05
delete time:3.0040740966796875e-05
delete time:2.0265579223632812e-05
delete time:3.0040740966796875e-05
delete time:1.9311904907226562e-05
delete time:1.5735626220703125e-05
delete time:1.5497207641601562e-05
delete time:2.574920654296875e-05
delete time:2.4557113647460938e-05
delete time:2.3126602172851562e-05
delete time:1.33514404296875e-05
delete time:1.8358230590820312e-05
delete time:2.0742416381835938e-05
delete time:2.09808349609375e-05
delete time:2.0742416381835938e-05
delete time:1.9788742065429688e-05
delete time:1.5735626220703125e-05
delete time:2.0742416381835938e-05
delete time:2.5033950805664062e-05
delete time:2.7418136596679688e-05
delete time:2.384185791015625e-05
delete time:2.3365020751953125e-05
delete time:2.09808349609375e-05
delete time:1.811981201171875e-05
delete time:1.9073486328125e-05
delete time:2.1219253540039062e-05
delete time:2.4318695068359375e-05
delete time:2.193450927734375e-05
delete time:2.3365020751953125e-05
delete time:1.9550323486328125e-05
delete time:2.3365020751953125e-05
delete time:2.6464462280273438e-05
delete time:2.1457672119140625e-05
delete time:1.9788742065429688e-05
delete time:2.5510787963867188e-05
delete time:3.218650817871094e-05
delete time:2.3365020751953125e-05
delete time:1.8358230590820312e-05
delete time:1.9311904907226562e-05
delete time:2.574920654296875e-05
delete time:1.7642974853515625e-05
delete time:2.1219253540039062e-05
delete time:2.6226043701171875e-05
delete time:2.1457672119140625e-05
delete time:1.9073486328125e-05
delete time:1.7881393432617188e-05
delete time:1.9788742065429688e-05
delete time:1.7404556274414062e-05
delete time:2.193450927734375e-05
delete time:1.7642974853515625e-05
delete time:1.33514404296875e-05
delete time:2.4318695068359375e-05
delete time:1.6689300537109375e-05
delete time:2.4318695068359375e-05
delete time:2.2172927856445312e-05
delete time:1.9311904907226562e-05
delete time:2.1457672119140625e-05
delete time:1.9788742065429688e-05
delete time:2.0742416381835938e-05
delete time:2.4080276489257812e-05
delete time:1.621246337890625e-05
delete time:2.002716064453125e-05
delete time:1.5974044799804688e-05
delete time:2.9802322387695312e-05
delete time:1.9311904907226562e-05
delete time:1.6927719116210938e-05
delete time:1.6450881958007812e-05
delete time:2.0742416381835938e-05
delete time:2.0503997802734375e-05
delete time:2.0265579223632812e-05
delete time:1.6927719116210938e-05
delete time:2.5272369384765625e-05
delete time:1.5735626220703125e-05
delete time:2.288818359375e-05
delete time:1.9550323486328125e-05
delete time:2.3365020751953125e-05
delete time:1.4543533325195312e-05
delete time:1.7404556274414062e-05
delete time:2.8371810913085938e-05
delete time:2.193450927734375e-05
delete time:1.6450881958007812e-05
delete time:1.71661376953125e-05
delete time:2.0742416381835938e-05
delete time:2.09808349609375e-05
delete time:1.52587890625e-05
delete time:2.5510787963867188e-05
delete time:1.8358230590820312e-05
delete time:1.8596649169921875e-05
delete time:1.8596649169921875e-05
delete time:1.9550323486328125e-05
delete time:1.52587890625e-05
delete time:1.6450881958007812e-05
delete time:1.6450881958007812e-05
delete time:1.9550323486328125e-05
delete time:1.5497207641601562e-05
delete time:2.4557113647460938e-05
delete time:2.2649765014648438e-05
delete time:1.9311904907226562e-05
delete time:1.4543533325195312e-05
delete time:1.33514404296875e-05
delete time:2.3603439331054688e-05
delete time:1.52587890625e-05
delete time:1.2874603271484375e-05
delete time:1.1920928955078125e-05
delete time:1.71661376953125e-05
delete time:1.7881393432617188e-05
delete time:1.8835067749023438e-05
delete time:1.7404556274414062e-05
delete time:1.8596649169921875e-05
delete time:1.3828277587890625e-05
delete time:1.811981201171875e-05
delete time:1.430511474609375e-05
delete time:1.5497207641601562e-05
delete time:1.621246337890625e-05
delete time:1.6689300537109375e-05
delete time:2.09808349609375e-05
delete time:1.9073486328125e-05
delete time:1.7881393432617188e-05
delete time:2.1457672119140625e-05
delete time:2.002716064453125e-05
delete time:1.5497207641601562e-05
delete time:1.9311904907226562e-05
delete time:1.8596649169921875e-05
delete time:1.8596649169921875e-05
delete time:2.1696090698242188e-05
delete time:2.5987625122070312e-05
delete time:2.002716064453125e-05
delete time:1.8358230590820312e-05
delete time:1.5020370483398438e-05
delete time:1.6450881958007812e-05
delete time:1.6689300537109375e-05
delete time:2.2649765014648438e-05
delete time:2.0742416381835938e-05
delete time:1.5735626220703125e-05
delete time:1.7642974853515625e-05
delete time:2.9325485229492188e-05
delete time:1.4781951904296875e-05
delete time:1.6927719116210938e-05
delete time:2.3603439331054688e-05
delete time:1.8358230590820312e-05
delete time:1.621246337890625e-05
delete time:1.811981201171875e-05
delete time:1.6689300537109375e-05
delete time:2.2172927856445312e-05
delete time:1.5974044799804688e-05
delete time:1.6927719116210938e-05
delete time:2.09808349609375e-05
delete time:1.430511474609375e-05
delete time:2.6464462280273438e-05
delete time:2.384185791015625e-05
delete time:1.8596649169921875e-05
delete time:2.1696090698242188e-05
delete time:2.0265579223632812e-05
delete time:1.9788742065429688e-05
delete time:1.9311904907226562e-05
delete time:1.621246337890625e-05
delete time:1.2636184692382812e-05
delete time:2.0503997802734375e-05
delete time:2.0742416381835938e-05
delete time:1.3828277587890625e-05
delete time:1.621246337890625e-05
delete time:1.8358230590820312e-05
delete time:1.7404556274414062e-05
delete time:1.9550323486328125e-05
delete time:1.5735626220703125e-05
delete time:1.7404556274414062e-05
delete time:1.430511474609375e-05
delete time:1.5020370483398438e-05
delete time:1.2636184692382812e-05
delete time:1.6689300537109375e-05
delete time:1.239776611328125e-05
delete time:1.239776611328125e-05
delete time:1.7404556274414062e-05
delete time:1.239776611328125e-05
delete time:1.811981201171875e-05
delete time:1.5497207641601562e-05
delete time:1.1205673217773438e-05
delete time:1.4543533325195312e-05
delete time:1.239776611328125e-05
delete time:1.1920928955078125e-05
[0;31m---------------------------------------------------------------------------[0m
[0;31mIndexError[0m                                Traceback (most recent call last)
[0;32m~/xhan/project/paper/streamHC/code/StreamHC/Code/test/testINode.py[0m in [0;36m<module>[0;34m[0m
[1;32m    208[0m     [0;32mfor[0m [0mi[0m [0;32min[0m [0mrange[0m[0;34m([0m[0mshuffle_times[0m[0;34m)[0m[0;34m:[0m[0;34m[0m[0;34m[0m[0m
[1;32m    209[0m         [0mnp[0m[0;34m.[0m[0mrandom[0m[0;34m.[0m[0mshuffle[0m[0;34m([0m[0mdataset[0m[0;34m)[0m[0;34m[0m[0;34m[0m[0m
[0;32m--> 210[0;31m         grid_search_inode(dataset=dataset, n=n, t=t, psi=psi, rates=rates,
[0m[1;32m    211[0m                           file_name=file_name, exp_dir_base=exp_dir_base_inode, shuffle_index=i)

[0;32m~/xhan/project/paper/streamHC/code/StreamHC/Code/test/testINode.py[0m in [0;36mgrid_search_inode[0;34m(dataset, psi, t, n, rates, file_name, exp_dir_base, shuffle_index)[0m
[1;32m    136[0m             [0mdata[0m [0;34m=[0m [0mdeepcopy[0m[0;34m([0m[0mdataset[0m[0;34m)[0m[0;34m[0m[0;34m[0m[0m
[1;32m    137[0m             [0msts[0m [0;34m=[0m [0mtime[0m[0;34m.[0m[0mtime[0m[0;34m([0m[0;34m)[0m[0;34m[0m[0;34m[0m[0m
[0;32m--> 138[0;31m             root,runTime = create_i_tree(
[0m[1;32m    139[0m                 data, n, ps, t, rate=rt)
[1;32m    140[0m             [0;32mwith[0m [0mopen[0m[0;34m([0m[0;34m"InodeTime.tsv"[0m[0;34m,[0m[0;34m"a"[0m[0;34m)[0m [0;32mas[0m [0mf[0m[0;34m:[0m[0;34m[0m[0;34m[0m[0m

[0;32m~/xhan/project/paper/streamHC/code/StreamHC/Code/test/testINode.py[0m in [0;36mcreate_i_tree[0;34m(dataset, n, psi, t, rate)[0m
[1;32m     78[0m         [0;31m#     oneHot, subIndexSet, _= aNNE_similarity(x, psi, t)[0m[0;34m[0m[0;34m[0m[0;34m[0m[0m
[1;32m     79[0m [0;34m[0m[0m
[0;32m---> 80[0;31m         root = root.insert(pt, delete_node=True,
[0m[1;32m     81[0m                            L=5000, t=300, rate=rate)
[1;32m     82[0m         [0;31m# if i % 10 == 0:[0m[0;34m[0m[0;34m[0m[0;34m[0m[0m

[0;32m~/xhan/project/paper/streamHC/code/StreamHC/Code/models/INode.py[0m in [0;36minsert[0;34m(self, pt, delete_node, L, t, rate)[0m
[1;32m    151[0m             [0;31m#print(self.point_counter)[0m[0;34m[0m[0;34m[0m[0;34m[0m[0m
[1;32m    152[0m             [0mdelti[0m [0;34m=[0m [0mtime[0m[0;34m.[0m[0mtime[0m[0;34m([0m[0;34m)[0m[0;34m[0m[0;34m[0m[0m
[0;32m--> 153[0;31m             [0mself[0m [0;34m=[0m [0mself[0m[0;34m.[0m[0mdelete[0m[0;34m([0m[0;34m)[0m[0;34m[0m[0;34m[0m[0m
[0m[1;32m    154[0m             [0mdeled[0m [0;34m=[0m [0mtime[0m[0;34m.[0m[0mtime[0m[0;34m([0m[0;34m)[0m[0;34m[0m[0;34m[0m[0m
[1;32m    155[0m             [0mprint[0m[0;34m([0m[0;34m"delete time:%s"[0m[0;34m%[0m[0;34m([0m[0mdeled[0m[0;34m-[0m[0mdelti[0m[0;34m)[0m[0;34m)[0m[0;34m[0m[0;34m[0m[0m

[0;32m~/xhan/project/paper/streamHC/code/StreamHC/Code/models/INode.py[0m in [0;36mdelete[0;34m(self)[0m
[1;32m    202[0m         [0;32mwhile[0m [0;32mnot[0m [0mcurr_node[0m[0;34m.[0m[0mis_leaf[0m[0;34m([0m[0;34m)[0m[0;34m:[0m[0;34m[0m[0;34m[0m[0m
[1;32m    203[0m         [0;31m#    i = i+1[0m[0;34m[0m[0;34m[0m[0;34m[0m[0m
[0;32m--> 204[0;31m             [0mcurr_node[0m[0;34m.[0m[0mpts[0m[0;34m.[0m[0mpop[0m[0;34m([0m[0;36m0[0m[0;34m)[0m[0;34m[0m[0;34m[0m[0m
[0m[1;32m    205[0m             [0;31m#curr_node.point_counter -= 1[0m[0;34m[0m[0;34m[0m[0;34m[0m[0m
[1;32m    206[0m             [0;32mif[0m [0mcurr_node[0m[0;34m.[0m[0mchildren[0m[0;34m[[0m[0;36m0[0m[0;34m][0m[0;34m.[0m[0mpts[0m[0;34m[[0m[0;36m0[0m[0;34m][0m[0;34m[[0m[0;36m2[0m[0;34m][0m [0;34m==[0m [0mp_id[0m[0;34m:[0m[0;34m[0m[0;34m[0m[0m

[0;31mIndexError[0m: pop from empty list
